09-22 22:06:03.452 28913  8916 W WiVRn   : [2026-09-22 22:06:03.452] [WiVRn] [warning] NX safety: synthetic detail loss enabled, 30 of every 180 source frames
09-22 22:06:03.452 28913  8916 I WiVRn   : [2026-09-22 22:06:03.452] [WiVRn] [info] nxwarp[0]: LZ4 envelope true
09-22 22:06:03.527 28913  8874 I WiVRn   : [2026-09-22 22:06:03.527] [WiVRn] [info] NX safety: fallback at source 22977619791042 frame 84 after 0.000 ms primary hold
09-22 22:06:03.557 28913  8874 I WiVRn   : [2026-09-22 22:06:03.557] [WiVRn] [info] NX safety: detail at source 22977697568819 frame 91 after 0.000 ms primary hold
09-22 22:06:03.669 28913  8874 I WiVRn   : [2026-09-22 22:06:03.669] [WiVRn] [info] render: 11 iterations in 2.0 s (5.5/s), 11 submitted a layer, 10 new-source, 0 skipped by the repeat gate, 0 with nothing to show; display period 17.2 ms
09-22 22:06:03.669 28913  8874 I WiVRn   : [2026-09-22 22:06:03.669] [WiVRn] [info] render: ready wait attempts 0 success 0 total 0.000 ms | selected older than available 0
09-22 22:06:03.669 28913  8874 I WiVRn   : [2026-09-22 22:06:03.669] [WiVRn] [info] render: selected source transitions forward 9 backward 0 repeat 1, greatest forward gap 7
09-22 22:06:03.669 28913  8874 I WiVRn   : [2026-09-22 22:06:03.669] [WiVRn] [info] render: this app's own GPU pass 2.8 ms per iteration
09-22 22:06:03.669 28913  8874 I WiVRn   : [2026-09-22 22:06:03.669] [WiVRn] [info] render: defoveate 2160x2160 per eye x2 = 9.33 Mpx/frame at scale 1.00 atlas-prototype 0; 1 re-presented from the cache (reduce_gpu_load on)
09-22 22:06:03.669 28913  8874 I WiVRn   : [2026-09-22 22:06:03.669] [WiVRn] [info] render: shader path sharpness 0.00 fsr false alpha false motion false blend true glow 0.00 vignette 0.00 deband 0.00 lowpoly 0.00 levels 0 full-kernel false
09-22 22:06:03.669 28913  8874 I WiVRn   : [2026-09-22 22:06:03.669] [WiVRn] [info] render: 10 GPU submissions, 1 cached refreshes without GPU submission
09-22 22:06:03.669 28913  8874 I WiVRn   : [2026-09-22 22:06:03.669] [WiVRn] [info] render: per iteration fence 0.0 (worst 0.0) | queries 0.0 | submit 0.0 | whole render() 3.8 ms
09-22 22:06:03.669 28913  8874 I WiVRn   : [2026-09-22 22:06:03.669] [WiVRn] [info] render: source-clock pose shifts 0
09-22 22:06:03.669 28913  8874 I WiVRn   : [2026-09-22 22:06:03.669] [WiVRn] [info] render: motion fields matched 0 active 0 pose-applied 0 pose-missing 0 pose-unsafe 0 mean active step 0.000
09-22 22:06:03.669 28913  8874 I WiVRn   : [2026-09-22 22:06:03.669] [WiVRn] [info] render: selection-to-defoveate CPU 0.338 ms mean (max 2.908) over 10 actual defoveate calls; not GPU/photon latency
09-22 22:06:03.669 28913  8874 I WiVRn   : [2026-09-22 22:06:03.669] [WiVRn] [info] render: jit on | wake slack 40.1 ms | slept 0.0 ms mean (max 0.0, 0 of 11 iterations) | budget 35.1 = pass 34.1 + margin 1.0 | sleep cap 45.0 ms
09-22 22:06:03.669 28913  8874 I WiVRn   : [2026-09-22 22:06:03.669] [WiVRn] [info] render: source display-time offset 51.1 ms mean (worst 110.9) over 11 frames | submit lead 36.4 ms mean (worst -5.8) | misses: 0 overrun 0 late 0 skipped refresh
09-22 22:06:03.669 28913  8874 I WiVRn   : [2026-09-22 22:06:03.669] [WiVRn] [info] render: source->first -3.3 ms | wire 0.9 | queue 0.3 | decode 0.1 | decode->selection 13.1 | selection->predicted 40.1 | sum 51.1 over 11 selected frames (0 invalid)
09-22 22:06:04.426 28913  8916 I WiVRn   : [2026-09-22 22:06:04.426] [WiVRn] [info] nxwarp[0] net: 88 frames closed in 2.0 s, 8 with a hole, 0 out-of-order datagrams, 0 frames completed late, 0 queued for the worker, 82 decoded so far, 104 stragglers dropped; last hole 12/12 chunks, first missing -1, short false, chunk 1166 B; worker phase idle
09-22 22:06:04.426 28913  8916 I WiVRn   : [2026-09-22 22:06:04.426] [WiVRn] [info] nxwarp[0] net: 0.010 ms per datagram over 6353 datagrams (32.97 ms of every second)
09-22 22:06:05.679 28913  8874 I WiVRn   : [2026-09-22 22:06:05.679] [WiVRn] [info] render: 176 iterations in 2.0 s (87.6/s), 176 submitted a layer, 142 new-source, 0 skipped by the repeat gate, 0 with nothing to show; display period 11.4 ms
09-22 22:06:05.679 28913  8874 I WiVRn   : [2026-09-22 22:06:05.679] [WiVRn] [info] render: ready wait attempts 0 success 0 total 0.000 ms | selected older than available 0
09-22 22:06:05.679 28913  8874 I WiVRn   : [2026-09-22 22:06:05.679] [WiVRn] [info] render: selected source transitions forward 142 backward 0 repeat 34, greatest forward gap 31
09-22 22:06:05.679 28913  8874 I WiVRn   : [2026-09-22 22:06:05.679] [WiVRn] [info] render: this app's own GPU pass 2.5 ms per iteration
09-22 22:06:05.679 28913  8874 I WiVRn   : [2026-09-22 22:06:05.679] [WiVRn] [info] render: defoveate 2160x2160 per eye x2 = 9.33 Mpx/frame at scale 1.00 atlas-prototype 0; 29 re-presented from the cache (reduce_gpu_load on)
09-22 22:06:05.679 28913  8874 I WiVRn   : [2026-09-22 22:06:05.679] [WiVRn] [info] render: shader path sharpness 0.00 fsr false alpha false motion false blend true glow 0.00 vignette 0.00 deband 0.00 lowpoly 0.00 levels 0 full-kernel false
09-22 22:06:05.679 28913  8874 I WiVRn   : [2026-09-22 22:06:05.679] [WiVRn] [info] render: 147 GPU submissions, 29 cached refreshes without GPU submission
09-22 22:06:05.679 28913  8874 I WiVRn   : [2026-09-22 22:06:05.679] [WiVRn] [info] render: per iteration fence 0.0 (worst 1.9) | queries 0.0 | submit 0.0 | whole render() 0.6 ms
09-22 22:06:05.679 28913  8874 I WiVRn   : [2026-09-22 22:06:05.679] [WiVRn] [info] render: source-clock pose shifts 0
09-22 22:06:05.679 28913  8874 I WiVRn   : [2026-09-22 22:06:05.679] [WiVRn] [info] render: motion fields matched 0 active 0 pose-applied 0 pose-missing 0 pose-unsafe 0 mean active step 0.000
09-22 22:06:05.679 28913  8874 I WiVRn   : [2026-09-22 22:06:05.679] [WiVRn] [info] render: selection-to-defoveate CPU 0.063 ms mean (max 0.121) over 147 actual defoveate calls; not GPU/photon latency
09-22 22:06:05.679 28913  8874 I WiVRn   : [2026-09-22 22:06:05.679] [WiVRn] [info] render: jit on | wake slack 32.6 ms | slept 1.4 ms mean (max 17.9, 96 of 176 iterations) | budget 22.5 = pass 21.5 + margin 1.0 | sleep cap 0.5 ms
09-22 22:06:05.679 28913  8874 I WiVRn   : [2026-09-22 22:06:05.679] [WiVRn] [info] render: source display-time offset 42.7 ms mean (worst 345.6) over 176 frames | submit lead 30.6 ms mean (worst 23.4) | misses: 0 overrun 0 late 4 skipped refresh
09-22 22:06:05.679 28913  8874 I WiVRn   : [2026-09-22 22:06:05.679] [WiVRn] [info] render: source->first -25.6 ms | wire 1.3 | queue 0.3 | decode 0.1 | decode->selection 35.4 | selection->predicted 31.2 | sum 42.7 over 176 selected frames (0 invalid)
09-22 22:06:05.841 28913  8922 I WiVRn   : [2026-09-22 22:06:05.841] [WiVRn] [info] nxwarp[0]: LZ4 180 compressed / 0 raw units, 12343191 wire / 21002040 unpacked bytes, 15.321 ms total decompression
09-22 22:06:06.426 28913  8916 I WiVRn   : [2026-09-22 22:06:06.426] [WiVRn] [info] nxwarp[0] net: 180 frames closed in 2.0 s, 30 with a hole, 0 out-of-order datagrams, 0 frames completed late, 0 queued for the worker, 232 decoded so far, 321 stragglers dropped; last hole 12/12 chunks, first missing -1, short false, chunk 1166 B; worker phase idle
09-22 22:06:06.426 28913  8916 I WiVRn   : [2026-09-22 22:06:06.426] [WiVRn] [info] nxwarp[0] net: 0.012 ms per datagram over 12438 datagrams (71.60 ms of every second)
09-22 22:06:07.694 28913  8874 I WiVRn   : [2026-09-22 22:06:07.694] [WiVRn] [info] render: 180 iterations in 2.0 s (89.3/s), 180 submitted a layer, 147 new-source, 0 skipped by the repeat gate, 0 with nothing to show; display period 11.1 ms
09-22 22:06:07.694 28913  8874 I WiVRn   : [2026-09-22 22:06:07.694] [WiVRn] [info] render: ready wait attempts 0 success 0 total 0.000 ms | selected older than available 0
09-22 22:06:07.694 28913  8874 I WiVRn   : [2026-09-22 22:06:07.694] [WiVRn] [info] render: selected source transitions forward 147 backward 0 repeat 33, greatest forward gap 31
09-22 22:06:07.694 28913  8874 I WiVRn   : [2026-09-22 22:06:07.694] [WiVRn] [info] render: this app's own GPU pass 2.9 ms per iteration
09-22 22:06:07.694 28913  8874 I WiVRn   : [2026-09-22 22:06:07.694] [WiVRn] [info] render: defoveate 2160x2160 per eye x2 = 9.33 Mpx/frame at scale 1.00 atlas-prototype 0; 28 re-presented from the cache (reduce_gpu_load on)
09-22 22:06:07.694 28913  8874 I WiVRn   : [2026-09-22 22:06:07.694] [WiVRn] [info] render: shader path sharpness 0.00 fsr false alpha false motion false blend true glow 0.00 vignette 0.00 deband 0.00 lowpoly 0.00 levels 0 full-kernel false
09-22 22:06:07.694 28913  8874 I WiVRn   : [2026-09-22 22:06:07.694] [WiVRn] [info] render: 152 GPU submissions, 28 cached refreshes without GPU submission
09-22 22:06:07.694 28913  8874 I WiVRn   : [2026-09-22 22:06:07.694] [WiVRn] [info] render: per iteration fence 0.0 (worst 0.0) | queries 0.0 | submit 0.0 | whole render() 0.5 ms
09-22 22:06:07.694 28913  8874 I WiVRn   : [2026-09-22 22:06:07.694] [WiVRn] [info] render: source-clock pose shifts 0
09-22 22:06:07.694 28913  8874 I WiVRn   : [2026-09-22 22:06:07.694] [WiVRn] [info] render: motion fields matched 0 active 0 pose-applied 0 pose-missing 0 pose-unsafe 0 mean active step 0.000
09-22 22:06:07.694 28913  8874 I WiVRn   : [2026-09-22 22:06:07.694] [WiVRn] [info] render: selection-to-defoveate CPU 0.067 ms mean (max 0.140) over 152 actual defoveate calls; not GPU/photon latency
09-22 22:06:07.694 28913  8874 I WiVRn   : [2026-09-22 22:06:07.694] [WiVRn] [info] render: jit on | wake slack 32.0 ms | slept 0.5 ms mean (max 0.5, 180 of 180 iterations) | budget 20.7 = pass 19.7 + margin 1.0 | sleep cap 11.6 ms
09-22 22:06:07.694 28913  8874 I WiVRn   : [2026-09-22 22:06:07.694] [WiVRn] [info] render: source display-time offset 24.6 ms mean (worst 312.2) over 180 frames | submit lead 30.9 ms mean (worst 28.5) | misses: 0 overrun 0 late 0 skipped refresh
09-22 22:06:07.694 28913  8874 I WiVRn   : [2026-09-22 22:06:07.694] [WiVRn] [info] render: source->first -43.3 ms | wire 1.3 | queue 0.4 | decode 0.1 | decode->selection 34.7 | selection->predicted 31.4 | sum 24.6 over 180 selected frames (0 invalid)
09-22 22:06:08.176 28913  8922 I WiVRn   : [2026-09-22 22:06:08.176] [WiVRn] [info] nxwarp[0]: LZ4 360 compressed / 0 raw units, 24227845 wire / 42293880 unpacked bytes, 29.828 ms total decompression
09-22 22:06:08.433 28913  8916 I WiVRn   : [2026-09-22 22:06:08.433] [WiVRn] [info] nxwarp[0] net: 180 frames closed in 2.0 s, 30 with a hole, 0 out-of-order datagrams, 0 frames completed late, 0 queued for the worker, 382 decoded so far, 471 stragglers dropped; last hole 12/12 chunks, first missing -1, short false, chunk 1166 B; worker phase idle
09-22 22:06:08.433 28913  8916 I WiVRn   : [2026-09-22 22:06:08.433] [WiVRn] [info] nxwarp[0] net: 0.011 ms per datagram over 12100 datagrams (63.57 ms of every second)
09-22 22:06:09.699 28913  8874 I WiVRn   : [2026-09-22 22:06:09.699] [WiVRn] [info] render: 180 iterations in 2.0 s (89.8/s), 180 submitted a layer, 145 new-source, 0 skipped by the repeat gate, 0 with nothing to show; display period 11.2 ms
09-22 22:06:09.699 28913  8874 I WiVRn   : [2026-09-22 22:06:09.699] [WiVRn] [info] render: ready wait attempts 0 success 0 total 0.000 ms | selected older than available 0
09-22 22:06:09.699 28913  8874 I WiVRn   : [2026-09-22 22:06:09.699] [WiVRn] [info] render: selected source transitions forward 145 backward 0 repeat 35, greatest forward gap 31
09-22 22:06:09.699 28913  8874 I WiVRn   : [2026-09-22 22:06:09.699] [WiVRn] [info] render: this app's own GPU pass 2.9 ms per iteration
09-22 22:06:09.699 28913  8874 I WiVRn   : [2026-09-22 22:06:09.699] [WiVRn] [info] render: defoveate 2160x2160 per eye x2 = 9.33 Mpx/frame at scale 1.00 atlas-prototype 0; 29 re-presented from the cache (reduce_gpu_load on)
09-22 22:06:09.699 28913  8874 I WiVRn   : [2026-09-22 22:06:09.699] [WiVRn] [info] render: shader path sharpness 0.00 fsr false alpha false motion false blend true glow 0.00 vignette 0.00 deband 0.00 lowpoly 0.00 levels 0 full-kernel false
09-22 22:06:09.699 28913  8874 I WiVRn   : [2026-09-22 22:06:09.699] [WiVRn] [info] render: 151 GPU submissions, 29 cached refreshes without GPU submission
09-22 22:06:09.699 28913  8874 I WiVRn   : [2026-09-22 22:06:09.699] [WiVRn] [info] render: per iteration fence 0.0 (worst 3.2) | queries 0.0 | submit 0.0 | whole render() 0.4 ms
09-22 22:06:09.699 28913  8874 I WiVRn   : [2026-09-22 22:06:09.699] [WiVRn] [info] render: source-clock pose shifts 0
09-22 22:06:09.699 28913  8874 I WiVRn   : [2026-09-22 22:06:09.699] [WiVRn] [info] render: motion fields matched 0 active 0 pose-applied 0 pose-missing 0 pose-unsafe 0 mean active step 0.000
09-22 22:06:09.699 28913  8874 I WiVRn   : [2026-09-22 22:06:09.699] [WiVRn] [info] render: selection-to-defoveate CPU 0.056 ms mean (max 0.109) over 151 actual defoveate calls; not GPU/photon latency
09-22 22:06:09.699 28913  8874 I WiVRn   : [2026-09-22 22:06:09.699] [WiVRn] [info] render: jit on | wake slack 32.2 ms | slept 0.8 ms mean (max 11.6, 180 of 180 iterations) | budget 18.9 = pass 17.9 + margin 1.0 | sleep cap 0.5 ms
09-22 22:06:09.699 28913  8874 I WiVRn   : [2026-09-22 22:06:09.699] [WiVRn] [info] render: source display-time offset 8.9 ms mean (worst 312.2) over 180 frames | submit lead 31.1 ms mean (worst 20.3) | misses: 0 overrun 0 late 1 skipped refresh
09-22 22:06:09.699 28913  8874 I WiVRn   : [2026-09-22 22:06:09.699] [WiVRn] [info] render: source->first -59.7 ms | wire 1.4 | queue 0.3 | decode 0.1 | decode->selection 35.3 | selection->predicted 31.4 | sum 8.9 over 180 selected frames (0 invalid)
09-22 22:06:10.442 28913  8916 I WiVRn   : [2026-09-22 22:06:10.442] [WiVRn] [info] nxwarp[0] net: 180 frames closed in 2.0 s, 30 with a hole, 0 out-of-order datagrams, 0 frames completed late, 0 queued for the worker, 532 decoded so far, 630 stragglers dropped; last hole 12/12 chunks, first missing -1, short false, chunk 1166 B; worker phase idle
09-22 22:06:10.442 28913  8916 I WiVRn   : [2026-09-22 22:06:10.442] [WiVRn] [info] nxwarp[0] net: 0.010 ms per datagram over 12780 datagrams (62.61 ms of every second)
09-22 22:06:10.520 28913  8922 I WiVRn   : [2026-09-22 22:06:10.520] [WiVRn] [info] nxwarp[0]: LZ4 540 compressed / 0 raw units, 36702398 wire / 63585720 unpacked bytes, 43.802 ms total decompression
09-22 22:06:11.704 28913  8874 I WiVRn   : [2026-09-22 22:06:11.704] [WiVRn] [info] render: 179 iterations in 2.0 s (89.2/s), 179 submitted a layer, 147 new-source, 0 skipped by the repeat gate, 0 with nothing to show; display period 11.2 ms
09-22 22:06:11.704 28913  8874 I WiVRn   : [2026-09-22 22:06:11.704] [WiVRn] [info] render: ready wait attempts 0 success 0 total 0.000 ms | selected older than available 0
09-22 22:06:11.704 28913  8874 I WiVRn   : [2026-09-22 22:06:11.704] [WiVRn] [info] render: selected source transitions forward 147 backward 0 repeat 32, greatest forward gap 31
09-22 22:06:11.704 28913  8874 I WiVRn   : [2026-09-22 22:06:11.704] [WiVRn] [info] render: this app's own GPU pass 2.8 ms per iteration
09-22 22:06:11.704 28913  8874 I WiVRn   : [2026-09-22 22:06:11.704] [WiVRn] [info] render: defoveate 2160x2160 per eye x2 = 9.33 Mpx/frame at scale 1.00 atlas-prototype 0; 29 re-presented from the cache (reduce_gpu_load on)
09-22 22:06:11.705 28913  8874 I WiVRn   : [2026-09-22 22:06:11.705] [WiVRn] [info] render: shader path sharpness 0.00 fsr false alpha false motion false blend true glow 0.00 vignette 0.00 deband 0.00 lowpoly 0.00 levels 0 full-kernel false
09-22 22:06:11.705 28913  8874 I WiVRn   : [2026-09-22 22:06:11.705] [WiVRn] [info] render: 150 GPU submissions, 29 cached refreshes without GPU submission
09-22 22:06:11.705 28913  8874 I WiVRn   : [2026-09-22 22:06:11.705] [WiVRn] [info] render: per iteration fence 0.0 (worst 3.1) | queries 0.0 | submit 0.0 | whole render() 0.4 ms
09-22 22:06:11.705 28913  8874 I WiVRn   : [2026-09-22 22:06:11.705] [WiVRn] [info] render: source-clock pose shifts 0
09-22 22:06:11.705 28913  8874 I WiVRn   : [2026-09-22 22:06:11.705] [WiVRn] [info] render: motion fields matched 0 active 0 pose-applied 0 pose-missing 0 pose-unsafe 0 mean active step 0.000
09-22 22:06:11.705 28913  8874 I WiVRn   : [2026-09-22 22:06:11.705] [WiVRn] [info] render: selection-to-defoveate CPU 0.057 ms mean (max 0.104) over 150 actual defoveate calls; not GPU/photon latency
09-22 22:06:11.705 28913  8874 I WiVRn   : [2026-09-22 22:06:11.705] [WiVRn] [info] render: jit on | wake slack 31.6 ms | slept 0.7 ms mean (max 11.6, 179 of 179 iterations) | budget 17.1 = pass 16.1 + margin 1.0 | sleep cap 0.5 ms
09-22 22:06:11.705 28913  8874 I WiVRn   : [2026-09-22 22:06:11.705] [WiVRn] [info] render: source display-time offset 7.6 ms mean (worst 312.2) over 179 frames | submit lead 30.5 ms mean (worst 17.8) | misses: 0 overrun 0 late 1 skipped refresh
09-22 22:06:11.705 28913  8874 I WiVRn   : [2026-09-22 22:06:11.705] [WiVRn] [info] render: source->first -58.4 ms | wire 1.3 | queue 0.3 | decode 0.1 | decode->selection 33.4 | selection->predicted 30.8 | sum 7.6 over 179 selected frames (0 invalid)
09-22 22:06:12.448 28913  8916 I WiVRn   : [2026-09-22 22:06:12.448] [WiVRn] [info] nxwarp[0] net: 180 frames closed in 2.0 s, 30 with a hole, 0 out-of-order datagrams, 0 frames completed late, 0 queued for the worker, 682 decoded so far, 780 stragglers dropped; last hole 13/13 chunks, first missing -1, short false, chunk 1166 B; worker phase idle
09-22 22:06:12.448 28913  8916 I WiVRn   : [2026-09-22 22:06:12.448] [WiVRn] [info] nxwarp[0] net: 0.011 ms per datagram over 13518 datagrams (71.99 ms of every second)
09-22 22:06:12.857 28913  8922 I WiVRn   : [2026-09-22 22:06:12.857] [WiVRn] [info] nxwarp[0]: LZ4 720 compressed / 0 raw units, 49860110 wire / 84877560 unpacked bytes, 59.896 ms total decompression
09-22 22:06:13.708 28913  8874 I WiVRn   : [2026-09-22 22:06:13.708] [WiVRn] [info] render: 179 iterations in 2.0 s (89.3/s), 179 submitted a layer, 144 new-source, 0 skipped by the repeat gate, 0 with nothing to show; display period 11.2 ms
09-22 22:06:13.708 28913  8874 I WiVRn   : [2026-09-22 22:06:13.708] [WiVRn] [info] render: ready wait attempts 0 success 0 total 0.000 ms | selected older than available 0
09-22 22:06:13.708 28913  8874 I WiVRn   : [2026-09-22 22:06:13.708] [WiVRn] [info] render: selected source transitions forward 144 backward 0 repeat 35, greatest forward gap 32
09-22 22:06:13.708 28913  8874 I WiVRn   : [2026-09-22 22:06:13.708] [WiVRn] [info] render: this app's own GPU pass 3.2 ms per iteration
09-22 22:06:13.708 28913  8874 I WiVRn   : [2026-09-22 22:06:13.708] [WiVRn] [info] render: defoveate 2160x2160 per eye x2 = 9.33 Mpx/frame at scale 1.00 atlas-prototype 0; 28 re-presented from the cache (reduce_gpu_load on)
09-22 22:06:13.708 28913  8874 I WiVRn   : [2026-09-22 22:06:13.708] [WiVRn] [info] render: shader path sharpness 0.00 fsr false alpha false motion false blend true glow 0.00 vignette 0.00 deband 0.00 lowpoly 0.00 levels 0 full-kernel false
09-22 22:06:13.708 28913  8874 I WiVRn   : [2026-09-22 22:06:13.708] [WiVRn] [info] render: 151 GPU submissions, 28 cached refreshes without GPU submission
09-22 22:06:13.708 28913  8874 I WiVRn   : [2026-09-22 22:06:13.708] [WiVRn] [info] render: per iteration fence 0.0 (worst 2.2) | queries 0.0 | submit 0.0 | whole render() 0.4 ms
09-22 22:06:13.708 28913  8874 I WiVRn   : [2026-09-22 22:06:13.708] [WiVRn] [info] render: source-clock pose shifts 0
09-22 22:06:13.708 28913  8874 I WiVRn   : [2026-09-22 22:06:13.708] [WiVRn] [info] render: motion fields matched 0 active 0 pose-applied 0 pose-missing 0 pose-unsafe 0 mean active step 0.000
09-22 22:06:13.708 28913  8874 I WiVRn   : [2026-09-22 22:06:13.708] [WiVRn] [info] render: selection-to-defoveate CPU 0.058 ms mean (max 0.125) over 151 actual defoveate calls; not GPU/photon latency
09-22 22:06:13.708 28913  8874 I WiVRn   : [2026-09-22 22:06:13.708] [WiVRn] [info] render: jit on | wake slack 30.6 ms | slept 0.8 ms mean (max 11.6, 179 of 179 iterations) | budget 15.3 = pass 14.3 + margin 1.0 | sleep cap 0.5 ms
09-22 22:06:13.708 28913  8874 I WiVRn   : [2026-09-22 22:06:13.708] [WiVRn] [info] render: source display-time offset 5.7 ms mean (worst 301.2) over 179 frames | submit lead 29.4 ms mean (worst 15.2) | misses: 0 overrun 0 late 1 skipped refresh
09-22 22:06:13.708 28913  8874 I WiVRn   : [2026-09-22 22:06:13.708] [WiVRn] [info] render: source->first -58.5 ms | wire 1.5 | queue 0.3 | decode 0.1 | decode->selection 32.5 | selection->predicted 29.7 | sum 5.7 over 179 selected frames (0 invalid)
09-22 22:06:14.453 28913  8916 I WiVRn   : [2026-09-22 22:06:14.453] [WiVRn] [info] nxwarp[0] net: 180 frames closed in 2.0 s, 30 with a hole, 0 out-of-order datagrams, 0 frames completed late, 0 queued for the worker, 832 decoded so far, 941 stragglers dropped; last hole 13/13 chunks, first missing -1, short false, chunk 1166 B; worker phase idle
09-22 22:06:14.453 28913  8916 I WiVRn   : [2026-09-22 22:06:14.453] [WiVRn] [info] nxwarp[0] net: 0.011 ms per datagram over 13495 datagrams (73.30 ms of every second)
09-22 22:06:15.196 28913  8922 I WiVRn   : [2026-09-22 22:06:15.196] [WiVRn] [info] nxwarp[0]: LZ4 900 compressed / 0 raw units, 62597921 wire / 106169400 unpacked bytes, 75.932 ms total decompression
09-22 22:06:15.715 28913  8874 I WiVRn   : [2026-09-22 22:06:15.715] [WiVRn] [info] render: 180 iterations in 2.0 s (89.7/s), 180 submitted a layer, 149 new-source, 0 skipped by the repeat gate, 0 with nothing to show; display period 11.1 ms
09-22 22:06:15.715 28913  8874 I WiVRn   : [2026-09-22 22:06:15.715] [WiVRn] [info] render: ready wait attempts 0 success 0 total 0.000 ms | selected older than available 0
09-22 22:06:15.715 28913  8874 I WiVRn   : [2026-09-22 22:06:15.715] [WiVRn] [info] render: selected source transitions forward 149 backward 0 repeat 31, greatest forward gap 31
09-22 22:06:15.715 28913  8874 I WiVRn   : [2026-09-22 22:06:15.715] [WiVRn] [info] render: this app's own GPU pass 3.2 ms per iteration
09-22 22:06:15.715 28913  8874 I WiVRn   : [2026-09-22 22:06:15.715] [WiVRn] [info] render: defoveate 2160x2160 per eye x2 = 9.33 Mpx/frame at scale 1.00 atlas-prototype 0; 29 re-presented from the cache (reduce_gpu_load on)
09-22 22:06:15.715 28913  8874 I WiVRn   : [2026-09-22 22:06:15.715] [WiVRn] [info] render: shader path sharpness 0.00 fsr false alpha false motion false blend true glow 0.00 vignette 0.00 deband 0.00 lowpoly 0.00 levels 0 full-kernel false
09-22 22:06:15.715 28913  8874 I WiVRn   : [2026-09-22 22:06:15.715] [WiVRn] [info] render: 151 GPU submissions, 29 cached refreshes without GPU submission
09-22 22:06:15.715 28913  8874 I WiVRn   : [2026-09-22 22:06:15.715] [WiVRn] [info] render: per iteration fence 0.0 (worst 0.0) | queries 0.0 | submit 0.0 | whole render() 0.4 ms
09-22 22:06:15.715 28913  8874 I WiVRn   : [2026-09-22 22:06:15.715] [WiVRn] [info] render: source-clock pose shifts 0
09-22 22:06:15.715 28913  8874 I WiVRn   : [2026-09-22 22:06:15.715] [WiVRn] [info] render: motion fields matched 0 active 0 pose-applied 0 pose-missing 0 pose-unsafe 0 mean active step 0.000
09-22 22:06:15.715 28913  8874 I WiVRn   : [2026-09-22 22:06:15.715] [WiVRn] [info] render: selection-to-defoveate CPU 0.056 ms mean (max 0.090) over 151 actual defoveate calls; not GPU/photon latency
09-22 22:06:15.715 28913  8874 I WiVRn   : [2026-09-22 22:06:15.715] [WiVRn] [info] render: jit on | wake slack 30.1 ms | slept 0.5 ms mean (max 0.5, 180 of 180 iterations) | budget 13.5 = pass 12.5 + margin 1.0 | sleep cap 0.5 ms
09-22 22:06:15.715 28913  8874 I WiVRn   : [2026-09-22 22:06:15.715] [WiVRn] [info] render: source display-time offset 7.0 ms mean (worst 312.2) over 180 frames | submit lead 29.2 ms mean (worst 25.7) | misses: 0 overrun 0 late 0 skipped refresh
09-22 22:06:15.715 28913  8874 I WiVRn   : [2026-09-22 22:06:15.715] [WiVRn] [info] render: source->first -58.0 ms | wire 1.4 | queue 0.3 | decode 0.1 | decode->selection 33.6 | selection->predicted 29.6 | sum 7.0 over 180 selected frames (0 invalid)
09-22 22:06:16.458 28913  8916 I WiVRn   : [2026-09-22 22:06:16.458] [WiVRn] [info] nxwarp[0] net: 180 frames closed in 2.0 s, 30 with a hole, 0 out-of-order datagrams, 0 frames completed late, 0 queued for the worker, 982 decoded so far, 1110 stragglers dropped; last hole 12/12 chunks, first missing -1, short false, chunk 1166 B; worker phase idle
09-22 22:06:16.458 28913  8916 I WiVRn   : [2026-09-22 22:06:16.458] [WiVRn] [info] nxwarp[0] net: 0.011 ms per datagram over 12231 datagrams (68.88 ms of every second)
09-22 22:06:17.721 28913  8874 I WiVRn   : [2026-09-22 22:06:17.721] [WiVRn] [info] render: 179 iterations in 2.0 s (89.3/s), 179 submitted a layer, 145 new-source, 0 skipped by the repeat gate, 0 with nothing to show; display period 11.2 ms
09-22 22:06:17.721 28913  8874 I WiVRn   : [2026-09-22 22:06:17.721] [WiVRn] [info] render: ready wait attempts 0 success 0 total 0.000 ms | selected older than available 0
09-22 22:06:17.721 28913  8874 I WiVRn   : [2026-09-22 22:06:17.721] [WiVRn] [info] render: selected source transitions forward 145 backward 0 repeat 34, greatest forward gap 31
09-22 22:06:17.721 28913  8874 I WiVRn   : [2026-09-22 22:06:17.721] [WiVRn] [info] render: this app's own GPU pass 3.2 ms per iteration
09-22 22:06:17.721 28913  8874 I WiVRn   : [2026-09-22 22:06:17.721] [WiVRn] [info] render: defoveate 2160x2160 per eye x2 = 9.33 Mpx/frame at scale 1.00 atlas-prototype 0; 29 re-presented from the cache (reduce_gpu_load on)
09-22 22:06:17.721 28913  8874 I WiVRn   : [2026-09-22 22:06:17.721] [WiVRn] [info] render: shader path sharpness 0.00 fsr false alpha false motion false blend true glow 0.00 vignette 0.00 deband 0.00 lowpoly 0.00 levels 0 full-kernel false
09-22 22:06:17.721 28913  8874 I WiVRn   : [2026-09-22 22:06:17.721] [WiVRn] [info] render: 150 GPU submissions, 29 cached refreshes without GPU submission
09-22 22:06:17.721 28913  8874 I WiVRn   : [2026-09-22 22:06:17.721] [WiVRn] [info] render: per iteration fence 0.0 (worst 3.1) | queries 0.0 | submit 0.0 | whole render() 0.4 ms
09-22 22:06:17.721 28913  8874 I WiVRn   : [2026-09-22 22:06:17.721] [WiVRn] [info] render: source-clock pose shifts 0
09-22 22:06:17.721 28913  8874 I WiVRn   : [2026-09-22 22:06:17.721] [WiVRn] [info] render: motion fields matched 0 active 0 pose-applied 0 pose-missing 0 pose-unsafe 0 mean active step 0.000
09-22 22:06:17.721 28913  8874 I WiVRn   : [2026-09-22 22:06:17.721] [WiVRn] [info] render: selection-to-defoveate CPU 0.056 ms mean (max 0.097) over 150 actual defoveate calls; not GPU/photon latency
09-22 22:06:17.721 28913  8874 I WiVRn   : [2026-09-22 22:06:17.721] [WiVRn] [info] render: jit on | wake slack 30.1 ms | slept 0.7 ms mean (max 11.6, 179 of 179 iterations) | budget 11.8 = pass 10.8 + margin 1.0 | sleep cap 0.5 ms
09-22 22:06:17.721 28913  8874 I WiVRn   : [2026-09-22 22:06:17.721] [WiVRn] [info] render: source display-time offset 7.6 ms mean (worst 312.2) over 179 frames | submit lead 29.0 ms mean (worst 16.7) | misses: 0 overrun 0 late 1 skipped refresh
09-22 22:06:17.721 28913  8874 I WiVRn   : [2026-09-22 22:06:17.721] [WiVRn] [info] render: source->first -57.5 ms | wire 1.2 | queue 0.3 | decode 0.1 | decode->selection 34.1 | selection->predicted 29.3 | sum 7.6 over 179 selected frames (0 invalid)
09-22 22:06:17.870 28913  8922 I WiVRn   : [2026-09-22 22:06:17.870] [WiVRn] [info] nxwarp[0]: LZ4 1080 compressed / 0 raw units, 74508653 wire / 127461240 unpacked bytes, 91.445 ms total decompression
09-22 22:06:18.463 28913  8916 I WiVRn   : [2026-09-22 22:06:18.463] [WiVRn] [info] nxwarp[0] net: 180 frames closed in 2.0 s, 30 with a hole, 0 out-of-order datagrams, 0 frames completed late, 0 queued for the worker, 1132 decoded so far, 1274 stragglers dropped; last hole 11/11 chunks, first missing -1, short false, chunk 1166 B; worker phase idle
09-22 22:06:18.463 28913  8916 I WiVRn   : [2026-09-22 22:06:18.463] [WiVRn] [info] nxwarp[0] net: 0.011 ms per datagram over 12289 datagrams (69.31 ms of every second)
09-22 22:06:19.726 28913  8874 I WiVRn   : [2026-09-22 22:06:19.726] [WiVRn] [info] render: 179 iterations in 2.0 s (89.3/s), 179 submitted a layer, 149 new-source, 0 skipped by the repeat gate, 0 with nothing to show; display period 11.2 ms
09-22 22:06:19.726 28913  8874 I WiVRn   : [2026-09-22 22:06:19.726] [WiVRn] [info] render: ready wait attempts 0 success 0 total 0.000 ms | selected older than available 0
09-22 22:06:19.726 28913  8874 I WiVRn   : [2026-09-22 22:06:19.726] [WiVRn] [info] render: selected source transitions forward 149 backward 0 repeat 30, greatest forward gap 31
09-22 22:06:19.726 28913  8874 I WiVRn   : [2026-09-22 22:06:19.726] [WiVRn] [info] render: this app's own GPU pass 3.2 ms per iteration
09-22 22:06:19.726 28913  8874 I WiVRn   : [2026-09-22 22:06:19.726] [WiVRn] [info] render: defoveate 2160x2160 per eye x2 = 9.33 Mpx/frame at scale 1.00 atlas-prototype 0; 28 re-presented from the cache (reduce_gpu_load on)
09-22 22:06:19.726 28913  8874 I WiVRn   : [2026-09-22 22:06:19.726] [WiVRn] [info] render: shader path sharpness 0.00 fsr false alpha false motion false blend true glow 0.00 vignette 0.00 deband 0.00 lowpoly 0.00 levels 0 full-kernel false
09-22 22:06:19.726 28913  8874 I WiVRn   : [2026-09-22 22:06:19.726] [WiVRn] [info] render: 151 GPU submissions, 28 cached refreshes without GPU submission
09-22 22:06:19.726 28913  8874 I WiVRn   : [2026-09-22 22:06:19.726] [WiVRn] [info] render: per iteration fence 0.0 (worst 0.0) | queries 0.0 | submit 0.0 | whole render() 0.4 ms
09-22 22:06:19.726 28913  8874 I WiVRn   : [2026-09-22 22:06:19.726] [WiVRn] [info] render: source-clock pose shifts 0
09-22 22:06:19.726 28913  8874 I WiVRn   : [2026-09-22 22:06:19.726] [WiVRn] [info] render: motion fields matched 0 active 0 pose-applied 0 pose-missing 0 pose-unsafe 0 mean active step 0.000
09-22 22:06:19.726 28913  8874 I WiVRn   : [2026-09-22 22:06:19.726] [WiVRn] [info] render: selection-to-defoveate CPU 0.058 ms mean (max 0.130) over 151 actual defoveate calls; not GPU/photon latency
09-22 22:06:19.726 28913  8874 I WiVRn   : [2026-09-22 22:06:19.726] [WiVRn] [info] render: jit on | wake slack 29.9 ms | slept 0.7 ms mean (max 11.6, 179 of 179 iterations) | budget 10.0 = pass 9.0 + margin 1.0 | sleep cap 0.5 ms
09-22 22:06:19.726 28913  8874 I WiVRn   : [2026-09-22 22:06:19.726] [WiVRn] [info] render: source display-time offset 6.5 ms mean (worst 312.3) over 179 frames | submit lead 28.8 ms mean (worst 14.7) | misses: 0 overrun 0 late 1 skipped refresh
09-22 22:06:19.726 28913  8874 I WiVRn   : [2026-09-22 22:06:19.726] [WiVRn] [info] render: source->first -56.8 ms | wire 2.0 | queue 0.3 | decode 0.1 | decode->selection 31.6 | selection->predicted 29.1 | sum 6.5 over 179 selected frames (0 invalid)
09-22 22:06:20.212 28913  8922 I WiVRn   : [2026-09-22 22:06:20.212] [WiVRn] [info] nxwarp[0]: LZ4 1260 compressed / 0 raw units, 87010144 wire / 148753080 unpacked bytes, 107.340 ms total decompression
09-22 22:06:20.465 28913  8916 I WiVRn   : [2026-09-22 22:06:20.465] [WiVRn] [info] nxwarp[0] net: 180 frames closed in 2.0 s, 30 with a hole, 0 out-of-order datagrams, 0 frames completed late, 0 queued for the worker, 1282 decoded so far, 1477 stragglers dropped; last hole 12/12 chunks, first missing -1, short false, chunk 1166 B; worker phase idle
09-22 22:06:20.465 28913  8916 I WiVRn   : [2026-09-22 22:06:20.465] [WiVRn] [info] nxwarp[0] net: 0.011 ms per datagram over 12987 datagrams (71.95 ms of every second)
09-22 22:06:21.731 28913  8874 I WiVRn   : [2026-09-22 22:06:21.731] [WiVRn] [info] render: 180 iterations in 2.0 s (89.7/s), 180 submitted a layer, 150 new-source, 0 skipped by the repeat gate, 0 with nothing to show; display period 11.1 ms
09-22 22:06:21.731 28913  8874 I WiVRn   : [2026-09-22 22:06:21.731] [WiVRn] [info] render: ready wait attempts 0 success 0 total 0.000 ms | selected older than available 0
09-22 22:06:21.731 28913  8874 I WiVRn   : [2026-09-22 22:06:21.731] [WiVRn] [info] render: selected source transitions forward 150 backward 0 repeat 30, greatest forward gap 31
09-22 22:06:21.731 28913  8874 I WiVRn   : [2026-09-22 22:06:21.731] [WiVRn] [info] render: this app's own GPU pass 3.2 ms per iteration
09-22 22:06:21.731 28913  8874 I WiVRn   : [2026-09-22 22:06:21.731] [WiVRn] [info] render: defoveate 2160x2160 per eye x2 = 9.33 Mpx/frame at scale 1.00 atlas-prototype 0; 29 re-presented from the cache (reduce_gpu_load on)
09-22 22:06:21.731 28913  8874 I WiVRn   : [2026-09-22 22:06:21.731] [WiVRn] [info] render: shader path sharpness 0.00 fsr false alpha false motion false blend true glow 0.00 vignette 0.00 deband 0.00 lowpoly 0.00 levels 0 full-kernel false
09-22 22:06:21.731 28913  8874 I WiVRn   : [2026-09-22 22:06:21.731] [WiVRn] [info] render: 151 GPU submissions, 29 cached refreshes without GPU submission
09-22 22:06:21.731 28913  8874 I WiVRn   : [2026-09-22 22:06:21.731] [WiVRn] [info] render: per iteration fence 0.0 (worst 0.0) | queries 0.0 | submit 0.0 | whole render() 0.4 ms
09-22 22:06:21.731 28913  8874 I WiVRn   : [2026-09-22 22:06:21.731] [WiVRn] [info] render: source-clock pose shifts 0
09-22 22:06:21.731 28913  8874 I WiVRn   : [2026-09-22 22:06:21.731] [WiVRn] [info] render: motion fields matched 0 active 0 pose-applied 0 pose-missing 0 pose-unsafe 0 mean active step 0.000
09-22 22:06:21.731 28913  8874 I WiVRn   : [2026-09-22 22:06:21.731] [WiVRn] [info] render: selection-to-defoveate CPU 0.058 ms mean (max 0.128) over 151 actual defoveate calls; not GPU/photon latency
09-22 22:06:21.731 28913  8874 I WiVRn   : [2026-09-22 22:06:21.731] [WiVRn] [info] render: jit on | wake slack 29.5 ms | slept 0.5 ms mean (max 0.5, 180 of 180 iterations) | budget 8.2 = pass 7.2 + margin 1.0 | sleep cap 0.5 ms
09-22 22:06:21.731 28913  8874 I WiVRn   : [2026-09-22 22:06:21.731] [WiVRn] [info] render: source display-time offset 6.9 ms mean (worst 312.2) over 180 frames | submit lead 28.6 ms mean (worst 25.2) | misses: 0 overrun 0 late 0 skipped refresh
09-22 22:06:21.731 28913  8874 I WiVRn   : [2026-09-22 22:06:21.731] [WiVRn] [info] render: source->first -57.9 ms | wire 2.0 | queue 0.3 | decode 0.1 | decode->selection 33.3 | selection->predicted 28.9 | sum 6.9 over 180 selected frames (0 invalid)
09-22 22:06:22.470 28913  8916 I WiVRn   : [2026-09-22 22:06:22.470] [WiVRn] [info] nxwarp[0] net: 180 frames closed in 2.0 s, 30 with a hole, 0 out-of-order datagrams, 0 frames completed late, 0 queued for the worker, 1432 decoded so far, 1627 stragglers dropped; last hole 13/13 chunks, first missing -1, short false, chunk 1166 B; worker phase idle
09-22 22:06:22.470 28913  8916 I WiVRn   : [2026-09-22 22:06:22.470] [WiVRn] [info] nxwarp[0] net: 0.011 ms per datagram over 13300 datagrams (73.45 ms of every second)
09-22 22:06:22.548 28913  8922 I WiVRn   : [2026-09-22 22:06:22.548] [WiVRn] [info] nxwarp[0]: LZ4 1440 compressed / 0 raw units, 99826546 wire / 170044920 unpacked bytes, 123.651 ms total decompression
09-22 22:06:23.737 28913  8874 I WiVRn   : [2026-09-22 22:06:23.737] [WiVRn] [info] render: 179 iterations in 2.0 s (89.3/s), 179 submitted a layer, 146 new-source, 0 skipped by the repeat gate, 0 with nothing to show; display period 11.2 ms
09-22 22:06:23.737 28913  8874 I WiVRn   : [2026-09-22 22:06:23.737] [WiVRn] [info] render: ready wait attempts 0 success 0 total 0.000 ms | selected older than available 0
09-22 22:06:23.737 28913  8874 I WiVRn   : [2026-09-22 22:06:23.737] [WiVRn] [info] render: selected source transitions forward 146 backward 0 repeat 33, greatest forward gap 31
09-22 22:06:23.737 28913  8874 I WiVRn   : [2026-09-22 22:06:23.737] [WiVRn] [info] render: this app's own GPU pass 3.2 ms per iteration
09-22 22:06:23.737 28913  8874 I WiVRn   : [2026-09-22 22:06:23.737] [WiVRn] [info] render: defoveate 2160x2160 per eye x2 = 9.33 Mpx/frame at scale 1.00 atlas-prototype 0; 29 re-presented from the cache (reduce_gpu_load on)
09-22 22:06:23.737 28913  8874 I WiVRn   : [2026-09-22 22:06:23.737] [WiVRn] [info] render: shader path sharpness 0.00 fsr false alpha false motion false blend true glow 0.00 vignette 0.00 deband 0.00 lowpoly 0.00 levels 0 full-kernel false
09-22 22:06:23.737 28913  8874 I WiVRn   : [2026-09-22 22:06:23.737] [WiVRn] [info] render: 150 GPU submissions, 29 cached refreshes without GPU submission
09-22 22:06:23.737 28913  8874 I WiVRn   : [2026-09-22 22:06:23.737] [WiVRn] [info] render: per iteration fence 0.0 (worst 3.1) | queries 0.0 | submit 0.0 | whole render() 0.4 ms
09-22 22:06:23.737 28913  8874 I WiVRn   : [2026-09-22 22:06:23.737] [WiVRn] [info] render: source-clock pose shifts 0
09-22 22:06:23.737 28913  8874 I WiVRn   : [2026-09-22 22:06:23.737] [WiVRn] [info] render: motion fields matched 0 active 0 pose-applied 0 pose-missing 0 pose-unsafe 0 mean active step 0.000
09-22 22:06:23.737 28913  8874 I WiVRn   : [2026-09-22 22:06:23.737] [WiVRn] [info] render: selection-to-defoveate CPU 0.056 ms mean (max 0.106) over 150 actual defoveate calls; not GPU/photon latency
09-22 22:06:23.737 28913  8874 I WiVRn   : [2026-09-22 22:06:23.737] [WiVRn] [info] render: jit on | wake slack 29.4 ms | slept 0.7 ms mean (max 11.6, 179 of 179 iterations) | budget 6.4 = pass 5.4 + margin 1.0 | sleep cap 0.5 ms
09-22 22:06:23.737 28913  8874 I WiVRn   : [2026-09-22 22:06:23.737] [WiVRn] [info] render: source display-time offset 7.5 ms mean (worst 312.2) over 179 frames | submit lead 28.3 ms mean (worst 16.1) | misses: 0 overrun 0 late 1 skipped refresh
09-22 22:06:23.737 28913  8874 I WiVRn   : [2026-09-22 22:06:23.737] [WiVRn] [info] render: source->first -58.4 ms | wire 2.4 | queue 0.3 | decode 0.1 | decode->selection 34.5 | selection->predicted 28.6 | sum 7.5 over 179 selected frames (0 invalid)
09-22 22:06:24.475 28913  8916 I WiVRn   : [2026-09-22 22:06:24.475] [WiVRn] [info] nxwarp[0] net: 180 frames closed in 2.0 s, 30 with a hole, 0 out-of-order datagrams, 0 frames completed late, 0 queued for the worker, 1582 decoded so far, 1842 stragglers dropped; last hole 12/12 chunks, first missing -1, short false, chunk 1166 B; worker phase idle
09-22 22:06:24.475 28913  8916 I WiVRn   : [2026-09-22 22:06:24.475] [WiVRn] [info] nxwarp[0] net: 0.011 ms per datagram over 12668 datagrams (70.68 ms of every second)
09-22 22:06:24.887 28913  8922 I WiVRn   : [2026-09-22 22:06:24.887] [WiVRn] [info] nxwarp[0]: LZ4 1620 compressed / 0 raw units, 112173141 wire / 191336760 unpacked bytes, 139.630 ms total decompression
09-22 22:06:25.742 28913  8874 I WiVRn   : [2026-09-22 22:06:25.742] [WiVRn] [info] render: 179 iterations in 2.0 s (89.3/s), 179 submitted a layer, 146 new-source, 0 skipped by the repeat gate, 0 with nothing to show; display period 11.2 ms
09-22 22:06:25.742 28913  8874 I WiVRn   : [2026-09-22 22:06:25.742] [WiVRn] [info] render: ready wait attempts 0 success 0 total 0.000 ms | selected older than available 0
09-22 22:06:25.742 28913  8874 I WiVRn   : [2026-09-22 22:06:25.742] [WiVRn] [info] render: selected source transitions forward 146 backward 0 repeat 33, greatest forward gap 32
09-22 22:06:25.742 28913  8874 I WiVRn   : [2026-09-22 22:06:25.742] [WiVRn] [info] render: this app's own GPU pass 3.0 ms per iteration
09-22 22:06:25.742 28913  8874 I WiVRn   : [2026-09-22 22:06:25.742] [WiVRn] [info] render: defoveate 2160x2160 per eye x2 = 9.33 Mpx/frame at scale 1.00 atlas-prototype 0; 30 re-presented from the cache (reduce_gpu_load on)
09-22 22:06:25.742 28913  8874 I WiVRn   : [2026-09-22 22:06:25.742] [WiVRn] [info] render: shader path sharpness 0.00 fsr false alpha false motion false blend true glow 0.00 vignette 0.00 deband 0.00 lowpoly 0.00 levels 0 full-kernel false
09-22 22:06:25.742 28913  8874 I WiVRn   : [2026-09-22 22:06:25.742] [WiVRn] [info] render: 149 GPU submissions, 30 cached refreshes without GPU submission
09-22 22:06:25.742 28913  8874 I WiVRn   : [2026-09-22 22:06:25.742] [WiVRn] [info] render: per iteration fence 0.0 (worst 3.1) | queries 0.0 | submit 0.0 | whole render() 0.4 ms
09-22 22:06:25.742 28913  8874 I WiVRn   : [2026-09-22 22:06:25.742] [WiVRn] [info] render: source-clock pose shifts 0
09-22 22:06:25.742 28913  8874 I WiVRn   : [2026-09-22 22:06:25.742] [WiVRn] [info] render: motion fields matched 0 active 0 pose-applied 0 pose-missing 0 pose-unsafe 0 mean active step 0.000
09-22 22:06:25.742 28913  8874 I WiVRn   : [2026-09-22 22:06:25.742] [WiVRn] [info] render: selection-to-defoveate CPU 0.058 ms mean (max 0.141) over 149 actual defoveate calls; not GPU/photon latency
09-22 22:06:25.742 28913  8874 I WiVRn   : [2026-09-22 22:06:25.742] [WiVRn] [info] render: jit on | wake slack 29.1 ms | slept 0.7 ms mean (max 11.6, 179 of 179 iterations) | budget 4.6 = pass 3.6 + margin 1.0 | sleep cap 0.5 ms
09-22 22:06:25.742 28913  8874 I WiVRn   : [2026-09-22 22:06:25.742] [WiVRn] [info] render: source display-time offset 7.8 ms mean (worst 315.7) over 179 frames | submit lead 27.9 ms mean (worst 15.4) | misses: 0 overrun 0 late 1 skipped refresh
09-22 22:06:25.742 28913  8874 I WiVRn   : [2026-09-22 22:06:25.742] [WiVRn] [info] render: source->first -57.3 ms | wire 1.7 | queue 0.4 | decode 0.1 | decode->selection 34.6 | selection->predicted 28.3 | sum 7.8 over 179 selected frames (0 invalid)
09-22 22:06:26.479 28913  8916 I WiVRn   : [2026-09-22 22:06:26.479] [WiVRn] [info] nxwarp[0] net: 181 frames closed in 2.0 s, 30 with a hole, 0 out-of-order datagrams, 0 frames completed late, 0 queued for the worker, 1733 decoded so far, 1993 stragglers dropped; last hole 12/12 chunks, first missing -1, short false, chunk 1166 B; worker phase idle
09-22 22:06:26.480 28913  8916 I WiVRn   : [2026-09-22 22:06:26.480] [WiVRn] [info] nxwarp[0] net: 0.011 ms per datagram over 12347 datagrams (69.99 ms of every second)
09-22 22:06:27.216 28913  8922 I WiVRn   : [2026-09-22 22:06:27.216] [WiVRn] [info] nxwarp[0]: LZ4 1800 compressed / 0 raw units, 124265699 wire / 212628600 unpacked bytes, 155.519 ms total decompression
09-22 22:06:27.747 28913  8874 I WiVRn   : [2026-09-22 22:06:27.747] [WiVRn] [info] render: 180 iterations in 2.0 s (89.8/s), 180 submitted a layer, 150 new-source, 0 skipped by the repeat gate, 0 with nothing to show; display period 11.1 ms
09-22 22:06:27.747 28913  8874 I WiVRn   : [2026-09-22 22:06:27.747] [WiVRn] [info] render: ready wait attempts 0 success 0 total 0.000 ms | selected older than available 0
09-22 22:06:27.747 28913  8874 I WiVRn   : [2026-09-22 22:06:27.747] [WiVRn] [info] render: selected source transitions forward 150 backward 0 repeat 30, greatest forward gap 31
09-22 22:06:27.747 28913  8874 I WiVRn   : [2026-09-22 22:06:27.747] [WiVRn] [info] render: this app's own GPU pass 3.1 ms per iteration
09-22 22:06:27.747 28913  8874 I WiVRn   : [2026-09-22 22:06:27.747] [WiVRn] [info] render: defoveate 2160x2160 per eye x2 = 9.33 Mpx/frame at scale 1.00 atlas-prototype 0; 29 re-presented from the cache (reduce_gpu_load on)
09-22 22:06:27.747 28913  8874 I WiVRn   : [2026-09-22 22:06:27.747] [WiVRn] [info] render: shader path sharpness 0.00 fsr false alpha false motion false blend true glow 0.00 vignette 0.00 deband 0.00 lowpoly 0.00 levels 0 full-kernel false
09-22 22:06:27.747 28913  8874 I WiVRn   : [2026-09-22 22:06:27.747] [WiVRn] [info] render: 151 GPU submissions, 29 cached refreshes without GPU submission
09-22 22:06:27.747 28913  8874 I WiVRn   : [2026-09-22 22:06:27.747] [WiVRn] [info] render: per iteration fence 0.0 (worst 0.0) | queries 0.0 | submit 0.0 | whole render() 0.4 ms
09-22 22:06:27.747 28913  8874 I WiVRn   : [2026-09-22 22:06:27.747] [WiVRn] [info] render: source-clock pose shifts 0
09-22 22:06:27.747 28913  8874 I WiVRn   : [2026-09-22 22:06:27.747] [WiVRn] [info] render: motion fields matched 0 active 0 pose-applied 0 pose-missing 0 pose-unsafe 0 mean active step 0.000
09-22 22:06:27.747 28913  8874 I WiVRn   : [2026-09-22 22:06:27.747] [WiVRn] [info] render: selection-to-defoveate CPU 0.057 ms mean (max 0.113) over 151 actual defoveate calls; not GPU/photon latency
09-22 22:06:27.747 28913  8874 I WiVRn   : [2026-09-22 22:06:27.747] [WiVRn] [info] render: jit on | wake slack 28.7 ms | slept 0.5 ms mean (max 0.5, 180 of 180 iterations) | budget 2.8 = pass 1.8 + margin 1.0 | sleep cap 0.5 ms
09-22 22:06:27.747 28913  8874 I WiVRn   : [2026-09-22 22:06:27.747] [WiVRn] [info] render: source display-time offset 6.8 ms mean (worst 312.2) over 180 frames | submit lead 27.8 ms mean (worst 24.3) | misses: 0 overrun 0 late 0 skipped refresh
09-22 22:06:27.747 28913  8874 I WiVRn   : [2026-09-22 22:06:27.747] [WiVRn] [info] render: source->first -58.0 ms | wire 1.3 | queue 0.3 | decode 0.1 | decode->selection 34.8 | selection->predicted 28.2 | sum 6.8 over 180 selected frames (0 invalid)
09-22 22:06:28.484 28913  8916 I WiVRn   : [2026-09-22 22:06:28.484] [WiVRn] [info] nxwarp[0] net: 179 frames closed in 2.0 s, 30 with a hole, 0 out-of-order datagrams, 0 frames completed late, 0 queued for the worker, 1882 decoded so far, 2191 stragglers dropped; last hole 12/12 chunks, first missing -1, short false, chunk 1166 B; worker phase idle
09-22 22:06:28.484 28913  8916 I WiVRn   : [2026-09-22 22:06:28.484] [WiVRn] [info] nxwarp[0] net: 0.011 ms per datagram over 12542 datagrams (70.50 ms of every second)
