09-09 00:33:25.068 13643 12370 I WiVRn   : [2026-09-09 00:33:25.068] [WiVRn] [info] Session state changed at timestamp 0: XR_SESSION_STATE_UNKNOWN => XR_SESSION_STATE_IDLE
09-09 00:33:25.068 13643 12370 I WiVRn   : [2026-09-09 00:33:25.068] [WiVRn] [info] Session state changed at timestamp 0: XR_SESSION_STATE_IDLE => XR_SESSION_STATE_READY
09-09 00:33:25.391 13643 12370 I WiVRn   : [2026-09-09 00:33:25.391] [WiVRn] [info] Session state changed at timestamp 0: XR_SESSION_STATE_READY => XR_SESSION_STATE_SYNCHRONIZED
09-09 00:33:25.391 13643 12370 I WiVRn   : [2026-09-09 00:33:25.391] [WiVRn] [info] Session state changed at timestamp 0: XR_SESSION_STATE_SYNCHRONIZED => XR_SESSION_STATE_VISIBLE
09-09 00:33:25.391 13643 12370 I WiVRn   : [2026-09-09 00:33:25.391] [WiVRn] [info] Session state changed at timestamp 0: XR_SESSION_STATE_VISIBLE => XR_SESSION_STATE_FOCUSED
09-09 00:33:25.549 13643 12398 I WiVRn   : [2026-09-09 00:33:25.549] [WiVRn] [info] nxwarp[0]: decoupled display -- frames are published complete and the reprojection pass waits on nothing
09-09 00:33:25.549 13643 12398 I WiVRn   : [2026-09-09 00:33:25.549] [WiVRn] [info] nxwarp[2]: decoupled display -- frames are published complete and the reprojection pass waits on nothing
09-09 00:33:32.496 13643 12370 I WiVRn   : [2026-09-09 00:33:32.496] [WiVRn] [info] Session state changed at timestamp 0: XR_SESSION_STATE_FOCUSED => XR_SESSION_STATE_VISIBLE
09-09 00:33:32.497 13643 12370 I WiVRn   : [2026-09-09 00:33:32.497] [WiVRn] [info] Session state changed at timestamp 0: XR_SESSION_STATE_VISIBLE => XR_SESSION_STATE_SYNCHRONIZED
09-09 00:33:32.497 13643 12370 I WiVRn   : [2026-09-09 00:33:32.497] [WiVRn] [info] Session state changed at timestamp 0: XR_SESSION_STATE_SYNCHRONIZED => XR_SESSION_STATE_STOPPING
09-09 00:33:32.498 13643 12370 I WiVRn   : [2026-09-09 00:33:32.498] [WiVRn] [info] Session state changed at timestamp 0: XR_SESSION_STATE_STOPPING => XR_SESSION_STATE_IDLE
09-09 00:33:35.041 13643 12370 I WiVRn   : [2026-09-09 00:33:35.041] [WiVRn] [info] Session state changed at timestamp 0: XR_SESSION_STATE_IDLE => XR_SESSION_STATE_READY
09-09 00:33:35.051 13643 12370 I WiVRn   : [2026-09-09 00:33:35.051] [WiVRn] [info] Session state changed at timestamp 0: XR_SESSION_STATE_READY => XR_SESSION_STATE_SYNCHRONIZED
09-09 00:33:35.051 13643 12370 I WiVRn   : [2026-09-09 00:33:35.051] [WiVRn] [info] Session state changed at timestamp 0: XR_SESSION_STATE_SYNCHRONIZED => XR_SESSION_STATE_VISIBLE
09-09 00:33:35.051 13643 12370 I WiVRn   : [2026-09-09 00:33:35.051] [WiVRn] [info] Session state changed at timestamp 0: XR_SESSION_STATE_VISIBLE => XR_SESSION_STATE_FOCUSED
09-09 00:33:35.159 13643 12398 I WiVRn   : [2026-09-09 00:33:35.159] [WiVRn] [info] nxwarp[0]: PLANAR centre mode requested; using generic mixed-frame decoder
09-09 00:33:35.167 13643 12398 I WiVRn   : [2026-09-09 00:33:35.167] [WiVRn] [info] nxwarp[0]: atlas borrowed-target dirty catchup enabled
09-09 00:33:35.167 13643 12398 I WiVRn   : [2026-09-09 00:33:35.167] [WiVRn] [info] nxwarp[0]: direct atlas targets false
09-09 00:33:35.167 13643 12398 I WiVRn   : [2026-09-09 00:33:35.167] [WiVRn] [info] nxwarp[0]: 2176x2176 per eye, 2 eyes, on Adreno (TM) 650, 68 x 34 tiles, 1166 bytes per tile
09-09 00:33:35.170 13643 12398 I WiVRn   : [2026-09-09 00:33:35.170] [WiVRn] [info] nxwarp[0] net: 1 frames closed in 9.6 s, 0 with a hole, 0 out-of-order datagrams, 0 frames completed late, 0 queued for the worker, 0 decoded so far, 0 stragglers dropped; last hole 0/0 chunks, first missing -1, short false, chunk 1166 B
09-09 00:33:35.170 13643 12398 I WiVRn   : [2026-09-09 00:33:35.170] [WiVRn] [info] nxwarp[0] net: 0.023 ms per datagram over 111 datagrams (0.27 ms of every second)
09-09 00:33:35.170 13643 12398 I WiVRn   : [2026-09-09 00:33:35.170] [WiVRn] [info] nxwarp[0] sel: stride 1, arrival 0.0 ms, dropped-late 0, withheld 0, decoded 0
09-09 00:33:35.170 13643 12398 I WiVRn   : [2026-09-09 00:33:35.170] [WiVRn] [info] nxwarp[0] rx: 112 datagrams, placed 2312 (+2312), late 0 (+0), stale_frame 0, bad_range 0, bad_dir 0, bad_caps 0, bad_ver 0, auth_fail 0, replay 0, frozen 0, dup 0
09-09 00:33:36.181 13643 12419 I WiVRn   : [2026-09-09 00:33:36.181] [WiVRn] [info] nxwarp[0]: 1 frames in 10.6 s: 79216 B/frame, wait-prev 0.0 ms, wall 1011.5 ms, nxvc passA 0.5 passB 6.8 gpu 7.2 ms; holes 0, refused 0
09-09 00:33:36.181 13643 12419 I WiVRn   : [2026-09-09 00:33:36.181] [WiVRn] [info] nxwarp[0] gpu duty 1 ms/s (0% of one GPU) for decode alone; the display pass is extra
09-09 00:33:36.181 13643 12419 I WiVRn   : [2026-09-09 00:33:36.181] [WiVRn] [info] nxwarp[0] passB 6.8 ms = warp 0.0 + skip 0.0 + coded 0.0 + dir 0.0 + other 6.8; tiles skip 0 / coded 2312 / dir 0 (eye pass 0)
09-09 00:33:36.181 13643 12419 I WiVRn   : [2026-09-09 00:33:36.181] [WiVRn] [info] nxwarp[0]: 115 frames dropped late (queue kept to 1)
09-09 00:33:36.181 13643 12419 I WiVRn   : [2026-09-09 00:33:36.181] [WiVRn] [info] nxwarp[0] stage: gap 0.0 | wait-prev 0.0 | submit 1003.0 (qlock 0.0 + codec 1003.0) | get_free 0.0 | fence-pre 0.0 | record 0.2 | qsubmit 0.0 | fence-post 8.2 | publish 0.1 ms; withheld 0, stride 1, arrival 10.7 ms
09-09 00:33:36.181 13643 12419 I WiVRn   : [2026-09-09 00:33:36.181] [WiVRn] [info] nxwarp[0] reassembly (network thread): 0.06 ms/frame over 117 frames, buffer 85 kB held for 85 kB of unit (1.0x)
09-09 00:33:36.181 13643 12419 I WiVRn   : [2026-09-09 00:33:36.181] [WiVRn] [info] nxwarp[0] fence-post 8.2 ms = nxvc gpu 7.2 + copy gpu 1.03 + queue -0.0 (over 1 frames with timestamps)
09-09 00:33:36.371 13643 12370 I WiVRn   : [2026-09-09 00:33:36.371] [WiVRn] [info] render: 1 iterations in 11.5 s (0.1/s), 1 submitted a layer, 1 new-source, 0 skipped by the repeat gate, 0 with nothing to show; display period 11.1 ms
09-09 00:33:36.371 13643 12370 I WiVRn   : [2026-09-09 00:33:36.371] [WiVRn] [info] render: selected source transitions forward 0 backward 0 repeat 0, greatest forward gap 0
09-09 00:33:36.371 13643 12370 I WiVRn   : [2026-09-09 00:33:36.371] [WiVRn] [info] render: this app's own GPU pass 0.0 ms per iteration
09-09 00:33:36.371 13643 12370 I WiVRn   : [2026-09-09 00:33:36.371] [WiVRn] [info] render: defoveate 2160x2160 per eye x2 = 9.33 Mpx/frame at scale 1.00 atlas-prototype 0; 0 re-presented from the cache (reduce_gpu_load on)
09-09 00:33:36.371 13643 12370 I WiVRn   : [2026-09-09 00:33:36.371] [WiVRn] [info] render: shader path sharpness 0.00 fsr false alpha false motion false blend false glow 0.28 vignette 0.00 deband 1.00 lowpoly 0.00 levels 0 full-kernel false
09-09 00:33:36.371 13643 12370 I WiVRn   : [2026-09-09 00:33:36.371] [WiVRn] [info] render: per iteration fence 0.0 (worst 0.0) | queries 0.0 | submit 0.1 | whole render() 122.8 ms
09-09 00:33:36.371 13643 12370 I WiVRn   : [2026-09-09 00:33:36.371] [WiVRn] [info] render: jit on | wake slack 33.4 ms | slept 0.0 ms mean (max 0.0, 0 of 1 iterations) | budget 1.0 = pass 0.0 + margin 1.0 | sleep cap 45.0 ms
09-09 00:33:36.371 13643 12370 I WiVRn   : [2026-09-09 00:33:36.371] [WiVRn] [info] render: source display-time offset 101.6 ms mean (worst 101.6) over 1 frames | submit lead 0.0 ms mean (worst 0.0) | misses: 0 overrun 0 late 0 skipped refresh
09-09 00:33:37.177 13643 12398 I WiVRn   : [2026-09-09 00:33:37.177] [WiVRn] [info] nxwarp[0] net: 156 frames closed in 2.0 s, 0 with a hole, 0 out-of-order datagrams, 0 frames completed late, 1 queued for the worker, 37 decoded so far, 156 stragglers dropped; last hole 0/0 chunks, first missing -1, short false, chunk 1166 B
09-09 00:33:37.177 13643 12398 I WiVRn   : [2026-09-09 00:33:37.177] [WiVRn] [info] nxwarp[0] net: 0.032 ms per datagram over 19004 datagrams (307.60 ms of every second)
09-09 00:33:37.177 13643 12398 I WiVRn   : [2026-09-09 00:33:37.177] [WiVRn] [info] nxwarp[0] sel: stride 1, arrival 11.5 ms, dropped-late 117, withheld 3, decoded 37
09-09 00:33:37.177 13643 12398 I WiVRn   : [2026-09-09 00:33:37.177] [WiVRn] [info] nxwarp[0] rx: 19116 datagrams, placed 362984 (+360672), late 6755 (+6755), stale_frame 0, bad_range 0, bad_dir 0, bad_caps 0, bad_ver 0, auth_fail 0, replay 0, frozen 0, dup 3
09-09 00:33:38.195 13643 12419 I WiVRn   : [2026-09-09 00:33:38.195] [WiVRn] [info] nxwarp[0]: 101 frames in 2.0 s: 86597 B/frame, wait-prev 0.0 ms, wall 12.0 ms, nxvc passA 1.2 passB 5.3 gpu 6.4 ms; holes 0, refused 0
09-09 00:33:38.195 13643 12419 I WiVRn   : [2026-09-09 00:33:38.195] [WiVRn] [info] nxwarp[0] gpu duty 323 ms/s (32% of one GPU) for decode alone; the display pass is extra
09-09 00:33:38.195 13643 12419 I WiVRn   : [2026-09-09 00:33:38.195] [WiVRn] [info] nxwarp[0] passB 5.3 ms = warp 0.0 + skip 0.0 + coded 0.0 + dir 0.0 + other 5.3; tiles skip 0 / coded 2312 / dir 0 (eye pass 0)
09-09 00:33:38.195 13643 12419 I WiVRn   : [2026-09-09 00:33:38.195] [WiVRn] [info] nxwarp[0]: 124 frames dropped late (queue kept to 1)
09-09 00:33:38.195 13643 12419 I WiVRn   : [2026-09-09 00:33:38.195] [WiVRn] [info] nxwarp[0] stage: gap 7.9 | wait-prev 0.0 | submit 1.0 (qlock 0.0 + codec 1.0) | get_free 0.0 | fence-pre 0.0 | record 0.1 | qsubmit 0.0 | fence-post 10.9 | publish 0.0 ms; withheld 10, stride 1, arrival 15.4 ms
09-09 00:33:38.195 13643 12419 I WiVRn   : [2026-09-09 00:33:38.195] [WiVRn] [info] nxwarp[0] reassembly (network thread): 0.07 ms/frame over 110 frames, buffer 85 kB held for 85 kB of unit (1.0x)
09-09 00:33:38.195 13643 12419 I WiVRn   : [2026-09-09 00:33:38.195] [WiVRn] [info] nxwarp[0] fence-post 11.0 ms = nxvc gpu 6.4 + copy gpu 1.34 + queue 3.1 (over 101 frames with timestamps)
09-09 00:33:38.258 13643 12370 I WiVRn   : [2026-09-09 00:33:38.258] [WiVRn] [info] render: 160 iterations in 2.0 s (79.9/s), 160 submitted a layer, 87 new-source, 0 skipped by the repeat gate, 0 with nothing to show; display period 12.6 ms
09-09 00:33:38.258 13643 12370 I WiVRn   : [2026-09-09 00:33:38.258] [WiVRn] [info] render: selected source transitions forward 87 backward 0 repeat 73, greatest forward gap 3
09-09 00:33:38.258 13643 12370 I WiVRn   : [2026-09-09 00:33:38.258] [WiVRn] [info] render: this app's own GPU pass 4.3 ms per iteration
09-09 00:33:38.258 13643 12370 I WiVRn   : [2026-09-09 00:33:38.258] [WiVRn] [info] render: defoveate 2160x2160 per eye x2 = 9.33 Mpx/frame at scale 1.00 atlas-prototype 0; 73 re-presented from the cache (reduce_gpu_load on)
09-09 00:33:38.258 13643 12370 I WiVRn   : [2026-09-09 00:33:38.258] [WiVRn] [info] render: shader path sharpness 0.00 fsr false alpha false motion false blend false glow 0.28 vignette 0.00 deband 1.00 lowpoly 0.00 levels 0 full-kernel false
09-09 00:33:38.258 13643 12370 I WiVRn   : [2026-09-09 00:33:38.258] [WiVRn] [info] render: per iteration fence 2.1 (worst 15.3) | queries 0.0 | submit 0.0 | whole render() 3.1 ms
09-09 00:33:38.258 13643 12370 I WiVRn   : [2026-09-09 00:33:38.258] [WiVRn] [info] render: jit on | wake slack 41.4 ms | slept 0.8 ms mean (max 21.6, 70 of 160 iterations) | budget 24.9 = pass 23.9 + margin 1.0 | sleep cap 0.6 ms
09-09 00:33:38.258 13643 12370 I WiVRn   : [2026-09-09 00:33:38.258] [WiVRn] [info] render: source display-time offset 75.4 ms mean (worst 112.8) over 160 frames | submit lead 36.7 ms mean (worst -89.5) | misses: 0 overrun 0 late 4 skipped refresh
09-09 00:33:39.180 13643 12398 I WiVRn   : [2026-09-09 00:33:39.180] [WiVRn] [info] nxwarp[0] net: 133 frames closed in 2.0 s, 0 with a hole, 0 out-of-order datagrams, 0 frames completed late, 0 queued for the worker, 160 decoded so far, 289 stragglers dropped; last hole 0/0 chunks, first missing -1, short false, chunk 1166 B
09-09 00:33:39.180 13643 12398 I WiVRn   : [2026-09-09 00:33:39.180] [WiVRn] [info] nxwarp[0] net: 0.033 ms per datagram over 16226 datagrams (266.87 ms of every second)
09-09 00:33:39.180 13643 12398 I WiVRn   : [2026-09-09 00:33:39.180] [WiVRn] [info] nxwarp[0] sel: stride 1, arrival 17.0 ms, dropped-late 129, withheld 15, decoded 160
09-09 00:33:39.180 13643 12398 I WiVRn   : [2026-09-09 00:33:39.180] [WiVRn] [info] nxwarp[0] rx: 35342 datagrams, placed 670480 (+307496), late 15719 (+8964), stale_frame 0, bad_range 0, bad_dir 0, bad_caps 0, bad_ver 0, auth_fail 0, replay 0, frozen 0, dup 9
09-09 00:33:40.202 13643 12419 I WiVRn   : [2026-09-09 00:33:40.202] [WiVRn] [info] nxwarp[0]: 121 frames in 2.0 s: 86897 B/frame, wait-prev 0.0 ms, wall 13.4 ms, nxvc passA 1.2 passB 5.2 gpu 6.4 ms; holes 0, refused 0
09-09 00:33:40.202 13643 12419 I WiVRn   : [2026-09-09 00:33:40.202] [WiVRn] [info] nxwarp[0] gpu duty 386 ms/s (39% of one GPU) for decode alone; the display pass is extra
09-09 00:33:40.202 13643 12419 I WiVRn   : [2026-09-09 00:33:40.202] [WiVRn] [info] nxwarp[0] passB 5.2 ms = warp 0.0 + skip 0.0 + coded 0.0 + dir 0.0 + other 5.2; tiles skip 0 / coded 2312 / dir 0 (eye pass 0)
09-09 00:33:40.202 13643 12419 I WiVRn   : [2026-09-09 00:33:40.202] [WiVRn] [info] nxwarp[0]: 134 frames dropped late (queue kept to 1)
09-09 00:33:40.202 13643 12419 I WiVRn   : [2026-09-09 00:33:40.202] [WiVRn] [info] nxwarp[0] stage: gap 3.2 | wait-prev 0.0 | submit 1.1 (qlock 0.0 + codec 1.1) | get_free 0.0 | fence-pre 0.0 | record 0.1 | qsubmit 0.0 | fence-post 12.2 | publish 0.0 ms; withheld 10, stride 1, arrival 15.7 ms
09-09 00:33:40.202 13643 12419 I WiVRn   : [2026-09-09 00:33:40.202] [WiVRn] [info] nxwarp[0] reassembly (network thread): 0.06 ms/frame over 131 frames, buffer 85 kB held for 85 kB of unit (1.0x)
09-09 00:33:40.202 13643 12419 I WiVRn   : [2026-09-09 00:33:40.202] [WiVRn] [info] nxwarp[0] fence-post 12.2 ms = nxvc gpu 6.4 + copy gpu 1.31 + queue 4.5 (over 121 frames with timestamps)
09-09 00:33:40.269 13643 12370 I WiVRn   : [2026-09-09 00:33:40.269] [WiVRn] [info] render: 164 iterations in 2.0 s (81.8/s), 164 submitted a layer, 108 new-source, 0 skipped by the repeat gate, 0 with nothing to show; display period 12.2 ms
09-09 00:33:40.269 13643 12370 I WiVRn   : [2026-09-09 00:33:40.269] [WiVRn] [info] render: selected source transitions forward 108 backward 0 repeat 56, greatest forward gap 3
09-09 00:33:40.269 13643 12370 I WiVRn   : [2026-09-09 00:33:40.269] [WiVRn] [info] render: this app's own GPU pass 5.1 ms per iteration
09-09 00:33:40.269 13643 12370 I WiVRn   : [2026-09-09 00:33:40.269] [WiVRn] [info] render: defoveate 2160x2160 per eye x2 = 9.33 Mpx/frame at scale 1.00 atlas-prototype 0; 56 re-presented from the cache (reduce_gpu_load on)
09-09 00:33:40.269 13643 12370 I WiVRn   : [2026-09-09 00:33:40.269] [WiVRn] [info] render: shader path sharpness 0.00 fsr false alpha false motion false blend false glow 0.28 vignette 0.00 deband 1.00 lowpoly 0.00 levels 0 full-kernel false
09-09 00:33:40.269 13643 12370 I WiVRn   : [2026-09-09 00:33:40.269] [WiVRn] [info] render: per iteration fence 3.7 (worst 15.3) | queries 0.0 | submit 0.0 | whole render() 4.4 ms
09-09 00:33:40.269 13643 12370 I WiVRn   : [2026-09-09 00:33:40.269] [WiVRn] [info] render: jit on | wake slack 47.5 ms | slept 0.6 ms mean (max 0.6, 164 of 164 iterations) | budget 21.7 = pass 20.7 + margin 1.0 | sleep cap 0.6 ms
09-09 00:33:40.269 13643 12370 I WiVRn   : [2026-09-09 00:33:40.269] [WiVRn] [info] render: source display-time offset 81.3 ms mean (worst 112.8) over 164 frames | submit lead 42.6 ms mean (worst 23.3) | misses: 0 overrun 0 late 0 skipped refresh
09-09 00:33:41.181 13643 12398 I WiVRn   : [2026-09-09 00:33:41.181] [WiVRn] [info] nxwarp[0] net: 143 frames closed in 2.0 s, 0 with a hole, 0 out-of-order datagrams, 0 frames completed late, 0 queued for the worker, 289 decoded so far, 432 stragglers dropped; last hole 0/0 chunks, first missing -1, short false, chunk 1166 B
09-09 00:33:41.181 13643 12398 I WiVRn   : [2026-09-09 00:33:41.181] [WiVRn] [info] nxwarp[0] net: 0.034 ms per datagram over 17446 datagrams (295.67 ms of every second)
09-09 00:33:41.181 13643 12398 I WiVRn   : [2026-09-09 00:33:41.181] [WiVRn] [info] nxwarp[0] sel: stride 1, arrival 13.3 ms, dropped-late 142, withheld 28, decoded 289
09-09 00:33:41.181 13643 12398 I WiVRn   : [2026-09-09 00:33:41.181] [WiVRn] [info] nxwarp[0] rx: 52788 datagrams, placed 1001096 (+330616), late 24065 (+8346), stale_frame 0, bad_range 0, bad_dir 0, bad_caps 0, bad_ver 0, auth_fail 0, replay 0, frozen 0, dup 14
09-09 00:33:42.209 13643 12419 I WiVRn   : [2026-09-09 00:33:42.209] [WiVRn] [info] nxwarp[0]: 132 frames in 2.0 s: 86896 B/frame, wait-prev 0.0 ms, wall 12.7 ms, nxvc passA 1.2 passB 5.0 gpu 6.2 ms; holes 0, refused 0
09-09 00:33:42.209 13643 12419 I WiVRn   : [2026-09-09 00:33:42.209] [WiVRn] [info] nxwarp[0] gpu duty 408 ms/s (41% of one GPU) for decode alone; the display pass is extra
09-09 00:33:42.209 13643 12419 I WiVRn   : [2026-09-09 00:33:42.209] [WiVRn] [info] nxwarp[0] passB 5.0 ms = warp 0.0 + skip 0.0 + coded 0.0 + dir 0.0 + other 5.0; tiles skip 0 / coded 2312 / dir 0 (eye pass 0)
09-09 00:33:42.209 13643 12419 I WiVRn   : [2026-09-09 00:33:42.209] [WiVRn] [info] nxwarp[0]: 151 frames dropped late (queue kept to 1)
09-09 00:33:42.209 13643 12419 I WiVRn   : [2026-09-09 00:33:42.209] [WiVRn] [info] nxwarp[0] stage: gap 2.5 | wait-prev 0.0 | submit 1.1 (qlock 0.0 + codec 1.1) | get_free 0.0 | fence-pre 0.0 | record 0.1 | qsubmit 0.0 | fence-post 11.6 | publish 0.0 ms; withheld 17, stride 1, arrival 12.4 ms
09-09 00:33:42.209 13643 12419 I WiVRn   : [2026-09-09 00:33:42.209] [WiVRn] [info] nxwarp[0] reassembly (network thread): 0.07 ms/frame over 149 frames, buffer 85 kB held for 85 kB of unit (1.0x)
09-09 00:33:42.209 13643 12419 I WiVRn   : [2026-09-09 00:33:42.209] [WiVRn] [info] nxwarp[0] fence-post 11.6 ms = nxvc gpu 6.2 + copy gpu 1.27 + queue 4.1 (over 132 frames with timestamps)
09-09 00:33:42.261 13643 12370 I WiVRn   : [2026-09-09 00:33:42.261] [WiVRn] [info] render: 164 iterations in 2.0 s (81.9/s), 164 submitted a layer, 110 new-source, 0 skipped by the repeat gate, 0 with nothing to show; display period 12.2 ms
09-09 00:33:42.261 13643 12370 I WiVRn   : [2026-09-09 00:33:42.261] [WiVRn] [info] render: selected source transitions forward 110 backward 0 repeat 54, greatest forward gap 4
09-09 00:33:42.261 13643 12370 I WiVRn   : [2026-09-09 00:33:42.261] [WiVRn] [info] render: this app's own GPU pass 5.0 ms per iteration
09-09 00:33:42.261 13643 12370 I WiVRn   : [2026-09-09 00:33:42.261] [WiVRn] [info] render: defoveate 2160x2160 per eye x2 = 9.33 Mpx/frame at scale 1.00 atlas-prototype 0; 54 re-presented from the cache (reduce_gpu_load on)
09-09 00:33:42.261 13643 12370 I WiVRn   : [2026-09-09 00:33:42.261] [WiVRn] [info] render: shader path sharpness 0.00 fsr false alpha false motion false blend false glow 0.28 vignette 0.00 deband 1.00 lowpoly 0.00 levels 0 full-kernel false
09-09 00:33:42.261 13643 12370 I WiVRn   : [2026-09-09 00:33:42.261] [WiVRn] [info] render: per iteration fence 3.9 (worst 16.2) | queries 0.0 | submit 0.0 | whole render() 4.4 ms
09-09 00:33:42.261 13643 12370 I WiVRn   : [2026-09-09 00:33:42.261] [WiVRn] [info] render: jit on | wake slack 45.6 ms | slept 0.8 ms mean (max 11.7, 164 of 164 iterations) | budget 20.1 = pass 19.1 + margin 1.0 | sleep cap 0.5 ms
09-09 00:33:42.261 13643 12370 I WiVRn   : [2026-09-09 00:33:42.261] [WiVRn] [info] render: source display-time offset 80.2 ms mean (worst 113.0) over 164 frames | submit lead 40.4 ms mean (worst 25.2) | misses: 0 overrun 0 late 1 skipped refresh
09-09 00:33:43.191 13643 12398 I WiVRn   : [2026-09-09 00:33:43.191] [WiVRn] [info] nxwarp[0] net: 145 frames closed in 2.0 s, 0 with a hole, 0 out-of-order datagrams, 0 frames completed late, 0 queued for the worker, 418 decoded so far, 577 stragglers dropped; last hole 0/0 chunks, first missing -1, short false, chunk 1166 B
09-09 00:33:43.191 13643 12398 I WiVRn   : [2026-09-09 00:33:43.191] [WiVRn] [info] nxwarp[0] net: 0.034 ms per datagram over 17690 datagrams (301.24 ms of every second)
09-09 00:33:43.191 13643 12398 I WiVRn   : [2026-09-09 00:33:43.191] [WiVRn] [info] nxwarp[0] sel: stride 1, arrival 13.5 ms, dropped-late 158, withheld 44, decoded 418
09-09 00:33:43.191 13643 12398 I WiVRn   : [2026-09-09 00:33:43.191] [WiVRn] [info] nxwarp[0] rx: 70478 datagrams, placed 1336336 (+335240), late 39813 (+15748), stale_frame 0, bad_range 0, bad_dir 0, bad_caps 0, bad_ver 0, auth_fail 0, replay 0, frozen 0, dup 24
09-09 00:33:44.211 13643 12419 I WiVRn   : [2026-09-09 00:33:44.211] [WiVRn] [info] nxwarp[0]: 129 frames in 2.0 s: 86897 B/frame, wait-prev 0.0 ms, wall 12.7 ms, nxvc passA 1.2 passB 5.0 gpu 6.2 ms; holes 0, refused 0
09-09 00:33:44.211 13643 12419 I WiVRn   : [2026-09-09 00:33:44.211] [WiVRn] [info] nxwarp[0] gpu duty 402 ms/s (40% of one GPU) for decode alone; the display pass is extra
09-09 00:33:44.211 13643 12419 I WiVRn   : [2026-09-09 00:33:44.211] [WiVRn] [info] nxwarp[0] passB 5.0 ms = warp 0.0 + skip 0.0 + coded 0.0 + dir 0.0 + other 5.0; tiles skip 0 / coded 2312 / dir 0 (eye pass 0)
09-09 00:33:44.211 13643 12419 I WiVRn   : [2026-09-09 00:33:44.211] [WiVRn] [info] nxwarp[0]: 166 frames dropped late (queue kept to 1)
09-09 00:33:44.211 13643 12419 I WiVRn   : [2026-09-09 00:33:44.211] [WiVRn] [info] nxwarp[0] stage: gap 2.8 | wait-prev 0.0 | submit 1.1 (qlock 0.0 + codec 1.1) | get_free 0.0 | fence-pre 0.0 | record 0.1 | qsubmit 0.0 | fence-post 11.5 | publish 0.0 ms; withheld 15, stride 1, arrival 17.2 ms
09-09 00:33:44.211 13643 12419 I WiVRn   : [2026-09-09 00:33:44.211] [WiVRn] [info] nxwarp[0] reassembly (network thread): 0.06 ms/frame over 143 frames, buffer 85 kB held for 85 kB of unit (1.0x)
09-09 00:33:44.211 13643 12419 I WiVRn   : [2026-09-09 00:33:44.211] [WiVRn] [info] nxwarp[0] fence-post 11.6 ms = nxvc gpu 6.2 + copy gpu 1.35 + queue 3.9 (over 129 frames with timestamps)
09-09 00:33:44.263 13643 12370 I WiVRn   : [2026-09-09 00:33:44.263] [WiVRn] [info] render: 165 iterations in 2.0 s (82.5/s), 165 submitted a layer, 110 new-source, 0 skipped by the repeat gate, 0 with nothing to show; display period 12.1 ms
09-09 00:33:44.263 13643 12370 I WiVRn   : [2026-09-09 00:33:44.263] [WiVRn] [info] render: selected source transitions forward 110 backward 0 repeat 55, greatest forward gap 4
09-09 00:33:44.263 13643 12370 I WiVRn   : [2026-09-09 00:33:44.263] [WiVRn] [info] render: this app's own GPU pass 4.9 ms per iteration
09-09 00:33:44.263 13643 12370 I WiVRn   : [2026-09-09 00:33:44.263] [WiVRn] [info] render: defoveate 2160x2160 per eye x2 = 9.33 Mpx/frame at scale 1.00 atlas-prototype 0; 55 re-presented from the cache (reduce_gpu_load on)
09-09 00:33:44.263 13643 12370 I WiVRn   : [2026-09-09 00:33:44.263] [WiVRn] [info] render: shader path sharpness 0.00 fsr false alpha false motion false blend false glow 0.28 vignette 0.00 deband 1.00 lowpoly 0.00 levels 0 full-kernel false
09-09 00:33:44.263 13643 12370 I WiVRn   : [2026-09-09 00:33:44.263] [WiVRn] [info] render: per iteration fence 3.6 (worst 14.8) | queries 0.0 | submit 0.0 | whole render() 4.1 ms
09-09 00:33:44.263 13643 12370 I WiVRn   : [2026-09-09 00:33:44.263] [WiVRn] [info] render: jit on | wake slack 46.0 ms | slept 1.0 ms mean (max 11.7, 165 of 165 iterations) | budget 18.4 = pass 17.4 + margin 1.0 | sleep cap 0.5 ms
09-09 00:33:44.263 13643 12370 I WiVRn   : [2026-09-09 00:33:44.263] [WiVRn] [info] render: source display-time offset 79.5 ms mean (worst 101.9) over 165 frames | submit lead 40.9 ms mean (worst 24.3) | misses: 0 overrun 0 late 1 skipped refresh
09-09 00:33:45.201 13643 12398 I WiVRn   : [2026-09-09 00:33:45.201] [WiVRn] [info] nxwarp[0] net: 144 frames closed in 2.0 s, 0 with a hole, 0 out-of-order datagrams, 0 frames completed late, 0 queued for the worker, 547 decoded so far, 721 stragglers dropped; last hole 0/0 chunks, first missing -1, short false, chunk 1166 B
09-09 00:33:45.201 13643 12398 I WiVRn   : [2026-09-09 00:33:45.201] [WiVRn] [info] nxwarp[0] net: 0.034 ms per datagram over 17568 datagrams (295.95 ms of every second)
09-09 00:33:45.201 13643 12398 I WiVRn   : [2026-09-09 00:33:45.201] [WiVRn] [info] nxwarp[0] sel: stride 1, arrival 17.8 ms, dropped-late 174, withheld 60, decoded 547
09-09 00:33:45.201 13643 12398 I WiVRn   : [2026-09-09 00:33:45.201] [WiVRn] [info] nxwarp[0] rx: 88046 datagrams, placed 1669264 (+332928), late 41546 (+1733), stale_frame 0, bad_range 0, bad_dir 0, bad_caps 0, bad_ver 0, auth_fail 0, replay 0, frozen 0, dup 25
09-09 00:33:45.506 13643 12370 I WiVRn   : [2026-09-09 00:33:45.506] [WiVRn] [info] Session state changed at timestamp 0: XR_SESSION_STATE_FOCUSED => XR_SESSION_STATE_VISIBLE
09-09 00:33:45.506 13643 12370 I WiVRn   : [2026-09-09 00:33:45.506] [WiVRn] [info] Session state changed at timestamp 0: XR_SESSION_STATE_VISIBLE => XR_SESSION_STATE_SYNCHRONIZED
09-09 00:33:45.506 13643 12370 I WiVRn   : [2026-09-09 00:33:45.506] [WiVRn] [info] Session state changed at timestamp 0: XR_SESSION_STATE_SYNCHRONIZED => XR_SESSION_STATE_STOPPING
09-09 00:33:45.508 13643 12370 I WiVRn   : [2026-09-09 00:33:45.508] [WiVRn] [info] Session state changed at timestamp 0: XR_SESSION_STATE_STOPPING => XR_SESSION_STATE_IDLE
09-09 00:33:46.216 13643 12419 I WiVRn   : [2026-09-09 00:33:46.216] [WiVRn] [info] nxwarp[0]: 138 frames in 2.0 s: 84056 B/frame, wait-prev 0.0 ms, wall 11.4 ms, nxvc passA 0.8 passB 4.5 gpu 5.3 ms; holes 0, refused 0
09-09 00:33:46.216 13643 12419 I WiVRn   : [2026-09-09 00:33:46.216] [WiVRn] [info] nxwarp[0] gpu duty 366 ms/s (37% of one GPU) for decode alone; the display pass is extra
09-09 00:33:46.216 13643 12419 I WiVRn   : [2026-09-09 00:33:46.216] [WiVRn] [info] nxwarp[0] passB 4.5 ms = warp 0.0 + skip 0.0 + coded 0.0 + dir 0.0 + other 4.5; tiles skip 0 / coded 2312 / dir 0 (eye pass 0)
09-09 00:33:46.216 13643 12419 I WiVRn   : [2026-09-09 00:33:46.216] [WiVRn] [info] nxwarp[0]: 177 frames dropped late (queue kept to 1)
09-09 00:33:46.216 13643 12419 I WiVRn   : [2026-09-09 00:33:46.216] [WiVRn] [info] nxwarp[0] stage: gap 3.1 | wait-prev 0.0 | submit 2.3 (qlock 0.0 + codec 2.3) | get_free 0.0 | fence-pre 0.0 | record 0.1 | qsubmit 0.1 | fence-post 8.9 | publish 0.0 ms; withheld 11, stride 1, arrival 13.9 ms
09-09 00:33:46.216 13643 12419 I WiVRn   : [2026-09-09 00:33:46.216] [WiVRn] [info] nxwarp[0] reassembly (network thread): 0.10 ms/frame over 149 frames, buffer 82 kB held for 82 kB of unit (1.0x)
09-09 00:33:46.216 13643 12419 I WiVRn   : [2026-09-09 00:33:46.216] [WiVRn] [info] nxwarp[0] fence-post 9.0 ms = nxvc gpu 5.3 + copy gpu 1.21 + queue 2.4 (over 138 frames with timestamps)
09-09 00:33:47.214 13643 12398 I WiVRn   : [2026-09-09 00:33:47.214] [WiVRn] [info] nxwarp[0] net: 153 frames closed in 2.0 s, 0 with a hole, 0 out-of-order datagrams, 0 frames completed late, 0 queued for the worker, 697 decoded so far, 874 stragglers dropped; last hole 0/0 chunks, first missing -1, short false, chunk 1166 B
09-09 00:33:47.214 13643 12398 I WiVRn   : [2026-09-09 00:33:47.214] [WiVRn] [info] nxwarp[0] net: 0.093 ms per datagram over 17386 datagrams (806.25 ms of every second)
09-09 00:33:47.214 13643 12398 I WiVRn   : [2026-09-09 00:33:47.214] [WiVRn] [info] nxwarp[0] sel: stride 1, arrival 12.8 ms, dropped-late 177, withheld 63, decoded 697
09-09 00:33:47.214 13643 12398 I WiVRn   : [2026-09-09 00:33:47.214] [WiVRn] [info] nxwarp[0] rx: 105432 datagrams, placed 2023000 (+353736), late 159167 (+117621), stale_frame 0, bad_range 0, bad_dir 0, bad_caps 0, bad_ver 0, auth_fail 0, replay 0, frozen 0, dup 117
09-09 00:33:48.024 13643 12370 I WiVRn   : [2026-09-09 00:33:48.024] [WiVRn] [info] Session state changed at timestamp 0: XR_SESSION_STATE_IDLE => XR_SESSION_STATE_READY
09-09 00:33:48.029 13643 12370 I WiVRn   : [2026-09-09 00:33:48.029] [WiVRn] [info] Session state changed at timestamp 0: XR_SESSION_STATE_READY => XR_SESSION_STATE_SYNCHRONIZED
09-09 00:33:48.030 13643 12370 I WiVRn   : [2026-09-09 00:33:48.030] [WiVRn] [info] Session state changed at timestamp 0: XR_SESSION_STATE_SYNCHRONIZED => XR_SESSION_STATE_VISIBLE
09-09 00:33:48.034 13643 12370 I WiVRn   : [2026-09-09 00:33:48.034] [WiVRn] [info] Session state changed at timestamp 0: XR_SESSION_STATE_VISIBLE => XR_SESSION_STATE_FOCUSED
09-09 00:33:48.221 13643 12419 I WiVRn   : [2026-09-09 00:33:48.221] [WiVRn] [info] nxwarp[0]: 153 frames in 2.0 s: 79882 B/frame, wait-prev 0.0 ms, wall 9.0 ms, nxvc passA 0.5 passB 3.6 gpu 4.2 ms; holes 6, refused 0
09-09 00:33:48.221 13643 12419 I WiVRn   : [2026-09-09 00:33:48.221] [WiVRn] [info] nxwarp[0] gpu duty 317 ms/s (32% of one GPU) for decode alone; the display pass is extra
09-09 00:33:48.221 13643 12419 I WiVRn   : [2026-09-09 00:33:48.221] [WiVRn] [info] nxwarp[0] passB 3.6 ms = warp 0.0 + skip 0.0 + coded 0.0 + dir 0.0 + other 3.6; tiles skip 0 / coded 2312 / dir 0 (eye pass 0)
09-09 00:33:48.221 13643 12419 I WiVRn   : [2026-09-09 00:33:48.221] [WiVRn] [info] nxwarp[0]: 195 frames dropped late (queue kept to 1)
09-09 00:33:48.221 13643 12419 I WiVRn   : [2026-09-09 00:33:48.221] [WiVRn] [info] nxwarp[0] stage: gap 4.1 | wait-prev 0.0 | submit 3.3 (qlock 0.0 + codec 3.3) | get_free 0.0 | fence-pre 0.0 | record 0.1 | qsubmit 0.1 | fence-post 5.4 | publish 0.0 ms; withheld 19, stride 1, arrival 11.3 ms
09-09 00:33:48.221 13643 12419 I WiVRn   : [2026-09-09 00:33:48.221] [WiVRn] [info] nxwarp[0] reassembly (network thread): 0.12 ms/frame over 178 frames, buffer 75 kB held for 75 kB of unit (1.0x)
09-09 00:33:48.221 13643 12419 I WiVRn   : [2026-09-09 00:33:48.221] [WiVRn] [info] nxwarp[0] fence-post 5.5 ms = nxvc gpu 4.2 + copy gpu 1.03 + queue 0.2 (over 153 frames with timestamps)
09-09 00:33:49.222 13643 12398 I WiVRn   : [2026-09-09 00:33:49.222] [WiVRn] [info] nxwarp[0] net: 174 frames closed in 2.0 s, 6 with a hole, 0 out-of-order datagrams, 0 frames completed late, 0 queued for the worker, 839 decoded so far, 1035 stragglers dropped; last hole 558/604 chunks, first missing 408, short false, chunk 1166 B
09-09 00:33:49.222 13643 12398 I WiVRn   : [2026-09-09 00:33:49.222] [WiVRn] [info] nxwarp[0] net: 0.049 ms per datagram over 19876 datagrams (484.13 ms of every second)
09-09 00:33:49.222 13643 12398 I WiVRn   : [2026-09-09 00:33:49.222] [WiVRn] [info] nxwarp[0] sel: stride 1, arrival 13.0 ms, dropped-late 202, withheld 89, decoded 839
09-09 00:33:49.222 13643 12398 I WiVRn   : [2026-09-09 00:33:49.222] [WiVRn] [info] nxwarp[0] rx: 125308 datagrams, placed 2415296 (+392296), late 202595 (+43428), stale_frame 0, bad_range 0, bad_dir 0, bad_caps 0, bad_ver 0, auth_fail 0, replay 0, frozen 0, dup 148
09-09 00:33:50.031 13643 12370 I WiVRn   : [2026-09-09 00:33:50.031] [WiVRn] [info] render: 163 iterations in 2.0 s (81.4/s), 162 submitted a layer, 116 new-source, 0 skipped by the repeat gate, 1 with nothing to show; display period 12.3 ms
09-09 00:33:50.031 13643 12370 I WiVRn   : [2026-09-09 00:33:50.031] [WiVRn] [info] render: selected source transitions forward 116 backward 0 repeat 46, greatest forward gap 220
09-09 00:33:50.031 13643 12370 I WiVRn   : [2026-09-09 00:33:50.031] [WiVRn] [info] render: this app's own GPU pass 5.2 ms per iteration
09-09 00:33:50.031 13643 12370 I WiVRn   : [2026-09-09 00:33:50.031] [WiVRn] [info] render: defoveate 2160x2160 per eye x2 = 9.33 Mpx/frame at scale 1.00 atlas-prototype 0; 46 re-presented from the cache (reduce_gpu_load on)
09-09 00:33:50.031 13643 12370 I WiVRn   : [2026-09-09 00:33:50.031] [WiVRn] [info] render: shader path sharpness 0.00 fsr false alpha false motion false blend false glow 0.28 vignette 0.00 deband 1.00 lowpoly 0.00 levels 0 full-kernel false
09-09 00:33:50.031 13643 12370 I WiVRn   : [2026-09-09 00:33:50.031] [WiVRn] [info] render: per iteration fence 4.5 (worst 15.5) | queries 0.0 | submit 0.0 | whole render() 4.9 ms
09-09 00:33:50.031 13643 12370 I WiVRn   : [2026-09-09 00:33:50.031] [WiVRn] [info] render: jit on | wake slack 47.4 ms | slept 0.7 ms mean (max 11.7, 162 of 163 iterations) | budget 16.4 = pass 15.4 + margin 1.0 | sleep cap 0.5 ms
09-09 00:33:50.031 13643 12370 I WiVRn   : [2026-09-09 00:33:50.031] [WiVRn] [info] render: source display-time offset 78.8 ms mean (worst 115.3) over 162 frames | submit lead 41.7 ms mean (worst 27.6) | misses: 0 overrun 0 late 1 skipped refresh
09-09 00:33:50.236 13643 12419 I WiVRn   : [2026-09-09 00:33:50.236] [WiVRn] [info] nxwarp[0]: 129 frames in 2.0 s: 88684 B/frame, wait-prev 0.0 ms, wall 13.0 ms, nxvc passA 1.2 passB 5.3 gpu 6.4 ms; holes 6, refused 0
09-09 00:33:50.236 13643 12419 I WiVRn   : [2026-09-09 00:33:50.236] [WiVRn] [info] nxwarp[0] gpu duty 411 ms/s (41% of one GPU) for decode alone; the display pass is extra
09-09 00:33:50.236 13643 12419 I WiVRn   : [2026-09-09 00:33:50.236] [WiVRn] [info] nxwarp[0] passB 5.3 ms = warp 0.0 + skip 0.0 + coded 0.0 + dir 0.0 + other 5.3; tiles skip 0 / coded 2312 / dir 0 (eye pass 0)
09-09 00:33:50.236 13643 12419 I WiVRn   : [2026-09-09 00:33:50.236] [WiVRn] [info] nxwarp[0]: 210 frames dropped late (queue kept to 1)
09-09 00:33:50.236 13643 12419 I WiVRn   : [2026-09-09 00:33:50.236] [WiVRn] [info] nxwarp[0] stage: gap 2.6 | wait-prev 0.0 | submit 1.0 (qlock 0.0 + codec 1.0) | get_free 0.0 | fence-pre 0.0 | record 0.1 | qsubmit 0.0 | fence-post 11.8 | publish 0.0 ms; withheld 14, stride 1, arrival 12.3 ms
09-09 00:33:50.236 13643 12419 I WiVRn   : [2026-09-09 00:33:50.236] [WiVRn] [info] nxwarp[0] reassembly (network thread): 0.06 ms/frame over 144 frames, buffer 87 kB held for 87 kB of unit (1.0x)
09-09 00:33:50.236 13643 12419 I WiVRn   : [2026-09-09 00:33:50.236] [WiVRn] [info] nxwarp[0] fence-post 11.9 ms = nxvc gpu 6.4 + copy gpu 1.23 + queue 4.2 (over 129 frames with timestamps)
09-09 00:33:51.233 13643 12398 I WiVRn   : [2026-09-09 00:33:51.233] [WiVRn] [info] nxwarp[0] net: 142 frames closed in 2.0 s, 0 with a hole, 0 out-of-order datagrams, 0 frames completed late, 0 queued for the worker, 966 decoded so far, 1177 stragglers dropped; last hole 558/604 chunks, first missing 408, short false, chunk 1166 B
09-09 00:33:51.233 13643 12398 I WiVRn   : [2026-09-09 00:33:51.233] [WiVRn] [info] nxwarp[0] net: 0.034 ms per datagram over 17324 datagrams (295.23 ms of every second)
09-09 00:33:51.233 13643 12398 I WiVRn   : [2026-09-09 00:33:51.233] [WiVRn] [info] nxwarp[0] sel: stride 1, arrival 12.5 ms, dropped-late 217, withheld 103, decoded 966
09-09 00:33:51.233 13643 12398 I WiVRn   : [2026-09-09 00:33:51.233] [WiVRn] [info] nxwarp[0] rx: 142632 datagrams, placed 2743600 (+328304), late 203301 (+706), stale_frame 0, bad_range 0, bad_dir 0, bad_caps 0, bad_ver 0, auth_fail 0, replay 0, frozen 0, dup 150
09-09 00:33:52.035 13643 12370 I WiVRn   : [2026-09-09 00:33:52.035] [WiVRn] [info] render: 169 iterations in 2.0 s (84.3/s), 169 submitted a layer, 110 new-source, 0 skipped by the repeat gate, 0 with nothing to show; display period 11.9 ms
09-09 00:33:52.035 13643 12370 I WiVRn   : [2026-09-09 00:33:52.035] [WiVRn] [info] render: selected source transitions forward 110 backward 0 repeat 59, greatest forward gap 3
09-09 00:33:52.035 13643 12370 I WiVRn   : [2026-09-09 00:33:52.035] [WiVRn] [info] render: this app's own GPU pass 4.8 ms per iteration
09-09 00:33:52.035 13643 12370 I WiVRn   : [2026-09-09 00:33:52.035] [WiVRn] [info] render: defoveate 2160x2160 per eye x2 = 9.33 Mpx/frame at scale 1.00 atlas-prototype 0; 59 re-presented from the cache (reduce_gpu_load on)
09-09 00:33:52.035 13643 12370 I WiVRn   : [2026-09-09 00:33:52.035] [WiVRn] [info] render: shader path sharpness 0.00 fsr false alpha false motion false blend false glow 0.28 vignette 0.00 deband 1.00 lowpoly 0.00 levels 0 full-kernel false
09-09 00:33:52.035 13643 12370 I WiVRn   : [2026-09-09 00:33:52.035] [WiVRn] [info] render: per iteration fence 3.3 (worst 14.8) | queries 0.0 | submit 0.0 | whole render() 3.8 ms
09-09 00:33:52.035 13643 12370 I WiVRn   : [2026-09-09 00:33:52.035] [WiVRn] [info] render: jit on | wake slack 45.6 ms | slept 0.5 ms mean (max 0.5, 169 of 169 iterations) | budget 15.9 = pass 14.9 + margin 1.0 | sleep cap 0.5 ms
09-09 00:33:52.035 13643 12370 I WiVRn   : [2026-09-09 00:33:52.035] [WiVRn] [info] render: source display-time offset 78.7 ms mean (worst 104.3) over 169 frames | submit lead 41.2 ms mean (worst 24.2) | misses: 0 overrun 0 late 0 skipped refresh
09-09 00:33:52.239 13643 12419 I WiVRn   : [2026-09-09 00:33:52.239] [WiVRn] [info] nxwarp[0]: 124 frames in 2.0 s: 88802 B/frame, wait-prev 0.0 ms, wall 12.9 ms, nxvc passA 1.1 passB 5.3 gpu 6.4 ms; holes 6, refused 0
09-09 00:33:52.239 13643 12419 I WiVRn   : [2026-09-09 00:33:52.239] [WiVRn] [info] nxwarp[0] gpu duty 396 ms/s (40% of one GPU) for decode alone; the display pass is extra
09-09 00:33:52.239 13643 12419 I WiVRn   : [2026-09-09 00:33:52.239] [WiVRn] [info] nxwarp[0] passB 5.3 ms = warp 0.0 + skip 0.0 + coded 0.0 + dir 0.0 + other 5.3; tiles skip 0 / coded 2312 / dir 0 (eye pass 0)
09-09 00:33:52.239 13643 12419 I WiVRn   : [2026-09-09 00:33:52.239] [WiVRn] [info] nxwarp[0]: 224 frames dropped late (queue kept to 1)
09-09 00:33:52.239 13643 12419 I WiVRn   : [2026-09-09 00:33:52.239] [WiVRn] [info] nxwarp[0] stage: gap 3.3 | wait-prev 0.0 | submit 1.1 (qlock 0.0 + codec 1.1) | get_free 0.0 | fence-pre 0.0 | record 0.1 | qsubmit 0.0 | fence-post 11.7 | publish 0.0 ms; withheld 15, stride 1, arrival 14.0 ms
09-09 00:33:52.239 13643 12419 I WiVRn   : [2026-09-09 00:33:52.239] [WiVRn] [info] nxwarp[0] reassembly (network thread): 0.06 ms/frame over 138 frames, buffer 87 kB held for 87 kB of unit (1.0x)
09-09 00:33:52.239 13643 12419 I WiVRn   : [2026-09-09 00:33:52.239] [WiVRn] [info] nxwarp[0] fence-post 11.7 ms = nxvc gpu 6.4 + copy gpu 1.22 + queue 4.1 (over 124 frames with timestamps)
09-09 00:33:53.233 13643 12398 I WiVRn   : [2026-09-09 00:33:53.233] [WiVRn] [info] nxwarp[0] net: 139 frames closed in 2.0 s, 0 with a hole, 0 out-of-order datagrams, 0 frames completed late, 0 queued for the worker, 1092 decoded so far, 1316 stragglers dropped; last hole 558/604 chunks, first missing 408, short false, chunk 1166 B
09-09 00:33:53.233 13643 12398 I WiVRn   : [2026-09-09 00:33:53.233] [WiVRn] [info] nxwarp[0] net: 0.034 ms per datagram over 16958 datagrams (285.29 ms of every second)
09-09 00:33:53.233 13643 12398 I WiVRn   : [2026-09-09 00:33:53.233] [WiVRn] [info] nxwarp[0] sel: stride 1, arrival 16.5 ms, dropped-late 231, withheld 118, decoded 1092
09-09 00:33:53.233 13643 12398 I WiVRn   : [2026-09-09 00:33:53.233] [WiVRn] [info] nxwarp[0] rx: 159590 datagrams, placed 3064968 (+321368), late 204143 (+842), stale_frame 0, bad_range 0, bad_dir 0, bad_caps 0, bad_ver 0, auth_fail 0, replay 0, frozen 0, dup 150
09-09 00:33:54.054 13643 12370 I WiVRn   : [2026-09-09 00:33:54.054] [WiVRn] [info] render: 161 iterations in 2.0 s (80.3/s), 161 submitted a layer, 117 new-source, 0 skipped by the repeat gate, 0 with nothing to show; display period 12.5 ms
09-09 00:33:54.054 13643 12370 I WiVRn   : [2026-09-09 00:33:54.054] [WiVRn] [info] render: selected source transitions forward 117 backward 0 repeat 44, greatest forward gap 3
09-09 00:33:54.054 13643 12370 I WiVRn   : [2026-09-09 00:33:54.054] [WiVRn] [info] render: this app's own GPU pass 5.4 ms per iteration
09-09 00:33:54.054 13643 12370 I WiVRn   : [2026-09-09 00:33:54.054] [WiVRn] [info] render: defoveate 2160x2160 per eye x2 = 9.33 Mpx/frame at scale 1.00 atlas-prototype 0; 44 re-presented from the cache (reduce_gpu_load on)
09-09 00:33:54.054 13643 12370 I WiVRn   : [2026-09-09 00:33:54.054] [WiVRn] [info] render: shader path sharpness 0.00 fsr false alpha false motion false blend false glow 0.28 vignette 0.00 deband 1.00 lowpoly 0.00 levels 0 full-kernel false
09-09 00:33:54.054 13643 12370 I WiVRn   : [2026-09-09 00:33:54.054] [WiVRn] [info] render: per iteration fence 5.2 (worst 15.0) | queries 0.0 | submit 0.0 | whole render() 5.7 ms
09-09 00:33:54.054 13643 12370 I WiVRn   : [2026-09-09 00:33:54.054] [WiVRn] [info] render: jit on | wake slack 47.0 ms | slept 1.0 ms mean (max 11.7, 161 of 161 iterations) | budget 15.9 = pass 14.9 + margin 1.0 | sleep cap 0.5 ms
09-09 00:33:54.054 13643 12370 I WiVRn   : [2026-09-09 00:33:54.054] [WiVRn] [info] render: source display-time offset 77.3 ms mean (worst 104.5) over 161 frames | submit lead 40.3 ms mean (worst 24.2) | misses: 0 overrun 0 late 1 skipped refresh
09-09 00:33:54.248 13643 12419 I WiVRn   : [2026-09-09 00:33:54.248] [WiVRn] [info] nxwarp[0]: 130 frames in 2.0 s: 88802 B/frame, wait-prev 0.0 ms, wall 13.0 ms, nxvc passA 1.2 passB 5.2 gpu 6.4 ms; holes 6, refused 0
09-09 00:33:54.248 13643 12419 I WiVRn   : [2026-09-09 00:33:54.248] [WiVRn] [info] nxwarp[0] gpu duty 414 ms/s (41% of one GPU) for decode alone; the display pass is extra
09-09 00:33:54.248 13643 12419 I WiVRn   : [2026-09-09 00:33:54.248] [WiVRn] [info] nxwarp[0] passB 5.2 ms = warp 0.0 + skip 0.0 + coded 0.0 + dir 0.0 + other 5.2; tiles skip 0 / coded 2312 / dir 0 (eye pass 0)
09-09 00:33:54.248 13643 12419 I WiVRn   : [2026-09-09 00:33:54.248] [WiVRn] [info] nxwarp[0]: 237 frames dropped late (queue kept to 1)
09-09 00:33:54.248 13643 12419 I WiVRn   : [2026-09-09 00:33:54.248] [WiVRn] [info] nxwarp[0] stage: gap 2.5 | wait-prev 0.0 | submit 1.1 (qlock 0.0 + codec 1.1) | get_free 0.0 | fence-pre 0.0 | record 0.1 | qsubmit 0.0 | fence-post 11.8 | publish 0.0 ms; withheld 12, stride 1, arrival 12.5 ms
09-09 00:33:54.248 13643 12419 I WiVRn   : [2026-09-09 00:33:54.248] [WiVRn] [info] nxwarp[0] reassembly (network thread): 0.06 ms/frame over 143 frames, buffer 87 kB held for 87 kB of unit (1.0x)
09-09 00:33:54.248 13643 12419 I WiVRn   : [2026-09-09 00:33:54.248] [WiVRn] [info] nxwarp[0] fence-post 11.8 ms = nxvc gpu 6.4 + copy gpu 1.22 + queue 4.2 (over 130 frames with timestamps)
09-09 00:33:55.235 13643 12398 I WiVRn   : [2026-09-09 00:33:55.235] [WiVRn] [info] nxwarp[0] net: 141 frames closed in 2.0 s, 0 with a hole, 0 out-of-order datagrams, 0 frames completed late, 0 queued for the worker, 1218 decoded so far, 1457 stragglers dropped; last hole 558/604 chunks, first missing 408, short false, chunk 1166 B
09-09 00:33:55.235 13643 12398 I WiVRn   : [2026-09-09 00:33:55.235] [WiVRn] [info] nxwarp[0] net: 0.035 ms per datagram over 17202 datagrams (296.98 ms of every second)
09-09 00:33:55.235 13643 12398 I WiVRn   : [2026-09-09 00:33:55.235] [WiVRn] [info] nxwarp[0] sel: stride 1, arrival 12.7 ms, dropped-late 245, withheld 132, decoded 1218
09-09 00:33:55.235 13643 12398 I WiVRn   : [2026-09-09 00:33:55.235] [WiVRn] [info] nxwarp[0] rx: 176792 datagrams, placed 3390960 (+325992), late 205749 (+1606), stale_frame 0, bad_range 0, bad_dir 0, bad_caps 0, bad_ver 0, auth_fail 0, replay 0, frozen 0, dup 150
09-09 00:33:56.041 13643 12370 I WiVRn   : [2026-09-09 00:33:56.041] [WiVRn] [info] render: 164 iterations in 2.0 s (82.0/s), 164 submitted a layer, 108 new-source, 0 skipped by the repeat gate, 0 with nothing to show; display period 12.2 ms
09-09 00:33:56.041 13643 12370 I WiVRn   : [2026-09-09 00:33:56.041] [WiVRn] [info] render: selected source transitions forward 108 backward 0 repeat 56, greatest forward gap 3
09-09 00:33:56.041 13643 12370 I WiVRn   : [2026-09-09 00:33:56.041] [WiVRn] [info] render: this app's own GPU pass 4.8 ms per iteration
09-09 00:33:56.041 13643 12370 I WiVRn   : [2026-09-09 00:33:56.041] [WiVRn] [info] render: defoveate 2160x2160 per eye x2 = 9.33 Mpx/frame at scale 1.00 atlas-prototype 0; 56 re-presented from the cache (reduce_gpu_load on)
09-09 00:33:56.041 13643 12370 I WiVRn   : [2026-09-09 00:33:56.041] [WiVRn] [info] render: shader path sharpness 0.00 fsr false alpha false motion false blend false glow 0.28 vignette 0.00 deband 1.00 lowpoly 0.00 levels 0 full-kernel false
09-09 00:33:56.041 13643 12370 I WiVRn   : [2026-09-09 00:33:56.041] [WiVRn] [info] render: per iteration fence 3.8 (worst 15.0) | queries 0.0 | submit 0.0 | whole render() 4.3 ms
09-09 00:33:56.041 13643 12370 I WiVRn   : [2026-09-09 00:33:56.041] [WiVRn] [info] render: jit on | wake slack 46.0 ms | slept 0.8 ms mean (max 11.7, 164 of 164 iterations) | budget 16.2 = pass 15.2 + margin 1.0 | sleep cap 0.5 ms
09-09 00:33:56.041 13643 12370 I WiVRn   : [2026-09-09 00:33:56.041] [WiVRn] [info] render: source display-time offset 78.3 ms mean (worst 104.6) over 164 frames | submit lead 40.8 ms mean (worst 24.3) | misses: 0 overrun 0 late 1 skipped refresh
09-09 00:33:56.261 13643 12419 I WiVRn   : [2026-09-09 00:33:56.261] [WiVRn] [info] nxwarp[0]: 124 frames in 2.0 s: 88802 B/frame, wait-prev 0.0 ms, wall 12.9 ms, nxvc passA 1.2 passB 5.2 gpu 6.5 ms; holes 6, refused 0
09-09 00:33:56.261 13643 12419 I WiVRn   : [2026-09-09 00:33:56.261] [WiVRn] [info] nxwarp[0] gpu duty 399 ms/s (40% of one GPU) for decode alone; the display pass is extra
09-09 00:33:56.261 13643 12419 I WiVRn   : [2026-09-09 00:33:56.261] [WiVRn] [info] nxwarp[0] passB 5.2 ms = warp 0.0 + skip 0.0 + coded 0.0 + dir 0.0 + other 5.2; tiles skip 0 / coded 2312 / dir 0 (eye pass 0)
09-09 00:33:56.261 13643 12419 I WiVRn   : [2026-09-09 00:33:56.261] [WiVRn] [info] nxwarp[0]: 251 frames dropped late (queue kept to 1)
09-09 00:33:56.261 13643 12419 I WiVRn   : [2026-09-09 00:33:56.261] [WiVRn] [info] nxwarp[0] stage: gap 3.3 | wait-prev 0.0 | submit 1.1 (qlock 0.0 + codec 1.1) | get_free 0.0 | fence-pre 0.0 | record 0.1 | qsubmit 0.0 | fence-post 11.7 | publish 0.0 ms; withheld 15, stride 1, arrival 15.0 ms
09-09 00:33:56.261 13643 12419 I WiVRn   : [2026-09-09 00:33:56.261] [WiVRn] [info] nxwarp[0] reassembly (network thread): 0.06 ms/frame over 137 frames, buffer 87 kB held for 87 kB of unit (1.0x)
09-09 00:33:56.261 13643 12419 I WiVRn   : [2026-09-09 00:33:56.261] [WiVRn] [info] nxwarp[0] fence-post 11.8 ms = nxvc gpu 6.5 + copy gpu 1.27 + queue 4.0 (over 124 frames with timestamps)
09-09 00:33:57.255 13643 12398 I WiVRn   : [2026-09-09 00:33:57.255] [WiVRn] [info] nxwarp[0] net: 141 frames closed in 2.0 s, 0 with a hole, 0 out-of-order datagrams, 0 frames completed late, 0 queued for the worker, 1345 decoded so far, 1598 stragglers dropped; last hole 558/604 chunks, first missing 408, short false, chunk 1166 B
09-09 00:33:57.255 13643 12398 I WiVRn   : [2026-09-09 00:33:57.255] [WiVRn] [info] nxwarp[0] net: 0.034 ms per datagram over 17202 datagrams (292.69 ms of every second)
09-09 00:33:57.255 13643 12398 I WiVRn   : [2026-09-09 00:33:57.255] [WiVRn] [info] nxwarp[0] sel: stride 1, arrival 11.5 ms, dropped-late 260, withheld 147, decoded 1345
09-09 00:33:57.255 13643 12398 I WiVRn   : [2026-09-09 00:33:57.255] [WiVRn] [info] nxwarp[0] rx: 193994 datagrams, placed 3716952 (+325992), late 207319 (+1570), stale_frame 0, bad_range 0, bad_dir 0, bad_caps 0, bad_ver 0, auth_fail 0, replay 0, frozen 0, dup 150
09-09 00:33:58.075 13643 12370 I WiVRn   : [2026-09-09 00:33:58.075] [WiVRn] [info] Session state changed at timestamp 0: XR_SESSION_STATE_FOCUSED => XR_SESSION_STATE_VISIBLE
09-09 00:33:58.075 13643 12370 I WiVRn   : [2026-09-09 00:33:58.075] [WiVRn] [info] Session state changed at timestamp 0: XR_SESSION_STATE_VISIBLE => XR_SESSION_STATE_SYNCHRONIZED
09-09 00:33:58.075 13643 12370 I WiVRn   : [2026-09-09 00:33:58.075] [WiVRn] [info] Session state changed at timestamp 0: XR_SESSION_STATE_SYNCHRONIZED => XR_SESSION_STATE_STOPPING
09-09 00:33:58.077 13643 12370 I WiVRn   : [2026-09-09 00:33:58.077] [WiVRn] [info] Session state changed at timestamp 0: XR_SESSION_STATE_STOPPING => XR_SESSION_STATE_IDLE
09-09 00:33:58.263 13643 12419 I WiVRn   : [2026-09-09 00:33:58.263] [WiVRn] [info] nxwarp[0]: 130 frames in 2.0 s: 88064 B/frame, wait-prev 0.0 ms, wall 12.2 ms, nxvc passA 1.1 passB 4.8 gpu 5.9 ms; holes 6, refused 0
09-09 00:33:58.263 13643 12419 I WiVRn   : [2026-09-09 00:33:58.263] [WiVRn] [info] nxwarp[0] gpu duty 384 ms/s (38% of one GPU) for decode alone; the display pass is extra
09-09 00:33:58.263 13643 12419 I WiVRn   : [2026-09-09 00:33:58.263] [WiVRn] [info] nxwarp[0] passB 4.8 ms = warp 0.0 + skip 0.0 + coded 0.0 + dir 0.0 + other 4.8; tiles skip 0 / coded 2312 / dir 0 (eye pass 0)
09-09 00:33:58.263 13643 12419 I WiVRn   : [2026-09-09 00:33:58.263] [WiVRn] [info] nxwarp[0]: 265 frames dropped late (queue kept to 1)
09-09 00:33:58.263 13643 12419 I WiVRn   : [2026-09-09 00:33:58.263] [WiVRn] [info] nxwarp[0] stage: gap 3.2 | wait-prev 0.0 | submit 1.5 (qlock 0.0 + codec 1.5) | get_free 0.0 | fence-pre 0.0 | record 0.1 | qsubmit 0.0 | fence-post 10.6 | publish 0.0 ms; withheld 14, stride 1, arrival 14.6 ms
09-09 00:33:58.264 13643 12419 I WiVRn   : [2026-09-09 00:33:58.264] [WiVRn] [info] nxwarp[0] reassembly (network thread): 0.07 ms/frame over 144 frames, buffer 86 kB held for 86 kB of unit (1.0x)
09-09 00:33:58.264 13643 12419 I WiVRn   : [2026-09-09 00:33:58.264] [WiVRn] [info] nxwarp[0] fence-post 10.7 ms = nxvc gpu 5.9 + copy gpu 1.43 + queue 3.3 (over 130 frames with timestamps)
09-09 00:33:59.268 13643 12398 I WiVRn   : [2026-09-09 00:33:59.268] [WiVRn] [info] nxwarp[0] net: 145 frames closed in 2.0 s, 0 with a hole, 0 out-of-order datagrams, 0 frames completed late, 0 queued for the worker, 1485 decoded so far, 1743 stragglers dropped; last hole 558/604 chunks, first missing 408, short false, chunk 1166 B
09-09 00:33:59.268 13643 12398 I WiVRn   : [2026-09-09 00:33:59.268] [WiVRn] [info] nxwarp[0] net: 0.080 ms per datagram over 16850 datagrams (671.15 ms of every second)
09-09 00:33:59.268 13643 12398 I WiVRn   : [2026-09-09 00:33:59.268] [WiVRn] [info] nxwarp[0] sel: stride 1, arrival 12.4 ms, dropped-late 265, withheld 152, decoded 1485
09-09 00:33:59.268 13643 12398 I WiVRn   : [2026-09-09 00:33:59.268] [WiVRn] [info] nxwarp[0] rx: 210844 datagrams, placed 4052192 (+335240), late 305298 (+97979), stale_frame 0, bad_range 0, bad_dir 0, bad_caps 0, bad_ver 0, auth_fail 0, replay 0, frozen 0, dup 219
09-09 00:34:00.265 13643 12419 I WiVRn   : [2026-09-09 00:34:00.265] [WiVRn] [info] nxwarp[0]: 148 frames in 2.0 s: 79315 B/frame, wait-prev 0.0 ms, wall 9.4 ms, nxvc passA 0.5 passB 3.5 gpu 4.0 ms; holes 11, refused 0
09-09 00:34:00.265 13643 12419 I WiVRn   : [2026-09-09 00:34:00.265] [WiVRn] [info] nxwarp[0] gpu duty 292 ms/s (29% of one GPU) for decode alone; the display pass is extra
09-09 00:34:00.265 13643 12419 I WiVRn   : [2026-09-09 00:34:00.265] [WiVRn] [info] nxwarp[0] passB 3.5 ms = warp 0.0 + skip 0.0 + coded 0.0 + dir 0.0 + other 3.5; tiles skip 0 / coded 2312 / dir 0 (eye pass 0)
09-09 00:34:00.265 13643 12419 I WiVRn   : [2026-09-09 00:34:00.265] [WiVRn] [info] nxwarp[0]: 266 frames dropped late (queue kept to 1)
09-09 00:34:00.265 13643 12419 I WiVRn   : [2026-09-09 00:34:00.265] [WiVRn] [info] nxwarp[0] stage: gap 4.1 | wait-prev 0.0 | submit 4.1 (qlock 0.0 + codec 4.1) | get_free 0.0 | fence-pre 0.0 | record 0.2 | qsubmit 0.1 | fence-post 5.0 | publish 0.0 ms; withheld 5, stride 1, arrival 14.1 ms
09-09 00:34:00.265 13643 12419 I WiVRn   : [2026-09-09 00:34:00.265] [WiVRn] [info] nxwarp[0] reassembly (network thread): 0.16 ms/frame over 154 frames, buffer 75 kB held for 75 kB of unit (1.0x)
09-09 00:34:00.265 13643 12419 I WiVRn   : [2026-09-09 00:34:00.265] [WiVRn] [info] nxwarp[0] fence-post 5.1 ms = nxvc gpu 4.0 + copy gpu 0.96 + queue 0.1 (over 148 frames with timestamps)
09-09 00:34:00.671 13643 12370 I WiVRn   : [2026-09-09 00:34:00.671] [WiVRn] [info] Session state changed at timestamp 0: XR_SESSION_STATE_IDLE => XR_SESSION_STATE_READY
09-09 00:34:00.680 13643 12370 I WiVRn   : [2026-09-09 00:34:00.680] [WiVRn] [info] Session state changed at timestamp 0: XR_SESSION_STATE_READY => XR_SESSION_STATE_SYNCHRONIZED
09-09 00:34:00.680 13643 12370 I WiVRn   : [2026-09-09 00:34:00.680] [WiVRn] [info] Session state changed at timestamp 0: XR_SESSION_STATE_SYNCHRONIZED => XR_SESSION_STATE_VISIBLE
09-09 00:34:00.680 13643 12370 I WiVRn   : [2026-09-09 00:34:00.680] [WiVRn] [info] Session state changed at timestamp 0: XR_SESSION_STATE_VISIBLE => XR_SESSION_STATE_FOCUSED
09-09 00:34:01.276 13643 12398 I WiVRn   : [2026-09-09 00:34:01.276] [WiVRn] [info] nxwarp[0] net: 182 frames closed in 2.0 s, 14 with a hole, 0 out-of-order datagrams, 0 frames completed late, 0 queued for the worker, 1631 decoded so far, 1893 stragglers dropped; last hole 392/400 chunks, first missing 332, short false, chunk 1166 B
09-09 00:34:01.276 13643 12398 I WiVRn   : [2026-09-09 00:34:01.276] [WiVRn] [info] nxwarp[0] net: 0.070 ms per datagram over 19841 datagrams (693.65 ms of every second)
09-09 00:34:01.276 13643 12398 I WiVRn   : [2026-09-09 00:34:01.276] [WiVRn] [info] nxwarp[0] sel: stride 1, arrival 12.2 ms, dropped-late 286, withheld 177, decoded 1631
09-09 00:34:01.276 13643 12398 I WiVRn   : [2026-09-09 00:34:01.276] [WiVRn] [info] nxwarp[0] rx: 230685 datagrams, placed 4452534 (+400342), late 394343 (+89045), stale_frame 0, bad_range 0, bad_dir 0, bad_caps 0, bad_ver 0, auth_fail 0, replay 0, frozen 0, dup 276
09-09 00:34:02.275 13643 12419 I WiVRn   : [2026-09-09 00:34:02.275] [WiVRn] [info] nxwarp[0]: 134 frames in 2.0 s: 86164 B/frame, wait-prev 0.0 ms, wall 11.3 ms, nxvc passA 0.9 passB 4.8 gpu 5.7 ms; holes 20, refused 0
09-09 00:34:02.275 13643 12419 I WiVRn   : [2026-09-09 00:34:02.275] [WiVRn] [info] nxwarp[0] gpu duty 378 ms/s (38% of one GPU) for decode alone; the display pass is extra
09-09 00:34:02.275 13643 12419 I WiVRn   : [2026-09-09 00:34:02.275] [WiVRn] [info] nxwarp[0] passB 4.8 ms = warp 0.0 + skip 0.0 + coded 0.0 + dir 0.0 + other 4.8; tiles skip 0 / coded 2312 / dir 0 (eye pass 0)
09-09 00:34:02.275 13643 12419 I WiVRn   : [2026-09-09 00:34:02.275] [WiVRn] [info] nxwarp[0]: 294 frames dropped late (queue kept to 1)
09-09 00:34:02.275 13643 12419 I WiVRn   : [2026-09-09 00:34:02.275] [WiVRn] [info] nxwarp[0] stage: gap 3.7 | wait-prev 0.0 | submit 1.6 (qlock 0.0 + codec 1.6) | get_free 0.0 | fence-pre 0.0 | record 0.1 | qsubmit 0.0 | fence-post 9.5 | publish 0.0 ms; withheld 28, stride 1, arrival 13.8 ms
09-09 00:34:02.275 13643 12419 I WiVRn   : [2026-09-09 00:34:02.275] [WiVRn] [info] nxwarp[0] reassembly (network thread): 0.07 ms/frame over 172 frames, buffer 79 kB held for 79 kB of unit (1.0x)
09-09 00:34:02.275 13643 12419 I WiVRn   : [2026-09-09 00:34:02.275] [WiVRn] [info] nxwarp[0] fence-post 9.6 ms = nxvc gpu 5.7 + copy gpu 1.29 + queue 2.6 (over 134 frames with timestamps)
09-09 00:34:02.275 13643 12419 I WiVRn   : [2026-09-09 00:34:02.275] [WiVRn] [info] nxwarp[0]: 1 of 134 frames measured a stall not attributable to decoding (worst wall 41.5 ms); clipped out of the reported decode cost and out of the stride
09-09 00:34:02.704 13643 12370 I WiVRn   : [2026-09-09 00:34:02.704] [WiVRn] [info] render: 163 iterations in 2.0 s (81.1/s), 162 submitted a layer, 107 new-source, 0 skipped by the repeat gate, 1 with nothing to show; display period 12.2 ms
09-09 00:34:02.704 13643 12370 I WiVRn   : [2026-09-09 00:34:02.704] [WiVRn] [info] render: selected source transitions forward 107 backward 0 repeat 55, greatest forward gap 236
09-09 00:34:02.704 13643 12370 I WiVRn   : [2026-09-09 00:34:02.704] [WiVRn] [info] render: this app's own GPU pass 4.8 ms per iteration
09-09 00:34:02.704 13643 12370 I WiVRn   : [2026-09-09 00:34:02.704] [WiVRn] [info] render: defoveate 2160x2160 per eye x2 = 9.33 Mpx/frame at scale 1.00 atlas-prototype 0; 55 re-presented from the cache (reduce_gpu_load on)
09-09 00:34:02.704 13643 12370 I WiVRn   : [2026-09-09 00:34:02.704] [WiVRn] [info] render: shader path sharpness 0.00 fsr false alpha false motion false blend false glow 0.28 vignette 0.00 deband 1.00 lowpoly 0.00 levels 0 full-kernel false
09-09 00:34:02.704 13643 12370 I WiVRn   : [2026-09-09 00:34:02.704] [WiVRn] [info] render: per iteration fence 3.5 (worst 16.0) | queries 0.0 | submit 0.0 | whole render() 4.0 ms
09-09 00:34:02.704 13643 12370 I WiVRn   : [2026-09-09 00:34:02.704] [WiVRn] [info] render: jit on | wake slack 46.5 ms | slept 0.8 ms mean (max 11.7, 157 of 163 iterations) | budget 24.6 = pass 23.6 + margin 1.0 | sleep cap 0.5 ms
09-09 00:34:02.704 13643 12370 I WiVRn   : [2026-09-09 00:34:02.704] [WiVRn] [info] render: source display-time offset 78.1 ms mean (worst 115.8) over 162 frames | submit lead 41.7 ms mean (worst 23.6) | misses: 0 overrun 0 late 1 skipped refresh
09-09 00:34:03.278 13643 12398 I WiVRn   : [2026-09-09 00:34:03.278] [WiVRn] [info] nxwarp[0] net: 137 frames closed in 2.0 s, 0 with a hole, 0 out-of-order datagrams, 0 frames completed late, 0 queued for the worker, 1754 decoded so far, 2030 stragglers dropped; last hole 392/400 chunks, first missing 332, short false, chunk 1166 B
09-09 00:34:03.278 13643 12398 I WiVRn   : [2026-09-09 00:34:03.278] [WiVRn] [info] nxwarp[0] net: 0.034 ms per datagram over 16714 datagrams (285.19 ms of every second)
09-09 00:34:03.278 13643 12398 I WiVRn   : [2026-09-09 00:34:03.278] [WiVRn] [info] nxwarp[0] sel: stride 1, arrival 16.2 ms, dropped-late 300, withheld 191, decoded 1754
09-09 00:34:03.278 13643 12398 I WiVRn   : [2026-09-09 00:34:03.278] [WiVRn] [info] nxwarp[0] rx: 247399 datagrams, placed 4769278 (+316744), late 395270 (+927), stale_frame 0, bad_range 0, bad_dir 0, bad_caps 0, bad_ver 0, auth_fail 0, replay 0, frozen 0, dup 276
09-09 00:34:04.281 13643 12419 I WiVRn   : [2026-09-09 00:34:04.281] [WiVRn] [info] nxwarp[0]: 123 frames in 2.0 s: 88802 B/frame, wait-prev 0.0 ms, wall 13.2 ms, nxvc passA 1.1 passB 5.3 gpu 6.4 ms; holes 20, refused 0
09-09 00:34:04.281 13643 12419 I WiVRn   : [2026-09-09 00:34:04.281] [WiVRn] [info] nxwarp[0] gpu duty 393 ms/s (39% of one GPU) for decode alone; the display pass is extra
09-09 00:34:04.281 13643 12419 I WiVRn   : [2026-09-09 00:34:04.281] [WiVRn] [info] nxwarp[0] passB 5.3 ms = warp 0.0 + skip 0.0 + coded 0.0 + dir 0.0 + other 5.3; tiles skip 0 / coded 2312 / dir 0 (eye pass 0)
09-09 00:34:04.282 13643 12419 I WiVRn   : [2026-09-09 00:34:04.282] [WiVRn] [info] nxwarp[0]: 306 frames dropped late (queue kept to 1)
09-09 00:34:04.282 13643 12419 I WiVRn   : [2026-09-09 00:34:04.282] [WiVRn] [info] nxwarp[0] stage: gap 3.1 | wait-prev 0.0 | submit 1.1 (qlock 0.0 + codec 1.1) | get_free 0.0 | fence-pre 0.0 | record 0.1 | qsubmit 0.0 | fence-post 12.0 | publish 0.0 ms; withheld 12, stride 1, arrival 14.8 ms
09-09 00:34:04.282 13643 12419 I WiVRn   : [2026-09-09 00:34:04.282] [WiVRn] [info] nxwarp[0] reassembly (network thread): 0.07 ms/frame over 135 frames, buffer 87 kB held for 87 kB of unit (1.0x)
09-09 00:34:04.282 13643 12419 I WiVRn   : [2026-09-09 00:34:04.282] [WiVRn] [info] nxwarp[0] fence-post 12.1 ms = nxvc gpu 6.4 + copy gpu 1.25 + queue 4.4 (over 123 frames with timestamps)
09-09 00:34:04.705 13643 12370 I WiVRn   : [2026-09-09 00:34:04.705] [WiVRn] [info] render: 167 iterations in 2.0 s (83.5/s), 167 submitted a layer, 108 new-source, 0 skipped by the repeat gate, 0 with nothing to show; display period 11.9 ms
09-09 00:34:04.705 13643 12370 I WiVRn   : [2026-09-09 00:34:04.705] [WiVRn] [info] render: selected source transitions forward 108 backward 0 repeat 59, greatest forward gap 3
09-09 00:34:04.705 13643 12370 I WiVRn   : [2026-09-09 00:34:04.705] [WiVRn] [info] render: this app's own GPU pass 4.8 ms per iteration
09-09 00:34:04.705 13643 12370 I WiVRn   : [2026-09-09 00:34:04.705] [WiVRn] [info] render: defoveate 2160x2160 per eye x2 = 9.33 Mpx/frame at scale 1.00 atlas-prototype 0; 59 re-presented from the cache (reduce_gpu_load on)
09-09 00:34:04.705 13643 12370 I WiVRn   : [2026-09-09 00:34:04.705] [WiVRn] [info] render: shader path sharpness 0.00 fsr false alpha false motion false blend false glow 0.28 vignette 0.00 deband 1.00 lowpoly 0.00 levels 0 full-kernel false
09-09 00:34:04.705 13643 12370 I WiVRn   : [2026-09-09 00:34:04.705] [WiVRn] [info] render: per iteration fence 3.2 (worst 16.3) | queries 0.0 | submit 0.0 | whole render() 3.7 ms
09-09 00:34:04.705 13643 12370 I WiVRn   : [2026-09-09 00:34:04.705] [WiVRn] [info] render: jit on | wake slack 45.7 ms | slept 0.5 ms mean (max 0.5, 167 of 167 iterations) | budget 21.6 = pass 20.6 + margin 1.0 | sleep cap 0.5 ms
09-09 00:34:04.705 13643 12370 I WiVRn   : [2026-09-09 00:34:04.705] [WiVRn] [info] render: source display-time offset 79.2 ms mean (worst 108.9) over 167 frames | submit lead 41.6 ms mean (worst 28.2) | misses: 0 overrun 0 late 0 skipped refresh
09-09 00:34:05.299 13643 12398 I WiVRn   : [2026-09-09 00:34:05.299] [WiVRn] [info] nxwarp[0] net: 138 frames closed in 2.0 s, 0 with a hole, 0 out-of-order datagrams, 0 frames completed late, 0 queued for the worker, 1879 decoded so far, 2168 stragglers dropped; last hole 392/400 chunks, first missing 332, short false, chunk 1166 B
09-09 00:34:05.300 13643 12398 I WiVRn   : [2026-09-09 00:34:05.300] [WiVRn] [info] nxwarp[0] net: 0.034 ms per datagram over 16836 datagrams (283.16 ms of every second)
09-09 00:34:05.300 13643 12398 I WiVRn   : [2026-09-09 00:34:05.300] [WiVRn] [info] nxwarp[0] sel: stride 1, arrival 15.8 ms, dropped-late 314, withheld 205, decoded 1879
09-09 00:34:05.300 13643 12398 I WiVRn   : [2026-09-09 00:34:05.300] [WiVRn] [info] nxwarp[0] rx: 264235 datagrams, placed 5088334 (+319056), late 395468 (+198), stale_frame 0, bad_range 0, bad_dir 0, bad_caps 0, bad_ver 0, auth_fail 0, replay 0, frozen 0, dup 276
09-09 00:34:06.297 13643 12419 I WiVRn   : [2026-09-09 00:34:06.297] [WiVRn] [info] nxwarp[0]: 127 frames in 2.0 s: 88802 B/frame, wait-prev 0.0 ms, wall 12.9 ms, nxvc passA 1.2 passB 5.2 gpu 6.4 ms; holes 20, refused 0
09-09 00:34:06.297 13643 12419 I WiVRn   : [2026-09-09 00:34:06.297] [WiVRn] [info] nxwarp[0] gpu duty 401 ms/s (40% of one GPU) for decode alone; the display pass is extra
09-09 00:34:06.297 13643 12419 I WiVRn   : [2026-09-09 00:34:06.297] [WiVRn] [info] nxwarp[0] passB 5.2 ms = warp 0.0 + skip 0.0 + coded 0.0 + dir 0.0 + other 5.2; tiles skip 0 / coded 2312 / dir 0 (eye pass 0)
09-09 00:34:06.297 13643 12419 I WiVRn   : [2026-09-09 00:34:06.297] [WiVRn] [info] nxwarp[0]: 321 frames dropped late (queue kept to 1)
09-09 00:34:06.297 13643 12419 I WiVRn   : [2026-09-09 00:34:06.297] [WiVRn] [info] nxwarp[0] stage: gap 3.0 | wait-prev 0.0 | submit 1.1 (qlock 0.0 + codec 1.1) | get_free 0.0 | fence-pre 0.0 | record 0.1 | qsubmit 0.0 | fence-post 11.7 | publish 0.0 ms; withheld 15, stride 1, arrival 14.5 ms
09-09 00:34:06.297 13643 12419 I WiVRn   : [2026-09-09 00:34:06.297] [WiVRn] [info] nxwarp[0] reassembly (network thread): 0.07 ms/frame over 142 frames, buffer 87 kB held for 87 kB of unit (1.0x)
09-09 00:34:06.297 13643 12419 I WiVRn   : [2026-09-09 00:34:06.297] [WiVRn] [info] nxwarp[0] fence-post 11.7 ms = nxvc gpu 6.4 + copy gpu 1.28 + queue 4.0 (over 127 frames with timestamps)
09-09 00:34:06.704 13643 12370 I WiVRn   : [2026-09-09 00:34:06.704] [WiVRn] [info] render: 170 iterations in 2.0 s (84.5/s), 170 submitted a layer, 110 new-source, 0 skipped by the repeat gate, 0 with nothing to show; display period 11.8 ms
09-09 00:34:06.704 13643 12370 I WiVRn   : [2026-09-09 00:34:06.704] [WiVRn] [info] render: selected source transitions forward 110 backward 0 repeat 60, greatest forward gap 3
09-09 00:34:06.704 13643 12370 I WiVRn   : [2026-09-09 00:34:06.704] [WiVRn] [info] render: this app's own GPU pass 4.8 ms per iteration
09-09 00:34:06.704 13643 12370 I WiVRn   : [2026-09-09 00:34:06.704] [WiVRn] [info] render: defoveate 2160x2160 per eye x2 = 9.33 Mpx/frame at scale 1.00 atlas-prototype 0; 60 re-presented from the cache (reduce_gpu_load on)
09-09 00:34:06.704 13643 12370 I WiVRn   : [2026-09-09 00:34:06.704] [WiVRn] [info] render: shader path sharpness 0.00 fsr false alpha false motion false blend false glow 0.28 vignette 0.00 deband 1.00 lowpoly 0.00 levels 0 full-kernel false
09-09 00:34:06.704 13643 12370 I WiVRn   : [2026-09-09 00:34:06.704] [WiVRn] [info] render: per iteration fence 3.3 (worst 15.4) | queries 0.0 | submit 0.0 | whole render() 3.7 ms
09-09 00:34:06.704 13643 12370 I WiVRn   : [2026-09-09 00:34:06.704] [WiVRn] [info] render: jit on | wake slack 45.1 ms | slept 0.7 ms mean (max 11.7, 170 of 170 iterations) | budget 19.9 = pass 18.9 + margin 1.0 | sleep cap 0.5 ms
09-09 00:34:06.704 13643 12370 I WiVRn   : [2026-09-09 00:34:06.704] [WiVRn] [info] render: source display-time offset 78.6 ms mean (worst 108.8) over 170 frames | submit lead 40.6 ms mean (worst 26.6) | misses: 0 overrun 0 late 1 skipped refresh
09-09 00:34:07.311 13643 12398 I WiVRn   : [2026-09-09 00:34:07.311] [WiVRn] [info] nxwarp[0] net: 145 frames closed in 2.0 s, 0 with a hole, 0 out-of-order datagrams, 0 frames completed late, 0 queued for the worker, 2007 decoded so far, 2313 stragglers dropped; last hole 392/400 chunks, first missing 332, short false, chunk 1166 B
09-09 00:34:07.311 13643 12398 I WiVRn   : [2026-09-09 00:34:07.311] [WiVRn] [info] nxwarp[0] net: 0.034 ms per datagram over 17690 datagrams (303.17 ms of every second)
09-09 00:34:07.311 13643 12398 I WiVRn   : [2026-09-09 00:34:07.311] [WiVRn] [info] nxwarp[0] sel: stride 1, arrival 12.4 ms, dropped-late 330, withheld 220, decoded 2007
09-09 00:34:07.311 13643 12398 I WiVRn   : [2026-09-09 00:34:07.311] [WiVRn] [info] nxwarp[0] rx: 281925 datagrams, placed 5423574 (+335240), late 396260 (+792), stale_frame 0, bad_range 0, bad_dir 0, bad_caps 0, bad_ver 0, auth_fail 0, replay 0, frozen 0, dup 277
09-09 00:34:08.311 13643 12419 I WiVRn   : [2026-09-09 00:34:08.311] [WiVRn] [info] nxwarp[0]: 127 frames in 2.0 s: 88802 B/frame, wait-prev 0.0 ms, wall 12.7 ms, nxvc passA 1.0 passB 5.3 gpu 6.3 ms; holes 20, refused 0
09-09 00:34:08.311 13643 12419 I WiVRn   : [2026-09-09 00:34:08.311] [WiVRn] [info] nxwarp[0] gpu duty 396 ms/s (40% of one GPU) for decode alone; the display pass is extra
09-09 00:34:08.311 13643 12419 I WiVRn   : [2026-09-09 00:34:08.311] [WiVRn] [info] nxwarp[0] passB 5.3 ms = warp 0.0 + skip 0.0 + coded 0.0 + dir 0.0 + other 5.3; tiles skip 0 / coded 2312 / dir 0 (eye pass 0)
09-09 00:34:08.311 13643 12419 I WiVRn   : [2026-09-09 00:34:08.311] [WiVRn] [info] nxwarp[0]: 337 frames dropped late (queue kept to 1)
09-09 00:34:08.311 13643 12419 I WiVRn   : [2026-09-09 00:34:08.311] [WiVRn] [info] nxwarp[0] stage: gap 3.2 | wait-prev 0.0 | submit 1.1 (qlock 0.0 + codec 1.1) | get_free 0.0 | fence-pre 0.0 | record 0.1 | qsubmit 0.0 | fence-post 11.4 | publish 0.0 ms; withheld 16, stride 1, arrival 13.2 ms
09-09 00:34:08.311 13643 12419 I WiVRn   : [2026-09-09 00:34:08.311] [WiVRn] [info] nxwarp[0] reassembly (network thread): 0.06 ms/frame over 143 frames, buffer 87 kB held for 87 kB of unit (1.0x)
09-09 00:34:08.311 13643 12419 I WiVRn   : [2026-09-09 00:34:08.311] [WiVRn] [info] nxwarp[0] fence-post 11.5 ms = nxvc gpu 6.3 + copy gpu 1.19 + queue 4.0 (over 127 frames with timestamps)
09-09 00:34:08.709 13643 12370 I WiVRn   : [2026-09-09 00:34:08.709] [WiVRn] [info] render: 170 iterations in 2.0 s (84.7/s), 170 submitted a layer, 110 new-source, 0 skipped by the repeat gate, 0 with nothing to show; display period 11.8 ms
09-09 00:34:08.709 13643 12370 I WiVRn   : [2026-09-09 00:34:08.709] [WiVRn] [info] render: selected source transitions forward 110 backward 0 repeat 60, greatest forward gap 3
09-09 00:34:08.709 13643 12370 I WiVRn   : [2026-09-09 00:34:08.709] [WiVRn] [info] render: this app's own GPU pass 4.8 ms per iteration
09-09 00:34:08.709 13643 12370 I WiVRn   : [2026-09-09 00:34:08.709] [WiVRn] [info] render: defoveate 2160x2160 per eye x2 = 9.33 Mpx/frame at scale 1.00 atlas-prototype 0; 60 re-presented from the cache (reduce_gpu_load on)
09-09 00:34:08.709 13643 12370 I WiVRn   : [2026-09-09 00:34:08.709] [WiVRn] [info] render: shader path sharpness 0.00 fsr false alpha false motion false blend false glow 0.28 vignette 0.00 deband 1.00 lowpoly 0.00 levels 0 full-kernel false
09-09 00:34:08.709 13643 12370 I WiVRn   : [2026-09-09 00:34:08.709] [WiVRn] [info] render: per iteration fence 3.2 (worst 15.7) | queries 0.0 | submit 0.0 | whole render() 3.6 ms
09-09 00:34:08.710 13643 12370 I WiVRn   : [2026-09-09 00:34:08.710] [WiVRn] [info] render: jit on | wake slack 44.5 ms | slept 0.9 ms mean (max 11.7, 170 of 170 iterations) | budget 18.2 = pass 17.2 + margin 1.0 | sleep cap 0.5 ms
09-09 00:34:08.710 13643 12370 I WiVRn   : [2026-09-09 00:34:08.710] [WiVRn] [info] render: source display-time offset 77.7 ms mean (worst 108.8) over 170 frames | submit lead 40.0 ms mean (worst 25.4) | misses: 0 overrun 0 late 1 skipped refresh
09-09 00:34:09.333 13643 12398 I WiVRn   : [2026-09-09 00:34:09.333] [WiVRn] [info] nxwarp[0] net: 142 frames closed in 2.0 s, 0 with a hole, 0 out-of-order datagrams, 0 frames completed late, 0 queued for the worker, 2135 decoded so far, 2455 stragglers dropped; last hole 392/400 chunks, first missing 332, short false, chunk 1166 B
09-09 00:34:09.333 13643 12398 I WiVRn   : [2026-09-09 00:34:09.333] [WiVRn] [info] nxwarp[0] net: 0.033 ms per datagram over 17324 datagrams (286.11 ms of every second)
09-09 00:34:09.333 13643 12398 I WiVRn   : [2026-09-09 00:34:09.333] [WiVRn] [info] nxwarp[0] sel: stride 1, arrival 13.8 ms, dropped-late 345, withheld 236, decoded 2135
09-09 00:34:09.333 13643 12398 I WiVRn   : [2026-09-09 00:34:09.333] [WiVRn] [info] nxwarp[0] rx: 299249 datagrams, placed 5751878 (+328304), late 396260 (+0), stale_frame 0, bad_range 0, bad_dir 0, bad_caps 0, bad_ver 0, auth_fail 0, replay 0, frozen 0, dup 277
09-09 00:34:10.313 13643 12419 I WiVRn   : [2026-09-09 00:34:10.313] [WiVRn] [info] nxwarp[0]: 126 frames in 2.0 s: 88802 B/frame, wait-prev 0.0 ms, wall 13.0 ms, nxvc passA 1.2 passB 5.3 gpu 6.4 ms; holes 20, refused 0
09-09 00:34:10.313 13643 12419 I WiVRn   : [2026-09-09 00:34:10.313] [WiVRn] [info] nxwarp[0] gpu duty 404 ms/s (40% of one GPU) for decode alone; the display pass is extra
09-09 00:34:10.313 13643 12419 I WiVRn   : [2026-09-09 00:34:10.313] [WiVRn] [info] nxwarp[0] passB 5.3 ms = warp 0.0 + skip 0.0 + coded 0.0 + dir 0.0 + other 5.3; tiles skip 0 / coded 2312 / dir 0 (eye pass 0)
09-09 00:34:10.313 13643 12419 I WiVRn   : [2026-09-09 00:34:10.313] [WiVRn] [info] nxwarp[0]: 351 frames dropped late (queue kept to 1)
09-09 00:34:10.313 13643 12419 I WiVRn   : [2026-09-09 00:34:10.313] [WiVRn] [info] nxwarp[0] stage: gap 2.9 | wait-prev 0.0 | submit 1.1 (qlock 0.0 + codec 1.1) | get_free 0.0 | fence-pre 0.0 | record 0.1 | qsubmit 0.0 | fence-post 11.8 | publish 0.0 ms; withheld 13, stride 1, arrival 12.8 ms
09-09 00:34:10.313 13643 12419 I WiVRn   : [2026-09-09 00:34:10.313] [WiVRn] [info] nxwarp[0] reassembly (network thread): 0.06 ms/frame over 140 frames, buffer 87 kB held for 87 kB of unit (1.0x)
09-09 00:34:10.313 13643 12419 I WiVRn   : [2026-09-09 00:34:10.313] [WiVRn] [info] nxwarp[0] fence-post 11.9 ms = nxvc gpu 6.4 + copy gpu 1.26 + queue 4.1 (over 126 frames with timestamps)
09-09 00:34:10.716 13643 12370 I WiVRn   : [2026-09-09 00:34:10.716] [WiVRn] [info] render: 166 iterations in 2.0 s (82.7/s), 166 submitted a layer, 110 new-source, 0 skipped by the repeat gate, 0 with nothing to show; display period 12.0 ms
09-09 00:34:10.716 13643 12370 I WiVRn   : [2026-09-09 00:34:10.716] [WiVRn] [info] render: selected source transitions forward 110 backward 0 repeat 56, greatest forward gap 3
09-09 00:34:10.716 13643 12370 I WiVRn   : [2026-09-09 00:34:10.716] [WiVRn] [info] render: this app's own GPU pass 4.9 ms per iteration
09-09 00:34:10.716 13643 12370 I WiVRn   : [2026-09-09 00:34:10.716] [WiVRn] [info] render: defoveate 2160x2160 per eye x2 = 9.33 Mpx/frame at scale 1.00 atlas-prototype 0; 56 re-presented from the cache (reduce_gpu_load on)
09-09 00:34:10.716 13643 12370 I WiVRn   : [2026-09-09 00:34:10.716] [WiVRn] [info] render: shader path sharpness 0.00 fsr false alpha false motion false blend false glow 0.28 vignette 0.00 deband 1.00 lowpoly 0.00 levels 0 full-kernel false
09-09 00:34:10.716 13643 12370 I WiVRn   : [2026-09-09 00:34:10.716] [WiVRn] [info] render: per iteration fence 4.0 (worst 14.7) | queries 0.0 | submit 0.0 | whole render() 4.5 ms
09-09 00:34:10.716 13643 12370 I WiVRn   : [2026-09-09 00:34:10.716] [WiVRn] [info] render: jit on | wake slack 44.0 ms | slept 0.5 ms mean (max 0.5, 166 of 166 iterations) | budget 16.6 = pass 15.6 + margin 1.0 | sleep cap 0.5 ms
09-09 00:34:10.716 13643 12370 I WiVRn   : [2026-09-09 00:34:10.716] [WiVRn] [info] render: source display-time offset 75.2 ms mean (worst 108.8) over 166 frames | submit lead 39.0 ms mean (worst 24.7) | misses: 0 overrun 0 late 0 skipped refresh
09-09 00:34:11.019 13643 12370 I WiVRn   : [2026-09-09 00:34:11.019] [WiVRn] [info] Session state changed at timestamp 0: XR_SESSION_STATE_FOCUSED => XR_SESSION_STATE_VISIBLE
09-09 00:34:11.019 13643 12370 I WiVRn   : [2026-09-09 00:34:11.019] [WiVRn] [info] Session state changed at timestamp 0: XR_SESSION_STATE_VISIBLE => XR_SESSION_STATE_SYNCHRONIZED
09-09 00:34:11.019 13643 12370 I WiVRn   : [2026-09-09 00:34:11.019] [WiVRn] [info] Session state changed at timestamp 0: XR_SESSION_STATE_SYNCHRONIZED => XR_SESSION_STATE_STOPPING
09-09 00:34:11.021 13643 12370 I WiVRn   : [2026-09-09 00:34:11.021] [WiVRn] [info] Session state changed at timestamp 0: XR_SESSION_STATE_STOPPING => XR_SESSION_STATE_IDLE
09-09 00:34:11.336 13643 12398 I WiVRn   : [2026-09-09 00:34:11.336] [WiVRn] [info] nxwarp[0] net: 142 frames closed in 2.0 s, 0 with a hole, 0 out-of-order datagrams, 0 frames completed late, 0 queued for the worker, 2266 decoded so far, 2597 stragglers dropped; last hole 392/400 chunks, first missing 332, short false, chunk 1166 B
09-09 00:34:11.336 13643 12398 I WiVRn   : [2026-09-09 00:34:11.336] [WiVRn] [info] nxwarp[0] net: 0.042 ms per datagram over 17104 datagrams (359.37 ms of every second)
09-09 00:34:11.336 13643 12398 I WiVRn   : [2026-09-09 00:34:11.336] [WiVRn] [info] nxwarp[0] sel: stride 1, arrival 13.5 ms, dropped-late 356, withheld 247, decoded 2266
09-09 00:34:11.336 13643 12398 I WiVRn   : [2026-09-09 00:34:11.336] [WiVRn] [info] nxwarp[0] rx: 316353 datagrams, placed 6080182 (+328304), late 416971 (+20711), stale_frame 0, bad_range 0, bad_dir 0, bad_caps 0, bad_ver 0, auth_fail 0, replay 0, frozen 0, dup 292
