 INFO [get_encoder_settings] nxwarp: both eyes on stream 0 as one 4352x2176 stereo frame (2312 tiles), stream 1 has no encoder
 INFO [video_encoder_nxwarp] nxwarp: "planar-gpu-centre" enabled (mixed centre/periphery stream)
 INFO [video_encoder_nxwarp] nxwarp: "entropy": "auto" -> lite (the headset advertises ENTROPY_LITE)
 INFO [video_encoder_nxwarp] nxwarp: "snap-identity": 16/16 sample (still tiles become a copy on the headset; error bounded by 0.50 sample)
 INFO [video_encoder_nxwarp] nxwarp: "planar": "prefer" (nxvc tool bit 35)
 INFO [video_encoder_nxwarp] nxwarp: stream 0 tools 0x842200c05 (INTRA_DC_PLANE RES_LEVEL INTER WARP CTX_V2 CTX_V3 ENTROPY_LITE bit35), headset 0xdf77a1fff -- negotiated
 INFO [video_encoder_nxwarp] nxwarp: stream 0 backend: nxvc_vk_encoder GPU compute encoder, nxvc_vk_encoder (E0/E3/E4/E5, intra only) (68x34 tiles, intra only, one QP per frame), reading the compositor image directly
 INFO [video_encoder_nxwarp] nxwarp: stream 0 2176x2176, nxvc_vk_encoder GPU compute encoder, nxvc_vk_encoder (E0/E3/E4/E5, intra only) (68x34 tiles, intra only, one QP per frame), rate control from QP 28 in 22..40 at 90 Hz, send pacing follows the headset's decode cost, 15..90 fps, 68x34 tiles in 6 band(s), 1166 bytes per transport tile
 INFO [video_encoder_nxwarp] nxwarp: "planar-gpu-centre" enabled (mixed centre/periphery stream)
 INFO [video_encoder_nxwarp] nxwarp: "entropy": "auto" -> lite (the headset advertises ENTROPY_LITE)
 INFO [video_encoder_nxwarp] nxwarp: "snap-identity": 16/16 sample (still tiles become a copy on the headset; error bounded by 0.50 sample)
 INFO [video_encoder_nxwarp] nxwarp: "planar": "prefer" (nxvc tool bit 35)
 INFO [video_encoder_nxwarp] nxwarp: stream 2 tools 0x842200c05 (INTRA_DC_PLANE RES_LEVEL INTER WARP CTX_V2 CTX_V3 ENTROPY_LITE bit35), headset 0xdf77a1fff -- negotiated
 INFO [video_encoder_nxwarp] nxwarp: stream 2 backend: nxvc_vk_encoder GPU compute encoder, nxvc_vk_encoder (E0/E3/E4/E5, intra only) (34x17 tiles, intra only, one QP per frame), reading the compositor image directly
 INFO [video_encoder_nxwarp] nxwarp: stream 2 2176x1088, nxvc_vk_encoder GPU compute encoder, nxvc_vk_encoder (E0/E3/E4/E5, intra only) (34x17 tiles, intra only, one QP per frame), rate control from QP 28 in 22..40 at 90 Hz, send pacing follows the headset's decode cost, 15..90 fps, 34x17 tiles in 3 band(s), 1166 bytes per transport tile
 INFO [reset_stream] nxwarp: stream 0 resumed for a new client: transport sequence restarted, stream header resent, next frame coded without a reference
 INFO [reset_stream] nxwarp: stream 2 resumed for a new client: transport sequence restarted, stream header resent, next frame coded without a reference
 INFO [update_lens_mask] nxwarp: stream 0 lens mask: 111 of 1156 tiles per eye masked (margin 1 tile, fov -53.3/53.3/53.3/-53.3 deg); flattened only: this backend has no skip-map input, so the tiles are coded as whatever the mode search makes of a constant grey
 INFO [encode] nxwarp: stream 0 rate control on: 76314363 bit/s is 105992 B/frame at 90 Hz, QP band 22..40
 INFO [encode] nxwarp: stream 0 stereo compose 0.000 ms/frame (max 0.000), 0.0% of the 1.9 ms encode
 INFO [encode] nxwarp: stream 0 encoded 1 frames in 9.4 s: 1.9 ms/frame (max 1.9), 79216 B/frame at fixed QP 28, paced to 90.0 fps (client decode not reported yet), 0 composited frame(s) not sent
 INFO [encode] nxwarp: stream 0 stereo compose 0.000 ms/frame (max 0.000), 0.0% of the 2.0 ms encode
 INFO [encode] nxwarp: stream 0 encoded 136 frames in 2.0 s: 2.0 ms/frame (max 3.1), 86638 B/frame vs 202422 target (-57%), QP 22.1 [22..27], controller allows 76.3 Mbit/s (at min QP), paced to 49.4 fps (client decode 9.4 ms), 45 composited frame(s) not sent, binding: bytes (decode 9.4 of 17.0 ms budget, floor +0)
 INFO [encode] nxwarp: stream 0 tile mapping: 136 frame(s) with per-tile spans, 0 with the fixed-chunk fallback ("tile-map": "auto")
 INFO [encode] nxwarp: stream 0 the headset did not reconstruct 115 frame(s) since the last report; 115 of them cost an all-intra frame and 0 named a frame older than one already coded intra and cost nothing. Last was frame 115, dropped by the worker backlog
 INFO [run_decode_rate_control] nxwarp: stream 0 decode 13.6 ms is over the 13.5 ms budget but 2 quantiser steps moved it less than 3%: holding the floor at +24 and releasing it. The decode is not paying for bits here (coded tiles 100% of the frame).
 INFO [encode] nxwarp: stream 0 stereo compose 0.000 ms/frame (max 0.000), 0.0% of the 2.7 ms encode
 INFO [encode] nxwarp: stream 0 encoded 135 frames in 2.0 s: 2.7 ms/frame (max 3.0), 86653 B/frame vs 159549 target (-46%), QP 22.3 [22..24], controller allows 76.3 Mbit/s (at min QP), paced to 60.0 fps (client decode 13.2 ms), 46 composited frame(s) not sent, binding: bytes (decode 13.2 of 13.4 ms budget, floor +0)
 INFO [encode] nxwarp: stream 0 tile mapping: 135 frame(s) with per-tile spans, 0 with the fixed-chunk fallback ("tile-map": "auto")
 INFO [encode] nxwarp: stream 0 the headset did not reconstruct 12 frame(s) since the last report; 12 of them cost an all-intra frame and 0 named a frame older than one already coded intra and cost nothing. Last was frame 262, dropped by the worker backlog
 INFO [encode] nxwarp: stream 0 stereo compose 0.000 ms/frame (max 0.000), 0.0% of the 2.7 ms encode
 INFO [encode] nxwarp: stream 0 encoded 141 frames in 2.0 s: 2.7 ms/frame (max 3.4), 86897 B/frame vs 152590 target (-43%), QP 22.0 [22..22], controller allows 76.3 Mbit/s (at min QP), paced to 59.7 fps (client decode 13.7 ms), 39 composited frame(s) not sent, binding: bytes (decode 13.7 of 12.8 ms budget, floor +0)
 INFO [encode] nxwarp: stream 0 tile mapping: 141 frame(s) with per-tile spans, 0 with the fixed-chunk fallback ("tile-map": "auto")
 INFO [encode] nxwarp: stream 0 the headset did not reconstruct 14 frame(s) since the last report; 14 of them cost an all-intra frame and 0 named a frame older than one already coded intra and cost nothing. Last was frame 409, dropped by the worker backlog
 INFO [encode] nxwarp: stream 0 stereo compose 0.000 ms/frame (max 0.000), 0.0% of the 2.6 ms encode
 INFO [encode] nxwarp: stream 0 encoded 145 frames in 2.0 s: 2.6 ms/frame (max 3.1), 86896 B/frame vs 158579 target (-45%), QP 22.0 [22..22], controller allows 76.3 Mbit/s (at min QP), paced to 60.6 fps (client decode 12.6 ms), 36 composited frame(s) not sent, binding: bytes (decode 12.6 of 13.3 ms budget, floor +0)
 INFO [encode] nxwarp: stream 0 tile mapping: 145 frame(s) with per-tile spans, 0 with the fixed-chunk fallback ("tile-map": "auto")
 INFO [encode] nxwarp: stream 0 the headset did not reconstruct 15 frame(s) since the last report; 15 of them cost an all-intra frame and 0 named a frame older than one already coded intra and cost nothing. Last was frame 552, dropped by the worker backlog
 INFO [encode] nxwarp: stream 0 stereo compose 0.000 ms/frame (max 0.000), 0.0% of the 2.6 ms encode
 INFO [encode] nxwarp: stream 0 encoded 145 frames in 2.0 s: 2.6 ms/frame (max 2.8), 86897 B/frame vs 113938 target (-24%), QP 22.0 [22..22], controller allows 53.4 Mbit/s (at min QP), paced to 58.8 fps (client decode 13.4 ms), 35 composited frame(s) not sent, binding: bytes (decode 13.4 of 13.7 ms budget, floor +0)
 INFO [encode] nxwarp: stream 0 tile mapping: 145 frame(s) with per-tile spans, 0 with the fixed-chunk fallback ("tile-map": "auto")
 INFO [encode] nxwarp: stream 0 the headset did not reconstruct 16 frame(s) since the last report; 16 of them cost an all-intra frame and 0 named a frame older than one already coded intra and cost nothing. Last was frame 697, dropped by the worker backlog
 INFO [encode] nxwarp: stream 0 stereo compose 0.000 ms/frame (max 0.000), 0.0% of the 2.1 ms encode
 INFO [encode] nxwarp: stream 0 encoded 171 frames in 2.0 s: 2.1 ms/frame (max 2.9), 81256 B/frame vs 74561 target (+9%), QP 26.0 [22..40], controller allows 53.4 Mbit/s (at max QP), paced to 89.7 fps (client decode 9.0 ms), 9 composited frame(s) not sent, binding: bytes (decode 9.0 of 8.9 ms budget, floor +0)
 INFO [encode] nxwarp: stream 0 tile mapping: 171 frame(s) with per-tile spans, 0 with the fixed-chunk fallback ("tile-map": "auto")
 INFO [encode] nxwarp: stream 0 the headset did not reconstruct 5 frame(s) since the last report; 5 of them cost an all-intra frame and 0 named a frame older than one already coded intra and cost nothing. Last was frame 741, dropped by the worker backlog
 INFO [encode] nxwarp: stream 0 stereo compose 0.000 ms/frame (max 0.000), 0.0% of the 2.2 ms encode
 INFO [encode] nxwarp: stream 0 encoded 158 frames in 2.0 s: 2.2 ms/frame (max 2.9), 82903 B/frame vs 42313 target (+96%), QP 36.5 [22..40], controller allows 21.4 Mbit/s (at max QP), paced to 63.1 fps (client decode 13.5 ms), 23 composited frame(s) not sent, binding: bytes (decode 13.5 of 12.7 ms budget, floor +0)
 INFO [encode] nxwarp: stream 0 tile mapping: 158 frame(s) with per-tile spans, 0 with the fixed-chunk fallback ("tile-map": "auto")
 INFO [encode] nxwarp: stream 0 the headset did not reconstruct 29 frame(s) since the last report; 29 of them cost an all-intra frame and 0 named a frame older than one already coded intra and cost nothing. Last was frame 1027, dropped by the worker backlog
 INFO [run_decode_rate_control] nxwarp: stream 0 decode window mean 10.1 ms is back under the 12.7 ms budget: the floor may rise again.
 INFO [encode] nxwarp: stream 0 stereo compose 0.000 ms/frame (max 0.000), 0.0% of the 2.6 ms encode
 INFO [encode] nxwarp: stream 0 encoded 141 frames in 2.0 s: 2.6 ms/frame (max 2.9), 88802 B/frame vs 44134 target (+101%), QP 40.0 [40..40], controller allows 21.4 Mbit/s (at max QP), paced to 60.9 fps (client decode 12.1 ms), 40 composited frame(s) not sent, binding: bytes (decode 12.1 of 13.2 ms budget, floor +40)
 INFO [encode] nxwarp: stream 0 tile mapping: 141 frame(s) with per-tile spans, 0 with the fixed-chunk fallback ("tile-map": "auto")
 INFO [encode] nxwarp: stream 0 the headset did not reconstruct 14 frame(s) since the last report; 14 of them cost an all-intra frame and 0 named a frame older than one already coded intra and cost nothing. Last was frame 1164, dropped by the worker backlog
 WARN [run_rate_control] nxwarp: stream 0 cannot reach its bitrate ceiling: at max QP 40 the frames are 88802 B and the ceiling allows 42536 B (21368020 bit/s at the 62.8 fps this stream is paced to, 90 Hz composited). This is the smallest frame this quantiser can make of this picture — raise the ceiling, lower the resolution, or raise "max-qp"
 INFO [run_decode_rate_control] nxwarp: stream 0 decode 13.3 ms is over the 13.2 ms budget but 2 quantiser steps moved it less than 3%: holding the floor at +40 and releasing it. The decode is not paying for bits here (coded tiles 100% of the frame).
 INFO [encode] nxwarp: stream 0 stereo compose 0.000 ms/frame (max 0.000), 0.0% of the 2.6 ms encode
 INFO [encode] nxwarp: stream 0 encoded 141 frames in 2.0 s: 2.6 ms/frame (max 2.9), 88802 B/frame vs 87225 target (+2%), QP 40.0 [40..40], controller allows 42.7 Mbit/s (at max QP), paced to 61.8 fps (client decode 11.5 ms), 39 composited frame(s) not sent, binding: bytes (decode 11.5 of 13.1 ms budget, floor +40)
 INFO [encode] nxwarp: stream 0 tile mapping: 141 frame(s) with per-tile spans, 0 with the fixed-chunk fallback ("tile-map": "auto")
 INFO [encode] nxwarp: stream 0 the headset did not reconstruct 15 frame(s) since the last report; 15 of them cost an all-intra frame and 0 named a frame older than one already coded intra and cost nothing. Last was frame 1304, dropped by the worker backlog
 INFO [encode] nxwarp: stream 0 stereo compose 0.000 ms/frame (max 0.000), 0.0% of the 2.6 ms encode
 INFO [encode] nxwarp: stream 0 encoded 141 frames in 2.0 s: 2.6 ms/frame (max 3.0), 88802 B/frame vs 83985 target (+6%), QP 40.0 [40..40], controller allows 42.7 Mbit/s (at max QP), paced to 63.9 fps (client decode 11.9 ms), 40 composited frame(s) not sent, binding: bytes (decode 11.9 of 12.6 ms budget, floor +37)
 INFO [encode] nxwarp: stream 0 tile mapping: 141 frame(s) with per-tile spans, 0 with the fixed-chunk fallback ("tile-map": "auto")
 INFO [encode] nxwarp: stream 0 the headset did not reconstruct 13 frame(s) since the last report; 13 of them cost an all-intra frame and 0 named a frame older than one already coded intra and cost nothing. Last was frame 1443, dropped by the worker backlog
 INFO [encode] nxwarp: stream 0 stereo compose 0.000 ms/frame (max 0.000), 0.0% of the 2.6 ms encode
 INFO [encode] nxwarp: stream 0 encoded 140 frames in 2.0 s: 2.6 ms/frame (max 3.0), 88802 B/frame vs 108348 target (-18%), QP 37.0 [34..40], controller allows 53.4 Mbit/s, paced to 61.7 fps (client decode 13.8 ms), 41 composited frame(s) not sent, binding: decode (decode 13.8 of 13.0 ms budget, floor +34)
 INFO [encode] nxwarp: stream 0 tile mapping: 140 frame(s) with per-tile spans, 0 with the fixed-chunk fallback ("tile-map": "auto")
 INFO [encode] nxwarp: stream 0 the headset did not reconstruct 15 frame(s) since the last report; 15 of them cost an all-intra frame and 0 named a frame older than one already coded intra and cost nothing. Last was frame 1589, dropped by the worker backlog
 INFO [encode] nxwarp: stream 0 stereo compose 0.000 ms/frame (max 0.000), 0.0% of the 2.2 ms encode
 INFO [encode] nxwarp: stream 0 encoded 162 frames in 2.0 s: 2.2 ms/frame (max 2.8), 84120 B/frame vs 80556 target (+4%), QP 26.7 [22..33], controller allows 53.4 Mbit/s (at min QP), paced to 83.0 fps (client decode 9.6 ms), 18 composited frame(s) not sent, binding: bytes (decode 9.6 of 9.7 ms budget, floor +0)
 INFO [encode] nxwarp: stream 0 tile mapping: 162 frame(s) with per-tile spans, 0 with the fixed-chunk fallback ("tile-map": "auto")
 INFO [encode] nxwarp: stream 0 the headset did not reconstruct 8 frame(s) since the last report; 8 of them cost an all-intra frame and 0 named a frame older than one already coded intra and cost nothing. Last was frame 1660, dropped by the worker backlog
 INFO [encode] nxwarp: stream 0 stereo compose 0.000 ms/frame (max 0.000), 0.0% of the 1.9 ms encode
 INFO [encode] nxwarp: stream 0 encoded 166 frames in 2.0 s: 1.9 ms/frame (max 2.8), 80085 B/frame vs 99612 target (-20%), QP 32.4 [22..40], controller allows 53.4 Mbit/s (at min QP), paced to 67.9 fps (client decode 9.2 ms), 15 composited frame(s) not sent, binding: bytes (decode 9.2 of 11.9 ms budget, floor +0)
 INFO [encode] nxwarp: stream 0 tile mapping: 166 frame(s) with per-tile spans, 0 with the fixed-chunk fallback ("tile-map": "auto")
 INFO [encode] nxwarp: stream 0 the headset did not reconstruct 32 frame(s) since the last report; 32 of them cost an all-intra frame and 0 named a frame older than one already coded intra and cost nothing. Last was frame 1903, dropped by the worker backlog
 INFO [run_decode_rate_control] nxwarp: stream 0 decode window mean 9.0 ms is back under the 11.8 ms budget: the floor may rise again.
 INFO [run_decode_rate_control] nxwarp: stream 0 decode 13.6 ms is over the 13.4 ms budget but 2 quantiser steps moved it less than 3%: holding the floor at +40 and releasing it. The decode is not paying for bits here (coded tiles 100% of the frame).
 INFO [encode] nxwarp: stream 0 stereo compose 0.000 ms/frame (max 0.000), 0.0% of the 2.6 ms encode
 INFO [encode] nxwarp: stream 0 encoded 146 frames in 2.0 s: 2.6 ms/frame (max 3.0), 88717 B/frame vs 43857 target (+102%), QP 39.0 [22..40], controller allows 21.4 Mbit/s (at max QP), paced to 61.2 fps (client decode 12.6 ms), 35 composited frame(s) not sent, binding: bytes (decode 12.6 of 13.1 ms budget, floor +36)
 INFO [encode] nxwarp: stream 0 tile mapping: 146 frame(s) with per-tile spans, 0 with the fixed-chunk fallback ("tile-map": "auto")
 INFO [encode] nxwarp: stream 0 the headset did not reconstruct 16 frame(s) since the last report; 16 of them cost an all-intra frame and 0 named a frame older than one already coded intra and cost nothing. Last was frame 2061, dropped by the worker backlog
 INFO [encode] nxwarp: stream 0 stereo compose 0.000 ms/frame (max 0.000), 0.0% of the 2.7 ms encode
 INFO [encode] nxwarp: stream 0 encoded 134 frames in 2.0 s: 2.7 ms/frame (max 3.0), 88802 B/frame vs 41784 target (+113%), QP 40.0 [40..40], controller allows 21.4 Mbit/s (CEILING UNREACHABLE, pinned at max QP), paced to 64.3 fps (client decode 11.8 ms), 46 composited frame(s) not sent, binding: bytes (decode 11.8 of 12.5 ms budget, floor +35)
 INFO [encode] nxwarp: stream 0 tile mapping: 134 frame(s) with per-tile spans, 0 with the fixed-chunk fallback ("tile-map": "auto")
 INFO [encode] nxwarp: stream 0 the headset did not reconstruct 12 frame(s) since the last report; 12 of them cost an all-intra frame and 0 named a frame older than one already coded intra and cost nothing. Last was frame 2191, dropped by the worker backlog
 INFO [encode] nxwarp: stream 0 stereo compose 0.000 ms/frame (max 0.000), 0.0% of the 2.7 ms encode
 INFO [encode] nxwarp: stream 0 encoded 143 frames in 2.0 s: 2.7 ms/frame (max 3.3), 88802 B/frame vs 44690 target (+99%), QP 40.0 [40..40], controller allows 21.4 Mbit/s (CEILING UNREACHABLE, pinned at max QP), paced to 60.2 fps (client decode 13.1 ms), 38 composited frame(s) not sent, binding: bytes (decode 13.1 of 13.4 ms budget, floor +27)
 INFO [encode] nxwarp: stream 0 tile mapping: 143 frame(s) with per-tile spans, 0 with the fixed-chunk fallback ("tile-map": "auto")
 INFO [encode] nxwarp: stream 0 the headset did not reconstruct 16 frame(s) since the last report; 16 of them cost an all-intra frame and 0 named a frame older than one already coded intra and cost nothing. Last was frame 2339, dropped by the worker backlog
 INFO [encode] nxwarp: stream 0 stereo compose 0.000 ms/frame (max 0.000), 0.0% of the 2.7 ms encode
 INFO [encode] nxwarp: stream 0 encoded 142 frames in 2.0 s: 2.7 ms/frame (max 3.0), 88802 B/frame vs 44543 target (+99%), QP 40.0 [40..40], controller allows 21.4 Mbit/s (CEILING UNREACHABLE, pinned at max QP), paced to 60.3 fps (client decode 12.6 ms), 39 composited frame(s) not sent, binding: bytes (decode 12.6 of 13.3 ms budget, floor +23)
 INFO [encode] nxwarp: stream 0 tile mapping: 142 frame(s) with per-tile spans, 0 with the fixed-chunk fallback ("tile-map": "auto")
 INFO [encode] nxwarp: stream 0 the headset did not reconstruct 15 frame(s) since the last report; 15 of them cost an all-intra frame and 0 named a frame older than one already coded intra and cost nothing. Last was frame 2483, dropped by the worker backlog
 INFO [run_decode_rate_control] nxwarp: stream 0 decode 13.5 ms is over the 13.2 ms budget but 2 quantiser steps moved it less than 3%: holding the floor at +40 and releasing it. The decode is not paying for bits here (coded tiles 100% of the frame).
 INFO [encode] nxwarp: stream 0 stereo compose 0.000 ms/frame (max 0.000), 0.0% of the 2.7 ms encode
 INFO [encode] nxwarp: stream 0 encoded 143 frames in 2.0 s: 2.7 ms/frame (max 3.0), 88802 B/frame vs 43616 target (+104%), QP 40.0 [40..40], controller allows 21.4 Mbit/s (CEILING UNREACHABLE, pinned at max QP), paced to 58.3 fps (client decode 13.8 ms), 37 composited frame(s) not sent, binding: bytes (decode 13.8 of 13.1 ms budget, floor +40)
 INFO [encode] nxwarp: stream 0 tile mapping: 143 frame(s) with per-tile spans, 0 with the fixed-chunk fallback ("tile-map": "auto")
 INFO [encode] nxwarp: stream 0 the headset did not reconstruct 14 frame(s) since the last report; 14 of them cost an all-intra frame and 0 named a frame older than one already coded intra and cost nothing. Last was frame 2628, dropped by the worker backlog
