Client connected
Server started, PID 3774852
 INFO [ipc_server_main_common] WiVRn 'nx-atlas-live-920ac878-dirty' starting up...
Setting the OpenVR compatibility library to /opt/xrizer
Listening for secondary paths on port 9757
 INFO [vk_bundle] Vulkan instance created:
	GPU: AMD Radeon RX 7900 XTX (RADV NAVI31)
	queue families: 1 3 1 (main, encode, transfer)

 INFO [get_encoder_settings] nxwarp: both eyes on stream 0 as one 4352x2176 stereo frame (2312 tiles), stream 1 has no encoder
 INFO [compositor] compositor: lens mask on, margin 1 tile; the foveation pass flattens what it covers (0 of 0 tiles per eye so far)
 INFO [comp_vulkan_formats_log] Supported formats:
	VK_FORMAT_R16G16B16A16_UNORM: true
	VK_FORMAT_R16G16B16A16_SFLOAT: true
	VK_FORMAT_R16G16B16_UNORM: false
	VK_FORMAT_R16G16B16_SFLOAT: false
	VK_FORMAT_R8G8B8A8_SRGB: true
	VK_FORMAT_B8G8R8A8_SRGB: true
	VK_FORMAT_R8G8B8_SRGB: false
	VK_FORMAT_R8G8B8A8_UNORM: true
	VK_FORMAT_B8G8R8A8_UNORM: true
	VK_FORMAT_R8G8B8_UNORM: false
	VK_FORMAT_B8G8R8_UNORM: false
	VK_FORMAT_R5G6B5_UNORM_PACK16: true
	VK_FORMAT_R32_SFLOAT: true
	VK_FORMAT_D32_SFLOAT: true
	VK_FORMAT_D16_UNORM: true
	VK_FORMAT_X8_D24_UNORM_PACK32: false
	VK_FORMAT_D24_UNORM_S8_UINT: false
	VK_FORMAT_D32_SFLOAT_S8_UINT: true
	VK_FORMAT_S8_UINT: true
 INFO [print_encoders] Encoder configuration:
	* nxwarp (nxwarp 8-bit)
	  size: 2176x2176
	  bitrate: 85.8Mbit/s
	* nxwarp (nxwarp 8-bit)
	  size: 2176x1088
	  bitrate: 2.1Mbit/s
 INFO [video_encoder_nxwarp] nxwarp: "planar-gpu-centre" enabled (mixed centre/periphery stream)
 INFO [video_encoder_nxwarp] nxwarp: "entropy": "auto" -> lite (the headset advertises ENTROPY_LITE)
 INFO [video_encoder_nxwarp] nxwarp: "snap-identity": 16/16 sample (still tiles become a copy on the headset; error bounded by 0.50 sample)
 INFO [video_encoder_nxwarp] nxwarp: "planar": "prefer" (nxvc tool bit 35)
 INFO [video_encoder_nxwarp] nxwarp: stream 0 tools 0x842200c05 (INTRA_DC_PLANE RES_LEVEL INTER WARP CTX_V2 CTX_V3 ENTROPY_LITE bit35), headset 0xdf77a1fff -- negotiated
 INFO [video_encoder_nxwarp] nxwarp: stream 0 backend: nxvc_vk_encoder GPU compute encoder, nxvc_vk_encoder (E0/E3/E4/E5, intra only) (68x34 tiles, intra only, one QP per frame), reading the compositor image directly
 INFO [video_encoder_nxwarp] nxwarp: stream 0 2176x2176, nxvc_vk_encoder GPU compute encoder, nxvc_vk_encoder (E0/E3/E4/E5, intra only) (68x34 tiles, intra only, one QP per frame), rate control from QP 28 in 22..40 at 90 Hz, send pacing follows the headset's decode cost, 15..90 fps, 68x34 tiles in 6 band(s), 1166 bytes per transport tile
 INFO [video_encoder_nxwarp] nxwarp: "planar-gpu-centre" enabled (mixed centre/periphery stream)
 INFO [video_encoder_nxwarp] nxwarp: "entropy": "auto" -> lite (the headset advertises ENTROPY_LITE)
 INFO [video_encoder_nxwarp] nxwarp: "snap-identity": 16/16 sample (still tiles become a copy on the headset; error bounded by 0.50 sample)
 INFO [video_encoder_nxwarp] nxwarp: "planar": "prefer" (nxvc tool bit 35)
 INFO [video_encoder_nxwarp] nxwarp: stream 2 tools 0x842200c05 (INTRA_DC_PLANE RES_LEVEL INTER WARP CTX_V2 CTX_V3 ENTROPY_LITE bit35), headset 0xdf77a1fff -- negotiated
 INFO [video_encoder_nxwarp] nxwarp: stream 2 backend: nxvc_vk_encoder GPU compute encoder, nxvc_vk_encoder (E0/E3/E4/E5, intra only) (34x17 tiles, intra only, one QP per frame), reading the compositor image directly
 INFO [video_encoder_nxwarp] nxwarp: stream 2 2176x1088, nxvc_vk_encoder GPU compute encoder, nxvc_vk_encoder (E0/E3/E4/E5, intra only) (34x17 tiles, intra only, one QP per frame), rate control from QP 28 in 22..40 at 90 Hz, send pacing follows the headset's decode cost, 15..90 fps, 34x17 tiles in 3 band(s), 1166 bytes per transport tile
 INFO [wivrn_hmd] edge bleed: rendering 5.0% overscan, 1.35 deg left / 1.35 deg up on eye 0 (same encoded size, so about 4.8% less sharp)
 INFO [pipewire_device] pipewire speaker stream created (quantum: 240 frames, 5.00 ms)
 INFO [mic_state_changed] Microphone state changed from PW_STREAM_STATE_UNCONNECTED to PW_STREAM_STATE_CONNECTING
 INFO [pipewire_device] pipewire microphone stream created (quantum: 240 frames, 5.00 ms)
 INFO [configure] Automatic bitrate enabled, AIMD (v1), ceiling 88.0 Mbit/s, floor 10.0 Mbit/s, radio trend on
 INFO [set_pacing] Packet pacing enabled, spreading each frame over 40% of a frame period
 INFO [apply_qos] Wi-Fi QoS marks enabled (video AF41 / AC_VI, control EF / AC_VO)
 INFO [set_fec] Forward error correction enabled, one parity shard per 8 video shards
 INFO [set_fec_adaptive] Adaptive error correction enabled, parity ratio between 16+1 and 4+1 with interleaved groups
 INFO [set_shard_retransmit] Shard retransmission enabled, keeping 1024 kB of recently sent shards per stream
 WARN [check_socket_path] path not found: /run/user/1000/SlimeVRRpc
 WARN [check_socket_path] path not found: /run/user/1000/.flatpak/dev.slimevr.SlimeVR/xdg-run/SlimeVRRpc
 WARN [check_socket_path] path not found: /home/nerdrx/.local/share/dev.slimevr.SlimeVR/SlimeVRRpc
ERROR [solarxr_ipc_socket_find] failed to resolve socket path
 INFO [u_linux_try_to_set_realtime_priority_on_thread] Raised priority of thread 'Multi Client Module' to policy: 'SCHED_FIFO', priority: '99'
 INFO [operator()] Session state changed: XR_SESSION_STATE_VISIBLE
 INFO [reset_stream] nxwarp: stream 0 resumed for a new client: transport sequence restarted, stream header resent, next frame coded without a reference
 INFO [reset_stream] nxwarp: stream 2 resumed for a new client: transport sequence restarted, stream header resent, next frame coded without a reference
 INFO [mic_state_changed] Microphone state changed from PW_STREAM_STATE_CONNECTING to PW_STREAM_STATE_PAUSED
 INFO [operator()] Updating interaction profiles: from 
	XRT_DEVICE_TOUCH_CONTROLLER (left)  to XRT_DEVICE_EXT_HAND_INTERACTION
	XRT_DEVICE_TOUCH_CONTROLLER (right) to XRT_DEVICE_EXT_HAND_INTERACTION

 INFO [client_connected] Client 1 connected
 INFO [ipc_handle_instance_describe_client] Client info:
	id: 1
	application_name: 'HelloXR'
	pid: 3774905
	extensions:
		ext_hand_tracking_enabled: false
		ext_hand_tracking_data_source_enabled: false
		ext_eye_gaze_interaction_enabled: false
		ext_future_enabled: false
		ext_hand_interaction_enabled: false
		htc_facial_tracking_enabled: false
		fb_body_tracking_enabled: false
		meta_body_tracking_full_body_enabled: false
		meta_body_tracking_calibration_enabled: false
		meta_body_tracking_fidelity_enabled: false
		fb_face_tracking2_enabled: false
		android_face_tracking_enabled: false
 INFO [update_session_state_locked] Started native session, 1 active app session(s).
 INFO [get_view_poses] geometry[eye 0]: panel fov L-51.99 R51.99 U51.99 D-51.99 -> rendered fov L-53.34 R53.34 U53.34 D-53.34 deg (overscan 0.050)
 INFO [get_view_poses] geometry[eye 1]: panel fov L-51.99 R51.99 U51.99 D-51.99 -> rendered fov L-53.34 R53.34 U53.34 D-53.34 deg (overscan 0.050)
 INFO [update_lens_mask] nxwarp: stream 0 lens mask: 111 of 1156 tiles per eye masked (margin 1 tile, fov -53.3/53.3/53.3/-53.3 deg); flattened only: this backend has no skip-map input, so the tiles are coded as whatever the mode search makes of a constant grey
 INFO [encode] nxwarp: stream 0 rate control on: 76314363 bit/s is 105992 B/frame at 90 Hz, QP band 22..40
 INFO [encode] nxwarp: stream 0 stereo compose 0.000 ms/frame (max 0.000), 0.0% of the 2.0 ms encode
 INFO [encode] nxwarp: stream 0 encoded 1 frames in 2.4 s: 2.0 ms/frame (max 2.0), 88432 B/frame at fixed QP 28, paced to 90.0 fps (client decode not reported yet), 0 composited frame(s) not sent
 INFO [layer_commit] geometry[eye 0]: layer fov (what the app rendered, and what goes on the wire) L-53.34 R53.34 U53.34 D-53.34 deg
 INFO [layer_commit] geometry[eye 1]: layer fov (what the app rendered, and what goes on the wire) L-53.34 R53.34 U53.34 D-53.34 deg
 INFO [encode] nxwarp: stream 0 stereo compose 0.000 ms/frame (max 0.000), 0.0% of the 1.7 ms encode
 INFO [encode] nxwarp: stream 0 encoded 123 frames in 2.0 s: 1.7 ms/frame (max 3.9), 132997 B/frame vs 114343 target (+16%), QP 34.8 [22..40], controller allows 76.3 Mbit/s, paced to 84.7 fps (client decode 8.1 ms), 59 composited frame(s) not sent, binding: bytes (decode 8.1 of 9.6 ms budget, floor +0)
 INFO [encode] nxwarp: stream 0 tile mapping: 113 frame(s) with per-tile spans, 10 with the fixed-chunk fallback ("tile-map": "auto")
 INFO [encode] nxwarp: stream 0 the headset did not reconstruct 73 frame(s) since the last report; 73 of them cost an all-intra frame and 0 named a frame older than one already coded intra and cost nothing. Last was frame 73, dropped by the worker backlog
 INFO [run_decode_rate_control] nxwarp: stream 0 decode 9.4 ms is over the 8.9 ms budget but 2 quantiser steps moved it less than 3%: holding the floor at +40 and releasing it. The decode is not paying for bits here (coded tiles 100% of the frame).
 INFO [encode] nxwarp: stream 0 stereo compose 0.000 ms/frame (max 0.000), 0.0% of the 2.2 ms encode
 INFO [encode] nxwarp: stream 0 encoded 167 frames in 2.0 s: 2.2 ms/frame (max 3.6), 141467 B/frame vs 108785 target (+30%), QP 40.0 [40..40], controller allows 76.3 Mbit/s (at max QP), paced to 87.4 fps (client decode 9.5 ms), 13 composited frame(s) not sent, binding: bytes (decode 9.5 of 9.1 ms budget, floor +40)
 INFO [encode] nxwarp: stream 0 tile mapping: 103 frame(s) with per-tile spans, 64 with the fixed-chunk fallback ("tile-map": "auto")
 WARN [run_rate_control] nxwarp: stream 0 cannot reach its bitrate ceiling: at max QP 40 the frames are 151562 B and the ceiling allows 110175 B (76314363 bit/s at the 86.6 fps this stream is budgeted at, 90 Hz composited). This is the smallest frame this quantiser can make of this picture — raise the ceiling, lower the resolution, or raise "max-qp"
 INFO [encode] nxwarp: stream 0 stereo compose 0.000 ms/frame (max 0.000), 0.0% of the 2.2 ms encode
 INFO [encode] nxwarp: stream 0 encoded 165 frames in 2.0 s: 2.2 ms/frame (max 4.0), 146759 B/frame vs 111127 target (+32%), QP 40.0 [40..40], controller allows 76.3 Mbit/s (CEILING UNREACHABLE, pinned at max QP), paced to 86.1 fps (client decode 9.6 ms), 15 composited frame(s) not sent, binding: bytes (decode 9.6 of 9.3 ms budget, floor +38)
 INFO [encode] nxwarp: stream 0 tile mapping: 45 frame(s) with per-tile spans, 120 with the fixed-chunk fallback ("tile-map": "auto")
 INFO [encode] nxwarp: stream 0 stereo compose 0.000 ms/frame (max 0.000), 0.0% of the 2.3 ms encode
 INFO [encode] nxwarp: stream 0 encoded 166 frames in 2.0 s: 2.3 ms/frame (max 3.9), 136969 B/frame vs 117343 target (+17%), QP 40.0 [40..40], controller allows 76.3 Mbit/s (CEILING UNREACHABLE, pinned at max QP), paced to 81.6 fps (client decode 9.5 ms), 14 composited frame(s) not sent, binding: bytes (decode 9.5 of 9.8 ms budget, floor +37)
 INFO [encode] nxwarp: stream 0 tile mapping: 159 frame(s) with per-tile spans, 7 with the fixed-chunk fallback ("tile-map": "auto")
 INFO [encode] nxwarp: stream 0 stereo compose 0.000 ms/frame (max 0.000), 0.0% of the 2.4 ms encode
 INFO [encode] nxwarp: stream 0 encoded 164 frames in 2.0 s: 2.4 ms/frame (max 4.1), 136788 B/frame vs 106059 target (+29%), QP 40.0 [40..40], controller allows 76.3 Mbit/s (CEILING UNREACHABLE, pinned at max QP), paced to 90.0 fps (client decode 9.2 ms), 16 composited frame(s) not sent, binding: bytes (decode 9.2 of 8.9 ms budget, floor +36)
 INFO [encode] nxwarp: stream 0 tile mapping: 159 frame(s) with per-tile spans, 5 with the fixed-chunk fallback ("tile-map": "auto")
 INFO [encode] nxwarp: stream 0 stereo compose 0.000 ms/frame (max 0.000), 0.0% of the 2.3 ms encode
 INFO [encode] nxwarp: stream 0 encoded 169 frames in 2.0 s: 2.3 ms/frame (max 3.9), 135022 B/frame vs 106777 target (+26%), QP 40.0 [40..40], controller allows 76.3 Mbit/s (CEILING UNREACHABLE, pinned at max QP), paced to 89.6 fps (client decode 8.6 ms), 12 composited frame(s) not sent, binding: bytes (decode 8.6 of 9.0 ms budget, floor +35)
 INFO [encode] nxwarp: stream 0 tile mapping: 169 frame(s) with per-tile spans, 0 with the fixed-chunk fallback ("tile-map": "auto")
 INFO [encode] nxwarp: stream 0 stereo compose 0.000 ms/frame (max 0.000), 0.0% of the 2.2 ms encode
 INFO [encode] nxwarp: stream 0 encoded 161 frames in 2.0 s: 2.2 ms/frame (max 3.5), 135844 B/frame vs 107333 target (+27%), QP 40.0 [40..40], controller allows 76.3 Mbit/s (CEILING UNREACHABLE, pinned at max QP), paced to 88.7 fps (client decode 9.7 ms), 20 composited frame(s) not sent, binding: bytes (decode 9.7 of 9.0 ms budget, floor +34)
 INFO [encode] nxwarp: stream 0 tile mapping: 161 frame(s) with per-tile spans, 0 with the fixed-chunk fallback ("tile-map": "auto")
 INFO [encode] nxwarp: stream 0 stereo compose 0.000 ms/frame (max 0.000), 0.0% of the 2.2 ms encode
 INFO [encode] nxwarp: stream 0 encoded 166 frames in 2.0 s: 2.2 ms/frame (max 3.8), 126430 B/frame vs 113675 target (+11%), QP 40.0 [40..40], controller allows 76.3 Mbit/s (CEILING UNREACHABLE, pinned at max QP), paced to 84.2 fps (client decode 9.3 ms), 14 composited frame(s) not sent, binding: bytes (decode 9.3 of 9.5 ms budget, floor +33)
 INFO [encode] nxwarp: stream 0 tile mapping: 166 frame(s) with per-tile spans, 0 with the fixed-chunk fallback ("tile-map": "auto")
 INFO [encode] nxwarp: stream 0 stereo compose 0.000 ms/frame (max 0.000), 0.0% of the 2.3 ms encode
 INFO [encode] nxwarp: stream 0 encoded 170 frames in 2.0 s: 2.3 ms/frame (max 3.7), 132103 B/frame vs 111388 target (+19%), QP 40.0 [40..40], controller allows 76.3 Mbit/s (CEILING UNREACHABLE, pinned at max QP), paced to 85.1 fps (client decode 10.4 ms), 11 composited frame(s) not sent, binding: bytes (decode 10.4 of 9.3 ms budget, floor +29)
 INFO [encode] nxwarp: stream 0 tile mapping: 162 frame(s) with per-tile spans, 8 with the fixed-chunk fallback ("tile-map": "auto")
 INFO [encode] nxwarp: stream 0 stereo compose 0.000 ms/frame (max 0.000), 0.0% of the 2.3 ms encode
 INFO [encode] nxwarp: stream 0 encoded 164 frames in 2.0 s: 2.3 ms/frame (max 3.9), 138615 B/frame vs 123335 target (+12%), QP 40.0 [40..40], controller allows 76.3 Mbit/s (CEILING UNREACHABLE, pinned at max QP), paced to 78.1 fps (client decode 8.6 ms), 17 composited frame(s) not sent, binding: bytes (decode 8.6 of 10.3 ms budget, floor +25)
 INFO [encode] nxwarp: stream 0 tile mapping: 154 frame(s) with per-tile spans, 10 with the fixed-chunk fallback ("tile-map": "auto")
 INFO [encode] nxwarp: stream 0 the headset did not reconstruct 1 frame(s) since the last report; 1 of them cost an all-intra frame and 0 named a frame older than one already coded intra and cost nothing. Last was frame 1600, dropped by the worker backlog
 INFO [encode] nxwarp: stream 0 stereo compose 0.000 ms/frame (max 0.000), 0.0% of the 2.4 ms encode
 INFO [encode] nxwarp: stream 0 encoded 164 frames in 2.0 s: 2.4 ms/frame (max 4.0), 151497 B/frame vs 115269 target (+31%), QP 40.0 [40..40], controller allows 76.3 Mbit/s (CEILING UNREACHABLE, pinned at max QP), paced to 82.3 fps (client decode 11.2 ms), 17 composited frame(s) not sent, binding: bytes (decode 11.2 of 9.7 ms budget, floor +0)
 INFO [encode] nxwarp: stream 0 tile mapping: 44 frame(s) with per-tile spans, 120 with the fixed-chunk fallback ("tile-map": "auto")
 INFO [encode] nxwarp: stream 0 stereo compose 0.000 ms/frame (max 0.000), 0.0% of the 2.4 ms encode
 INFO [encode] nxwarp: stream 0 encoded 162 frames in 2.0 s: 2.4 ms/frame (max 3.9), 154127 B/frame vs 112444 target (+37%), QP 40.0 [40..40], controller allows 76.3 Mbit/s (CEILING UNREACHABLE, pinned at max QP), paced to 84.9 fps (client decode 9.6 ms), 18 composited frame(s) not sent, binding: bytes (decode 9.6 of 9.4 ms budget, floor +0)
 INFO [encode] nxwarp: stream 0 tile mapping: 50 frame(s) with per-tile spans, 112 with the fixed-chunk fallback ("tile-map": "auto")
 INFO [encode] nxwarp: stream 0 stereo compose 0.000 ms/frame (max 0.000), 0.0% of the 2.3 ms encode
 INFO [encode] nxwarp: stream 0 encoded 164 frames in 2.0 s: 2.3 ms/frame (max 4.0), 148684 B/frame vs 114892 target (+29%), QP 40.0 [40..40], controller allows 76.3 Mbit/s (CEILING UNREACHABLE, pinned at max QP), paced to 83.2 fps (client decode 9.6 ms), 17 composited frame(s) not sent, binding: bytes (decode 9.6 of 9.6 ms budget, floor +0)
 INFO [encode] nxwarp: stream 0 tile mapping: 129 frame(s) with per-tile spans, 35 with the fixed-chunk fallback ("tile-map": "auto")
 INFO [encode] nxwarp: stream 0 stereo compose 0.000 ms/frame (max 0.000), 0.0% of the 2.3 ms encode
 INFO [encode] nxwarp: stream 0 encoded 162 frames in 2.0 s: 2.3 ms/frame (max 4.0), 144102 B/frame vs 114779 target (+26%), QP 40.0 [40..40], controller allows 76.3 Mbit/s (CEILING UNREACHABLE, pinned at max QP), paced to 83.0 fps (client decode 10.4 ms), 19 composited frame(s) not sent, binding: bytes (decode 10.4 of 9.6 ms budget, floor +0)
 INFO [encode] nxwarp: stream 0 tile mapping: 136 frame(s) with per-tile spans, 26 with the fixed-chunk fallback ("tile-map": "auto")
 INFO [encode] nxwarp: stream 0 stereo compose 0.000 ms/frame (max 0.000), 0.0% of the 2.6 ms encode
 INFO [encode] nxwarp: stream 0 encoded 168 frames in 2.0 s: 2.6 ms/frame (max 4.7), 145399 B/frame vs 108602 target (+34%), QP 40.0 [40..40], controller allows 76.3 Mbit/s (CEILING UNREACHABLE, pinned at max QP), paced to 88.4 fps (client decode 8.1 ms), 13 composited frame(s) not sent, binding: bytes (decode 8.1 of 9.1 ms budget, floor +0)
 INFO [encode] nxwarp: stream 0 tile mapping: 106 frame(s) with per-tile spans, 62 with the fixed-chunk fallback ("tile-map": "auto")
 INFO [encode] nxwarp: stream 0 stereo compose 0.000 ms/frame (max 0.000), 0.0% of the 2.6 ms encode
 INFO [encode] nxwarp: stream 0 encoded 164 frames in 2.0 s: 2.6 ms/frame (max 5.3), 139325 B/frame vs 111322 target (+25%), QP 40.0 [40..40], controller allows 76.3 Mbit/s (CEILING UNREACHABLE, pinned at max QP), paced to 86.4 fps (client decode 7.9 ms), 16 composited frame(s) not sent, binding: bytes (decode 7.9 of 9.3 ms budget, floor +0)
 INFO [encode] nxwarp: stream 0 tile mapping: 162 frame(s) with per-tile spans, 2 with the fixed-chunk fallback ("tile-map": "auto")
 INFO [encode] nxwarp: stream 0 stereo compose 0.000 ms/frame (max 0.000), 0.0% of the 3.0 ms encode
 INFO [encode] nxwarp: stream 0 encoded 166 frames in 2.0 s: 3.0 ms/frame (max 4.7), 128171 B/frame vs 105992 target (+21%), QP 40.0 [40..40], controller allows 76.3 Mbit/s (CEILING UNREACHABLE, pinned at max QP), paced to 90.0 fps (client decode 7.6 ms), 15 composited frame(s) not sent, binding: bytes (decode 7.6 of 8.9 ms budget, floor +0)
 INFO [encode] nxwarp: stream 0 tile mapping: 166 frame(s) with per-tile spans, 0 with the fixed-chunk fallback ("tile-map": "auto")
 WARN [run_rate_control] nxwarp: stream 0 cannot reach its bitrate ceiling: at max QP 40 the frames are 126615 B and the ceiling allows 105992 B (76314363 bit/s at the 90.0 fps this stream is budgeted at, 90 Hz composited). This is the smallest frame this quantiser can make of this picture — raise the ceiling, lower the resolution, or raise "max-qp"
 INFO [encode] nxwarp: stream 0 stereo compose 0.000 ms/frame (max 0.000), 0.0% of the 3.0 ms encode
 INFO [encode] nxwarp: stream 0 encoded 165 frames in 2.0 s: 3.0 ms/frame (max 4.8), 130878 B/frame vs 108338 target (+21%), QP 40.0 [40..40], controller allows 76.3 Mbit/s (CEILING UNREACHABLE, pinned at max QP), paced to 88.2 fps (client decode 9.0 ms), 15 composited frame(s) not sent, binding: bytes (decode 9.0 of 9.1 ms budget, floor +0)
 INFO [encode] nxwarp: stream 0 tile mapping: 165 frame(s) with per-tile spans, 0 with the fixed-chunk fallback ("tile-map": "auto")
 INFO [encode] nxwarp: stream 0 stereo compose 0.000 ms/frame (max 0.000), 0.0% of the 2.5 ms encode
 INFO [encode] nxwarp: stream 0 encoded 162 frames in 2.0 s: 2.5 ms/frame (max 4.3), 139961 B/frame vs 109314 target (+28%), QP 40.0 [40..40], controller allows 76.3 Mbit/s (CEILING UNREACHABLE, pinned at max QP), paced to 87.2 fps (client decode 9.7 ms), 19 composited frame(s) not sent, binding: bytes (decode 9.7 of 9.2 ms budget, floor +0)
 INFO [encode] nxwarp: stream 0 tile mapping: 160 frame(s) with per-tile spans, 2 with the fixed-chunk fallback ("tile-map": "auto")
 INFO [encode] nxwarp: stream 0 the headset did not reconstruct 1 frame(s) since the last report; 1 of them cost an all-intra frame and 0 named a frame older than one already coded intra and cost nothing. Last was frame 2974, dropped by the worker backlog
 INFO [encode] nxwarp: stream 0 stereo compose 0.000 ms/frame (max 0.000), 0.0% of the 2.1 ms encode
 INFO [encode] nxwarp: stream 0 encoded 166 frames in 2.0 s: 2.1 ms/frame (max 3.4), 132089 B/frame vs 105992 target (+25%), QP 40.0 [40..40], controller allows 76.3 Mbit/s (CEILING UNREACHABLE, pinned at max QP), paced to 89.9 fps (client decode 9.3 ms), 15 composited frame(s) not sent, binding: bytes (decode 9.3 of 8.9 ms budget, floor +0)
 INFO [encode] nxwarp: stream 0 tile mapping: 165 frame(s) with per-tile spans, 1 with the fixed-chunk fallback ("tile-map": "auto")
 INFO [encode] nxwarp: stream 0 stereo compose 0.000 ms/frame (max 0.000), 0.0% of the 2.2 ms encode
 INFO [encode] nxwarp: stream 0 encoded 165 frames in 2.0 s: 2.2 ms/frame (max 3.4), 125449 B/frame vs 106980 target (+17%), QP 40.0 [40..40], controller allows 76.3 Mbit/s (CEILING UNREACHABLE, pinned at max QP), paced to 88.7 fps (client decode 10.4 ms), 15 composited frame(s) not sent, binding: bytes (decode 10.4 of 9.0 ms budget, floor +0)
 INFO [encode] nxwarp: stream 0 tile mapping: 165 frame(s) with per-tile spans, 0 with the fixed-chunk fallback ("tile-map": "auto")
 INFO [encode] nxwarp: stream 0 stereo compose 0.000 ms/frame (max 0.000), 0.0% of the 2.2 ms encode
 INFO [encode] nxwarp: stream 0 encoded 164 frames in 2.0 s: 2.2 ms/frame (max 4.0), 132452 B/frame vs 119993 target (+10%), QP 40.0 [40..40], controller allows 76.3 Mbit/s (CEILING UNREACHABLE, pinned at max QP), paced to 79.5 fps (client decode 10.5 ms), 17 composited frame(s) not sent, binding: bytes (decode 10.5 of 10.1 ms budget, floor +0)
 INFO [encode] nxwarp: stream 0 tile mapping: 151 frame(s) with per-tile spans, 13 with the fixed-chunk fallback ("tile-map": "auto")
 INFO [encode] nxwarp: stream 0 stereo compose 0.000 ms/frame (max 0.000), 0.0% of the 2.1 ms encode
 INFO [encode] nxwarp: stream 0 encoded 165 frames in 2.0 s: 2.1 ms/frame (max 3.9), 144595 B/frame vs 108580 target (+33%), QP 40.0 [40..40], controller allows 76.3 Mbit/s (CEILING UNREACHABLE, pinned at max QP), paced to 87.6 fps (client decode 9.4 ms), 15 composited frame(s) not sent, binding: bytes (decode 9.4 of 9.1 ms budget, floor +0)
 INFO [encode] nxwarp: stream 0 tile mapping: 99 frame(s) with per-tile spans, 66 with the fixed-chunk fallback ("tile-map": "auto")
 INFO [encode] nxwarp: stream 0 stereo compose 0.000 ms/frame (max 0.000), 0.0% of the 2.1 ms encode
 INFO [encode] nxwarp: stream 0 encoded 160 frames in 2.0 s: 2.1 ms/frame (max 3.3), 147159 B/frame vs 105992 target (+39%), QP 40.0 [40..40], controller allows 76.3 Mbit/s (CEILING UNREACHABLE, pinned at max QP), paced to 90.0 fps (client decode 9.3 ms), 20 composited frame(s) not sent, binding: bytes (decode 9.3 of 8.9 ms budget, floor +0)
 INFO [encode] nxwarp: stream 0 tile mapping: 36 frame(s) with per-tile spans, 124 with the fixed-chunk fallback ("tile-map": "auto")
 INFO [encode] nxwarp: stream 0 stereo compose 0.000 ms/frame (max 0.000), 0.0% of the 2.1 ms encode
 INFO [encode] nxwarp: stream 0 encoded 168 frames in 2.0 s: 2.1 ms/frame (max 3.8), 134962 B/frame vs 106978 target (+26%), QP 40.0 [40..40], controller allows 76.3 Mbit/s (CEILING UNREACHABLE, pinned at max QP), paced to 88.9 fps (client decode 10.1 ms), 12 composited frame(s) not sent, binding: bytes (decode 10.1 of 9.0 ms budget, floor +0)
 INFO [encode] nxwarp: stream 0 tile mapping: 117 frame(s) with per-tile spans, 51 with the fixed-chunk fallback ("tile-map": "auto")
 INFO [encode] nxwarp: stream 0 stereo compose 0.000 ms/frame (max 0.000), 0.0% of the 2.1 ms encode
 INFO [encode] nxwarp: stream 0 encoded 169 frames in 2.0 s: 2.1 ms/frame (max 4.0), 137332 B/frame vs 110909 target (+24%), QP 40.0 [40..40], controller allows 76.3 Mbit/s (CEILING UNREACHABLE, pinned at max QP), paced to 86.7 fps (client decode 8.6 ms), 11 composited frame(s) not sent, binding: bytes (decode 8.6 of 9.3 ms budget, floor +0)
 INFO [encode] nxwarp: stream 0 tile mapping: 142 frame(s) with per-tile spans, 27 with the fixed-chunk fallback ("tile-map": "auto")
 INFO [encode] nxwarp: stream 0 stereo compose 0.000 ms/frame (max 0.000), 0.0% of the 2.1 ms encode
 INFO [encode] nxwarp: stream 0 encoded 164 frames in 2.0 s: 2.1 ms/frame (max 3.6), 139497 B/frame vs 106383 target (+31%), QP 40.0 [40..40], controller allows 76.3 Mbit/s (CEILING UNREACHABLE, pinned at max QP), paced to 89.6 fps (client decode 9.5 ms), 17 composited frame(s) not sent, binding: bytes (decode 9.5 of 8.9 ms budget, floor +0)
 INFO [encode] nxwarp: stream 0 tile mapping: 163 frame(s) with per-tile spans, 1 with the fixed-chunk fallback ("tile-map": "auto")
 INFO [encode] nxwarp: stream 0 stereo compose 0.000 ms/frame (max 0.000), 0.0% of the 2.3 ms encode
 INFO [encode] nxwarp: stream 0 encoded 167 frames in 2.0 s: 2.3 ms/frame (max 3.9), 136014 B/frame vs 110127 target (+24%), QP 40.0 [40..40], controller allows 76.3 Mbit/s (CEILING UNREACHABLE, pinned at max QP), paced to 86.7 fps (client decode 9.3 ms), 14 composited frame(s) not sent, binding: bytes (decode 9.3 of 9.2 ms budget, floor +0)
 INFO [encode] nxwarp: stream 0 tile mapping: 167 frame(s) with per-tile spans, 0 with the fixed-chunk fallback ("tile-map": "auto")
 INFO [encode] nxwarp: stream 0 stereo compose 0.000 ms/frame (max 0.000), 0.0% of the 2.2 ms encode
 INFO [encode] nxwarp: stream 0 encoded 172 frames in 2.0 s: 2.2 ms/frame (max 3.6), 138716 B/frame vs 108149 target (+28%), QP 40.0 [40..40], controller allows 76.3 Mbit/s (CEILING UNREACHABLE, pinned at max QP), paced to 88.6 fps (client decode 8.4 ms), 9 composited frame(s) not sent, binding: bytes (decode 8.4 of 9.1 ms budget, floor +0)
 INFO [encode] nxwarp: stream 0 tile mapping: 172 frame(s) with per-tile spans, 0 with the fixed-chunk fallback ("tile-map": "auto")
 INFO [client_disconnected] Client 1 disconnected
 INFO [update_session_state_locked] Stopped native session, 0 active app session(s).
