 INFO [get_encoder_settings] nxwarp: both eyes on stream 0 as one 2176x1088 stereo frame (578 tiles), stream 1 has no encoder
	* nxwarp (nxwarp 8-bit)
	* nxwarp (nxwarp 8-bit)
 INFO [video_encoder_nxwarp] nxwarp: "entropy": "auto" -> lite (the headset advertises ENTROPY_LITE)
 INFO [video_encoder_nxwarp] nxwarp: "snap-identity": 16/16 sample (still tiles become a copy on the headset; error bounded by 0.50 sample)
 INFO [video_encoder_nxwarp] nxwarp: "planar": "rd" -> "off" (the GPU backend has no planar mode)
 INFO [video_encoder_nxwarp] nxwarp: stream 0 tools 0x4c2200c05 (INTRA_DC_PLANE RES_LEVEL INTER WARP CTX_V2 CTX_V3 ENTROPY_LITE bit31 bit34), headset 0xdf77a1fff -- negotiated
 INFO [video_encoder_nxwarp] nxwarp: stream 0 backend: nxvc_vk_encoder GPU compute encoder, nxvc_vk_encoder (E0/E3/E4/E5, intra only) (34x17 tiles, intra only, one QP per frame), reading the compositor image directly
 INFO [video_encoder_nxwarp] nxwarp: stream 0 1088x1088, nxvc_vk_encoder GPU compute encoder, nxvc_vk_encoder (E0/E3/E4/E5, intra only) (34x17 tiles, intra only, one QP per frame), rate control from QP 28 in 22..40 at 90 Hz, send pacing follows the headset's decode cost, 15..90 fps, 34x17 tiles in 3 band(s), 1166 bytes per transport tile
 INFO [video_encoder_nxwarp] nxwarp: "entropy": "auto" -> lite (the headset advertises ENTROPY_LITE)
 INFO [video_encoder_nxwarp] nxwarp: "snap-identity": 16/16 sample (still tiles become a copy on the headset; error bounded by 0.50 sample)
 INFO [video_encoder_nxwarp] nxwarp: "planar": "rd" -> "off" (the GPU backend has no planar mode)
 INFO [video_encoder_nxwarp] nxwarp: stream 2 tools 0x4c2200c05 (INTRA_DC_PLANE RES_LEVEL INTER WARP CTX_V2 CTX_V3 ENTROPY_LITE bit31 bit34), headset 0xdf77a1fff -- negotiated
 INFO [video_encoder_nxwarp] nxwarp: stream 2 backend: nxvc_vk_encoder GPU compute encoder, nxvc_vk_encoder (E0/E3/E4/E5, intra only) (17x9 tiles, intra only, one QP per frame), reading the compositor image directly
 INFO [video_encoder_nxwarp] nxwarp: stream 2 1088x544, nxvc_vk_encoder GPU compute encoder, nxvc_vk_encoder (E0/E3/E4/E5, intra only) (17x9 tiles, intra only, one QP per frame), rate control from QP 28 in 22..40 at 90 Hz, send pacing follows the headset's decode cost, 15..90 fps, 17x9 tiles in 2 band(s), 1166 bytes per transport tile
 INFO [reset_stream] nxwarp: stream 0 resumed for a new client: transport sequence restarted, stream header resent, next frame coded without a reference
 INFO [reset_stream] nxwarp: stream 2 resumed for a new client: transport sequence restarted, stream header resent, next frame coded without a reference
 INFO [update_lens_mask] nxwarp: stream 0 lens mask: 0 of 289 tiles per eye masked (margin 1 tile, fov -53.3/53.3/53.3/-53.3 deg); flattened only: this backend has no skip-map input, so the tiles are coded as whatever the mode search makes of a constant grey
 INFO [encode] nxwarp: stream 0 rate control on: 43360433 bit/s is 60223 B/frame at 90 Hz, QP band 22..40
 INFO [report_frame] nxwarp atlas: 1 frames, avg skip 0 intra 578 coded 578, atlas 1 picture 0, avg worst disp 0.0 q4
 INFO [encode] nxwarp: stream 0 stereo compose 0.000 ms/frame (max 0.000), 0.0% of the 3.6 ms encode
 INFO [encode] nxwarp: stream 0 encoded 1 frames in 2.9 s: 3.6 ms/frame (max 3.6), 9118 B/frame at fixed QP 28, paced to 90.0 fps (client decode not reported yet), 0 composited frame(s) not sent
 INFO [run_decode_rate_control] nxwarp: stream 0 decode 65.5 ms is over the 20.1 ms budget but 2 quantiser steps moved it less than 3%: holding the floor at +26 and releasing it. The decode is not paying for bits here (coded tiles 100% of the frame).
 INFO [report_frame] nxwarp atlas: 127 frames, avg skip 435 intra 142 coded 142, atlas 127 picture 0, avg worst disp 0.0 q4
 INFO [encode] nxwarp: stream 0 stereo compose 0.000 ms/frame (max 0.000), 0.0% of the 3.9 ms encode
 INFO [encode] nxwarp: stream 0 encoded 127 frames in 2.0 s: 3.9 ms/frame (max 5.3), 45334 B/frame vs 98741 target (-54%), QP 22.8 [22..27], controller allows 43.4 Mbit/s, paced to 56.8 fps (client decode 10.0 ms), 55 composited frame(s) not sent, binding: bytes (decode 10.0 of 14.6 ms budget, floor +0)
 INFO [encode] nxwarp: stream 0 tile mapping: 123 frame(s) with per-tile spans, 4 with the fixed-chunk fallback ("tile-map": "auto")
 INFO [encode] nxwarp: stream 0 the headset did not reconstruct 105 frame(s) since the last report; 62 of them cost an all-intra frame and 43 named a frame older than one already coded intra and cost nothing. Last was frame 123, dropped by the worker backlog
 INFO [report_frame] nxwarp atlas: 178 frames, avg skip 432 intra 145 coded 145, atlas 178 picture 0, avg worst disp 0.0 q4
 INFO [encode] nxwarp: stream 0 stereo compose 0.000 ms/frame (max 0.000), 0.0% of the 3.8 ms encode
 INFO [encode] nxwarp: stream 0 encoded 178 frames in 2.0 s: 3.8 ms/frame (max 5.9), 47969 B/frame vs 42156 target (+14%), QP 22.6 [22..26], controller allows 30.4 Mbit/s (at min QP), paced to 90.0 fps (client decode 6.4 ms), 3 composited frame(s) not sent, binding: bytes (decode 6.4 of 8.9 ms budget, floor +0)
 INFO [encode] nxwarp: stream 0 tile mapping: 172 frame(s) with per-tile spans, 6 with the fixed-chunk fallback ("tile-map": "auto")
 INFO [encode] nxwarp: stream 0 the headset did not reconstruct 63 frame(s) since the last report; 63 of them cost an all-intra frame and 0 named a frame older than one already coded intra and cost nothing. Last was frame 298, dropped by the worker backlog
 INFO [run_decode_rate_control] nxwarp: stream 0 decode window mean 6.8 ms is back under the 8.9 ms budget: the floor may rise again.
 INFO [run_decode_rate_control] nxwarp: stream 0 decode 9.1 ms is over the 8.9 ms budget but 2 quantiser steps moved it less than 3%: holding the floor at +24 and releasing it. The decode is not paying for bits here (coded tiles 100% of the frame).
 INFO [report_frame] nxwarp atlas: 180 frames, avg skip 364 intra 213 coded 213, atlas 180 picture 0, avg worst disp 0.0 q4
 INFO [encode] nxwarp: stream 0 stereo compose 0.000 ms/frame (max 0.000), 0.0% of the 3.7 ms encode
 INFO [encode] nxwarp: stream 0 encoded 180 frames in 2.0 s: 3.7 ms/frame (max 6.2), 20094 B/frame vs 42156 target (-52%), QP 22.3 [22..24], controller allows 30.4 Mbit/s (at min QP), paced to 90.0 fps (client decode 6.5 ms), 0 composited frame(s) not sent, binding: bytes (decode 6.5 of 8.9 ms budget, floor +0)
 INFO [encode] nxwarp: stream 0 tile mapping: 180 frame(s) with per-tile spans, 0 with the fixed-chunk fallback ("tile-map": "auto")
 INFO [encode] nxwarp: stream 0 the headset did not reconstruct 38 frame(s) since the last report; 38 of them cost an all-intra frame and 0 named a frame older than one already coded intra and cost nothing. Last was frame 411, dropped by the worker backlog
 INFO [run_decode_rate_control] nxwarp: stream 0 decode window mean 5.7 ms is back under the 8.9 ms budget: the floor may rise again.
 INFO [report_frame] nxwarp atlas: 181 frames, avg skip 328 intra 249 coded 249, atlas 181 picture 0, avg worst disp 0.0 q4
 INFO [encode] nxwarp: stream 0 stereo compose 0.000 ms/frame (max 0.000), 0.0% of the 3.8 ms encode
 INFO [encode] nxwarp: stream 0 encoded 181 frames in 2.0 s: 3.8 ms/frame (max 5.5), 19388 B/frame vs 42156 target (-54%), QP 22.2 [22..24], controller allows 30.4 Mbit/s (at min QP), paced to 90.0 fps (client decode 6.4 ms), 0 composited frame(s) not sent, binding: bytes (decode 6.4 of 8.9 ms budget, floor +0)
 INFO [encode] nxwarp: stream 0 tile mapping: 180 frame(s) with per-tile spans, 1 with the fixed-chunk fallback ("tile-map": "auto")
 INFO [encode] nxwarp: stream 0 the headset did not reconstruct 16 frame(s) since the last report; 16 of them cost an all-intra frame and 0 named a frame older than one already coded intra and cost nothing. Last was frame 663, dropped by the worker backlog
 INFO [run_decode_rate_control] nxwarp: stream 0 decode 9.7 ms is over the 9.0 ms budget but 2 quantiser steps moved it less than 3%: holding the floor at +24 and releasing it. The decode is not paying for bits here (coded tiles 100% of the frame).
 INFO [report_frame] nxwarp atlas: 181 frames, avg skip 438 intra 139 coded 139, atlas 181 picture 0, avg worst disp 0.0 q4
 INFO [encode] nxwarp: stream 0 stereo compose 0.000 ms/frame (max 0.000), 0.0% of the 3.8 ms encode
 INFO [encode] nxwarp: stream 0 encoded 181 frames in 2.0 s: 3.8 ms/frame (max 5.7), 46006 B/frame vs 29509 target (+56%), QP 22.6 [22..26], controller allows 21.2 Mbit/s, paced to 90.0 fps (client decode 5.3 ms), 0 composited frame(s) not sent, binding: bytes (decode 5.3 of 8.9 ms budget, floor +0)
 INFO [encode] nxwarp: stream 0 tile mapping: 161 frame(s) with per-tile spans, 20 with the fixed-chunk fallback ("tile-map": "auto")
 INFO [encode] nxwarp: stream 0 the headset did not reconstruct 71 frame(s) since the last report; 71 of them cost an all-intra frame and 0 named a frame older than one already coded intra and cost nothing. Last was frame 843, dropped by the worker backlog
 INFO [run_decode_rate_control] nxwarp: stream 0 decode window mean 7.1 ms is back under the 8.9 ms budget: the floor may rise again.
 INFO [report_frame] nxwarp atlas: 181 frames, avg skip 436 intra 141 coded 141, atlas 181 picture 0, avg worst disp 0.0 q4
 INFO [encode] nxwarp: stream 0 stereo compose 0.000 ms/frame (max 0.000), 0.0% of the 3.8 ms encode
 INFO [encode] nxwarp: stream 0 encoded 181 frames in 2.0 s: 3.8 ms/frame (max 6.1), 46310 B/frame vs 29509 target (+57%), QP 22.5 [22..25], controller allows 21.2 Mbit/s (at min QP), paced to 90.0 fps (client decode 5.2 ms), 0 composited frame(s) not sent, binding: bytes (decode 5.2 of 8.9 ms budget, floor +0)
 INFO [encode] nxwarp: stream 0 tile mapping: 172 frame(s) with per-tile spans, 9 with the fixed-chunk fallback ("tile-map": "auto")
 INFO [encode] nxwarp: stream 0 the headset did not reconstruct 65 frame(s) since the last report; 64 of them cost an all-intra frame and 1 named a frame older than one already coded intra and cost nothing. Last was frame 1023, dropped by the worker backlog
 INFO [report_frame] nxwarp atlas: 180 frames, avg skip 434 intra 143 coded 143, atlas 180 picture 0, avg worst disp 0.0 q4
 INFO [encode] nxwarp: stream 0 stereo compose 0.000 ms/frame (max 0.000), 0.0% of the 3.8 ms encode
 INFO [encode] nxwarp: stream 0 encoded 180 frames in 2.0 s: 3.8 ms/frame (max 5.6), 46791 B/frame vs 29509 target (+59%), QP 22.5 [22..24], controller allows 21.2 Mbit/s (at min QP), paced to 90.0 fps (client decode 4.9 ms), 0 composited frame(s) not sent, binding: bytes (decode 4.9 of 8.9 ms budget, floor +0)
 INFO [encode] nxwarp: stream 0 tile mapping: 172 frame(s) with per-tile spans, 7 with the fixed-chunk fallback ("tile-map": "auto")
 INFO [encode] nxwarp: stream 0 the headset did not reconstruct 60 frame(s) since the last report; 60 of them cost an all-intra frame and 0 named a frame older than one already coded intra and cost nothing. Last was frame 1202, dropped by the worker backlog
 INFO [report_frame] nxwarp atlas: 180 frames, avg skip 427 intra 150 coded 150, atlas 180 picture 0, avg worst disp 0.0 q4
 INFO [encode] nxwarp: stream 0 stereo compose 0.000 ms/frame (max 0.000), 0.0% of the 3.7 ms encode
 INFO [encode] nxwarp: stream 0 encoded 180 frames in 2.0 s: 3.7 ms/frame (max 5.7), 48515 B/frame vs 29509 target (+64%), QP 22.5 [22..24], controller allows 21.2 Mbit/s (at min QP), paced to 90.0 fps (client decode 4.9 ms), 1 composited frame(s) not sent, binding: bytes (decode 4.9 of 8.9 ms budget, floor +0)
 INFO [encode] nxwarp: stream 0 tile mapping: 177 frame(s) with per-tile spans, 3 with the fixed-chunk fallback ("tile-map": "auto")
 INFO [encode] nxwarp: stream 0 the headset did not reconstruct 59 frame(s) since the last report; 59 of them cost an all-intra frame and 0 named a frame older than one already coded intra and cost nothing. Last was frame 1382, dropped by the worker backlog
 INFO [report_frame] nxwarp atlas: 180 frames, avg skip 408 intra 169 coded 169, atlas 180 picture 0, avg worst disp 0.0 q4
 INFO [encode] nxwarp: stream 0 stereo compose 0.000 ms/frame (max 0.000), 0.0% of the 3.8 ms encode
 INFO [encode] nxwarp: stream 0 encoded 180 frames in 2.0 s: 3.8 ms/frame (max 5.3), 38526 B/frame vs 29509 target (+31%), QP 22.4 [22..24], controller allows 21.2 Mbit/s (at min QP), paced to 90.0 fps (client decode 5.1 ms), 0 composited frame(s) not sent, binding: bytes (decode 5.1 of 8.9 ms budget, floor +0)
 INFO [encode] nxwarp: stream 0 tile mapping: 175 frame(s) with per-tile spans, 5 with the fixed-chunk fallback ("tile-map": "auto")
 INFO [encode] nxwarp: stream 0 the headset did not reconstruct 54 frame(s) since the last report; 54 of them cost an all-intra frame and 0 named a frame older than one already coded intra and cost nothing. Last was frame 1562, dropped by the worker backlog
 INFO [report_frame] nxwarp atlas: 181 frames, avg skip 380 intra 197 coded 197, atlas 181 picture 0, avg worst disp 0.0 q4
 INFO [encode] nxwarp: stream 0 stereo compose 0.000 ms/frame (max 0.000), 0.0% of the 3.7 ms encode
 INFO [encode] nxwarp: stream 0 encoded 181 frames in 2.0 s: 3.7 ms/frame (max 5.5), 7667 B/frame vs 29509 target (-74%), QP 22.0 [22..24], controller allows 21.2 Mbit/s (at min QP), paced to 90.0 fps (client decode 8.3 ms), 0 composited frame(s) not sent, binding: bytes (decode 8.3 of 8.9 ms budget, floor +0)
 INFO [encode] nxwarp: stream 0 tile mapping: 177 frame(s) with per-tile spans, 4 with the fixed-chunk fallback ("tile-map": "auto")
 INFO [encode] nxwarp: stream 0 the headset did not reconstruct 35 frame(s) since the last report; 35 of them cost an all-intra frame and 0 named a frame older than one already coded intra and cost nothing. Last was frame 1742, dropped by the worker backlog
 INFO [report_frame] nxwarp atlas: 181 frames, avg skip 437 intra 140 coded 140, atlas 181 picture 0, avg worst disp 0.0 q4
 INFO [encode] nxwarp: stream 0 stereo compose 0.000 ms/frame (max 0.000), 0.0% of the 3.9 ms encode
 INFO [encode] nxwarp: stream 0 encoded 181 frames in 2.0 s: 3.9 ms/frame (max 5.3), 45491 B/frame vs 29509 target (+54%), QP 22.5 [22..25], controller allows 21.2 Mbit/s, paced to 90.0 fps (client decode 3.1 ms), 0 composited frame(s) not sent, binding: bytes (decode 3.1 of 8.9 ms budget, floor +0)
 INFO [encode] nxwarp: stream 0 tile mapping: 175 frame(s) with per-tile spans, 5 with the fixed-chunk fallback ("tile-map": "auto")
 INFO [encode] nxwarp: stream 0 the headset did not reconstruct 64 frame(s) since the last report; 64 of them cost an all-intra frame and 0 named a frame older than one already coded intra and cost nothing. Last was frame 1925, dropped by the worker backlog
 INFO [report_frame] nxwarp atlas: 180 frames, avg skip 443 intra 134 coded 134, atlas 180 picture 0, avg worst disp 0.0 q4
 INFO [encode] nxwarp: stream 0 stereo compose 0.000 ms/frame (max 0.000), 0.0% of the 3.8 ms encode
 INFO [encode] nxwarp: stream 0 encoded 180 frames in 2.0 s: 3.8 ms/frame (max 5.6), 44002 B/frame vs 29509 target (+49%), QP 22.6 [22..26], controller allows 21.2 Mbit/s, paced to 90.0 fps (client decode 3.9 ms), 0 composited frame(s) not sent, binding: bytes (decode 3.9 of 8.9 ms budget, floor +0)
 INFO [encode] nxwarp: stream 0 tile mapping: 158 frame(s) with per-tile spans, 22 with the fixed-chunk fallback ("tile-map": "auto")
 INFO [encode] nxwarp: stream 0 the headset did not reconstruct 69 frame(s) since the last report; 69 of them cost an all-intra frame and 0 named a frame older than one already coded intra and cost nothing. Last was frame 2105, dropped by the worker backlog
 INFO [report_frame] nxwarp atlas: 181 frames, avg skip 437 intra 140 coded 140, atlas 181 picture 0, avg worst disp 0.0 q4
 INFO [encode] nxwarp: stream 0 stereo compose 0.000 ms/frame (max 0.000), 0.0% of the 3.7 ms encode
 INFO [encode] nxwarp: stream 0 encoded 181 frames in 2.0 s: 3.7 ms/frame (max 5.6), 45879 B/frame vs 12045 target (+281%), QP 22.5 [22..24], controller allows 8.7 Mbit/s, paced to 90.0 fps (client decode 7.0 ms), 0 composited frame(s) not sent, binding: bytes (decode 7.0 of 8.9 ms budget, floor +0)
 INFO [encode] nxwarp: stream 0 tile mapping: 164 frame(s) with per-tile spans, 17 with the fixed-chunk fallback ("tile-map": "auto")
 INFO [encode] nxwarp: stream 0 the headset did not reconstruct 65 frame(s) since the last report; 65 of them cost an all-intra frame and 0 named a frame older than one already coded intra and cost nothing. Last was frame 2286, dropped by the worker backlog
 INFO [report_frame] nxwarp atlas: 180 frames, avg skip 443 intra 134 coded 134, atlas 180 picture 0, avg worst disp 0.0 q4
 INFO [encode] nxwarp: stream 0 stereo compose 0.000 ms/frame (max 0.000), 0.0% of the 3.9 ms encode
 INFO [encode] nxwarp: stream 0 encoded 180 frames in 2.0 s: 3.9 ms/frame (max 5.9), 44049 B/frame vs 12045 target (+266%), QP 22.5 [22..26], controller allows 8.7 Mbit/s (at min QP), paced to 90.0 fps (client decode 3.7 ms), 1 composited frame(s) not sent, binding: bytes (decode 3.7 of 8.9 ms budget, floor +0)
 INFO [encode] nxwarp: stream 0 tile mapping: 162 frame(s) with per-tile spans, 18 with the fixed-chunk fallback ("tile-map": "auto")
 INFO [encode] nxwarp: stream 0 the headset did not reconstruct 70 frame(s) since the last report; 70 of them cost an all-intra frame and 0 named a frame older than one already coded intra and cost nothing. Last was frame 2465, dropped by the worker backlog
 INFO [report_frame] nxwarp atlas: 181 frames, avg skip 443 intra 134 coded 134, atlas 181 picture 0, avg worst disp 0.0 q4
 INFO [encode] nxwarp: stream 0 stereo compose 0.000 ms/frame (max 0.000), 0.0% of the 3.8 ms encode
 INFO [encode] nxwarp: stream 0 encoded 181 frames in 2.0 s: 3.8 ms/frame (max 5.1), 42840 B/frame vs 12045 target (+256%), QP 22.8 [22..26], controller allows 8.7 Mbit/s (at min QP), paced to 90.0 fps (client decode 7.5 ms), 0 composited frame(s) not sent, binding: bytes (decode 7.5 of 8.9 ms budget, floor +0)
 INFO [encode] nxwarp: stream 0 tile mapping: 147 frame(s) with per-tile spans, 33 with the fixed-chunk fallback ("tile-map": "auto")
 INFO [encode] nxwarp: stream 0 the headset did not reconstruct 76 frame(s) since the last report; 76 of them cost an all-intra frame and 0 named a frame older than one already coded intra and cost nothing. Last was frame 2645, dropped by the worker backlog
 INFO [report_frame] nxwarp atlas: 180 frames, avg skip 380 intra 197 coded 197, atlas 180 picture 0, avg worst disp 0.0 q4
 INFO [encode] nxwarp: stream 0 stereo compose 0.000 ms/frame (max 0.000), 0.0% of the 3.9 ms encode
 INFO [encode] nxwarp: stream 0 encoded 180 frames in 2.0 s: 3.9 ms/frame (max 5.5), 3684 B/frame vs 12045 target (-69%), QP 22.0 [22..22], controller allows 8.7 Mbit/s (at min QP), paced to 90.0 fps (client decode 5.8 ms), 0 composited frame(s) not sent, binding: bytes (decode 5.8 of 8.9 ms budget, floor +0)
 INFO [encode] nxwarp: stream 0 tile mapping: 180 frame(s) with per-tile spans, 0 with the fixed-chunk fallback ("tile-map": "auto")
 INFO [encode] nxwarp: stream 0 the headset did not reconstruct 35 frame(s) since the last report; 35 of them cost an all-intra frame and 0 named a frame older than one already coded intra and cost nothing. Last was frame 2786, dropped by the worker backlog
 INFO [report_frame] nxwarp atlas: 181 frames, avg skip 423 intra 154 coded 154, atlas 181 picture 0, avg worst disp 0.0 q4
 INFO [encode] nxwarp: stream 0 stereo compose 0.000 ms/frame (max 0.000), 0.0% of the 3.7 ms encode
 INFO [encode] nxwarp: stream 0 encoded 181 frames in 2.0 s: 3.7 ms/frame (max 5.9), 32115 B/frame vs 12045 target (+167%), QP 22.6 [22..27], controller allows 8.7 Mbit/s (at min QP), paced to 90.0 fps (client decode 8.3 ms), 0 composited frame(s) not sent, binding: bytes (decode 8.3 of 8.9 ms budget, floor +0)
 INFO [encode] nxwarp: stream 0 tile mapping: 159 frame(s) with per-tile spans, 22 with the fixed-chunk fallback ("tile-map": "auto")
 INFO [encode] nxwarp: stream 0 the headset did not reconstruct 65 frame(s) since the last report; 65 of them cost an all-intra frame and 0 named a frame older than one already coded intra and cost nothing. Last was frame 3008, dropped by the worker backlog
 INFO [report_frame] nxwarp atlas: 181 frames, avg skip 434 intra 143 coded 143, atlas 181 picture 0, avg worst disp 0.0 q4
 INFO [encode] nxwarp: stream 0 stereo compose 0.000 ms/frame (max 0.000), 0.0% of the 3.9 ms encode
 INFO [encode] nxwarp: stream 0 encoded 181 frames in 2.0 s: 3.9 ms/frame (max 5.3), 45829 B/frame vs 12045 target (+280%), QP 22.7 [22..27], controller allows 8.7 Mbit/s, paced to 90.0 fps (client decode 7.2 ms), 0 composited frame(s) not sent, binding: bytes (decode 7.2 of 8.9 ms budget, floor +0)
 INFO [encode] nxwarp: stream 0 tile mapping: 169 frame(s) with per-tile spans, 12 with the fixed-chunk fallback ("tile-map": "auto")
 INFO [encode] nxwarp: stream 0 the headset did not reconstruct 68 frame(s) since the last report; 68 of them cost an all-intra frame and 0 named a frame older than one already coded intra and cost nothing. Last was frame 3184, dropped by the worker backlog
 INFO [report_frame] nxwarp atlas: 180 frames, avg skip 429 intra 148 coded 148, atlas 180 picture 0, avg worst disp 0.0 q4
 INFO [encode] nxwarp: stream 0 stereo compose 0.000 ms/frame (max 0.000), 0.0% of the 3.8 ms encode
 INFO [encode] nxwarp: stream 0 encoded 180 frames in 2.0 s: 3.8 ms/frame (max 5.6), 49377 B/frame vs 12045 target (+310%), QP 22.6 [22..26], controller allows 8.7 Mbit/s, paced to 90.0 fps (client decode 5.3 ms), 0 composited frame(s) not sent, binding: bytes (decode 5.3 of 8.9 ms budget, floor +0)
 INFO [encode] nxwarp: stream 0 tile mapping: 171 frame(s) with per-tile spans, 9 with the fixed-chunk fallback ("tile-map": "auto")
 INFO [encode] nxwarp: stream 0 the headset did not reconstruct 61 frame(s) since the last report; 61 of them cost an all-intra frame and 0 named a frame older than one already coded intra and cost nothing. Last was frame 3364, dropped by the worker backlog
 INFO [report_frame] nxwarp atlas: 181 frames, avg skip 438 intra 139 coded 139, atlas 181 picture 0, avg worst disp 0.0 q4
 INFO [encode] nxwarp: stream 0 stereo compose 0.000 ms/frame (max 0.000), 0.0% of the 3.9 ms encode
 INFO [encode] nxwarp: stream 0 encoded 181 frames in 2.0 s: 3.9 ms/frame (max 5.8), 46279 B/frame vs 12045 target (+284%), QP 22.5 [22..25], controller allows 8.7 Mbit/s (at min QP), paced to 90.0 fps (client decode 7.5 ms), 0 composited frame(s) not sent, binding: bytes (decode 7.5 of 8.9 ms budget, floor +0)
 INFO [encode] nxwarp: stream 0 tile mapping: 163 frame(s) with per-tile spans, 18 with the fixed-chunk fallback ("tile-map": "auto")
 INFO [encode] nxwarp: stream 0 the headset did not reconstruct 65 frame(s) since the last report; 65 of them cost an all-intra frame and 0 named a frame older than one already coded intra and cost nothing. Last was frame 3544, dropped by the worker backlog
 INFO [report_frame] nxwarp atlas: 180 frames, avg skip 439 intra 138 coded 138, atlas 180 picture 0, avg worst disp 0.0 q4
 INFO [encode] nxwarp: stream 0 stereo compose 0.000 ms/frame (max 0.000), 0.0% of the 3.8 ms encode
 INFO [encode] nxwarp: stream 0 encoded 180 frames in 2.0 s: 3.8 ms/frame (max 5.8), 44827 B/frame vs 12045 target (+272%), QP 22.5 [22..26], controller allows 8.7 Mbit/s (at min QP), paced to 90.0 fps (client decode 8.1 ms), 0 composited frame(s) not sent, binding: bytes (decode 8.1 of 8.9 ms budget, floor +0)
 INFO [encode] nxwarp: stream 0 tile mapping: 162 frame(s) with per-tile spans, 18 with the fixed-chunk fallback ("tile-map": "auto")
 INFO [encode] nxwarp: stream 0 the headset did not reconstruct 67 frame(s) since the last report; 67 of them cost an all-intra frame and 0 named a frame older than one already coded intra and cost nothing. Last was frame 3730, dropped by the worker backlog
 INFO [report_frame] nxwarp atlas: 180 frames, avg skip 383 intra 194 coded 194, atlas 180 picture 0, avg worst disp 0.1 q4
 INFO [encode] nxwarp: stream 0 stereo compose 0.000 ms/frame (max 0.000), 0.0% of the 3.7 ms encode
 INFO [encode] nxwarp: stream 0 encoded 180 frames in 2.0 s: 3.7 ms/frame (max 5.6), 11979 B/frame vs 12045 target (-1%), QP 22.2 [22..26], controller allows 8.7 Mbit/s (at min QP), paced to 90.0 fps (client decode 5.4 ms), 0 composited frame(s) not sent, binding: bytes (decode 5.4 of 8.9 ms budget, floor +0)
 INFO [encode] nxwarp: stream 0 tile mapping: 173 frame(s) with per-tile spans, 7 with the fixed-chunk fallback ("tile-map": "auto")
 INFO [encode] nxwarp: stream 0 the headset did not reconstruct 38 frame(s) since the last report; 37 of them cost an all-intra frame and 1 named a frame older than one already coded intra and cost nothing. Last was frame 3910, dropped by the worker backlog
 INFO [report_frame] nxwarp atlas: 181 frames, avg skip 350 intra 227 coded 227, atlas 181 picture 0, avg worst disp 0.0 q4
 INFO [encode] nxwarp: stream 0 stereo compose 0.000 ms/frame (max 0.000), 0.0% of the 3.8 ms encode
 INFO [encode] nxwarp: stream 0 encoded 181 frames in 2.0 s: 3.8 ms/frame (max 5.0), 22033 B/frame vs 12045 target (+83%), QP 22.2 [22..24], controller allows 8.7 Mbit/s, paced to 90.0 fps (client decode 5.0 ms), 0 composited frame(s) not sent, binding: bytes (decode 5.0 of 8.9 ms budget, floor +0)
 INFO [encode] nxwarp: stream 0 tile mapping: 180 frame(s) with per-tile spans, 1 with the fixed-chunk fallback ("tile-map": "auto")
 INFO [encode] nxwarp: stream 0 the headset did not reconstruct 28 frame(s) since the last report; 28 of them cost an all-intra frame and 0 named a frame older than one already coded intra and cost nothing. Last was frame 4088, dropped by the worker backlog
 INFO [report_frame] nxwarp atlas: 180 frames, avg skip 443 intra 134 coded 134, atlas 180 picture 0, avg worst disp 0.0 q4
 INFO [encode] nxwarp: stream 0 stereo compose 0.000 ms/frame (max 0.000), 0.0% of the 3.8 ms encode
 INFO [encode] nxwarp: stream 0 encoded 180 frames in 2.0 s: 3.8 ms/frame (max 5.9), 43990 B/frame vs 12045 target (+265%), QP 22.6 [22..26], controller allows 8.7 Mbit/s, paced to 90.0 fps (client decode 8.6 ms), 0 composited frame(s) not sent, binding: bytes (decode 8.6 of 8.9 ms budget, floor +0)
 INFO [encode] nxwarp: stream 0 tile mapping: 160 frame(s) with per-tile spans, 20 with the fixed-chunk fallback ("tile-map": "auto")
 INFO [encode] nxwarp: stream 0 the headset did not reconstruct 70 frame(s) since the last report; 70 of them cost an all-intra frame and 0 named a frame older than one already coded intra and cost nothing. Last was frame 4271, dropped by the worker backlog
 INFO [report_frame] nxwarp atlas: 180 frames, avg skip 433 intra 144 coded 144, atlas 180 picture 0, avg worst disp 0.0 q4
 INFO [encode] nxwarp: stream 0 stereo compose 0.000 ms/frame (max 0.000), 0.0% of the 3.8 ms encode
 INFO [encode] nxwarp: stream 0 encoded 180 frames in 2.0 s: 3.8 ms/frame (max 5.6), 47018 B/frame vs 12045 target (+290%), QP 22.6 [22..25], controller allows 8.7 Mbit/s, paced to 90.0 fps (client decode 4.8 ms), 1 composited frame(s) not sent, binding: bytes (decode 4.8 of 8.9 ms budget, floor +0)
 INFO [encode] nxwarp: stream 0 tile mapping: 175 frame(s) with per-tile spans, 5 with the fixed-chunk fallback ("tile-map": "auto")
 INFO [encode] nxwarp: stream 0 the headset did not reconstruct 61 frame(s) since the last report; 61 of them cost an all-intra frame and 0 named a frame older than one already coded intra and cost nothing. Last was frame 4450, dropped by the worker backlog
 INFO [report_frame] nxwarp atlas: 180 frames, avg skip 434 intra 143 coded 143, atlas 180 picture 0, avg worst disp 0.0 q4
 INFO [encode] nxwarp: stream 0 stereo compose 0.000 ms/frame (max 0.000), 0.0% of the 3.9 ms encode
 INFO [encode] nxwarp: stream 0 encoded 180 frames in 2.0 s: 3.9 ms/frame (max 5.4), 47097 B/frame vs 12045 target (+291%), QP 22.5 [22..24], controller allows 8.7 Mbit/s, paced to 90.0 fps (client decode 5.4 ms), 0 composited frame(s) not sent, binding: bytes (decode 5.4 of 8.9 ms budget, floor +0)
 INFO [encode] nxwarp: stream 0 tile mapping: 174 frame(s) with per-tile spans, 6 with the fixed-chunk fallback ("tile-map": "auto")
 INFO [encode] nxwarp: stream 0 the headset did not reconstruct 64 frame(s) since the last report; 64 of them cost an all-intra frame and 0 named a frame older than one already coded intra and cost nothing. Last was frame 4628, dropped by the worker backlog
 INFO [report_frame] nxwarp atlas: 181 frames, avg skip 453 intra 124 coded 124, atlas 181 picture 0, avg worst disp 0.0 q4
 INFO [encode] nxwarp: stream 0 stereo compose 0.000 ms/frame (max 0.000), 0.0% of the 3.8 ms encode
 INFO [encode] nxwarp: stream 0 encoded 181 frames in 2.0 s: 3.8 ms/frame (max 5.2), 41080 B/frame vs 12045 target (+241%), QP 22.5 [22..26], controller allows 8.7 Mbit/s (at min QP), paced to 89.9 fps (client decode 9.4 ms), 0 composited frame(s) not sent, binding: bytes (decode 9.4 of 8.9 ms budget, floor +0)
 INFO [encode] nxwarp: stream 0 tile mapping: 154 frame(s) with per-tile spans, 27 with the fixed-chunk fallback ("tile-map": "auto")
 INFO [encode] nxwarp: stream 0 the headset did not reconstruct 70 frame(s) since the last report; 70 of them cost an all-intra frame and 0 named a frame older than one already coded intra and cost nothing. Last was frame 4810, dropped by the worker backlog
 INFO [run_decode_rate_control] nxwarp: stream 0 decode 9.4 ms is over the 9.1 ms budget but 2 quantiser steps moved it less than 3%: holding the floor at +24 and releasing it. The decode is not paying for bits here (coded tiles 100% of the frame).
 INFO [report_frame] nxwarp atlas: 180 frames, avg skip 417 intra 160 coded 160, atlas 180 picture 0, avg worst disp 0.0 q4
 INFO [encode] nxwarp: stream 0 stereo compose 0.000 ms/frame (max 0.000), 0.0% of the 3.8 ms encode
 INFO [encode] nxwarp: stream 0 encoded 180 frames in 2.0 s: 3.8 ms/frame (max 5.7), 29453 B/frame vs 12045 target (+145%), QP 22.8 [22..27], controller allows 8.7 Mbit/s (at min QP), paced to 90.0 fps (client decode 5.1 ms), 0 composited frame(s) not sent, binding: bytes (decode 5.1 of 8.9 ms budget, floor +0)
 INFO [encode] nxwarp: stream 0 tile mapping: 157 frame(s) with per-tile spans, 23 with the fixed-chunk fallback ("tile-map": "auto")
 INFO [encode] nxwarp: stream 0 the headset did not reconstruct 64 frame(s) since the last report; 63 of them cost an all-intra frame and 1 named a frame older than one already coded intra and cost nothing. Last was frame 4984, dropped by the worker backlog
 INFO [report_frame] nxwarp atlas: 181 frames, avg skip 400 intra 177 coded 177, atlas 181 picture 0, avg worst disp 0.1 q4
 INFO [encode] nxwarp: stream 0 stereo compose 0.000 ms/frame (max 0.000), 0.0% of the 3.7 ms encode
 INFO [encode] nxwarp: stream 0 encoded 181 frames in 2.0 s: 3.7 ms/frame (max 5.4), 9520 B/frame vs 12045 target (-21%), QP 22.1 [22..24], controller allows 8.7 Mbit/s (at min QP), paced to 90.0 fps (client decode 4.9 ms), 0 composited frame(s) not sent, binding: bytes (decode 4.9 of 8.9 ms budget, floor +0)
 INFO [encode] nxwarp: stream 0 tile mapping: 179 frame(s) with per-tile spans, 2 with the fixed-chunk fallback ("tile-map": "auto")
 INFO [encode] nxwarp: stream 0 the headset did not reconstruct 41 frame(s) since the last report; 41 of them cost an all-intra frame and 0 named a frame older than one already coded intra and cost nothing. Last was frame 5170, dropped by the worker backlog
 INFO [run_decode_rate_control] nxwarp: stream 0 decode window mean 5.0 ms is back under the 8.9 ms budget: the floor may rise again.
 INFO [report_frame] nxwarp atlas: 180 frames, avg skip 440 intra 137 coded 137, atlas 180 picture 0, avg worst disp 0.0 q4
 INFO [encode] nxwarp: stream 0 stereo compose 0.000 ms/frame (max 0.000), 0.0% of the 3.8 ms encode
 INFO [encode] nxwarp: stream 0 encoded 180 frames in 2.0 s: 3.8 ms/frame (max 5.8), 45385 B/frame vs 12045 target (+277%), QP 22.6 [22..26], controller allows 8.7 Mbit/s (at min QP), paced to 90.0 fps (client decode 9.1 ms), 0 composited frame(s) not sent, binding: bytes (decode 9.1 of 8.9 ms budget, floor +0)
 INFO [encode] nxwarp: stream 0 tile mapping: 166 frame(s) with per-tile spans, 14 with the fixed-chunk fallback ("tile-map": "auto")
 INFO [encode] nxwarp: stream 0 the headset did not reconstruct 70 frame(s) since the last report; 70 of them cost an all-intra frame and 0 named a frame older than one already coded intra and cost nothing. Last was frame 5350, dropped by the worker backlog
 INFO [report_frame] nxwarp atlas: 180 frames, avg skip 434 intra 143 coded 143, atlas 180 picture 0, avg worst disp 0.0 q4
 INFO [encode] nxwarp: stream 0 stereo compose 0.000 ms/frame (max 0.000), 0.0% of the 3.8 ms encode
 INFO [encode] nxwarp: stream 0 encoded 180 frames in 2.0 s: 3.8 ms/frame (max 5.3), 46718 B/frame vs 12045 target (+288%), QP 22.5 [22..25], controller allows 8.7 Mbit/s (at min QP), paced to 90.0 fps (client decode 6.9 ms), 0 composited frame(s) not sent, binding: bytes (decode 6.9 of 8.9 ms budget, floor +0)
 INFO [encode] nxwarp: stream 0 tile mapping: 177 frame(s) with per-tile spans, 3 with the fixed-chunk fallback ("tile-map": "auto")
 INFO [encode] nxwarp: stream 0 the headset did not reconstruct 63 frame(s) since the last report; 63 of them cost an all-intra frame and 0 named a frame older than one already coded intra and cost nothing. Last was frame 5530, dropped by the worker backlog
 INFO [report_frame] nxwarp atlas: 181 frames, avg skip 431 intra 146 coded 146, atlas 181 picture 0, avg worst disp 0.0 q4
 INFO [encode] nxwarp: stream 0 stereo compose 0.000 ms/frame (max 0.000), 0.0% of the 3.8 ms encode
 INFO [encode] nxwarp: stream 0 encoded 181 frames in 2.0 s: 3.8 ms/frame (max 5.7), 47670 B/frame vs 12045 target (+296%), QP 22.6 [22..26], controller allows 8.7 Mbit/s (at min QP), paced to 89.8 fps (client decode 9.6 ms), 0 composited frame(s) not sent, binding: bytes (decode 9.6 of 8.9 ms budget, floor +0)
 INFO [encode] nxwarp: stream 0 tile mapping: 171 frame(s) with per-tile spans, 10 with the fixed-chunk fallback ("tile-map": "auto")
 INFO [encode] nxwarp: stream 0 the headset did not reconstruct 64 frame(s) since the last report; 64 of them cost an all-intra frame and 0 named a frame older than one already coded intra and cost nothing. Last was frame 5708, dropped by the worker backlog
 INFO [report_frame] nxwarp atlas: 180 frames, avg skip 427 intra 150 coded 150, atlas 180 picture 0, avg worst disp 0.0 q4
 INFO [encode] nxwarp: stream 0 stereo compose 0.000 ms/frame (max 0.000), 0.0% of the 3.9 ms encode
 INFO [encode] nxwarp: stream 0 encoded 180 frames in 2.0 s: 3.9 ms/frame (max 5.2), 48981 B/frame vs 12045 target (+307%), QP 22.5 [22..24], controller allows 8.7 Mbit/s (at min QP), paced to 89.8 fps (client decode 9.7 ms), 0 composited frame(s) not sent, binding: bytes (decode 9.7 of 8.9 ms budget, floor +0)
 INFO [encode] nxwarp: stream 0 tile mapping: 179 frame(s) with per-tile spans, 1 with the fixed-chunk fallback ("tile-map": "auto")
 INFO [encode] nxwarp: stream 0 the headset did not reconstruct 59 frame(s) since the last report; 59 of them cost an all-intra frame and 0 named a frame older than one already coded intra and cost nothing. Last was frame 5890, dropped by the worker backlog
 INFO [report_frame] nxwarp atlas: 180 frames, avg skip 438 intra 139 coded 139, atlas 180 picture 0, avg worst disp 0.0 q4
 INFO [encode] nxwarp: stream 0 stereo compose 0.000 ms/frame (max 0.000), 0.0% of the 3.7 ms encode
 INFO [encode] nxwarp: stream 0 encoded 180 frames in 2.0 s: 3.7 ms/frame (max 5.1), 43926 B/frame vs 12045 target (+265%), QP 22.8 [22..27], controller allows 8.7 Mbit/s (at min QP), paced to 90.0 fps (client decode 9.0 ms), 0 composited frame(s) not sent, binding: bytes (decode 9.0 of 8.9 ms budget, floor +0)
 INFO [encode] nxwarp: stream 0 tile mapping: 162 frame(s) with per-tile spans, 17 with the fixed-chunk fallback ("tile-map": "auto")
 INFO [encode] nxwarp: stream 0 the headset did not reconstruct 68 frame(s) since the last report; 68 of them cost an all-intra frame and 0 named a frame older than one already coded intra and cost nothing. Last was frame 6069, dropped by the worker backlog
 INFO [report_frame] nxwarp atlas: 180 frames, avg skip 306 intra 271 coded 271, atlas 180 picture 0, avg worst disp 0.1 q4
 INFO [encode] nxwarp: stream 0 stereo compose 0.000 ms/frame (max 0.000), 0.0% of the 3.7 ms encode
 INFO [encode] nxwarp: stream 0 encoded 180 frames in 2.0 s: 3.7 ms/frame (max 5.7), 4865 B/frame vs 12045 target (-60%), QP 22.0 [22..23], controller allows 8.7 Mbit/s (at min QP), paced to 90.0 fps (client decode 6.1 ms), 0 composited frame(s) not sent, binding: bytes (decode 6.1 of 8.9 ms budget, floor +0)
 INFO [encode] nxwarp: stream 0 tile mapping: 180 frame(s) with per-tile spans, 0 with the fixed-chunk fallback ("tile-map": "auto")
 INFO [encode] nxwarp: stream 0 the headset did not reconstruct 9 frame(s) since the last report; 9 of them cost an all-intra frame and 0 named a frame older than one already coded intra and cost nothing. Last was frame 6204, dropped by the worker backlog
 INFO [report_frame] nxwarp atlas: 181 frames, avg skip 420 intra 157 coded 157, atlas 181 picture 0, avg worst disp 0.0 q4
 INFO [encode] nxwarp: stream 0 stereo compose 0.000 ms/frame (max 0.000), 0.0% of the 3.7 ms encode
 INFO [encode] nxwarp: stream 0 encoded 181 frames in 2.0 s: 3.7 ms/frame (max 5.0), 32702 B/frame vs 12045 target (+172%), QP 22.7 [22..27], controller allows 8.7 Mbit/s (at min QP), paced to 90.0 fps (client decode 8.6 ms), 0 composited frame(s) not sent, binding: bytes (decode 8.6 of 8.9 ms budget, floor +0)
 INFO [encode] nxwarp: stream 0 tile mapping: 159 frame(s) with per-tile spans, 22 with the fixed-chunk fallback ("tile-map": "auto")
 INFO [encode] nxwarp: stream 0 the headset did not reconstruct 60 frame(s) since the last report; 60 of them cost an all-intra frame and 0 named a frame older than one already coded intra and cost nothing. Last was frame 6434, dropped by the worker backlog
 INFO [report_frame] nxwarp atlas: 181 frames, avg skip 450 intra 127 coded 127, atlas 181 picture 0, avg worst disp 0.0 q4
 INFO [encode] nxwarp: stream 0 stereo compose 0.000 ms/frame (max 0.000), 0.0% of the 3.8 ms encode
 INFO [encode] nxwarp: stream 0 encoded 181 frames in 2.0 s: 3.8 ms/frame (max 6.1), 41411 B/frame vs 12045 target (+244%), QP 22.8 [22..26], controller allows 8.7 Mbit/s, paced to 90.0 fps (client decode 9.2 ms), 0 composited frame(s) not sent, binding: bytes (decode 9.2 of 8.9 ms budget, floor +0)
 INFO [encode] nxwarp: stream 0 tile mapping: 151 frame(s) with per-tile spans, 30 with the fixed-chunk fallback ("tile-map": "auto")
 INFO [encode] nxwarp: stream 0 the headset did not reconstruct 76 frame(s) since the last report; 76 of them cost an all-intra frame and 0 named a frame older than one already coded intra and cost nothing. Last was frame 6614, dropped by the worker backlog
 INFO [report_frame] nxwarp atlas: 180 frames, avg skip 453 intra 124 coded 124, atlas 180 picture 0, avg worst disp 0.0 q4
 INFO [encode] nxwarp: stream 0 stereo compose 0.000 ms/frame (max 0.000), 0.0% of the 3.9 ms encode
 INFO [encode] nxwarp: stream 0 encoded 180 frames in 2.0 s: 3.9 ms/frame (max 6.1), 39814 B/frame vs 12045 target (+231%), QP 22.8 [22..26], controller allows 8.7 Mbit/s, paced to 90.0 fps (client decode 6.8 ms), 0 composited frame(s) not sent, binding: bytes (decode 6.8 of 8.9 ms budget, floor +0)
 INFO [encode] nxwarp: stream 0 tile mapping: 144 frame(s) with per-tile spans, 35 with the fixed-chunk fallback ("tile-map": "auto")
 INFO [encode] nxwarp: stream 0 the headset did not reconstruct 74 frame(s) since the last report; 73 of them cost an all-intra frame and 1 named a frame older than one already coded intra and cost nothing. Last was frame 6792, dropped by the worker backlog
 INFO [report_frame] nxwarp atlas: 180 frames, avg skip 451 intra 126 coded 126, atlas 180 picture 0, avg worst disp 0.0 q4
 INFO [encode] nxwarp: stream 0 stereo compose 0.000 ms/frame (max 0.000), 0.0% of the 3.8 ms encode
 INFO [encode] nxwarp: stream 0 encoded 180 frames in 2.0 s: 3.8 ms/frame (max 6.3), 41932 B/frame vs 12168 target (+245%), QP 22.5 [22..26], controller allows 8.7 Mbit/s, paced to 88.7 fps (client decode 7.2 ms), 0 composited frame(s) not sent, binding: bytes (decode 7.2 of 9.0 ms budget, floor +23)
 INFO [encode] nxwarp: stream 0 tile mapping: 145 frame(s) with per-tile spans, 34 with the fixed-chunk fallback ("tile-map": "auto")
 INFO [encode] nxwarp: stream 0 the headset did not reconstruct 75 frame(s) since the last report; 74 of them cost an all-intra frame and 1 named a frame older than one already coded intra and cost nothing. Last was frame 6972, dropped by the worker backlog
 INFO [report_frame] nxwarp atlas: 181 frames, avg skip 428 intra 149 coded 149, atlas 181 picture 0, avg worst disp 0.0 q4
 INFO [encode] nxwarp: stream 0 stereo compose 0.000 ms/frame (max 0.000), 0.0% of the 3.8 ms encode
 INFO [encode] nxwarp: stream 0 encoded 181 frames in 2.0 s: 3.8 ms/frame (max 5.9), 48849 B/frame vs 12075 target (+305%), QP 22.6 [22..25], controller allows 8.7 Mbit/s (at min QP), paced to 90.0 fps (client decode 6.7 ms), 0 composited frame(s) not sent, binding: bytes (decode 6.7 of 8.9 ms budget, floor +0)
 INFO [encode] nxwarp: stream 0 tile mapping: 172 frame(s) with per-tile spans, 9 with the fixed-chunk fallback ("tile-map": "auto")
 INFO [encode] nxwarp: stream 0 the headset did not reconstruct 64 frame(s) since the last report; 64 of them cost an all-intra frame and 0 named a frame older than one already coded intra and cost nothing. Last was frame 7152, dropped by the worker backlog
 INFO [report_frame] nxwarp atlas: 181 frames, avg skip 450 intra 127 coded 127, atlas 181 picture 0, avg worst disp 0.0 q4
 INFO [encode] nxwarp: stream 0 stereo compose 0.000 ms/frame (max 0.000), 0.0% of the 3.9 ms encode
 INFO [encode] nxwarp: stream 0 encoded 181 frames in 2.0 s: 3.9 ms/frame (max 5.8), 35671 B/frame vs 12045 target (+196%), QP 22.5 [22..26], controller allows 8.7 Mbit/s (at min QP), paced to 90.0 fps (client decode 6.0 ms), 0 composited frame(s) not sent, binding: bytes (decode 6.0 of 8.9 ms budget, floor +0)
 INFO [encode] nxwarp: stream 0 tile mapping: 157 frame(s) with per-tile spans, 24 with the fixed-chunk fallback ("tile-map": "auto")
 INFO [encode] nxwarp: stream 0 the headset did not reconstruct 72 frame(s) since the last report; 71 of them cost an all-intra frame and 1 named a frame older than one already coded intra and cost nothing. Last was frame 7332, dropped by the worker backlog
 INFO [report_frame] nxwarp atlas: 181 frames, avg skip 435 intra 142 coded 142, atlas 181 picture 0, avg worst disp 0.0 q4
 INFO [encode] nxwarp: stream 0 stereo compose 0.000 ms/frame (max 0.000), 0.0% of the 3.9 ms encode
 INFO [encode] nxwarp: stream 0 encoded 181 frames in 2.0 s: 3.9 ms/frame (max 5.3), 46384 B/frame vs 12045 target (+285%), QP 22.6 [22..25], controller allows 8.7 Mbit/s (at min QP), paced to 90.0 fps (client decode 5.9 ms), 0 composited frame(s) not sent, binding: bytes (decode 5.9 of 8.9 ms budget, floor +0)
 INFO [encode] nxwarp: stream 0 tile mapping: 170 frame(s) with per-tile spans, 11 with the fixed-chunk fallback ("tile-map": "auto")
 INFO [encode] nxwarp: stream 0 the headset did not reconstruct 64 frame(s) since the last report; 63 of them cost an all-intra frame and 1 named a frame older than one already coded intra and cost nothing. Last was frame 7511, dropped by the worker backlog
 INFO [report_frame] nxwarp atlas: 180 frames, avg skip 424 intra 153 coded 153, atlas 180 picture 0, avg worst disp 0.0 q4
 INFO [encode] nxwarp: stream 0 stereo compose 0.000 ms/frame (max 0.000), 0.0% of the 4.0 ms encode
 INFO [encode] nxwarp: stream 0 encoded 180 frames in 2.0 s: 4.0 ms/frame (max 5.3), 49809 B/frame vs 12045 target (+314%), QP 22.6 [22..26], controller allows 8.7 Mbit/s, paced to 89.6 fps (client decode 10.1 ms), 0 composited frame(s) not sent, binding: decode (decode 10.1 of 8.9 ms budget, floor +23)
 INFO [encode] nxwarp: stream 0 tile mapping: 178 frame(s) with per-tile spans, 2 with the fixed-chunk fallback ("tile-map": "auto")
 INFO [encode] nxwarp: stream 0 the headset did not reconstruct 59 frame(s) since the last report; 59 of them cost an all-intra frame and 0 named a frame older than one already coded intra and cost nothing. Last was frame 7692, dropped by the worker backlog
 INFO [report_frame] nxwarp atlas: 180 frames, avg skip 443 intra 134 coded 134, atlas 180 picture 0, avg worst disp 0.0 q4
 INFO [encode] nxwarp: stream 0 stereo compose 0.000 ms/frame (max 0.000), 0.0% of the 3.9 ms encode
 INFO [encode] nxwarp: stream 0 encoded 180 frames in 2.0 s: 3.9 ms/frame (max 6.1), 44787 B/frame vs 12073 target (+271%), QP 22.5 [22..24], controller allows 8.7 Mbit/s, paced to 89.7 fps (client decode 9.4 ms), 0 composited frame(s) not sent, binding: decode (decode 9.4 of 8.9 ms budget, floor +23)
 INFO [encode] nxwarp: stream 0 tile mapping: 163 frame(s) with per-tile spans, 17 with the fixed-chunk fallback ("tile-map": "auto")
 INFO [encode] nxwarp: stream 0 the headset did not reconstruct 65 frame(s) since the last report; 65 of them cost an all-intra frame and 0 named a frame older than one already coded intra and cost nothing. Last was frame 7872, dropped by the worker backlog
 INFO [report_frame] nxwarp atlas: 181 frames, avg skip 437 intra 140 coded 140, atlas 181 picture 0, avg worst disp 0.0 q4
 INFO [encode] nxwarp: stream 0 stereo compose 0.000 ms/frame (max 0.000), 0.0% of the 3.9 ms encode
 INFO [encode] nxwarp: stream 0 encoded 181 frames in 2.0 s: 3.9 ms/frame (max 5.7), 45557 B/frame vs 12045 target (+278%), QP 22.6 [22..26], controller allows 8.7 Mbit/s (at min QP), paced to 90.0 fps (client decode 6.4 ms), 0 composited frame(s) not sent, binding: bytes (decode 6.4 of 8.9 ms budget, floor +0)
 INFO [encode] nxwarp: stream 0 tile mapping: 170 frame(s) with per-tile spans, 11 with the fixed-chunk fallback ("tile-map": "auto")
 INFO [encode] nxwarp: stream 0 the headset did not reconstruct 64 frame(s) since the last report; 64 of them cost an all-intra frame and 0 named a frame older than one already coded intra and cost nothing. Last was frame 8055, dropped by the worker backlog
 INFO [report_frame] nxwarp atlas: 181 frames, avg skip 383 intra 194 coded 194, atlas 181 picture 0, avg worst disp 0.0 q4
 INFO [encode] nxwarp: stream 0 stereo compose 0.000 ms/frame (max 0.000), 0.0% of the 3.7 ms encode
 INFO [encode] nxwarp: stream 0 encoded 181 frames in 2.0 s: 3.7 ms/frame (max 5.7), 21480 B/frame vs 12045 target (+78%), QP 22.2 [22..25], controller allows 8.7 Mbit/s, paced to 90.0 fps (client decode 8.5 ms), 0 composited frame(s) not sent, binding: bytes (decode 8.5 of 8.9 ms budget, floor +23)
 INFO [encode] nxwarp: stream 0 tile mapping: 172 frame(s) with per-tile spans, 9 with the fixed-chunk fallback ("tile-map": "auto")
 INFO [encode] nxwarp: stream 0 the headset did not reconstruct 42 frame(s) since the last report; 42 of them cost an all-intra frame and 0 named a frame older than one already coded intra and cost nothing. Last was frame 8236, dropped by the worker backlog
 INFO [report_frame] nxwarp atlas: 181 frames, avg skip 443 intra 134 coded 134, atlas 181 picture 0, avg worst disp 0.0 q4
 INFO [encode] nxwarp: stream 0 stereo compose 0.000 ms/frame (max 0.000), 0.0% of the 3.8 ms encode
 INFO [encode] nxwarp: stream 0 encoded 181 frames in 2.0 s: 3.8 ms/frame (max 5.0), 43670 B/frame vs 12102 target (+261%), QP 22.8 [22..27], controller allows 8.7 Mbit/s (at min QP), paced to 90.0 fps (client decode 7.0 ms), 0 composited frame(s) not sent, binding: bytes (decode 7.0 of 8.9 ms budget, floor +0)
 INFO [encode] nxwarp: stream 0 tile mapping: 153 frame(s) with per-tile spans, 28 with the fixed-chunk fallback ("tile-map": "auto")
 INFO [encode] nxwarp: stream 0 the headset did not reconstruct 76 frame(s) since the last report; 76 of them cost an all-intra frame and 0 named a frame older than one already coded intra and cost nothing. Last was frame 8416, dropped by the worker backlog
 INFO [report_frame] nxwarp atlas: 180 frames, avg skip 434 intra 143 coded 143, atlas 180 picture 0, avg worst disp 0.0 q4
 INFO [encode] nxwarp: stream 0 stereo compose 0.000 ms/frame (max 0.000), 0.0% of the 3.9 ms encode
 INFO [encode] nxwarp: stream 0 encoded 180 frames in 2.0 s: 3.9 ms/frame (max 6.2), 46000 B/frame vs 12045 target (+282%), QP 22.8 [22..27], controller allows 8.7 Mbit/s (at min QP), paced to 90.0 fps (client decode 8.5 ms), 0 composited frame(s) not sent, binding: bytes (decode 8.5 of 8.9 ms budget, floor +0)
 INFO [encode] nxwarp: stream 0 tile mapping: 157 frame(s) with per-tile spans, 23 with the fixed-chunk fallback ("tile-map": "auto")
 INFO [encode] nxwarp: stream 0 the headset did not reconstruct 67 frame(s) since the last report; 67 of them cost an all-intra frame and 0 named a frame older than one already coded intra and cost nothing. Last was frame 8596, dropped by the worker backlog
 INFO [report_frame] nxwarp atlas: 180 frames, avg skip 440 intra 137 coded 137, atlas 180 picture 0, avg worst disp 0.0 q4
 INFO [encode] nxwarp: stream 0 stereo compose 0.000 ms/frame (max 0.000), 0.0% of the 3.8 ms encode
 INFO [encode] nxwarp: stream 0 encoded 180 frames in 2.0 s: 3.8 ms/frame (max 6.0), 45016 B/frame vs 12045 target (+274%), QP 22.6 [22..26], controller allows 8.7 Mbit/s (at min QP), paced to 90.0 fps (client decode 6.9 ms), 0 composited frame(s) not sent, binding: bytes (decode 6.9 of 8.9 ms budget, floor +0)
 INFO [encode] nxwarp: stream 0 tile mapping: 165 frame(s) with per-tile spans, 15 with the fixed-chunk fallback ("tile-map": "auto")
 INFO [encode] nxwarp: stream 0 the headset did not reconstruct 67 frame(s) since the last report; 67 of them cost an all-intra frame and 0 named a frame older than one already coded intra and cost nothing. Last was frame 8776, dropped by the worker backlog
 INFO [report_frame] nxwarp atlas: 181 frames, avg skip 425 intra 152 coded 152, atlas 181 picture 0, avg worst disp 0.0 q4
 INFO [encode] nxwarp: stream 0 stereo compose 0.000 ms/frame (max 0.000), 0.0% of the 3.8 ms encode
 INFO [encode] nxwarp: stream 0 encoded 181 frames in 2.0 s: 3.8 ms/frame (max 6.0), 49680 B/frame vs 12045 target (+312%), QP 22.6 [22..26], controller allows 8.7 Mbit/s (at min QP), paced to 90.0 fps (client decode 6.9 ms), 0 composited frame(s) not sent, binding: bytes (decode 6.9 of 8.9 ms budget, floor +0)
 INFO [encode] nxwarp: stream 0 tile mapping: 171 frame(s) with per-tile spans, 10 with the fixed-chunk fallback ("tile-map": "auto")
 INFO [encode] nxwarp: stream 0 the headset did not reconstruct 66 frame(s) since the last report; 66 of them cost an all-intra frame and 0 named a frame older than one already coded intra and cost nothing. Last was frame 8960, dropped by the worker backlog
 INFO [report_frame] nxwarp atlas: 180 frames, avg skip 434 intra 143 coded 143, atlas 180 picture 0, avg worst disp 0.0 q4
 INFO [encode] nxwarp: stream 0 stereo compose 0.000 ms/frame (max 0.000), 0.0% of the 3.8 ms encode
 INFO [encode] nxwarp: stream 0 encoded 180 frames in 2.0 s: 3.8 ms/frame (max 5.6), 42536 B/frame vs 12045 target (+253%), QP 22.4 [22..24], controller allows 8.7 Mbit/s (at min QP), paced to 90.0 fps (client decode 5.4 ms), 0 composited frame(s) not sent, binding: bytes (decode 5.4 of 8.9 ms budget, floor +0)
 INFO [encode] nxwarp: stream 0 tile mapping: 168 frame(s) with per-tile spans, 11 with the fixed-chunk fallback ("tile-map": "auto")
 INFO [encode] nxwarp: stream 0 the headset did not reconstruct 67 frame(s) since the last report; 67 of them cost an all-intra frame and 0 named a frame older than one already coded intra and cost nothing. Last was frame 9139, dropped by the worker backlog
 INFO [report_frame] nxwarp atlas: 181 frames, avg skip 327 intra 250 coded 250, atlas 181 picture 0, avg worst disp 0.0 q4
 INFO [encode] nxwarp: stream 0 stereo compose 0.000 ms/frame (max 0.000), 0.0% of the 3.7 ms encode
 INFO [encode] nxwarp: stream 0 encoded 181 frames in 2.0 s: 3.7 ms/frame (max 4.9), 4520 B/frame vs 12045 target (-62%), QP 22.0 [22..22], controller allows 8.7 Mbit/s (at min QP), paced to 90.0 fps (client decode 5.8 ms), 0 composited frame(s) not sent, binding: bytes (decode 5.8 of 8.9 ms budget, floor +0)
 INFO [encode] nxwarp: stream 0 tile mapping: 181 frame(s) with per-tile spans, 0 with the fixed-chunk fallback ("tile-map": "auto")
 INFO [encode] nxwarp: stream 0 the headset did not reconstruct 13 frame(s) since the last report; 13 of them cost an all-intra frame and 0 named a frame older than one already coded intra and cost nothing. Last was frame 9224, dropped by the worker backlog
 INFO [report_frame] nxwarp atlas: 181 frames, avg skip 421 intra 156 coded 156, atlas 181 picture 0, avg worst disp 0.0 q4
 INFO [encode] nxwarp: stream 0 stereo compose 0.000 ms/frame (max 0.000), 0.0% of the 3.9 ms encode
 INFO [encode] nxwarp: stream 0 encoded 181 frames in 2.0 s: 3.9 ms/frame (max 6.7), 48126 B/frame vs 12593 target (+282%), QP 23.4 [22..27], controller allows 8.7 Mbit/s, paced to 87.7 fps (client decode 5.9 ms), 0 composited frame(s) not sent, binding: bytes (decode 5.9 of 9.3 ms budget, floor +23)
 INFO [encode] nxwarp: stream 0 tile mapping: 179 frame(s) with per-tile spans, 2 with the fixed-chunk fallback ("tile-map": "auto")
 INFO [encode] nxwarp: stream 0 the headset did not reconstruct 71 frame(s) since the last report; 69 of them cost an all-intra frame and 2 named a frame older than one already coded intra and cost nothing. Last was frame 9499, dropped by the worker backlog
 INFO [report_frame] nxwarp atlas: 181 frames, avg skip 412 intra 165 coded 165, atlas 181 picture 0, avg worst disp 0.0 q4
 INFO [encode] nxwarp: stream 0 stereo compose 0.000 ms/frame (max 0.000), 0.0% of the 3.9 ms encode
 INFO [encode] nxwarp: stream 0 encoded 181 frames in 2.0 s: 3.9 ms/frame (max 6.9), 54222 B/frame vs 12368 target (+338%), QP 23.0 [22..26], controller allows 8.7 Mbit/s, paced to 88.9 fps (client decode 6.6 ms), 0 composited frame(s) not sent, binding: bytes (decode 6.6 of 9.1 ms budget, floor +0)
 INFO [encode] nxwarp: stream 0 tile mapping: 179 frame(s) with per-tile spans, 2 with the fixed-chunk fallback ("tile-map": "auto")
 INFO [encode] nxwarp: stream 0 the headset did not reconstruct 69 frame(s) since the last report; 67 of them cost an all-intra frame and 2 named a frame older than one already coded intra and cost nothing. Last was frame 9679, dropped by the worker backlog
 INFO [report_frame] nxwarp atlas: 181 frames, avg skip 419 intra 158 coded 158, atlas 181 picture 0, avg worst disp 0.0 q4
 INFO [encode] nxwarp: stream 0 stereo compose 0.000 ms/frame (max 0.000), 0.0% of the 3.9 ms encode
 INFO [encode] nxwarp: stream 0 encoded 181 frames in 2.0 s: 3.9 ms/frame (max 5.9), 49632 B/frame vs 12284 target (+304%), QP 23.4 [22..29], controller allows 8.7 Mbit/s (at min QP), paced to 89.1 fps (client decode 7.5 ms), 0 composited frame(s) not sent, binding: bytes (decode 7.5 of 9.1 ms budget, floor +0)
 INFO [encode] nxwarp: stream 0 tile mapping: 175 frame(s) with per-tile spans, 6 with the fixed-chunk fallback ("tile-map": "auto")
 INFO [encode] nxwarp: stream 0 the headset did not reconstruct 69 frame(s) since the last report; 65 of them cost an all-intra frame and 4 named a frame older than one already coded intra and cost nothing. Last was frame 9860, dropped by the worker backlog
 INFO [report_frame] nxwarp atlas: 180 frames, avg skip 418 intra 159 coded 159, atlas 180 picture 0, avg worst disp 0.0 q4
 INFO [encode] nxwarp: stream 0 stereo compose 0.000 ms/frame (max 0.000), 0.0% of the 3.9 ms encode
 INFO [encode] nxwarp: stream 0 encoded 180 frames in 2.0 s: 3.9 ms/frame (max 6.4), 50237 B/frame vs 12045 target (+317%), QP 23.3 [22..29], controller allows 8.7 Mbit/s, paced to 90.0 fps (client decode 6.0 ms), 0 composited frame(s) not sent, binding: bytes (decode 6.0 of 8.9 ms budget, floor +0)
 INFO [encode] nxwarp: stream 0 tile mapping: 177 frame(s) with per-tile spans, 3 with the fixed-chunk fallback ("tile-map": "auto")
 INFO [encode] nxwarp: stream 0 the headset did not reconstruct 73 frame(s) since the last report; 70 of them cost an all-intra frame and 3 named a frame older than one already coded intra and cost nothing. Last was frame 10042, dropped by the worker backlog
 INFO [report_frame] nxwarp atlas: 181 frames, avg skip 419 intra 158 coded 158, atlas 181 picture 0, avg worst disp 0.0 q4
 INFO [encode] nxwarp: stream 0 stereo compose 0.000 ms/frame (max 0.000), 0.0% of the 3.9 ms encode
 INFO [encode] nxwarp: stream 0 encoded 181 frames in 2.0 s: 3.9 ms/frame (max 6.6), 50446 B/frame vs 12276 target (+311%), QP 23.0 [22..26], controller allows 8.7 Mbit/s, paced to 87.0 fps (client decode 12.4 ms), 0 composited frame(s) not sent, binding: bytes (decode 12.4 of 9.1 ms budget, floor +24)
 INFO [encode] nxwarp: stream 0 tile mapping: 175 frame(s) with per-tile spans, 6 with the fixed-chunk fallback ("tile-map": "auto")
 INFO [encode] nxwarp: stream 0 the headset did not reconstruct 72 frame(s) since the last report; 70 of them cost an all-intra frame and 2 named a frame older than one already coded intra and cost nothing. Last was frame 10222, dropped by the worker backlog
 INFO [report_frame] nxwarp atlas: 180 frames, avg skip 396 intra 181 coded 181, atlas 180 picture 0, avg worst disp 0.1 q4
 INFO [encode] nxwarp: stream 0 stereo compose 0.000 ms/frame (max 0.000), 0.0% of the 3.6 ms encode
 INFO [encode] nxwarp: stream 0 encoded 180 frames in 2.0 s: 3.6 ms/frame (max 5.6), 11671 B/frame vs 12045 target (-3%), QP 22.5 [22..27], controller allows 8.7 Mbit/s (at min QP), paced to 90.0 fps (client decode 7.7 ms), 0 composited frame(s) not sent, binding: bytes (decode 7.7 of 8.9 ms budget, floor +0)
 INFO [encode] nxwarp: stream 0 tile mapping: 180 frame(s) with per-tile spans, 0 with the fixed-chunk fallback ("tile-map": "auto")
 INFO [encode] nxwarp: stream 0 the headset did not reconstruct 46 frame(s) since the last report; 44 of them cost an all-intra frame and 2 named a frame older than one already coded intra and cost nothing. Last was frame 10400, dropped by the worker backlog
 INFO [report_frame] nxwarp atlas: 181 frames, avg skip 406 intra 171 coded 171, atlas 181 picture 0, avg worst disp 0.0 q4
 INFO [encode] nxwarp: stream 0 stereo compose 0.000 ms/frame (max 0.000), 0.0% of the 3.8 ms encode
 INFO [encode] nxwarp: stream 0 encoded 181 frames in 2.0 s: 3.8 ms/frame (max 5.8), 33244 B/frame vs 12045 target (+176%), QP 22.9 [22..28], controller allows 8.7 Mbit/s (at min QP), paced to 90.0 fps (client decode 6.8 ms), 0 composited frame(s) not sent, binding: bytes (decode 6.8 of 8.9 ms budget, floor +0)
 INFO [encode] nxwarp: stream 0 tile mapping: 179 frame(s) with per-tile spans, 2 with the fixed-chunk fallback ("tile-map": "auto")
 INFO [encode] nxwarp: stream 0 the headset did not reconstruct 60 frame(s) since the last report; 56 of them cost an all-intra frame and 4 named a frame older than one already coded intra and cost nothing. Last was frame 10579, dropped by the worker backlog
 INFO [report_frame] nxwarp atlas: 180 frames, avg skip 434 intra 143 coded 143, atlas 180 picture 0, avg worst disp 0.0 q4
 INFO [encode] nxwarp: stream 0 stereo compose 0.000 ms/frame (max 0.000), 0.0% of the 3.7 ms encode
 INFO [encode] nxwarp: stream 0 encoded 180 frames in 2.0 s: 3.7 ms/frame (max 5.9), 42901 B/frame vs 12454 target (+244%), QP 24.2 [22..30], controller allows 8.7 Mbit/s, paced to 85.8 fps (client decode 12.5 ms), 0 composited frame(s) not sent, binding: bytes (decode 12.5 of 9.2 ms budget, floor +24)
 INFO [encode] nxwarp: stream 0 tile mapping: 175 frame(s) with per-tile spans, 5 with the fixed-chunk fallback ("tile-map": "auto")
 INFO [encode] nxwarp: stream 0 the headset did not reconstruct 73 frame(s) since the last report; 69 of them cost an all-intra frame and 4 named a frame older than one already coded intra and cost nothing. Last was frame 10762, dropped by the worker backlog
 INFO [report_frame] nxwarp atlas: 180 frames, avg skip 421 intra 156 coded 156, atlas 180 picture 0, avg worst disp 0.0 q4
 INFO [encode] nxwarp: stream 0 stereo compose 0.000 ms/frame (max 0.000), 0.0% of the 3.7 ms encode
 INFO [encode] nxwarp: stream 0 encoded 180 frames in 2.0 s: 3.7 ms/frame (max 5.6), 49790 B/frame vs 12045 target (+313%), QP 23.5 [22..29], controller allows 8.7 Mbit/s (at min QP), paced to 90.0 fps (client decode 8.0 ms), 0 composited frame(s) not sent, binding: bytes (decode 8.0 of 8.9 ms budget, floor +0)
 INFO [encode] nxwarp: stream 0 tile mapping: 177 frame(s) with per-tile spans, 3 with the fixed-chunk fallback ("tile-map": "auto")
 INFO [encode] nxwarp: stream 0 the headset did not reconstruct 69 frame(s) since the last report; 67 of them cost an all-intra frame and 2 named a frame older than one already coded intra and cost nothing. Last was frame 10939, dropped by the worker backlog
 INFO [report_frame] nxwarp atlas: 180 frames, avg skip 423 intra 154 coded 154, atlas 180 picture 0, avg worst disp 0.0 q4
 INFO [encode] nxwarp: stream 0 stereo compose 0.000 ms/frame (max 0.000), 0.0% of the 3.7 ms encode
 INFO [encode] nxwarp: stream 0 encoded 180 frames in 2.0 s: 3.7 ms/frame (max 5.5), 48786 B/frame vs 12045 target (+305%), QP 23.3 [22..28], controller allows 8.7 Mbit/s (at min QP), paced to 89.7 fps (client decode 9.8 ms), 0 composited frame(s) not sent, binding: bytes (decode 9.8 of 8.9 ms budget, floor +0)
 INFO [encode] nxwarp: stream 0 tile mapping: 171 frame(s) with per-tile spans, 9 with the fixed-chunk fallback ("tile-map": "auto")
 INFO [encode] nxwarp: stream 0 the headset did not reconstruct 69 frame(s) since the last report; 68 of them cost an all-intra frame and 1 named a frame older than one already coded intra and cost nothing. Last was frame 11119, dropped by the worker backlog
 INFO [report_frame] nxwarp atlas: 181 frames, avg skip 410 intra 167 coded 167, atlas 181 picture 0, avg worst disp 0.0 q4
 INFO [encode] nxwarp: stream 0 stereo compose 0.000 ms/frame (max 0.000), 0.0% of the 3.8 ms encode
 INFO [encode] nxwarp: stream 0 encoded 181 frames in 2.0 s: 3.8 ms/frame (max 5.2), 52478 B/frame vs 12595 target (+317%), QP 23.4 [22..28], controller allows 8.7 Mbit/s (at min QP), paced to 84.4 fps (client decode 13.7 ms), 0 composited frame(s) not sent, binding: bytes (decode 13.7 of 9.3 ms budget, floor +0)
 INFO [encode] nxwarp: stream 0 tile mapping: 174 frame(s) with per-tile spans, 6 with the fixed-chunk fallback ("tile-map": "auto")
 INFO [encode] nxwarp: stream 0 the headset did not reconstruct 78 frame(s) since the last report; 74 of them cost an all-intra frame and 4 named a frame older than one already coded intra and cost nothing. Last was frame 11304, dropped by the worker backlog
 INFO [report_frame] nxwarp atlas: 180 frames, avg skip 348 intra 229 coded 229, atlas 180 picture 0, avg worst disp 0.0 q4
 INFO [encode] nxwarp: stream 0 stereo compose 0.000 ms/frame (max 0.000), 0.0% of the 3.7 ms encode
 INFO [encode] nxwarp: stream 0 encoded 180 frames in 2.0 s: 3.7 ms/frame (max 5.6), 20151 B/frame vs 12045 target (+67%), QP 22.9 [22..27], controller allows 8.7 Mbit/s (at min QP), paced to 90.0 fps (client decode 8.2 ms), 0 composited frame(s) not sent, binding: bytes (decode 8.2 of 8.9 ms budget, floor +0)
 INFO [encode] nxwarp: stream 0 tile mapping: 175 frame(s) with per-tile spans, 5 with the fixed-chunk fallback ("tile-map": "auto")
 INFO [encode] nxwarp: stream 0 the headset did not reconstruct 32 frame(s) since the last report; 32 of them cost an all-intra frame and 0 named a frame older than one already coded intra and cost nothing. Last was frame 11383, dropped by the worker backlog
 INFO [report_frame] nxwarp atlas: 181 frames, avg skip 337 intra 240 coded 240, atlas 181 picture 0, avg worst disp 0.1 q4
 INFO [encode] nxwarp: stream 0 stereo compose 0.000 ms/frame (max 0.000), 0.0% of the 3.8 ms encode
 INFO [encode] nxwarp: stream 0 encoded 181 frames in 2.0 s: 3.8 ms/frame (max 5.6), 14929 B/frame vs 12160 target (+23%), QP 22.7 [22..29], controller allows 8.7 Mbit/s, paced to 89.6 fps (client decode 8.3 ms), 0 composited frame(s) not sent, binding: bytes (decode 8.3 of 9.0 ms budget, floor +25)
 INFO [encode] nxwarp: stream 0 tile mapping: 181 frame(s) with per-tile spans, 0 with the fixed-chunk fallback ("tile-map": "auto")
 INFO [encode] nxwarp: stream 0 the headset did not reconstruct 23 frame(s) since the last report; 22 of them cost an all-intra frame and 1 named a frame older than one already coded intra and cost nothing. Last was frame 11664, dropped by the worker backlog
 INFO [report_frame] nxwarp atlas: 181 frames, avg skip 425 intra 152 coded 152, atlas 181 picture 0, avg worst disp 0.0 q4
 INFO [encode] nxwarp: stream 0 stereo compose 0.000 ms/frame (max 0.000), 0.0% of the 3.9 ms encode
 INFO [encode] nxwarp: stream 0 encoded 181 frames in 2.0 s: 3.9 ms/frame (max 5.6), 47961 B/frame vs 12172 target (+294%), QP 23.3 [22..29], controller allows 8.7 Mbit/s (at min QP), paced to 90.0 fps (client decode 7.0 ms), 0 composited frame(s) not sent, binding: bytes (decode 7.0 of 9.0 ms budget, floor +0)
 INFO [encode] nxwarp: stream 0 tile mapping: 173 frame(s) with per-tile spans, 7 with the fixed-chunk fallback ("tile-map": "auto")
 INFO [encode] nxwarp: stream 0 the headset did not reconstruct 67 frame(s) since the last report; 65 of them cost an all-intra frame and 2 named a frame older than one already coded intra and cost nothing. Last was frame 11843, dropped by the worker backlog
 INFO [report_frame] nxwarp atlas: 180 frames, avg skip 427 intra 150 coded 150, atlas 180 picture 0, avg worst disp 0.0 q4
 INFO [encode] nxwarp: stream 0 stereo compose 0.000 ms/frame (max 0.000), 0.0% of the 3.7 ms encode
 INFO [encode] nxwarp: stream 0 encoded 180 frames in 2.0 s: 3.7 ms/frame (max 5.6), 47449 B/frame vs 12881 target (+268%), QP 23.0 [22..27], controller allows 8.7 Mbit/s, paced to 84.4 fps (client decode 9.3 ms), 0 composited frame(s) not sent, binding: decode (decode 9.3 of 9.5 ms budget, floor +24)
 INFO [encode] nxwarp: stream 0 tile mapping: 175 frame(s) with per-tile spans, 5 with the fixed-chunk fallback ("tile-map": "auto")
 INFO [encode] nxwarp: stream 0 the headset did not reconstruct 68 frame(s) since the last report; 65 of them cost an all-intra frame and 3 named a frame older than one already coded intra and cost nothing. Last was frame 12023, dropped by the worker backlog
 INFO [report_frame] nxwarp atlas: 181 frames, avg skip 422 intra 155 coded 155, atlas 181 picture 0, avg worst disp 0.0 q4
 INFO [encode] nxwarp: stream 0 stereo compose 0.000 ms/frame (max 0.000), 0.0% of the 3.7 ms encode
 INFO [encode] nxwarp: stream 0 encoded 181 frames in 2.0 s: 3.7 ms/frame (max 5.0), 50062 B/frame vs 12717 target (+294%), QP 23.2 [22..30], controller allows 8.7 Mbit/s, paced to 85.8 fps (client decode 8.4 ms), 0 composited frame(s) not sent, binding: decode (decode 8.4 of 9.4 ms budget, floor +25)
 INFO [encode] nxwarp: stream 0 tile mapping: 173 frame(s) with per-tile spans, 8 with the fixed-chunk fallback ("tile-map": "auto")
 INFO [encode] nxwarp: stream 0 the headset did not reconstruct 72 frame(s) since the last report; 69 of them cost an all-intra frame and 3 named a frame older than one already coded intra and cost nothing. Last was frame 12207, dropped by the worker backlog
 INFO [report_frame] nxwarp atlas: 178 frames, avg skip 438 intra 139 coded 139, atlas 178 picture 0, avg worst disp 0.0 q4
 INFO [encode] nxwarp: stream 0 stereo compose 0.000 ms/frame (max 0.000), 0.0% of the 3.7 ms encode
 INFO [encode] nxwarp: stream 0 encoded 178 frames in 2.0 s: 3.7 ms/frame (max 5.2), 41679 B/frame vs 13087 target (+218%), QP 24.6 [22..30], controller allows 8.7 Mbit/s, paced to 82.0 fps (client decode 8.8 ms), 2 composited frame(s) not sent, binding: bytes (decode 8.8 of 9.7 ms budget, floor +27)
 INFO [encode] nxwarp: stream 0 tile mapping: 165 frame(s) with per-tile spans, 13 with the fixed-chunk fallback ("tile-map": "auto")
 INFO [encode] nxwarp: stream 0 the headset did not reconstruct 75 frame(s) since the last report; 71 of them cost an all-intra frame and 4 named a frame older than one already coded intra and cost nothing. Last was frame 12383, dropped by the worker backlog
