WiVRn nx-atlas-live-920ac878-dirty starting
filesystem error: directory iterator cannot open directory: No such file or directory [/usr/local/share/openxr/1]
WiVRn nx-atlas-live-920ac878-dirty starting
 INFO [get_encoder_settings] nxwarp: both eyes on stream 0 as one 4352x2176 stereo frame (2312 tiles), stream 1 has no encoder
 INFO [video_encoder_nxwarp] nxwarp: "planar-gpu-flat" enabled (all-PLANAR GPU single-pass)
 INFO [video_encoder_nxwarp] nxwarp: "entropy": "auto" -> lite (the headset advertises ENTROPY_LITE)
 INFO [video_encoder_nxwarp] nxwarp: "snap-identity": 16/16 sample (still tiles become a copy on the headset; error bounded by 0.50 sample)
 INFO [video_encoder_nxwarp] nxwarp: "planar": "prefer" (nxvc tool bit 35)
 INFO [video_encoder_nxwarp] nxwarp: stream 0 tools 0x842200c05 (INTRA_DC_PLANE RES_LEVEL INTER WARP CTX_V2 CTX_V3 ENTROPY_LITE bit35), headset 0xdf77a1fff -- negotiated
 INFO [video_encoder_nxwarp] nxwarp: stream 0 backend: nxvc_vk_encoder GPU compute encoder, nxvc_vk_encoder (E0/E3/E4/E5, intra only) (68x34 tiles, intra only, one QP per frame), reading the compositor image directly
 INFO [video_encoder_nxwarp] nxwarp: stream 0 2176x2176, nxvc_vk_encoder GPU compute encoder, nxvc_vk_encoder (E0/E3/E4/E5, intra only) (68x34 tiles, intra only, one QP per frame), rate control from QP 28 in 22..40 at 90 Hz, send pacing follows the headset's decode cost, 15..90 fps, 68x34 tiles in 6 band(s), 1166 bytes per transport tile
 INFO [video_encoder_nxwarp] nxwarp: "planar-gpu-flat" enabled (all-PLANAR GPU single-pass)
 INFO [video_encoder_nxwarp] nxwarp: "entropy": "auto" -> lite (the headset advertises ENTROPY_LITE)
 INFO [video_encoder_nxwarp] nxwarp: "snap-identity": 16/16 sample (still tiles become a copy on the headset; error bounded by 0.50 sample)
 INFO [video_encoder_nxwarp] nxwarp: "planar": "prefer" (nxvc tool bit 35)
 INFO [video_encoder_nxwarp] nxwarp: stream 2 tools 0x842200c05 (INTRA_DC_PLANE RES_LEVEL INTER WARP CTX_V2 CTX_V3 ENTROPY_LITE bit35), headset 0xdf77a1fff -- negotiated
 INFO [video_encoder_nxwarp] nxwarp: stream 2 backend: nxvc_vk_encoder GPU compute encoder, nxvc_vk_encoder (E0/E3/E4/E5, intra only) (34x17 tiles, intra only, one QP per frame), reading the compositor image directly
 INFO [video_encoder_nxwarp] nxwarp: stream 2 2176x1088, nxvc_vk_encoder GPU compute encoder, nxvc_vk_encoder (E0/E3/E4/E5, intra only) (34x17 tiles, intra only, one QP per frame), rate control from QP 28 in 22..40 at 90 Hz, send pacing follows the headset's decode cost, 15..90 fps, 34x17 tiles in 3 band(s), 1166 bytes per transport tile
 INFO [reset_stream] nxwarp: stream 0 resumed for a new client: transport sequence restarted, stream header resent, next frame coded without a reference
 INFO [reset_stream] nxwarp: stream 2 resumed for a new client: transport sequence restarted, stream header resent, next frame coded without a reference
 INFO [update_lens_mask] nxwarp: stream 0 lens mask: 111 of 1156 tiles per eye masked (margin 1 tile, fov -53.3/53.3/53.3/-53.3 deg); flattened only: this backend has no skip-map input, so the tiles are coded as whatever the mode search makes of a constant grey
 INFO [encode] nxwarp: stream 0 rate control on: 54634146 bit/s is 75881 B/frame at 90 Hz, QP band 22..40
 INFO [encode] nxwarp: stream 0 stereo compose 0.000 ms/frame (max 0.000), 0.0% of the 1.8 ms encode
 INFO [encode] nxwarp: stream 0 encoded 1 frames in 28.0 s: 1.8 ms/frame (max 1.8), 81776 B/frame at fixed QP 28, paced to 90.0 fps (client decode not reported yet), 0 composited frame(s) not sent
 INFO [encode] nxwarp: stream 0 stereo compose 0.000 ms/frame (max 0.000), 0.0% of the 2.3 ms encode
 INFO [encode] nxwarp: stream 0 encoded 181 frames in 2.0 s: 2.3 ms/frame (max 2.7), 81833 B/frame vs 75881 target (+8%), QP 38.4 [27..40], controller allows 54.6 Mbit/s (at max QP), paced to 90.0 fps (client decode 2.5 ms), 1 composited frame(s) not sent, binding: bytes (decode 2.5 of 8.9 ms budget, floor +0)
 INFO [encode] nxwarp: stream 0 tile mapping: 181 frame(s) with per-tile spans, 0 with the fixed-chunk fallback ("tile-map": "auto")
 INFO [encode] nxwarp: stream 0 the headset did not reconstruct 21 frame(s) since the last report; 21 of them cost an all-intra frame and 0 named a frame older than one already coded intra and cost nothing. Last was frame 39, dropped by the worker backlog
 WARN [run_rate_control] nxwarp: stream 0 cannot reach its bitrate ceiling: at max QP 40 the frames are 81776 B and the ceiling allows 75881 B (54634146 bit/s at the 90.0 fps this stream is paced to, 90 Hz composited). This is the smallest frame this quantiser can make of this picture — raise the ceiling, lower the resolution, or raise "max-qp"
 INFO [encode] nxwarp: stream 0 stereo compose 0.000 ms/frame (max 0.000), 0.0% of the 1.8 ms encode
 INFO [encode] nxwarp: stream 0 encoded 180 frames in 2.0 s: 1.8 ms/frame (max 2.7), 81785 B/frame vs 75881 target (+8%), QP 40.0 [40..40], controller allows 54.6 Mbit/s (CEILING UNREACHABLE, pinned at max QP), paced to 90.0 fps (client decode 3.5 ms), 0 composited frame(s) not sent, binding: bytes (decode 3.5 of 8.9 ms budget, floor +0)
 INFO [encode] nxwarp: stream 0 tile mapping: 180 frame(s) with per-tile spans, 0 with the fixed-chunk fallback ("tile-map": "auto")
 INFO [encode] nxwarp: stream 0 the headset did not reconstruct 1 frame(s) since the last report; 1 of them cost an all-intra frame and 0 named a frame older than one already coded intra and cost nothing. Last was frame 330, dropped by a hole
 INFO [encode] nxwarp: stream 0 stereo compose 0.000 ms/frame (max 0.000), 0.0% of the 2.1 ms encode
 INFO [encode] nxwarp: stream 0 encoded 180 frames in 2.0 s: 2.1 ms/frame (max 2.8), 81814 B/frame vs 30352 target (+170%), QP 40.0 [40..40], controller allows 21.9 Mbit/s (at max QP), paced to 90.0 fps (client decode 8.0 ms), 1 composited frame(s) not sent, binding: bytes (decode 8.0 of 8.9 ms budget, floor +38)
 INFO [encode] nxwarp: stream 0 tile mapping: 180 frame(s) with per-tile spans, 0 with the fixed-chunk fallback ("tile-map": "auto")
 INFO [encode] nxwarp: stream 0 the headset did not reconstruct 12 frame(s) since the last report; 12 of them cost an all-intra frame and 0 named a frame older than one already coded intra and cost nothing. Last was frame 431, dropped by a hole
 INFO [run_decode_rate_control] nxwarp: stream 0 decode 9.2 ms is over the 8.9 ms budget but 2 quantiser steps moved it less than 3%: holding the floor at +26 and releasing it. The decode is not paying for bits here (coded tiles 100% of the frame).
 INFO [encode] nxwarp: stream 0 stereo compose 0.000 ms/frame (max 0.000), 0.0% of the 2.5 ms encode
 INFO [encode] nxwarp: stream 0 encoded 180 frames in 2.0 s: 2.5 ms/frame (max 2.9), 81848 B/frame vs 30352 target (+170%), QP 40.0 [40..40], controller allows 21.9 Mbit/s (CEILING UNREACHABLE, pinned at max QP), paced to 90.0 fps (client decode 2.7 ms), 1 composited frame(s) not sent, binding: bytes (decode 2.7 of 8.9 ms budget, floor +0)
 INFO [encode] nxwarp: stream 0 tile mapping: 180 frame(s) with per-tile spans, 0 with the fixed-chunk fallback ("tile-map": "auto")
 INFO [encode] nxwarp: stream 0 stereo compose 0.000 ms/frame (max 0.000), 0.0% of the 2.6 ms encode
 INFO [encode] nxwarp: stream 0 encoded 179 frames in 2.0 s: 2.6 ms/frame (max 2.9), 81848 B/frame vs 30352 target (+170%), QP 40.0 [40..40], controller allows 21.9 Mbit/s (CEILING UNREACHABLE, pinned at max QP), paced to 90.0 fps (client decode 4.8 ms), 2 composited frame(s) not sent, binding: bytes (decode 4.8 of 8.9 ms budget, floor +0)
 INFO [encode] nxwarp: stream 0 tile mapping: 179 frame(s) with per-tile spans, 0 with the fixed-chunk fallback ("tile-map": "auto")
 INFO [run_decode_rate_control] nxwarp: stream 0 decode window mean 6.9 ms is back under the 8.9 ms budget: the floor may rise again.
 INFO [encode] nxwarp: stream 0 stereo compose 0.000 ms/frame (max 0.000), 0.0% of the 2.5 ms encode
 INFO [encode] nxwarp: stream 0 encoded 180 frames in 2.0 s: 2.5 ms/frame (max 2.9), 81848 B/frame vs 30352 target (+170%), QP 40.0 [40..40], controller allows 21.9 Mbit/s (CEILING UNREACHABLE, pinned at max QP), paced to 90.0 fps (client decode 5.3 ms), 0 composited frame(s) not sent, binding: bytes (decode 5.3 of 8.9 ms budget, floor +0)
 INFO [encode] nxwarp: stream 0 tile mapping: 180 frame(s) with per-tile spans, 0 with the fixed-chunk fallback ("tile-map": "auto")
 INFO [encode] nxwarp: stream 0 stereo compose 0.000 ms/frame (max 0.000), 0.0% of the 2.5 ms encode
 INFO [encode] nxwarp: stream 0 encoded 180 frames in 2.0 s: 2.5 ms/frame (max 2.9), 81848 B/frame vs 30352 target (+170%), QP 40.0 [40..40], controller allows 21.9 Mbit/s (CEILING UNREACHABLE, pinned at max QP), paced to 90.0 fps (client decode 4.2 ms), 0 composited frame(s) not sent, binding: bytes (decode 4.2 of 8.9 ms budget, floor +0)
 INFO [encode] nxwarp: stream 0 tile mapping: 180 frame(s) with per-tile spans, 0 with the fixed-chunk fallback ("tile-map": "auto")
 INFO [encode] nxwarp: stream 0 stereo compose 0.000 ms/frame (max 0.000), 0.0% of the 2.2 ms encode
 INFO [encode] nxwarp: stream 0 encoded 180 frames in 2.0 s: 2.2 ms/frame (max 2.7), 81822 B/frame vs 30352 target (+170%), QP 40.0 [40..40], controller allows 21.9 Mbit/s (CEILING UNREACHABLE, pinned at max QP), paced to 90.0 fps (client decode 4.5 ms), 0 composited frame(s) not sent, binding: bytes (decode 4.5 of 8.9 ms budget, floor +0)
 INFO [encode] nxwarp: stream 0 tile mapping: 180 frame(s) with per-tile spans, 0 with the fixed-chunk fallback ("tile-map": "auto")
 INFO [encode] nxwarp: stream 0 stereo compose 0.000 ms/frame (max 0.000), 0.0% of the 1.9 ms encode
 INFO [encode] nxwarp: stream 0 encoded 181 frames in 2.0 s: 1.9 ms/frame (max 2.6), 81788 B/frame vs 30352 target (+169%), QP 40.0 [40..40], controller allows 21.9 Mbit/s (CEILING UNREACHABLE, pinned at max QP), paced to 90.0 fps (client decode 7.5 ms), 0 composited frame(s) not sent, binding: bytes (decode 7.5 of 8.9 ms budget, floor +0)
 INFO [encode] nxwarp: stream 0 tile mapping: 181 frame(s) with per-tile spans, 0 with the fixed-chunk fallback ("tile-map": "auto")
 INFO [encode] nxwarp: stream 0 the headset did not reconstruct 10 frame(s) since the last report; 10 of them cost an all-intra frame and 0 named a frame older than one already coded intra and cost nothing. Last was frame 1577, dropped by a hole
 INFO [encode] nxwarp: stream 0 stereo compose 0.000 ms/frame (max 0.000), 0.0% of the 2.5 ms encode
 INFO [encode] nxwarp: stream 0 encoded 180 frames in 2.0 s: 2.5 ms/frame (max 2.9), 81848 B/frame vs 12141 target (+574%), QP 40.0 [40..40], controller allows 8.7 Mbit/s (CEILING UNREACHABLE, pinned at max QP), paced to 90.0 fps (client decode 2.1 ms), 0 composited frame(s) not sent, binding: bytes (decode 2.1 of 8.9 ms budget, floor +0)
 INFO [encode] nxwarp: stream 0 tile mapping: 180 frame(s) with per-tile spans, 0 with the fixed-chunk fallback ("tile-map": "auto")
 INFO [encode] nxwarp: stream 0 stereo compose 0.000 ms/frame (max 0.000), 0.0% of the 2.6 ms encode
 INFO [encode] nxwarp: stream 0 encoded 181 frames in 2.0 s: 2.6 ms/frame (max 3.0), 81848 B/frame vs 12141 target (+574%), QP 40.0 [40..40], controller allows 8.7 Mbit/s (CEILING UNREACHABLE, pinned at max QP), paced to 90.0 fps (client decode 2.8 ms), 0 composited frame(s) not sent, binding: bytes (decode 2.8 of 8.9 ms budget, floor +0)
 INFO [encode] nxwarp: stream 0 tile mapping: 181 frame(s) with per-tile spans, 0 with the fixed-chunk fallback ("tile-map": "auto")
 INFO [encode] nxwarp: stream 0 stereo compose 0.000 ms/frame (max 0.000), 0.0% of the 2.5 ms encode
 INFO [encode] nxwarp: stream 0 encoded 180 frames in 2.0 s: 2.5 ms/frame (max 3.0), 81848 B/frame vs 12141 target (+574%), QP 40.0 [40..40], controller allows 8.7 Mbit/s (CEILING UNREACHABLE, pinned at max QP), paced to 90.0 fps (client decode 3.5 ms), 0 composited frame(s) not sent, binding: bytes (decode 3.5 of 8.9 ms budget, floor +0)
 INFO [encode] nxwarp: stream 0 tile mapping: 180 frame(s) with per-tile spans, 0 with the fixed-chunk fallback ("tile-map": "auto")
 INFO [encode] nxwarp: stream 0 stereo compose 0.000 ms/frame (max 0.000), 0.0% of the 2.5 ms encode
 INFO [encode] nxwarp: stream 0 encoded 181 frames in 2.0 s: 2.5 ms/frame (max 2.8), 81848 B/frame vs 12141 target (+574%), QP 40.0 [40..40], controller allows 8.7 Mbit/s (CEILING UNREACHABLE, pinned at max QP), paced to 90.0 fps (client decode 2.9 ms), 0 composited frame(s) not sent, binding: bytes (decode 2.9 of 8.9 ms budget, floor +0)
 INFO [encode] nxwarp: stream 0 tile mapping: 181 frame(s) with per-tile spans, 0 with the fixed-chunk fallback ("tile-map": "auto")
 INFO [encode] nxwarp: stream 0 stereo compose 0.000 ms/frame (max 0.000), 0.0% of the 2.5 ms encode
 INFO [encode] nxwarp: stream 0 encoded 180 frames in 2.0 s: 2.5 ms/frame (max 2.9), 81840 B/frame vs 12141 target (+574%), QP 40.0 [40..40], controller allows 8.7 Mbit/s (CEILING UNREACHABLE, pinned at max QP), paced to 90.0 fps (client decode 4.0 ms), 0 composited frame(s) not sent, binding: bytes (decode 4.0 of 8.9 ms budget, floor +0)
 INFO [encode] nxwarp: stream 0 tile mapping: 180 frame(s) with per-tile spans, 0 with the fixed-chunk fallback ("tile-map": "auto")
 INFO [encode] nxwarp: stream 0 stereo compose 0.000 ms/frame (max 0.000), 0.0% of the 1.7 ms encode
 INFO [encode] nxwarp: stream 0 encoded 180 frames in 2.0 s: 1.7 ms/frame (max 2.0), 81776 B/frame vs 12141 target (+574%), QP 40.0 [40..40], controller allows 8.7 Mbit/s (CEILING UNREACHABLE, pinned at max QP), paced to 90.0 fps (client decode 3.8 ms), 0 composited frame(s) not sent, binding: bytes (decode 3.8 of 8.9 ms budget, floor +0)
 INFO [encode] nxwarp: stream 0 tile mapping: 180 frame(s) with per-tile spans, 0 with the fixed-chunk fallback ("tile-map": "auto")
 INFO [encode] nxwarp: stream 0 the headset did not reconstruct 3 frame(s) since the last report; 3 of them cost an all-intra frame and 0 named a frame older than one already coded intra and cost nothing. Last was frame 2667, dropped by a hole
 INFO [encode] nxwarp: stream 0 stereo compose 0.000 ms/frame (max 0.000), 0.0% of the 2.3 ms encode
 INFO [encode] nxwarp: stream 0 encoded 181 frames in 2.0 s: 2.3 ms/frame (max 2.9), 81832 B/frame vs 12045 target (+579%), QP 40.0 [40..40], controller allows 8.7 Mbit/s (CEILING UNREACHABLE, pinned at max QP), paced to 90.0 fps (client decode 1.9 ms), 0 composited frame(s) not sent, binding: bytes (decode 1.9 of 8.9 ms budget, floor +0)
 INFO [encode] nxwarp: stream 0 tile mapping: 181 frame(s) with per-tile spans, 0 with the fixed-chunk fallback ("tile-map": "auto")
 INFO [encode] nxwarp: stream 0 the headset did not reconstruct 7 frame(s) since the last report; 7 of them cost an all-intra frame and 0 named a frame older than one already coded intra and cost nothing. Last was frame 2733, dropped by a hole
 WARN [run_rate_control] nxwarp: stream 0 cannot reach its bitrate ceiling: at max QP 40 the frames are 81848 B and the ceiling allows 12045 B (8672086 bit/s at the 90.0 fps this stream is paced to, 90 Hz composited). This is the smallest frame this quantiser can make of this picture — raise the ceiling, lower the resolution, or raise "max-qp"
 INFO [encode] nxwarp: stream 0 stereo compose 0.000 ms/frame (max 0.000), 0.0% of the 2.4 ms encode
 INFO [encode] nxwarp: stream 0 encoded 180 frames in 2.0 s: 2.4 ms/frame (max 2.8), 81843 B/frame vs 12045 target (+579%), QP 40.0 [40..40], controller allows 8.7 Mbit/s (CEILING UNREACHABLE, pinned at max QP), paced to 90.0 fps (client decode 1.9 ms), 0 composited frame(s) not sent, binding: bytes (decode 1.9 of 8.9 ms budget, floor +0)
 INFO [encode] nxwarp: stream 0 tile mapping: 180 frame(s) with per-tile spans, 0 with the fixed-chunk fallback ("tile-map": "auto")
 INFO [encode] nxwarp: stream 0 the headset did not reconstruct 4 frame(s) since the last report; 4 of them cost an all-intra frame and 0 named a frame older than one already coded intra and cost nothing. Last was frame 2975, dropped by the worker backlog
 INFO [encode] nxwarp: stream 0 stereo compose 0.000 ms/frame (max 0.000), 0.0% of the 2.5 ms encode
 INFO [encode] nxwarp: stream 0 encoded 180 frames in 2.0 s: 2.5 ms/frame (max 2.8), 81848 B/frame vs 12045 target (+580%), QP 40.0 [40..40], controller allows 8.7 Mbit/s (CEILING UNREACHABLE, pinned at max QP), paced to 90.0 fps (client decode 2.3 ms), 0 composited frame(s) not sent, binding: bytes (decode 2.3 of 8.9 ms budget, floor +0)
 INFO [encode] nxwarp: stream 0 tile mapping: 180 frame(s) with per-tile spans, 0 with the fixed-chunk fallback ("tile-map": "auto")
 INFO [encode] nxwarp: stream 0 stereo compose 0.000 ms/frame (max 0.000), 0.0% of the 2.5 ms encode
 INFO [encode] nxwarp: stream 0 encoded 181 frames in 2.0 s: 2.5 ms/frame (max 2.9), 81848 B/frame vs 12045 target (+580%), QP 40.0 [40..40], controller allows 8.7 Mbit/s (CEILING UNREACHABLE, pinned at max QP), paced to 90.0 fps (client decode 2.3 ms), 0 composited frame(s) not sent, binding: bytes (decode 2.3 of 8.9 ms budget, floor +0)
 INFO [encode] nxwarp: stream 0 tile mapping: 181 frame(s) with per-tile spans, 0 with the fixed-chunk fallback ("tile-map": "auto")
 INFO [encode] nxwarp: stream 0 stereo compose 0.000 ms/frame (max 0.000), 0.0% of the 2.6 ms encode
 INFO [encode] nxwarp: stream 0 encoded 180 frames in 2.0 s: 2.6 ms/frame (max 3.2), 81848 B/frame vs 12045 target (+580%), QP 40.0 [40..40], controller allows 8.7 Mbit/s (CEILING UNREACHABLE, pinned at max QP), paced to 90.0 fps (client decode 2.6 ms), 0 composited frame(s) not sent, binding: bytes (decode 2.6 of 8.9 ms budget, floor +0)
 INFO [encode] nxwarp: stream 0 tile mapping: 180 frame(s) with per-tile spans, 0 with the fixed-chunk fallback ("tile-map": "auto")
 INFO [encode] nxwarp: stream 0 stereo compose 0.000 ms/frame (max 0.000), 0.0% of the 2.1 ms encode
 INFO [encode] nxwarp: stream 0 encoded 180 frames in 2.0 s: 2.1 ms/frame (max 2.9), 81803 B/frame vs 12045 target (+579%), QP 40.0 [40..40], controller allows 8.7 Mbit/s (CEILING UNREACHABLE, pinned at max QP), paced to 90.0 fps (client decode 4.7 ms), 0 composited frame(s) not sent, binding: bytes (decode 4.7 of 8.9 ms budget, floor +0)
 INFO [encode] nxwarp: stream 0 tile mapping: 180 frame(s) with per-tile spans, 0 with the fixed-chunk fallback ("tile-map": "auto")
 INFO [encode] nxwarp: stream 0 stereo compose 0.000 ms/frame (max 0.000), 0.0% of the 2.0 ms encode
 INFO [encode] nxwarp: stream 0 encoded 181 frames in 2.0 s: 2.0 ms/frame (max 2.8), 81805 B/frame vs 12045 target (+579%), QP 40.0 [40..40], controller allows 8.7 Mbit/s (CEILING UNREACHABLE, pinned at max QP), paced to 90.0 fps (client decode 8.3 ms), 0 composited frame(s) not sent, binding: bytes (decode 8.3 of 8.9 ms budget, floor +0)
 INFO [encode] nxwarp: stream 0 tile mapping: 181 frame(s) with per-tile spans, 0 with the fixed-chunk fallback ("tile-map": "auto")
 INFO [encode] nxwarp: stream 0 the headset did not reconstruct 12 frame(s) since the last report; 12 of them cost an all-intra frame and 0 named a frame older than one already coded intra and cost nothing. Last was frame 3879, dropped by a hole
 INFO [encode] nxwarp: stream 0 stereo compose 0.000 ms/frame (max 0.000), 0.0% of the 2.5 ms encode
 INFO [encode] nxwarp: stream 0 encoded 180 frames in 2.0 s: 2.5 ms/frame (max 2.8), 81848 B/frame vs 12045 target (+580%), QP 40.0 [40..40], controller allows 8.7 Mbit/s (CEILING UNREACHABLE, pinned at max QP), paced to 90.0 fps (client decode 8.0 ms), 0 composited frame(s) not sent, binding: bytes (decode 8.0 of 8.9 ms budget, floor +0)
 INFO [encode] nxwarp: stream 0 tile mapping: 180 frame(s) with per-tile spans, 0 with the fixed-chunk fallback ("tile-map": "auto")
 INFO [encode] nxwarp: stream 0 stereo compose 0.000 ms/frame (max 0.000), 0.0% of the 2.5 ms encode
 INFO [encode] nxwarp: stream 0 encoded 180 frames in 2.0 s: 2.5 ms/frame (max 3.0), 81848 B/frame vs 12045 target (+580%), QP 40.0 [40..40], controller allows 8.7 Mbit/s (CEILING UNREACHABLE, pinned at max QP), paced to 90.0 fps (client decode 8.5 ms), 0 composited frame(s) not sent, binding: bytes (decode 8.5 of 8.9 ms budget, floor +0)
 INFO [encode] nxwarp: stream 0 tile mapping: 180 frame(s) with per-tile spans, 0 with the fixed-chunk fallback ("tile-map": "auto")
 INFO [run_decode_rate_control] nxwarp: stream 0 decode 9.0 ms is over the 8.9 ms budget but 2 quantiser steps moved it less than 3%: holding the floor at +40 and releasing it. The decode is not paying for bits here (coded tiles 100% of the frame).
 INFO [encode] nxwarp: stream 0 stereo compose 0.000 ms/frame (max 0.000), 0.0% of the 2.5 ms encode
 INFO [encode] nxwarp: stream 0 encoded 180 frames in 2.0 s: 2.5 ms/frame (max 2.9), 81848 B/frame vs 12045 target (+580%), QP 40.0 [40..40], controller allows 8.7 Mbit/s (CEILING UNREACHABLE, pinned at max QP), paced to 90.0 fps (client decode 4.3 ms), 0 composited frame(s) not sent, binding: bytes (decode 4.3 of 8.9 ms budget, floor +0)
 INFO [encode] nxwarp: stream 0 tile mapping: 180 frame(s) with per-tile spans, 0 with the fixed-chunk fallback ("tile-map": "auto")
 INFO [encode] nxwarp: stream 0 stereo compose 0.000 ms/frame (max 0.000), 0.0% of the 2.6 ms encode
 INFO [encode] nxwarp: stream 0 encoded 181 frames in 2.0 s: 2.6 ms/frame (max 3.1), 81848 B/frame vs 12045 target (+580%), QP 40.0 [40..40], controller allows 8.7 Mbit/s (CEILING UNREACHABLE, pinned at max QP), paced to 90.0 fps (client decode 3.2 ms), 0 composited frame(s) not sent, binding: bytes (decode 3.2 of 8.9 ms budget, floor +0)
 INFO [encode] nxwarp: stream 0 tile mapping: 181 frame(s) with per-tile spans, 0 with the fixed-chunk fallback ("tile-map": "auto")
 INFO [run_decode_rate_control] nxwarp: stream 0 decode window mean 6.0 ms is back under the 8.9 ms budget: the floor may rise again.
 INFO [encode] nxwarp: stream 0 stereo compose 0.000 ms/frame (max 0.000), 0.0% of the 2.2 ms encode
 INFO [encode] nxwarp: stream 0 encoded 180 frames in 2.0 s: 2.2 ms/frame (max 3.0), 81819 B/frame vs 12045 target (+579%), QP 40.0 [40..40], controller allows 8.7 Mbit/s (CEILING UNREACHABLE, pinned at max QP), paced to 90.0 fps (client decode 5.6 ms), 0 composited frame(s) not sent, binding: bytes (decode 5.6 of 8.9 ms budget, floor +0)
 INFO [encode] nxwarp: stream 0 tile mapping: 180 frame(s) with per-tile spans, 0 with the fixed-chunk fallback ("tile-map": "auto")
 INFO [encode] nxwarp: stream 0 stereo compose 0.000 ms/frame (max 0.000), 0.0% of the 1.8 ms encode
 INFO [encode] nxwarp: stream 0 encoded 180 frames in 2.0 s: 1.8 ms/frame (max 2.7), 81779 B/frame vs 12045 target (+579%), QP 40.0 [40..40], controller allows 8.7 Mbit/s (CEILING UNREACHABLE, pinned at max QP), paced to 90.0 fps (client decode 2.3 ms), 0 composited frame(s) not sent, binding: bytes (decode 2.3 of 8.9 ms budget, floor +0)
 INFO [encode] nxwarp: stream 0 tile mapping: 180 frame(s) with per-tile spans, 0 with the fixed-chunk fallback ("tile-map": "auto")
 INFO [encode] nxwarp: stream 0 the headset did not reconstruct 15 frame(s) since the last report; 15 of them cost an all-intra frame and 0 named a frame older than one already coded intra and cost nothing. Last was frame 5022, dropped by a hole
 INFO [encode] nxwarp: stream 0 stereo compose 0.000 ms/frame (max 0.000), 0.0% of the 2.5 ms encode
 INFO [encode] nxwarp: stream 0 encoded 181 frames in 2.0 s: 2.5 ms/frame (max 2.8), 81848 B/frame vs 12045 target (+580%), QP 40.0 [40..40], controller allows 8.7 Mbit/s (CEILING UNREACHABLE, pinned at max QP), paced to 90.0 fps (client decode 3.1 ms), 0 composited frame(s) not sent, binding: bytes (decode 3.1 of 8.9 ms budget, floor +0)
 INFO [encode] nxwarp: stream 0 tile mapping: 181 frame(s) with per-tile spans, 0 with the fixed-chunk fallback ("tile-map": "auto")
 INFO [encode] nxwarp: stream 0 stereo compose 0.000 ms/frame (max 0.000), 0.0% of the 2.5 ms encode
 INFO [encode] nxwarp: stream 0 encoded 180 frames in 2.0 s: 2.5 ms/frame (max 2.8), 81848 B/frame vs 12045 target (+580%), QP 40.0 [40..40], controller allows 8.7 Mbit/s (CEILING UNREACHABLE, pinned at max QP), paced to 90.0 fps (client decode 1.9 ms), 0 composited frame(s) not sent, binding: bytes (decode 1.9 of 8.9 ms budget, floor +0)
 INFO [encode] nxwarp: stream 0 tile mapping: 180 frame(s) with per-tile spans, 0 with the fixed-chunk fallback ("tile-map": "auto")
 INFO [encode] nxwarp: stream 0 stereo compose 0.000 ms/frame (max 0.000), 0.0% of the 2.5 ms encode
 INFO [encode] nxwarp: stream 0 encoded 181 frames in 2.0 s: 2.5 ms/frame (max 2.8), 81848 B/frame vs 12045 target (+580%), QP 40.0 [40..40], controller allows 8.7 Mbit/s (CEILING UNREACHABLE, pinned at max QP), paced to 90.0 fps (client decode 2.0 ms), 0 composited frame(s) not sent, binding: bytes (decode 2.0 of 8.9 ms budget, floor +0)
 INFO [encode] nxwarp: stream 0 tile mapping: 181 frame(s) with per-tile spans, 0 with the fixed-chunk fallback ("tile-map": "auto")
 WARN [run_rate_control] nxwarp: stream 0 cannot reach its bitrate ceiling: at max QP 40 the frames are 81848 B and the ceiling allows 12045 B (8672086 bit/s at the 90.0 fps this stream is paced to, 90 Hz composited). This is the smallest frame this quantiser can make of this picture — raise the ceiling, lower the resolution, or raise "max-qp"
 INFO [encode] nxwarp: stream 0 stereo compose 0.000 ms/frame (max 0.000), 0.0% of the 2.5 ms encode
 INFO [encode] nxwarp: stream 0 encoded 181 frames in 2.0 s: 2.5 ms/frame (max 3.0), 81848 B/frame vs 12045 target (+580%), QP 40.0 [40..40], controller allows 8.7 Mbit/s (CEILING UNREACHABLE, pinned at max QP), paced to 90.0 fps (client decode 2.3 ms), 0 composited frame(s) not sent, binding: bytes (decode 2.3 of 8.9 ms budget, floor +0)
 INFO [encode] nxwarp: stream 0 tile mapping: 181 frame(s) with per-tile spans, 0 with the fixed-chunk fallback ("tile-map": "auto")
 INFO [encode] nxwarp: stream 0 stereo compose 0.000 ms/frame (max 0.000), 0.0% of the 2.5 ms encode
 INFO [encode] nxwarp: stream 0 encoded 181 frames in 2.0 s: 2.5 ms/frame (max 2.7), 81848 B/frame vs 12045 target (+580%), QP 40.0 [40..40], controller allows 8.7 Mbit/s (CEILING UNREACHABLE, pinned at max QP), paced to 90.0 fps (client decode 2.5 ms), 0 composited frame(s) not sent, binding: bytes (decode 2.5 of 8.9 ms budget, floor +0)
 INFO [encode] nxwarp: stream 0 tile mapping: 181 frame(s) with per-tile spans, 0 with the fixed-chunk fallback ("tile-map": "auto")
 INFO [encode] nxwarp: stream 0 stereo compose 0.000 ms/frame (max 0.000), 0.0% of the 1.9 ms encode
 INFO [encode] nxwarp: stream 0 encoded 180 frames in 2.0 s: 1.9 ms/frame (max 2.6), 81782 B/frame vs 12045 target (+579%), QP 40.0 [40..40], controller allows 8.7 Mbit/s (CEILING UNREACHABLE, pinned at max QP), paced to 90.0 fps (client decode 3.9 ms), 0 composited frame(s) not sent, binding: bytes (decode 3.9 of 8.9 ms budget, floor +0)
 INFO [encode] nxwarp: stream 0 tile mapping: 180 frame(s) with per-tile spans, 0 with the fixed-chunk fallback ("tile-map": "auto")
 INFO [encode] nxwarp: stream 0 stereo compose 0.000 ms/frame (max 0.000), 0.0% of the 2.3 ms encode
 INFO [encode] nxwarp: stream 0 encoded 181 frames in 2.0 s: 2.3 ms/frame (max 2.9), 81826 B/frame vs 12045 target (+579%), QP 40.0 [40..40], controller allows 8.7 Mbit/s (CEILING UNREACHABLE, pinned at max QP), paced to 90.0 fps (client decode 5.8 ms), 0 composited frame(s) not sent, binding: bytes (decode 5.8 of 8.9 ms budget, floor +0)
 INFO [encode] nxwarp: stream 0 tile mapping: 181 frame(s) with per-tile spans, 0 with the fixed-chunk fallback ("tile-map": "auto")
 INFO [encode] nxwarp: stream 0 the headset did not reconstruct 8 frame(s) since the last report; 8 of them cost an all-intra frame and 0 named a frame older than one already coded intra and cost nothing. Last was frame 6172, dropped by a hole
 INFO [encode] nxwarp: stream 0 stereo compose 0.000 ms/frame (max 0.000), 0.0% of the 2.5 ms encode
 INFO [encode] nxwarp: stream 0 encoded 181 frames in 2.0 s: 2.5 ms/frame (max 2.8), 81848 B/frame vs 12045 target (+580%), QP 40.0 [40..40], controller allows 8.7 Mbit/s (CEILING UNREACHABLE, pinned at max QP), paced to 90.0 fps (client decode 5.7 ms), 0 composited frame(s) not sent, binding: bytes (decode 5.7 of 8.9 ms budget, floor +0)
 INFO [encode] nxwarp: stream 0 tile mapping: 181 frame(s) with per-tile spans, 0 with the fixed-chunk fallback ("tile-map": "auto")
 INFO [encode] nxwarp: stream 0 stereo compose 0.000 ms/frame (max 0.000), 0.0% of the 2.5 ms encode
 INFO [encode] nxwarp: stream 0 encoded 180 frames in 2.0 s: 2.5 ms/frame (max 2.8), 81848 B/frame vs 12045 target (+580%), QP 40.0 [40..40], controller allows 8.7 Mbit/s (CEILING UNREACHABLE, pinned at max QP), paced to 90.0 fps (client decode 7.1 ms), 0 composited frame(s) not sent, binding: bytes (decode 7.1 of 8.9 ms budget, floor +0)
 INFO [encode] nxwarp: stream 0 tile mapping: 180 frame(s) with per-tile spans, 0 with the fixed-chunk fallback ("tile-map": "auto")
 INFO [encode] nxwarp: stream 0 stereo compose 0.000 ms/frame (max 0.000), 0.0% of the 2.5 ms encode
 INFO [encode] nxwarp: stream 0 encoded 180 frames in 2.0 s: 2.5 ms/frame (max 2.7), 81848 B/frame vs 12045 target (+580%), QP 40.0 [40..40], controller allows 8.7 Mbit/s (CEILING UNREACHABLE, pinned at max QP), paced to 90.0 fps (client decode 7.0 ms), 0 composited frame(s) not sent, binding: bytes (decode 7.0 of 8.9 ms budget, floor +0)
 INFO [encode] nxwarp: stream 0 tile mapping: 180 frame(s) with per-tile spans, 0 with the fixed-chunk fallback ("tile-map": "auto")
 INFO [encode] nxwarp: stream 0 stereo compose 0.000 ms/frame (max 0.000), 0.0% of the 2.5 ms encode
 INFO [encode] nxwarp: stream 0 encoded 181 frames in 2.0 s: 2.5 ms/frame (max 2.9), 81848 B/frame vs 12045 target (+580%), QP 40.0 [40..40], controller allows 8.7 Mbit/s (CEILING UNREACHABLE, pinned at max QP), paced to 90.0 fps (client decode 6.9 ms), 0 composited frame(s) not sent, binding: bytes (decode 6.9 of 8.9 ms budget, floor +0)
 INFO [encode] nxwarp: stream 0 tile mapping: 181 frame(s) with per-tile spans, 0 with the fixed-chunk fallback ("tile-map": "auto")
 INFO [encode] nxwarp: stream 0 stereo compose 0.000 ms/frame (max 0.000), 0.0% of the 2.0 ms encode
 INFO [encode] nxwarp: stream 0 encoded 180 frames in 2.0 s: 2.0 ms/frame (max 2.8), 81800 B/frame vs 12045 target (+579%), QP 40.0 [40..40], controller allows 8.7 Mbit/s (CEILING UNREACHABLE, pinned at max QP), paced to 90.0 fps (client decode 4.3 ms), 0 composited frame(s) not sent, binding: bytes (decode 4.3 of 8.9 ms budget, floor +0)
 INFO [encode] nxwarp: stream 0 tile mapping: 180 frame(s) with per-tile spans, 0 with the fixed-chunk fallback ("tile-map": "auto")
 INFO [encode] nxwarp: stream 0 stereo compose 0.000 ms/frame (max 0.000), 0.0% of the 2.1 ms encode
 INFO [encode] nxwarp: stream 0 encoded 181 frames in 2.0 s: 2.1 ms/frame (max 2.8), 81801 B/frame vs 12045 target (+579%), QP 40.0 [40..40], controller allows 8.7 Mbit/s (CEILING UNREACHABLE, pinned at max QP), paced to 90.0 fps (client decode 4.3 ms), 0 composited frame(s) not sent, binding: bytes (decode 4.3 of 8.9 ms budget, floor +0)
 INFO [encode] nxwarp: stream 0 tile mapping: 181 frame(s) with per-tile spans, 0 with the fixed-chunk fallback ("tile-map": "auto")
 INFO [encode] nxwarp: stream 0 the headset did not reconstruct 10 frame(s) since the last report; 10 of them cost an all-intra frame and 0 named a frame older than one already coded intra and cost nothing. Last was frame 7320, dropped by a hole
 INFO [encode] nxwarp: stream 0 stereo compose 0.000 ms/frame (max 0.000), 0.0% of the 2.5 ms encode
 INFO [encode] nxwarp: stream 0 encoded 181 frames in 2.0 s: 2.5 ms/frame (max 2.9), 81848 B/frame vs 12045 target (+580%), QP 40.0 [40..40], controller allows 8.7 Mbit/s (CEILING UNREACHABLE, pinned at max QP), paced to 90.0 fps (client decode 5.5 ms), 0 composited frame(s) not sent, binding: bytes (decode 5.5 of 8.9 ms budget, floor +0)
 INFO [encode] nxwarp: stream 0 tile mapping: 181 frame(s) with per-tile spans, 0 with the fixed-chunk fallback ("tile-map": "auto")
 INFO [encode] nxwarp: stream 0 stereo compose 0.000 ms/frame (max 0.000), 0.0% of the 2.5 ms encode
 INFO [encode] nxwarp: stream 0 encoded 181 frames in 2.0 s: 2.5 ms/frame (max 2.9), 81848 B/frame vs 12045 target (+580%), QP 40.0 [40..40], controller allows 8.7 Mbit/s (CEILING UNREACHABLE, pinned at max QP), paced to 90.0 fps (client decode 6.6 ms), 0 composited frame(s) not sent, binding: bytes (decode 6.6 of 8.9 ms budget, floor +0)
 INFO [encode] nxwarp: stream 0 tile mapping: 181 frame(s) with per-tile spans, 0 with the fixed-chunk fallback ("tile-map": "auto")
 INFO [encode] nxwarp: stream 0 stereo compose 0.000 ms/frame (max 0.000), 0.0% of the 2.5 ms encode
 INFO [encode] nxwarp: stream 0 encoded 180 frames in 2.0 s: 2.5 ms/frame (max 2.8), 81848 B/frame vs 12045 target (+580%), QP 40.0 [40..40], controller allows 8.7 Mbit/s (CEILING UNREACHABLE, pinned at max QP), paced to 90.0 fps (client decode 6.7 ms), 0 composited frame(s) not sent, binding: bytes (decode 6.7 of 8.9 ms budget, floor +0)
 INFO [encode] nxwarp: stream 0 tile mapping: 180 frame(s) with per-tile spans, 0 with the fixed-chunk fallback ("tile-map": "auto")
 INFO [encode] nxwarp: stream 0 stereo compose 0.000 ms/frame (max 0.000), 0.0% of the 2.5 ms encode
 INFO [encode] nxwarp: stream 0 encoded 181 frames in 2.0 s: 2.5 ms/frame (max 2.9), 81848 B/frame vs 12045 target (+580%), QP 40.0 [40..40], controller allows 8.7 Mbit/s (CEILING UNREACHABLE, pinned at max QP), paced to 90.0 fps (client decode 6.7 ms), 0 composited frame(s) not sent, binding: bytes (decode 6.7 of 8.9 ms budget, floor +0)
 INFO [encode] nxwarp: stream 0 tile mapping: 181 frame(s) with per-tile spans, 0 with the fixed-chunk fallback ("tile-map": "auto")
 INFO [encode] nxwarp: stream 0 stereo compose 0.000 ms/frame (max 0.000), 0.0% of the 2.4 ms encode
 INFO [encode] nxwarp: stream 0 encoded 180 frames in 2.0 s: 2.4 ms/frame (max 2.9), 81834 B/frame vs 12045 target (+579%), QP 40.0 [40..40], controller allows 8.7 Mbit/s (CEILING UNREACHABLE, pinned at max QP), paced to 90.0 fps (client decode 4.2 ms), 0 composited frame(s) not sent, binding: bytes (decode 4.2 of 8.9 ms budget, floor +0)
 INFO [encode] nxwarp: stream 0 tile mapping: 180 frame(s) with per-tile spans, 0 with the fixed-chunk fallback ("tile-map": "auto")
 WARN [run_rate_control] nxwarp: stream 0 cannot reach its bitrate ceiling: at max QP 40 the frames are 81776 B and the ceiling allows 12045 B (8672086 bit/s at the 90.0 fps this stream is paced to, 90 Hz composited). This is the smallest frame this quantiser can make of this picture — raise the ceiling, lower the resolution, or raise "max-qp"
 INFO [encode] nxwarp: stream 0 stereo compose 0.000 ms/frame (max 0.000), 0.0% of the 1.8 ms encode
 INFO [encode] nxwarp: stream 0 encoded 181 frames in 2.0 s: 1.8 ms/frame (max 2.1), 81776 B/frame vs 12045 target (+579%), QP 40.0 [40..40], controller allows 8.7 Mbit/s (CEILING UNREACHABLE, pinned at max QP), paced to 90.0 fps (client decode 1.9 ms), 0 composited frame(s) not sent, binding: bytes (decode 1.9 of 8.9 ms budget, floor +0)
 INFO [encode] nxwarp: stream 0 tile mapping: 181 frame(s) with per-tile spans, 0 with the fixed-chunk fallback ("tile-map": "auto")
 INFO [encode] nxwarp: stream 0 the headset did not reconstruct 8 frame(s) since the last report; 8 of them cost an all-intra frame and 0 named a frame older than one already coded intra and cost nothing. Last was frame 8468, dropped by a hole
 INFO [encode] nxwarp: stream 0 stereo compose 0.000 ms/frame (max 0.000), 0.0% of the 2.5 ms encode
 INFO [encode] nxwarp: stream 0 encoded 181 frames in 2.0 s: 2.5 ms/frame (max 2.8), 81848 B/frame vs 12045 target (+580%), QP 40.0 [40..40], controller allows 8.7 Mbit/s (CEILING UNREACHABLE, pinned at max QP), paced to 90.0 fps (client decode 4.6 ms), 0 composited frame(s) not sent, binding: bytes (decode 4.6 of 8.9 ms budget, floor +0)
 INFO [encode] nxwarp: stream 0 tile mapping: 181 frame(s) with per-tile spans, 0 with the fixed-chunk fallback ("tile-map": "auto")
 INFO [encode] nxwarp: stream 0 stereo compose 0.000 ms/frame (max 0.000), 0.0% of the 2.5 ms encode
 INFO [encode] nxwarp: stream 0 encoded 180 frames in 2.0 s: 2.5 ms/frame (max 2.8), 81848 B/frame vs 12045 target (+580%), QP 40.0 [40..40], controller allows 8.7 Mbit/s (CEILING UNREACHABLE, pinned at max QP), paced to 90.0 fps (client decode 1.8 ms), 0 composited frame(s) not sent, binding: bytes (decode 1.8 of 8.9 ms budget, floor +0)
 INFO [encode] nxwarp: stream 0 tile mapping: 180 frame(s) with per-tile spans, 0 with the fixed-chunk fallback ("tile-map": "auto")
 INFO [encode] nxwarp: stream 0 stereo compose 0.000 ms/frame (max 0.000), 0.0% of the 2.5 ms encode
 INFO [encode] nxwarp: stream 0 encoded 180 frames in 2.0 s: 2.5 ms/frame (max 2.9), 81848 B/frame vs 12045 target (+580%), QP 40.0 [40..40], controller allows 8.7 Mbit/s (CEILING UNREACHABLE, pinned at max QP), paced to 90.0 fps (client decode 2.5 ms), 0 composited frame(s) not sent, binding: bytes (decode 2.5 of 8.9 ms budget, floor +0)
 INFO [encode] nxwarp: stream 0 tile mapping: 180 frame(s) with per-tile spans, 0 with the fixed-chunk fallback ("tile-map": "auto")
 INFO [encode] nxwarp: stream 0 stereo compose 0.000 ms/frame (max 0.000), 0.0% of the 2.4 ms encode
 INFO [encode] nxwarp: stream 0 encoded 181 frames in 2.0 s: 2.4 ms/frame (max 2.9), 81843 B/frame vs 12045 target (+580%), QP 40.0 [40..40], controller allows 8.7 Mbit/s (CEILING UNREACHABLE, pinned at max QP), paced to 90.0 fps (client decode 3.6 ms), 0 composited frame(s) not sent, binding: bytes (decode 3.6 of 8.9 ms budget, floor +0)
 INFO [encode] nxwarp: stream 0 tile mapping: 181 frame(s) with per-tile spans, 0 with the fixed-chunk fallback ("tile-map": "auto")
 INFO [encode] nxwarp: stream 0 the headset did not reconstruct 3 frame(s) since the last report; 3 of them cost an all-intra frame and 0 named a frame older than one already coded intra and cost nothing. Last was frame 9187, dropped by the worker backlog
 INFO [encode] nxwarp: stream 0 stereo compose 0.000 ms/frame (max 0.000), 0.0% of the 2.5 ms encode
 INFO [encode] nxwarp: stream 0 encoded 181 frames in 2.0 s: 2.5 ms/frame (max 2.8), 81848 B/frame vs 12045 target (+580%), QP 40.0 [40..40], controller allows 8.7 Mbit/s (CEILING UNREACHABLE, pinned at max QP), paced to 90.0 fps (client decode 2.1 ms), 0 composited frame(s) not sent, binding: bytes (decode 2.1 of 8.9 ms budget, floor +0)
 INFO [encode] nxwarp: stream 0 tile mapping: 181 frame(s) with per-tile spans, 0 with the fixed-chunk fallback ("tile-map": "auto")
 INFO [encode] nxwarp: stream 0 stereo compose 0.000 ms/frame (max 0.000), 0.0% of the 1.8 ms encode
 INFO [encode] nxwarp: stream 0 encoded 180 frames in 2.0 s: 1.8 ms/frame (max 2.7), 81779 B/frame vs 12045 target (+579%), QP 40.0 [40..40], controller allows 8.7 Mbit/s (CEILING UNREACHABLE, pinned at max QP), paced to 90.0 fps (client decode 3.6 ms), 0 composited frame(s) not sent, binding: bytes (decode 3.6 of 8.9 ms budget, floor +0)
 INFO [encode] nxwarp: stream 0 tile mapping: 180 frame(s) with per-tile spans, 0 with the fixed-chunk fallback ("tile-map": "auto")
 INFO [encode] nxwarp: stream 0 stereo compose 0.000 ms/frame (max 0.000), 0.0% of the 2.3 ms encode
 INFO [encode] nxwarp: stream 0 encoded 181 frames in 2.0 s: 2.3 ms/frame (max 3.2), 81823 B/frame vs 12045 target (+579%), QP 40.0 [40..40], controller allows 8.7 Mbit/s (CEILING UNREACHABLE, pinned at max QP), paced to 90.0 fps (client decode 8.0 ms), 0 composited frame(s) not sent, binding: bytes (decode 8.0 of 8.9 ms budget, floor +0)
 INFO [encode] nxwarp: stream 0 tile mapping: 181 frame(s) with per-tile spans, 0 with the fixed-chunk fallback ("tile-map": "auto")
 INFO [encode] nxwarp: stream 0 the headset did not reconstruct 12 frame(s) since the last report; 12 of them cost an all-intra frame and 0 named a frame older than one already coded intra and cost nothing. Last was frame 9616, dropped by the worker backlog
 INFO [encode] nxwarp: stream 0 stereo compose 0.000 ms/frame (max 0.000), 0.0% of the 2.6 ms encode
 INFO [encode] nxwarp: stream 0 encoded 181 frames in 2.0 s: 2.6 ms/frame (max 3.1), 81848 B/frame vs 12045 target (+580%), QP 40.0 [40..40], controller allows 8.7 Mbit/s (CEILING UNREACHABLE, pinned at max QP), paced to 90.0 fps (client decode 8.6 ms), 0 composited frame(s) not sent, binding: bytes (decode 8.6 of 8.9 ms budget, floor +0)
 INFO [encode] nxwarp: stream 0 tile mapping: 181 frame(s) with per-tile spans, 0 with the fixed-chunk fallback ("tile-map": "auto")
 INFO [run_decode_rate_control] nxwarp: stream 0 decode 9.2 ms is over the 8.9 ms budget but 2 quantiser steps moved it less than 3%: holding the floor at +40 and releasing it. The decode is not paying for bits here (coded tiles 100% of the frame).
 INFO [encode] nxwarp: stream 0 stereo compose 0.000 ms/frame (max 0.000), 0.0% of the 2.6 ms encode
 INFO [encode] nxwarp: stream 0 encoded 181 frames in 2.0 s: 2.6 ms/frame (max 3.3), 81848 B/frame vs 12045 target (+580%), QP 40.0 [40..40], controller allows 8.7 Mbit/s (CEILING UNREACHABLE, pinned at max QP), paced to 90.0 fps (client decode 4.5 ms), 0 composited frame(s) not sent, binding: bytes (decode 4.5 of 8.9 ms budget, floor +0)
 INFO [encode] nxwarp: stream 0 tile mapping: 181 frame(s) with per-tile spans, 0 with the fixed-chunk fallback ("tile-map": "auto")
 INFO [encode] nxwarp: stream 0 stereo compose 0.000 ms/frame (max 0.000), 0.0% of the 2.5 ms encode
 INFO [encode] nxwarp: stream 0 encoded 181 frames in 2.0 s: 2.5 ms/frame (max 2.9), 81848 B/frame vs 12045 target (+580%), QP 40.0 [40..40], controller allows 8.7 Mbit/s (CEILING UNREACHABLE, pinned at max QP), paced to 90.0 fps (client decode 6.7 ms), 0 composited frame(s) not sent, binding: bytes (decode 6.7 of 8.9 ms budget, floor +0)
 INFO [encode] nxwarp: stream 0 tile mapping: 181 frame(s) with per-tile spans, 0 with the fixed-chunk fallback ("tile-map": "auto")
 INFO [run_decode_rate_control] nxwarp: stream 0 decode window mean 5.9 ms is back under the 8.9 ms budget: the floor may rise again.
 INFO [encode] nxwarp: stream 0 stereo compose 0.000 ms/frame (max 0.000), 0.0% of the 2.5 ms encode
 INFO [encode] nxwarp: stream 0 encoded 181 frames in 2.0 s: 2.5 ms/frame (max 2.8), 81848 B/frame vs 12045 target (+580%), QP 40.0 [40..40], controller allows 8.7 Mbit/s (CEILING UNREACHABLE, pinned at max QP), paced to 90.0 fps (client decode 3.5 ms), 0 composited frame(s) not sent, binding: bytes (decode 3.5 of 8.9 ms budget, floor +0)
 INFO [encode] nxwarp: stream 0 tile mapping: 181 frame(s) with per-tile spans, 0 with the fixed-chunk fallback ("tile-map": "auto")
 INFO [encode] nxwarp: stream 0 stereo compose 0.000 ms/frame (max 0.000), 0.0% of the 2.5 ms encode
 INFO [encode] nxwarp: stream 0 encoded 181 frames in 2.0 s: 2.5 ms/frame (max 2.8), 81848 B/frame vs 12045 target (+580%), QP 40.0 [40..40], controller allows 8.7 Mbit/s (CEILING UNREACHABLE, pinned at max QP), paced to 90.0 fps (client decode 2.3 ms), 0 composited frame(s) not sent, binding: bytes (decode 2.3 of 8.9 ms budget, floor +0)
 INFO [encode] nxwarp: stream 0 tile mapping: 181 frame(s) with per-tile spans, 0 with the fixed-chunk fallback ("tile-map": "auto")
 INFO [encode] nxwarp: stream 0 stereo compose 0.000 ms/frame (max 0.000), 0.0% of the 2.5 ms encode
 INFO [encode] nxwarp: stream 0 encoded 180 frames in 2.0 s: 2.5 ms/frame (max 2.9), 81848 B/frame vs 12045 target (+580%), QP 40.0 [40..40], controller allows 8.7 Mbit/s (CEILING UNREACHABLE, pinned at max QP), paced to 90.0 fps (client decode 1.9 ms), 0 composited frame(s) not sent, binding: bytes (decode 1.9 of 8.9 ms budget, floor +0)
 INFO [encode] nxwarp: stream 0 tile mapping: 180 frame(s) with per-tile spans, 0 with the fixed-chunk fallback ("tile-map": "auto")
 INFO [encode] nxwarp: stream 0 stereo compose 0.000 ms/frame (max 0.000), 0.0% of the 2.5 ms encode
 INFO [encode] nxwarp: stream 0 encoded 181 frames in 2.0 s: 2.5 ms/frame (max 3.0), 81848 B/frame vs 12045 target (+580%), QP 40.0 [40..40], controller allows 8.7 Mbit/s (CEILING UNREACHABLE, pinned at max QP), paced to 90.0 fps (client decode 2.3 ms), 0 composited frame(s) not sent, binding: bytes (decode 2.3 of 8.9 ms budget, floor +0)
 INFO [encode] nxwarp: stream 0 tile mapping: 181 frame(s) with per-tile spans, 0 with the fixed-chunk fallback ("tile-map": "auto")
 WARN [run_rate_control] nxwarp: stream 0 cannot reach its bitrate ceiling: at max QP 40 the frames are 81848 B and the ceiling allows 12045 B (8672086 bit/s at the 90.0 fps this stream is paced to, 90 Hz composited). This is the smallest frame this quantiser can make of this picture — raise the ceiling, lower the resolution, or raise "max-qp"
 INFO [encode] nxwarp: stream 0 stereo compose 0.000 ms/frame (max 0.000), 0.0% of the 2.5 ms encode
 INFO [encode] nxwarp: stream 0 encoded 180 frames in 2.0 s: 2.5 ms/frame (max 2.8), 81848 B/frame vs 12045 target (+580%), QP 40.0 [40..40], controller allows 8.7 Mbit/s (CEILING UNREACHABLE, pinned at max QP), paced to 90.0 fps (client decode 2.1 ms), 0 composited frame(s) not sent, binding: bytes (decode 2.1 of 8.9 ms budget, floor +0)
 INFO [encode] nxwarp: stream 0 tile mapping: 180 frame(s) with per-tile spans, 0 with the fixed-chunk fallback ("tile-map": "auto")
 INFO [encode] nxwarp: stream 0 stereo compose 0.000 ms/frame (max 0.000), 0.0% of the 2.5 ms encode
 INFO [encode] nxwarp: stream 0 encoded 181 frames in 2.0 s: 2.5 ms/frame (max 3.0), 81848 B/frame vs 12045 target (+580%), QP 40.0 [40..40], controller allows 8.7 Mbit/s (CEILING UNREACHABLE, pinned at max QP), paced to 90.0 fps (client decode 2.2 ms), 0 composited frame(s) not sent, binding: bytes (decode 2.2 of 8.9 ms budget, floor +0)
 INFO [encode] nxwarp: stream 0 tile mapping: 181 frame(s) with per-tile spans, 0 with the fixed-chunk fallback ("tile-map": "auto")
 INFO [encode] nxwarp: stream 0 stereo compose 0.000 ms/frame (max 0.000), 0.0% of the 2.5 ms encode
 INFO [encode] nxwarp: stream 0 encoded 181 frames in 2.0 s: 2.5 ms/frame (max 2.9), 81848 B/frame vs 12045 target (+580%), QP 40.0 [40..40], controller allows 8.7 Mbit/s (CEILING UNREACHABLE, pinned at max QP), paced to 90.0 fps (client decode 2.5 ms), 0 composited frame(s) not sent, binding: bytes (decode 2.5 of 8.9 ms budget, floor +0)
 INFO [encode] nxwarp: stream 0 tile mapping: 181 frame(s) with per-tile spans, 0 with the fixed-chunk fallback ("tile-map": "auto")
 INFO [encode] nxwarp: stream 0 stereo compose 0.000 ms/frame (max 0.000), 0.0% of the 2.5 ms encode
 INFO [encode] nxwarp: stream 0 encoded 180 frames in 2.0 s: 2.5 ms/frame (max 2.9), 81848 B/frame vs 12045 target (+580%), QP 40.0 [40..40], controller allows 8.7 Mbit/s (CEILING UNREACHABLE, pinned at max QP), paced to 90.0 fps (client decode 2.2 ms), 0 composited frame(s) not sent, binding: bytes (decode 2.2 of 8.9 ms budget, floor +0)
 INFO [encode] nxwarp: stream 0 tile mapping: 180 frame(s) with per-tile spans, 0 with the fixed-chunk fallback ("tile-map": "auto")
 INFO [encode] nxwarp: stream 0 stereo compose 0.000 ms/frame (max 0.000), 0.0% of the 2.5 ms encode
 INFO [encode] nxwarp: stream 0 encoded 181 frames in 2.0 s: 2.5 ms/frame (max 2.9), 81848 B/frame vs 12045 target (+580%), QP 40.0 [40..40], controller allows 8.7 Mbit/s (CEILING UNREACHABLE, pinned at max QP), paced to 90.0 fps (client decode 2.3 ms), 0 composited frame(s) not sent, binding: bytes (decode 2.3 of 8.9 ms budget, floor +0)
 INFO [encode] nxwarp: stream 0 tile mapping: 181 frame(s) with per-tile spans, 0 with the fixed-chunk fallback ("tile-map": "auto")
 INFO [encode] nxwarp: stream 0 stereo compose 0.000 ms/frame (max 0.000), 0.0% of the 2.5 ms encode
 INFO [encode] nxwarp: stream 0 encoded 180 frames in 2.0 s: 2.5 ms/frame (max 2.9), 81848 B/frame vs 12045 target (+580%), QP 40.0 [40..40], controller allows 8.7 Mbit/s (CEILING UNREACHABLE, pinned at max QP), paced to 90.0 fps (client decode 2.5 ms), 0 composited frame(s) not sent, binding: bytes (decode 2.5 of 8.9 ms budget, floor +0)
 INFO [encode] nxwarp: stream 0 tile mapping: 180 frame(s) with per-tile spans, 0 with the fixed-chunk fallback ("tile-map": "auto")
 INFO [encode] nxwarp: stream 0 stereo compose 0.000 ms/frame (max 0.000), 0.0% of the 2.5 ms encode
 INFO [encode] nxwarp: stream 0 encoded 181 frames in 2.0 s: 2.5 ms/frame (max 2.8), 81848 B/frame vs 12045 target (+580%), QP 40.0 [40..40], controller allows 8.7 Mbit/s (CEILING UNREACHABLE, pinned at max QP), paced to 90.0 fps (client decode 2.3 ms), 0 composited frame(s) not sent, binding: bytes (decode 2.3 of 8.9 ms budget, floor +0)
 INFO [encode] nxwarp: stream 0 tile mapping: 181 frame(s) with per-tile spans, 0 with the fixed-chunk fallback ("tile-map": "auto")
 INFO [encode] nxwarp: stream 0 stereo compose 0.000 ms/frame (max 0.000), 0.0% of the 2.5 ms encode
 INFO [encode] nxwarp: stream 0 encoded 181 frames in 2.0 s: 2.5 ms/frame (max 2.9), 81848 B/frame vs 12045 target (+580%), QP 40.0 [40..40], controller allows 8.7 Mbit/s (CEILING UNREACHABLE, pinned at max QP), paced to 90.0 fps (client decode 2.2 ms), 0 composited frame(s) not sent, binding: bytes (decode 2.2 of 8.9 ms budget, floor +0)
 INFO [encode] nxwarp: stream 0 tile mapping: 181 frame(s) with per-tile spans, 0 with the fixed-chunk fallback ("tile-map": "auto")
 INFO [encode] nxwarp: stream 0 stereo compose 0.000 ms/frame (max 0.000), 0.0% of the 2.5 ms encode
 INFO [encode] nxwarp: stream 0 encoded 180 frames in 2.0 s: 2.5 ms/frame (max 2.9), 81848 B/frame vs 12045 target (+580%), QP 40.0 [40..40], controller allows 8.7 Mbit/s (CEILING UNREACHABLE, pinned at max QP), paced to 90.0 fps (client decode 2.7 ms), 0 composited frame(s) not sent, binding: bytes (decode 2.7 of 8.9 ms budget, floor +0)
 INFO [encode] nxwarp: stream 0 tile mapping: 180 frame(s) with per-tile spans, 0 with the fixed-chunk fallback ("tile-map": "auto")
 INFO [encode] nxwarp: stream 0 stereo compose 0.000 ms/frame (max 0.000), 0.0% of the 2.5 ms encode
 INFO [encode] nxwarp: stream 0 encoded 181 frames in 2.0 s: 2.5 ms/frame (max 3.1), 81848 B/frame vs 12045 target (+580%), QP 40.0 [40..40], controller allows 8.7 Mbit/s (CEILING UNREACHABLE, pinned at max QP), paced to 90.0 fps (client decode 5.3 ms), 0 composited frame(s) not sent, binding: bytes (decode 5.3 of 8.9 ms budget, floor +0)
 INFO [encode] nxwarp: stream 0 tile mapping: 181 frame(s) with per-tile spans, 0 with the fixed-chunk fallback ("tile-map": "auto")
 INFO [encode] nxwarp: stream 0 stereo compose 0.000 ms/frame (max 0.000), 0.0% of the 2.5 ms encode
 INFO [encode] nxwarp: stream 0 encoded 181 frames in 2.0 s: 2.5 ms/frame (max 2.9), 81848 B/frame vs 12045 target (+580%), QP 40.0 [40..40], controller allows 8.7 Mbit/s (CEILING UNREACHABLE, pinned at max QP), paced to 90.0 fps (client decode 2.3 ms), 0 composited frame(s) not sent, binding: bytes (decode 2.3 of 8.9 ms budget, floor +0)
 INFO [encode] nxwarp: stream 0 tile mapping: 181 frame(s) with per-tile spans, 0 with the fixed-chunk fallback ("tile-map": "auto")
 INFO [encode] nxwarp: stream 0 stereo compose 0.000 ms/frame (max 0.000), 0.0% of the 2.5 ms encode
 INFO [encode] nxwarp: stream 0 encoded 181 frames in 2.0 s: 2.5 ms/frame (max 4.2), 81848 B/frame vs 12045 target (+580%), QP 40.0 [40..40], controller allows 8.7 Mbit/s (CEILING UNREACHABLE, pinned at max QP), paced to 90.0 fps (client decode 2.5 ms), 0 composited frame(s) not sent, binding: bytes (decode 2.5 of 8.9 ms budget, floor +0)
 INFO [encode] nxwarp: stream 0 tile mapping: 181 frame(s) with per-tile spans, 0 with the fixed-chunk fallback ("tile-map": "auto")
 INFO [encode] nxwarp: stream 0 stereo compose 0.000 ms/frame (max 0.000), 0.0% of the 2.5 ms encode
 INFO [encode] nxwarp: stream 0 encoded 181 frames in 2.0 s: 2.5 ms/frame (max 2.8), 81848 B/frame vs 12045 target (+580%), QP 40.0 [40..40], controller allows 8.7 Mbit/s (CEILING UNREACHABLE, pinned at max QP), paced to 90.0 fps (client decode 2.4 ms), 0 composited frame(s) not sent, binding: bytes (decode 2.4 of 8.9 ms budget, floor +0)
 INFO [encode] nxwarp: stream 0 tile mapping: 181 frame(s) with per-tile spans, 0 with the fixed-chunk fallback ("tile-map": "auto")
 INFO [encode] nxwarp: stream 0 stereo compose 0.000 ms/frame (max 0.000), 0.0% of the 2.5 ms encode
 INFO [encode] nxwarp: stream 0 encoded 181 frames in 2.0 s: 2.5 ms/frame (max 2.7), 81848 B/frame vs 12045 target (+580%), QP 40.0 [40..40], controller allows 8.7 Mbit/s (CEILING UNREACHABLE, pinned at max QP), paced to 90.0 fps (client decode 2.4 ms), 0 composited frame(s) not sent, binding: bytes (decode 2.4 of 8.9 ms budget, floor +0)
 INFO [encode] nxwarp: stream 0 tile mapping: 181 frame(s) with per-tile spans, 0 with the fixed-chunk fallback ("tile-map": "auto")
 INFO [encode] nxwarp: stream 0 stereo compose 0.000 ms/frame (max 0.000), 0.0% of the 2.5 ms encode
 INFO [encode] nxwarp: stream 0 encoded 180 frames in 2.0 s: 2.5 ms/frame (max 2.8), 81848 B/frame vs 12045 target (+580%), QP 40.0 [40..40], controller allows 8.7 Mbit/s (CEILING UNREACHABLE, pinned at max QP), paced to 90.0 fps (client decode 2.1 ms), 0 composited frame(s) not sent, binding: bytes (decode 2.1 of 8.9 ms budget, floor +0)
 INFO [encode] nxwarp: stream 0 tile mapping: 180 frame(s) with per-tile spans, 0 with the fixed-chunk fallback ("tile-map": "auto")
 WARN [run_rate_control] nxwarp: stream 0 cannot reach its bitrate ceiling: at max QP 40 the frames are 81848 B and the ceiling allows 12045 B (8672086 bit/s at the 90.0 fps this stream is paced to, 90 Hz composited). This is the smallest frame this quantiser can make of this picture — raise the ceiling, lower the resolution, or raise "max-qp"
 INFO [encode] nxwarp: stream 0 stereo compose 0.000 ms/frame (max 0.000), 0.0% of the 2.5 ms encode
 INFO [encode] nxwarp: stream 0 encoded 180 frames in 2.0 s: 2.5 ms/frame (max 2.8), 81848 B/frame vs 12045 target (+580%), QP 40.0 [40..40], controller allows 8.7 Mbit/s (CEILING UNREACHABLE, pinned at max QP), paced to 90.0 fps (client decode 2.2 ms), 0 composited frame(s) not sent, binding: bytes (decode 2.2 of 8.9 ms budget, floor +0)
 INFO [encode] nxwarp: stream 0 tile mapping: 180 frame(s) with per-tile spans, 0 with the fixed-chunk fallback ("tile-map": "auto")
 INFO [encode] nxwarp: stream 0 stereo compose 0.000 ms/frame (max 0.000), 0.0% of the 2.5 ms encode
 INFO [encode] nxwarp: stream 0 encoded 180 frames in 2.0 s: 2.5 ms/frame (max 2.8), 81848 B/frame vs 12045 target (+580%), QP 40.0 [40..40], controller allows 8.7 Mbit/s (CEILING UNREACHABLE, pinned at max QP), paced to 90.0 fps (client decode 2.2 ms), 0 composited frame(s) not sent, binding: bytes (decode 2.2 of 8.9 ms budget, floor +0)
 INFO [encode] nxwarp: stream 0 tile mapping: 180 frame(s) with per-tile spans, 0 with the fixed-chunk fallback ("tile-map": "auto")
 INFO [encode] nxwarp: stream 0 stereo compose 0.000 ms/frame (max 0.000), 0.0% of the 2.5 ms encode
 INFO [encode] nxwarp: stream 0 encoded 180 frames in 2.0 s: 2.5 ms/frame (max 2.7), 81848 B/frame vs 12045 target (+580%), QP 40.0 [40..40], controller allows 8.7 Mbit/s (CEILING UNREACHABLE, pinned at max QP), paced to 90.0 fps (client decode 2.3 ms), 0 composited frame(s) not sent, binding: bytes (decode 2.3 of 8.9 ms budget, floor +0)
 INFO [encode] nxwarp: stream 0 tile mapping: 180 frame(s) with per-tile spans, 0 with the fixed-chunk fallback ("tile-map": "auto")
 INFO [encode] nxwarp: stream 0 stereo compose 0.000 ms/frame (max 0.000), 0.0% of the 2.4 ms encode
 INFO [encode] nxwarp: stream 0 encoded 181 frames in 2.0 s: 2.4 ms/frame (max 2.7), 81848 B/frame vs 12045 target (+580%), QP 40.0 [40..40], controller allows 8.7 Mbit/s (CEILING UNREACHABLE, pinned at max QP), paced to 90.0 fps (client decode 2.2 ms), 0 composited frame(s) not sent, binding: bytes (decode 2.2 of 8.9 ms budget, floor +0)
 INFO [encode] nxwarp: stream 0 tile mapping: 181 frame(s) with per-tile spans, 0 with the fixed-chunk fallback ("tile-map": "auto")
 INFO [encode] nxwarp: stream 0 stereo compose 0.000 ms/frame (max 0.000), 0.0% of the 2.5 ms encode
 INFO [encode] nxwarp: stream 0 encoded 180 frames in 2.0 s: 2.5 ms/frame (max 2.8), 81848 B/frame vs 12045 target (+580%), QP 40.0 [40..40], controller allows 8.7 Mbit/s (CEILING UNREACHABLE, pinned at max QP), paced to 90.0 fps (client decode 2.2 ms), 0 composited frame(s) not sent, binding: bytes (decode 2.2 of 8.9 ms budget, floor +0)
 INFO [encode] nxwarp: stream 0 tile mapping: 180 frame(s) with per-tile spans, 0 with the fixed-chunk fallback ("tile-map": "auto")
 INFO [encode] nxwarp: stream 0 stereo compose 0.000 ms/frame (max 0.000), 0.0% of the 2.5 ms encode
 INFO [encode] nxwarp: stream 0 encoded 181 frames in 2.0 s: 2.5 ms/frame (max 2.9), 81848 B/frame vs 12045 target (+580%), QP 40.0 [40..40], controller allows 8.7 Mbit/s (CEILING UNREACHABLE, pinned at max QP), paced to 90.0 fps (client decode 2.2 ms), 0 composited frame(s) not sent, binding: bytes (decode 2.2 of 8.9 ms budget, floor +0)
 INFO [encode] nxwarp: stream 0 tile mapping: 181 frame(s) with per-tile spans, 0 with the fixed-chunk fallback ("tile-map": "auto")
 INFO [encode] nxwarp: stream 0 stereo compose 0.000 ms/frame (max 0.000), 0.0% of the 2.5 ms encode
 INFO [encode] nxwarp: stream 0 encoded 181 frames in 2.0 s: 2.5 ms/frame (max 2.8), 81848 B/frame vs 12045 target (+580%), QP 40.0 [40..40], controller allows 8.7 Mbit/s (CEILING UNREACHABLE, pinned at max QP), paced to 90.0 fps (client decode 2.3 ms), 0 composited frame(s) not sent, binding: bytes (decode 2.3 of 8.9 ms budget, floor +0)
 INFO [encode] nxwarp: stream 0 tile mapping: 181 frame(s) with per-tile spans, 0 with the fixed-chunk fallback ("tile-map": "auto")
 INFO [encode] nxwarp: stream 0 stereo compose 0.000 ms/frame (max 0.000), 0.0% of the 2.5 ms encode
 INFO [encode] nxwarp: stream 0 encoded 181 frames in 2.0 s: 2.5 ms/frame (max 2.9), 81848 B/frame vs 12045 target (+580%), QP 40.0 [40..40], controller allows 8.7 Mbit/s (CEILING UNREACHABLE, pinned at max QP), paced to 90.0 fps (client decode 4.1 ms), 0 composited frame(s) not sent, binding: bytes (decode 4.1 of 8.9 ms budget, floor +0)
 INFO [encode] nxwarp: stream 0 tile mapping: 181 frame(s) with per-tile spans, 0 with the fixed-chunk fallback ("tile-map": "auto")
 INFO [encode] nxwarp: stream 0 the headset did not reconstruct 1 frame(s) since the last report; 1 of them cost an all-intra frame and 0 named a frame older than one already coded intra and cost nothing. Last was frame 15022, dropped by the worker backlog
 INFO [encode] nxwarp: stream 0 stereo compose 0.000 ms/frame (max 0.000), 0.0% of the 2.5 ms encode
 INFO [encode] nxwarp: stream 0 encoded 181 frames in 2.0 s: 2.5 ms/frame (max 2.9), 81848 B/frame vs 12045 target (+580%), QP 40.0 [40..40], controller allows 8.7 Mbit/s (CEILING UNREACHABLE, pinned at max QP), paced to 90.0 fps (client decode 1.9 ms), 0 composited frame(s) not sent, binding: bytes (decode 1.9 of 8.9 ms budget, floor +0)
 INFO [encode] nxwarp: stream 0 tile mapping: 181 frame(s) with per-tile spans, 0 with the fixed-chunk fallback ("tile-map": "auto")
 INFO [encode] nxwarp: stream 0 stereo compose 0.000 ms/frame (max 0.000), 0.0% of the 2.5 ms encode
 INFO [encode] nxwarp: stream 0 encoded 181 frames in 2.0 s: 2.5 ms/frame (max 3.0), 81848 B/frame vs 12045 target (+580%), QP 40.0 [40..40], controller allows 8.7 Mbit/s (CEILING UNREACHABLE, pinned at max QP), paced to 90.0 fps (client decode 2.1 ms), 0 composited frame(s) not sent, binding: bytes (decode 2.1 of 8.9 ms budget, floor +0)
 INFO [encode] nxwarp: stream 0 tile mapping: 181 frame(s) with per-tile spans, 0 with the fixed-chunk fallback ("tile-map": "auto")
 INFO [encode] nxwarp: stream 0 stereo compose 0.000 ms/frame (max 0.000), 0.0% of the 2.5 ms encode
 INFO [encode] nxwarp: stream 0 encoded 181 frames in 2.0 s: 2.5 ms/frame (max 2.9), 81848 B/frame vs 12045 target (+580%), QP 40.0 [40..40], controller allows 8.7 Mbit/s (CEILING UNREACHABLE, pinned at max QP), paced to 90.0 fps (client decode 2.6 ms), 0 composited frame(s) not sent, binding: bytes (decode 2.6 of 8.9 ms budget, floor +0)
 INFO [encode] nxwarp: stream 0 tile mapping: 181 frame(s) with per-tile spans, 0 with the fixed-chunk fallback ("tile-map": "auto")
 INFO [encode] nxwarp: stream 0 stereo compose 0.000 ms/frame (max 0.000), 0.0% of the 2.5 ms encode
 INFO [encode] nxwarp: stream 0 encoded 180 frames in 2.0 s: 2.5 ms/frame (max 2.7), 81848 B/frame vs 12045 target (+580%), QP 40.0 [40..40], controller allows 8.7 Mbit/s (CEILING UNREACHABLE, pinned at max QP), paced to 90.0 fps (client decode 2.5 ms), 0 composited frame(s) not sent, binding: bytes (decode 2.5 of 8.9 ms budget, floor +0)
 INFO [encode] nxwarp: stream 0 tile mapping: 180 frame(s) with per-tile spans, 0 with the fixed-chunk fallback ("tile-map": "auto")
 INFO [encode] nxwarp: stream 0 stereo compose 0.000 ms/frame (max 0.000), 0.0% of the 2.5 ms encode
 INFO [encode] nxwarp: stream 0 encoded 180 frames in 2.0 s: 2.5 ms/frame (max 2.7), 81848 B/frame vs 12045 target (+580%), QP 40.0 [40..40], controller allows 8.7 Mbit/s (CEILING UNREACHABLE, pinned at max QP), paced to 90.0 fps (client decode 2.1 ms), 0 composited frame(s) not sent, binding: bytes (decode 2.1 of 8.9 ms budget, floor +0)
 INFO [encode] nxwarp: stream 0 tile mapping: 180 frame(s) with per-tile spans, 0 with the fixed-chunk fallback ("tile-map": "auto")
 INFO [encode] nxwarp: stream 0 stereo compose 0.000 ms/frame (max 0.000), 0.0% of the 1.9 ms encode
 INFO [encode] nxwarp: stream 0 encoded 180 frames in 2.0 s: 1.9 ms/frame (max 2.8), 81788 B/frame vs 12045 target (+579%), QP 40.0 [40..40], controller allows 8.7 Mbit/s (CEILING UNREACHABLE, pinned at max QP), paced to 90.0 fps (client decode 3.4 ms), 0 composited frame(s) not sent, binding: bytes (decode 3.4 of 8.9 ms budget, floor +0)
 INFO [encode] nxwarp: stream 0 tile mapping: 180 frame(s) with per-tile spans, 0 with the fixed-chunk fallback ("tile-map": "auto")
 INFO [encode] nxwarp: stream 0 stereo compose 0.000 ms/frame (max 0.000), 0.0% of the 1.8 ms encode
 INFO [encode] nxwarp: stream 0 encoded 181 frames in 2.0 s: 1.8 ms/frame (max 2.0), 81776 B/frame vs 12045 target (+579%), QP 40.0 [40..40], controller allows 8.7 Mbit/s (CEILING UNREACHABLE, pinned at max QP), paced to 90.0 fps (client decode 3.7 ms), 0 composited frame(s) not sent, binding: bytes (decode 3.7 of 8.9 ms budget, floor +0)
 INFO [encode] nxwarp: stream 0 tile mapping: 181 frame(s) with per-tile spans, 0 with the fixed-chunk fallback ("tile-map": "auto")
 INFO [encode] nxwarp: stream 0 the headset did not reconstruct 21 frame(s) since the last report; 21 of them cost an all-intra frame and 0 named a frame older than one already coded intra and cost nothing. Last was frame 16394, dropped by a hole
 WARN [run_rate_control] nxwarp: stream 0 cannot reach its bitrate ceiling: at max QP 40 the frames are 81776 B and the ceiling allows 12045 B (8672086 bit/s at the 90.0 fps this stream is paced to, 90 Hz composited). This is the smallest frame this quantiser can make of this picture — raise the ceiling, lower the resolution, or raise "max-qp"
 INFO [encode] nxwarp: stream 0 stereo compose 0.000 ms/frame (max 0.000), 0.0% of the 2.2 ms encode
 INFO [encode] nxwarp: stream 0 encoded 181 frames in 2.0 s: 2.2 ms/frame (max 2.8), 81825 B/frame vs 12045 target (+579%), QP 40.0 [40..40], controller allows 8.7 Mbit/s (CEILING UNREACHABLE, pinned at max QP), paced to 90.0 fps (client decode 6.7 ms), 0 composited frame(s) not sent, binding: bytes (decode 6.7 of 8.9 ms budget, floor +0)
 INFO [encode] nxwarp: stream 0 tile mapping: 181 frame(s) with per-tile spans, 0 with the fixed-chunk fallback ("tile-map": "auto")
 INFO [encode] nxwarp: stream 0 the headset did not reconstruct 14 frame(s) since the last report; 14 of them cost an all-intra frame and 0 named a frame older than one already coded intra and cost nothing. Last was frame 16483, dropped by the worker backlog
 INFO [encode] nxwarp: stream 0 stereo compose 0.000 ms/frame (max 0.000), 0.0% of the 2.6 ms encode
 INFO [encode] nxwarp: stream 0 encoded 181 frames in 2.0 s: 2.6 ms/frame (max 3.0), 81848 B/frame vs 12045 target (+580%), QP 40.0 [40..40], controller allows 8.7 Mbit/s (CEILING UNREACHABLE, pinned at max QP), paced to 90.0 fps (client decode 6.5 ms), 0 composited frame(s) not sent, binding: bytes (decode 6.5 of 8.9 ms budget, floor +0)
 INFO [encode] nxwarp: stream 0 tile mapping: 181 frame(s) with per-tile spans, 0 with the fixed-chunk fallback ("tile-map": "auto")
 INFO [encode] nxwarp: stream 0 stereo compose 0.000 ms/frame (max 0.000), 0.0% of the 2.5 ms encode
 INFO [encode] nxwarp: stream 0 encoded 181 frames in 2.0 s: 2.5 ms/frame (max 2.8), 81848 B/frame vs 12045 target (+580%), QP 40.0 [40..40], controller allows 8.7 Mbit/s (CEILING UNREACHABLE, pinned at max QP), paced to 90.0 fps (client decode 6.7 ms), 0 composited frame(s) not sent, binding: bytes (decode 6.7 of 8.9 ms budget, floor +0)
 INFO [encode] nxwarp: stream 0 tile mapping: 181 frame(s) with per-tile spans, 0 with the fixed-chunk fallback ("tile-map": "auto")
