 WARN [on_control_send_error] Primary control socket failed: Socket shutdown
 WARN [run_net] Exception in network thread: Socket shutdown, Session paused.
 INFO [reconnect] Waiting for new connection
No longer listening for secondary paths
 INFO [quit_if_no_client] No OpenXR client connected, exiting
 INFO [multi_main_loop] Already stopped, nothing to clean up.
 INFO [mic_state_changed] Microphone state changed from PW_STREAM_STATE_PAUSED to PW_STREAM_STATE_UNCONNECTED
 WARN [mic_state_changed] failed to update microphone state: Broken pipe
 INFO [ipc_server_main_common] Server exiting: '0'
Server exited, exit status 0
Service published: x0x0x0x0x0x
Client connected
Server started, PID 3054835
Setting the OpenVR compatibility library to /opt/xrizer
 INFO [ipc_server_main_common] WiVRn 'nx-atlas-live-920ac878-dirty' starting up...
Listening for secondary paths on port 9757
 INFO [vk_bundle] Vulkan instance created:
	GPU: AMD Radeon RX 7900 XTX (RADV NAVI31)
	queue families: 1 3 1 (main, encode, transfer)

 INFO [get_encoder_settings] nxwarp: both eyes on stream 0 as one 4352x2176 stereo frame (2312 tiles), stream 1 has no encoder
 INFO [compositor] compositor: lens mask on, margin 1 tile; the foveation pass flattens what it covers (0 of 0 tiles per eye so far)
 INFO [comp_vulkan_formats_log] Supported formats:
	VK_FORMAT_R16G16B16A16_UNORM: true
	VK_FORMAT_R16G16B16A16_SFLOAT: true
	VK_FORMAT_R16G16B16_UNORM: false
	VK_FORMAT_R16G16B16_SFLOAT: false
	VK_FORMAT_R8G8B8A8_SRGB: true
	VK_FORMAT_B8G8R8A8_SRGB: true
	VK_FORMAT_R8G8B8_SRGB: false
	VK_FORMAT_R8G8B8A8_UNORM: true
	VK_FORMAT_B8G8R8A8_UNORM: true
	VK_FORMAT_R8G8B8_UNORM: false
	VK_FORMAT_B8G8R8_UNORM: false
	VK_FORMAT_R5G6B5_UNORM_PACK16: true
	VK_FORMAT_R32_SFLOAT: true
	VK_FORMAT_D32_SFLOAT: true
	VK_FORMAT_D16_UNORM: true
	VK_FORMAT_X8_D24_UNORM_PACK32: false
	VK_FORMAT_D24_UNORM_S8_UINT: false
	VK_FORMAT_D32_SFLOAT_S8_UINT: true
	VK_FORMAT_S8_UINT: true
 INFO [print_encoders] Encoder configuration:
	* nxwarp (nxwarp 8-bit)
	  size: 2176x2176
	  bitrate: 85.8Mbit/s
	* nxwarp (nxwarp 8-bit)
	  size: 2176x1088
	  bitrate: 2.1Mbit/s
 INFO [video_encoder_nxwarp] nxwarp: "planar-gpu-centre" enabled (mixed centre/periphery stream)
 INFO [video_encoder_nxwarp] nxwarp: "entropy": "auto" -> lite (the headset advertises ENTROPY_LITE)
 INFO [video_encoder_nxwarp] nxwarp: "snap-identity": 16/16 sample (still tiles become a copy on the headset; error bounded by 0.50 sample)
 INFO [video_encoder_nxwarp] nxwarp: "planar": "prefer" (nxvc tool bit 35)
 INFO [video_encoder_nxwarp] nxwarp: stream 0 tools 0x842200c05 (INTRA_DC_PLANE RES_LEVEL INTER WARP CTX_V2 CTX_V3 ENTROPY_LITE bit35), headset 0xdf77a1fff -- negotiated
 INFO [video_encoder_nxwarp] nxwarp: stream 0 backend: nxvc_vk_encoder GPU compute encoder, nxvc_vk_encoder (E0/E3/E4/E5, intra only) (68x34 tiles, intra only, one QP per frame), reading the compositor image directly
 INFO [video_encoder_nxwarp] nxwarp: stream 0 2176x2176, nxvc_vk_encoder GPU compute encoder, nxvc_vk_encoder (E0/E3/E4/E5, intra only) (68x34 tiles, intra only, one QP per frame), rate control from QP 28 in 22..40 at 90 Hz, send pacing follows the headset's decode cost, 15..90 fps, 68x34 tiles in 6 band(s), 1166 bytes per transport tile
 INFO [video_encoder_nxwarp] nxwarp: "planar-gpu-centre" enabled (mixed centre/periphery stream)
 INFO [video_encoder_nxwarp] nxwarp: "entropy": "auto" -> lite (the headset advertises ENTROPY_LITE)
 INFO [video_encoder_nxwarp] nxwarp: "snap-identity": 16/16 sample (still tiles become a copy on the headset; error bounded by 0.50 sample)
 INFO [video_encoder_nxwarp] nxwarp: "planar": "prefer" (nxvc tool bit 35)
 INFO [video_encoder_nxwarp] nxwarp: stream 2 tools 0x842200c05 (INTRA_DC_PLANE RES_LEVEL INTER WARP CTX_V2 CTX_V3 ENTROPY_LITE bit35), headset 0xdf77a1fff -- negotiated
 INFO [video_encoder_nxwarp] nxwarp: stream 2 backend: nxvc_vk_encoder GPU compute encoder, nxvc_vk_encoder (E0/E3/E4/E5, intra only) (34x17 tiles, intra only, one QP per frame), reading the compositor image directly
 INFO [video_encoder_nxwarp] nxwarp: stream 2 2176x1088, nxvc_vk_encoder GPU compute encoder, nxvc_vk_encoder (E0/E3/E4/E5, intra only) (34x17 tiles, intra only, one QP per frame), rate control from QP 28 in 22..40 at 90 Hz, send pacing follows the headset's decode cost, 15..90 fps, 34x17 tiles in 3 band(s), 1166 bytes per transport tile
 INFO [wivrn_hmd] edge bleed: rendering 5.0% overscan, 1.35 deg left / 1.35 deg up on eye 0 (same encoded size, so about 4.8% less sharp)
 INFO [pipewire_device] pipewire speaker stream created (quantum: 240 frames, 5.00 ms)
 INFO [mic_state_changed] Microphone state changed from PW_STREAM_STATE_UNCONNECTED to PW_STREAM_STATE_CONNECTING
 INFO [pipewire_device] pipewire microphone stream created (quantum: 240 frames, 5.00 ms)
 INFO [configure] Automatic bitrate enabled, AIMD (v1), ceiling 88.0 Mbit/s, floor 10.0 Mbit/s, radio trend on
 INFO [set_pacing] Packet pacing disabled
 INFO [apply_qos] Wi-Fi QoS marks enabled (video AF41 / AC_VI, control EF / AC_VO)
 INFO [set_fec] Forward error correction enabled, one parity shard per 8 video shards
 INFO [set_fec_adaptive] Adaptive error correction enabled, parity ratio between 16+1 and 4+1 with interleaved groups
 INFO [set_shard_retransmit] Shard retransmission enabled, keeping 1024 kB of recently sent shards per stream
 WARN [check_socket_path] path not found: /run/user/1000/SlimeVRRpc
 WARN [check_socket_path] path not found: /run/user/1000/.flatpak/dev.slimevr.SlimeVR/xdg-run/SlimeVRRpc
 WARN [check_socket_path] path not found: /home/nerdrx/.local/share/dev.slimevr.SlimeVR/SlimeVRRpc
ERROR [solarxr_ipc_socket_find] failed to resolve socket path
 INFO [u_linux_try_to_set_realtime_priority_on_thread] Raised priority of thread 'Multi Client Module' to policy: 'SCHED_FIFO', priority: '99'
 INFO [operator()] Session state changed: XR_SESSION_STATE_VISIBLE
 INFO [reset_stream] nxwarp: stream 0 resumed for a new client: transport sequence restarted, stream header resent, next frame coded without a reference
 INFO [reset_stream] nxwarp: stream 2 resumed for a new client: transport sequence restarted, stream header resent, next frame coded without a reference
 INFO [mic_state_changed] Microphone state changed from PW_STREAM_STATE_CONNECTING to PW_STREAM_STATE_PAUSED
 INFO [operator()] Updating interaction profiles: from 
	XRT_DEVICE_TOUCH_CONTROLLER (left)  to XRT_DEVICE_EXT_HAND_INTERACTION
	XRT_DEVICE_TOUCH_CONTROLLER (right) to XRT_DEVICE_EXT_HAND_INTERACTION

 INFO [client_connected] Client 1 connected
 INFO [ipc_handle_instance_describe_client] Client info:
	id: 1
	application_name: 'HelloXR'
	pid: 3055193
	extensions:
		ext_hand_tracking_enabled: false
		ext_hand_tracking_data_source_enabled: false
		ext_eye_gaze_interaction_enabled: false
		ext_future_enabled: false
		ext_hand_interaction_enabled: false
		htc_facial_tracking_enabled: false
		fb_body_tracking_enabled: false
		meta_body_tracking_full_body_enabled: false
		meta_body_tracking_calibration_enabled: false
		meta_body_tracking_fidelity_enabled: false
		fb_face_tracking2_enabled: false
		android_face_tracking_enabled: false
 INFO [update_session_state_locked] Started native session, 1 active app session(s).
 INFO [get_view_poses] geometry[eye 0]: panel fov L-51.99 R51.99 U51.99 D-51.99 -> rendered fov L-53.34 R53.34 U53.34 D-53.34 deg (overscan 0.050)
 INFO [get_view_poses] geometry[eye 1]: panel fov L-51.99 R51.99 U51.99 D-51.99 -> rendered fov L-53.34 R53.34 U53.34 D-53.34 deg (overscan 0.050)
 INFO [update_lens_mask] nxwarp: stream 0 lens mask: 111 of 1156 tiles per eye masked (margin 1 tile, fov -53.3/53.3/53.3/-53.3 deg); flattened only: this backend has no skip-map input, so the tiles are coded as whatever the mode search makes of a constant grey
 INFO [encode] nxwarp: stream 0 rate control on: 76314363 bit/s is 105992 B/frame at 90 Hz, QP band 22..40
 INFO [encode] nxwarp: stream 0 stereo compose 0.000 ms/frame (max 0.000), 0.0% of the 2.3 ms encode
 INFO [encode] nxwarp: stream 0 encoded 1 frames in 2.5 s: 2.3 ms/frame (max 2.3), 83056 B/frame at fixed QP 28, paced to 90.0 fps (client decode not reported yet), 0 composited frame(s) not sent
 INFO [layer_commit] geometry[eye 0]: layer fov (what the app rendered, and what goes on the wire) L-53.34 R53.34 U53.34 D-53.34 deg
 INFO [layer_commit] geometry[eye 1]: layer fov (what the app rendered, and what goes on the wire) L-53.34 R53.34 U53.34 D-53.34 deg
 INFO [encode] nxwarp: stream 0 stereo compose 0.000 ms/frame (max 0.000), 0.0% of the 2.5 ms encode
 INFO [encode] nxwarp: stream 0 encoded 116 frames in 2.0 s: 2.5 ms/frame (max 6.0), 125603 B/frame vs 105992 target (+19%), QP 36.2 [23..40], controller allows 76.3 Mbit/s (at max QP), paced to 70.6 fps (client decode 12.3 ms), 65 composited frame(s) not sent, binding: bytes (decode 12.3 of 11.3 ms budget, floor +40)
 INFO [encode] nxwarp: stream 0 tile mapping: 113 frame(s) with per-tile spans, 3 with the fixed-chunk fallback ("tile-map": "auto")
 INFO [encode] nxwarp: stream 0 the headset did not reconstruct 66 frame(s) since the last report; 66 of them cost an all-intra frame and 0 named a frame older than one already coded intra and cost nothing. Last was frame 109, dropped by the worker backlog
 INFO [run_decode_rate_control] nxwarp: stream 0 decode 10.8 ms is over the 10.4 ms budget but 2 quantiser steps moved it less than 3%: holding the floor at +36 and releasing it. The decode is not paying for bits here (coded tiles 100% of the frame).
 INFO [encode] nxwarp: stream 0 stereo compose 0.000 ms/frame (max 0.000), 0.0% of the 2.7 ms encode
 INFO [encode] nxwarp: stream 0 encoded 136 frames in 2.0 s: 2.7 ms/frame (max 4.2), 135835 B/frame vs 105992 target (+28%), QP 40.0 [40..40], controller allows 76.3 Mbit/s (at max QP), paced to 87.8 fps (client decode 9.4 ms), 44 composited frame(s) not sent, binding: bytes (decode 9.4 of 9.1 ms budget, floor +24)
 INFO [encode] nxwarp: stream 0 tile mapping: 84 frame(s) with per-tile spans, 52 with the fixed-chunk fallback ("tile-map": "auto")
 INFO [encode] nxwarp: stream 0 the headset did not reconstruct 1 frame(s) since the last report; 1 of them cost an all-intra frame and 0 named a frame older than one already coded intra and cost nothing. Last was frame 117, dropped by the worker backlog
 WARN [run_rate_control] nxwarp: stream 0 cannot reach its bitrate ceiling: at max QP 40 the frames are 145082 B and the ceiling allows 105992 B (76314363 bit/s at the 90.0 fps this stream is budgeted at, 90 Hz composited). This is the smallest frame this quantiser can make of this picture — raise the ceiling, lower the resolution, or raise "max-qp"
 INFO [encode] nxwarp: stream 0 stereo compose 0.000 ms/frame (max 0.000), 0.0% of the 2.7 ms encode
 INFO [encode] nxwarp: stream 0 encoded 141 frames in 2.0 s: 2.7 ms/frame (max 3.8), 141315 B/frame vs 105992 target (+33%), QP 40.0 [40..40], controller allows 76.3 Mbit/s (CEILING UNREACHABLE, pinned at max QP), paced to 90.0 fps (client decode 8.4 ms), 40 composited frame(s) not sent, binding: bytes (decode 8.4 of 8.9 ms budget, floor +0)
 INFO [encode] nxwarp: stream 0 tile mapping: 39 frame(s) with per-tile spans, 102 with the fixed-chunk fallback ("tile-map": "auto")
 INFO [encode] nxwarp: stream 0 stereo compose 0.000 ms/frame (max 0.000), 0.0% of the 2.8 ms encode
 INFO [encode] nxwarp: stream 0 encoded 142 frames in 2.0 s: 2.8 ms/frame (max 3.9), 131609 B/frame vs 105992 target (+24%), QP 40.0 [40..40], controller allows 76.3 Mbit/s (CEILING UNREACHABLE, pinned at max QP), paced to 86.1 fps (client decode 8.0 ms), 38 composited frame(s) not sent, binding: bytes (decode 8.0 of 9.4 ms budget, floor +0)
 INFO [encode] nxwarp: stream 0 tile mapping: 138 frame(s) with per-tile spans, 4 with the fixed-chunk fallback ("tile-map": "auto")
 INFO [encode] nxwarp: stream 0 stereo compose 0.000 ms/frame (max 0.000), 0.0% of the 2.8 ms encode
 INFO [encode] nxwarp: stream 0 encoded 143 frames in 2.0 s: 2.8 ms/frame (max 4.0), 131393 B/frame vs 105992 target (+24%), QP 40.0 [40..40], controller allows 76.3 Mbit/s (CEILING UNREACHABLE, pinned at max QP), paced to 90.0 fps (client decode 8.1 ms), 38 composited frame(s) not sent, binding: bytes (decode 8.1 of 8.9 ms budget, floor +0)
 INFO [encode] nxwarp: stream 0 tile mapping: 138 frame(s) with per-tile spans, 5 with the fixed-chunk fallback ("tile-map": "auto")
 INFO [encode] nxwarp: stream 0 the headset did not reconstruct 1 frame(s) since the last report; 1 of them cost an all-intra frame and 0 named a frame older than one already coded intra and cost nothing. Last was frame 660, dropped by the worker backlog
 INFO [encode] nxwarp: stream 0 stereo compose 0.000 ms/frame (max 0.000), 0.0% of the 2.7 ms encode
 INFO [encode] nxwarp: stream 0 encoded 143 frames in 2.0 s: 2.7 ms/frame (max 3.9), 129621 B/frame vs 105992 target (+22%), QP 40.0 [40..40], controller allows 76.3 Mbit/s (CEILING UNREACHABLE, pinned at max QP), paced to 78.3 fps (client decode 12.6 ms), 38 composited frame(s) not sent, binding: bytes (decode 12.6 of 10.1 ms budget, floor +0)
 INFO [encode] nxwarp: stream 0 tile mapping: 143 frame(s) with per-tile spans, 0 with the fixed-chunk fallback ("tile-map": "auto")
 INFO [encode] nxwarp: stream 0 stereo compose 0.000 ms/frame (max 0.000), 0.0% of the 2.8 ms encode
 INFO [encode] nxwarp: stream 0 encoded 139 frames in 2.0 s: 2.8 ms/frame (max 3.9), 130498 B/frame vs 105992 target (+23%), QP 40.0 [40..40], controller allows 76.3 Mbit/s (CEILING UNREACHABLE, pinned at max QP), paced to 82.6 fps (client decode 11.2 ms), 41 composited frame(s) not sent, binding: bytes (decode 11.2 of 9.6 ms budget, floor +0)
 INFO [encode] nxwarp: stream 0 tile mapping: 139 frame(s) with per-tile spans, 0 with the fixed-chunk fallback ("tile-map": "auto")
 INFO [encode] nxwarp: stream 0 stereo compose 0.000 ms/frame (max 0.000), 0.0% of the 2.7 ms encode
 INFO [encode] nxwarp: stream 0 encoded 144 frames in 2.0 s: 2.7 ms/frame (max 3.8), 121016 B/frame vs 105992 target (+14%), QP 40.0 [40..40], controller allows 76.3 Mbit/s (CEILING UNREACHABLE, pinned at max QP), paced to 90.0 fps (client decode 7.8 ms), 37 composited frame(s) not sent, binding: bytes (decode 7.8 of 8.9 ms budget, floor +0)
 INFO [encode] nxwarp: stream 0 tile mapping: 144 frame(s) with per-tile spans, 0 with the fixed-chunk fallback ("tile-map": "auto")
 INFO [encode] nxwarp: stream 0 stereo compose 0.000 ms/frame (max 0.000), 0.0% of the 2.8 ms encode
 INFO [encode] nxwarp: stream 0 encoded 140 frames in 2.0 s: 2.8 ms/frame (max 4.0), 126479 B/frame vs 105992 target (+19%), QP 40.0 [40..40], controller allows 76.3 Mbit/s (at max QP), paced to 89.7 fps (client decode 9.7 ms), 40 composited frame(s) not sent, binding: bytes (decode 9.7 of 8.9 ms budget, floor +0)
 INFO [encode] nxwarp: stream 0 tile mapping: 134 frame(s) with per-tile spans, 6 with the fixed-chunk fallback ("tile-map": "auto")
 INFO [encode] nxwarp: stream 0 stereo compose 0.000 ms/frame (max 0.000), 0.0% of the 2.8 ms encode
 INFO [encode] nxwarp: stream 0 encoded 139 frames in 2.0 s: 2.8 ms/frame (max 4.1), 133139 B/frame vs 105992 target (+26%), QP 40.0 [40..40], controller allows 76.3 Mbit/s (CEILING UNREACHABLE, pinned at max QP), paced to 82.8 fps (client decode 11.2 ms), 41 composited frame(s) not sent, binding: bytes (decode 11.2 of 9.6 ms budget, floor +0)
 INFO [encode] nxwarp: stream 0 tile mapping: 132 frame(s) with per-tile spans, 7 with the fixed-chunk fallback ("tile-map": "auto")
 INFO [encode] nxwarp: stream 0 the headset did not reconstruct 1 frame(s) since the last report; 1 of them cost an all-intra frame and 0 named a frame older than one already coded intra and cost nothing. Last was frame 1249, dropped by the worker backlog
 INFO [encode] nxwarp: stream 0 stereo compose 0.000 ms/frame (max 0.000), 0.0% of the 2.7 ms encode
 INFO [encode] nxwarp: stream 0 encoded 137 frames in 2.0 s: 2.7 ms/frame (max 4.1), 146095 B/frame vs 105992 target (+38%), QP 40.0 [40..40], controller allows 76.3 Mbit/s (CEILING UNREACHABLE, pinned at max QP), paced to 89.6 fps (client decode 7.6 ms), 44 composited frame(s) not sent, binding: bytes (decode 7.6 of 9.1 ms budget, floor +0)
 INFO [encode] nxwarp: stream 0 tile mapping: 40 frame(s) with per-tile spans, 97 with the fixed-chunk fallback ("tile-map": "auto")
 INFO [encode] nxwarp: stream 0 the headset did not reconstruct 2 frame(s) since the last report; 2 of them cost an all-intra frame and 0 named a frame older than one already coded intra and cost nothing. Last was frame 1505, dropped by the worker backlog
 INFO [encode] nxwarp: stream 0 stereo compose 0.000 ms/frame (max 0.000), 0.0% of the 2.8 ms encode
 INFO [encode] nxwarp: stream 0 encoded 140 frames in 2.0 s: 2.8 ms/frame (max 4.1), 148738 B/frame vs 105992 target (+40%), QP 40.0 [40..40], controller allows 76.3 Mbit/s (CEILING UNREACHABLE, pinned at max QP), paced to 76.6 fps (client decode 8.6 ms), 41 composited frame(s) not sent, binding: bytes (decode 8.6 of 10.6 ms budget, floor +0)
 INFO [encode] nxwarp: stream 0 tile mapping: 47 frame(s) with per-tile spans, 93 with the fixed-chunk fallback ("tile-map": "auto")
 INFO [encode] nxwarp: stream 0 the headset did not reconstruct 1 frame(s) since the last report; 1 of them cost an all-intra frame and 0 named a frame older than one already coded intra and cost nothing. Last was frame 1648, dropped by the worker backlog
 INFO [encode] nxwarp: stream 0 stereo compose 0.000 ms/frame (max 0.000), 0.0% of the 2.7 ms encode
 INFO [encode] nxwarp: stream 0 encoded 139 frames in 2.0 s: 2.7 ms/frame (max 3.7), 143335 B/frame vs 105992 target (+35%), QP 40.0 [40..40], controller allows 76.3 Mbit/s (CEILING UNREACHABLE, pinned at max QP), paced to 87.1 fps (client decode 8.4 ms), 42 composited frame(s) not sent, binding: bytes (decode 8.4 of 9.2 ms budget, floor +0)
 INFO [encode] nxwarp: stream 0 tile mapping: 110 frame(s) with per-tile spans, 29 with the fixed-chunk fallback ("tile-map": "auto")
 INFO [encode] nxwarp: stream 0 the headset did not reconstruct 1 frame(s) since the last report; 1 of them cost an all-intra frame and 0 named a frame older than one already coded intra and cost nothing. Last was frame 1749, dropped by the worker backlog
 INFO [encode] nxwarp: stream 0 stereo compose 0.000 ms/frame (max 0.000), 0.0% of the 2.7 ms encode
 INFO [encode] nxwarp: stream 0 encoded 142 frames in 2.0 s: 2.7 ms/frame (max 4.1), 138758 B/frame vs 105992 target (+31%), QP 40.0 [40..40], controller allows 76.3 Mbit/s (CEILING UNREACHABLE, pinned at max QP), paced to 67.8 fps (client decode 11.2 ms), 38 composited frame(s) not sent, binding: bytes (decode 11.2 of 10.1 ms budget, floor +0)
 INFO [encode] nxwarp: stream 0 tile mapping: 115 frame(s) with per-tile spans, 27 with the fixed-chunk fallback ("tile-map": "auto")
 INFO [encode] nxwarp: stream 0 the headset did not reconstruct 1 frame(s) since the last report; 1 of them cost an all-intra frame and 0 named a frame older than one already coded intra and cost nothing. Last was frame 1938, dropped by the worker backlog
 INFO [run_decode_rate_control] nxwarp: stream 0 decode window mean 9.5 ms is back under the 11.8 ms budget: the floor may rise again.
 INFO [run_decode_rate_control] nxwarp: stream 0 decode 9.8 ms is over the 8.9 ms budget but 2 quantiser steps moved it less than 3%: holding the floor at +34 and releasing it. The decode is not paying for bits here (coded tiles 100% of the frame).
 INFO [encode] nxwarp: stream 0 stereo compose 0.000 ms/frame (max 0.000), 0.0% of the 2.7 ms encode
 INFO [encode] nxwarp: stream 0 encoded 139 frames in 2.0 s: 2.7 ms/frame (max 3.8), 140031 B/frame vs 105992 target (+32%), QP 40.0 [40..40], controller allows 76.3 Mbit/s (CEILING UNREACHABLE, pinned at max QP), paced to 90.0 fps (client decode 6.7 ms), 41 composited frame(s) not sent, binding: bytes (decode 6.7 of 8.9 ms budget, floor +30)
 INFO [encode] nxwarp: stream 0 tile mapping: 89 frame(s) with per-tile spans, 50 with the fixed-chunk fallback ("tile-map": "auto")
 INFO [encode] nxwarp: stream 0 the headset did not reconstruct 1 frame(s) since the last report; 1 of them cost an all-intra frame and 0 named a frame older than one already coded intra and cost nothing. Last was frame 1964, dropped by the worker backlog
 INFO [encode] nxwarp: stream 0 stereo compose 0.000 ms/frame (max 0.000), 0.0% of the 2.8 ms encode
 INFO [encode] nxwarp: stream 0 encoded 145 frames in 2.0 s: 2.8 ms/frame (max 4.0), 133838 B/frame vs 105992 target (+26%), QP 40.0 [40..40], controller allows 76.3 Mbit/s (CEILING UNREACHABLE, pinned at max QP), paced to 90.0 fps (client decode 8.0 ms), 37 composited frame(s) not sent, binding: bytes (decode 8.0 of 8.9 ms budget, floor +0)
 INFO [encode] nxwarp: stream 0 tile mapping: 144 frame(s) with per-tile spans, 1 with the fixed-chunk fallback ("tile-map": "auto")
 INFO [encode] nxwarp: stream 0 stereo compose 0.000 ms/frame (max 0.000), 0.0% of the 2.8 ms encode
 INFO [encode] nxwarp: stream 0 encoded 144 frames in 2.0 s: 2.8 ms/frame (max 4.4), 122749 B/frame vs 105992 target (+16%), QP 40.0 [40..40], controller allows 76.3 Mbit/s (CEILING UNREACHABLE, pinned at max QP), paced to 90.0 fps (client decode 8.6 ms), 38 composited frame(s) not sent, binding: bytes (decode 8.6 of 8.9 ms budget, floor +0)
 INFO [encode] nxwarp: stream 0 tile mapping: 144 frame(s) with per-tile spans, 0 with the fixed-chunk fallback ("tile-map": "auto")
 WARN [run_rate_control] nxwarp: stream 0 cannot reach its bitrate ceiling: at max QP 40 the frames are 120191 B and the ceiling allows 105992 B (76314363 bit/s at the 90.0 fps this stream is budgeted at, 90 Hz composited). This is the smallest frame this quantiser can make of this picture — raise the ceiling, lower the resolution, or raise "max-qp"
 INFO [encode] nxwarp: stream 0 stereo compose 0.000 ms/frame (max 0.000), 0.0% of the 2.8 ms encode
 INFO [encode] nxwarp: stream 0 encoded 145 frames in 2.0 s: 2.8 ms/frame (max 3.9), 125463 B/frame vs 105992 target (+18%), QP 40.0 [40..40], controller allows 76.3 Mbit/s (CEILING UNREACHABLE, pinned at max QP), paced to 90.0 fps (client decode 8.3 ms), 35 composited frame(s) not sent, binding: bytes (decode 8.3 of 8.9 ms budget, floor +0)
 INFO [encode] nxwarp: stream 0 tile mapping: 145 frame(s) with per-tile spans, 0 with the fixed-chunk fallback ("tile-map": "auto")
 INFO [encode] nxwarp: stream 0 stereo compose 0.000 ms/frame (max 0.000), 0.0% of the 2.8 ms encode
 INFO [encode] nxwarp: stream 0 encoded 144 frames in 2.0 s: 2.8 ms/frame (max 4.0), 134577 B/frame vs 105992 target (+27%), QP 40.0 [40..40], controller allows 76.3 Mbit/s (CEILING UNREACHABLE, pinned at max QP), paced to 88.5 fps (client decode 10.2 ms), 37 composited frame(s) not sent, binding: bytes (decode 10.2 of 9.0 ms budget, floor +0)
 INFO [encode] nxwarp: stream 0 tile mapping: 143 frame(s) with per-tile spans, 1 with the fixed-chunk fallback ("tile-map": "auto")
 INFO [encode] nxwarp: stream 0 stereo compose 0.000 ms/frame (max 0.000), 0.0% of the 2.8 ms encode
 INFO [encode] nxwarp: stream 0 encoded 144 frames in 2.0 s: 2.8 ms/frame (max 3.9), 126569 B/frame vs 105992 target (+19%), QP 40.0 [40..40], controller allows 76.3 Mbit/s (CEILING UNREACHABLE, pinned at max QP), paced to 90.0 fps (client decode 6.8 ms), 38 composited frame(s) not sent, binding: bytes (decode 6.8 of 8.9 ms budget, floor +0)
 INFO [encode] nxwarp: stream 0 tile mapping: 143 frame(s) with per-tile spans, 1 with the fixed-chunk fallback ("tile-map": "auto")
 INFO [encode] nxwarp: stream 0 stereo compose 0.000 ms/frame (max 0.000), 0.0% of the 2.8 ms encode
 INFO [encode] nxwarp: stream 0 encoded 147 frames in 2.0 s: 2.8 ms/frame (max 4.1), 120206 B/frame vs 105992 target (+13%), QP 40.0 [40..40], controller allows 76.3 Mbit/s (CEILING UNREACHABLE, pinned at max QP), paced to 88.0 fps (client decode 8.0 ms), 33 composited frame(s) not sent, binding: bytes (decode 8.0 of 9.2 ms budget, floor +0)
 INFO [encode] nxwarp: stream 0 tile mapping: 147 frame(s) with per-tile spans, 0 with the fixed-chunk fallback ("tile-map": "auto")
 INFO [encode] nxwarp: stream 0 stereo compose 0.000 ms/frame (max 0.000), 0.0% of the 2.8 ms encode
 INFO [encode] nxwarp: stream 0 encoded 143 frames in 2.0 s: 2.8 ms/frame (max 4.0), 127103 B/frame vs 105992 target (+20%), QP 40.0 [40..40], controller allows 76.3 Mbit/s (CEILING UNREACHABLE, pinned at max QP), paced to 89.7 fps (client decode 9.3 ms), 38 composited frame(s) not sent, binding: bytes (decode 9.3 of 8.9 ms budget, floor +0)
 INFO [encode] nxwarp: stream 0 tile mapping: 130 frame(s) with per-tile spans, 13 with the fixed-chunk fallback ("tile-map": "auto")
 INFO [encode] nxwarp: stream 0 stereo compose 0.000 ms/frame (max 0.000), 0.0% of the 2.7 ms encode
 INFO [encode] nxwarp: stream 0 encoded 143 frames in 2.0 s: 2.7 ms/frame (max 3.9), 139321 B/frame vs 105992 target (+31%), QP 40.0 [40..40], controller allows 76.3 Mbit/s (CEILING UNREACHABLE, pinned at max QP), paced to 85.7 fps (client decode 8.8 ms), 38 composited frame(s) not sent, binding: bytes (decode 8.8 of 9.4 ms budget, floor +0)
 INFO [encode] nxwarp: stream 0 tile mapping: 81 frame(s) with per-tile spans, 62 with the fixed-chunk fallback ("tile-map": "auto")
 INFO [encode] nxwarp: stream 0 stereo compose 0.000 ms/frame (max 0.000), 0.0% of the 2.6 ms encode
 INFO [encode] nxwarp: stream 0 encoded 140 frames in 2.0 s: 2.6 ms/frame (max 3.9), 141542 B/frame vs 105992 target (+34%), QP 40.0 [40..40], controller allows 76.3 Mbit/s (CEILING UNREACHABLE, pinned at max QP), paced to 90.0 fps (client decode 8.1 ms), 41 composited frame(s) not sent, binding: bytes (decode 8.1 of 8.9 ms budget, floor +0)
 INFO [encode] nxwarp: stream 0 tile mapping: 34 frame(s) with per-tile spans, 106 with the fixed-chunk fallback ("tile-map": "auto")
 INFO [encode] nxwarp: stream 0 stereo compose 0.000 ms/frame (max 0.000), 0.0% of the 2.7 ms encode
 INFO [encode] nxwarp: stream 0 encoded 143 frames in 2.0 s: 2.7 ms/frame (max 3.6), 129302 B/frame vs 105992 target (+22%), QP 40.0 [40..40], controller allows 76.3 Mbit/s (CEILING UNREACHABLE, pinned at max QP), paced to 90.0 fps (client decode 7.3 ms), 38 composited frame(s) not sent, binding: bytes (decode 7.3 of 8.9 ms budget, floor +0)
 INFO [encode] nxwarp: stream 0 tile mapping: 105 frame(s) with per-tile spans, 38 with the fixed-chunk fallback ("tile-map": "auto")
 INFO [encode] nxwarp: stream 0 stereo compose 0.000 ms/frame (max 0.000), 0.0% of the 2.6 ms encode
 INFO [encode] nxwarp: stream 0 encoded 140 frames in 2.0 s: 2.6 ms/frame (max 3.6), 131983 B/frame vs 105992 target (+25%), QP 40.0 [40..40], controller allows 76.3 Mbit/s (CEILING UNREACHABLE, pinned at max QP), paced to 88.0 fps (client decode 11.0 ms), 40 composited frame(s) not sent, binding: bytes (decode 11.0 of 9.0 ms budget, floor +0)
 INFO [encode] nxwarp: stream 0 tile mapping: 118 frame(s) with per-tile spans, 22 with the fixed-chunk fallback ("tile-map": "auto")
 INFO [encode] nxwarp: stream 0 stereo compose 0.000 ms/frame (max 0.000), 0.0% of the 2.6 ms encode
 INFO [encode] nxwarp: stream 0 encoded 145 frames in 2.0 s: 2.6 ms/frame (max 3.6), 134256 B/frame vs 105992 target (+27%), QP 40.0 [40..40], controller allows 76.3 Mbit/s (CEILING UNREACHABLE, pinned at max QP), paced to 79.1 fps (client decode 11.6 ms), 36 composited frame(s) not sent, binding: bytes (decode 11.6 of 10.1 ms budget, floor +0)
 INFO [encode] nxwarp: stream 0 tile mapping: 144 frame(s) with per-tile spans, 1 with the fixed-chunk fallback ("tile-map": "auto")
 INFO [encode] nxwarp: stream 0 stereo compose 0.000 ms/frame (max 0.000), 0.0% of the 2.6 ms encode
 INFO [encode] nxwarp: stream 0 encoded 138 frames in 2.0 s: 2.6 ms/frame (max 4.0), 130558 B/frame vs 105992 target (+23%), QP 40.0 [40..40], controller allows 76.3 Mbit/s (CEILING UNREACHABLE, pinned at max QP), paced to 90.0 fps (client decode 8.8 ms), 43 composited frame(s) not sent, binding: bytes (decode 8.8 of 8.9 ms budget, floor +0)
 INFO [encode] nxwarp: stream 0 tile mapping: 138 frame(s) with per-tile spans, 0 with the fixed-chunk fallback ("tile-map": "auto")
 INFO [encode] nxwarp: stream 0 stereo compose 0.000 ms/frame (max 0.000), 0.0% of the 2.6 ms encode
 INFO [encode] nxwarp: stream 0 encoded 146 frames in 2.0 s: 2.6 ms/frame (max 3.9), 133188 B/frame vs 105992 target (+26%), QP 40.0 [40..40], controller allows 76.3 Mbit/s (CEILING UNREACHABLE, pinned at max QP), paced to 83.9 fps (client decode 10.4 ms), 34 composited frame(s) not sent, binding: bytes (decode 10.4 of 9.5 ms budget, floor +0)
 INFO [encode] nxwarp: stream 0 tile mapping: 146 frame(s) with per-tile spans, 0 with the fixed-chunk fallback ("tile-map": "auto")
 INFO [encode] nxwarp: stream 0 stereo compose 0.000 ms/frame (max 0.000), 0.0% of the 2.7 ms encode
 INFO [encode] nxwarp: stream 0 encoded 139 frames in 2.0 s: 2.7 ms/frame (max 3.7), 126524 B/frame vs 105992 target (+19%), QP 40.0 [40..40], controller allows 76.3 Mbit/s (CEILING UNREACHABLE, pinned at max QP), paced to 90.0 fps (client decode 8.2 ms), 42 composited frame(s) not sent, binding: bytes (decode 8.2 of 8.9 ms budget, floor +0)
 INFO [encode] nxwarp: stream 0 tile mapping: 139 frame(s) with per-tile spans, 0 with the fixed-chunk fallback ("tile-map": "auto")
 INFO [encode] nxwarp: stream 0 stereo compose 0.000 ms/frame (max 0.000), 0.0% of the 2.6 ms encode
 INFO [encode] nxwarp: stream 0 encoded 139 frames in 2.0 s: 2.6 ms/frame (max 3.9), 126810 B/frame vs 105992 target (+20%), QP 40.0 [40..40], controller allows 76.3 Mbit/s (CEILING UNREACHABLE, pinned at max QP), paced to 87.1 fps (client decode 8.0 ms), 41 composited frame(s) not sent, binding: bytes (decode 8.0 of 9.2 ms budget, floor +0)
 INFO [encode] nxwarp: stream 0 tile mapping: 139 frame(s) with per-tile spans, 0 with the fixed-chunk fallback ("tile-map": "auto")
 INFO [encode] nxwarp: stream 0 stereo compose 0.000 ms/frame (max 0.000), 0.0% of the 2.6 ms encode
 INFO [encode] nxwarp: stream 0 encoded 145 frames in 2.0 s: 2.6 ms/frame (max 3.7), 132755 B/frame vs 105992 target (+25%), QP 40.0 [40..40], controller allows 76.3 Mbit/s (CEILING UNREACHABLE, pinned at max QP), paced to 90.0 fps (client decode 8.3 ms), 36 composited frame(s) not sent, binding: bytes (decode 8.3 of 8.9 ms budget, floor +0)
 INFO [encode] nxwarp: stream 0 tile mapping: 144 frame(s) with per-tile spans, 1 with the fixed-chunk fallback ("tile-map": "auto")
 WARN [run_rate_control] nxwarp: stream 0 cannot reach its bitrate ceiling: at max QP 40 the frames are 131091 B and the ceiling allows 105992 B (76314363 bit/s at the 90.0 fps this stream is budgeted at, 90 Hz composited). This is the smallest frame this quantiser can make of this picture — raise the ceiling, lower the resolution, or raise "max-qp"
 INFO [encode] nxwarp: stream 0 stereo compose 0.000 ms/frame (max 0.000), 0.0% of the 2.7 ms encode
 INFO [encode] nxwarp: stream 0 encoded 144 frames in 2.0 s: 2.7 ms/frame (max 4.2), 135156 B/frame vs 105992 target (+28%), QP 40.0 [40..40], controller allows 76.3 Mbit/s (CEILING UNREACHABLE, pinned at max QP), paced to 89.3 fps (client decode 10.0 ms), 38 composited frame(s) not sent, binding: bytes (decode 10.0 of 8.9 ms budget, floor +0)
 INFO [encode] nxwarp: stream 0 tile mapping: 90 frame(s) with per-tile spans, 54 with the fixed-chunk fallback ("tile-map": "auto")
 INFO [encode] nxwarp: stream 0 the headset did not reconstruct 1 frame(s) since the last report; 1 of them cost an all-intra frame and 0 named a frame older than one already coded intra and cost nothing. Last was frame 4594, dropped by the worker backlog
 INFO [encode] nxwarp: stream 0 stereo compose 0.000 ms/frame (max 0.000), 0.0% of the 2.6 ms encode
 INFO [encode] nxwarp: stream 0 encoded 145 frames in 2.0 s: 2.6 ms/frame (max 4.0), 129003 B/frame vs 105992 target (+22%), QP 40.0 [40..40], controller allows 76.3 Mbit/s (CEILING UNREACHABLE, pinned at max QP), paced to 89.2 fps (client decode 9.3 ms), 36 composited frame(s) not sent, binding: bytes (decode 9.3 of 9.0 ms budget, floor +0)
 INFO [encode] nxwarp: stream 0 tile mapping: 133 frame(s) with per-tile spans, 12 with the fixed-chunk fallback ("tile-map": "auto")
 INFO [encode] nxwarp: stream 0 stereo compose 0.000 ms/frame (max 0.000), 0.0% of the 2.6 ms encode
 INFO [encode] nxwarp: stream 0 encoded 141 frames in 2.0 s: 2.6 ms/frame (max 3.8), 133501 B/frame vs 105992 target (+26%), QP 40.0 [40..40], controller allows 76.3 Mbit/s (CEILING UNREACHABLE, pinned at max QP), paced to 87.9 fps (client decode 10.8 ms), 41 composited frame(s) not sent, binding: bytes (decode 10.8 of 9.0 ms budget, floor +0)
 INFO [encode] nxwarp: stream 0 tile mapping: 106 frame(s) with per-tile spans, 35 with the fixed-chunk fallback ("tile-map": "auto")
 INFO [encode] nxwarp: stream 0 stereo compose 0.000 ms/frame (max 0.000), 0.0% of the 2.6 ms encode
 INFO [encode] nxwarp: stream 0 encoded 139 frames in 2.0 s: 2.6 ms/frame (max 3.9), 146657 B/frame vs 105992 target (+38%), QP 40.0 [40..40], controller allows 76.3 Mbit/s (CEILING UNREACHABLE, pinned at max QP), paced to 89.1 fps (client decode 7.9 ms), 41 composited frame(s) not sent, binding: bytes (decode 7.9 of 9.1 ms budget, floor +0)
 INFO [encode] nxwarp: stream 0 tile mapping: 14 frame(s) with per-tile spans, 125 with the fixed-chunk fallback ("tile-map": "auto")
 INFO [encode] nxwarp: stream 0 stereo compose 0.000 ms/frame (max 0.000), 0.0% of the 2.5 ms encode
 INFO [encode] nxwarp: stream 0 encoded 138 frames in 2.0 s: 2.5 ms/frame (max 3.9), 137165 B/frame vs 105992 target (+29%), QP 40.0 [40..40], controller allows 76.3 Mbit/s (CEILING UNREACHABLE, pinned at max QP), paced to 89.4 fps (client decode 8.9 ms), 43 composited frame(s) not sent, binding: bytes (decode 8.9 of 9.0 ms budget, floor +0)
 INFO [encode] nxwarp: stream 0 tile mapping: 64 frame(s) with per-tile spans, 74 with the fixed-chunk fallback ("tile-map": "auto")
 INFO [encode] nxwarp: stream 0 stereo compose 0.000 ms/frame (max 0.000), 0.0% of the 2.5 ms encode
 INFO [encode] nxwarp: stream 0 encoded 146 frames in 2.0 s: 2.5 ms/frame (max 3.9), 118367 B/frame vs 105992 target (+12%), QP 40.0 [40..40], controller allows 76.3 Mbit/s (CEILING UNREACHABLE, pinned at max QP), paced to 87.7 fps (client decode 11.0 ms), 35 composited frame(s) not sent, binding: bytes (decode 11.0 of 9.0 ms budget, floor +0)
 INFO [encode] nxwarp: stream 0 tile mapping: 146 frame(s) with per-tile spans, 0 with the fixed-chunk fallback ("tile-map": "auto")
 INFO [encode] nxwarp: stream 0 the headset did not reconstruct 1 frame(s) since the last report; 1 of them cost an all-intra frame and 0 named a frame older than one already coded intra and cost nothing. Last was frame 5241, dropped by the worker backlog
 INFO [encode] nxwarp: stream 0 stereo compose 0.000 ms/frame (max 0.000), 0.0% of the 2.4 ms encode
 INFO [encode] nxwarp: stream 0 encoded 133 frames in 2.0 s: 2.4 ms/frame (max 3.8), 114885 B/frame vs 105992 target (+8%), QP 40.0 [40..40], controller allows 76.3 Mbit/s (at max QP), paced to 90.0 fps (client decode 7.1 ms), 48 composited frame(s) not sent, binding: bytes (decode 7.1 of 8.9 ms budget, floor +0)
 INFO [encode] nxwarp: stream 0 tile mapping: 133 frame(s) with per-tile spans, 0 with the fixed-chunk fallback ("tile-map": "auto")
 INFO [encode] nxwarp: stream 0 stereo compose 0.000 ms/frame (max 0.000), 0.0% of the 2.5 ms encode
 INFO [encode] nxwarp: stream 0 encoded 144 frames in 2.0 s: 2.5 ms/frame (max 3.9), 123288 B/frame vs 105992 target (+16%), QP 40.0 [40..40], controller allows 76.3 Mbit/s (CEILING UNREACHABLE, pinned at max QP), paced to 89.2 fps (client decode 8.0 ms), 36 composited frame(s) not sent, binding: bytes (decode 8.0 of 9.0 ms budget, floor +0)
 INFO [encode] nxwarp: stream 0 tile mapping: 144 frame(s) with per-tile spans, 0 with the fixed-chunk fallback ("tile-map": "auto")
 INFO [encode] nxwarp: stream 0 the headset did not reconstruct 1 frame(s) since the last report; 1 of them cost an all-intra frame and 0 named a frame older than one already coded intra and cost nothing. Last was frame 5504, dropped by the worker backlog
 INFO [encode] nxwarp: stream 0 stereo compose 0.000 ms/frame (max 0.000), 0.0% of the 2.5 ms encode
 INFO [encode] nxwarp: stream 0 encoded 142 frames in 2.0 s: 2.5 ms/frame (max 3.7), 125078 B/frame vs 105992 target (+18%), QP 40.0 [40..40], controller allows 76.3 Mbit/s (CEILING UNREACHABLE, pinned at max QP), paced to 90.0 fps (client decode 7.7 ms), 38 composited frame(s) not sent, binding: bytes (decode 7.7 of 8.9 ms budget, floor +0)
 INFO [encode] nxwarp: stream 0 tile mapping: 142 frame(s) with per-tile spans, 0 with the fixed-chunk fallback ("tile-map": "auto")
 INFO [encode] nxwarp: stream 0 stereo compose 0.000 ms/frame (max 0.000), 0.0% of the 2.4 ms encode
 INFO [encode] nxwarp: stream 0 encoded 136 frames in 2.0 s: 2.4 ms/frame (max 3.9), 122740 B/frame vs 105992 target (+16%), QP 40.0 [40..40], controller allows 76.3 Mbit/s (CEILING UNREACHABLE, pinned at max QP), paced to 90.0 fps (client decode 8.9 ms), 46 composited frame(s) not sent, binding: bytes (decode 8.9 of 8.9 ms budget, floor +0)
 INFO [encode] nxwarp: stream 0 tile mapping: 136 frame(s) with per-tile spans, 0 with the fixed-chunk fallback ("tile-map": "auto")
 INFO [encode] nxwarp: stream 0 stereo compose 0.000 ms/frame (max 0.000), 0.0% of the 2.5 ms encode
 INFO [encode] nxwarp: stream 0 encoded 141 frames in 2.0 s: 2.5 ms/frame (max 3.9), 135177 B/frame vs 105992 target (+28%), QP 40.0 [40..40], controller allows 76.3 Mbit/s (CEILING UNREACHABLE, pinned at max QP), paced to 89.7 fps (client decode 9.1 ms), 39 composited frame(s) not sent, binding: bytes (decode 9.1 of 8.9 ms budget, floor +0)
 INFO [encode] nxwarp: stream 0 tile mapping: 139 frame(s) with per-tile spans, 2 with the fixed-chunk fallback ("tile-map": "auto")
 INFO [encode] nxwarp: stream 0 stereo compose 0.000 ms/frame (max 0.000), 0.0% of the 2.6 ms encode
 INFO [encode] nxwarp: stream 0 encoded 134 frames in 2.0 s: 2.6 ms/frame (max 4.0), 146075 B/frame vs 105992 target (+38%), QP 40.0 [40..40], controller allows 76.3 Mbit/s (CEILING UNREACHABLE, pinned at max QP), paced to 90.0 fps (client decode 8.3 ms), 46 composited frame(s) not sent, binding: bytes (decode 8.3 of 8.9 ms budget, floor +0)
 INFO [encode] nxwarp: stream 0 tile mapping: 41 frame(s) with per-tile spans, 93 with the fixed-chunk fallback ("tile-map": "auto")
 INFO [client_disconnected] Client 1 disconnected
 INFO [update_session_state_locked] Stopped native session, 0 active app session(s).
