> Task :generatePngs UP-TO-DATE
> Task :preBuild UP-TO-DATE
> Task :preReleaseBuild UP-TO-DATE
> Task :configureCMakeRelWithDebInfo[arm64-v8a]
> Task :buildCMakeRelWithDebInfo[arm64-v8a]
> Task :mergeReleaseJniLibFolders UP-TO-DATE
> Task :checkReleaseDuplicateClasses UP-TO-DATE
> Task :javaPreCompileRelease UP-TO-DATE
> Task :checkReleaseAarMetadata UP-TO-DATE
> Task :processReleaseNavigationResources UP-TO-DATE
> Task :compileReleaseNavigationResources UP-TO-DATE
> Task :generateReleaseResValues UP-TO-DATE
> Task :mapReleaseSourceSetPaths UP-TO-DATE
> Task :generateReleaseResources UP-TO-DATE
> Task :mergeReleaseResources UP-TO-DATE
> Task :packageReleaseResources UP-TO-DATE
> Task :parseReleaseLocalResources UP-TO-DATE
> Task :createReleaseCompatibleScreenManifests UP-TO-DATE
> Task :extractDeepLinksRelease UP-TO-DATE
> Task :processReleaseMainManifest UP-TO-DATE
> Task :processReleaseManifest UP-TO-DATE
> Task :processReleaseManifestForPackage UP-TO-DATE
> Task :processReleaseResources UP-TO-DATE
> Task :compileReleaseJavaWithJavac UP-TO-DATE
> Task :dexBuilderRelease UP-TO-DATE
> Task :desugarReleaseFileDependencies UP-TO-DATE
> Task :mergeReleaseStartupProfile UP-TO-DATE
> Task :mergeExtDexRelease UP-TO-DATE
> Task :mergeDexRelease UP-TO-DATE
> Task :mergeReleaseArtProfile UP-TO-DATE
> Task :mergeReleaseGlobalSynthetics UP-TO-DATE
> Task :compileReleaseArtProfile UP-TO-DATE
> Task :mergeReleaseShaders UP-TO-DATE
> Task :compileReleaseShaders NO-SOURCE
> Task :externalNativeBuildRelease
> Task :generateReleaseAssets
> Task :mergeReleaseAssets UP-TO-DATE
> Task :compressReleaseAssets UP-TO-DATE
> Task :extractReleaseVersionControlInfo UP-TO-DATE
> Task :extractProguardFiles UP-TO-DATE
> Task :generateReleaseLintVitalReportModel UP-TO-DATE
> Task :lintVitalAnalyzeRelease UP-TO-DATE
> Task :lintVitalReportRelease UP-TO-DATE
> Task :lintVitalRelease
> Task :processReleaseJavaRes NO-SOURCE
> Task :mergeReleaseJavaResource UP-TO-DATE
> Task :optimizeReleaseResources UP-TO-DATE
> Task :collectReleaseDependencies UP-TO-DATE
> Task :sdkReleaseDependencyData UP-TO-DATE
> Task :validateSigningRelease UP-TO-DATE
> Task :writeReleaseAppMetadata UP-TO-DATE
> Task :writeReleaseSigningConfigVersions UP-TO-DATE
> Task :mergeReleaseNativeLibs
> Task :stripReleaseDebugSymbols
> Task :extractReleaseNativeSymbolTables
> Task :packageRelease
> Task :createReleaseApkListingFileRedirect UP-TO-DATE
> Task :mergeReleaseNativeDebugMetadata
> Task :assembleRelease

BUILD SUCCESSFUL in 13s
53 actionable tasks: 9 executed, 44 up-to-date
