[gamescope] [[0;34mInfo[0m]  [0;37mconsole:[0m gamescope version 3.16.25 (gcc 16.2.1)
No CAP_SYS_NICE, falling back to regular-priority compute and threads.
Performance will be affected.
[gamescope] [[0;34mInfo[0m]  [0;37mscriptmgr:[0m Loading scripts from: '/usr/share/gamescope/scripts'
[gamescope] [[0;34mInfo[0m]  [0;37mscriptmgr:[0m Loading scripts from: '/usr/share/gamescope/scripts/00-gamescope'
[gamescope] [[0;34mInfo[0m]  [0;37mscriptmgr:[0m Loading scripts from: '/usr/share/gamescope/scripts/00-gamescope/common'
[gamescope] [[0;34mInfo[0m]  [0;37mscriptmgr:[0m Running script file '/usr/share/gamescope/scripts/00-gamescope/common/inspect.lua' (id: 0)
[gamescope] [[0;34mInfo[0m]  [0;37mscriptmgr:[0m Running script file '/usr/share/gamescope/scripts/00-gamescope/common/modegen.lua' (id: 1)
[gamescope] [[0;34mInfo[0m]  [0;37mscriptmgr:[0m Running script file '/usr/share/gamescope/scripts/00-gamescope/common/util.lua' (id: 2)
[gamescope] [[0;34mInfo[0m]  [0;37mscriptmgr:[0m Loading scripts from: '/usr/share/gamescope/scripts/00-gamescope/displays'
[gamescope] [[0;34mInfo[0m]  [0;37mscriptmgr:[0m Running script file '/usr/share/gamescope/scripts/00-gamescope/displays/asus.rogally.lcd.lua' (id: 3)
[gamescope] [[0;34mInfo[0m]  [0;37mscriptmgr:[0m Running script file '/usr/share/gamescope/scripts/00-gamescope/displays/deckhd.steamdeck.deckhd-lcd.lua' (id: 4)
[gamescope] [[0;34mInfo[0m]  [0;37mscriptmgr:[0m Running script file '/usr/share/gamescope/scripts/00-gamescope/displays/gpd.win4.lcd.lua' (id: 5)
[gamescope] [[0;34mInfo[0m]  [0;37mscriptmgr:[0m Running script file '/usr/share/gamescope/scripts/00-gamescope/displays/lenovo.legiongo.lcd.lua' (id: 6)
[gamescope] [[0;34mInfo[0m]  [0;37mscriptmgr:[0m Running script file '/usr/share/gamescope/scripts/00-gamescope/displays/lenovo.legiongos.lcd.lua' (id: 7)
[gamescope] [[0;34mInfo[0m]  [0;37mscriptmgr:[0m Running script file '/usr/share/gamescope/scripts/00-gamescope/displays/onexplayer.f1.oled.lua' (id: 8)
[gamescope] [[0;34mInfo[0m]  [0;37mscriptmgr:[0m Running script file '/usr/share/gamescope/scripts/00-gamescope/displays/valve.steamdeck.lcd.lua' (id: 9)
[gamescope] [[0;34mInfo[0m]  [0;37mscriptmgr:[0m Running script file '/usr/share/gamescope/scripts/00-gamescope/displays/valve.steamdeck.oled.lua' (id: 10)
[gamescope] [[0;34mInfo[0m]  [0;37mscriptmgr:[0m Running script file '/usr/share/gamescope/scripts/00-gamescope/displays/zotac.zone.oled.lua' (id: 11)
[gamescope] [[0;34mInfo[0m]  [0;37mscriptmgr:[0m Loading scripts from: '/etc/gamescope/scripts'
[gamescope] [[0;33mWarn[0m]  [0;37mscriptmgr:[0m Directory '/etc/gamescope/scripts' does not exist
[gamescope] [[0;34mInfo[0m]  [0;37mscriptmgr:[0m Loading scripts from: '/home/nerdrx/.config/gamescope/scripts'
[gamescope] [[0;33mWarn[0m]  [0;37mscriptmgr:[0m Directory '/home/nerdrx/.config/gamescope/scripts' does not exist
[gamescope] [[0;34mInfo[0m]  [0;37mvulkan:[0m selecting physical device 'AMD Radeon RX 7900 XTX (RADV NAVI31)': queue family 1 (general queue family 0)
[gamescope] [[0;34mInfo[0m]  [0;37mvulkan:[0m physical device supports DRM format modifiers
[gamescope] [[0;34mInfo[0m]  [0;37mwlserver:[0m [backend/headless/backend.c:60] Creating headless backend
[gamescope] [[0;34mInfo[0m]  [0;37mvulkan:[0m supported DRM formats for sampling usage:
[gamescope] [[0;34mInfo[0m]  [0;37mvulkan:[0m   AR24 (0x34325241)
[gamescope] [[0;34mInfo[0m]  [0;37mvulkan:[0m   XR24 (0x34325258)
[gamescope] [[0;34mInfo[0m]  [0;37mvulkan:[0m   AB24 (0x34324241)
[gamescope] [[0;34mInfo[0m]  [0;37mvulkan:[0m   XB24 (0x34324258)
[gamescope] [[0;34mInfo[0m]  [0;37mvulkan:[0m   RG16 (0x36314752)
[gamescope] [[0;34mInfo[0m]  [0;37mvulkan:[0m   NV12 (0x3231564E)
[gamescope] [[0;34mInfo[0m]  [0;37mvulkan:[0m   AB4H (0x48344241)
[gamescope] [[0;34mInfo[0m]  [0;37mvulkan:[0m   XB4H (0x48344258)
[gamescope] [[0;34mInfo[0m]  [0;37mvulkan:[0m   AB48 (0x38344241)
[gamescope] [[0;34mInfo[0m]  [0;37mvulkan:[0m   XB48 (0x38344258)
[gamescope] [[0;34mInfo[0m]  [0;37mvulkan:[0m   AB30 (0x30334241)
[gamescope] [[0;34mInfo[0m]  [0;37mvulkan:[0m   XB30 (0x30334258)
[gamescope] [[0;34mInfo[0m]  [0;37mvulkan:[0m   AR30 (0x30335241)
[gamescope] [[0;34mInfo[0m]  [0;37mvulkan:[0m   XR30 (0x30335258)
[gamescope] [[0;34mInfo[0m]  [0;37mwlserver:[0m Using explicit sync when available
[gamescope] [[0;34mInfo[0m]  [0;37mwlserver:[0m Running compositor on wayland display 'gamescope-0'
[gamescope] [[0;34mInfo[0m]  [0;37mwlserver:[0m [backend/headless/backend.c:17] Starting headless backend
[gamescope] [[0;34mInfo[0m]  [0;37mwlserver:[0m Successfully initialized libei for input emulation!
[gamescope] [[0;34mInfo[0m]  [0;37mwlserver:[0m [xwayland/server.c:107] Starting Xwayland on :1
The XKEYBOARD keymap compiler (xkbcomp) reports:
> Warning:          Multiple symbols for level 1/group 1 on key <FK23>
>                   Using F23, ignoring XF86TouchpadOff
> Warning:          Symbol map for key <FK23> redefined
>                   Using last definition for conflicting fields
> Warning:          Symbol map for key <FK24> redefined
>                   Using last definition for conflicting fields
> Warning:          Could not resolve keysym XF86ElectronicPrivacyScreenOn
> Warning:          Could not resolve keysym XF86ElectronicPrivacyScreenOff
> Warning:          Could not resolve keysym XF86ActionOnSelection
> Warning:          Could not resolve keysym XF86ContextualInsert
> Warning:          Could not resolve keysym XF86ContextualQuery
Errors from xkbcomp are not fatal to the X server
[gamescope] [[0;34mInfo[0m]  [0;37mpipewire:[0m stream state changed: connecting
[gamescope] [[0;34mInfo[0m]  [0;37mpipewire:[0m stream state changed: paused
[gamescope] [[0;34mInfo[0m]  [0;37mpipewire:[0m stream available on node ID: 257
[gamescope] [[0;34mInfo[0m]  [0;37mvblank:[0m Using timerfd.
[22:43:59.907][Info   ] Press any key to shutdown...
[22:43:59.907][Info   ] Available Layers: (3)
[22:43:59.908][Info   ] Depth submission supported (XR_KHR_composition_layer_depth)
LOG in xrCreateInstance: Instance created
	createInfo->applicationInfo.applicationName: HelloXR
	createInfo->applicationInfo.applicationVersion: 0
	createInfo->applicationInfo.engineName: 
	createInfo->applicationInfo.engineVersion: 0
	createInfo->applicationInfo.apiVersion: 1.0.63
	appinfo.detected.engine.name: (null)
	appinfo.detected.engine.version: 0.0.0
	quirks.disable_vulkan_format_depth: false
	quirks.disable_vulkan_format_depth_stencil: false
	quirks.disable_quad_views: false
	quirks.no_validation_error_in_create_ref_space: true
	quirks.skip_end_session: false
	quirks.parallel_views: false
	quirks.no_texture_source_alpha: false
	quirks.ignore_invalid_swapchain_usage_bits: false

[22:43:59.945][Info   ] Instance RuntimeName=WiVRn 'nx-atlas-live-920ac878-dirty' RuntimeVersion=0.0.0
LOG in xrGetSystem: Selected devices
	Head: 'WiVRn HMD'
	Eyes: '<none>'
	Left: 'WiVRn left hand interaction'
	Right: 'WiVRn right hand interaction'
	Gamepad: 'WiVRn Gamepad'
	Hand-Tracking Left (unobstructed): 'WiVRn left controller'
	Hand-Tracking Right (unobstructed): 'WiVRn right controller'
	Hand-Tracking Left (conforming): '<none>'
	Hand-Tracking Right (conforming): '<none>'
[22:43:59.946][Info   ] Available View Configuration Types: (1)
[22:43:59.946][Info   ]   Available Environment Blend Mode count : (2)
[22:43:59.946][Info   ]     Environment Blend Mode (XR_ENVIRONMENT_BLEND_MODE_OPAQUE) : (Selected)
[22:43:59.946][Info   ]     Environment Blend Mode (XR_ENVIRONMENT_BLEND_MODE_ALPHA_BLEND) : 
[22:43:59.959][Info   ] INFO: (INSTANCE 0x5636b5e0c570) vkCreateInstance: applicationName: "hello_xr", applicationVersion: 1, engineName: "hello_xr", engineVersion: 1, apiVersion: 1.0.0
[22:43:59.959][Info   ] INFO: (INSTANCE 0x5636b5e0c570) vkCreateInstance: Requested 1 instance layer(s):
[22:43:59.959][Info   ] INFO: (INSTANCE 0x5636b5e0c570)    VK_LAYER_KHRONOS_validation
[22:43:59.959][Info   ] INFO: (INSTANCE 0x5636b5e0c570) vkCreateInstance: Requested 5 instance extension(s):
[22:43:59.959][Info   ] INFO: (INSTANCE 0x5636b5e0c570)    VK_KHR_external_fence_capabilities
[22:43:59.959][Info   ] INFO: (INSTANCE 0x5636b5e0c570)    VK_KHR_external_memory_capabilities
[22:43:59.959][Info   ] INFO: (INSTANCE 0x5636b5e0c570)    VK_KHR_external_semaphore_capabilities
[22:43:59.959][Info   ] INFO: (INSTANCE 0x5636b5e0c570)    VK_KHR_get_physical_device_properties2
[22:43:59.959][Info   ] INFO: (INSTANCE 0x5636b5e0c570)    VK_EXT_debug_utils
[22:43:59.959][Info   ] INFO: (INSTANCE 0x5636b5e0c570) No valid vk_loader_settings.json file found, no loader settings will be active
[22:43:59.959][Info   ] INFO: (INSTANCE 0x5636b5e0c570) Searching for implicit layer manifest files
[22:43:59.959][Info   ] INFO: (INSTANCE 0x5636b5e0c570)    In following locations:
[22:43:59.959][Info   ] INFO: (INSTANCE 0x5636b5e0c570)       /home/nerdrx/.config/vulkan/implicit_layer.d
[22:43:59.959][Info   ] INFO: (INSTANCE 0x5636b5e0c570)       /home/nerdrx/.config/kdedefaults/vulkan/implicit_layer.d
[22:43:59.959][Info   ] INFO: (INSTANCE 0x5636b5e0c570)       /etc/xdg/vulkan/implicit_layer.d
[22:43:59.959][Info   ] INFO: (INSTANCE 0x5636b5e0c570)       /etc/vulkan/implicit_layer.d
[22:43:59.959][Info   ] INFO: (INSTANCE 0x5636b5e0c570)       /home/nerdrx/.local/share/vulkan/implicit_layer.d
[22:43:59.959][Info   ] INFO: (INSTANCE 0x5636b5e0c570)       /usr/local/share/vulkan/implicit_layer.d
[22:43:59.959][Info   ] INFO: (INSTANCE 0x5636b5e0c570)       /usr/share/vulkan/implicit_layer.d
[22:43:59.959][Info   ] INFO: (INSTANCE 0x5636b5e0c570)    Found the following files:
[22:43:59.959][Info   ] INFO: (INSTANCE 0x5636b5e0c570)       /home/nerdrx/.local/share/vulkan/implicit_layer.d/steamoverlay_i386.json
[22:43:59.959][Info   ] INFO: (INSTANCE 0x5636b5e0c570)       /home/nerdrx/.local/share/vulkan/implicit_layer.d/steamoverlay_x86_64.json
[22:43:59.959][Info   ] INFO: (INSTANCE 0x5636b5e0c570)       /home/nerdrx/.local/share/vulkan/implicit_layer.d/steamfossilize_i386.json
[22:43:59.959][Info   ] INFO: (INSTANCE 0x5636b5e0c570)       /home/nerdrx/.local/share/vulkan/implicit_layer.d/steamfossilize_x86_64.json
[22:43:59.959][Info   ] INFO: (INSTANCE 0x5636b5e0c570)       /usr/share/vulkan/implicit_layer.d/MangoHud.x86.json
[22:43:59.959][Info   ] INFO: (INSTANCE 0x5636b5e0c570)       /usr/share/vulkan/implicit_layer.d/MangoHud.x86_64.json
[22:43:59.959][Info   ] INFO: (INSTANCE 0x5636b5e0c570)       /usr/share/vulkan/implicit_layer.d/VkLayer_FROG_gamescope_wsi.x86_64.json
[22:43:59.959][Info   ] INFO: (INSTANCE 0x5636b5e0c570)       /usr/share/vulkan/implicit_layer.d/VkLayer_MESA_anti_lag.json
[22:43:59.959][Info   ] INFO: (INSTANCE 0x5636b5e0c570)       /usr/share/vulkan/implicit_layer.d/VkLayer_MESA_device_select.json
[22:43:59.959][Info   ] INFO: (INSTANCE 0x5636b5e0c570) Found manifest file /home/nerdrx/.local/share/vulkan/implicit_layer.d/steamoverlay_i386.json (file version 1.0.0)
[22:43:59.959][Info   ] INFO: (INSTANCE 0x5636b5e0c570) Found manifest file /home/nerdrx/.local/share/vulkan/implicit_layer.d/steamoverlay_x86_64.json (file version 1.0.0)
[22:43:59.959][Info   ] INFO: (INSTANCE 0x5636b5e0c570) Found manifest file /home/nerdrx/.local/share/vulkan/implicit_layer.d/steamfossilize_i386.json (file version 1.0.0)
[22:43:59.959][Info   ] INFO: (INSTANCE 0x5636b5e0c570) Found manifest file /home/nerdrx/.local/share/vulkan/implicit_layer.d/steamfossilize_x86_64.json (file version 1.0.0)
[22:43:59.959][Info   ] INFO: (INSTANCE 0x5636b5e0c570) Found manifest file /usr/share/vulkan/implicit_layer.d/MangoHud.x86.json (file version 1.0.0)
[22:43:59.959][Info   ] INFO: (INSTANCE 0x5636b5e0c570) Found manifest file /usr/share/vulkan/implicit_layer.d/MangoHud.x86_64.json (file version 1.0.0)
[22:43:59.959][Info   ] INFO: (INSTANCE 0x5636b5e0c570) Found manifest file /usr/share/vulkan/implicit_layer.d/VkLayer_FROG_gamescope_wsi.x86_64.json (file version 1.0.0)
[22:43:59.959][Info   ] INFO: (INSTANCE 0x5636b5e0c570) Found manifest file /usr/share/vulkan/implicit_layer.d/VkLayer_MESA_anti_lag.json (file version 1.2.1)
[22:43:59.959][Info   ] INFO: (INSTANCE 0x5636b5e0c570) Found manifest file /usr/share/vulkan/implicit_layer.d/VkLayer_MESA_device_select.json (file version 1.0.0)
[22:43:59.959][Info   ] INFO: (INSTANCE 0x5636b5e0c570) Searching for explicit layer manifest files
[22:43:59.959][Info   ] INFO: (INSTANCE 0x5636b5e0c570)    In following locations:
[22:43:59.959][Info   ] INFO: (INSTANCE 0x5636b5e0c570)       /home/nerdrx/.config/vulkan/explicit_layer.d
[22:43:59.959][Info   ] INFO: (INSTANCE 0x5636b5e0c570)       /home/nerdrx/.config/kdedefaults/vulkan/explicit_layer.d
[22:43:59.959][Info   ] INFO: (INSTANCE 0x5636b5e0c570)       /etc/xdg/vulkan/explicit_layer.d
[22:43:59.959][Info   ] INFO: (INSTANCE 0x5636b5e0c570)       /etc/vulkan/explicit_layer.d
[22:43:59.959][Info   ] INFO: (INSTANCE 0x5636b5e0c570)       /home/nerdrx/.local/share/vulkan/explicit_layer.d
[22:43:59.959][Info   ] INFO: (INSTANCE 0x5636b5e0c570)       /usr/local/share/vulkan/explicit_layer.d
[22:43:59.959][Info   ] INFO: (INSTANCE 0x5636b5e0c570)       /usr/share/vulkan/explicit_layer.d
[22:43:59.959][Info   ] INFO: (INSTANCE 0x5636b5e0c570)    Found the following files:
[22:43:59.959][Info   ] INFO: (INSTANCE 0x5636b5e0c570)       /usr/share/vulkan/explicit_layer.d/VkLayer_khronos_validation.json
[22:43:59.959][Info   ] INFO: (INSTANCE 0x5636b5e0c570) Found manifest file /usr/share/vulkan/explicit_layer.d/VkLayer_khronos_validation.json (file version 1.2.0)
[22:43:59.959][Info   ] INFO: (INSTANCE 0x5636b5e0c570) Searching for driver manifest files
[22:43:59.959][Info   ] INFO: (INSTANCE 0x5636b5e0c570)    In following locations:
[22:43:59.959][Info   ] INFO: (INSTANCE 0x5636b5e0c570)       /home/nerdrx/.config/vulkan/icd.d
[22:43:59.959][Info   ] INFO: (INSTANCE 0x5636b5e0c570)       /home/nerdrx/.config/kdedefaults/vulkan/icd.d
[22:43:59.959][Info   ] INFO: (INSTANCE 0x5636b5e0c570)       /etc/xdg/vulkan/icd.d
[22:43:59.959][Info   ] INFO: (INSTANCE 0x5636b5e0c570)       /etc/vulkan/icd.d
[22:43:59.959][Info   ] INFO: (INSTANCE 0x5636b5e0c570)       /home/nerdrx/.local/share/vulkan/icd.d
[22:43:59.959][Info   ] INFO: (INSTANCE 0x5636b5e0c570)       /usr/local/share/vulkan/icd.d
[22:43:59.959][Info   ] INFO: (INSTANCE 0x5636b5e0c570)       /usr/share/vulkan/icd.d
[22:43:59.959][Info   ] INFO: (INSTANCE 0x5636b5e0c570)    Found the following files:
[22:43:59.959][Info   ] INFO: (INSTANCE 0x5636b5e0c570)       /usr/share/vulkan/icd.d/radeon_icd.json
[22:43:59.959][Info   ] INFO: (INSTANCE 0x5636b5e0c570) Found ICD manifest file /usr/share/vulkan/icd.d/radeon_icd.json, version 1.0.1
[22:43:59.961][Info   ] INFO: (INSTANCE 0x5636b5e0c570) Insert instance layer "VK_LAYER_KHRONOS_validation" (/usr/lib/libVkLayer_khronos_validation.so)
[22:43:59.961][Info   ] INFO: (INSTANCE 0x5636b5e0c570) Insert instance layer "VK_LAYER_MESA_device_select" (/usr/lib/libVkLayer_MESA_device_select.so)
[22:43:59.961][Info   ] INFO: (INSTANCE 0x5636b5e0c570) Insert instance layer "VK_LAYER_FROG_gamescope_wsi_x86_64" (/usr/lib/libVkLayer_FROG_gamescope_wsi_x86_64.so)
[22:43:59.961][Info   ] INFO: (INSTANCE 0x5636b5e0c570) vkCreateInstance layer callstack setup to:
[22:43:59.961][Info   ] INFO: (INSTANCE 0x5636b5e0c570)    <Application>
[22:43:59.961][Info   ] INFO: (INSTANCE 0x5636b5e0c570)      ||
[22:43:59.961][Info   ] INFO: (INSTANCE 0x5636b5e0c570)    <Loader>
[22:43:59.961][Info   ] INFO: (INSTANCE 0x5636b5e0c570)      ||
[22:43:59.961][Info   ] INFO: (INSTANCE 0x5636b5e0c570)    VK_LAYER_FROG_gamescope_wsi_x86_64
[22:43:59.961][Info   ] INFO: (INSTANCE 0x5636b5e0c570)            Type: Implicit
[22:43:59.961][Info   ] INFO: (INSTANCE 0x5636b5e0c570)            Enabled By: Implicit Layer
[22:43:59.961][Info   ] INFO: (INSTANCE 0x5636b5e0c570)                Disable Env Var:  DISABLE_GAMESCOPE_WSI
[22:43:59.961][Info   ] INFO: (INSTANCE 0x5636b5e0c570)                This layer was enabled because Env Var ENABLE_GAMESCOPE_WSI was set to Value 1
[22:43:59.961][Info   ] INFO: (INSTANCE 0x5636b5e0c570)            Manifest: /usr/share/vulkan/implicit_layer.d/VkLayer_FROG_gamescope_wsi.x86_64.json
[22:43:59.961][Info   ] INFO: (INSTANCE 0x5636b5e0c570)            Library:  /usr/lib/libVkLayer_FROG_gamescope_wsi_x86_64.so
[22:43:59.961][Info   ] INFO: (INSTANCE 0x5636b5e0c570)      ||
[22:43:59.961][Info   ] INFO: (INSTANCE 0x5636b5e0c570)    VK_LAYER_MESA_device_select
[22:43:59.961][Info   ] INFO: (INSTANCE 0x5636b5e0c570)            Type: Implicit
[22:43:59.961][Info   ] INFO: (INSTANCE 0x5636b5e0c570)            Enabled By: Implicit Layer
[22:43:59.961][Info   ] INFO: (INSTANCE 0x5636b5e0c570)                Disable Env Var:  NODEVICE_SELECT
[22:43:59.961][Info   ] INFO: (INSTANCE 0x5636b5e0c570)            Manifest: /usr/share/vulkan/implicit_layer.d/VkLayer_MESA_device_select.json
[22:43:59.961][Info   ] INFO: (INSTANCE 0x5636b5e0c570)            Library:  /usr/lib/libVkLayer_MESA_device_select.so
[22:43:59.961][Info   ] INFO: (INSTANCE 0x5636b5e0c570)      ||
[22:43:59.961][Info   ] INFO: (INSTANCE 0x5636b5e0c570)    VK_LAYER_KHRONOS_validation
[22:43:59.961][Info   ] INFO: (INSTANCE 0x5636b5e0c570)            Type: Explicit
[22:43:59.961][Info   ] INFO: (INSTANCE 0x5636b5e0c570)            Enabled By: By the Application
[22:43:59.961][Info   ] INFO: (INSTANCE 0x5636b5e0c570)            Manifest: /usr/share/vulkan/explicit_layer.d/VkLayer_khronos_validation.json
[22:43:59.961][Info   ] INFO: (INSTANCE 0x5636b5e0c570)            Library:  /usr/lib/libVkLayer_khronos_validation.so
[22:43:59.961][Info   ] INFO: (INSTANCE 0x5636b5e0c570)      ||
[22:43:59.961][Info   ] INFO: (INSTANCE 0x5636b5e0c570)    <Drivers>
[22:43:59.966][Error  ] ERROR: ( 0x0) vkCreateInstance(): pCreateInfo->ppEnabledExtensionNames[5] Missing extension required to enable instance extension VK_KHR_wayland_surface:
 - VK_KHR_surface
The Vulkan spec states: All required extensions for each extension in the VkInstanceCreateInfo::ppEnabledExtensionNames list must also be present in that list (https://docs.vulkan.org/spec/latest/chapters/initialization.html#VUID-vkCreateInstance-ppEnabledExtensionNames-01388)
[22:43:59.966][Error  ] ERROR: ( 0x0) vkCreateInstance(): pCreateInfo->ppEnabledExtensionNames[6] Missing extension required to enable instance extension VK_KHR_xcb_surface:
 - VK_KHR_surface
The Vulkan spec states: All required extensions for each extension in the VkInstanceCreateInfo::ppEnabledExtensionNames list must also be present in that list (https://docs.vulkan.org/spec/latest/chapters/initialization.html#VUID-vkCreateInstance-ppEnabledExtensionNames-01388)
[22:43:59.968][Info   ] INFO: (INSTANCE 0x5636b5e0c570) vkCreateInstance(): Current Validaiton Enabled:
  - Core Checks
  - Stateless Parameter
  - Object lifetime
  - Thread Safety
  - Handle Wrapping

[22:43:59.972][Info   ] INFO: (INSTANCE 0x5636b5e0c570) linux_read_sorted_physical_devices:
[22:43:59.972][Info   ] INFO: (INSTANCE 0x5636b5e0c570)      Original order:
[22:43:59.972][Info   ] INFO: (INSTANCE 0x5636b5e0c570)            [0] AMD Ryzen 9 9950X3D 16-Core Processor (RADV RAPHAEL_MENDOCINO)
[22:43:59.972][Info   ] INFO: (INSTANCE 0x5636b5e0c570)            [1] AMD Radeon RX 7900 XTX (RADV NAVI31)
[22:43:59.972][Info   ] INFO: (INSTANCE 0x5636b5e0c570)      Sorted order:
[22:43:59.972][Info   ] INFO: (INSTANCE 0x5636b5e0c570)            [0] AMD Radeon RX 7900 XTX (RADV NAVI31)  
[22:43:59.972][Info   ] INFO: (INSTANCE 0x5636b5e0c570)            [1] AMD Ryzen 9 9950X3D 16-Core Processor (RADV RAPHAEL_MENDOCINO)  
[22:43:59.972][Info   ] INFO: (INSTANCE 0x5636b5e0c570) linux_read_sorted_physical_devices:
[22:43:59.972][Info   ] INFO: (INSTANCE 0x5636b5e0c570)      Original order:
[22:43:59.972][Info   ] INFO: (INSTANCE 0x5636b5e0c570)            [0] AMD Ryzen 9 9950X3D 16-Core Processor (RADV RAPHAEL_MENDOCINO)
[22:43:59.972][Info   ] INFO: (INSTANCE 0x5636b5e0c570)            [1] AMD Radeon RX 7900 XTX (RADV NAVI31)
[22:43:59.972][Info   ] INFO: (INSTANCE 0x5636b5e0c570)      Sorted order:
[22:43:59.972][Info   ] INFO: (INSTANCE 0x5636b5e0c570)            [0] AMD Radeon RX 7900 XTX (RADV NAVI31)  
[22:43:59.972][Info   ] INFO: (INSTANCE 0x5636b5e0c570)            [1] AMD Ryzen 9 9950X3D 16-Core Processor (RADV RAPHAEL_MENDOCINO)  
[22:43:59.973][Info   ] INFO: (INSTANCE 0x5636b5e0c570) linux_read_sorted_physical_devices:
[22:43:59.973][Info   ] INFO: (INSTANCE 0x5636b5e0c570)      Original order:
[22:43:59.973][Info   ] INFO: (INSTANCE 0x5636b5e0c570)            [0] AMD Ryzen 9 9950X3D 16-Core Processor (RADV RAPHAEL_MENDOCINO)
[22:43:59.973][Info   ] INFO: (INSTANCE 0x5636b5e0c570)            [1] AMD Radeon RX 7900 XTX (RADV NAVI31)
[22:43:59.973][Info   ] INFO: (INSTANCE 0x5636b5e0c570)      Sorted order:
[22:43:59.973][Info   ] INFO: (INSTANCE 0x5636b5e0c570)            [0] AMD Radeon RX 7900 XTX (RADV NAVI31)  
[22:43:59.973][Info   ] INFO: (INSTANCE 0x5636b5e0c570)            [1] AMD Ryzen 9 9950X3D 16-Core Processor (RADV RAPHAEL_MENDOCINO)  
[22:43:59.973][Info   ] INFO: (INSTANCE 0x5636b5e0c570) linux_read_sorted_physical_devices:
[22:43:59.973][Info   ] INFO: (INSTANCE 0x5636b5e0c570)      Original order:
[22:43:59.973][Info   ] INFO: (INSTANCE 0x5636b5e0c570)            [0] AMD Ryzen 9 9950X3D 16-Core Processor (RADV RAPHAEL_MENDOCINO)
[22:43:59.973][Info   ] INFO: (INSTANCE 0x5636b5e0c570)            [1] AMD Radeon RX 7900 XTX (RADV NAVI31)
[22:43:59.973][Info   ] INFO: (INSTANCE 0x5636b5e0c570)      Sorted order:
[22:43:59.973][Info   ] INFO: (INSTANCE 0x5636b5e0c570)            [0] AMD Radeon RX 7900 XTX (RADV NAVI31)  
[22:43:59.973][Info   ] INFO: (INSTANCE 0x5636b5e0c570)            [1] AMD Ryzen 9 9950X3D 16-Core Processor (RADV RAPHAEL_MENDOCINO)  
[Gamescope WSI] Application info:
  pApplicationName: hello_xr
  applicationVersion: 1
  pEngineName: hello_xr
  engineVersion: 1
  apiVersion: 4194304
[Gamescope WSI] Executable name: hello_xr
[22:43:59.973][Info   ] INFO: (INSTANCE 0x5636b5e0c570) linux_read_sorted_physical_devices:
[22:43:59.973][Info   ] INFO: (INSTANCE 0x5636b5e0c570)      Original order:
[22:43:59.973][Info   ] INFO: (INSTANCE 0x5636b5e0c570)            [0] AMD Ryzen 9 9950X3D 16-Core Processor (RADV RAPHAEL_MENDOCINO)
[22:43:59.973][Info   ] INFO: (INSTANCE 0x5636b5e0c570)            [1] AMD Radeon RX 7900 XTX (RADV NAVI31)
[22:43:59.973][Info   ] INFO: (INSTANCE 0x5636b5e0c570)      Sorted order:
[22:43:59.973][Info   ] INFO: (INSTANCE 0x5636b5e0c570)            [0] AMD Radeon RX 7900 XTX (RADV NAVI31)  
[22:43:59.973][Info   ] INFO: (INSTANCE 0x5636b5e0c570)            [1] AMD Ryzen 9 9950X3D 16-Core Processor (RADV RAPHAEL_MENDOCINO)  
[22:43:59.973][Info   ] INFO: (INSTANCE 0x5636b5e0c570) linux_read_sorted_physical_devices:
[22:43:59.973][Info   ] INFO: (INSTANCE 0x5636b5e0c570)      Original order:
[22:43:59.973][Info   ] INFO: (INSTANCE 0x5636b5e0c570)            [0] AMD Ryzen 9 9950X3D 16-Core Processor (RADV RAPHAEL_MENDOCINO)
[22:43:59.973][Info   ] INFO: (INSTANCE 0x5636b5e0c570)            [1] AMD Radeon RX 7900 XTX (RADV NAVI31)
[22:43:59.973][Info   ] INFO: (INSTANCE 0x5636b5e0c570)      Sorted order:
[22:43:59.973][Info   ] INFO: (INSTANCE 0x5636b5e0c570)            [0] AMD Radeon RX 7900 XTX (RADV NAVI31)  
[22:43:59.973][Info   ] INFO: (INSTANCE 0x5636b5e0c570)            [1] AMD Ryzen 9 9950X3D 16-Core Processor (RADV RAPHAEL_MENDOCINO)  
[22:43:59.974][Info   ] INFO: (INSTANCE 0x5636b5e0c570) linux_read_sorted_physical_devices:
[22:43:59.974][Info   ] INFO: (INSTANCE 0x5636b5e0c570)      Original order:
[22:43:59.974][Info   ] INFO: (INSTANCE 0x5636b5e0c570)            [0] AMD Ryzen 9 9950X3D 16-Core Processor (RADV RAPHAEL_MENDOCINO)
[22:43:59.974][Info   ] INFO: (INSTANCE 0x5636b5e0c570)            [1] AMD Radeon RX 7900 XTX (RADV NAVI31)
[22:43:59.974][Info   ] INFO: (INSTANCE 0x5636b5e0c570)      Sorted order:
[22:43:59.974][Info   ] INFO: (INSTANCE 0x5636b5e0c570)            [0] AMD Radeon RX 7900 XTX (RADV NAVI31)  
[22:43:59.974][Info   ] INFO: (INSTANCE 0x5636b5e0c570)            [1] AMD Ryzen 9 9950X3D 16-Core Processor (RADV RAPHAEL_MENDOCINO)  
[22:43:59.974][Info   ] INFO: (INSTANCE 0x5636b5e0c570) linux_read_sorted_physical_devices:
[22:43:59.974][Info   ] INFO: (INSTANCE 0x5636b5e0c570)      Original order:
[22:43:59.974][Info   ] INFO: (INSTANCE 0x5636b5e0c570)            [0] AMD Ryzen 9 9950X3D 16-Core Processor (RADV RAPHAEL_MENDOCINO)
[22:43:59.974][Info   ] INFO: (INSTANCE 0x5636b5e0c570)            [1] AMD Radeon RX 7900 XTX (RADV NAVI31)
[22:43:59.974][Info   ] INFO: (INSTANCE 0x5636b5e0c570)      Sorted order:
[22:43:59.974][Info   ] INFO: (INSTANCE 0x5636b5e0c570)            [0] AMD Radeon RX 7900 XTX (RADV NAVI31)  
[22:43:59.974][Info   ] INFO: (INSTANCE 0x5636b5e0c570)            [1] AMD Ryzen 9 9950X3D 16-Core Processor (RADV RAPHAEL_MENDOCINO)  
LOG in xrCreateVulkanInstanceKHR: Creation of VkInstance:
	result: VK_SUCCESS
	vulkanInstance: 0x5636b5e0c570
	extensions:
		VK_KHR_external_fence_capabilities
		VK_KHR_external_memory_capabilities
		VK_KHR_external_semaphore_capabilities
		VK_KHR_get_physical_device_properties2
		VK_EXT_debug_utils
[22:43:59.975][Info   ] INFO: (INSTANCE 0x5636b5e0c570) linux_read_sorted_physical_devices:
[22:43:59.975][Info   ] INFO: (INSTANCE 0x5636b5e0c570)      Original order:
[22:43:59.975][Info   ] INFO: (INSTANCE 0x5636b5e0c570)            [0] AMD Ryzen 9 9950X3D 16-Core Processor (RADV RAPHAEL_MENDOCINO)
[22:43:59.975][Info   ] INFO: (INSTANCE 0x5636b5e0c570)            [1] AMD Radeon RX 7900 XTX (RADV NAVI31)
[22:43:59.975][Info   ] INFO: (INSTANCE 0x5636b5e0c570)      Sorted order:
[22:43:59.975][Info   ] INFO: (INSTANCE 0x5636b5e0c570)            [0] AMD Radeon RX 7900 XTX (RADV NAVI31)  
[22:43:59.975][Info   ] INFO: (INSTANCE 0x5636b5e0c570)            [1] AMD Ryzen 9 9950X3D 16-Core Processor (RADV RAPHAEL_MENDOCINO)  
[22:43:59.975][Info   ] INFO: (INSTANCE 0x5636b5e0c570) linux_read_sorted_physical_devices:
[22:43:59.975][Info   ] INFO: (INSTANCE 0x5636b5e0c570)      Original order:
[22:43:59.975][Info   ] INFO: (INSTANCE 0x5636b5e0c570)            [0] AMD Ryzen 9 9950X3D 16-Core Processor (RADV RAPHAEL_MENDOCINO)
[22:43:59.975][Info   ] INFO: (INSTANCE 0x5636b5e0c570)            [1] AMD Radeon RX 7900 XTX (RADV NAVI31)
[22:43:59.975][Info   ] INFO: (INSTANCE 0x5636b5e0c570)      Sorted order:
[22:43:59.975][Info   ] INFO: (INSTANCE 0x5636b5e0c570)            [0] AMD Radeon RX 7900 XTX (RADV NAVI31)  
[22:43:59.975][Info   ] INFO: (INSTANCE 0x5636b5e0c570)            [1] AMD Ryzen 9 9950X3D 16-Core Processor (RADV RAPHAEL_MENDOCINO)  
[22:43:59.975][Info   ] INFO: (INSTANCE 0x5636b5e0c570) linux_read_sorted_physical_devices:
[22:43:59.975][Info   ] INFO: (INSTANCE 0x5636b5e0c570)      Original order:
[22:43:59.975][Info   ] INFO: (INSTANCE 0x5636b5e0c570)            [0] AMD Ryzen 9 9950X3D 16-Core Processor (RADV RAPHAEL_MENDOCINO)
[22:43:59.975][Info   ] INFO: (INSTANCE 0x5636b5e0c570)            [1] AMD Radeon RX 7900 XTX (RADV NAVI31)
[22:43:59.975][Info   ] INFO: (INSTANCE 0x5636b5e0c570)      Sorted order:
[22:43:59.975][Info   ] INFO: (INSTANCE 0x5636b5e0c570)            [0] AMD Radeon RX 7900 XTX (RADV NAVI31)  
[22:43:59.975][Info   ] INFO: (INSTANCE 0x5636b5e0c570)            [1] AMD Ryzen 9 9950X3D 16-Core Processor (RADV RAPHAEL_MENDOCINO)  
[22:43:59.975][Info   ] INFO: (INSTANCE 0x5636b5e0c570) linux_read_sorted_physical_devices:
[22:43:59.975][Info   ] INFO: (INSTANCE 0x5636b5e0c570)      Original order:
[22:43:59.975][Info   ] INFO: (INSTANCE 0x5636b5e0c570)            [0] AMD Ryzen 9 9950X3D 16-Core Processor (RADV RAPHAEL_MENDOCINO)
[22:43:59.975][Info   ] INFO: (INSTANCE 0x5636b5e0c570)            [1] AMD Radeon RX 7900 XTX (RADV NAVI31)
[22:43:59.975][Info   ] INFO: (INSTANCE 0x5636b5e0c570)      Sorted order:
[22:43:59.975][Info   ] INFO: (INSTANCE 0x5636b5e0c570)            [0] AMD Radeon RX 7900 XTX (RADV NAVI31)  
[22:43:59.975][Info   ] INFO: (INSTANCE 0x5636b5e0c570)            [1] AMD Ryzen 9 9950X3D 16-Core Processor (RADV RAPHAEL_MENDOCINO)  
[22:43:59.976][Info   ] INFO: (INSTANCE 0x5636b5e0c570) Inserted device layer "VK_LAYER_KHRONOS_validation" (/usr/lib/libVkLayer_khronos_validation.so)
[22:43:59.976][Info   ] INFO: (INSTANCE 0x5636b5e0c570) Failed to find vkGetDeviceProcAddr in layer "/usr/lib/libVkLayer_MESA_device_select.so"
[22:43:59.976][Info   ] INFO: (INSTANCE 0x5636b5e0c570) Inserted device layer "VK_LAYER_FROG_gamescope_wsi_x86_64" (/usr/lib/libVkLayer_FROG_gamescope_wsi_x86_64.so)
[22:43:59.976][Info   ] INFO: (INSTANCE 0x5636b5e0c570) vkCreateDevice layer callstack setup to:
[22:43:59.976][Info   ] INFO: (INSTANCE 0x5636b5e0c570)    <Application>
[22:43:59.976][Info   ] INFO: (INSTANCE 0x5636b5e0c570)      ||
[22:43:59.976][Info   ] INFO: (INSTANCE 0x5636b5e0c570)    <Loader>
[22:43:59.976][Info   ] INFO: (INSTANCE 0x5636b5e0c570)      ||
[22:43:59.976][Info   ] INFO: (INSTANCE 0x5636b5e0c570)    VK_LAYER_FROG_gamescope_wsi_x86_64
[22:43:59.976][Info   ] INFO: (INSTANCE 0x5636b5e0c570)            Type: Implicit
[22:43:59.976][Info   ] INFO: (INSTANCE 0x5636b5e0c570)            Enabled By: Implicit Layer
[22:43:59.976][Info   ] INFO: (INSTANCE 0x5636b5e0c570)                Disable Env Var:  DISABLE_GAMESCOPE_WSI
[22:43:59.976][Info   ] INFO: (INSTANCE 0x5636b5e0c570)            Manifest: /usr/share/vulkan/implicit_layer.d/VkLayer_FROG_gamescope_wsi.x86_64.json
[22:43:59.976][Info   ] INFO: (INSTANCE 0x5636b5e0c570)            Library:  /usr/lib/libVkLayer_FROG_gamescope_wsi_x86_64.so
[22:43:59.976][Info   ] INFO: (INSTANCE 0x5636b5e0c570)      ||
[22:43:59.976][Info   ] INFO: (INSTANCE 0x5636b5e0c570)    VK_LAYER_KHRONOS_validation
[22:43:59.976][Info   ] INFO: (INSTANCE 0x5636b5e0c570)            Type: Explicit
[22:43:59.976][Info   ] INFO: (INSTANCE 0x5636b5e0c570)            Enabled By: By the Application
[22:43:59.976][Info   ] INFO: (INSTANCE 0x5636b5e0c570)            Manifest: /usr/share/vulkan/explicit_layer.d/VkLayer_khronos_validation.json
[22:43:59.976][Info   ] INFO: (INSTANCE 0x5636b5e0c570)            Library:  /usr/lib/libVkLayer_khronos_validation.so
[22:43:59.976][Info   ] INFO: (INSTANCE 0x5636b5e0c570)      ||
[22:43:59.976][Info   ] INFO: (INSTANCE 0x5636b5e0c570)    <Device>
[Gamescope WSI] Forcing on VK_EXT_swapchain_maintenance1.
[22:43:59.977][Error  ] ERROR: (INSTANCE 0x5636b5e0c570) vkCreateDevice(): pCreateInfo->ppEnabledExtensionNames[10] Missing extensions required to enable device extension VK_EXT_swapchain_maintenance1:
 - VK_KHR_swapchain
 - VK_EXT_surface_maintenance1 (instance extension, which needs to be added to VkInstanceCreateInfo::ppEnabledExtensionNames)
The Vulkan spec states: All required device extensions for each extension in the VkDeviceCreateInfo::ppEnabledExtensionNames list must also be present in that list (https://docs.vulkan.org/spec/latest/chapters/devsandqueues.html#VUID-vkCreateDevice-ppEnabledExtensionNames-01387)
[22:43:59.977][Info   ] INFO: (INSTANCE 0x5636b5e0c570)        Using "AMD Radeon RX 7900 XTX (RADV NAVI31)" with driver: "/usr/lib/libvulkan_radeon.so"
LOG in xrGetVulkanGraphicsDeviceKHR: Creation of VkDevice:
	result: VK_SUCCESS
	vulkanDevice: 0x5636b5ed7550
	vulkanInstance: 0x5636b5e0c570
	external_fence_fd: true
	external_semaphore_fd: true
	timelineSemaphore: true
	extensions:
		VK_KHR_dedicated_allocation
		VK_KHR_external_fence
		VK_KHR_external_memory
		VK_KHR_external_semaphore
		VK_KHR_get_memory_requirements2
		VK_KHR_external_memory_fd
		VK_KHR_external_semaphore_fd
		VK_KHR_external_fence_fd
		VK_KHR_image_format_list
		VK_KHR_timeline_semaphore
[22:43:59.980][Info   ] Available reference spaces: 3
[22:43:59.981][Info   ] System Properties: Name=PICO 4 HMD on WiVRn VendorId=0
[22:43:59.981][Info   ] System Graphics Properties: MaxWidth=16384 MaxHeight=16384 MaxLayers=128
[22:43:59.981][Info   ] System Tracking Properties: OrientationTracking=True PositionTracking=True
[22:43:59.981][Info   ] Creating color and depth swapchain for view 0 with dimensions Width=2160 Height=2160 SampleCount=1
[22:43:59.984][Info   ] Creating color and depth swapchain for view 1 with dimensions Width=2160 Height=2160 SampleCount=1
[22:43:59.985][Info   ] XrEventDataSessionStateChanged: state XR_SESSION_STATE_UNKNOWN->XR_SESSION_STATE_IDLE session=94792980045168 time=2821850312771
[22:43:59.985][Info   ] XrEventDataSessionStateChanged: state XR_SESSION_STATE_IDLE->XR_SESSION_STATE_READY session=94792980045168 time=2821850312771
[22:43:59.995][Info   ] XrEventDataSessionStateChanged: state XR_SESSION_STATE_READY->XR_SESSION_STATE_SYNCHRONIZED session=94792980045168 time=2821864459516
[22:43:59.995][Info   ] XrEventDataSessionStateChanged: state XR_SESSION_STATE_SYNCHRONIZED->XR_SESSION_STATE_VISIBLE session=94792980045168 time=2821864491106
[22:43:59.995][Info   ] XrEventDataSessionStateChanged: state XR_SESSION_STATE_VISIBLE->XR_SESSION_STATE_FOCUSED session=94792980045168 time=2821864491106
[22:44:00.016][Info   ] NXWARP_BENCH_FULL_FIELD enabled: 195 animated cubes, synthetic predicted-time motion
[22:44:00.024][Info   ] Grab action is bound to 'Left Khronos Simple Controller Select' and 'Right Khronos Simple Controller Select'
[22:44:00.024][Info   ] Quit action is bound to nothing
[22:44:00.024][Info   ] Pose action is bound to 'Left Khronos Simple Controller Grip' and 'Right Khronos Simple Controller Grip'
[22:44:00.024][Info   ] Vibrate action is bound to nothing
[22:44:02.032][Info   ] NXWARP_BENCH_FULL_FIELD frame 180 t=2.02 s
[22:44:04.054][Info   ] NXWARP_BENCH_FULL_FIELD frame 360 t=4.04 s
[22:44:06.068][Info   ] NXWARP_BENCH_FULL_FIELD frame 540 t=6.06 s
[22:44:08.068][Info   ] NXWARP_BENCH_FULL_FIELD frame 720 t=8.06 s
[22:44:10.068][Info   ] NXWARP_BENCH_FULL_FIELD frame 900 t=10.06 s
[22:44:12.068][Info   ] NXWARP_BENCH_FULL_FIELD frame 1080 t=12.06 s
[22:44:14.068][Info   ] NXWARP_BENCH_FULL_FIELD frame 1260 t=14.06 s
[22:44:16.068][Info   ] NXWARP_BENCH_FULL_FIELD frame 1440 t=16.06 s
[22:44:18.067][Info   ] NXWARP_BENCH_FULL_FIELD frame 1620 t=18.06 s
[22:44:20.068][Info   ] NXWARP_BENCH_FULL_FIELD frame 1800 t=20.06 s
[22:44:22.067][Info   ] NXWARP_BENCH_FULL_FIELD frame 1980 t=22.06 s
[22:44:24.068][Info   ] NXWARP_BENCH_FULL_FIELD frame 2160 t=24.06 s
[22:44:26.067][Info   ] NXWARP_BENCH_FULL_FIELD frame 2340 t=26.06 s
[22:44:28.068][Info   ] NXWARP_BENCH_FULL_FIELD frame 2520 t=28.06 s
[22:44:30.068][Info   ] NXWARP_BENCH_FULL_FIELD frame 2700 t=30.06 s
[22:44:32.068][Info   ] NXWARP_BENCH_FULL_FIELD frame 2880 t=32.06 s
[22:44:34.067][Info   ] NXWARP_BENCH_FULL_FIELD frame 3060 t=34.06 s
[22:44:36.068][Info   ] NXWARP_BENCH_FULL_FIELD frame 3240 t=36.06 s
[22:44:38.067][Info   ] NXWARP_BENCH_FULL_FIELD frame 3420 t=38.06 s
[22:44:40.067][Info   ] NXWARP_BENCH_FULL_FIELD frame 3600 t=40.06 s
[22:44:42.067][Info   ] NXWARP_BENCH_FULL_FIELD frame 3780 t=42.06 s
[22:44:44.068][Info   ] NXWARP_BENCH_FULL_FIELD frame 3960 t=44.06 s
[22:44:46.067][Info   ] NXWARP_BENCH_FULL_FIELD frame 4140 t=46.06 s
[22:44:48.068][Info   ] NXWARP_BENCH_FULL_FIELD frame 4320 t=48.06 s
[22:44:50.067][Info   ] NXWARP_BENCH_FULL_FIELD frame 4500 t=50.06 s
[22:44:52.068][Info   ] NXWARP_BENCH_FULL_FIELD frame 4680 t=52.06 s
[22:44:54.067][Info   ] NXWARP_BENCH_FULL_FIELD frame 4860 t=54.06 s
[22:44:56.067][Info   ] NXWARP_BENCH_FULL_FIELD frame 5040 t=56.06 s
[22:44:58.068][Info   ] NXWARP_BENCH_FULL_FIELD frame 5220 t=58.06 s
[gamescopereaper] [[0;34mInfo[0m]  [0;37mreaper:[0m Parent of gamescopereaper was killed. Killing children.
[gamescope] [[0;34mInfo[0m]  [0;37mlaunch:[0m Primary child shut down!
