09-22 21:20:18.360 17643 29797 I WiVRn   : [2026-09-22 21:20:18.360] [WiVRn] [info] nxwarp[0]: LZ4 envelope true
09-22 21:20:18.360 17643 29797 I WiVRn   : [2026-09-22 21:20:18.360] [WiVRn] [info] nxwarp[0]: partial direct recovery false (at most 10% retained tiles, history at most 50 ms, stable-neighbor guard)
09-22 21:20:18.429 17643 29763 I WiVRn   : [2026-09-22 21:20:18.429] [WiVRn] [info] render: 4 iterations in 2.0 s (2.0/s), 4 submitted a layer, 3 new-source, 0 skipped by the repeat gate, 0 with nothing to show; display period 11.1 ms
09-22 21:20:18.429 17643 29763 I WiVRn   : [2026-09-22 21:20:18.429] [WiVRn] [info] render: source->first 0.3 ms | wire 0.9 | queue 0.4 | decode 0.1 | decode->selection 7.2 | selection->predicted 33.0 | sum 41.9 over 4 selected frames (0 invalid)
09-22 21:20:19.345 17643 29797 I WiVRn   : [2026-09-22 21:20:19.345] [WiVRn] [info] nxwarp[0] net: 88 frames closed in 2.0 s, 0 with a hole, 0 out-of-order datagrams, 0 frames completed late, 0 queued for the worker, 87 decoded so far, 88 stragglers dropped; last hole 0/0 chunks, first missing -1, short false, chunk 1166 B; worker phase idle
09-22 21:20:19.345 17643 29797 I WiVRn   : [2026-09-22 21:20:19.345] [WiVRn] [info] nxwarp[0] net: 0.010 ms per datagram over 5358 datagrams (26.88 ms of every second)
09-22 21:20:20.368 17643 29799 I WiVRn   : [2026-09-22 21:20:20.368] [WiVRn] [info] nxwarp[0]: LZ4 180 compressed / 0 raw units, 10516777 wire / 25266240 unpacked bytes, 15.749 ms total decompression
09-22 21:20:20.434 17643 29763 I WiVRn   : [2026-09-22 21:20:20.434] [WiVRn] [info] render: 173 iterations in 2.0 s (86.3/s), 173 submitted a layer, 166 new-source, 0 skipped by the repeat gate, 0 with nothing to show; display period 11.6 ms
09-22 21:20:20.434 17643 29763 I WiVRn   : [2026-09-22 21:20:20.434] [WiVRn] [info] render: source->first -49.1 ms | wire 1.2 | queue 0.3 | decode 0.1 | decode->selection 7.8 | selection->predicted 33.9 | sum -5.8 over 173 selected frames (0 invalid)
09-22 21:20:21.348 17643 29797 I WiVRn   : [2026-09-22 21:20:21.348] [WiVRn] [info] nxwarp[0] net: 180 frames closed in 2.0 s, 0 with a hole, 0 out-of-order datagrams, 0 frames completed late, 0 queued for the worker, 266 decoded so far, 299 stragglers dropped; last hole 0/0 chunks, first missing -1, short false, chunk 1166 B; worker phase idle
09-22 21:20:21.348 17643 29797 I WiVRn   : [2026-09-22 21:20:21.348] [WiVRn] [info] nxwarp[0] net: 0.011 ms per datagram over 10372 datagrams (56.42 ms of every second)
09-22 21:20:22.372 17643 29799 I WiVRn   : [2026-09-22 21:20:22.372] [WiVRn] [info] nxwarp[0]: LZ4 360 compressed / 0 raw units, 20304682 wire / 50532480 unpacked bytes, 31.756 ms total decompression
09-22 21:20:22.434 17643 29763 I WiVRn   : [2026-09-22 21:20:22.434] [WiVRn] [info] render: 178 iterations in 2.0 s (89.0/s), 178 submitted a layer, 178 new-source, 0 skipped by the repeat gate, 0 with nothing to show; display period 11.2 ms
09-22 21:20:22.434 17643 29763 I WiVRn   : [2026-09-22 21:20:22.434] [WiVRn] [info] render: source->first -65.5 ms | wire 1.3 | queue 0.3 | decode 0.1 | decode->selection 8.0 | selection->predicted 33.6 | sum -22.1 over 178 selected frames (0 invalid)
09-22 21:20:23.357 17643 29797 I WiVRn   : [2026-09-22 21:20:23.357] [WiVRn] [info] nxwarp[0] net: 180 frames closed in 2.0 s, 0 with a hole, 0 out-of-order datagrams, 0 frames completed late, 0 queued for the worker, 446 decoded so far, 479 stragglers dropped; last hole 0/0 chunks, first missing -1, short false, chunk 1166 B; worker phase idle
09-22 21:20:23.357 17643 29797 I WiVRn   : [2026-09-22 21:20:23.357] [WiVRn] [info] nxwarp[0] net: 0.011 ms per datagram over 9820 datagrams (53.66 ms of every second)
09-22 21:20:24.378 17643 29799 I WiVRn   : [2026-09-22 21:20:24.378] [WiVRn] [info] nxwarp[0]: LZ4 540 compressed / 0 raw units, 30165257 wire / 75798720 unpacked bytes, 46.034 ms total decompression
09-22 21:20:24.443 17643 29763 I WiVRn   : [2026-09-22 21:20:24.443] [WiVRn] [info] render: 181 iterations in 2.0 s (90.1/s), 181 submitted a layer, 179 new-source, 0 skipped by the repeat gate, 0 with nothing to show; display period 11.1 ms
09-22 21:20:24.443 17643 29763 I WiVRn   : [2026-09-22 21:20:24.443] [WiVRn] [info] render: source->first -64.5 ms | wire 0.9 | queue 0.3 | decode 0.1 | decode->selection 7.3 | selection->predicted 34.1 | sum -21.7 over 181 selected frames (0 invalid)
09-22 21:20:25.364 17643 29797 I WiVRn   : [2026-09-22 21:20:25.364] [WiVRn] [info] nxwarp[0] net: 180 frames closed in 2.0 s, 0 with a hole, 0 out-of-order datagrams, 0 frames completed late, 0 queued for the worker, 626 decoded so far, 684 stragglers dropped; last hole 0/0 chunks, first missing -1, short false, chunk 1166 B; worker phase idle
09-22 21:20:25.364 17643 29797 I WiVRn   : [2026-09-22 21:20:25.364] [WiVRn] [info] nxwarp[0] net: 0.011 ms per datagram over 10449 datagrams (54.83 ms of every second)
09-22 21:20:26.390 17643 29799 I WiVRn   : [2026-09-22 21:20:26.390] [WiVRn] [info] nxwarp[0]: LZ4 720 compressed / 0 raw units, 40942935 wire / 101064960 unpacked bytes, 63.778 ms total decompression
09-22 21:20:26.449 17643 29763 I WiVRn   : [2026-09-22 21:20:26.449] [WiVRn] [info] render: 179 iterations in 2.0 s (89.2/s), 179 submitted a layer, 177 new-source, 0 skipped by the repeat gate, 0 with nothing to show; display period 11.2 ms
09-22 21:20:26.449 17643 29763 I WiVRn   : [2026-09-22 21:20:26.449] [WiVRn] [info] render: source->first -64.1 ms | wire 1.2 | queue 0.3 | decode 0.1 | decode->selection 7.4 | selection->predicted 33.3 | sum -21.7 over 179 selected frames (0 invalid)
09-22 21:20:27.364 17643 29797 I WiVRn   : [2026-09-22 21:20:27.364] [WiVRn] [info] nxwarp[0] net: 180 frames closed in 2.0 s, 0 with a hole, 0 out-of-order datagrams, 0 frames completed late, 0 queued for the worker, 806 decoded so far, 864 stragglers dropped; last hole 0/0 chunks, first missing -1, short false, chunk 1166 B; worker phase idle
09-22 21:20:27.364 17643 29797 I WiVRn   : [2026-09-22 21:20:27.364] [WiVRn] [info] nxwarp[0] net: 0.012 ms per datagram over 11293 datagrams (65.75 ms of every second)
09-22 21:20:28.390 17643 29799 I WiVRn   : [2026-09-22 21:20:28.390] [WiVRn] [info] nxwarp[0]: LZ4 900 compressed / 0 raw units, 51940858 wire / 126331200 unpacked bytes, 83.306 ms total decompression
09-22 21:20:28.453 17643 29763 I WiVRn   : [2026-09-22 21:20:28.453] [WiVRn] [info] render: 179 iterations in 2.0 s (89.3/s), 179 submitted a layer, 177 new-source, 0 skipped by the repeat gate, 0 with nothing to show; display period 11.2 ms
09-22 21:20:28.453 17643 29763 I WiVRn   : [2026-09-22 21:20:28.453] [WiVRn] [info] render: source->first -62.8 ms | wire 1.1 | queue 0.3 | decode 0.1 | decode->selection 7.1 | selection->predicted 32.6 | sum -21.5 over 179 selected frames (0 invalid)
09-22 21:20:29.370 17643 29797 I WiVRn   : [2026-09-22 21:20:29.370] [WiVRn] [info] nxwarp[0] net: 180 frames closed in 2.0 s, 0 with a hole, 0 out-of-order datagrams, 0 frames completed late, 0 queued for the worker, 986 decoded so far, 1065 stragglers dropped; last hole 0/0 chunks, first missing -1, short false, chunk 1166 B; worker phase idle
09-22 21:20:29.370 17643 29797 I WiVRn   : [2026-09-22 21:20:29.370] [WiVRn] [info] nxwarp[0] net: 0.012 ms per datagram over 11118 datagrams (66.30 ms of every second)
09-22 21:20:30.398 17643 29799 I WiVRn   : [2026-09-22 21:20:30.398] [WiVRn] [info] nxwarp[0]: LZ4 1080 compressed / 0 raw units, 62195939 wire / 151597440 unpacked bytes, 102.294 ms total decompression
09-22 21:20:30.460 17643 29763 I WiVRn   : [2026-09-22 21:20:30.460] [WiVRn] [info] render: 180 iterations in 2.0 s (89.7/s), 180 submitted a layer, 179 new-source, 0 skipped by the repeat gate, 0 with nothing to show; display period 11.1 ms
09-22 21:20:30.460 17643 29763 I WiVRn   : [2026-09-22 21:20:30.460] [WiVRn] [info] render: source->first -63.0 ms | wire 1.1 | queue 0.3 | decode 0.1 | decode->selection 7.4 | selection->predicted 32.3 | sum -21.8 over 180 selected frames (0 invalid)
09-22 21:20:31.372 17643 29797 I WiVRn   : [2026-09-22 21:20:31.372] [WiVRn] [info] nxwarp[0] net: 180 frames closed in 2.0 s, 0 with a hole, 0 out-of-order datagrams, 0 frames completed late, 0 queued for the worker, 1166 decoded so far, 1245 stragglers dropped; last hole 0/0 chunks, first missing -1, short false, chunk 1166 B; worker phase idle
09-22 21:20:31.372 17643 29797 I WiVRn   : [2026-09-22 21:20:31.372] [WiVRn] [info] nxwarp[0] net: 0.013 ms per datagram over 9898 datagrams (62.30 ms of every second)
09-22 21:20:32.403 17643 29799 I WiVRn   : [2026-09-22 21:20:32.403] [WiVRn] [info] nxwarp[0]: LZ4 1260 compressed / 0 raw units, 71900516 wire / 176863680 unpacked bytes, 120.175 ms total decompression
09-22 21:20:32.465 17643 29763 I WiVRn   : [2026-09-22 21:20:32.465] [WiVRn] [info] render: 179 iterations in 2.0 s (89.3/s), 179 submitted a layer, 178 new-source, 0 skipped by the repeat gate, 0 with nothing to show; display period 11.2 ms
09-22 21:20:32.465 17643 29763 I WiVRn   : [2026-09-22 21:20:32.465] [WiVRn] [info] render: source->first -62.9 ms | wire 0.9 | queue 0.3 | decode 0.1 | decode->selection 7.6 | selection->predicted 32.0 | sum -21.9 over 179 selected frames (0 invalid)
09-22 21:20:33.382 17643 29797 I WiVRn   : [2026-09-22 21:20:33.382] [WiVRn] [info] nxwarp[0] net: 180 frames closed in 2.0 s, 0 with a hole, 0 out-of-order datagrams, 0 frames completed late, 0 queued for the worker, 1346 decoded so far, 1459 stragglers dropped; last hole 0/0 chunks, first missing -1, short false, chunk 1166 B; worker phase idle
09-22 21:20:33.382 17643 29797 I WiVRn   : [2026-09-22 21:20:33.382] [WiVRn] [info] nxwarp[0] net: 0.013 ms per datagram over 10142 datagrams (63.84 ms of every second)
09-22 21:20:34.408 17643 29799 I WiVRn   : [2026-09-22 21:20:34.408] [WiVRn] [info] nxwarp[0]: LZ4 1440 compressed / 0 raw units, 82338550 wire / 202129920 unpacked bytes, 139.099 ms total decompression
09-22 21:20:34.470 17643 29763 I WiVRn   : [2026-09-22 21:20:34.470] [WiVRn] [info] render: 179 iterations in 2.0 s (89.3/s), 179 submitted a layer, 176 new-source, 0 skipped by the repeat gate, 0 with nothing to show; display period 11.2 ms
09-22 21:20:34.470 17643 29763 I WiVRn   : [2026-09-22 21:20:34.470] [WiVRn] [info] render: source->first -62.1 ms | wire 1.1 | queue 0.3 | decode 0.1 | decode->selection 6.9 | selection->predicted 31.8 | sum -21.7 over 179 selected frames (0 invalid)
09-22 21:20:35.385 17643 29797 I WiVRn   : [2026-09-22 21:20:35.385] [WiVRn] [info] nxwarp[0] net: 180 frames closed in 2.0 s, 0 with a hole, 0 out-of-order datagrams, 0 frames completed late, 0 queued for the worker, 1526 decoded so far, 1645 stragglers dropped; last hole 0/0 chunks, first missing -1, short false, chunk 1166 B; worker phase idle
09-22 21:20:35.386 17643 29797 I WiVRn   : [2026-09-22 21:20:35.386] [WiVRn] [info] nxwarp[0] net: 0.012 ms per datagram over 11053 datagrams (66.53 ms of every second)
09-22 21:20:36.411 17643 29799 I WiVRn   : [2026-09-22 21:20:36.411] [WiVRn] [info] nxwarp[0]: LZ4 1620 compressed / 0 raw units, 93166093 wire / 227396160 unpacked bytes, 158.272 ms total decompression
09-22 21:20:36.475 17643 29763 I WiVRn   : [2026-09-22 21:20:36.475] [WiVRn] [info] render: 180 iterations in 2.0 s (89.8/s), 180 submitted a layer, 178 new-source, 0 skipped by the repeat gate, 0 with nothing to show; display period 11.1 ms
09-22 21:20:36.475 17643 29763 I WiVRn   : [2026-09-22 21:20:36.475] [WiVRn] [info] render: source->first -62.3 ms | wire 1.5 | queue 0.3 | decode 0.1 | decode->selection 6.9 | selection->predicted 31.6 | sum -21.8 over 180 selected frames (0 invalid)
09-22 21:20:37.393 17643 29797 I WiVRn   : [2026-09-22 21:20:37.393] [WiVRn] [info] nxwarp[0] net: 180 frames closed in 2.0 s, 0 with a hole, 0 out-of-order datagrams, 0 frames completed late, 0 queued for the worker, 1706 decoded so far, 1825 stragglers dropped; last hole 0/0 chunks, first missing -1, short false, chunk 1166 B; worker phase idle
09-22 21:20:37.393 17643 29797 I WiVRn   : [2026-09-22 21:20:37.393] [WiVRn] [info] nxwarp[0] net: 0.012 ms per datagram over 11269 datagrams (67.73 ms of every second)
09-22 21:20:38.416 17643 29799 I WiVRn   : [2026-09-22 21:20:38.416] [WiVRn] [info] nxwarp[0]: LZ4 1800 compressed / 0 raw units, 103942909 wire / 252662400 unpacked bytes, 177.749 ms total decompression
09-22 21:20:38.480 17643 29763 I WiVRn   : [2026-09-22 21:20:38.480] [WiVRn] [info] render: 179 iterations in 2.0 s (89.3/s), 179 submitted a layer, 177 new-source, 0 skipped by the repeat gate, 0 with nothing to show; display period 11.2 ms
09-22 21:20:38.480 17643 29763 I WiVRn   : [2026-09-22 21:20:38.480] [WiVRn] [info] render: source->first -61.7 ms | wire 1.3 | queue 0.3 | decode 0.1 | decode->selection 6.8 | selection->predicted 31.6 | sum -21.6 over 179 selected frames (0 invalid)
09-22 21:20:39.397 17643 29797 I WiVRn   : [2026-09-22 21:20:39.397] [WiVRn] [info] nxwarp[0] net: 180 frames closed in 2.0 s, 0 with a hole, 0 out-of-order datagrams, 0 frames completed late, 0 queued for the worker, 1886 decoded so far, 2058 stragglers dropped; last hole 0/0 chunks, first missing -1, short false, chunk 1166 B; worker phase idle
09-22 21:20:39.397 17643 29797 I WiVRn   : [2026-09-22 21:20:39.397] [WiVRn] [info] nxwarp[0] net: 0.012 ms per datagram over 10566 datagrams (65.44 ms of every second)
09-22 21:20:40.421 17643 29799 I WiVRn   : [2026-09-22 21:20:40.421] [WiVRn] [info] nxwarp[0]: LZ4 1980 compressed / 0 raw units, 113980672 wire / 277928640 unpacked bytes, 196.384 ms total decompression
09-22 21:20:40.485 17643 29763 I WiVRn   : [2026-09-22 21:20:40.485] [WiVRn] [info] render: 179 iterations in 2.0 s (89.3/s), 179 submitted a layer, 177 new-source, 0 skipped by the repeat gate, 0 with nothing to show; display period 11.2 ms
09-22 21:20:40.485 17643 29763 I WiVRn   : [2026-09-22 21:20:40.485] [WiVRn] [info] render: source->first -62.4 ms | wire 1.1 | queue 0.3 | decode 0.1 | decode->selection 7.5 | selection->predicted 31.5 | sum -21.8 over 179 selected frames (0 invalid)
09-22 21:20:41.402 17643 29797 I WiVRn   : [2026-09-22 21:20:41.402] [WiVRn] [info] nxwarp[0] net: 180 frames closed in 2.0 s, 0 with a hole, 0 out-of-order datagrams, 0 frames completed late, 0 queued for the worker, 2066 decoded so far, 2238 stragglers dropped; last hole 0/0 chunks, first missing -1, short false, chunk 1166 B; worker phase idle
09-22 21:20:41.402 17643 29797 I WiVRn   : [2026-09-22 21:20:41.402] [WiVRn] [info] nxwarp[0] net: 0.013 ms per datagram over 10051 datagrams (63.31 ms of every second)
