09-22 21:24:59.073 17648 31491 I WiVRn   : [2026-09-22 21:24:59.073] [WiVRn] [info] nxwarp[0]: LZ4 envelope true
09-22 21:24:59.073 17648 31491 I WiVRn   : [2026-09-22 21:24:59.073] [WiVRn] [info] nxwarp[0]: partial direct recovery false (at most 10% retained tiles, history at most 50 ms, stable-neighbor guard)
09-22 21:24:59.131 17648 31453 I WiVRn   : [2026-09-22 21:24:59.131] [WiVRn] [info] render: 1 iterations in 2.1 s (0.5/s), 1 submitted a layer, 1 new-source, 0 skipped by the repeat gate, 0 with nothing to show; display period 11.1 ms
09-22 21:24:59.131 17648 31453 I WiVRn   : [2026-09-22 21:24:59.131] [WiVRn] [info] render: source->first 3.2 ms | wire 2.3 | queue 0.4 | decode 0.3 | decode->selection 1.6 | selection->predicted 31.1 | sum 38.8 over 1 selected frames (0 invalid)
09-22 21:25:00.051 17648 31491 I WiVRn   : [2026-09-22 21:25:00.051] [WiVRn] [info] nxwarp[0] net: 88 frames closed in 2.0 s, 0 with a hole, 0 out-of-order datagrams, 0 frames completed late, 0 queued for the worker, 87 decoded so far, 143 stragglers dropped; last hole 0/0 chunks, first missing -1, short false, chunk 1166 B; worker phase idle
09-22 21:25:00.051 17648 31491 I WiVRn   : [2026-09-22 21:25:00.051] [WiVRn] [info] nxwarp[0] net: 0.008 ms per datagram over 10291 datagrams (40.31 ms of every second)
09-22 21:25:01.089 17648 31493 I WiVRn   : [2026-09-22 21:25:01.089] [WiVRn] [info] nxwarp[0]: LZ4 180 compressed / 0 raw units, 20722357 wire / 85141440 unpacked bytes, 40.721 ms total decompression
09-22 21:25:01.123 17648 31453 I WiVRn   : [2026-09-22 21:25:01.123] [WiVRn] [info] render: 173 iterations in 2.0 s (86.4/s), 173 submitted a layer, 150 new-source, 0 skipped by the repeat gate, 0 with nothing to show; display period 11.6 ms
09-22 21:25:01.123 17648 31453 I WiVRn   : [2026-09-22 21:25:01.123] [WiVRn] [info] render: source->first -37.0 ms | wire 3.2 | queue 0.3 | decode 0.3 | decode->selection 5.6 | selection->predicted 35.2 | sum 7.6 over 173 selected frames (0 invalid)
09-22 21:25:02.054 17648 31491 I WiVRn   : [2026-09-22 21:25:02.054] [WiVRn] [info] nxwarp[0] net: 178 frames closed in 2.0 s, 0 with a hole, 0 out-of-order datagrams, 0 frames completed late, 0 queued for the worker, 265 decoded so far, 371 stragglers dropped; last hole 0/0 chunks, first missing -1, short false, chunk 1166 B; worker phase idle
09-22 21:25:02.054 17648 31491 I WiVRn   : [2026-09-22 21:25:02.054] [WiVRn] [info] nxwarp[0] net: 0.008 ms per datagram over 20727 datagrams (85.61 ms of every second)
09-22 21:25:03.093 17648 31493 I WiVRn   : [2026-09-22 21:25:03.093] [WiVRn] [info] nxwarp[0]: LZ4 360 compressed / 0 raw units, 41165761 wire / 170282880 unpacked bytes, 79.846 ms total decompression
09-22 21:25:03.127 17648 31453 I WiVRn   : [2026-09-22 21:25:03.127] [WiVRn] [info] render: 179 iterations in 2.0 s (89.3/s), 179 submitted a layer, 168 new-source, 0 skipped by the repeat gate, 0 with nothing to show; display period 11.1 ms
09-22 21:25:03.127 17648 31453 I WiVRn   : [2026-09-22 21:25:03.127] [WiVRn] [info] render: source->first -56.7 ms | wire 2.6 | queue 0.3 | decode 0.3 | decode->selection 6.1 | selection->predicted 35.6 | sum -11.8 over 179 selected frames (0 invalid)
09-22 21:25:04.064 17648 31491 I WiVRn   : [2026-09-22 21:25:04.064] [WiVRn] [info] nxwarp[0] net: 181 frames closed in 2.0 s, 0 with a hole, 0 out-of-order datagrams, 0 frames completed late, 0 queued for the worker, 446 decoded so far, 626 stragglers dropped; last hole 0/0 chunks, first missing -1, short false, chunk 1166 B; worker phase idle
09-22 21:25:04.064 17648 31491 I WiVRn   : [2026-09-22 21:25:04.064] [WiVRn] [info] nxwarp[0] net: 0.008 ms per datagram over 21219 datagrams (82.60 ms of every second)
09-22 21:25:05.094 17648 31493 I WiVRn   : [2026-09-22 21:25:05.094] [WiVRn] [info] nxwarp[0]: LZ4 540 compressed / 0 raw units, 62021073 wire / 255424320 unpacked bytes, 118.996 ms total decompression
09-22 21:25:05.132 17648 31453 I WiVRn   : [2026-09-22 21:25:05.132] [WiVRn] [info] render: 180 iterations in 2.0 s (89.8/s), 180 submitted a layer, 164 new-source, 0 skipped by the repeat gate, 0 with nothing to show; display period 11.2 ms
09-22 21:25:05.132 17648 31453 I WiVRn   : [2026-09-22 21:25:05.132] [WiVRn] [info] render: source->first -59.7 ms | wire 3.0 | queue 0.3 | decode 0.3 | decode->selection 7.2 | selection->predicted 36.0 | sum -12.8 over 180 selected frames (0 invalid)
09-22 21:25:06.067 17648 31491 I WiVRn   : [2026-09-22 21:25:06.067] [WiVRn] [info] nxwarp[0] net: 180 frames closed in 2.0 s, 0 with a hole, 0 out-of-order datagrams, 0 frames completed late, 0 queued for the worker, 626 decoded so far, 883 stragglers dropped; last hole 0/0 chunks, first missing -1, short false, chunk 1166 B; worker phase idle
09-22 21:25:06.067 17648 31491 I WiVRn   : [2026-09-22 21:25:06.067] [WiVRn] [info] nxwarp[0] net: 0.008 ms per datagram over 21374 datagrams (84.76 ms of every second)
09-22 21:25:07.102 17648 31493 I WiVRn   : [2026-09-22 21:25:07.102] [WiVRn] [info] nxwarp[0]: LZ4 720 compressed / 0 raw units, 83610007 wire / 340565760 unpacked bytes, 164.450 ms total decompression
09-22 21:25:07.137 17648 31453 I WiVRn   : [2026-09-22 21:25:07.137] [WiVRn] [info] render: 179 iterations in 2.0 s (89.3/s), 179 submitted a layer, 169 new-source, 0 skipped by the repeat gate, 0 with nothing to show; display period 11.2 ms
09-22 21:25:07.137 17648 31453 I WiVRn   : [2026-09-22 21:25:07.137] [WiVRn] [info] render: source->first -63.6 ms | wire 3.1 | queue 0.3 | decode 0.3 | decode->selection 3.8 | selection->predicted 35.6 | sum -20.4 over 179 selected frames (0 invalid)
09-22 21:25:08.068 17648 31491 I WiVRn   : [2026-09-22 21:25:08.068] [WiVRn] [info] nxwarp[0] net: 180 frames closed in 2.0 s, 0 with a hole, 0 out-of-order datagrams, 0 frames completed late, 0 queued for the worker, 806 decoded so far, 1063 stragglers dropped; last hole 0/0 chunks, first missing -1, short false, chunk 1166 B; worker phase idle
09-22 21:25:08.068 17648 31491 I WiVRn   : [2026-09-22 21:25:08.068] [WiVRn] [info] nxwarp[0] net: 0.009 ms per datagram over 22762 datagrams (102.03 ms of every second)
09-22 21:25:09.115 17648 31493 I WiVRn   : [2026-09-22 21:25:09.115] [WiVRn] [info] nxwarp[0]: LZ4 900 compressed / 0 raw units, 106063421 wire / 425707200 unpacked bytes, 216.249 ms total decompression
09-22 21:25:09.142 17648 31453 I WiVRn   : [2026-09-22 21:25:09.142] [WiVRn] [info] render: 179 iterations in 2.0 s (89.3/s), 179 submitted a layer, 176 new-source, 0 skipped by the repeat gate, 0 with nothing to show; display period 11.2 ms
09-22 21:25:09.142 17648 31453 I WiVRn   : [2026-09-22 21:25:09.142] [WiVRn] [info] render: source->first -63.1 ms | wire 3.3 | queue 0.4 | decode 0.4 | decode->selection 3.1 | selection->predicted 34.7 | sum -21.1 over 179 selected frames (0 invalid)
09-22 21:25:10.078 17648 31491 I WiVRn   : [2026-09-22 21:25:10.078] [WiVRn] [info] nxwarp[0] net: 179 frames closed in 2.0 s, 0 with a hole, 0 out-of-order datagrams, 0 frames completed late, 0 queued for the worker, 985 decoded so far, 1258 stragglers dropped; last hole 0/0 chunks, first missing -1, short false, chunk 1166 B; worker phase idle
09-22 21:25:10.078 17648 31491 I WiVRn   : [2026-09-22 21:25:10.078] [WiVRn] [info] nxwarp[0] net: 0.009 ms per datagram over 22327 datagrams (103.44 ms of every second)
09-22 21:25:11.127 17648 31493 I WiVRn   : [2026-09-22 21:25:11.127] [WiVRn] [info] nxwarp[0]: LZ4 1080 compressed / 0 raw units, 127067340 wire / 510848640 unpacked bytes, 265.771 ms total decompression
09-22 21:25:11.148 17648 31453 I WiVRn   : [2026-09-22 21:25:11.148] [WiVRn] [info] render: 180 iterations in 2.0 s (89.7/s), 180 submitted a layer, 156 new-source, 0 skipped by the repeat gate, 0 with nothing to show; display period 11.1 ms
09-22 21:25:11.148 17648 31453 I WiVRn   : [2026-09-22 21:25:11.148] [WiVRn] [info] render: source->first -58.9 ms | wire 2.8 | queue 0.4 | decode 0.3 | decode->selection 6.4 | selection->predicted 34.5 | sum -14.6 over 180 selected frames (0 invalid)
09-22 21:25:12.088 17648 31491 I WiVRn   : [2026-09-22 21:25:12.088] [WiVRn] [info] nxwarp[0] net: 181 frames closed in 2.0 s, 0 with a hole, 0 out-of-order datagrams, 0 frames completed late, 0 queued for the worker, 1166 decoded so far, 1496 stragglers dropped; last hole 0/0 chunks, first missing -1, short false, chunk 1166 B; worker phase idle
09-22 21:25:12.088 17648 31491 I WiVRn   : [2026-09-22 21:25:12.088] [WiVRn] [info] nxwarp[0] net: 0.010 ms per datagram over 21007 datagrams (99.31 ms of every second)
09-22 21:25:13.133 17648 31493 I WiVRn   : [2026-09-22 21:25:13.133] [WiVRn] [info] nxwarp[0]: LZ4 1260 compressed / 0 raw units, 147367432 wire / 595990080 unpacked bytes, 313.168 ms total decompression
09-22 21:25:13.153 17648 31453 I WiVRn   : [2026-09-22 21:25:13.153] [WiVRn] [info] render: 179 iterations in 2.0 s (89.3/s), 179 submitted a layer, 172 new-source, 0 skipped by the repeat gate, 0 with nothing to show; display period 11.2 ms
09-22 21:25:13.153 17648 31453 I WiVRn   : [2026-09-22 21:25:13.153] [WiVRn] [info] render: source->first -61.1 ms | wire 3.1 | queue 0.4 | decode 0.3 | decode->selection 6.2 | selection->predicted 34.8 | sum -16.4 over 179 selected frames (0 invalid)
09-22 21:25:14.099 17648 31491 I WiVRn   : [2026-09-22 21:25:14.099] [WiVRn] [info] nxwarp[0] net: 180 frames closed in 2.0 s, 0 with a hole, 0 out-of-order datagrams, 0 frames completed late, 0 queued for the worker, 1346 decoded so far, 1676 stragglers dropped; last hole 0/0 chunks, first missing -1, short false, chunk 1166 B; worker phase idle
09-22 21:25:14.099 17648 31491 I WiVRn   : [2026-09-22 21:25:14.099] [WiVRn] [info] nxwarp[0] net: 0.010 ms per datagram over 20758 datagrams (98.63 ms of every second)
09-22 21:25:15.136 17648 31493 I WiVRn   : [2026-09-22 21:25:15.136] [WiVRn] [info] nxwarp[0]: LZ4 1440 compressed / 0 raw units, 167573965 wire / 681131520 unpacked bytes, 359.950 ms total decompression
09-22 21:25:15.158 17648 31453 I WiVRn   : [2026-09-22 21:25:15.158] [WiVRn] [info] render: 179 iterations in 2.0 s (89.3/s), 179 submitted a layer, 149 new-source, 0 skipped by the repeat gate, 0 with nothing to show; display period 11.2 ms
09-22 21:25:15.158 17648 31453 I WiVRn   : [2026-09-22 21:25:15.158] [WiVRn] [info] render: source->first -58.2 ms | wire 2.7 | queue 0.4 | decode 0.3 | decode->selection 6.8 | selection->predicted 34.5 | sum -13.5 over 179 selected frames (0 invalid)
09-22 21:25:16.104 17648 31491 I WiVRn   : [2026-09-22 21:25:16.104] [WiVRn] [info] nxwarp[0] net: 180 frames closed in 2.0 s, 0 with a hole, 0 out-of-order datagrams, 0 frames completed late, 0 queued for the worker, 1526 decoded so far, 1871 stragglers dropped; last hole 0/0 chunks, first missing -1, short false, chunk 1166 B; worker phase idle
09-22 21:25:16.104 17648 31491 I WiVRn   : [2026-09-22 21:25:16.104] [WiVRn] [info] nxwarp[0] net: 0.009 ms per datagram over 20951 datagrams (98.69 ms of every second)
09-22 21:25:17.141 17648 31493 I WiVRn   : [2026-09-22 21:25:17.141] [WiVRn] [info] nxwarp[0]: LZ4 1620 compressed / 0 raw units, 188794679 wire / 766272960 unpacked bytes, 409.075 ms total decompression
09-22 21:25:17.163 17648 31453 I WiVRn   : [2026-09-22 21:25:17.163] [WiVRn] [info] render: 180 iterations in 2.0 s (89.8/s), 180 submitted a layer, 153 new-source, 0 skipped by the repeat gate, 0 with nothing to show; display period 11.1 ms
09-22 21:25:17.163 17648 31453 I WiVRn   : [2026-09-22 21:25:17.163] [WiVRn] [info] render: source->first -58.9 ms | wire 2.9 | queue 0.4 | decode 0.3 | decode->selection 7.0 | selection->predicted 34.3 | sum -14.1 over 180 selected frames (0 invalid)
09-22 21:25:18.112 17648 31491 I WiVRn   : [2026-09-22 21:25:18.112] [WiVRn] [info] nxwarp[0] net: 180 frames closed in 2.0 s, 0 with a hole, 0 out-of-order datagrams, 0 frames completed late, 0 queued for the worker, 1706 decoded so far, 2051 stragglers dropped; last hole 0/0 chunks, first missing -1, short false, chunk 1166 B; worker phase idle
09-22 21:25:18.112 17648 31491 I WiVRn   : [2026-09-22 21:25:18.112] [WiVRn] [info] nxwarp[0] net: 0.009 ms per datagram over 22288 datagrams (103.06 ms of every second)
09-22 21:25:19.144 17648 31493 I WiVRn   : [2026-09-22 21:25:19.144] [WiVRn] [info] nxwarp[0]: LZ4 1800 compressed / 0 raw units, 210232174 wire / 851414400 unpacked bytes, 459.461 ms total decompression
09-22 21:25:19.169 17648 31453 I WiVRn   : [2026-09-22 21:25:19.168] [WiVRn] [info] render: 179 iterations in 2.0 s (89.3/s), 179 submitted a layer, 156 new-source, 0 skipped by the repeat gate, 0 with nothing to show; display period 11.2 ms
09-22 21:25:19.169 17648 31453 I WiVRn   : [2026-09-22 21:25:19.169] [WiVRn] [info] render: source->first -58.7 ms | wire 2.6 | queue 0.4 | decode 0.4 | decode->selection 5.9 | selection->predicted 34.0 | sum -15.4 over 179 selected frames (0 invalid)
09-22 21:25:20.115 17648 31491 I WiVRn   : [2026-09-22 21:25:20.114] [WiVRn] [info] nxwarp[0] net: 180 frames closed in 2.0 s, 0 with a hole, 0 out-of-order datagrams, 0 frames completed late, 0 queued for the worker, 1886 decoded so far, 2284 stragglers dropped; last hole 0/0 chunks, first missing -1, short false, chunk 1166 B; worker phase idle
09-22 21:25:20.115 17648 31491 I WiVRn   : [2026-09-22 21:25:20.115] [WiVRn] [info] nxwarp[0] net: 0.009 ms per datagram over 21424 datagrams (100.93 ms of every second)
09-22 21:25:21.150 17648 31493 I WiVRn   : [2026-09-22 21:25:21.150] [WiVRn] [info] nxwarp[0]: LZ4 1980 compressed / 0 raw units, 231049262 wire / 936555840 unpacked bytes, 509.414 ms total decompression
09-22 21:25:21.174 17648 31453 I WiVRn   : [2026-09-22 21:25:21.174] [WiVRn] [info] render: 179 iterations in 2.0 s (89.3/s), 179 submitted a layer, 161 new-source, 0 skipped by the repeat gate, 0 with nothing to show; display period 11.2 ms
09-22 21:25:21.174 17648 31453 I WiVRn   : [2026-09-22 21:25:21.174] [WiVRn] [info] render: source->first -58.7 ms | wire 2.7 | queue 0.4 | decode 0.4 | decode->selection 6.8 | selection->predicted 33.8 | sum -14.7 over 179 selected frames (0 invalid)
09-22 21:25:22.130 17648 31491 I WiVRn   : [2026-09-22 21:25:22.130] [WiVRn] [info] nxwarp[0] net: 180 frames closed in 2.0 s, 0 with a hole, 0 out-of-order datagrams, 0 frames completed late, 0 queued for the worker, 2066 decoded so far, 2617 stragglers dropped; last hole 0/0 chunks, first missing -1, short false, chunk 1166 B; worker phase idle
09-22 21:25:22.130 17648 31491 I WiVRn   : [2026-09-22 21:25:22.130] [WiVRn] [info] nxwarp[0] net: 0.010 ms per datagram over 21273 datagrams (100.54 ms of every second)
