 WARN [on_control_send_error] Primary control socket failed: Socket shutdown
 WARN [run_net] Exception in network thread: Socket shutdown, Session paused.
 INFO [reconnect] Waiting for new connection
No longer listening for secondary paths
 INFO [quit_if_no_client] No OpenXR client connected, exiting
 INFO [multi_main_loop] Already stopped, nothing to clean up.
 INFO [mic_state_changed] Microphone state changed from PW_STREAM_STATE_PAUSED to PW_STREAM_STATE_UNCONNECTED
 WARN [mic_state_changed] failed to update microphone state: Broken pipe
 INFO [ipc_server_main_common] Server exiting: '0'
Server exited, exit status 0
Client connected
Server started, PID 3000032
 INFO [ipc_server_main_common] WiVRn 'nx-atlas-live-920ac878-dirty' starting up...
Setting the OpenVR compatibility library to /opt/xrizer
Listening for secondary paths on port 9757
 INFO [vk_bundle] Vulkan instance created:
	GPU: AMD Radeon RX 7900 XTX (RADV NAVI31)
	queue families: 1 3 1 (main, encode, transfer)

 INFO [get_encoder_settings] nxwarp: both eyes on stream 0 as one 4352x2176 stereo frame (2312 tiles), stream 1 has no encoder
 INFO [compositor] compositor: lens mask on, margin 1 tile; the foveation pass flattens what it covers (0 of 0 tiles per eye so far)
 INFO [comp_vulkan_formats_log] Supported formats:
	VK_FORMAT_R16G16B16A16_UNORM: true
	VK_FORMAT_R16G16B16A16_SFLOAT: true
	VK_FORMAT_R16G16B16_UNORM: false
	VK_FORMAT_R16G16B16_SFLOAT: false
	VK_FORMAT_R8G8B8A8_SRGB: true
	VK_FORMAT_B8G8R8A8_SRGB: true
	VK_FORMAT_R8G8B8_SRGB: false
	VK_FORMAT_R8G8B8A8_UNORM: true
	VK_FORMAT_B8G8R8A8_UNORM: true
	VK_FORMAT_R8G8B8_UNORM: false
	VK_FORMAT_B8G8R8_UNORM: false
	VK_FORMAT_R5G6B5_UNORM_PACK16: true
	VK_FORMAT_R32_SFLOAT: true
	VK_FORMAT_D32_SFLOAT: true
	VK_FORMAT_D16_UNORM: true
	VK_FORMAT_X8_D24_UNORM_PACK32: false
	VK_FORMAT_D24_UNORM_S8_UINT: false
	VK_FORMAT_D32_SFLOAT_S8_UINT: true
	VK_FORMAT_S8_UINT: true
 INFO [print_encoders] Encoder configuration:
	* nxwarp (nxwarp 8-bit)
	  size: 2176x2176
	  bitrate: 85.8Mbit/s
	* nxwarp (nxwarp 8-bit)
	  size: 2176x1088
	  bitrate: 2.1Mbit/s
 INFO [video_encoder_nxwarp] nxwarp: "planar-gpu-centre" enabled (mixed centre/periphery stream)
 INFO [video_encoder_nxwarp] nxwarp: "entropy": "auto" -> lite (the headset advertises ENTROPY_LITE)
 INFO [video_encoder_nxwarp] nxwarp: "snap-identity": 16/16 sample (still tiles become a copy on the headset; error bounded by 0.50 sample)
 INFO [video_encoder_nxwarp] nxwarp: "planar": "prefer" (nxvc tool bit 35)
 INFO [video_encoder_nxwarp] nxwarp: stream 0 tools 0x842200c05 (INTRA_DC_PLANE RES_LEVEL INTER WARP CTX_V2 CTX_V3 ENTROPY_LITE bit35), headset 0xdf77a1fff -- negotiated
 INFO [video_encoder_nxwarp] nxwarp: stream 0 backend: nxvc_vk_encoder GPU compute encoder, nxvc_vk_encoder (E0/E3/E4/E5, intra only) (68x34 tiles, intra only, one QP per frame), reading the compositor image directly
 INFO [video_encoder_nxwarp] nxwarp: stream 0 2176x2176, nxvc_vk_encoder GPU compute encoder, nxvc_vk_encoder (E0/E3/E4/E5, intra only) (68x34 tiles, intra only, one QP per frame), rate control from QP 28 in 22..40 at 90 Hz, send pacing follows the headset's decode cost, 15..90 fps, 68x34 tiles in 6 band(s), 1166 bytes per transport tile
 INFO [video_encoder_nxwarp] nxwarp: "planar-gpu-centre" enabled (mixed centre/periphery stream)
 INFO [video_encoder_nxwarp] nxwarp: "entropy": "auto" -> lite (the headset advertises ENTROPY_LITE)
 INFO [video_encoder_nxwarp] nxwarp: "snap-identity": 16/16 sample (still tiles become a copy on the headset; error bounded by 0.50 sample)
 INFO [video_encoder_nxwarp] nxwarp: "planar": "prefer" (nxvc tool bit 35)
 INFO [video_encoder_nxwarp] nxwarp: stream 2 tools 0x842200c05 (INTRA_DC_PLANE RES_LEVEL INTER WARP CTX_V2 CTX_V3 ENTROPY_LITE bit35), headset 0xdf77a1fff -- negotiated
 INFO [video_encoder_nxwarp] nxwarp: stream 2 backend: nxvc_vk_encoder GPU compute encoder, nxvc_vk_encoder (E0/E3/E4/E5, intra only) (34x17 tiles, intra only, one QP per frame), reading the compositor image directly
 INFO [video_encoder_nxwarp] nxwarp: stream 2 2176x1088, nxvc_vk_encoder GPU compute encoder, nxvc_vk_encoder (E0/E3/E4/E5, intra only) (34x17 tiles, intra only, one QP per frame), rate control from QP 28 in 22..40 at 90 Hz, send pacing follows the headset's decode cost, 15..90 fps, 34x17 tiles in 3 band(s), 1166 bytes per transport tile
 INFO [wivrn_hmd] edge bleed: rendering 5.0% overscan, 1.35 deg left / 1.35 deg up on eye 0 (same encoded size, so about 4.8% less sharp)
 INFO [pipewire_device] pipewire speaker stream created (quantum: 240 frames, 5.00 ms)
 INFO [mic_state_changed] Microphone state changed from PW_STREAM_STATE_UNCONNECTED to PW_STREAM_STATE_CONNECTING
 INFO [pipewire_device] pipewire microphone stream created (quantum: 240 frames, 5.00 ms)
 INFO [configure] Automatic bitrate enabled, AIMD (v1), ceiling 88.0 Mbit/s, floor 10.0 Mbit/s, radio trend on
 INFO [set_pacing] Packet pacing enabled, spreading each frame over 40% of a frame period
 INFO [apply_qos] Wi-Fi QoS marks enabled (video AF41 / AC_VI, control EF / AC_VO)
 INFO [set_fec] Forward error correction enabled, one parity shard per 8 video shards
 INFO [set_fec_adaptive] Adaptive error correction enabled, parity ratio between 16+1 and 4+1 with interleaved groups
 INFO [set_shard_retransmit] Shard retransmission enabled, keeping 1024 kB of recently sent shards per stream
 WARN [check_socket_path] path not found: /run/user/1000/SlimeVRRpc
 WARN [check_socket_path] path not found: /run/user/1000/.flatpak/dev.slimevr.SlimeVR/xdg-run/SlimeVRRpc
 WARN [check_socket_path] path not found: /home/nerdrx/.local/share/dev.slimevr.SlimeVR/SlimeVRRpc
ERROR [solarxr_ipc_socket_find] failed to resolve socket path
 INFO [u_linux_try_to_set_realtime_priority_on_thread] Raised priority of thread 'Multi Client Module' to policy: 'SCHED_FIFO', priority: '99'
 INFO [operator()] Session state changed: XR_SESSION_STATE_VISIBLE
 INFO [reset_stream] nxwarp: stream 0 resumed for a new client: transport sequence restarted, stream header resent, next frame coded without a reference
 INFO [reset_stream] nxwarp: stream 2 resumed for a new client: transport sequence restarted, stream header resent, next frame coded without a reference
 INFO [mic_state_changed] Microphone state changed from PW_STREAM_STATE_CONNECTING to PW_STREAM_STATE_PAUSED
 INFO [operator()] Updating interaction profiles: from 
	XRT_DEVICE_TOUCH_CONTROLLER (left)  to XRT_DEVICE_EXT_HAND_INTERACTION
	XRT_DEVICE_TOUCH_CONTROLLER (right) to XRT_DEVICE_EXT_HAND_INTERACTION

 INFO [client_connected] Client 1 connected
 INFO [ipc_handle_instance_describe_client] Client info:
	id: 1
	application_name: 'HelloXR'
	pid: 3000333
	extensions:
		ext_hand_tracking_enabled: false
		ext_hand_tracking_data_source_enabled: false
		ext_eye_gaze_interaction_enabled: false
		ext_future_enabled: false
		ext_hand_interaction_enabled: false
		htc_facial_tracking_enabled: false
		fb_body_tracking_enabled: false
		meta_body_tracking_full_body_enabled: false
		meta_body_tracking_calibration_enabled: false
		meta_body_tracking_fidelity_enabled: false
		fb_face_tracking2_enabled: false
		android_face_tracking_enabled: false
 INFO [update_session_state_locked] Started native session, 1 active app session(s).
 INFO [get_view_poses] geometry[eye 0]: panel fov L-51.99 R51.99 U51.99 D-51.99 -> rendered fov L-53.34 R53.34 U53.34 D-53.34 deg (overscan 0.050)
 INFO [get_view_poses] geometry[eye 1]: panel fov L-51.99 R51.99 U51.99 D-51.99 -> rendered fov L-53.34 R53.34 U53.34 D-53.34 deg (overscan 0.050)
 INFO [update_lens_mask] nxwarp: stream 0 lens mask: 111 of 1156 tiles per eye masked (margin 1 tile, fov -53.3/53.3/53.3/-53.3 deg); flattened only: this backend has no skip-map input, so the tiles are coded as whatever the mode search makes of a constant grey
 INFO [encode] nxwarp: stream 0 rate control on: 76314363 bit/s is 105992 B/frame at 90 Hz, QP band 22..40
 INFO [encode] nxwarp: stream 0 stereo compose 0.000 ms/frame (max 0.000), 0.0% of the 1.9 ms encode
 INFO [encode] nxwarp: stream 0 encoded 1 frames in 2.4 s: 1.9 ms/frame (max 1.9), 83056 B/frame at fixed QP 28, paced to 90.0 fps (client decode not reported yet), 0 composited frame(s) not sent
 INFO [layer_commit] geometry[eye 0]: layer fov (what the app rendered, and what goes on the wire) L-53.34 R53.34 U53.34 D-53.34 deg
 INFO [layer_commit] geometry[eye 1]: layer fov (what the app rendered, and what goes on the wire) L-53.34 R53.34 U53.34 D-53.34 deg
 INFO [encode] nxwarp: stream 0 stereo compose 0.000 ms/frame (max 0.000), 0.0% of the 2.2 ms encode
 INFO [encode] nxwarp: stream 0 encoded 136 frames in 2.0 s: 2.2 ms/frame (max 2.9), 126303 B/frame vs 105992 target (+19%), QP 37.2 [25..40], controller allows 76.3 Mbit/s (at max QP), paced to 69.3 fps (client decode 12.4 ms), 45 composited frame(s) not sent, binding: bytes (decode 12.4 of 11.5 ms budget, floor +40)
 INFO [encode] nxwarp: stream 0 tile mapping: 133 frame(s) with per-tile spans, 3 with the fixed-chunk fallback ("tile-map": "auto")
 INFO [encode] nxwarp: stream 0 the headset did not reconstruct 82 frame(s) since the last report; 82 of them cost an all-intra frame and 0 named a frame older than one already coded intra and cost nothing. Last was frame 130, dropped by the worker backlog
 INFO [run_decode_rate_control] nxwarp: stream 0 decode 12.1 ms is over the 11.7 ms budget but 2 quantiser steps moved it less than 3%: holding the floor at +38 and releasing it. The decode is not paying for bits here (coded tiles 100% of the frame).
 WARN [run_rate_control] nxwarp: stream 0 cannot reach its bitrate ceiling: at max QP 40 the frames are 145926 B and the ceiling allows 105992 B (76314363 bit/s at the 90.0 fps this stream is budgeted at, 90 Hz composited). This is the smallest frame this quantiser can make of this picture — raise the ceiling, lower the resolution, or raise "max-qp"
 INFO [encode] nxwarp: stream 0 stereo compose 0.000 ms/frame (max 0.000), 0.0% of the 2.7 ms encode
 INFO [encode] nxwarp: stream 0 encoded 169 frames in 2.0 s: 2.7 ms/frame (max 3.1), 135757 B/frame vs 107486 target (+26%), QP 40.0 [40..40], controller allows 76.3 Mbit/s (CEILING UNREACHABLE, pinned at max QP), paced to 59.9 fps (client decode 13.2 ms), 11 composited frame(s) not sent, binding: bytes (decode 13.2 of 13.5 ms budget, floor +23)
 INFO [encode] nxwarp: stream 0 tile mapping: 102 frame(s) with per-tile spans, 67 with the fixed-chunk fallback ("tile-map": "auto")
 INFO [encode] nxwarp: stream 0 the headset did not reconstruct 17 frame(s) since the last report; 17 of them cost an all-intra frame and 0 named a frame older than one already coded intra and cost nothing. Last was frame 301, dropped by the worker backlog
 INFO [run_decode_rate_control] nxwarp: stream 0 decode 12.1 ms is over the 11.7 ms budget but 2 quantiser steps moved it less than 3%: holding the floor at +40 and releasing it. The decode is not paying for bits here (coded tiles 100% of the frame).
 INFO [encode] nxwarp: stream 0 stereo compose 0.000 ms/frame (max 0.000), 0.0% of the 2.7 ms encode
 INFO [encode] nxwarp: stream 0 encoded 170 frames in 2.0 s: 2.7 ms/frame (max 3.2), 141349 B/frame vs 105992 target (+33%), QP 40.0 [40..40], controller allows 76.3 Mbit/s (CEILING UNREACHABLE, pinned at max QP), paced to 67.0 fps (client decode 12.1 ms), 11 composited frame(s) not sent, binding: bytes (decode 12.1 of 12.0 ms budget, floor +26)
 INFO [encode] nxwarp: stream 0 tile mapping: 47 frame(s) with per-tile spans, 123 with the fixed-chunk fallback ("tile-map": "auto")
 INFO [encode] nxwarp: stream 0 the headset did not reconstruct 15 frame(s) since the last report; 15 of them cost an all-intra frame and 0 named a frame older than one already coded intra and cost nothing. Last was frame 473, dropped by the worker backlog
 INFO [encode] nxwarp: stream 0 stereo compose 0.000 ms/frame (max 0.000), 0.0% of the 2.7 ms encode
 INFO [encode] nxwarp: stream 0 encoded 169 frames in 2.0 s: 2.7 ms/frame (max 3.4), 131590 B/frame vs 105992 target (+24%), QP 40.0 [40..40], controller allows 76.3 Mbit/s (CEILING UNREACHABLE, pinned at max QP), paced to 72.6 fps (client decode 11.6 ms), 11 composited frame(s) not sent, binding: bytes (decode 11.6 of 11.0 ms budget, floor +0)
 INFO [encode] nxwarp: stream 0 tile mapping: 163 frame(s) with per-tile spans, 6 with the fixed-chunk fallback ("tile-map": "auto")
 INFO [encode] nxwarp: stream 0 the headset did not reconstruct 13 frame(s) since the last report; 13 of them cost an all-intra frame and 0 named a frame older than one already coded intra and cost nothing. Last was frame 616, dropped by the worker backlog
 INFO [encode] nxwarp: stream 0 stereo compose 0.000 ms/frame (max 0.000), 0.0% of the 2.8 ms encode
 INFO [encode] nxwarp: stream 0 encoded 173 frames in 2.0 s: 2.8 ms/frame (max 3.8), 131414 B/frame vs 105992 target (+24%), QP 40.0 [40..40], controller allows 76.3 Mbit/s (CEILING UNREACHABLE, pinned at max QP), paced to 62.5 fps (client decode 10.9 ms), 8 composited frame(s) not sent, binding: bytes (decode 10.9 of 12.9 ms budget, floor +0)
 INFO [encode] nxwarp: stream 0 tile mapping: 167 frame(s) with per-tile spans, 6 with the fixed-chunk fallback ("tile-map": "auto")
 INFO [encode] nxwarp: stream 0 the headset did not reconstruct 17 frame(s) since the last report; 17 of them cost an all-intra frame and 0 named a frame older than one already coded intra and cost nothing. Last was frame 813, dropped by the worker backlog
 INFO [encode] nxwarp: stream 0 stereo compose 0.000 ms/frame (max 0.000), 0.0% of the 2.8 ms encode
 INFO [encode] nxwarp: stream 0 encoded 175 frames in 2.0 s: 2.8 ms/frame (max 3.5), 129580 B/frame vs 105992 target (+22%), QP 40.0 [40..40], controller allows 76.3 Mbit/s (CEILING UNREACHABLE, pinned at max QP), paced to 69.0 fps (client decode 12.4 ms), 5 composited frame(s) not sent, binding: bytes (decode 12.4 of 11.6 ms budget, floor +0)
 INFO [encode] nxwarp: stream 0 tile mapping: 175 frame(s) with per-tile spans, 0 with the fixed-chunk fallback ("tile-map": "auto")
 INFO [encode] nxwarp: stream 0 the headset did not reconstruct 9 frame(s) since the last report; 9 of them cost an all-intra frame and 0 named a frame older than one already coded intra and cost nothing. Last was frame 988, dropped by the worker backlog
 INFO [run_decode_rate_control] nxwarp: stream 0 decode window mean 9.4 ms is back under the 11.6 ms budget: the floor may rise again.
 INFO [run_decode_rate_control] nxwarp: stream 0 decode 12.6 ms is over the 11.6 ms budget but 2 quantiser steps moved it less than 3%: holding the floor at +40 and releasing it. The decode is not paying for bits here (coded tiles 100% of the frame).
 INFO [encode] nxwarp: stream 0 stereo compose 0.000 ms/frame (max 0.000), 0.0% of the 2.7 ms encode
 INFO [encode] nxwarp: stream 0 encoded 170 frames in 2.0 s: 2.7 ms/frame (max 3.2), 130509 B/frame vs 105992 target (+23%), QP 40.0 [40..40], controller allows 76.3 Mbit/s (CEILING UNREACHABLE, pinned at max QP), paced to 64.0 fps (client decode 12.6 ms), 11 composited frame(s) not sent, binding: bytes (decode 12.6 of 12.5 ms budget, floor +32)
 INFO [encode] nxwarp: stream 0 tile mapping: 170 frame(s) with per-tile spans, 0 with the fixed-chunk fallback ("tile-map": "auto")
 INFO [encode] nxwarp: stream 0 the headset did not reconstruct 14 frame(s) since the last report; 14 of them cost an all-intra frame and 0 named a frame older than one already coded intra and cost nothing. Last was frame 1158, dropped by the worker backlog
 INFO [encode] nxwarp: stream 0 stereo compose 0.000 ms/frame (max 0.000), 0.0% of the 2.7 ms encode
 INFO [encode] nxwarp: stream 0 encoded 174 frames in 2.0 s: 2.7 ms/frame (max 3.3), 121041 B/frame vs 105992 target (+14%), QP 40.0 [40..40], controller allows 76.3 Mbit/s (CEILING UNREACHABLE, pinned at max QP), paced to 65.4 fps (client decode 12.0 ms), 6 composited frame(s) not sent, binding: bytes (decode 12.0 of 12.3 ms budget, floor +25)
 INFO [encode] nxwarp: stream 0 tile mapping: 174 frame(s) with per-tile spans, 0 with the fixed-chunk fallback ("tile-map": "auto")
 INFO [encode] nxwarp: stream 0 the headset did not reconstruct 14 frame(s) since the last report; 14 of them cost an all-intra frame and 0 named a frame older than one already coded intra and cost nothing. Last was frame 1321, dropped by the worker backlog
 INFO [encode] nxwarp: stream 0 stereo compose 0.000 ms/frame (max 0.000), 0.0% of the 2.8 ms encode
 INFO [encode] nxwarp: stream 0 encoded 174 frames in 2.0 s: 2.8 ms/frame (max 3.2), 126612 B/frame vs 105992 target (+19%), QP 40.0 [40..40], controller allows 76.3 Mbit/s (CEILING UNREACHABLE, pinned at max QP), paced to 64.3 fps (client decode 12.7 ms), 7 composited frame(s) not sent, binding: bytes (decode 12.7 of 12.5 ms budget, floor +0)
 INFO [encode] nxwarp: stream 0 tile mapping: 166 frame(s) with per-tile spans, 8 with the fixed-chunk fallback ("tile-map": "auto")
 INFO [encode] nxwarp: stream 0 the headset did not reconstruct 16 frame(s) since the last report; 16 of them cost an all-intra frame and 0 named a frame older than one already coded intra and cost nothing. Last was frame 1503, dropped by the worker backlog
 INFO [encode] nxwarp: stream 0 stereo compose 0.000 ms/frame (max 0.000), 0.0% of the 2.8 ms encode
 INFO [encode] nxwarp: stream 0 encoded 170 frames in 2.0 s: 2.8 ms/frame (max 3.5), 133202 B/frame vs 105992 target (+26%), QP 40.0 [40..40], controller allows 76.3 Mbit/s (CEILING UNREACHABLE, pinned at max QP), paced to 62.2 fps (client decode 12.9 ms), 10 composited frame(s) not sent, binding: bytes (decode 12.9 of 12.9 ms budget, floor +0)
 INFO [encode] nxwarp: stream 0 tile mapping: 157 frame(s) with per-tile spans, 13 with the fixed-chunk fallback ("tile-map": "auto")
 INFO [encode] nxwarp: stream 0 the headset did not reconstruct 14 frame(s) since the last report; 14 of them cost an all-intra frame and 0 named a frame older than one already coded intra and cost nothing. Last was frame 1675, dropped by the worker backlog
 INFO [encode] nxwarp: stream 0 stereo compose 0.000 ms/frame (max 0.000), 0.0% of the 2.8 ms encode
 INFO [encode] nxwarp: stream 0 encoded 173 frames in 2.0 s: 2.8 ms/frame (max 3.6), 145922 B/frame vs 108161 target (+35%), QP 40.0 [40..40], controller allows 76.3 Mbit/s (CEILING UNREACHABLE, pinned at max QP), paced to 59.5 fps (client decode 12.9 ms), 8 composited frame(s) not sent, binding: bytes (decode 12.9 of 13.5 ms budget, floor +0)
 INFO [encode] nxwarp: stream 0 tile mapping: 48 frame(s) with per-tile spans, 125 with the fixed-chunk fallback ("tile-map": "auto")
 INFO [encode] nxwarp: stream 0 the headset did not reconstruct 11 frame(s) since the last report; 11 of them cost an all-intra frame and 0 named a frame older than one already coded intra and cost nothing. Last was frame 1849, dropped by the worker backlog
 INFO [run_decode_rate_control] nxwarp: stream 0 decode window mean 10.2 ms is back under the 13.4 ms budget: the floor may rise again.
 INFO [run_decode_rate_control] nxwarp: stream 0 decode 12.2 ms is over the 11.9 ms budget but 2 quantiser steps moved it less than 3%: holding the floor at +38 and releasing it. The decode is not paying for bits here (coded tiles 100% of the frame).
 INFO [encode] nxwarp: stream 0 stereo compose 0.000 ms/frame (max 0.000), 0.0% of the 2.8 ms encode
 INFO [encode] nxwarp: stream 0 encoded 166 frames in 2.0 s: 2.8 ms/frame (max 3.2), 148798 B/frame vs 105992 target (+40%), QP 40.0 [40..40], controller allows 76.3 Mbit/s (CEILING UNREACHABLE, pinned at max QP), paced to 73.9 fps (client decode 11.6 ms), 14 composited frame(s) not sent, binding: bytes (decode 11.6 of 10.8 ms budget, floor +26)
 INFO [encode] nxwarp: stream 0 tile mapping: 50 frame(s) with per-tile spans, 116 with the fixed-chunk fallback ("tile-map": "auto")
 INFO [encode] nxwarp: stream 0 the headset did not reconstruct 13 frame(s) since the last report; 13 of them cost an all-intra frame and 0 named a frame older than one already coded intra and cost nothing. Last was frame 1992, dropped by the worker backlog
 INFO [encode] nxwarp: stream 0 stereo compose 0.000 ms/frame (max 0.000), 0.0% of the 2.7 ms encode
 INFO [encode] nxwarp: stream 0 encoded 171 frames in 2.0 s: 2.7 ms/frame (max 3.4), 143406 B/frame vs 105992 target (+35%), QP 40.0 [40..40], controller allows 76.3 Mbit/s (CEILING UNREACHABLE, pinned at max QP), paced to 62.8 fps (client decode 12.9 ms), 10 composited frame(s) not sent, binding: bytes (decode 12.9 of 12.8 ms budget, floor +0)
 INFO [encode] nxwarp: stream 0 tile mapping: 133 frame(s) with per-tile spans, 38 with the fixed-chunk fallback ("tile-map": "auto")
 INFO [encode] nxwarp: stream 0 the headset did not reconstruct 18 frame(s) since the last report; 18 of them cost an all-intra frame and 0 named a frame older than one already coded intra and cost nothing. Last was frame 2183, dropped by the worker backlog
 INFO [client_disconnected] Client 1 disconnected
 INFO [update_session_state_locked] Stopped native session, 0 active app session(s).
