--------- beginning of main
--------- beginning of system
09-07 22:54:12.534 23305 20159 I WiVRn   : [2026-09-07 22:54:12.534] [WiVRn] [info] Sending query for _wivrn._tcp.local., type PTR
09-07 22:54:14.039 23305 23305 I WiVRn   : [2026-09-07 22:54:14.039] [WiVRn] [info] Received intent wivrn://192.168.1.2
09-07 22:54:14.047 23305 20154 I WiVRn   : [2026-09-07 22:54:14.047] [WiVRn] [info] Session state changed at timestamp 0: XR_SESSION_STATE_FOCUSED => XR_SESSION_STATE_VISIBLE
09-07 22:54:14.058 23305 20154 I WiVRn   : [2026-09-07 22:54:14.058] [WiVRn] [info] Session state changed at timestamp 0: XR_SESSION_STATE_VISIBLE => XR_SESSION_STATE_SYNCHRONIZED
09-07 22:54:14.058 23305 20154 I WiVRn   : [2026-09-07 22:54:14.058] [WiVRn] [info] Session state changed at timestamp 0: XR_SESSION_STATE_SYNCHRONIZED => XR_SESSION_STATE_STOPPING
09-07 22:54:14.059 23305 20154 I WiVRn   : [2026-09-07 22:54:14.059] [WiVRn] [info] Session state changed at timestamp 0: XR_SESSION_STATE_STOPPING => XR_SESSION_STATE_IDLE
09-07 22:54:14.059 23305 20154 I WiVRn   : [2026-09-07 22:54:14.059] [WiVRn] [info] Session state changed at timestamp 0: XR_SESSION_STATE_IDLE => XR_SESSION_STATE_READY
09-07 22:54:14.060 23305 20154 I WiVRn   : [2026-09-07 22:54:14.060] [WiVRn] [info] Received event type XR_TYPE_EVENT_DATA_USER_PRESENCE_CHANGED_EXT
09-07 22:54:14.066 23305 20154 I WiVRn   : [2026-09-07 22:54:14.066] [WiVRn] [info] Session state changed at timestamp 0: XR_SESSION_STATE_READY => XR_SESSION_STATE_SYNCHRONIZED
09-07 22:54:14.066 23305 20154 I WiVRn   : [2026-09-07 22:54:14.066] [WiVRn] [info] Session state changed at timestamp 0: XR_SESSION_STATE_SYNCHRONIZED => XR_SESSION_STATE_VISIBLE
09-07 22:54:14.066 23305 20154 I WiVRn   : [2026-09-07 22:54:14.066] [WiVRn] [info] Session state changed at timestamp 0: XR_SESSION_STATE_VISIBLE => XR_SESSION_STATE_FOCUSED
09-07 22:54:14.067 23305 20289 I WiVRn   : [2026-09-07 22:54:14.067] [WiVRn] [info] Using pin "000000"
09-07 22:54:14.074 23305 20289 I WiVRn   : [2026-09-07 22:54:14.074] [WiVRn] [info] Wi-Fi QoS marks enabled (uplink EF / AC_VO)
09-07 22:54:14.077 23305 20154 I WiVRn   : [2026-09-07 22:54:14.077] [WiVRn] [info] Supported swapchain formats:
09-07 22:54:14.077 23305 20154 I WiVRn   : [2026-09-07 22:54:14.077] [WiVRn] [info]     R8G8B8A8Srgb
09-07 22:54:14.077 23305 20154 I WiVRn   : [2026-09-07 22:54:14.077] [WiVRn] [info]     R8Unorm
09-07 22:54:14.077 23305 20154 I WiVRn   : [2026-09-07 22:54:14.077] [WiVRn] [info]     R8G8Unorm
09-07 22:54:14.077 23305 20154 I WiVRn   : [2026-09-07 22:54:14.077] [WiVRn] [info]     R8G8B8A8Unorm
09-07 22:54:14.077 23305 20154 I WiVRn   : [2026-09-07 22:54:14.077] [WiVRn] [info]     R5G6B5UnormPack16
09-07 22:54:14.077 23305 20154 I WiVRn   : [2026-09-07 22:54:14.077] [WiVRn] [info]     A2B10G10R10UnormPack32
09-07 22:54:14.077 23305 20154 I WiVRn   : [2026-09-07 22:54:14.077] [WiVRn] [info]     R16Unorm
09-07 22:54:14.077 23305 20154 I WiVRn   : [2026-09-07 22:54:14.077] [WiVRn] [info]     R16G16Unorm
09-07 22:54:14.077 23305 20154 I WiVRn   : [2026-09-07 22:54:14.077] [WiVRn] [info]     R16G16B16A16Unorm
09-07 22:54:14.077 23305 20154 I WiVRn   : [2026-09-07 22:54:14.077] [WiVRn] [info]     R16Uint
09-07 22:54:14.077 23305 20154 I WiVRn   : [2026-09-07 22:54:14.077] [WiVRn] [info]     R16G16Uint
09-07 22:54:14.077 23305 20154 I WiVRn   : [2026-09-07 22:54:14.077] [WiVRn] [info]     R16G16B16A16Uint
09-07 22:54:14.077 23305 20154 I WiVRn   : [2026-09-07 22:54:14.077] [WiVRn] [info]     R16Sint
09-07 22:54:14.077 23305 20154 I WiVRn   : [2026-09-07 22:54:14.077] [WiVRn] [info]     R16G16Sint
09-07 22:54:14.077 23305 20154 I WiVRn   : [2026-09-07 22:54:14.077] [WiVRn] [info]     R16G16B16A16Sint
09-07 22:54:14.077 23305 20154 I WiVRn   : [2026-09-07 22:54:14.077] [WiVRn] [info]     R16Sfloat
09-07 22:54:14.077 23305 20154 I WiVRn   : [2026-09-07 22:54:14.077] [WiVRn] [info]     R16G16Sfloat
09-07 22:54:14.077 23305 20154 I WiVRn   : [2026-09-07 22:54:14.077] [WiVRn] [info]     R16G16B16A16Sfloat
09-07 22:54:14.077 23305 20154 I WiVRn   : [2026-09-07 22:54:14.077] [WiVRn] [info]     A1R5G5B5UnormPack16
09-07 22:54:14.077 23305 20154 I WiVRn   : [2026-09-07 22:54:14.077] [WiVRn] [info]     Etc2R8G8B8UnormBlock
09-07 22:54:14.077 23305 20154 I WiVRn   : [2026-09-07 22:54:14.077] [WiVRn] [info]     Etc2R8G8B8A1UnormBlock
09-07 22:54:14.077 23305 20154 I WiVRn   : [2026-09-07 22:54:14.077] [WiVRn] [info]     Etc2R8G8B8A8UnormBlock
09-07 22:54:14.077 23305 20154 I WiVRn   : [2026-09-07 22:54:14.077] [WiVRn] [info]     Etc2R8G8B8SrgbBlock
09-07 22:54:14.077 23305 20154 I WiVRn   : [2026-09-07 22:54:14.077] [WiVRn] [info]     Etc2R8G8B8A1SrgbBlock
09-07 22:54:14.077 23305 20154 I WiVRn   : [2026-09-07 22:54:14.077] [WiVRn] [info]     Etc2R8G8B8A8SrgbBlock
09-07 22:54:14.077 23305 20154 I WiVRn   : [2026-09-07 22:54:14.077] [WiVRn] [info]     EacR11UnormBlock
09-07 22:54:14.077 23305 20154 I WiVRn   : [2026-09-07 22:54:14.077] [WiVRn] [info]     EacR11G11UnormBlock
09-07 22:54:14.077 23305 20154 I WiVRn   : [2026-09-07 22:54:14.077] [WiVRn] [info]     EacR11SnormBlock
09-07 22:54:14.077 23305 20154 I WiVRn   : [2026-09-07 22:54:14.077] [WiVRn] [info]     EacR11G11SnormBlock
09-07 22:54:14.077 23305 20154 I WiVRn   : [2026-09-07 22:54:14.077] [WiVRn] [info]     Astc4x4UnormBlock
09-07 22:54:14.077 23305 20154 I WiVRn   : [2026-09-07 22:54:14.077] [WiVRn] [info]     Astc5x4UnormBlock
09-07 22:54:14.077 23305 20154 I WiVRn   : [2026-09-07 22:54:14.077] [WiVRn] [info]     Astc5x5UnormBlock
09-07 22:54:14.077 23305 20154 I WiVRn   : [2026-09-07 22:54:14.077] [WiVRn] [info]     Astc6x5UnormBlock
09-07 22:54:14.077 23305 20154 I WiVRn   : [2026-09-07 22:54:14.077] [WiVRn] [info]     Astc6x6UnormBlock
09-07 22:54:14.077 23305 20154 I WiVRn   : [2026-09-07 22:54:14.077] [WiVRn] [info]     Astc8x5UnormBlock
09-07 22:54:14.077 23305 20154 I WiVRn   : [2026-09-07 22:54:14.077] [WiVRn] [info]     Astc8x6UnormBlock
09-07 22:54:14.077 23305 20154 I WiVRn   : [2026-09-07 22:54:14.077] [WiVRn] [info]     Astc8x8UnormBlock
09-07 22:54:14.077 23305 20154 I WiVRn   : [2026-09-07 22:54:14.077] [WiVRn] [info]     Astc10x5UnormBlock
09-07 22:54:14.077 23305 20154 I WiVRn   : [2026-09-07 22:54:14.077] [WiVRn] [info]     Astc10x6UnormBlock
09-07 22:54:14.077 23305 20154 I WiVRn   : [2026-09-07 22:54:14.077] [WiVRn] [info]     Astc10x8UnormBlock
09-07 22:54:14.077 23305 20154 I WiVRn   : [2026-09-07 22:54:14.077] [WiVRn] [info]     Astc10x10UnormBlock
09-07 22:54:14.077 23305 20154 I WiVRn   : [2026-09-07 22:54:14.077] [WiVRn] [info]     Astc12x10UnormBlock
09-07 22:54:14.077 23305 20154 I WiVRn   : [2026-09-07 22:54:14.077] [WiVRn] [info]     Astc12x12UnormBlock
09-07 22:54:14.077 23305 20154 I WiVRn   : [2026-09-07 22:54:14.077] [WiVRn] [info]     Astc4x4SrgbBlock
09-07 22:54:14.077 23305 20154 I WiVRn   : [2026-09-07 22:54:14.077] [WiVRn] [info]     Astc5x4SrgbBlock
09-07 22:54:14.077 23305 20154 I WiVRn   : [2026-09-07 22:54:14.077] [WiVRn] [info]     Astc5x5SrgbBlock
09-07 22:54:14.077 23305 20154 I WiVRn   : [2026-09-07 22:54:14.077] [WiVRn] [info]     Astc6x5SrgbBlock
09-07 22:54:14.077 23305 20154 I WiVRn   : [2026-09-07 22:54:14.077] [WiVRn] [info]     Astc6x6SrgbBlock
09-07 22:54:14.077 23305 20154 I WiVRn   : [2026-09-07 22:54:14.077] [WiVRn] [info]     Astc8x5SrgbBlock
09-07 22:54:14.077 23305 20154 I WiVRn   : [2026-09-07 22:54:14.077] [WiVRn] [info]     Astc8x6SrgbBlock
09-07 22:54:14.077 23305 20154 I WiVRn   : [2026-09-07 22:54:14.077] [WiVRn] [info]     Astc8x8SrgbBlock
09-07 22:54:14.077 23305 20154 I WiVRn   : [2026-09-07 22:54:14.077] [WiVRn] [info]     Astc10x5SrgbBlock
09-07 22:54:14.077 23305 20154 I WiVRn   : [2026-09-07 22:54:14.077] [WiVRn] [info]     Astc10x6SrgbBlock
09-07 22:54:14.077 23305 20154 I WiVRn   : [2026-09-07 22:54:14.077] [WiVRn] [info]     Astc10x8SrgbBlock
09-07 22:54:14.077 23305 20154 I WiVRn   : [2026-09-07 22:54:14.077] [WiVRn] [info]     Astc10x10SrgbBlock
09-07 22:54:14.077 23305 20154 I WiVRn   : [2026-09-07 22:54:14.077] [WiVRn] [info]     Astc12x10SrgbBlock
09-07 22:54:14.077 23305 20154 I WiVRn   : [2026-09-07 22:54:14.077] [WiVRn] [info]     Astc12x12SrgbBlock
09-07 22:54:14.077 23305 20154 I WiVRn   : [2026-09-07 22:54:14.077] [WiVRn] [info]     D16Unorm
09-07 22:54:14.077 23305 20154 I WiVRn   : [2026-09-07 22:54:14.077] [WiVRn] [info]     X8D24UnormPack32
09-07 22:54:14.077 23305 20154 I WiVRn   : [2026-09-07 22:54:14.077] [WiVRn] [info]     D32Sfloat
09-07 22:54:14.077 23305 20154 I WiVRn   : [2026-09-07 22:54:14.077] [WiVRn] [info]     D24UnormS8Uint
09-07 22:54:14.077 23305 20154 I WiVRn   : [2026-09-07 22:54:14.077] [WiVRn] [info]     B8G8R8A8Unorm
09-07 22:54:14.077 23305 20154 I WiVRn   : [2026-09-07 22:54:14.077] [WiVRn] [info]     B8G8R8A8Srgb
09-07 22:54:14.079 23305 20154 I WiVRn   : [2026-09-07 22:54:14.079] [WiVRn] [info] Using panel size: 2160x2160
09-07 22:54:14.100 23305 20154 I WiVRn   : [2026-09-07 22:54:14.100] [WiVRn] [info] video codec av1: NOT supported
09-07 22:54:14.136 23305 20154 I WiVRn   : [2026-09-07 22:54:14.136] [WiVRn] [info] video codec h265: supported
09-07 22:54:14.172 23305 20154 I WiVRn   : [2026-09-07 22:54:14.172] [WiVRn] [info] video codec h264: supported
09-07 22:54:14.178 23305 20154 I WiVRn   : [2026-09-07 22:54:14.178] [WiVRn] [info] Using format R8G8B8A8Srgb
09-07 22:54:14.180 23305 20154 I WiVRn   : [2026-09-07 22:54:14.180] [WiVRn] [info] WifiLock low latency acquired
09-07 22:54:14.213 23305 20310 I WiVRn   : [2026-09-07 22:54:14.213] [WiVRn] [info] setup, refresh rate 90
09-07 22:54:14.213 23305 20310 I WiVRn   : [2026-09-07 22:54:14.213] [WiVRn] [info] set refresh rate to 90Hz
09-07 22:54:14.214 23305 20310 I WiVRn   : [2026-09-07 22:54:14.214] [WiVRn] [info] Creating decoders, size 1088x1088
09-07 22:54:14.214 23305 20310 I WiVRn   : [2026-09-07 22:54:14.214] [WiVRn] [info] edge bleed: server overscan 5.0%, client ring 0.0% (fade)
09-07 22:54:14.214 23305 20310 I WiVRn   : [2026-09-07 22:54:14.214] [WiVRn] [info]   stream 0: role 0, 1088x1088
09-07 22:54:14.214 23305 20310 I WiVRn   : [2026-09-07 22:54:14.214] [WiVRn] [info] nxwarp: decoupled display on
09-07 22:54:14.214 23305 20310 I WiVRn   : [2026-09-07 22:54:14.214] [WiVRn] [info] nxwarp: ycbcr chroma filter linear
09-07 22:54:14.214 23305 20310 I WiVRn   : [2026-09-07 22:54:14.214] [WiVRn] [info] nxwarp[0]: decoupled display -- frames are published complete and the reprojection pass waits on nothing
09-07 22:54:14.214 23305 20310 I WiVRn   : [2026-09-07 22:54:14.214] [WiVRn] [info]   stream 2: role 1, 1088x544
09-07 22:54:14.214 23305 20310 I WiVRn   : [2026-09-07 22:54:14.214] [WiVRn] [info] nxwarp: decoupled display on
09-07 22:54:14.214 23305 20310 I WiVRn   : [2026-09-07 22:54:14.214] [WiVRn] [info] nxwarp: ycbcr chroma filter linear
09-07 22:54:14.214 23305 20310 I WiVRn   : [2026-09-07 22:54:14.214] [WiVRn] [info] nxwarp[2]: decoupled display -- frames are published complete and the reprojection pass waits on nothing
09-07 22:54:14.215 23305 20314 I WiVRn   : [2026-09-07 22:54:14.215] [WiVRn] [info] Adding hand_interaction poses to device list
09-07 22:54:14.215 23305 20314 I WiVRn   : [2026-09-07 22:54:14.215] [WiVRn] [info] interaction profile for /user/hand/left: /interaction_profiles/ext/hand_interaction_ext
09-07 22:54:14.215 23305 20314 I WiVRn   : [2026-09-07 22:54:14.215] [WiVRn] [info] interaction profile for /user/hand/right: /interaction_profiles/ext/hand_interaction_ext
09-07 22:54:14.215 23305 20314 I WiVRn   : [2026-09-07 22:54:14.215] [WiVRn] [info] interaction profile for /user/gamepad: XR_NULL_PATH
09-07 22:54:14.215 23305 20314 W WiVRn   : [2026-09-07 22:54:14.215] [WiVRn] [warning] unknown interaction profile XR_NULL_PATH
09-07 22:54:14.216 23305 20314 I WiVRn   : [2026-09-07 22:54:14.216] [WiVRn] [info] Tracking pattern (5000µs):
09-07 22:54:14.216 23305 20314 I WiVRn   : [2026-09-07 22:54:14.216] [WiVRn] [info] 	t+5000µs HEAD (0µs)
09-07 22:54:14.225 23305 20310 I WiVRn   : [2026-09-07 22:54:14.225] [WiVRn] [info] Speaker stream started
09-07 22:54:14.225 23305 20310 I WiVRn   : [2026-09-07 22:54:14.225] [WiVRn] [info] setup, refresh rate 90
09-07 22:54:14.225 23305 20310 I WiVRn   : [2026-09-07 22:54:14.225] [WiVRn] [info] set refresh rate to 90Hz
09-07 22:54:16.493 23305 20154 I WiVRn   : [2026-09-07 22:54:16.493] [WiVRn] [info] Session state changed at timestamp 0: XR_SESSION_STATE_FOCUSED => XR_SESSION_STATE_VISIBLE
09-07 22:54:16.493 23305 20154 I WiVRn   : [2026-09-07 22:54:16.493] [WiVRn] [info] Session state changed at timestamp 0: XR_SESSION_STATE_VISIBLE => XR_SESSION_STATE_SYNCHRONIZED
09-07 22:54:16.493 23305 20154 I WiVRn   : [2026-09-07 22:54:16.493] [WiVRn] [info] Session state changed at timestamp 0: XR_SESSION_STATE_SYNCHRONIZED => XR_SESSION_STATE_STOPPING
09-07 22:54:16.495 23305 20154 I WiVRn   : [2026-09-07 22:54:16.495] [WiVRn] [info] Session state changed at timestamp 0: XR_SESSION_STATE_STOPPING => XR_SESSION_STATE_IDLE
09-07 22:54:17.537 23305 20159 I WiVRn   : [2026-09-07 22:54:17.537] [WiVRn] [info] Sending query for _wivrn._tcp.local., type PTR
09-07 22:54:17.720 23305 20310 I WiVRn   : [2026-09-07 22:54:17.720] [WiVRn] [info] nxwarp[0]: direct atlas targets false
09-07 22:54:17.720 23305 20310 I WiVRn   : [2026-09-07 22:54:17.720] [WiVRn] [info] nxwarp[0]: real R8 atlas display with per-frame GPU snapshots
09-07 22:54:17.720 23305 20310 I WiVRn   : [2026-09-07 22:54:17.720] [WiVRn] [info] nxwarp[0]: 1088x1088 per eye, 2 eyes, on Adreno (TM) 650, 34 x 17 tiles, 1166 bytes per tile
09-07 22:54:17.723 23305 20310 I WiVRn   : [2026-09-07 22:54:17.723] [WiVRn] [info] nxwarp[0] net: 1 frames closed in 3.5 s, 0 with a hole, 0 out-of-order datagrams, 0 frames completed late, 0 queued for the worker, 0 decoded so far, 0 stragglers dropped; last hole 0/0 chunks, first missing -1, short false, chunk 1166 B
09-07 22:54:17.723 23305 20310 I WiVRn   : [2026-09-07 22:54:17.723] [WiVRn] [info] nxwarp[0] net: 0.087 ms per datagram over 18 datagrams (0.45 ms of every second)
09-07 22:54:17.723 23305 20310 I WiVRn   : [2026-09-07 22:54:17.723] [WiVRn] [info] nxwarp[0] sel: stride 1, arrival 0.0 ms, dropped-late 0, withheld 0, decoded 0
09-07 22:54:17.723 23305 20310 I WiVRn   : [2026-09-07 22:54:17.723] [WiVRn] [info] nxwarp[0] rx: 19 datagrams, placed 578 (+578), late 0 (+0), stale_frame 0, bad_range 0, bad_dir 0, bad_caps 0, bad_ver 0, auth_fail 0, replay 0, frozen 0, dup 0
09-07 22:54:17.731 23305 20314 I WiVRn   : [2026-09-07 22:54:17.731] [WiVRn] [info] Tracking pattern (5000µs):
09-07 22:54:17.731 23305 20314 I WiVRn   : [2026-09-07 22:54:17.731] [WiVRn] [info] 	t+963µs HEAD (34036µs)
09-07 22:54:17.731 23305 20314 I WiVRn   : [2026-09-07 22:54:17.731] [WiVRn] [info] 	t+1963µs HEAD (28036µs)
09-07 22:54:17.731 23305 20314 I WiVRn   : [2026-09-07 22:54:17.731] [WiVRn] [info] 	t+2408µs LEFT_GRIP (32591µs)
09-07 22:54:17.731 23305 20314 I WiVRn   : [2026-09-07 22:54:17.731] [WiVRn] [info] 	t+2441µs RIGHT_GRIP (32558µs)
09-07 22:54:17.731 23305 20314 I WiVRn   : [2026-09-07 22:54:17.731] [WiVRn] [info] 	t+2963µs HEAD (37036µs)
09-07 22:54:17.731 23305 20314 I WiVRn   : [2026-09-07 22:54:17.731] [WiVRn] [info] 	t+3963µs HEAD (31036µs)
09-07 22:54:17.731 23305 20314 I WiVRn   : [2026-09-07 22:54:17.731] [WiVRn] [info] 	t+4408µs LEFT_GRIP (35591µs)
09-07 22:54:17.731 23305 20314 I WiVRn   : [2026-09-07 22:54:17.731] [WiVRn] [info] 	t+4441µs RIGHT_GRIP (35558µs)
09-07 22:54:18.254 23305 20314 I WiVRn   : [2026-09-07 22:54:18.254] [WiVRn] [info] Tracking pattern (5000µs):
09-07 22:54:18.254 23305 20314 I WiVRn   : [2026-09-07 22:54:18.254] [WiVRn] [info] 	t+911µs HEAD (44088µs)
09-07 22:54:18.254 23305 20314 I WiVRn   : [2026-09-07 22:54:18.254] [WiVRn] [info] 	t+955µs LEFT_GRIP (44044µs)
09-07 22:54:18.254 23305 20314 I WiVRn   : [2026-09-07 22:54:18.254] [WiVRn] [info] 	t+961µs RIGHT_GRIP (44038µs)
09-07 22:54:18.254 23305 20314 I WiVRn   : [2026-09-07 22:54:18.254] [WiVRn] [info] 	t+3911µs HEAD (41088µs)
09-07 22:54:18.254 23305 20314 I WiVRn   : [2026-09-07 22:54:18.254] [WiVRn] [info] 	t+3955µs LEFT_GRIP (41044µs)
09-07 22:54:18.254 23305 20314 I WiVRn   : [2026-09-07 22:54:18.254] [WiVRn] [info] 	t+3961µs RIGHT_GRIP (41038µs)
09-07 22:54:19.060 23305 20154 I WiVRn   : [2026-09-07 22:54:19.060] [WiVRn] [info] Session state changed at timestamp 0: XR_SESSION_STATE_IDLE => XR_SESSION_STATE_READY
09-07 22:54:19.062 23305 20154 I WiVRn   : [2026-09-07 22:54:19.062] [WiVRn] [info] Received event type Unknown
09-07 22:54:19.062 23305 20154 I WiVRn   : [2026-09-07 22:54:19.062] [WiVRn] [info] Received event type XR_TYPE_EVENT_DATA_USER_PRESENCE_CHANGED_EXT
09-07 22:54:19.066 23305 20154 I WiVRn   : [2026-09-07 22:54:19.066] [WiVRn] [info] Session state changed at timestamp 0: XR_SESSION_STATE_READY => XR_SESSION_STATE_SYNCHRONIZED
09-07 22:54:19.066 23305 20154 I WiVRn   : [2026-09-07 22:54:19.066] [WiVRn] [info] Session state changed at timestamp 0: XR_SESSION_STATE_SYNCHRONIZED => XR_SESSION_STATE_VISIBLE
09-07 22:54:19.066 23305 20154 I WiVRn   : [2026-09-07 22:54:19.066] [WiVRn] [info] Session state changed at timestamp 0: XR_SESSION_STATE_VISIBLE => XR_SESSION_STATE_FOCUSED
09-07 22:54:19.123 23305 20154 I WiVRn   : [2026-09-07 22:54:19.123] [WiVRn] [info] Received event type Unknown
09-07 22:54:19.216 23305 20314 I WiVRn   : [2026-09-07 22:54:19.216] [WiVRn] [info] Tracking pattern (5000µs):
09-07 22:54:19.216 23305 20314 I WiVRn   : [2026-09-07 22:54:19.216] [WiVRn] [info] 	t+1310µs HEAD (3689µs)
09-07 22:54:19.216 23305 20314 I WiVRn   : [2026-09-07 22:54:19.216] [WiVRn] [info] 	t+1361µs LEFT_GRIP (3638µs)
09-07 22:54:19.216 23305 20314 I WiVRn   : [2026-09-07 22:54:19.216] [WiVRn] [info] 	t+1367µs RIGHT_GRIP (3632µs)
09-07 22:54:19.216 23305 20314 I WiVRn   : [2026-09-07 22:54:19.216] [WiVRn] [info] 	t+3310µs HEAD (6689µs)
09-07 22:54:19.216 23305 20314 I WiVRn   : [2026-09-07 22:54:19.216] [WiVRn] [info] 	t+3361µs LEFT_GRIP (6638µs)
09-07 22:54:19.216 23305 20314 I WiVRn   : [2026-09-07 22:54:19.216] [WiVRn] [info] 	t+3367µs RIGHT_GRIP (6632µs)
09-07 22:54:19.492 23305 20312 I WiVRn   : [2026-09-07 22:54:19.492] [WiVRn] [info] Stream scene ready at t=84292861680291
09-07 22:54:19.492 23305 20312 I WiVRn   : [2026-09-07 22:54:19.492] [WiVRn] [info] nxwarp[0]: 1 frames in 5.3 s: 9118 B/frame, wait-prev 0.0 ms, wall 1769.1 ms, nxvc passA 3.2 passB 9.6 gpu 12.8 ms; holes 1, refused 0
09-07 22:54:19.492 23305 20312 I WiVRn   : [2026-09-07 22:54:19.492] [WiVRn] [info] nxwarp[0] gpu duty 2 ms/s (0% of one GPU) for decode alone; the display pass is extra
09-07 22:54:19.492 23305 20312 I WiVRn   : [2026-09-07 22:54:19.492] [WiVRn] [info] nxwarp[0] passB 9.6 ms = warp 0.0 + skip 0.0 + coded 0.0 + dir 0.0 + other 9.6; tiles skip 0 / coded 578 / dir 0 (eye pass 0)
09-07 22:54:19.492 23305 20312 I WiVRn   : [2026-09-07 22:54:19.492] [WiVRn] [info] nxwarp[0]: 201 frames dropped late (queue kept to 1)
09-07 22:54:19.492 23305 20312 I WiVRn   : [2026-09-07 22:54:19.492] [WiVRn] [info] nxwarp[0] stage: gap 0.0 | wait-prev 0.0 | submit 1754.9 (qlock 0.0 + codec 1754.8) | get_free 0.0 | fence-pre 0.0 | record 0.2 | qsubmit 0.0 | fence-post 13.9 | publish 0.1 ms; withheld 0, stride 1, arrival 10.9 ms
09-07 22:54:19.492 23305 20312 I WiVRn   : [2026-09-07 22:54:19.492] [WiVRn] [info] nxwarp[0] reassembly (network thread): 0.09 ms/frame over 204 frames, buffer 55 kB held for 55 kB of unit (1.0x)
09-07 22:54:19.492 23305 20312 I WiVRn   : [2026-09-07 22:54:19.492] [WiVRn] [info] nxwarp[0] fence-post 13.9 ms = nxvc gpu 12.8 + copy gpu 0.73 + queue 0.4 (over 1 frames with timestamps)
09-07 22:54:19.492 23305 20312 I WiVRn   : [2026-09-07 22:54:19.492] [WiVRn] [info] nxwarp[0] atlas: frames 1, atlas 1, picture 0, avg dispatches 6.0, avg assembled 0.0, avg valid 578.0, direct targets 0
09-07 22:54:19.503 23305 20154 I WiVRn   : [2026-09-07 22:54:19.503] [WiVRn] [info] MulticastLock released
09-07 22:54:19.544 23305 20154 I WiVRn   : [2026-09-07 22:54:19.544] [WiVRn] [info] Loaded input profile pico-4
09-07 22:54:19.544 23305 20154 I WiVRn   : [2026-09-07 22:54:19.544] [WiVRn] [info] Initializing offset of space aim_left to (-5, 0, 20) mm, (0, -0, 0)°
09-07 22:54:19.544 23305 20154 I WiVRn   : [2026-09-07 22:54:19.544] [WiVRn] [info] Initializing offset of space aim_right to (5, 0, 20) mm, (0, -0, 0)°
09-07 22:54:19.544 23305 20154 I WiVRn   : [2026-09-07 22:54:19.544] [WiVRn] [info] Initializing offset of space grip_left to (0, -20, -50) mm, (-30.000002, -0, 0)°
09-07 22:54:19.544 23305 20154 I WiVRn   : [2026-09-07 22:54:19.544] [WiVRn] [info] Initializing offset of space grip_right to (0, -20, -50) mm, (-30.000002, -0, 0)°
09-07 22:54:19.572 23305 20154 I WiVRn   : [2026-09-07 22:54:19.572] [WiVRn] [info] Font for de /system/fonts/PICOSans.ttf
09-07 22:54:19.572 23305 20154 I WiVRn   : [2026-09-07 22:54:19.572] [WiVRn] [info] Font for es /system/fonts/PICOSans.ttf
09-07 22:54:19.572 23305 20154 I WiVRn   : [2026-09-07 22:54:19.572] [WiVRn] [info] Font for fr /system/fonts/PICOSans.ttf
09-07 22:54:19.572 23305 20154 I WiVRn   : [2026-09-07 22:54:19.572] [WiVRn] [info] Font for fr /system/fonts/Roboto-Regular.ttf
09-07 22:54:19.572 23305 20154 I WiVRn   : [2026-09-07 22:54:19.572] [WiVRn] [info] Font for it /system/fonts/PICOSans.ttf
09-07 22:54:19.572 23305 20154 I WiVRn   : [2026-09-07 22:54:19.572] [WiVRn] [info] Font for ja /system/fonts/PICOSans.ttf
09-07 22:54:19.572 23305 20154 I WiVRn   : [2026-09-07 22:54:19.572] [WiVRn] [info] Font for ja /system/fonts/PICOSansVFJP.ttf
09-07 22:54:19.572 23305 20154 I WiVRn   : [2026-09-07 22:54:19.572] [WiVRn] [info] Font for ka /system/fonts/PICOSans.ttf
09-07 22:54:19.572 23305 20154 I WiVRn   : [2026-09-07 22:54:19.572] [WiVRn] [info] Font for ka /system/fonts/NotoSansGeorgian-Regular.otf
09-07 22:54:19.572 23305 20154 I WiVRn   : [2026-09-07 22:54:19.572] [WiVRn] [info] Font for ka /system/fonts/PICOSans.ttf
09-07 22:54:19.572 23305 20154 I WiVRn   : [2026-09-07 22:54:19.572] [WiVRn] [info] Font for pl /system/fonts/PICOSans.ttf
09-07 22:54:19.572 23305 20154 I WiVRn   : [2026-09-07 22:54:19.572] [WiVRn] [info] Font for pl /system/fonts/Roboto-Regular.ttf
09-07 22:54:19.572 23305 20154 I WiVRn   : [2026-09-07 22:54:19.572] [WiVRn] [info] Font for pl /system/fonts/PICOSans.ttf
09-07 22:54:19.572 23305 20154 I WiVRn   : [2026-09-07 22:54:19.572] [WiVRn] [info] Font for pl /system/fonts/PICOSansSC-Regular.ttf
09-07 22:54:19.572 23305 20154 I WiVRn   : [2026-09-07 22:54:19.572] [WiVRn] [info] Font for pl /system/fonts/Roboto-Regular.ttf
09-07 22:54:19.572 23305 20154 I WiVRn   : [2026-09-07 22:54:19.572] [WiVRn] [info] Font for pl /system/fonts/PICOSans.ttf
09-07 22:54:19.572 23305 20154 I WiVRn   : [2026-09-07 22:54:19.572] [WiVRn] [info] Font for pt_BR /system/fonts/PICOSans.ttf
09-07 22:54:19.572 23305 20154 I WiVRn   : [2026-09-07 22:54:19.572] [WiVRn] [info] Font for ru /system/fonts/PICOSans.ttf
09-07 22:54:19.572 23305 20154 I WiVRn   : [2026-09-07 22:54:19.572] [WiVRn] [info] Font for ru /system/fonts/PICOSansSC-Regular.ttf
09-07 22:54:19.572 23305 20154 I WiVRn   : [2026-09-07 22:54:19.572] [WiVRn] [info] Font for ru /system/fonts/PICOSans.ttf
09-07 22:54:19.572 23305 20154 I WiVRn   : [2026-09-07 22:54:19.572] [WiVRn] [info] Font for sk /system/fonts/PICOSans.ttf
09-07 22:54:19.572 23305 20154 I WiVRn   : [2026-09-07 22:54:19.572] [WiVRn] [info] Font for sk /system/fonts/Roboto-Regular.ttf
09-07 22:54:19.572 23305 20154 I WiVRn   : [2026-09-07 22:54:19.572] [WiVRn] [info] Font for sk /system/fonts/PICOSansSC-Regular.ttf
09-07 22:54:19.572 23305 20154 I WiVRn   : [2026-09-07 22:54:19.572] [WiVRn] [info] Font for sk /system/fonts/PICOSans.ttf
09-07 22:54:19.572 23305 20154 I WiVRn   : [2026-09-07 22:54:19.572] [WiVRn] [info] Font for sk /system/fonts/Roboto-Regular.ttf
09-07 22:54:19.572 23305 20154 I WiVRn   : [2026-09-07 22:54:19.572] [WiVRn] [info] Font for sk /system/fonts/PICOSans.ttf
09-07 22:54:19.572 23305 20154 I WiVRn   : [2026-09-07 22:54:19.572] [WiVRn] [info] Font for tr /system/fonts/PICOSans.ttf
09-07 22:54:19.572 23305 20154 I WiVRn   : [2026-09-07 22:54:19.572] [WiVRn] [info] Font for tr /system/fonts/Roboto-Regular.ttf
09-07 22:54:19.572 23305 20154 I WiVRn   : [2026-09-07 22:54:19.572] [WiVRn] [info] Font for tr /system/fonts/PICOSans.ttf
09-07 22:54:19.572 23305 20154 I WiVRn   : [2026-09-07 22:54:19.572] [WiVRn] [info] Font for tr /system/fonts/Roboto-Regular.ttf
09-07 22:54:19.572 23305 20154 I WiVRn   : [2026-09-07 22:54:19.572] [WiVRn] [info] Font for tr /system/fonts/PICOSans.ttf
09-07 22:54:19.573 23305 20154 I WiVRn   : [2026-09-07 22:54:19.573] [WiVRn] [info] Font for zh_CN /system/fonts/PICOSans.ttf
09-07 22:54:19.573 23305 20154 I WiVRn   : [2026-09-07 22:54:19.573] [WiVRn] [info] Font for zh_CN /system/fonts/PICOSansSC-Regular.ttf
09-07 22:54:19.573 23305 20154 I WiVRn   : [2026-09-07 22:54:19.573] [WiVRn] [info] Font for zh_TW /system/fonts/PICOSans.ttf
09-07 22:54:19.573 23305 20154 I WiVRn   : [2026-09-07 22:54:19.573] [WiVRn] [info] Font for zh_TW /system/fonts/PICOSansSC-Regular.ttf
09-07 22:54:19.577 23305 20154 I WiVRn   : [2026-09-07 22:54:19.577] [WiVRn] [info] Using font /system/fonts/PICOSans.ttf
09-07 22:54:19.577 23305 20154 I WiVRn   : [2026-09-07 22:54:19.577] [WiVRn] [info] Using font /system/fonts/Roboto-Regular.ttf
09-07 22:54:19.578 23305 20154 I WiVRn   : [2026-09-07 22:54:19.578] [WiVRn] [info] Using font /system/fonts/PICOSansVFJP.ttf
09-07 22:54:19.593 23305 20154 I WiVRn   : [2026-09-07 22:54:19.593] [WiVRn] [info] Using font /system/fonts/NotoSansGeorgian-Regular.otf
09-07 22:54:19.593 23305 20154 I WiVRn   : [2026-09-07 22:54:19.593] [WiVRn] [info] Using font /system/fonts/PICOSansSC-Regular.ttf
09-07 22:54:19.602 23305 20154 I WiVRn   : [2026-09-07 22:54:19.602] [WiVRn] [info] Performance level: CPU domain asked for sustained_high
09-07 22:54:19.602 23305 20154 I WiVRn   : [2026-09-07 22:54:19.602] [WiVRn] [info] nxwarp: GPU performance level setting 2
09-07 22:54:19.602 23305 20154 I WiVRn   : [2026-09-07 22:54:19.602] [WiVRn] [info] Performance level: GPU domain asked for boost
09-07 22:54:19.626 23305 20154 I WiVRn   : [2026-09-07 22:54:19.626] [WiVRn] [info] swapchain setup, refresh rate 90
09-07 22:54:19.626 23305 20154 I WiVRn   : [2026-09-07 22:54:19.626] [WiVRn] [info] set refresh rate to 90Hz
09-07 22:54:19.654 23305 20154 I WiVRn   : [2026-09-07 22:54:19.654] [WiVRn] [info] Created stream swapchain: 1088x1088
09-07 22:54:19.654 23305 20154 I WiVRn   : [2026-09-07 22:54:19.654] [WiVRn] [info] Initializing reprojector
09-07 22:54:19.675 23305 20154 I WiVRn   : [2026-09-07 22:54:19.675] [WiVRn] [info] geometry[eye 0]: view_info fov L-53.34 R53.34 U53.34 D-53.34 | layer fov L-53.34 R53.34 U53.34 D-53.34 deg | layer rect 1088x1088 | defoveated 1088x1088 | scale 0.50
09-07 22:54:19.675 23305 20154 I WiVRn   : [2026-09-07 22:54:19.675] [WiVRn] [info] geometry[eye 1]: view_info fov L-53.34 R53.34 U53.34 D-53.34 | layer fov L-53.34 R53.34 U53.34 D-53.34 deg | layer rect 1088x1088 | defoveated 1088x1088 | scale 0.50
09-07 22:54:19.683 23305 20154 I WiVRn   : [2026-09-07 22:54:19.683] [WiVRn] [info] render: 1 iterations in 17.6 s (0.1/s), 1 submitted a layer, 1 new-source, 0 skipped by the repeat gate, 0 with nothing to show; display period 11.1 ms
09-07 22:54:19.683 23305 20154 I WiVRn   : [2026-09-07 22:54:19.683] [WiVRn] [info] render: selected source transitions forward 0 backward 0 repeat 0, greatest forward gap 0
09-07 22:54:19.683 23305 20154 I WiVRn   : [2026-09-07 22:54:19.683] [WiVRn] [info] render: this app's own GPU pass 0.0 ms per iteration
09-07 22:54:19.683 23305 20154 I WiVRn   : [2026-09-07 22:54:19.683] [WiVRn] [info] render: defoveate 1088x1088 per eye x2 = 2.37 Mpx/frame at scale 0.50 atlas-prototype 0; 0 re-presented from the cache (reduce_gpu_load on)
09-07 22:54:19.683 23305 20154 I WiVRn   : [2026-09-07 22:54:19.683] [WiVRn] [info] render: shader path sharpness 0.00 fsr false alpha false motion false blend false glow 0.28 vignette 0.00 deband 1.00 lowpoly 0.00 levels 0 full-kernel false
09-07 22:54:19.683 23305 20154 I WiVRn   : [2026-09-07 22:54:19.683] [WiVRn] [info] render: per iteration fence 0.0 (worst 0.0) | queries 0.0 | submit 0.0 | whole render() 76.3 ms
09-07 22:54:19.683 23305 20154 I WiVRn   : [2026-09-07 22:54:19.683] [WiVRn] [info] render: jit on | wake slack 37.7 ms | slept 0.0 ms mean (max 0.0, 0 of 1 iterations) | budget 1.0 = pass 0.0 + margin 1.0 | sleep cap 45.0 ms
09-07 22:54:19.683 23305 20154 I WiVRn   : [2026-09-07 22:54:19.683] [WiVRn] [info] render: source display-time offset 2537.9 ms mean (worst 2537.9) over 1 frames | submit lead 0.0 ms mean (worst 0.0) | misses: 0 overrun 0 late 0 skipped refresh
09-07 22:54:19.683 23305 20154 I WiVRn   : [2026-09-07 22:54:19.683] [WiVRn] [info] Received event type XR_TYPE_EVENT_DATA_INTERACTION_PROFILE_CHANGED
09-07 22:54:19.683 23305 20154 I WiVRn   : [2026-09-07 22:54:19.683] [WiVRn] [info] interaction profile for /user/hand/left: /interaction_profiles/ext/hand_interaction_ext
09-07 22:54:19.683 23305 20154 I WiVRn   : [2026-09-07 22:54:19.683] [WiVRn] [info] interaction profile for /user/hand/right: /interaction_profiles/ext/hand_interaction_ext
09-07 22:54:19.683 23305 20154 I WiVRn   : [2026-09-07 22:54:19.683] [WiVRn] [info] interaction profile for /user/gamepad: XR_NULL_PATH
09-07 22:54:19.683 23305 20154 W WiVRn   : [2026-09-07 22:54:19.683] [WiVRn] [warning] unknown interaction profile XR_NULL_PATH
09-07 22:54:19.683 23305 20154 I WiVRn   : [2026-09-07 22:54:19.683] [WiVRn] [info] Received event type XR_TYPE_EVENT_DATA_INTERACTION_PROFILE_CHANGED
09-07 22:54:19.683 23305 20154 I WiVRn   : [2026-09-07 22:54:19.683] [WiVRn] [info] interaction profile for /user/hand/left: /interaction_profiles/ext/hand_interaction_ext
09-07 22:54:19.683 23305 20154 I WiVRn   : [2026-09-07 22:54:19.683] [WiVRn] [info] interaction profile for /user/hand/right: /interaction_profiles/ext/hand_interaction_ext
09-07 22:54:19.683 23305 20154 I WiVRn   : [2026-09-07 22:54:19.683] [WiVRn] [info] interaction profile for /user/gamepad: XR_NULL_PATH
09-07 22:54:19.683 23305 20154 W WiVRn   : [2026-09-07 22:54:19.683] [WiVRn] [warning] unknown interaction profile XR_NULL_PATH
09-07 22:54:19.683 23305 20154 I WiVRn   : [2026-09-07 22:54:19.683] [WiVRn] [info] Received event type XR_TYPE_EVENT_DATA_INTERACTION_PROFILE_CHANGED
09-07 22:54:19.683 23305 20154 I WiVRn   : [2026-09-07 22:54:19.683] [WiVRn] [info] interaction profile for /user/hand/left: /interaction_profiles/ext/hand_interaction_ext
09-07 22:54:19.683 23305 20154 I WiVRn   : [2026-09-07 22:54:19.683] [WiVRn] [info] interaction profile for /user/hand/right: /interaction_profiles/ext/hand_interaction_ext
09-07 22:54:19.683 23305 20154 I WiVRn   : [2026-09-07 22:54:19.683] [WiVRn] [info] interaction profile for /user/gamepad: XR_NULL_PATH
09-07 22:54:19.683 23305 20154 W WiVRn   : [2026-09-07 22:54:19.683] [WiVRn] [warning] unknown interaction profile XR_NULL_PATH
09-07 22:54:19.704 23305 20154 I WiVRn   : [2026-09-07 22:54:19.704] [WiVRn] [info] Received event type Unknown
09-07 22:54:19.732 23305 20310 I WiVRn   : [2026-09-07 22:54:19.732] [WiVRn] [info] nxwarp[0] net: 225 frames closed in 2.0 s, 1 with a hole, 0 out-of-order datagrams, 0 frames completed late, 1 queued for the worker, 10 decoded so far, 224 stragglers dropped; last hole 287/408 chunks, first missing 204, short false, chunk 1166 B
09-07 22:54:19.732 23305 20310 I WiVRn   : [2026-09-07 22:54:19.732] [WiVRn] [info] nxwarp[0] net: 0.082 ms per datagram over 15361 datagrams (626.91 ms of every second)
09-07 22:54:19.732 23305 20310 I WiVRn   : [2026-09-07 22:54:19.732] [WiVRn] [info] nxwarp[0] sel: stride 1, arrival 10.7 ms, dropped-late 212, withheld 7, decoded 10
09-07 22:54:19.732 23305 20310 I WiVRn   : [2026-09-07 22:54:19.732] [WiVRn] [info] nxwarp[0] rx: 15380 datagrams, placed 128617 (+128039), late 1149 (+1149), stale_frame 0, bad_range 0, bad_dir 0, bad_caps 0, bad_ver 0, auth_fail 0, replay 0, frozen 0, dup 13
09-07 22:54:20.222 23305 20314 I WiVRn   : [2026-09-07 22:54:20.222] [WiVRn] [info] Tracking pattern (11110µs):
09-07 22:54:20.222 23305 20314 I WiVRn   : [2026-09-07 22:54:20.222] [WiVRn] [info] 	t+47µs HEAD (11063µs)
09-07 22:54:20.222 23305 20314 I WiVRn   : [2026-09-07 22:54:20.222] [WiVRn] [info] 	t+124µs LEFT_GRIP (10986µs)
09-07 22:54:20.222 23305 20314 I WiVRn   : [2026-09-07 22:54:20.222] [WiVRn] [info] 	t+137µs RIGHT_GRIP (10972µs)
09-07 22:54:20.222 23305 20314 I WiVRn   : [2026-09-07 22:54:20.222] [WiVRn] [info] 	t+1269µs HEAD (32063µs)
09-07 22:54:20.222 23305 20314 I WiVRn   : [2026-09-07 22:54:20.222] [WiVRn] [info] 	t+1345µs LEFT_GRIP (31986µs)
09-07 22:54:20.222 23305 20314 I WiVRn   : [2026-09-07 22:54:20.222] [WiVRn] [info] 	t+1359µs RIGHT_GRIP (31972µs)
09-07 22:54:20.222 23305 20314 I WiVRn   : [2026-09-07 22:54:20.222] [WiVRn] [info] 	t+2158µs HEAD (20063µs)
09-07 22:54:20.222 23305 20314 I WiVRn   : [2026-09-07 22:54:20.222] [WiVRn] [info] 	t+2235µs LEFT_GRIP (19986µs)
09-07 22:54:20.222 23305 20314 I WiVRn   : [2026-09-07 22:54:20.222] [WiVRn] [info] 	t+2248µs RIGHT_GRIP (19972µs)
09-07 22:54:20.222 23305 20314 I WiVRn   : [2026-09-07 22:54:20.222] [WiVRn] [info] 	t+3047µs HEAD (8063µs)
09-07 22:54:20.222 23305 20314 I WiVRn   : [2026-09-07 22:54:20.222] [WiVRn] [info] 	t+3124µs LEFT_GRIP (7986µs)
09-07 22:54:20.222 23305 20314 I WiVRn   : [2026-09-07 22:54:20.222] [WiVRn] [info] 	t+3137µs RIGHT_GRIP (7972µs)
09-07 22:54:20.222 23305 20314 I WiVRn   : [2026-09-07 22:54:20.222] [WiVRn] [info] 	t+3380µs HEAD (41063µs)
09-07 22:54:20.222 23305 20314 I WiVRn   : [2026-09-07 22:54:20.222] [WiVRn] [info] 	t+3456µs LEFT_GRIP (40986µs)
09-07 22:54:20.222 23305 20314 I WiVRn   : [2026-09-07 22:54:20.222] [WiVRn] [info] 	t+3470µs RIGHT_GRIP (40972µs)
09-07 22:54:20.222 23305 20314 I WiVRn   : [2026-09-07 22:54:20.222] [WiVRn] [info] 	t+4269µs HEAD (29063µs)
09-07 22:54:20.222 23305 20314 I WiVRn   : [2026-09-07 22:54:20.222] [WiVRn] [info] 	t+4345µs LEFT_GRIP (28986µs)
09-07 22:54:20.222 23305 20314 I WiVRn   : [2026-09-07 22:54:20.222] [WiVRn] [info] 	t+4359µs RIGHT_GRIP (28972µs)
09-07 22:54:20.222 23305 20314 I WiVRn   : [2026-09-07 22:54:20.222] [WiVRn] [info] 	t+5158µs HEAD (17063µs)
09-07 22:54:20.222 23305 20314 I WiVRn   : [2026-09-07 22:54:20.222] [WiVRn] [info] 	t+5235µs LEFT_GRIP (16986µs)
09-07 22:54:20.222 23305 20314 I WiVRn   : [2026-09-07 22:54:20.222] [WiVRn] [info] 	t+5248µs RIGHT_GRIP (16972µs)
09-07 22:54:20.222 23305 20314 I WiVRn   : [2026-09-07 22:54:20.222] [WiVRn] [info] 	t+6047µs HEAD (5063µs)
09-07 22:54:20.222 23305 20314 I WiVRn   : [2026-09-07 22:54:20.222] [WiVRn] [info] 	t+6124µs LEFT_GRIP (4986µs)
09-07 22:54:20.222 23305 20314 I WiVRn   : [2026-09-07 22:54:20.222] [WiVRn] [info] 	t+6137µs RIGHT_GRIP (4972µs)
09-07 22:54:20.222 23305 20314 I WiVRn   : [2026-09-07 22:54:20.222] [WiVRn] [info] 	t+6380µs HEAD (38063µs)
09-07 22:54:20.222 23305 20314 I WiVRn   : [2026-09-07 22:54:20.222] [WiVRn] [info] 	t+6456µs LEFT_GRIP (37986µs)
09-07 22:54:20.222 23305 20314 I WiVRn   : [2026-09-07 22:54:20.222] [WiVRn] [info] 	t+6470µs RIGHT_GRIP (37972µs)
09-07 22:54:20.222 23305 20314 I WiVRn   : [2026-09-07 22:54:20.222] [WiVRn] [info] 	t+7269µs HEAD (26063µs)
09-07 22:54:20.222 23305 20314 I WiVRn   : [2026-09-07 22:54:20.222] [WiVRn] [info] 	t+7345µs LEFT_GRIP (25986µs)
09-07 22:54:20.222 23305 20314 I WiVRn   : [2026-09-07 22:54:20.222] [WiVRn] [info] 	t+7359µs RIGHT_GRIP (25972µs)
09-07 22:54:20.222 23305 20314 I WiVRn   : [2026-09-07 22:54:20.222] [WiVRn] [info] 	t+8158µs HEAD (14063µs)
09-07 22:54:20.222 23305 20314 I WiVRn   : [2026-09-07 22:54:20.222] [WiVRn] [info] 	t+8235µs LEFT_GRIP (13986µs)
09-07 22:54:20.222 23305 20314 I WiVRn   : [2026-09-07 22:54:20.222] [WiVRn] [info] 	t+8248µs RIGHT_GRIP (13972µs)
09-07 22:54:20.222 23305 20314 I WiVRn   : [2026-09-07 22:54:20.222] [WiVRn] [info] 	t+9380µs HEAD (35063µs)
09-07 22:54:20.222 23305 20314 I WiVRn   : [2026-09-07 22:54:20.222] [WiVRn] [info] 	t+9456µs LEFT_GRIP (34986µs)
09-07 22:54:20.222 23305 20314 I WiVRn   : [2026-09-07 22:54:20.222] [WiVRn] [info] 	t+9470µs RIGHT_GRIP (34972µs)
09-07 22:54:20.222 23305 20314 I WiVRn   : [2026-09-07 22:54:20.222] [WiVRn] [info] 	t+10269µs HEAD (23063µs)
09-07 22:54:20.222 23305 20314 I WiVRn   : [2026-09-07 22:54:20.222] [WiVRn] [info] 	t+10345µs LEFT_GRIP (22986µs)
09-07 22:54:20.222 23305 20314 I WiVRn   : [2026-09-07 22:54:20.222] [WiVRn] [info] 	t+10359µs RIGHT_GRIP (22972µs)
09-07 22:54:21.222 23305 20314 I WiVRn   : [2026-09-07 22:54:21.222] [WiVRn] [info] Tracking pattern (11111µs):
09-07 22:54:21.222 23305 20314 I WiVRn   : [2026-09-07 22:54:21.222] [WiVRn] [info] 	t+293µs HEAD (66377µs)
09-07 22:54:21.222 23305 20314 I WiVRn   : [2026-09-07 22:54:21.222] [WiVRn] [info] 	t+335µs LEFT_GRIP (66336µs)
09-07 22:54:21.222 23305 20314 I WiVRn   : [2026-09-07 22:54:21.222] [WiVRn] [info] 	t+344µs RIGHT_GRIP (66327µs)
09-07 22:54:21.222 23305 20314 I WiVRn   : [2026-09-07 22:54:21.222] [WiVRn] [info] 	t+1181µs HEAD (54377µs)
09-07 22:54:21.222 23305 20314 I WiVRn   : [2026-09-07 22:54:21.222] [WiVRn] [info] 	t+1223µs LEFT_GRIP (54336µs)
09-07 22:54:21.222 23305 20314 I WiVRn   : [2026-09-07 22:54:21.222] [WiVRn] [info] 	t+1232µs RIGHT_GRIP (54327µs)
09-07 22:54:21.222 23305 20314 I WiVRn   : [2026-09-07 22:54:21.222] [WiVRn] [info] 	t+2069µs HEAD (42377µs)
09-07 22:54:21.222 23305 20314 I WiVRn   : [2026-09-07 22:54:21.222] [WiVRn] [info] 	t+2111µs LEFT_GRIP (42336µs)
09-07 22:54:21.222 23305 20314 I WiVRn   : [2026-09-07 22:54:21.222] [WiVRn] [info] 	t+2120µs RIGHT_GRIP (42327µs)
09-07 22:54:21.222 23305 20314 I WiVRn   : [2026-09-07 22:54:21.222] [WiVRn] [info] 	t+3293µs HEAD (63377µs)
09-07 22:54:21.222 23305 20314 I WiVRn   : [2026-09-07 22:54:21.222] [WiVRn] [info] 	t+3335µs LEFT_GRIP (63336µs)
09-07 22:54:21.222 23305 20314 I WiVRn   : [2026-09-07 22:54:21.222] [WiVRn] [info] 	t+3344µs RIGHT_GRIP (63327µs)
09-07 22:54:21.222 23305 20314 I WiVRn   : [2026-09-07 22:54:21.222] [WiVRn] [info] 	t+4181µs HEAD (51377µs)
09-07 22:54:21.222 23305 20314 I WiVRn   : [2026-09-07 22:54:21.222] [WiVRn] [info] 	t+4223µs LEFT_GRIP (51336µs)
09-07 22:54:21.222 23305 20314 I WiVRn   : [2026-09-07 22:54:21.222] [WiVRn] [info] 	t+4232µs RIGHT_GRIP (51327µs)
09-07 22:54:21.222 23305 20314 I WiVRn   : [2026-09-07 22:54:21.222] [WiVRn] [info] 	t+5069µs HEAD (39377µs)
09-07 22:54:21.222 23305 20314 I WiVRn   : [2026-09-07 22:54:21.222] [WiVRn] [info] 	t+5111µs LEFT_GRIP (39336µs)
09-07 22:54:21.222 23305 20314 I WiVRn   : [2026-09-07 22:54:21.222] [WiVRn] [info] 	t+5120µs RIGHT_GRIP (39327µs)
09-07 22:54:21.222 23305 20314 I WiVRn   : [2026-09-07 22:54:21.222] [WiVRn] [info] 	t+6293µs HEAD (60377µs)
09-07 22:54:21.222 23305 20314 I WiVRn   : [2026-09-07 22:54:21.222] [WiVRn] [info] 	t+6335µs LEFT_GRIP (60336µs)
09-07 22:54:21.222 23305 20314 I WiVRn   : [2026-09-07 22:54:21.222] [WiVRn] [info] 	t+6344µs RIGHT_GRIP (60327µs)
09-07 22:54:21.222 23305 20314 I WiVRn   : [2026-09-07 22:54:21.222] [WiVRn] [info] 	t+7181µs HEAD (48377µs)
09-07 22:54:21.222 23305 20314 I WiVRn   : [2026-09-07 22:54:21.222] [WiVRn] [info] 	t+7223µs LEFT_GRIP (48336µs)
09-07 22:54:21.222 23305 20314 I WiVRn   : [2026-09-07 22:54:21.222] [WiVRn] [info] 	t+7232µs RIGHT_GRIP (48327µs)
09-07 22:54:21.222 23305 20314 I WiVRn   : [2026-09-07 22:54:21.222] [WiVRn] [info] 	t+8069µs HEAD (36377µs)
09-07 22:54:21.222 23305 20314 I WiVRn   : [2026-09-07 22:54:21.222] [WiVRn] [info] 	t+8111µs LEFT_GRIP (36336µs)
09-07 22:54:21.222 23305 20314 I WiVRn   : [2026-09-07 22:54:21.222] [WiVRn] [info] 	t+8120µs RIGHT_GRIP (36327µs)
09-07 22:54:21.222 23305 20314 I WiVRn   : [2026-09-07 22:54:21.222] [WiVRn] [info] 	t+8405µs HEAD (69377µs)
09-07 22:54:21.222 23305 20314 I WiVRn   : [2026-09-07 22:54:21.222] [WiVRn] [info] 	t+8447µs LEFT_GRIP (69336µs)
09-07 22:54:21.222 23305 20314 I WiVRn   : [2026-09-07 22:54:21.222] [WiVRn] [info] 	t+8456µs RIGHT_GRIP (69327µs)
09-07 22:54:21.222 23305 20314 I WiVRn   : [2026-09-07 22:54:21.222] [WiVRn] [info] 	t+9293µs HEAD (57377µs)
09-07 22:54:21.222 23305 20314 I WiVRn   : [2026-09-07 22:54:21.222] [WiVRn] [info] 	t+9335µs LEFT_GRIP (57336µs)
09-07 22:54:21.222 23305 20314 I WiVRn   : [2026-09-07 22:54:21.222] [WiVRn] [info] 	t+9344µs RIGHT_GRIP (57327µs)
09-07 22:54:21.222 23305 20314 I WiVRn   : [2026-09-07 22:54:21.222] [WiVRn] [info] 	t+10181µs HEAD (45377µs)
09-07 22:54:21.222 23305 20314 I WiVRn   : [2026-09-07 22:54:21.222] [WiVRn] [info] 	t+10223µs LEFT_GRIP (45336µs)
09-07 22:54:21.222 23305 20314 I WiVRn   : [2026-09-07 22:54:21.222] [WiVRn] [info] 	t+10232µs RIGHT_GRIP (45327µs)
09-07 22:54:21.498 23305 20312 I WiVRn   : [2026-09-07 22:54:21.498] [WiVRn] [info] nxwarp[0]: 162 frames in 2.0 s: 4146 B/frame, wait-prev 0.0 ms, wall 4.5 ms, nxvc passA 0.7 passB 1.9 gpu 2.6 ms; holes 1, refused 0
09-07 22:54:21.498 23305 20312 I WiVRn   : [2026-09-07 22:54:21.498] [WiVRn] [info] nxwarp[0] gpu duty 212 ms/s (21% of one GPU) for decode alone; the display pass is extra
09-07 22:54:21.498 23305 20312 I WiVRn   : [2026-09-07 22:54:21.498] [WiVRn] [info] nxwarp[0] passB 1.9 ms = warp 0.0 + skip 0.0 + coded 0.1 + dir 0.0 + other 1.8; tiles skip 0 / coded 36 / dir 0 (eye pass 0)
09-07 22:54:21.498 23305 20312 I WiVRn   : [2026-09-07 22:54:21.498] [WiVRn] [info] nxwarp[0]: 219 frames dropped late (queue kept to 1)
09-07 22:54:21.498 23305 20312 I WiVRn   : [2026-09-07 22:54:21.498] [WiVRn] [info] nxwarp[0] stage: gap 7.8 | wait-prev 0.0 | submit 0.8 (qlock 0.0 + codec 0.8) | get_free 0.0 | fence-pre 0.0 | record 0.0 | qsubmit 0.0 | fence-post 3.7 | publish 0.0 ms; withheld 8, stride 1, arrival 11.2 ms
09-07 22:54:21.498 23305 20312 I WiVRn   : [2026-09-07 22:54:21.498] [WiVRn] [info] nxwarp[0] reassembly (network thread): 0.01 ms/frame over 179 frames, buffer 7 kB held for 7 kB of unit (1.0x)
09-07 22:54:21.498 23305 20312 I WiVRn   : [2026-09-07 22:54:21.498] [WiVRn] [info] nxwarp[0] fence-post 3.7 ms = nxvc gpu 2.6 + copy gpu 0.36 + queue 0.7 (over 162 frames with timestamps)
09-07 22:54:21.498 23305 20312 I WiVRn   : [2026-09-07 22:54:21.498] [WiVRn] [info] nxwarp[0] atlas: frames 162, atlas 162, picture 0, avg dispatches 6.9, avg assembled 0.0, avg valid 578.0, direct targets 0
09-07 22:54:21.608 23305 20154 I WiVRn   : [2026-09-07 22:54:21.608] [WiVRn] [info] render: 161 iterations in 2.0 s (80.5/s), 161 submitted a layer, 153 new-source, 0 skipped by the repeat gate, 0 with nothing to show; display period 12.4 ms
09-07 22:54:21.608 23305 20154 I WiVRn   : [2026-09-07 22:54:21.608] [WiVRn] [info] render: selected source transitions forward 153 backward 0 repeat 8, greatest forward gap 223
09-07 22:54:21.608 23305 20154 I WiVRn   : [2026-09-07 22:54:21.608] [WiVRn] [info] render: this app's own GPU pass 2.0 ms per iteration
09-07 22:54:21.608 23305 20154 I WiVRn   : [2026-09-07 22:54:21.608] [WiVRn] [info] render: defoveate 1088x1088 per eye x2 = 2.37 Mpx/frame at scale 0.50 atlas-prototype 0; 8 re-presented from the cache (reduce_gpu_load on)
09-07 22:54:21.608 23305 20154 I WiVRn   : [2026-09-07 22:54:21.608] [WiVRn] [info] render: shader path sharpness 0.00 fsr false alpha false motion false blend false glow 0.28 vignette 0.00 deband 1.00 lowpoly 0.00 levels 0 full-kernel false
09-07 22:54:21.608 23305 20154 I WiVRn   : [2026-09-07 22:54:21.608] [WiVRn] [info] render: per iteration fence 0.0 (worst 0.9) | queries 0.0 | submit 0.0 | whole render() 0.8 ms
09-07 22:54:21.608 23305 20154 I WiVRn   : [2026-09-07 22:54:21.608] [WiVRn] [info] render: jit on | wake slack 36.7 ms | slept 2.5 ms mean (max 16.9, 58 of 161 iterations) | budget 24.8 = pass 23.8 + margin 1.0 | sleep cap 0.6 ms
09-07 22:54:21.608 23305 20154 I WiVRn   : [2026-09-07 22:54:21.608] [WiVRn] [info] render: source display-time offset 11.6 ms mean (worst 204.6) over 161 frames | submit lead 33.0 ms mean (worst -38.7) | misses: 0 overrun 0 late 4 skipped refresh
09-07 22:54:21.735 23305 20310 I WiVRn   : [2026-09-07 22:54:21.735] [WiVRn] [info] nxwarp[0] net: 178 frames closed in 2.0 s, 0 with a hole, 0 out-of-order datagrams, 0 frames completed late, 0 queued for the worker, 183 decoded so far, 402 stragglers dropped; last hole 287/408 chunks, first missing 204, short false, chunk 1166 B
09-07 22:54:21.735 23305 20310 I WiVRn   : [2026-09-07 22:54:21.735] [WiVRn] [info] nxwarp[0] net: 0.044 ms per datagram over 1056 datagrams (23.33 ms of every second)
09-07 22:54:21.735 23305 20310 I WiVRn   : [2026-09-07 22:54:21.735] [WiVRn] [info] nxwarp[0] sel: stride 1, arrival 11.5 ms, dropped-late 219, withheld 8, decoded 183
09-07 22:54:21.735 23305 20310 I WiVRn   : [2026-09-07 22:54:21.735] [WiVRn] [info] nxwarp[0] rx: 16436 datagrams, placed 129482 (+865), late 1149 (+0), stale_frame 0, bad_range 0, bad_dir 0, bad_caps 0, bad_ver 0, auth_fail 0, replay 0, frozen 0, dup 13
09-07 22:54:22.222 23305 20314 I WiVRn   : [2026-09-07 22:54:22.222] [WiVRn] [info] Tracking pattern (11110µs):
09-07 22:54:22.222 23305 20314 I WiVRn   : [2026-09-07 22:54:22.222] [WiVRn] [info] 	t+394µs HEAD (55156µs)
09-07 22:54:22.222 23305 20314 I WiVRn   : [2026-09-07 22:54:22.222] [WiVRn] [info] 	t+490µs LEFT_GRIP (55061µs)
09-07 22:54:22.222 23305 20314 I WiVRn   : [2026-09-07 22:54:22.222] [WiVRn] [info] 	t+505µs RIGHT_GRIP (55045µs)
09-07 22:54:22.222 23305 20314 I WiVRn   : [2026-09-07 22:54:22.222] [WiVRn] [info] 	t+2504µs HEAD (64156µs)
09-07 22:54:22.222 23305 20314 I WiVRn   : [2026-09-07 22:54:22.222] [WiVRn] [info] 	t+2600µs LEFT_GRIP (64061µs)
09-07 22:54:22.222 23305 20314 I WiVRn   : [2026-09-07 22:54:22.222] [WiVRn] [info] 	t+2616µs RIGHT_GRIP (64045µs)
09-07 22:54:22.222 23305 20314 I WiVRn   : [2026-09-07 22:54:22.222] [WiVRn] [info] 	t+4615µs HEAD (73156µs)
09-07 22:54:22.222 23305 20314 I WiVRn   : [2026-09-07 22:54:22.222] [WiVRn] [info] 	t+4710µs LEFT_GRIP (73061µs)
09-07 22:54:22.222 23305 20314 I WiVRn   : [2026-09-07 22:54:22.222] [WiVRn] [info] 	t+4726µs RIGHT_GRIP (73045µs)
09-07 22:54:22.222 23305 20314 I WiVRn   : [2026-09-07 22:54:22.222] [WiVRn] [info] 	t+5504µs HEAD (61156µs)
09-07 22:54:22.222 23305 20314 I WiVRn   : [2026-09-07 22:54:22.222] [WiVRn] [info] 	t+5600µs LEFT_GRIP (61061µs)
09-07 22:54:22.222 23305 20314 I WiVRn   : [2026-09-07 22:54:22.222] [WiVRn] [info] 	t+5616µs RIGHT_GRIP (61045µs)
09-07 22:54:22.222 23305 20314 I WiVRn   : [2026-09-07 22:54:22.222] [WiVRn] [info] 	t+7615µs HEAD (70156µs)
09-07 22:54:22.222 23305 20314 I WiVRn   : [2026-09-07 22:54:22.222] [WiVRn] [info] 	t+7710µs LEFT_GRIP (70061µs)
09-07 22:54:22.222 23305 20314 I WiVRn   : [2026-09-07 22:54:22.222] [WiVRn] [info] 	t+7726µs RIGHT_GRIP (70045µs)
09-07 22:54:22.222 23305 20314 I WiVRn   : [2026-09-07 22:54:22.222] [WiVRn] [info] 	t+8504µs HEAD (58156µs)
09-07 22:54:22.222 23305 20314 I WiVRn   : [2026-09-07 22:54:22.222] [WiVRn] [info] 	t+8600µs LEFT_GRIP (58061µs)
09-07 22:54:22.222 23305 20314 I WiVRn   : [2026-09-07 22:54:22.222] [WiVRn] [info] 	t+8616µs RIGHT_GRIP (58045µs)
09-07 22:54:22.222 23305 20314 I WiVRn   : [2026-09-07 22:54:22.222] [WiVRn] [info] 	t+10615µs HEAD (67156µs)
09-07 22:54:22.222 23305 20314 I WiVRn   : [2026-09-07 22:54:22.222] [WiVRn] [info] 	t+10710µs LEFT_GRIP (67061µs)
09-07 22:54:22.222 23305 20314 I WiVRn   : [2026-09-07 22:54:22.222] [WiVRn] [info] 	t+10726µs RIGHT_GRIP (67045µs)
09-07 22:54:23.222 23305 20314 I WiVRn   : [2026-09-07 22:54:23.222] [WiVRn] [info] Tracking pattern (11109µs):
09-07 22:54:23.222 23305 20314 I WiVRn   : [2026-09-07 22:54:23.222] [WiVRn] [info] 	t+527µs HEAD (66126µs)
09-07 22:54:23.222 23305 20314 I WiVRn   : [2026-09-07 22:54:23.222] [WiVRn] [info] 	t+596µs LEFT_GRIP (66058µs)
09-07 22:54:23.222 23305 20314 I WiVRn   : [2026-09-07 22:54:23.222] [WiVRn] [info] 	t+616µs RIGHT_GRIP (66038µs)
09-07 22:54:23.222 23305 20314 I WiVRn   : [2026-09-07 22:54:23.222] [WiVRn] [info] 	t+2636µs HEAD (75126µs)
09-07 22:54:23.222 23305 20314 I WiVRn   : [2026-09-07 22:54:23.222] [WiVRn] [info] 	t+2705µs LEFT_GRIP (75058µs)
09-07 22:54:23.222 23305 20314 I WiVRn   : [2026-09-07 22:54:23.222] [WiVRn] [info] 	t+2725µs RIGHT_GRIP (75038µs)
09-07 22:54:23.222 23305 20314 I WiVRn   : [2026-09-07 22:54:23.222] [WiVRn] [info] 	t+5636µs HEAD (72126µs)
09-07 22:54:23.222 23305 20314 I WiVRn   : [2026-09-07 22:54:23.222] [WiVRn] [info] 	t+5705µs LEFT_GRIP (72058µs)
09-07 22:54:23.222 23305 20314 I WiVRn   : [2026-09-07 22:54:23.222] [WiVRn] [info] 	t+5725µs RIGHT_GRIP (72038µs)
09-07 22:54:23.222 23305 20314 I WiVRn   : [2026-09-07 22:54:23.222] [WiVRn] [info] 	t+8636µs HEAD (69126µs)
09-07 22:54:23.222 23305 20314 I WiVRn   : [2026-09-07 22:54:23.222] [WiVRn] [info] 	t+8705µs LEFT_GRIP (69058µs)
09-07 22:54:23.222 23305 20314 I WiVRn   : [2026-09-07 22:54:23.222] [WiVRn] [info] 	t+8725µs RIGHT_GRIP (69038µs)
09-07 22:54:23.222 23305 20314 I WiVRn   : [2026-09-07 22:54:23.222] [WiVRn] [info] 	t+10745µs HEAD (78126µs)
09-07 22:54:23.222 23305 20314 I WiVRn   : [2026-09-07 22:54:23.222] [WiVRn] [info] 	t+10814µs LEFT_GRIP (78058µs)
09-07 22:54:23.222 23305 20314 I WiVRn   : [2026-09-07 22:54:23.222] [WiVRn] [info] 	t+10834µs RIGHT_GRIP (78038µs)
09-07 22:54:23.509 23305 20312 I WiVRn   : [2026-09-07 22:54:23.509] [WiVRn] [info] nxwarp[0]: 180 frames in 2.0 s: 992 B/frame, wait-prev 0.0 ms, wall 2.0 ms, nxvc passA 0.3 passB 1.0 gpu 1.2 ms; holes 1, refused 0
09-07 22:54:23.509 23305 20312 I WiVRn   : [2026-09-07 22:54:23.509] [WiVRn] [info] nxwarp[0] gpu duty 109 ms/s (11% of one GPU) for decode alone; the display pass is extra
09-07 22:54:23.509 23305 20312 I WiVRn   : [2026-09-07 22:54:23.509] [WiVRn] [info] nxwarp[0] passB 1.0 ms = warp 0.0 + skip 0.0 + coded 0.1 + dir 0.0 + other 0.8; tiles skip 0 / coded 4 / dir 0 (eye pass 0)
09-07 22:54:23.509 23305 20312 I WiVRn   : [2026-09-07 22:54:23.509] [WiVRn] [info] nxwarp[0]: 219 frames dropped late (queue kept to 1)
09-07 22:54:23.509 23305 20312 I WiVRn   : [2026-09-07 22:54:23.509] [WiVRn] [info] nxwarp[0] stage: gap 9.2 | wait-prev 0.0 | submit 0.3 (qlock 0.0 + codec 0.3) | get_free 0.0 | fence-pre 0.0 | record 0.0 | qsubmit 0.0 | fence-post 1.6 | publish 0.0 ms; withheld 0, stride 1, arrival 11.0 ms
09-07 22:54:23.509 23305 20312 I WiVRn   : [2026-09-07 22:54:23.509] [WiVRn] [info] nxwarp[0] reassembly (network thread): 0.00 ms/frame over 180 frames, buffer 1 kB held for 1 kB of unit (1.0x)
09-07 22:54:23.509 23305 20312 I WiVRn   : [2026-09-07 22:54:23.509] [WiVRn] [info] nxwarp[0] fence-post 1.7 ms = nxvc gpu 1.2 + copy gpu 0.30 + queue 0.1 (over 180 frames with timestamps)
09-07 22:54:23.509 23305 20312 I WiVRn   : [2026-09-07 22:54:23.509] [WiVRn] [info] nxwarp[0] atlas: frames 180, atlas 180, picture 0, avg dispatches 7.0, avg assembled 0.0, avg valid 578.0, direct targets 0
09-07 22:54:23.615 23305 20154 I WiVRn   : [2026-09-07 22:54:23.615] [WiVRn] [info] render: 180 iterations in 2.0 s (89.7/s), 180 submitted a layer, 179 new-source, 0 skipped by the repeat gate, 0 with nothing to show; display period 11.1 ms
09-07 22:54:23.615 23305 20154 I WiVRn   : [2026-09-07 22:54:23.615] [WiVRn] [info] render: selected source transitions forward 179 backward 0 repeat 1, greatest forward gap 1
09-07 22:54:23.615 23305 20154 I WiVRn   : [2026-09-07 22:54:23.615] [WiVRn] [info] render: this app's own GPU pass 2.4 ms per iteration
09-07 22:54:23.615 23305 20154 I WiVRn   : [2026-09-07 22:54:23.615] [WiVRn] [info] render: defoveate 1088x1088 per eye x2 = 2.37 Mpx/frame at scale 0.50 atlas-prototype 0; 1 re-presented from the cache (reduce_gpu_load on)
09-07 22:54:23.615 23305 20154 I WiVRn   : [2026-09-07 22:54:23.615] [WiVRn] [info] render: shader path sharpness 0.00 fsr false alpha false motion false blend false glow 0.28 vignette 0.00 deband 1.00 lowpoly 0.00 levels 0 full-kernel false
09-07 22:54:23.615 23305 20154 I WiVRn   : [2026-09-07 22:54:23.615] [WiVRn] [info] render: per iteration fence 0.0 (worst 0.0) | queries 0.0 | submit 0.0 | whole render() 0.5 ms
09-07 22:54:23.615 23305 20154 I WiVRn   : [2026-09-07 22:54:23.615] [WiVRn] [info] render: jit on | wake slack 30.7 ms | slept 0.6 ms mean (max 0.6, 180 of 180 iterations) | budget 21.5 = pass 20.5 + margin 1.0 | sleep cap 0.6 ms
09-07 22:54:23.615 23305 20154 I WiVRn   : [2026-09-07 22:54:23.615] [WiVRn] [info] render: source display-time offset -4.4 ms mean (worst 4.7) over 180 frames | submit lead 29.6 ms mean (worst 28.9) | misses: 0 overrun 0 late 0 skipped refresh
09-07 22:54:23.741 23305 20310 I WiVRn   : [2026-09-07 22:54:23.741] [WiVRn] [info] nxwarp[0] net: 180 frames closed in 2.0 s, 0 with a hole, 0 out-of-order datagrams, 0 frames completed late, 0 queued for the worker, 363 decoded so far, 582 stragglers dropped; last hole 287/408 chunks, first missing 204, short false, chunk 1166 B
09-07 22:54:23.741 23305 20310 I WiVRn   : [2026-09-07 22:54:23.741] [WiVRn] [info] nxwarp[0] net: 0.049 ms per datagram over 956 datagrams (23.52 ms of every second)
09-07 22:54:23.741 23305 20310 I WiVRn   : [2026-09-07 22:54:23.741] [WiVRn] [info] nxwarp[0] sel: stride 1, arrival 11.0 ms, dropped-late 219, withheld 8, decoded 363
09-07 22:54:23.741 23305 20310 I WiVRn   : [2026-09-07 22:54:23.741] [WiVRn] [info] nxwarp[0] rx: 17392 datagrams, placed 130248 (+766), late 1149 (+0), stale_frame 0, bad_range 0, bad_dir 0, bad_caps 0, bad_ver 0, auth_fail 0, replay 0, frozen 0, dup 13
09-07 22:54:24.222 23305 20314 I WiVRn   : [2026-09-07 22:54:24.222] [WiVRn] [info] Tracking pattern (11110µs):
09-07 22:54:24.222 23305 20314 I WiVRn   : [2026-09-07 22:54:24.222] [WiVRn] [info] 	t+780µs HEAD (76993µs)
09-07 22:54:24.222 23305 20314 I WiVRn   : [2026-09-07 22:54:24.222] [WiVRn] [info] 	t+853µs LEFT_GRIP (76919µs)
09-07 22:54:24.222 23305 20314 I WiVRn   : [2026-09-07 22:54:24.222] [WiVRn] [info] 	t+897µs RIGHT_GRIP (76875µs)
09-07 22:54:24.222 23305 20314 I WiVRn   : [2026-09-07 22:54:24.222] [WiVRn] [info] 	t+8890µs HEAD (79993µs)
09-07 22:54:24.222 23305 20314 I WiVRn   : [2026-09-07 22:54:24.222] [WiVRn] [info] 	t+8963µs LEFT_GRIP (79919µs)
09-07 22:54:24.222 23305 20314 I WiVRn   : [2026-09-07 22:54:24.222] [WiVRn] [info] 	t+9008µs RIGHT_GRIP (79875µs)
09-07 22:54:25.222 23305 20314 I WiVRn   : [2026-09-07 22:54:25.222] [WiVRn] [info] Tracking pattern (11110µs):
09-07 22:54:25.222 23305 20314 I WiVRn   : [2026-09-07 22:54:25.222] [WiVRn] [info] 	t+584µs HEAD (77190µs)
09-07 22:54:25.222 23305 20314 I WiVRn   : [2026-09-07 22:54:25.222] [WiVRn] [info] 	t+620µs LEFT_GRIP (77154µs)
09-07 22:54:25.222 23305 20314 I WiVRn   : [2026-09-07 22:54:25.222] [WiVRn] [info] 	t+628µs RIGHT_GRIP (77147µs)
09-07 22:54:25.222 23305 20314 I WiVRn   : [2026-09-07 22:54:25.222] [WiVRn] [info] 	t+3584µs HEAD (74190µs)
09-07 22:54:25.222 23305 20314 I WiVRn   : [2026-09-07 22:54:25.222] [WiVRn] [info] 	t+3620µs LEFT_GRIP (74154µs)
09-07 22:54:25.222 23305 20314 I WiVRn   : [2026-09-07 22:54:25.222] [WiVRn] [info] 	t+3628µs RIGHT_GRIP (74147µs)
09-07 22:54:25.222 23305 20314 I WiVRn   : [2026-09-07 22:54:25.222] [WiVRn] [info] 	t+6584µs HEAD (71190µs)
09-07 22:54:25.222 23305 20314 I WiVRn   : [2026-09-07 22:54:25.222] [WiVRn] [info] 	t+6620µs LEFT_GRIP (71154µs)
09-07 22:54:25.222 23305 20314 I WiVRn   : [2026-09-07 22:54:25.222] [WiVRn] [info] 	t+6628µs RIGHT_GRIP (71147µs)
09-07 22:54:25.222 23305 20314 I WiVRn   : [2026-09-07 22:54:25.222] [WiVRn] [info] 	t+8695µs HEAD (80190µs)
09-07 22:54:25.222 23305 20314 I WiVRn   : [2026-09-07 22:54:25.222] [WiVRn] [info] 	t+8731µs LEFT_GRIP (80154µs)
09-07 22:54:25.222 23305 20314 I WiVRn   : [2026-09-07 22:54:25.222] [WiVRn] [info] 	t+8738µs RIGHT_GRIP (80147µs)
09-07 22:54:25.510 23305 20312 I WiVRn   : [2026-09-07 22:54:25.510] [WiVRn] [info] nxwarp[0]: 180 frames in 2.0 s: 1030 B/frame, wait-prev 0.0 ms, wall 1.8 ms, nxvc passA 0.2 passB 0.9 gpu 1.1 ms; holes 1, refused 0
09-07 22:54:25.510 23305 20312 I WiVRn   : [2026-09-07 22:54:25.510] [WiVRn] [info] nxwarp[0] gpu duty 103 ms/s (10% of one GPU) for decode alone; the display pass is extra
09-07 22:54:25.510 23305 20312 I WiVRn   : [2026-09-07 22:54:25.510] [WiVRn] [info] nxwarp[0] passB 0.9 ms = warp 0.0 + skip 0.0 + coded 0.1 + dir 0.0 + other 0.8; tiles skip 0 / coded 4 / dir 0 (eye pass 0)
09-07 22:54:25.510 23305 20312 I WiVRn   : [2026-09-07 22:54:25.510] [WiVRn] [info] nxwarp[0]: 219 frames dropped late (queue kept to 1)
09-07 22:54:25.510 23305 20312 I WiVRn   : [2026-09-07 22:54:25.510] [WiVRn] [info] nxwarp[0] stage: gap 9.3 | wait-prev 0.0 | submit 0.3 (qlock 0.0 + codec 0.3) | get_free 0.0 | fence-pre 0.0 | record 0.0 | qsubmit 0.0 | fence-post 1.5 | publish 0.0 ms; withheld 0, stride 1, arrival 11.3 ms
09-07 22:54:25.510 23305 20312 I WiVRn   : [2026-09-07 22:54:25.510] [WiVRn] [info] nxwarp[0] reassembly (network thread): 0.00 ms/frame over 180 frames, buffer 1 kB held for 1 kB of unit (1.0x)
09-07 22:54:25.510 23305 20312 I WiVRn   : [2026-09-07 22:54:25.510] [WiVRn] [info] nxwarp[0] fence-post 1.5 ms = nxvc gpu 1.1 + copy gpu 0.28 + queue 0.0 (over 180 frames with timestamps)
09-07 22:54:25.510 23305 20312 I WiVRn   : [2026-09-07 22:54:25.510] [WiVRn] [info] nxwarp[0] atlas: frames 180, atlas 180, picture 0, avg dispatches 7.0, avg assembled 0.0, avg valid 578.0, direct targets 0
09-07 22:54:25.615 23305 20154 I WiVRn   : [2026-09-07 22:54:25.615] [WiVRn] [info] render: 179 iterations in 2.0 s (89.5/s), 179 submitted a layer, 178 new-source, 0 skipped by the repeat gate, 0 with nothing to show; display period 11.2 ms
09-07 22:54:25.615 23305 20154 I WiVRn   : [2026-09-07 22:54:25.615] [WiVRn] [info] render: selected source transitions forward 178 backward 0 repeat 1, greatest forward gap 2
09-07 22:54:25.615 23305 20154 I WiVRn   : [2026-09-07 22:54:25.615] [WiVRn] [info] render: this app's own GPU pass 2.6 ms per iteration
09-07 22:54:25.615 23305 20154 I WiVRn   : [2026-09-07 22:54:25.615] [WiVRn] [info] render: defoveate 1088x1088 per eye x2 = 2.37 Mpx/frame at scale 0.50 atlas-prototype 0; 1 re-presented from the cache (reduce_gpu_load on)
09-07 22:54:25.615 23305 20154 I WiVRn   : [2026-09-07 22:54:25.615] [WiVRn] [info] render: shader path sharpness 0.00 fsr false alpha false motion false blend false glow 0.28 vignette 0.00 deband 1.00 lowpoly 0.00 levels 0 full-kernel false
09-07 22:54:25.616 23305 20154 I WiVRn   : [2026-09-07 22:54:25.616] [WiVRn] [info] render: per iteration fence 0.0 (worst 2.3) | queries 0.0 | submit 0.0 | whole render() 0.5 ms
09-07 22:54:25.616 23305 20154 I WiVRn   : [2026-09-07 22:54:25.616] [WiVRn] [info] render: jit on | wake slack 30.4 ms | slept 1.2 ms mean (max 11.7, 179 of 179 iterations) | budget 19.7 = pass 18.7 + margin 1.0 | sleep cap 0.6 ms
09-07 22:54:25.616 23305 20154 I WiVRn   : [2026-09-07 22:54:25.616] [WiVRn] [info] render: source display-time offset -11.1 ms mean (worst 6.2) over 179 frames | submit lead 28.7 ms mean (worst 20.1) | misses: 0 overrun 0 late 1 skipped refresh
09-07 22:54:25.742 23305 20310 I WiVRn   : [2026-09-07 22:54:25.742] [WiVRn] [info] nxwarp[0] net: 180 frames closed in 2.0 s, 0 with a hole, 0 out-of-order datagrams, 0 frames completed late, 0 queued for the worker, 543 decoded so far, 762 stragglers dropped; last hole 287/408 chunks, first missing 204, short false, chunk 1166 B
09-07 22:54:25.742 23305 20310 I WiVRn   : [2026-09-07 22:54:25.742] [WiVRn] [info] nxwarp[0] net: 0.048 ms per datagram over 1029 datagrams (24.84 ms of every second)
09-07 22:54:25.742 23305 20310 I WiVRn   : [2026-09-07 22:54:25.742] [WiVRn] [info] nxwarp[0] sel: stride 1, arrival 11.2 ms, dropped-late 219, withheld 8, decoded 543
09-07 22:54:25.742 23305 20310 I WiVRn   : [2026-09-07 22:54:25.742] [WiVRn] [info] nxwarp[0] rx: 18421 datagrams, placed 131069 (+821), late 1149 (+0), stale_frame 0, bad_range 0, bad_dir 0, bad_caps 0, bad_ver 0, auth_fail 0, replay 0, frozen 0, dup 13
09-07 22:54:26.222 23305 20314 I WiVRn   : [2026-09-07 22:54:26.222] [WiVRn] [info] Tracking pattern (11110µs):
09-07 22:54:26.222 23305 20314 I WiVRn   : [2026-09-07 22:54:26.222] [WiVRn] [info] 	t+957µs HEAD (76817µs)
09-07 22:54:26.222 23305 20314 I WiVRn   : [2026-09-07 22:54:26.222] [WiVRn] [info] 	t+1003µs LEFT_GRIP (76771µs)
09-07 22:54:26.222 23305 20314 I WiVRn   : [2026-09-07 22:54:26.222] [WiVRn] [info] 	t+1011µs RIGHT_GRIP (76763µs)
09-07 22:54:26.222 23305 20314 I WiVRn   : [2026-09-07 22:54:26.222] [WiVRn] [info] 	t+9068µs HEAD (79817µs)
09-07 22:54:26.222 23305 20314 I WiVRn   : [2026-09-07 22:54:26.222] [WiVRn] [info] 	t+9114µs LEFT_GRIP (79771µs)
09-07 22:54:26.222 23305 20314 I WiVRn   : [2026-09-07 22:54:26.222] [WiVRn] [info] 	t+9122µs RIGHT_GRIP (79763µs)
09-07 22:54:27.222 23305 20314 I WiVRn   : [2026-09-07 22:54:27.222] [WiVRn] [info] Tracking pattern (11111µs):
09-07 22:54:27.222 23305 20314 I WiVRn   : [2026-09-07 22:54:27.222] [WiVRn] [info] 	t+998µs HEAD (76783µs)
09-07 22:54:27.222 23305 20314 I WiVRn   : [2026-09-07 22:54:27.222] [WiVRn] [info] 	t+1039µs LEFT_GRIP (76742µs)
09-07 22:54:27.222 23305 20314 I WiVRn   : [2026-09-07 22:54:27.222] [WiVRn] [info] 	t+1048µs RIGHT_GRIP (76733µs)
09-07 22:54:27.222 23305 20314 I WiVRn   : [2026-09-07 22:54:27.222] [WiVRn] [info] 	t+9110µs HEAD (79783µs)
09-07 22:54:27.222 23305 20314 I WiVRn   : [2026-09-07 22:54:27.222] [WiVRn] [info] 	t+9151µs LEFT_GRIP (79742µs)
09-07 22:54:27.222 23305 20314 I WiVRn   : [2026-09-07 22:54:27.222] [WiVRn] [info] 	t+9160µs RIGHT_GRIP (79733µs)
09-07 22:54:27.520 23305 20312 I WiVRn   : [2026-09-07 22:54:27.520] [WiVRn] [info] nxwarp[0]: 181 frames in 2.0 s: 1050 B/frame, wait-prev 0.0 ms, wall 1.8 ms, nxvc passA 0.2 passB 0.9 gpu 1.1 ms; holes 1, refused 0
09-07 22:54:27.520 23305 20312 I WiVRn   : [2026-09-07 22:54:27.520] [WiVRn] [info] nxwarp[0] gpu duty 103 ms/s (10% of one GPU) for decode alone; the display pass is extra
09-07 22:54:27.520 23305 20312 I WiVRn   : [2026-09-07 22:54:27.520] [WiVRn] [info] nxwarp[0] passB 0.9 ms = warp 0.0 + skip 0.0 + coded 0.1 + dir 0.0 + other 0.8; tiles skip 0 / coded 5 / dir 0 (eye pass 0)
09-07 22:54:27.520 23305 20312 I WiVRn   : [2026-09-07 22:54:27.520] [WiVRn] [info] nxwarp[0]: 219 frames dropped late (queue kept to 1)
09-07 22:54:27.520 23305 20312 I WiVRn   : [2026-09-07 22:54:27.520] [WiVRn] [info] nxwarp[0] stage: gap 9.3 | wait-prev 0.0 | submit 0.3 (qlock 0.0 + codec 0.3) | get_free 0.0 | fence-pre 0.0 | record 0.0 | qsubmit 0.0 | fence-post 1.5 | publish 0.0 ms; withheld 0, stride 1, arrival 11.1 ms
09-07 22:54:27.520 23305 20312 I WiVRn   : [2026-09-07 22:54:27.520] [WiVRn] [info] nxwarp[0] reassembly (network thread): 0.00 ms/frame over 181 frames, buffer 1 kB held for 1 kB of unit (1.0x)
09-07 22:54:27.520 23305 20312 I WiVRn   : [2026-09-07 22:54:27.520] [WiVRn] [info] nxwarp[0] fence-post 1.5 ms = nxvc gpu 1.1 + copy gpu 0.28 + queue 0.0 (over 181 frames with timestamps)
09-07 22:54:27.520 23305 20312 I WiVRn   : [2026-09-07 22:54:27.520] [WiVRn] [info] nxwarp[0] atlas: frames 181, atlas 181, picture 0, avg dispatches 7.0, avg assembled 0.0, avg valid 578.0, direct targets 0
09-07 22:54:27.626 23305 20154 I WiVRn   : [2026-09-07 22:54:27.626] [WiVRn] [info] render: 180 iterations in 2.0 s (89.5/s), 180 submitted a layer, 178 new-source, 0 skipped by the repeat gate, 0 with nothing to show; display period 11.2 ms
09-07 22:54:27.626 23305 20154 I WiVRn   : [2026-09-07 22:54:27.626] [WiVRn] [info] render: selected source transitions forward 178 backward 0 repeat 2, greatest forward gap 2
09-07 22:54:27.626 23305 20154 I WiVRn   : [2026-09-07 22:54:27.626] [WiVRn] [info] render: this app's own GPU pass 2.7 ms per iteration
09-07 22:54:27.626 23305 20154 I WiVRn   : [2026-09-07 22:54:27.626] [WiVRn] [info] render: defoveate 1088x1088 per eye x2 = 2.37 Mpx/frame at scale 0.50 atlas-prototype 0; 2 re-presented from the cache (reduce_gpu_load on)
09-07 22:54:27.626 23305 20154 I WiVRn   : [2026-09-07 22:54:27.626] [WiVRn] [info] render: shader path sharpness 0.00 fsr false alpha false motion false blend false glow 0.28 vignette 0.00 deband 1.00 lowpoly 0.00 levels 0 full-kernel false
09-07 22:54:27.626 23305 20154 I WiVRn   : [2026-09-07 22:54:27.626] [WiVRn] [info] render: per iteration fence 0.0 (worst 1.9) | queries 0.0 | submit 0.0 | whole render() 0.5 ms
09-07 22:54:27.627 23305 20154 I WiVRn   : [2026-09-07 22:54:27.626] [WiVRn] [info] render: jit on | wake slack 29.7 ms | slept 0.9 ms mean (max 11.7, 180 of 180 iterations) | budget 17.9 = pass 16.9 + margin 1.0 | sleep cap 0.6 ms
09-07 22:54:27.627 23305 20154 I WiVRn   : [2026-09-07 22:54:27.627] [WiVRn] [info] render: source display-time offset -11.1 ms mean (worst 0.3) over 180 frames | submit lead 28.4 ms mean (worst 17.4) | misses: 0 overrun 0 late 1 skipped refresh
09-07 22:54:27.750 23305 20310 I WiVRn   : [2026-09-07 22:54:27.750] [WiVRn] [info] nxwarp[0] net: 181 frames closed in 2.0 s, 0 with a hole, 0 out-of-order datagrams, 0 frames completed late, 0 queued for the worker, 724 decoded so far, 943 stragglers dropped; last hole 287/408 chunks, first missing 204, short false, chunk 1166 B
09-07 22:54:27.751 23305 20310 I WiVRn   : [2026-09-07 22:54:27.751] [WiVRn] [info] nxwarp[0] net: 0.050 ms per datagram over 1005 datagrams (24.97 ms of every second)
09-07 22:54:27.751 23305 20310 I WiVRn   : [2026-09-07 22:54:27.751] [WiVRn] [info] nxwarp[0] sel: stride 1, arrival 11.0 ms, dropped-late 219, withheld 8, decoded 724
09-07 22:54:27.751 23305 20310 I WiVRn   : [2026-09-07 22:54:27.751] [WiVRn] [info] nxwarp[0] rx: 19426 datagrams, placed 131879 (+810), late 1149 (+0), stale_frame 0, bad_range 0, bad_dir 0, bad_caps 0, bad_ver 0, auth_fail 0, replay 0, frozen 0, dup 13
09-07 22:54:28.222 23305 20314 I WiVRn   : [2026-09-07 22:54:28.222] [WiVRn] [info] Tracking pattern (11110µs):
09-07 22:54:28.222 23305 20314 I WiVRn   : [2026-09-07 22:54:28.222] [WiVRn] [info] 	t+1781µs HEAD (75995µs)
09-07 22:54:28.222 23305 20314 I WiVRn   : [2026-09-07 22:54:28.222] [WiVRn] [info] 	t+1811µs LEFT_GRIP (75965µs)
09-07 22:54:28.222 23305 20314 I WiVRn   : [2026-09-07 22:54:28.222] [WiVRn] [info] 	t+1819µs RIGHT_GRIP (75956µs)
09-07 22:54:28.222 23305 20314 I WiVRn   : [2026-09-07 22:54:28.222] [WiVRn] [info] 	t+9892µs HEAD (78995µs)
09-07 22:54:28.222 23305 20314 I WiVRn   : [2026-09-07 22:54:28.222] [WiVRn] [info] 	t+9922µs LEFT_GRIP (78965µs)
09-07 22:54:28.222 23305 20314 I WiVRn   : [2026-09-07 22:54:28.222] [WiVRn] [info] 	t+9930µs RIGHT_GRIP (78956µs)
09-07 22:54:29.222 23305 20314 I WiVRn   : [2026-09-07 22:54:29.222] [WiVRn] [info] Tracking pattern (11110µs):
09-07 22:54:29.222 23305 20314 I WiVRn   : [2026-09-07 22:54:29.222] [WiVRn] [info] 	t+467µs HEAD (77303µs)
09-07 22:54:29.222 23305 20314 I WiVRn   : [2026-09-07 22:54:29.222] [WiVRn] [info] 	t+508µs LEFT_GRIP (77262µs)
09-07 22:54:29.222 23305 20314 I WiVRn   : [2026-09-07 22:54:29.222] [WiVRn] [info] 	t+516µs RIGHT_GRIP (77253µs)
09-07 22:54:29.222 23305 20314 I WiVRn   : [2026-09-07 22:54:29.222] [WiVRn] [info] 	t+8577µs HEAD (80303µs)
09-07 22:54:29.222 23305 20314 I WiVRn   : [2026-09-07 22:54:29.222] [WiVRn] [info] 	t+8618µs LEFT_GRIP (80262µs)
09-07 22:54:29.222 23305 20314 I WiVRn   : [2026-09-07 22:54:29.222] [WiVRn] [info] 	t+8626µs RIGHT_GRIP (80253µs)
09-07 22:54:29.495 23305 20154 I WiVRn   : [2026-09-07 22:54:29.495] [WiVRn] [info] Session state changed at timestamp 0: XR_SESSION_STATE_FOCUSED => XR_SESSION_STATE_VISIBLE
09-07 22:54:29.495 23305 20154 I WiVRn   : [2026-09-07 22:54:29.495] [WiVRn] [info] Session state changed at timestamp 0: XR_SESSION_STATE_VISIBLE => XR_SESSION_STATE_SYNCHRONIZED
09-07 22:54:29.495 23305 20154 I WiVRn   : [2026-09-07 22:54:29.495] [WiVRn] [info] Session state changed at timestamp 0: XR_SESSION_STATE_SYNCHRONIZED => XR_SESSION_STATE_STOPPING
09-07 22:54:29.496 23305 20154 I WiVRn   : [2026-09-07 22:54:29.496] [WiVRn] [info] Session state changed at timestamp 0: XR_SESSION_STATE_STOPPING => XR_SESSION_STATE_IDLE
09-07 22:54:29.521 23305 20312 I WiVRn   : [2026-09-07 22:54:29.521] [WiVRn] [info] nxwarp[0]: 179 frames in 2.0 s: 1050 B/frame, wait-prev 0.0 ms, wall 2.7 ms, nxvc passA 0.3 passB 0.9 gpu 1.2 ms; holes 1, refused 0
09-07 22:54:29.521 23305 20312 I WiVRn   : [2026-09-07 22:54:29.521] [WiVRn] [info] nxwarp[0] gpu duty 105 ms/s (11% of one GPU) for decode alone; the display pass is extra
09-07 22:54:29.521 23305 20312 I WiVRn   : [2026-09-07 22:54:29.521] [WiVRn] [info] nxwarp[0] passB 0.9 ms = warp 0.0 + skip 0.0 + coded 0.1 + dir 0.0 + other 0.8; tiles skip 0 / coded 7 / dir 0 (eye pass 0)
09-07 22:54:29.521 23305 20312 I WiVRn   : [2026-09-07 22:54:29.521] [WiVRn] [info] nxwarp[0]: 219 frames dropped late (queue kept to 1)
09-07 22:54:29.521 23305 20312 I WiVRn   : [2026-09-07 22:54:29.521] [WiVRn] [info] nxwarp[0] stage: gap 8.5 | wait-prev 0.0 | submit 0.3 (qlock 0.0 + codec 0.3) | get_free 0.0 | fence-pre 0.0 | record 0.0 | qsubmit 0.0 | fence-post 2.3 | publish 0.0 ms; withheld 0, stride 1, arrival 11.3 ms
09-07 22:54:29.521 23305 20312 I WiVRn   : [2026-09-07 22:54:29.521] [WiVRn] [info] nxwarp[0] reassembly (network thread): 0.00 ms/frame over 180 frames, buffer 1 kB held for 1 kB of unit (1.0x)
09-07 22:54:29.521 23305 20312 I WiVRn   : [2026-09-07 22:54:29.521] [WiVRn] [info] nxwarp[0] fence-post 2.3 ms = nxvc gpu 1.2 + copy gpu 0.28 + queue 0.8 (over 179 frames with timestamps)
09-07 22:54:29.521 23305 20312 I WiVRn   : [2026-09-07 22:54:29.521] [WiVRn] [info] nxwarp[0] atlas: frames 179, atlas 179, picture 0, avg dispatches 7.0, avg assembled 0.0, avg valid 578.0, direct targets 0
09-07 22:54:29.752 23305 20310 I WiVRn   : [2026-09-07 22:54:29.752] [WiVRn] [info] nxwarp[0] net: 180 frames closed in 2.0 s, 0 with a hole, 0 out-of-order datagrams, 0 frames completed late, 0 queued for the worker, 904 decoded so far, 1123 stragglers dropped; last hole 287/408 chunks, first missing 204, short false, chunk 1166 B
09-07 22:54:29.752 23305 20310 I WiVRn   : [2026-09-07 22:54:29.752] [WiVRn] [info] nxwarp[0] net: 0.060 ms per datagram over 952 datagrams (28.61 ms of every second)
09-07 22:54:29.752 23305 20310 I WiVRn   : [2026-09-07 22:54:29.752] [WiVRn] [info] nxwarp[0] sel: stride 1, arrival 11.2 ms, dropped-late 219, withheld 8, decoded 904
09-07 22:54:29.752 23305 20310 I WiVRn   : [2026-09-07 22:54:29.752] [WiVRn] [info] nxwarp[0] rx: 20378 datagrams, placed 133200 (+1321), late 1149 (+0), stale_frame 0, bad_range 0, bad_dir 0, bad_caps 0, bad_ver 0, auth_fail 0, replay 0, frozen 0, dup 13
09-07 22:54:30.236 23305 20314 I WiVRn   : [2026-09-07 22:54:30.236] [WiVRn] [info] Tracking pattern (11111µs):
09-07 22:54:30.236 23305 20314 I WiVRn   : [2026-09-07 22:54:30.236] [WiVRn] [info] 	t+8893µs HEAD (80000µs)
09-07 22:54:30.236 23305 20314 I WiVRn   : [2026-09-07 22:54:30.236] [WiVRn] [info] 	t+8893µs LEFT_GRIP (80000µs)
09-07 22:54:30.236 23305 20314 I WiVRn   : [2026-09-07 22:54:30.236] [WiVRn] [info] 	t+8893µs RIGHT_GRIP (80000µs)
09-07 22:54:31.216 23305 20314 I WiVRn   : [2026-09-07 22:54:31.216] [WiVRn] [info] Tracking pattern (11111µs):
09-07 22:54:31.217 23305 20314 I WiVRn   : [2026-09-07 22:54:31.217] [WiVRn] [info] 	t+8893µs HEAD (80000µs)
09-07 22:54:31.524 23305 20312 I WiVRn   : [2026-09-07 22:54:31.524] [WiVRn] [info] nxwarp[0]: 181 frames in 2.0 s: 568 B/frame, wait-prev 0.0 ms, wall 2.0 ms, nxvc passA 0.2 passB 0.8 gpu 1.0 ms; holes 1, refused 0
09-07 22:54:31.524 23305 20312 I WiVRn   : [2026-09-07 22:54:31.524] [WiVRn] [info] nxwarp[0] gpu duty 91 ms/s (9% of one GPU) for decode alone; the display pass is extra
09-07 22:54:31.524 23305 20312 I WiVRn   : [2026-09-07 22:54:31.524] [WiVRn] [info] nxwarp[0] passB 0.8 ms = warp 0.0 + skip 0.0 + coded 0.1 + dir 0.0 + other 0.8; tiles skip 0 / coded 3 / dir 0 (eye pass 0)
09-07 22:54:31.524 23305 20312 I WiVRn   : [2026-09-07 22:54:31.524] [WiVRn] [info] nxwarp[0]: 219 frames dropped late (queue kept to 1)
09-07 22:54:31.524 23305 20312 I WiVRn   : [2026-09-07 22:54:31.524] [WiVRn] [info] nxwarp[0] stage: gap 9.0 | wait-prev 0.0 | submit 0.7 (qlock 0.0 + codec 0.7) | get_free 0.0 | fence-pre 0.0 | record 0.1 | qsubmit 0.1 | fence-post 1.2 | publish 0.0 ms; withheld 0, stride 1, arrival 11.3 ms
09-07 22:54:31.524 23305 20312 I WiVRn   : [2026-09-07 22:54:31.524] [WiVRn] [info] nxwarp[0] reassembly (network thread): 0.01 ms/frame over 180 frames, buffer 1 kB held for 1 kB of unit (1.0x)
09-07 22:54:31.524 23305 20312 I WiVRn   : [2026-09-07 22:54:31.524] [WiVRn] [info] nxwarp[0] fence-post 1.2 ms = nxvc gpu 1.0 + copy gpu 0.25 + queue -0.1 (over 181 frames with timestamps)
09-07 22:54:31.524 23305 20312 I WiVRn   : [2026-09-07 22:54:31.524] [WiVRn] [info] nxwarp[0] atlas: frames 181, atlas 181, picture 0, avg dispatches 7.0, avg assembled 0.0, avg valid 578.0, direct targets 0
09-07 22:54:31.751 23305 20154 I WiVRn   : [2026-09-07 22:54:31.751] [WiVRn] [info] Session state changed at timestamp 0: XR_SESSION_STATE_IDLE => XR_SESSION_STATE_READY
09-07 22:54:31.752 23305 20154 I WiVRn   : [2026-09-07 22:54:31.752] [WiVRn] [info] Received event type XR_TYPE_EVENT_DATA_USER_PRESENCE_CHANGED_EXT
09-07 22:54:31.752 23305 20310 I WiVRn   : [2026-09-07 22:54:31.752] [WiVRn] [info] nxwarp[0] net: 180 frames closed in 2.0 s, 0 with a hole, 0 out-of-order datagrams, 0 frames completed late, 0 queued for the worker, 1084 decoded so far, 1303 stragglers dropped; last hole 287/408 chunks, first missing 204, short false, chunk 1166 B
09-07 22:54:31.752 23305 20310 I WiVRn   : [2026-09-07 22:54:31.752] [WiVRn] [info] nxwarp[0] net: 0.184 ms per datagram over 721 datagrams (66.34 ms of every second)
09-07 22:54:31.752 23305 20310 I WiVRn   : [2026-09-07 22:54:31.752] [WiVRn] [info] nxwarp[0] sel: stride 1, arrival 11.0 ms, dropped-late 219, withheld 8, decoded 1084
09-07 22:54:31.752 23305 20310 I WiVRn   : [2026-09-07 22:54:31.752] [WiVRn] [info] nxwarp[0] rx: 21099 datagrams, placed 133778 (+578), late 1149 (+0), stale_frame 0, bad_range 0, bad_dir 0, bad_caps 0, bad_ver 0, auth_fail 0, replay 0, frozen 0, dup 13
09-07 22:54:31.757 23305 20154 I WiVRn   : [2026-09-07 22:54:31.757] [WiVRn] [info] Session state changed at timestamp 0: XR_SESSION_STATE_READY => XR_SESSION_STATE_SYNCHRONIZED
09-07 22:54:31.758 23305 20154 I WiVRn   : [2026-09-07 22:54:31.758] [WiVRn] [info] Session state changed at timestamp 0: XR_SESSION_STATE_SYNCHRONIZED => XR_SESSION_STATE_VISIBLE
09-07 22:54:31.758 23305 20154 I WiVRn   : [2026-09-07 22:54:31.758] [WiVRn] [info] Session state changed at timestamp 0: XR_SESSION_STATE_VISIBLE => XR_SESSION_STATE_FOCUSED
09-07 22:54:31.789 23305 20314 I WiVRn   : [2026-09-07 22:54:31.789] [WiVRn] [info] Tracking pattern (11107µs):
09-07 22:54:31.789 23305 20314 I WiVRn   : [2026-09-07 22:54:31.789] [WiVRn] [info] 	t+1368µs LEFT_GRIP (76385µs)
09-07 22:54:31.789 23305 20314 I WiVRn   : [2026-09-07 22:54:31.789] [WiVRn] [info] 	t+8862µs HEAD (80000µs)
