--------- beginning of main
--------- beginning of system
09-07 22:33:57.882  9659  8128 I WiVRn   : [2026-09-07 22:33:57.882] [WiVRn] [info] Sending query for _wivrn._tcp.local., type PTR
09-07 22:33:58.956  9659  9659 I WiVRn   : [2026-09-07 22:33:58.956] [WiVRn] [info] Received intent wivrn://192.168.1.2
09-07 22:33:58.958  9659  8122 I WiVRn   : [2026-09-07 22:33:58.958] [WiVRn] [info] Session state changed at timestamp 0: XR_SESSION_STATE_FOCUSED => XR_SESSION_STATE_VISIBLE
09-07 22:33:58.969  9659  8122 I WiVRn   : [2026-09-07 22:33:58.969] [WiVRn] [info] Session state changed at timestamp 0: XR_SESSION_STATE_VISIBLE => XR_SESSION_STATE_SYNCHRONIZED
09-07 22:33:58.969  9659  8122 I WiVRn   : [2026-09-07 22:33:58.969] [WiVRn] [info] Session state changed at timestamp 0: XR_SESSION_STATE_SYNCHRONIZED => XR_SESSION_STATE_STOPPING
09-07 22:33:58.972  9659  8122 I WiVRn   : [2026-09-07 22:33:58.972] [WiVRn] [info] Session state changed at timestamp 0: XR_SESSION_STATE_STOPPING => XR_SESSION_STATE_IDLE
09-07 22:33:58.972  9659  8122 I WiVRn   : [2026-09-07 22:33:58.972] [WiVRn] [info] Session state changed at timestamp 0: XR_SESSION_STATE_IDLE => XR_SESSION_STATE_READY
09-07 22:33:58.973  9659  8122 I WiVRn   : [2026-09-07 22:33:58.973] [WiVRn] [info] Received event type XR_TYPE_EVENT_DATA_USER_PRESENCE_CHANGED_EXT
09-07 22:33:58.979  9659  8122 I WiVRn   : [2026-09-07 22:33:58.979] [WiVRn] [info] Session state changed at timestamp 0: XR_SESSION_STATE_READY => XR_SESSION_STATE_SYNCHRONIZED
09-07 22:33:58.979  9659  8122 I WiVRn   : [2026-09-07 22:33:58.979] [WiVRn] [info] Session state changed at timestamp 0: XR_SESSION_STATE_SYNCHRONIZED => XR_SESSION_STATE_VISIBLE
09-07 22:33:58.979  9659  8122 I WiVRn   : [2026-09-07 22:33:58.979] [WiVRn] [info] Session state changed at timestamp 0: XR_SESSION_STATE_VISIBLE => XR_SESSION_STATE_FOCUSED
09-07 22:33:58.982  9659  8266 I WiVRn   : [2026-09-07 22:33:58.982] [WiVRn] [info] Using pin "000000"
09-07 22:33:58.989  9659  8266 I WiVRn   : [2026-09-07 22:33:58.989] [WiVRn] [info] Wi-Fi QoS marks enabled (uplink EF / AC_VO)
09-07 22:33:58.990  9659  8122 I WiVRn   : [2026-09-07 22:33:58.990] [WiVRn] [info] Received event type Unknown
09-07 22:33:59.000  9659  8122 I WiVRn   : [2026-09-07 22:33:59.000] [WiVRn] [info] Supported swapchain formats:
09-07 22:33:59.000  9659  8122 I WiVRn   : [2026-09-07 22:33:59.000] [WiVRn] [info]     R8G8B8A8Srgb
09-07 22:33:59.000  9659  8122 I WiVRn   : [2026-09-07 22:33:59.000] [WiVRn] [info]     R8Unorm
09-07 22:33:59.000  9659  8122 I WiVRn   : [2026-09-07 22:33:59.000] [WiVRn] [info]     R8G8Unorm
09-07 22:33:59.000  9659  8122 I WiVRn   : [2026-09-07 22:33:59.000] [WiVRn] [info]     R8G8B8A8Unorm
09-07 22:33:59.000  9659  8122 I WiVRn   : [2026-09-07 22:33:59.000] [WiVRn] [info]     R5G6B5UnormPack16
09-07 22:33:59.000  9659  8122 I WiVRn   : [2026-09-07 22:33:59.000] [WiVRn] [info]     A2B10G10R10UnormPack32
09-07 22:33:59.000  9659  8122 I WiVRn   : [2026-09-07 22:33:59.000] [WiVRn] [info]     R16Unorm
09-07 22:33:59.000  9659  8122 I WiVRn   : [2026-09-07 22:33:59.000] [WiVRn] [info]     R16G16Unorm
09-07 22:33:59.000  9659  8122 I WiVRn   : [2026-09-07 22:33:59.000] [WiVRn] [info]     R16G16B16A16Unorm
09-07 22:33:59.000  9659  8122 I WiVRn   : [2026-09-07 22:33:59.000] [WiVRn] [info]     R16Uint
09-07 22:33:59.000  9659  8122 I WiVRn   : [2026-09-07 22:33:59.000] [WiVRn] [info]     R16G16Uint
09-07 22:33:59.000  9659  8122 I WiVRn   : [2026-09-07 22:33:59.000] [WiVRn] [info]     R16G16B16A16Uint
09-07 22:33:59.000  9659  8122 I WiVRn   : [2026-09-07 22:33:59.000] [WiVRn] [info]     R16Sint
09-07 22:33:59.000  9659  8122 I WiVRn   : [2026-09-07 22:33:59.000] [WiVRn] [info]     R16G16Sint
09-07 22:33:59.000  9659  8122 I WiVRn   : [2026-09-07 22:33:59.000] [WiVRn] [info]     R16G16B16A16Sint
09-07 22:33:59.000  9659  8122 I WiVRn   : [2026-09-07 22:33:59.000] [WiVRn] [info]     R16Sfloat
09-07 22:33:59.000  9659  8122 I WiVRn   : [2026-09-07 22:33:59.000] [WiVRn] [info]     R16G16Sfloat
09-07 22:33:59.000  9659  8122 I WiVRn   : [2026-09-07 22:33:59.000] [WiVRn] [info]     R16G16B16A16Sfloat
09-07 22:33:59.000  9659  8122 I WiVRn   : [2026-09-07 22:33:59.000] [WiVRn] [info]     A1R5G5B5UnormPack16
09-07 22:33:59.000  9659  8122 I WiVRn   : [2026-09-07 22:33:59.000] [WiVRn] [info]     Etc2R8G8B8UnormBlock
09-07 22:33:59.000  9659  8122 I WiVRn   : [2026-09-07 22:33:59.000] [WiVRn] [info]     Etc2R8G8B8A1UnormBlock
09-07 22:33:59.000  9659  8122 I WiVRn   : [2026-09-07 22:33:59.000] [WiVRn] [info]     Etc2R8G8B8A8UnormBlock
09-07 22:33:59.000  9659  8122 I WiVRn   : [2026-09-07 22:33:59.000] [WiVRn] [info]     Etc2R8G8B8SrgbBlock
09-07 22:33:59.000  9659  8122 I WiVRn   : [2026-09-07 22:33:59.000] [WiVRn] [info]     Etc2R8G8B8A1SrgbBlock
09-07 22:33:59.000  9659  8122 I WiVRn   : [2026-09-07 22:33:59.000] [WiVRn] [info]     Etc2R8G8B8A8SrgbBlock
09-07 22:33:59.000  9659  8122 I WiVRn   : [2026-09-07 22:33:59.000] [WiVRn] [info]     EacR11UnormBlock
09-07 22:33:59.000  9659  8122 I WiVRn   : [2026-09-07 22:33:59.000] [WiVRn] [info]     EacR11G11UnormBlock
09-07 22:33:59.000  9659  8122 I WiVRn   : [2026-09-07 22:33:59.000] [WiVRn] [info]     EacR11SnormBlock
09-07 22:33:59.000  9659  8122 I WiVRn   : [2026-09-07 22:33:59.000] [WiVRn] [info]     EacR11G11SnormBlock
09-07 22:33:59.000  9659  8122 I WiVRn   : [2026-09-07 22:33:59.000] [WiVRn] [info]     Astc4x4UnormBlock
09-07 22:33:59.000  9659  8122 I WiVRn   : [2026-09-07 22:33:59.000] [WiVRn] [info]     Astc5x4UnormBlock
09-07 22:33:59.000  9659  8122 I WiVRn   : [2026-09-07 22:33:59.000] [WiVRn] [info]     Astc5x5UnormBlock
09-07 22:33:59.000  9659  8122 I WiVRn   : [2026-09-07 22:33:59.000] [WiVRn] [info]     Astc6x5UnormBlock
09-07 22:33:59.000  9659  8122 I WiVRn   : [2026-09-07 22:33:59.000] [WiVRn] [info]     Astc6x6UnormBlock
09-07 22:33:59.000  9659  8122 I WiVRn   : [2026-09-07 22:33:59.000] [WiVRn] [info]     Astc8x5UnormBlock
09-07 22:33:59.000  9659  8122 I WiVRn   : [2026-09-07 22:33:59.000] [WiVRn] [info]     Astc8x6UnormBlock
09-07 22:33:59.000  9659  8122 I WiVRn   : [2026-09-07 22:33:59.000] [WiVRn] [info]     Astc8x8UnormBlock
09-07 22:33:59.000  9659  8122 I WiVRn   : [2026-09-07 22:33:59.000] [WiVRn] [info]     Astc10x5UnormBlock
09-07 22:33:59.000  9659  8122 I WiVRn   : [2026-09-07 22:33:59.000] [WiVRn] [info]     Astc10x6UnormBlock
09-07 22:33:59.000  9659  8122 I WiVRn   : [2026-09-07 22:33:59.000] [WiVRn] [info]     Astc10x8UnormBlock
09-07 22:33:59.000  9659  8122 I WiVRn   : [2026-09-07 22:33:59.000] [WiVRn] [info]     Astc10x10UnormBlock
09-07 22:33:59.000  9659  8122 I WiVRn   : [2026-09-07 22:33:59.000] [WiVRn] [info]     Astc12x10UnormBlock
09-07 22:33:59.000  9659  8122 I WiVRn   : [2026-09-07 22:33:59.000] [WiVRn] [info]     Astc12x12UnormBlock
09-07 22:33:59.000  9659  8122 I WiVRn   : [2026-09-07 22:33:59.000] [WiVRn] [info]     Astc4x4SrgbBlock
09-07 22:33:59.000  9659  8122 I WiVRn   : [2026-09-07 22:33:59.000] [WiVRn] [info]     Astc5x4SrgbBlock
09-07 22:33:59.000  9659  8122 I WiVRn   : [2026-09-07 22:33:59.000] [WiVRn] [info]     Astc5x5SrgbBlock
09-07 22:33:59.000  9659  8122 I WiVRn   : [2026-09-07 22:33:59.000] [WiVRn] [info]     Astc6x5SrgbBlock
09-07 22:33:59.000  9659  8122 I WiVRn   : [2026-09-07 22:33:59.000] [WiVRn] [info]     Astc6x6SrgbBlock
09-07 22:33:59.000  9659  8122 I WiVRn   : [2026-09-07 22:33:59.000] [WiVRn] [info]     Astc8x5SrgbBlock
09-07 22:33:59.000  9659  8122 I WiVRn   : [2026-09-07 22:33:59.000] [WiVRn] [info]     Astc8x6SrgbBlock
09-07 22:33:59.000  9659  8122 I WiVRn   : [2026-09-07 22:33:59.000] [WiVRn] [info]     Astc8x8SrgbBlock
09-07 22:33:59.000  9659  8122 I WiVRn   : [2026-09-07 22:33:59.000] [WiVRn] [info]     Astc10x5SrgbBlock
09-07 22:33:59.000  9659  8122 I WiVRn   : [2026-09-07 22:33:59.000] [WiVRn] [info]     Astc10x6SrgbBlock
09-07 22:33:59.000  9659  8122 I WiVRn   : [2026-09-07 22:33:59.000] [WiVRn] [info]     Astc10x8SrgbBlock
09-07 22:33:59.000  9659  8122 I WiVRn   : [2026-09-07 22:33:59.000] [WiVRn] [info]     Astc10x10SrgbBlock
09-07 22:33:59.000  9659  8122 I WiVRn   : [2026-09-07 22:33:59.000] [WiVRn] [info]     Astc12x10SrgbBlock
09-07 22:33:59.000  9659  8122 I WiVRn   : [2026-09-07 22:33:59.000] [WiVRn] [info]     Astc12x12SrgbBlock
09-07 22:33:59.000  9659  8122 I WiVRn   : [2026-09-07 22:33:59.000] [WiVRn] [info]     D16Unorm
09-07 22:33:59.000  9659  8122 I WiVRn   : [2026-09-07 22:33:59.000] [WiVRn] [info]     X8D24UnormPack32
09-07 22:33:59.000  9659  8122 I WiVRn   : [2026-09-07 22:33:59.000] [WiVRn] [info]     D32Sfloat
09-07 22:33:59.000  9659  8122 I WiVRn   : [2026-09-07 22:33:59.000] [WiVRn] [info]     D24UnormS8Uint
09-07 22:33:59.000  9659  8122 I WiVRn   : [2026-09-07 22:33:59.000] [WiVRn] [info]     B8G8R8A8Unorm
09-07 22:33:59.000  9659  8122 I WiVRn   : [2026-09-07 22:33:59.000] [WiVRn] [info]     B8G8R8A8Srgb
09-07 22:33:59.001  9659  8122 I WiVRn   : [2026-09-07 22:33:59.001] [WiVRn] [info] Using panel size: 2160x2160
09-07 22:33:59.023  9659  8122 I WiVRn   : [2026-09-07 22:33:59.023] [WiVRn] [info] video codec av1: NOT supported
09-07 22:33:59.073  9659  8122 I WiVRn   : [2026-09-07 22:33:59.073] [WiVRn] [info] video codec h265: supported
09-07 22:33:59.103  9659  8122 I WiVRn   : [2026-09-07 22:33:59.103] [WiVRn] [info] video codec h264: supported
09-07 22:33:59.108  9659  8122 I WiVRn   : [2026-09-07 22:33:59.108] [WiVRn] [info] Using format R8G8B8A8Srgb
09-07 22:33:59.109  9659  8122 I WiVRn   : [2026-09-07 22:33:59.109] [WiVRn] [info] WifiLock low latency acquired
09-07 22:33:59.152  9659  8288 I WiVRn   : [2026-09-07 22:33:59.152] [WiVRn] [info] setup, refresh rate 90
09-07 22:33:59.152  9659  8288 I WiVRn   : [2026-09-07 22:33:59.152] [WiVRn] [info] set refresh rate to 90Hz
09-07 22:33:59.153  9659  8288 I WiVRn   : [2026-09-07 22:33:59.153] [WiVRn] [info] Creating decoders, size 1088x1088
09-07 22:33:59.153  9659  8288 I WiVRn   : [2026-09-07 22:33:59.153] [WiVRn] [info] edge bleed: server overscan 5.0%, client ring 0.0% (fade)
09-07 22:33:59.153  9659  8288 I WiVRn   : [2026-09-07 22:33:59.153] [WiVRn] [info]   stream 0: role 0, 1088x1088
09-07 22:33:59.153  9659  8288 I WiVRn   : [2026-09-07 22:33:59.153] [WiVRn] [info] nxwarp: decoupled display on
09-07 22:33:59.153  9659  8288 I WiVRn   : [2026-09-07 22:33:59.153] [WiVRn] [info] nxwarp: ycbcr chroma filter linear
09-07 22:33:59.153  9659  8288 I WiVRn   : [2026-09-07 22:33:59.153] [WiVRn] [info] nxwarp[0]: decoupled display -- frames are published complete and the reprojection pass waits on nothing
09-07 22:33:59.154  9659  8288 I WiVRn   : [2026-09-07 22:33:59.154] [WiVRn] [info]   stream 2: role 1, 1088x544
09-07 22:33:59.154  9659  8288 I WiVRn   : [2026-09-07 22:33:59.154] [WiVRn] [info] nxwarp: decoupled display on
09-07 22:33:59.154  9659  8288 I WiVRn   : [2026-09-07 22:33:59.154] [WiVRn] [info] nxwarp: ycbcr chroma filter linear
09-07 22:33:59.154  9659  8288 I WiVRn   : [2026-09-07 22:33:59.154] [WiVRn] [info] nxwarp[2]: decoupled display -- frames are published complete and the reprojection pass waits on nothing
09-07 22:33:59.154  9659  8292 I WiVRn   : [2026-09-07 22:33:59.154] [WiVRn] [info] Adding hand_interaction poses to device list
09-07 22:33:59.154  9659  8292 I WiVRn   : [2026-09-07 22:33:59.154] [WiVRn] [info] interaction profile for /user/hand/left: /interaction_profiles/ext/hand_interaction_ext
09-07 22:33:59.154  9659  8292 I WiVRn   : [2026-09-07 22:33:59.154] [WiVRn] [info] interaction profile for /user/hand/right: /interaction_profiles/ext/hand_interaction_ext
09-07 22:33:59.154  9659  8292 I WiVRn   : [2026-09-07 22:33:59.154] [WiVRn] [info] interaction profile for /user/gamepad: XR_NULL_PATH
09-07 22:33:59.154  9659  8292 W WiVRn   : [2026-09-07 22:33:59.154] [WiVRn] [warning] unknown interaction profile XR_NULL_PATH
09-07 22:33:59.156  9659  8292 I WiVRn   : [2026-09-07 22:33:59.156] [WiVRn] [info] Tracking pattern (5000µs):
09-07 22:33:59.156  9659  8292 I WiVRn   : [2026-09-07 22:33:59.156] [WiVRn] [info] 	t+5000µs HEAD (0µs)
09-07 22:33:59.167  9659  8288 I WiVRn   : [2026-09-07 22:33:59.167] [WiVRn] [info] Speaker stream started
09-07 22:33:59.167  9659  8288 I WiVRn   : [2026-09-07 22:33:59.167] [WiVRn] [info] setup, refresh rate 90
09-07 22:33:59.167  9659  8288 I WiVRn   : [2026-09-07 22:33:59.167] [WiVRn] [info] set refresh rate to 90Hz
09-07 22:34:00.944  9659  8122 I WiVRn   : [2026-09-07 22:34:00.944] [WiVRn] [info] Session state changed at timestamp 0: XR_SESSION_STATE_FOCUSED => XR_SESSION_STATE_VISIBLE
09-07 22:34:00.944  9659  8122 I WiVRn   : [2026-09-07 22:34:00.944] [WiVRn] [info] Session state changed at timestamp 0: XR_SESSION_STATE_VISIBLE => XR_SESSION_STATE_SYNCHRONIZED
09-07 22:34:00.944  9659  8122 I WiVRn   : [2026-09-07 22:34:00.944] [WiVRn] [info] Session state changed at timestamp 0: XR_SESSION_STATE_SYNCHRONIZED => XR_SESSION_STATE_STOPPING
09-07 22:34:00.946  9659  8122 I WiVRn   : [2026-09-07 22:34:00.946] [WiVRn] [info] Session state changed at timestamp 0: XR_SESSION_STATE_STOPPING => XR_SESSION_STATE_IDLE
09-07 22:34:02.589  9659  8288 I WiVRn   : [2026-09-07 22:34:02.589] [WiVRn] [info] nxwarp[0]: direct atlas targets false
09-07 22:34:02.589  9659  8288 I WiVRn   : [2026-09-07 22:34:02.589] [WiVRn] [info] nxwarp[0]: real R8 atlas display with per-frame GPU snapshots
09-07 22:34:02.589  9659  8288 I WiVRn   : [2026-09-07 22:34:02.589] [WiVRn] [info] nxwarp[0]: 1088x1088 per eye, 2 eyes, on Adreno (TM) 650, 34 x 17 tiles, 1166 bytes per tile
09-07 22:34:02.591  9659  8288 I WiVRn   : [2026-09-07 22:34:02.591] [WiVRn] [info] nxwarp[0] net: 1 frames closed in 3.4 s, 0 with a hole, 0 out-of-order datagrams, 0 frames completed late, 0 queued for the worker, 0 decoded so far, 0 stragglers dropped; last hole 0/0 chunks, first missing -1, short false, chunk 1166 B
09-07 22:34:02.591  9659  8288 I WiVRn   : [2026-09-07 22:34:02.591] [WiVRn] [info] nxwarp[0] net: 0.081 ms per datagram over 18 datagrams (0.43 ms of every second)
09-07 22:34:02.591  9659  8288 I WiVRn   : [2026-09-07 22:34:02.591] [WiVRn] [info] nxwarp[0] sel: stride 1, arrival 0.0 ms, dropped-late 0, withheld 0, decoded 0
09-07 22:34:02.591  9659  8288 I WiVRn   : [2026-09-07 22:34:02.591] [WiVRn] [info] nxwarp[0] rx: 19 datagrams, placed 578 (+578), late 0 (+0), stale_frame 0, bad_range 0, bad_dir 0, bad_caps 0, bad_ver 0, auth_fail 0, replay 0, frozen 0, dup 0
09-07 22:34:02.621  9659  8292 I WiVRn   : [2026-09-07 22:34:02.621] [WiVRn] [info] Tracking pattern (5000µs):
09-07 22:34:02.621  9659  8292 I WiVRn   : [2026-09-07 22:34:02.621] [WiVRn] [info] 	t+367µs HEAD (34632µs)
09-07 22:34:02.621  9659  8292 I WiVRn   : [2026-09-07 22:34:02.621] [WiVRn] [info] 	t+1367µs HEAD (43632µs)
09-07 22:34:02.621  9659  8292 I WiVRn   : [2026-09-07 22:34:02.621] [WiVRn] [info] 	t+1780µs LEFT_GRIP (38219µs)
09-07 22:34:02.621  9659  8292 I WiVRn   : [2026-09-07 22:34:02.621] [WiVRn] [info] 	t+1834µs RIGHT_GRIP (38165µs)
09-07 22:34:02.621  9659  8292 I WiVRn   : [2026-09-07 22:34:02.621] [WiVRn] [info] 	t+2367µs HEAD (37632µs)
09-07 22:34:02.621  9659  8292 I WiVRn   : [2026-09-07 22:34:02.621] [WiVRn] [info] 	t+3780µs LEFT_GRIP (41219µs)
09-07 22:34:02.621  9659  8292 I WiVRn   : [2026-09-07 22:34:02.621] [WiVRn] [info] 	t+3834µs RIGHT_GRIP (41165µs)
09-07 22:34:02.621  9659  8292 I WiVRn   : [2026-09-07 22:34:02.621] [WiVRn] [info] 	t+4367µs HEAD (40632µs)
09-07 22:34:02.885  9659  8128 I WiVRn   : [2026-09-07 22:34:02.885] [WiVRn] [info] Sending query for _wivrn._tcp.local., type PTR
09-07 22:34:03.182  9659  8292 I WiVRn   : [2026-09-07 22:34:03.182] [WiVRn] [info] Tracking pattern (5000µs):
09-07 22:34:03.182  9659  8292 I WiVRn   : [2026-09-07 22:34:03.182] [WiVRn] [info] 	t+601µs HEAD (29398µs)
09-07 22:34:03.182  9659  8292 I WiVRn   : [2026-09-07 22:34:03.182] [WiVRn] [info] 	t+736µs LEFT_GRIP (29263µs)
09-07 22:34:03.182  9659  8292 I WiVRn   : [2026-09-07 22:34:03.182] [WiVRn] [info] 	t+1167µs RIGHT_GRIP (28832µs)
09-07 22:34:03.182  9659  8292 I WiVRn   : [2026-09-07 22:34:03.182] [WiVRn] [info] 	t+3601µs HEAD (26398µs)
09-07 22:34:03.182  9659  8292 I WiVRn   : [2026-09-07 22:34:03.182] [WiVRn] [info] 	t+3736µs LEFT_GRIP (26263µs)
09-07 22:34:03.182  9659  8292 I WiVRn   : [2026-09-07 22:34:03.182] [WiVRn] [info] 	t+4167µs RIGHT_GRIP (25832µs)
09-07 22:34:03.206  9659  8122 I WiVRn   : [2026-09-07 22:34:03.206] [WiVRn] [info] Session state changed at timestamp 0: XR_SESSION_STATE_IDLE => XR_SESSION_STATE_READY
09-07 22:34:03.208  9659  8122 I WiVRn   : [2026-09-07 22:34:03.208] [WiVRn] [info] Received event type XR_TYPE_EVENT_DATA_USER_PRESENCE_CHANGED_EXT
09-07 22:34:03.227  9659  8122 I WiVRn   : [2026-09-07 22:34:03.227] [WiVRn] [info] Session state changed at timestamp 0: XR_SESSION_STATE_READY => XR_SESSION_STATE_SYNCHRONIZED
09-07 22:34:03.227  9659  8122 I WiVRn   : [2026-09-07 22:34:03.227] [WiVRn] [info] Session state changed at timestamp 0: XR_SESSION_STATE_SYNCHRONIZED => XR_SESSION_STATE_VISIBLE
09-07 22:34:03.227  9659  8122 I WiVRn   : [2026-09-07 22:34:03.227] [WiVRn] [info] Session state changed at timestamp 0: XR_SESSION_STATE_VISIBLE => XR_SESSION_STATE_FOCUSED
09-07 22:34:03.287  9659  8122 I WiVRn   : [2026-09-07 22:34:03.287] [WiVRn] [info] Received event type Unknown
09-07 22:34:03.884  9659  8290 I WiVRn   : [2026-09-07 22:34:03.884] [WiVRn] [info] Stream scene ready at t=83077253741172
09-07 22:34:03.884  9659  8290 I WiVRn   : [2026-09-07 22:34:03.884] [WiVRn] [info] nxwarp[0]: 1 frames in 4.7 s: 9118 B/frame, wait-prev 0.0 ms, wall 1293.0 ms, nxvc passA 4.6 passB 11.6 gpu 16.1 ms; holes 1, refused 0
09-07 22:34:03.884  9659  8290 I WiVRn   : [2026-09-07 22:34:03.884] [WiVRn] [info] nxwarp[0] gpu duty 3 ms/s (0% of one GPU) for decode alone; the display pass is extra
09-07 22:34:03.884  9659  8290 I WiVRn   : [2026-09-07 22:34:03.884] [WiVRn] [info] nxwarp[0] passB 11.6 ms = warp 0.0 + skip 0.0 + coded 0.0 + dir 0.0 + other 11.6; tiles skip 0 / coded 578 / dir 0 (eye pass 0)
09-07 22:34:03.884  9659  8290 I WiVRn   : [2026-09-07 22:34:03.884] [WiVRn] [info] nxwarp[0]: 160 frames dropped late (queue kept to 1)
09-07 22:34:03.884  9659  8290 I WiVRn   : [2026-09-07 22:34:03.884] [WiVRn] [info] nxwarp[0] stage: gap 0.0 | wait-prev 0.0 | submit 1275.7 (qlock 0.0 + codec 1275.7) | get_free 0.0 | fence-pre 0.0 | record 0.4 | qsubmit 0.1 | fence-post 16.7 | publish 0.1 ms; withheld 0, stride 1, arrival 10.9 ms
09-07 22:34:03.884  9659  8290 I WiVRn   : [2026-09-07 22:34:03.884] [WiVRn] [info] nxwarp[0] reassembly (network thread): 0.07 ms/frame over 163 frames, buffer 54 kB held for 54 kB of unit (1.0x)
09-07 22:34:03.884  9659  8290 I WiVRn   : [2026-09-07 22:34:03.884] [WiVRn] [info] nxwarp[0] fence-post 16.8 ms = nxvc gpu 16.1 + copy gpu 0.84 + queue -0.3 (over 1 frames with timestamps)
09-07 22:34:03.884  9659  8290 I WiVRn   : [2026-09-07 22:34:03.884] [WiVRn] [info] nxwarp[0] atlas: frames 1, atlas 1, picture 0, avg dispatches 6.0, avg assembled 0.0, avg valid 578.0, direct targets 0
09-07 22:34:03.892  9659  8122 I WiVRn   : [2026-09-07 22:34:03.892] [WiVRn] [info] MulticastLock released
09-07 22:34:03.936  9659  8122 I WiVRn   : [2026-09-07 22:34:03.936] [WiVRn] [info] Loaded input profile pico-4
09-07 22:34:03.936  9659  8122 I WiVRn   : [2026-09-07 22:34:03.936] [WiVRn] [info] Initializing offset of space aim_left to (-5, 0, 20) mm, (0, -0, 0)°
09-07 22:34:03.936  9659  8122 I WiVRn   : [2026-09-07 22:34:03.936] [WiVRn] [info] Initializing offset of space aim_right to (5, 0, 20) mm, (0, -0, 0)°
09-07 22:34:03.936  9659  8122 I WiVRn   : [2026-09-07 22:34:03.936] [WiVRn] [info] Initializing offset of space grip_left to (0, -20, -50) mm, (-30.000002, -0, 0)°
09-07 22:34:03.936  9659  8122 I WiVRn   : [2026-09-07 22:34:03.936] [WiVRn] [info] Initializing offset of space grip_right to (0, -20, -50) mm, (-30.000002, -0, 0)°
09-07 22:34:03.963  9659  8122 I WiVRn   : [2026-09-07 22:34:03.963] [WiVRn] [info] Font for de /system/fonts/PICOSans.ttf
09-07 22:34:03.963  9659  8122 I WiVRn   : [2026-09-07 22:34:03.963] [WiVRn] [info] Font for es /system/fonts/PICOSans.ttf
09-07 22:34:03.963  9659  8122 I WiVRn   : [2026-09-07 22:34:03.963] [WiVRn] [info] Font for fr /system/fonts/PICOSans.ttf
09-07 22:34:03.963  9659  8122 I WiVRn   : [2026-09-07 22:34:03.963] [WiVRn] [info] Font for fr /system/fonts/Roboto-Regular.ttf
09-07 22:34:03.963  9659  8122 I WiVRn   : [2026-09-07 22:34:03.963] [WiVRn] [info] Font for it /system/fonts/PICOSans.ttf
09-07 22:34:03.963  9659  8122 I WiVRn   : [2026-09-07 22:34:03.963] [WiVRn] [info] Font for ja /system/fonts/PICOSans.ttf
09-07 22:34:03.963  9659  8122 I WiVRn   : [2026-09-07 22:34:03.963] [WiVRn] [info] Font for ja /system/fonts/PICOSansVFJP.ttf
09-07 22:34:03.963  9659  8122 I WiVRn   : [2026-09-07 22:34:03.963] [WiVRn] [info] Font for ka /system/fonts/PICOSans.ttf
09-07 22:34:03.963  9659  8122 I WiVRn   : [2026-09-07 22:34:03.963] [WiVRn] [info] Font for ka /system/fonts/NotoSansGeorgian-Regular.otf
09-07 22:34:03.963  9659  8122 I WiVRn   : [2026-09-07 22:34:03.963] [WiVRn] [info] Font for ka /system/fonts/PICOSans.ttf
09-07 22:34:03.963  9659  8122 I WiVRn   : [2026-09-07 22:34:03.963] [WiVRn] [info] Font for pl /system/fonts/PICOSans.ttf
09-07 22:34:03.963  9659  8122 I WiVRn   : [2026-09-07 22:34:03.963] [WiVRn] [info] Font for pl /system/fonts/Roboto-Regular.ttf
09-07 22:34:03.963  9659  8122 I WiVRn   : [2026-09-07 22:34:03.963] [WiVRn] [info] Font for pl /system/fonts/PICOSans.ttf
09-07 22:34:03.963  9659  8122 I WiVRn   : [2026-09-07 22:34:03.963] [WiVRn] [info] Font for pl /system/fonts/PICOSansSC-Regular.ttf
09-07 22:34:03.963  9659  8122 I WiVRn   : [2026-09-07 22:34:03.963] [WiVRn] [info] Font for pl /system/fonts/Roboto-Regular.ttf
09-07 22:34:03.963  9659  8122 I WiVRn   : [2026-09-07 22:34:03.963] [WiVRn] [info] Font for pl /system/fonts/PICOSans.ttf
09-07 22:34:03.963  9659  8122 I WiVRn   : [2026-09-07 22:34:03.963] [WiVRn] [info] Font for pt_BR /system/fonts/PICOSans.ttf
09-07 22:34:03.963  9659  8122 I WiVRn   : [2026-09-07 22:34:03.963] [WiVRn] [info] Font for ru /system/fonts/PICOSans.ttf
09-07 22:34:03.963  9659  8122 I WiVRn   : [2026-09-07 22:34:03.963] [WiVRn] [info] Font for ru /system/fonts/PICOSansSC-Regular.ttf
09-07 22:34:03.963  9659  8122 I WiVRn   : [2026-09-07 22:34:03.963] [WiVRn] [info] Font for ru /system/fonts/PICOSans.ttf
09-07 22:34:03.964  9659  8122 I WiVRn   : [2026-09-07 22:34:03.964] [WiVRn] [info] Font for sk /system/fonts/PICOSans.ttf
09-07 22:34:03.964  9659  8122 I WiVRn   : [2026-09-07 22:34:03.964] [WiVRn] [info] Font for sk /system/fonts/Roboto-Regular.ttf
09-07 22:34:03.964  9659  8122 I WiVRn   : [2026-09-07 22:34:03.964] [WiVRn] [info] Font for sk /system/fonts/PICOSansSC-Regular.ttf
09-07 22:34:03.964  9659  8122 I WiVRn   : [2026-09-07 22:34:03.964] [WiVRn] [info] Font for sk /system/fonts/PICOSans.ttf
09-07 22:34:03.964  9659  8122 I WiVRn   : [2026-09-07 22:34:03.964] [WiVRn] [info] Font for sk /system/fonts/Roboto-Regular.ttf
09-07 22:34:03.964  9659  8122 I WiVRn   : [2026-09-07 22:34:03.964] [WiVRn] [info] Font for sk /system/fonts/PICOSans.ttf
09-07 22:34:03.964  9659  8122 I WiVRn   : [2026-09-07 22:34:03.964] [WiVRn] [info] Font for tr /system/fonts/PICOSans.ttf
09-07 22:34:03.964  9659  8122 I WiVRn   : [2026-09-07 22:34:03.964] [WiVRn] [info] Font for tr /system/fonts/Roboto-Regular.ttf
09-07 22:34:03.964  9659  8122 I WiVRn   : [2026-09-07 22:34:03.964] [WiVRn] [info] Font for tr /system/fonts/PICOSans.ttf
09-07 22:34:03.964  9659  8122 I WiVRn   : [2026-09-07 22:34:03.964] [WiVRn] [info] Font for tr /system/fonts/Roboto-Regular.ttf
09-07 22:34:03.964  9659  8122 I WiVRn   : [2026-09-07 22:34:03.964] [WiVRn] [info] Font for tr /system/fonts/PICOSans.ttf
09-07 22:34:03.964  9659  8122 I WiVRn   : [2026-09-07 22:34:03.964] [WiVRn] [info] Font for zh_CN /system/fonts/PICOSans.ttf
09-07 22:34:03.964  9659  8122 I WiVRn   : [2026-09-07 22:34:03.964] [WiVRn] [info] Font for zh_CN /system/fonts/PICOSansSC-Regular.ttf
09-07 22:34:03.964  9659  8122 I WiVRn   : [2026-09-07 22:34:03.964] [WiVRn] [info] Font for zh_TW /system/fonts/PICOSans.ttf
09-07 22:34:03.964  9659  8122 I WiVRn   : [2026-09-07 22:34:03.964] [WiVRn] [info] Font for zh_TW /system/fonts/PICOSansSC-Regular.ttf
09-07 22:34:03.968  9659  8122 I WiVRn   : [2026-09-07 22:34:03.968] [WiVRn] [info] Using font /system/fonts/PICOSans.ttf
09-07 22:34:03.969  9659  8122 I WiVRn   : [2026-09-07 22:34:03.969] [WiVRn] [info] Using font /system/fonts/Roboto-Regular.ttf
09-07 22:34:03.969  9659  8122 I WiVRn   : [2026-09-07 22:34:03.969] [WiVRn] [info] Using font /system/fonts/PICOSansVFJP.ttf
09-07 22:34:03.989  9659  8122 I WiVRn   : [2026-09-07 22:34:03.989] [WiVRn] [info] Using font /system/fonts/NotoSansGeorgian-Regular.otf
09-07 22:34:03.989  9659  8122 I WiVRn   : [2026-09-07 22:34:03.989] [WiVRn] [info] Using font /system/fonts/PICOSansSC-Regular.ttf
09-07 22:34:03.997  9659  8122 I WiVRn   : [2026-09-07 22:34:03.997] [WiVRn] [info] Performance level: CPU domain asked for sustained_high
09-07 22:34:03.997  9659  8122 I WiVRn   : [2026-09-07 22:34:03.997] [WiVRn] [info] nxwarp: GPU performance level setting 2
09-07 22:34:03.997  9659  8122 I WiVRn   : [2026-09-07 22:34:03.997] [WiVRn] [info] Performance level: GPU domain asked for boost
09-07 22:34:04.019  9659  8122 I WiVRn   : [2026-09-07 22:34:04.019] [WiVRn] [info] swapchain setup, refresh rate 90
09-07 22:34:04.019  9659  8122 I WiVRn   : [2026-09-07 22:34:04.019] [WiVRn] [info] set refresh rate to 90Hz
09-07 22:34:04.046  9659  8122 I WiVRn   : [2026-09-07 22:34:04.046] [WiVRn] [info] Created stream swapchain: 1088x1088
09-07 22:34:04.046  9659  8122 I WiVRn   : [2026-09-07 22:34:04.046] [WiVRn] [info] Initializing reprojector
09-07 22:34:04.072  9659  8122 I WiVRn   : [2026-09-07 22:34:04.072] [WiVRn] [info] geometry[eye 0]: view_info fov L-53.34 R53.34 U53.34 D-53.34 | layer fov L-53.34 R53.34 U53.34 D-53.34 deg | layer rect 1088x1088 | defoveated 1088x1088 | scale 0.50
09-07 22:34:04.072  9659  8122 I WiVRn   : [2026-09-07 22:34:04.072] [WiVRn] [info] geometry[eye 1]: view_info fov L-53.34 R53.34 U53.34 D-53.34 | layer fov L-53.34 R53.34 U53.34 D-53.34 deg | layer rect 1088x1088 | defoveated 1088x1088 | scale 0.50
09-07 22:34:04.076  9659  8122 I WiVRn   : [2026-09-07 22:34:04.076] [WiVRn] [info] render: 1 iterations in 17.2 s (0.1/s), 1 submitted a layer, 1 new-source, 0 skipped by the repeat gate, 0 with nothing to show; display period 11.1 ms
09-07 22:34:04.076  9659  8122 I WiVRn   : [2026-09-07 22:34:04.076] [WiVRn] [info] render: selected source transitions forward 0 backward 0 repeat 0, greatest forward gap 0
09-07 22:34:04.076  9659  8122 I WiVRn   : [2026-09-07 22:34:04.076] [WiVRn] [info] render: this app's own GPU pass 0.0 ms per iteration
09-07 22:34:04.076  9659  8122 I WiVRn   : [2026-09-07 22:34:04.076] [WiVRn] [info] render: defoveate 1088x1088 per eye x2 = 2.37 Mpx/frame at scale 0.50 atlas-prototype 0; 0 re-presented from the cache (reduce_gpu_load on)
09-07 22:34:04.076  9659  8122 I WiVRn   : [2026-09-07 22:34:04.076] [WiVRn] [info] render: shader path sharpness 0.00 fsr false alpha false motion false blend false glow 0.28 vignette 0.00 deband 1.00 lowpoly 0.00 levels 0 full-kernel false
09-07 22:34:04.076  9659  8122 I WiVRn   : [2026-09-07 22:34:04.076] [WiVRn] [info] render: per iteration fence 0.0 (worst 0.0) | queries 0.0 | submit 0.0 | whole render() 73.4 ms
09-07 22:34:04.076  9659  8122 I WiVRn   : [2026-09-07 22:34:04.076] [WiVRn] [info] render: jit on | wake slack 38.9 ms | slept 0.0 ms mean (max 0.0, 0 of 1 iterations) | budget 1.0 = pass 0.0 + margin 1.0 | sleep cap 45.0 ms
09-07 22:34:04.076  9659  8122 I WiVRn   : [2026-09-07 22:34:04.076] [WiVRn] [info] render: source display-time offset 114.6 ms mean (worst 114.6) over 1 frames | submit lead 0.0 ms mean (worst 0.0) | misses: 0 overrun 0 late 0 skipped refresh
09-07 22:34:04.076  9659  8122 I WiVRn   : [2026-09-07 22:34:04.076] [WiVRn] [info] Received event type XR_TYPE_EVENT_DATA_INTERACTION_PROFILE_CHANGED
09-07 22:34:04.076  9659  8122 I WiVRn   : [2026-09-07 22:34:04.076] [WiVRn] [info] interaction profile for /user/hand/left: /interaction_profiles/ext/hand_interaction_ext
09-07 22:34:04.076  9659  8122 I WiVRn   : [2026-09-07 22:34:04.076] [WiVRn] [info] interaction profile for /user/hand/right: /interaction_profiles/ext/hand_interaction_ext
09-07 22:34:04.076  9659  8122 I WiVRn   : [2026-09-07 22:34:04.076] [WiVRn] [info] interaction profile for /user/gamepad: XR_NULL_PATH
09-07 22:34:04.076  9659  8122 W WiVRn   : [2026-09-07 22:34:04.076] [WiVRn] [warning] unknown interaction profile XR_NULL_PATH
09-07 22:34:04.076  9659  8122 I WiVRn   : [2026-09-07 22:34:04.076] [WiVRn] [info] Received event type XR_TYPE_EVENT_DATA_INTERACTION_PROFILE_CHANGED
09-07 22:34:04.076  9659  8122 I WiVRn   : [2026-09-07 22:34:04.076] [WiVRn] [info] interaction profile for /user/hand/left: /interaction_profiles/ext/hand_interaction_ext
09-07 22:34:04.076  9659  8122 I WiVRn   : [2026-09-07 22:34:04.076] [WiVRn] [info] interaction profile for /user/hand/right: /interaction_profiles/ext/hand_interaction_ext
09-07 22:34:04.076  9659  8122 I WiVRn   : [2026-09-07 22:34:04.076] [WiVRn] [info] interaction profile for /user/gamepad: XR_NULL_PATH
09-07 22:34:04.076  9659  8122 W WiVRn   : [2026-09-07 22:34:04.076] [WiVRn] [warning] unknown interaction profile XR_NULL_PATH
09-07 22:34:04.076  9659  8122 I WiVRn   : [2026-09-07 22:34:04.076] [WiVRn] [info] Received event type XR_TYPE_EVENT_DATA_INTERACTION_PROFILE_CHANGED
09-07 22:34:04.076  9659  8122 I WiVRn   : [2026-09-07 22:34:04.076] [WiVRn] [info] interaction profile for /user/hand/left: /interaction_profiles/ext/hand_interaction_ext
09-07 22:34:04.076  9659  8122 I WiVRn   : [2026-09-07 22:34:04.076] [WiVRn] [info] interaction profile for /user/hand/right: /interaction_profiles/ext/hand_interaction_ext
09-07 22:34:04.076  9659  8122 I WiVRn   : [2026-09-07 22:34:04.076] [WiVRn] [info] interaction profile for /user/gamepad: XR_NULL_PATH
09-07 22:34:04.076  9659  8122 W WiVRn   : [2026-09-07 22:34:04.076] [WiVRn] [warning] unknown interaction profile XR_NULL_PATH
09-07 22:34:04.098  9659  8122 I WiVRn   : [2026-09-07 22:34:04.098] [WiVRn] [info] Received event type Unknown
09-07 22:34:04.153  9659  8292 I WiVRn   : [2026-09-07 22:34:04.153] [WiVRn] [info] Tracking pattern (11117µs):
09-07 22:34:04.153  9659  8292 I WiVRn   : [2026-09-07 22:34:04.153] [WiVRn] [info] 	t+4491µs LEFT_GRIP (6626µs)
09-07 22:34:04.153  9659  8292 I WiVRn   : [2026-09-07 22:34:04.153] [WiVRn] [info] 	t+4525µs RIGHT_GRIP (6591µs)
09-07 22:34:04.153  9659  8292 I WiVRn   : [2026-09-07 22:34:04.153] [WiVRn] [info] 	t+5117µs HEAD (6000µs)
09-07 22:34:04.153  9659  8292 I WiVRn   : [2026-09-07 22:34:04.153] [WiVRn] [info] 	t+7491µs LEFT_GRIP (3626µs)
09-07 22:34:04.153  9659  8292 I WiVRn   : [2026-09-07 22:34:04.153] [WiVRn] [info] 	t+7525µs RIGHT_GRIP (3591µs)
09-07 22:34:04.153  9659  8292 I WiVRn   : [2026-09-07 22:34:04.153] [WiVRn] [info] 	t+8117µs HEAD (3000µs)
09-07 22:34:04.153  9659  8292 I WiVRn   : [2026-09-07 22:34:04.153] [WiVRn] [info] 	t+11117µs HEAD (0µs)
09-07 22:34:04.595  9659  8288 I WiVRn   : [2026-09-07 22:34:04.595] [WiVRn] [info] nxwarp[0] net: 226 frames closed in 2.0 s, 1 with a hole, 0 out-of-order datagrams, 0 frames completed late, 0 queued for the worker, 35 decoded so far, 225 stragglers dropped; last hole 119/155 chunks, first missing 17, short false, chunk 1166 B
09-07 22:34:04.595  9659  8288 I WiVRn   : [2026-09-07 22:34:04.595] [WiVRn] [info] nxwarp[0] net: 0.056 ms per datagram over 15399 datagrams (429.58 ms of every second)
09-07 22:34:04.595  9659  8288 I WiVRn   : [2026-09-07 22:34:04.595] [WiVRn] [info] nxwarp[0] sel: stride 1, arrival 11.0 ms, dropped-late 189, withheld 24, decoded 35
09-07 22:34:04.595  9659  8288 I WiVRn   : [2026-09-07 22:34:04.595] [WiVRn] [info] nxwarp[0] rx: 15418 datagrams, placed 130747 (+130169), late 864 (+864), stale_frame 0, bad_range 0, bad_dir 0, bad_caps 0, bad_ver 0, auth_fail 0, replay 0, frozen 0, dup 1
09-07 22:34:05.153  9659  8292 I WiVRn   : [2026-09-07 22:34:05.153] [WiVRn] [info] Tracking pattern (11111µs):
09-07 22:34:05.153  9659  8292 I WiVRn   : [2026-09-07 22:34:05.153] [WiVRn] [info] 	t+763µs HEAD (21458µs)
09-07 22:34:05.153  9659  8292 I WiVRn   : [2026-09-07 22:34:05.153] [WiVRn] [info] 	t+817µs LEFT_GRIP (21405µs)
09-07 22:34:05.153  9659  8292 I WiVRn   : [2026-09-07 22:34:05.153] [WiVRn] [info] 	t+829µs RIGHT_GRIP (21393µs)
09-07 22:34:05.153  9659  8292 I WiVRn   : [2026-09-07 22:34:05.153] [WiVRn] [info] 	t+1652µs HEAD (9458µs)
09-07 22:34:05.153  9659  8292 I WiVRn   : [2026-09-07 22:34:05.153] [WiVRn] [info] 	t+1705µs LEFT_GRIP (9405µs)
09-07 22:34:05.153  9659  8292 I WiVRn   : [2026-09-07 22:34:05.153] [WiVRn] [info] 	t+1717µs RIGHT_GRIP (9393µs)
09-07 22:34:05.153  9659  8292 I WiVRn   : [2026-09-07 22:34:05.153] [WiVRn] [info] 	t+2875µs HEAD (30458µs)
09-07 22:34:05.153  9659  8292 I WiVRn   : [2026-09-07 22:34:05.153] [WiVRn] [info] 	t+2928µs LEFT_GRIP (30405µs)
09-07 22:34:05.153  9659  8292 I WiVRn   : [2026-09-07 22:34:05.153] [WiVRn] [info] 	t+2940µs RIGHT_GRIP (30393µs)
09-07 22:34:05.153  9659  8292 I WiVRn   : [2026-09-07 22:34:05.153] [WiVRn] [info] 	t+3763µs HEAD (18458µs)
09-07 22:34:05.153  9659  8292 I WiVRn   : [2026-09-07 22:34:05.153] [WiVRn] [info] 	t+3817µs LEFT_GRIP (18405µs)
09-07 22:34:05.153  9659  8292 I WiVRn   : [2026-09-07 22:34:05.153] [WiVRn] [info] 	t+3829µs RIGHT_GRIP (18393µs)
09-07 22:34:05.153  9659  8292 I WiVRn   : [2026-09-07 22:34:05.153] [WiVRn] [info] 	t+4652µs HEAD (6458µs)
09-07 22:34:05.153  9659  8292 I WiVRn   : [2026-09-07 22:34:05.153] [WiVRn] [info] 	t+4705µs LEFT_GRIP (6405µs)
09-07 22:34:05.153  9659  8292 I WiVRn   : [2026-09-07 22:34:05.153] [WiVRn] [info] 	t+4717µs RIGHT_GRIP (6393µs)
09-07 22:34:05.153  9659  8292 I WiVRn   : [2026-09-07 22:34:05.153] [WiVRn] [info] 	t+4986µs HEAD (39458µs)
09-07 22:34:05.153  9659  8292 I WiVRn   : [2026-09-07 22:34:05.153] [WiVRn] [info] 	t+5040µs LEFT_GRIP (39405µs)
09-07 22:34:05.153  9659  8292 I WiVRn   : [2026-09-07 22:34:05.153] [WiVRn] [info] 	t+5051µs RIGHT_GRIP (39393µs)
09-07 22:34:05.153  9659  8292 I WiVRn   : [2026-09-07 22:34:05.153] [WiVRn] [info] 	t+5875µs HEAD (27458µs)
09-07 22:34:05.153  9659  8292 I WiVRn   : [2026-09-07 22:34:05.153] [WiVRn] [info] 	t+5928µs LEFT_GRIP (27405µs)
09-07 22:34:05.153  9659  8292 I WiVRn   : [2026-09-07 22:34:05.153] [WiVRn] [info] 	t+5940µs RIGHT_GRIP (27393µs)
09-07 22:34:05.153  9659  8292 I WiVRn   : [2026-09-07 22:34:05.153] [WiVRn] [info] 	t+6763µs HEAD (15458µs)
09-07 22:34:05.153  9659  8292 I WiVRn   : [2026-09-07 22:34:05.153] [WiVRn] [info] 	t+6817µs LEFT_GRIP (15405µs)
09-07 22:34:05.153  9659  8292 I WiVRn   : [2026-09-07 22:34:05.153] [WiVRn] [info] 	t+6829µs RIGHT_GRIP (15393µs)
09-07 22:34:05.153  9659  8292 I WiVRn   : [2026-09-07 22:34:05.153] [WiVRn] [info] 	t+7652µs HEAD (3458µs)
09-07 22:34:05.153  9659  8292 I WiVRn   : [2026-09-07 22:34:05.153] [WiVRn] [info] 	t+7705µs LEFT_GRIP (3405µs)
09-07 22:34:05.153  9659  8292 I WiVRn   : [2026-09-07 22:34:05.153] [WiVRn] [info] 	t+7717µs RIGHT_GRIP (3393µs)
09-07 22:34:05.153  9659  8292 I WiVRn   : [2026-09-07 22:34:05.153] [WiVRn] [info] 	t+7986µs HEAD (36458µs)
09-07 22:34:05.153  9659  8292 I WiVRn   : [2026-09-07 22:34:05.153] [WiVRn] [info] 	t+8040µs LEFT_GRIP (36405µs)
09-07 22:34:05.153  9659  8292 I WiVRn   : [2026-09-07 22:34:05.153] [WiVRn] [info] 	t+8051µs RIGHT_GRIP (36393µs)
09-07 22:34:05.153  9659  8292 I WiVRn   : [2026-09-07 22:34:05.153] [WiVRn] [info] 	t+8875µs HEAD (24458µs)
09-07 22:34:05.153  9659  8292 I WiVRn   : [2026-09-07 22:34:05.153] [WiVRn] [info] 	t+8928µs LEFT_GRIP (24405µs)
09-07 22:34:05.153  9659  8292 I WiVRn   : [2026-09-07 22:34:05.153] [WiVRn] [info] 	t+8940µs RIGHT_GRIP (24393µs)
09-07 22:34:05.153  9659  8292 I WiVRn   : [2026-09-07 22:34:05.153] [WiVRn] [info] 	t+9763µs HEAD (12458µs)
09-07 22:34:05.153  9659  8292 I WiVRn   : [2026-09-07 22:34:05.153] [WiVRn] [info] 	t+9817µs LEFT_GRIP (12405µs)
09-07 22:34:05.153  9659  8292 I WiVRn   : [2026-09-07 22:34:05.153] [WiVRn] [info] 	t+9829µs RIGHT_GRIP (12393µs)
09-07 22:34:05.153  9659  8292 I WiVRn   : [2026-09-07 22:34:05.153] [WiVRn] [info] 	t+10986µs HEAD (33458µs)
09-07 22:34:05.153  9659  8292 I WiVRn   : [2026-09-07 22:34:05.153] [WiVRn] [info] 	t+11040µs LEFT_GRIP (33405µs)
09-07 22:34:05.153  9659  8292 I WiVRn   : [2026-09-07 22:34:05.153] [WiVRn] [info] 	t+11051µs RIGHT_GRIP (33393µs)
09-07 22:34:05.892  9659  8290 I WiVRn   : [2026-09-07 22:34:05.892] [WiVRn] [info] nxwarp[0]: 138 frames in 2.0 s: 19370 B/frame, wait-prev 0.0 ms, wall 8.6 ms, nxvc passA 2.1 passB 4.9 gpu 7.0 ms; holes 1, refused 0
09-07 22:34:05.892  9659  8290 I WiVRn   : [2026-09-07 22:34:05.892] [WiVRn] [info] nxwarp[0] gpu duty 481 ms/s (48% of one GPU) for decode alone; the display pass is extra
09-07 22:34:05.892  9659  8290 I WiVRn   : [2026-09-07 22:34:05.892] [WiVRn] [info] nxwarp[0] passB 4.9 ms = warp 0.0 + skip 0.0 + coded 0.1 + dir 0.0 + other 4.8; tiles skip 0 / coded 192 / dir 0 (eye pass 0)
09-07 22:34:05.892  9659  8290 I WiVRn   : [2026-09-07 22:34:05.892] [WiVRn] [info] nxwarp[0]: 203 frames dropped late (queue kept to 1)
09-07 22:34:05.892  9659  8290 I WiVRn   : [2026-09-07 22:34:05.892] [WiVRn] [info] nxwarp[0] stage: gap 6.0 | wait-prev 0.0 | submit 0.9 (qlock 0.0 + codec 0.9) | get_free 0.0 | fence-pre 0.0 | record 0.0 | qsubmit 0.0 | fence-post 7.6 | publish 0.0 ms; withheld 32, stride 1, arrival 11.1 ms
09-07 22:34:05.892  9659  8290 I WiVRn   : [2026-09-07 22:34:05.892] [WiVRn] [info] nxwarp[0] reassembly (network thread): 0.02 ms/frame over 180 frames, buffer 25 kB held for 25 kB of unit (1.0x)
09-07 22:34:05.892  9659  8290 I WiVRn   : [2026-09-07 22:34:05.892] [WiVRn] [info] nxwarp[0] fence-post 7.7 ms = nxvc gpu 7.0 + copy gpu 0.30 + queue 0.3 (over 138 frames with timestamps)
09-07 22:34:05.892  9659  8290 I WiVRn   : [2026-09-07 22:34:05.892] [WiVRn] [info] nxwarp[0]: 1 of 138 frames measured a stall not attributable to decoding (worst wall 82.8 ms); clipped out of the reported decode cost and out of the stride
09-07 22:34:05.892  9659  8290 I WiVRn   : [2026-09-07 22:34:05.892] [WiVRn] [info] nxwarp[0] atlas: frames 138, atlas 138, picture 0, avg dispatches 6.7, avg assembled 0.0, avg valid 578.0, direct targets 0
09-07 22:34:06.007  9659  8122 I WiVRn   : [2026-09-07 22:34:06.007] [WiVRn] [info] render: 153 iterations in 2.0 s (76.4/s), 153 submitted a layer, 104 new-source, 0 skipped by the repeat gate, 0 with nothing to show; display period 13.0 ms
09-07 22:34:06.007  9659  8122 I WiVRn   : [2026-09-07 22:34:06.007] [WiVRn] [info] render: selected source transitions forward 104 backward 0 repeat 49, greatest forward gap 10
09-07 22:34:06.007  9659  8122 I WiVRn   : [2026-09-07 22:34:06.007] [WiVRn] [info] render: this app's own GPU pass 1.5 ms per iteration
09-07 22:34:06.007  9659  8122 I WiVRn   : [2026-09-07 22:34:06.007] [WiVRn] [info] render: defoveate 1088x1088 per eye x2 = 2.37 Mpx/frame at scale 0.50 atlas-prototype 0; 49 re-presented from the cache (reduce_gpu_load on)
09-07 22:34:06.007  9659  8122 I WiVRn   : [2026-09-07 22:34:06.007] [WiVRn] [info] render: shader path sharpness 0.00 fsr false alpha false motion false blend false glow 0.28 vignette 0.00 deband 1.00 lowpoly 0.00 levels 0 full-kernel false
09-07 22:34:06.007  9659  8122 I WiVRn   : [2026-09-07 22:34:06.007] [WiVRn] [info] render: per iteration fence 0.2 (worst 6.3) | queries 0.0 | submit 0.0 | whole render() 0.9 ms
09-07 22:34:06.007  9659  8122 I WiVRn   : [2026-09-07 22:34:06.007] [WiVRn] [info] render: jit on | wake slack 40.8 ms | slept 3.9 ms mean (max 10.7, 63 of 153 iterations) | budget 25.5 = pass 24.5 + margin 1.0 | sleep cap 45.0 ms
09-07 22:34:06.007  9659  8122 I WiVRn   : [2026-09-07 22:34:06.007] [WiVRn] [info] render: source display-time offset 33.1 ms mean (worst 181.4) over 153 frames | submit lead 35.5 ms mean (worst -34.6) | misses: 0 overrun 0 late 0 skipped refresh
09-07 22:34:06.153  9659  8292 I WiVRn   : [2026-09-07 22:34:06.153] [WiVRn] [info] Tracking pattern (11111µs):
09-07 22:34:06.153  9659  8292 I WiVRn   : [2026-09-07 22:34:06.153] [WiVRn] [info] 	t+361µs HEAD (44085µs)
09-07 22:34:06.153  9659  8292 I WiVRn   : [2026-09-07 22:34:06.153] [WiVRn] [info] 	t+416µs LEFT_GRIP (44030µs)
09-07 22:34:06.153  9659  8292 I WiVRn   : [2026-09-07 22:34:06.153] [WiVRn] [info] 	t+426µs RIGHT_GRIP (44020µs)
09-07 22:34:06.153  9659  8292 I WiVRn   : [2026-09-07 22:34:06.153] [WiVRn] [info] 	t+696µs HEAD (77085µs)
09-07 22:34:06.153  9659  8292 I WiVRn   : [2026-09-07 22:34:06.153] [WiVRn] [info] 	t+751µs LEFT_GRIP (77030µs)
09-07 22:34:06.153  9659  8292 I WiVRn   : [2026-09-07 22:34:06.153] [WiVRn] [info] 	t+761µs RIGHT_GRIP (77020µs)
09-07 22:34:06.153  9659  8292 I WiVRn   : [2026-09-07 22:34:06.153] [WiVRn] [info] 	t+1584µs HEAD (65085µs)
09-07 22:34:06.153  9659  8292 I WiVRn   : [2026-09-07 22:34:06.153] [WiVRn] [info] 	t+1640µs LEFT_GRIP (65030µs)
09-07 22:34:06.153  9659  8292 I WiVRn   : [2026-09-07 22:34:06.153] [WiVRn] [info] 	t+1649µs RIGHT_GRIP (65020µs)
09-07 22:34:06.153  9659  8292 I WiVRn   : [2026-09-07 22:34:06.153] [WiVRn] [info] 	t+2473µs HEAD (53085µs)
09-07 22:34:06.153  9659  8292 I WiVRn   : [2026-09-07 22:34:06.153] [WiVRn] [info] 	t+2528µs LEFT_GRIP (53030µs)
09-07 22:34:06.153  9659  8292 I WiVRn   : [2026-09-07 22:34:06.153] [WiVRn] [info] 	t+2538µs RIGHT_GRIP (53020µs)
09-07 22:34:06.153  9659  8292 I WiVRn   : [2026-09-07 22:34:06.153] [WiVRn] [info] 	t+3361µs HEAD (41085µs)
09-07 22:34:06.153  9659  8292 I WiVRn   : [2026-09-07 22:34:06.153] [WiVRn] [info] 	t+3416µs LEFT_GRIP (41030µs)
09-07 22:34:06.153  9659  8292 I WiVRn   : [2026-09-07 22:34:06.153] [WiVRn] [info] 	t+3426µs RIGHT_GRIP (41020µs)
09-07 22:34:06.153  9659  8292 I WiVRn   : [2026-09-07 22:34:06.153] [WiVRn] [info] 	t+3696µs HEAD (74085µs)
09-07 22:34:06.153  9659  8292 I WiVRn   : [2026-09-07 22:34:06.153] [WiVRn] [info] 	t+3751µs LEFT_GRIP (74030µs)
09-07 22:34:06.153  9659  8292 I WiVRn   : [2026-09-07 22:34:06.153] [WiVRn] [info] 	t+3761µs RIGHT_GRIP (74020µs)
09-07 22:34:06.153  9659  8292 I WiVRn   : [2026-09-07 22:34:06.153] [WiVRn] [info] 	t+4584µs HEAD (62085µs)
09-07 22:34:06.153  9659  8292 I WiVRn   : [2026-09-07 22:34:06.153] [WiVRn] [info] 	t+4640µs LEFT_GRIP (62030µs)
09-07 22:34:06.153  9659  8292 I WiVRn   : [2026-09-07 22:34:06.153] [WiVRn] [info] 	t+4649µs RIGHT_GRIP (62020µs)
09-07 22:34:06.153  9659  8292 I WiVRn   : [2026-09-07 22:34:06.153] [WiVRn] [info] 	t+5473µs HEAD (50085µs)
09-07 22:34:06.153  9659  8292 I WiVRn   : [2026-09-07 22:34:06.153] [WiVRn] [info] 	t+5528µs LEFT_GRIP (50030µs)
09-07 22:34:06.153  9659  8292 I WiVRn   : [2026-09-07 22:34:06.153] [WiVRn] [info] 	t+5538µs RIGHT_GRIP (50020µs)
09-07 22:34:06.153  9659  8292 I WiVRn   : [2026-09-07 22:34:06.153] [WiVRn] [info] 	t+6361µs HEAD (38085µs)
09-07 22:34:06.153  9659  8292 I WiVRn   : [2026-09-07 22:34:06.153] [WiVRn] [info] 	t+6416µs LEFT_GRIP (38030µs)
09-07 22:34:06.153  9659  8292 I WiVRn   : [2026-09-07 22:34:06.153] [WiVRn] [info] 	t+6426µs RIGHT_GRIP (38020µs)
09-07 22:34:06.153  9659  8292 I WiVRn   : [2026-09-07 22:34:06.153] [WiVRn] [info] 	t+6696µs HEAD (71085µs)
09-07 22:34:06.153  9659  8292 I WiVRn   : [2026-09-07 22:34:06.153] [WiVRn] [info] 	t+6751µs LEFT_GRIP (71030µs)
09-07 22:34:06.153  9659  8292 I WiVRn   : [2026-09-07 22:34:06.153] [WiVRn] [info] 	t+6761µs RIGHT_GRIP (71020µs)
09-07 22:34:06.153  9659  8292 I WiVRn   : [2026-09-07 22:34:06.153] [WiVRn] [info] 	t+7584µs HEAD (59085µs)
09-07 22:34:06.153  9659  8292 I WiVRn   : [2026-09-07 22:34:06.153] [WiVRn] [info] 	t+7640µs LEFT_GRIP (59030µs)
09-07 22:34:06.153  9659  8292 I WiVRn   : [2026-09-07 22:34:06.153] [WiVRn] [info] 	t+7649µs RIGHT_GRIP (59020µs)
09-07 22:34:06.153  9659  8292 I WiVRn   : [2026-09-07 22:34:06.153] [WiVRn] [info] 	t+8473µs HEAD (47085µs)
09-07 22:34:06.153  9659  8292 I WiVRn   : [2026-09-07 22:34:06.153] [WiVRn] [info] 	t+8528µs LEFT_GRIP (47030µs)
09-07 22:34:06.153  9659  8292 I WiVRn   : [2026-09-07 22:34:06.153] [WiVRn] [info] 	t+8538µs RIGHT_GRIP (47020µs)
09-07 22:34:06.153  9659  8292 I WiVRn   : [2026-09-07 22:34:06.153] [WiVRn] [info] 	t+9361µs HEAD (35085µs)
09-07 22:34:06.153  9659  8292 I WiVRn   : [2026-09-07 22:34:06.153] [WiVRn] [info] 	t+9416µs LEFT_GRIP (35030µs)
09-07 22:34:06.153  9659  8292 I WiVRn   : [2026-09-07 22:34:06.153] [WiVRn] [info] 	t+9426µs RIGHT_GRIP (35020µs)
09-07 22:34:06.153  9659  8292 I WiVRn   : [2026-09-07 22:34:06.153] [WiVRn] [info] 	t+9696µs HEAD (68085µs)
09-07 22:34:06.153  9659  8292 I WiVRn   : [2026-09-07 22:34:06.153] [WiVRn] [info] 	t+9751µs LEFT_GRIP (68030µs)
09-07 22:34:06.153  9659  8292 I WiVRn   : [2026-09-07 22:34:06.153] [WiVRn] [info] 	t+9761µs RIGHT_GRIP (68020µs)
09-07 22:34:06.153  9659  8292 I WiVRn   : [2026-09-07 22:34:06.153] [WiVRn] [info] 	t+10584µs HEAD (56085µs)
09-07 22:34:06.153  9659  8292 I WiVRn   : [2026-09-07 22:34:06.153] [WiVRn] [info] 	t+10640µs LEFT_GRIP (56030µs)
09-07 22:34:06.153  9659  8292 I WiVRn   : [2026-09-07 22:34:06.153] [WiVRn] [info] 	t+10649µs RIGHT_GRIP (56020µs)
09-07 22:34:06.604  9659  8288 I WiVRn   : [2026-09-07 22:34:06.604] [WiVRn] [info] nxwarp[0] net: 179 frames closed in 2.0 s, 0 with a hole, 0 out-of-order datagrams, 0 frames completed late, 0 queued for the worker, 201 decoded so far, 405 stragglers dropped; last hole 119/155 chunks, first missing 17, short false, chunk 1166 B
09-07 22:34:06.604  9659  8288 I WiVRn   : [2026-09-07 22:34:06.604] [WiVRn] [info] nxwarp[0] net: 0.035 ms per datagram over 2097 datagrams (36.23 ms of every second)
09-07 22:34:06.604  9659  8288 I WiVRn   : [2026-09-07 22:34:06.604] [WiVRn] [info] nxwarp[0] sel: stride 1, arrival 11.4 ms, dropped-late 203, withheld 32, decoded 201
09-07 22:34:06.604  9659  8288 I WiVRn   : [2026-09-07 22:34:06.604] [WiVRn] [info] nxwarp[0] rx: 17515 datagrams, placed 140802 (+10055), late 864 (+0), stale_frame 0, bad_range 0, bad_dir 0, bad_caps 0, bad_ver 0, auth_fail 0, replay 0, frozen 0, dup 1
09-07 22:34:07.153  9659  8292 I WiVRn   : [2026-09-07 22:34:07.153] [WiVRn] [info] Tracking pattern (11111µs):
09-07 22:34:07.153  9659  8292 I WiVRn   : [2026-09-07 22:34:07.153] [WiVRn] [info] 	t+1107µs HEAD (76672µs)
09-07 22:34:07.153  9659  8292 I WiVRn   : [2026-09-07 22:34:07.153] [WiVRn] [info] 	t+1278µs LEFT_GRIP (76502µs)
09-07 22:34:07.153  9659  8292 I WiVRn   : [2026-09-07 22:34:07.153] [WiVRn] [info] 	t+1307µs RIGHT_GRIP (76473µs)
09-07 22:34:07.153  9659  8292 I WiVRn   : [2026-09-07 22:34:07.153] [WiVRn] [info] 	t+4107µs HEAD (73672µs)
09-07 22:34:07.153  9659  8292 I WiVRn   : [2026-09-07 22:34:07.153] [WiVRn] [info] 	t+4278µs LEFT_GRIP (73502µs)
09-07 22:34:07.153  9659  8292 I WiVRn   : [2026-09-07 22:34:07.153] [WiVRn] [info] 	t+4307µs RIGHT_GRIP (73473µs)
09-07 22:34:07.153  9659  8292 I WiVRn   : [2026-09-07 22:34:07.153] [WiVRn] [info] 	t+7107µs HEAD (70672µs)
09-07 22:34:07.153  9659  8292 I WiVRn   : [2026-09-07 22:34:07.153] [WiVRn] [info] 	t+7278µs LEFT_GRIP (70502µs)
09-07 22:34:07.153  9659  8292 I WiVRn   : [2026-09-07 22:34:07.153] [WiVRn] [info] 	t+7307µs RIGHT_GRIP (70473µs)
09-07 22:34:07.153  9659  8292 I WiVRn   : [2026-09-07 22:34:07.153] [WiVRn] [info] 	t+10107µs HEAD (67672µs)
09-07 22:34:07.153  9659  8292 I WiVRn   : [2026-09-07 22:34:07.153] [WiVRn] [info] 	t+10278µs LEFT_GRIP (67502µs)
09-07 22:34:07.153  9659  8292 I WiVRn   : [2026-09-07 22:34:07.153] [WiVRn] [info] 	t+10307µs RIGHT_GRIP (67473µs)
09-07 22:34:07.903  9659  8290 I WiVRn   : [2026-09-07 22:34:07.903] [WiVRn] [info] nxwarp[0]: 180 frames in 2.0 s: 998 B/frame, wait-prev 0.0 ms, wall 2.2 ms, nxvc passA 0.3 passB 0.9 gpu 1.3 ms; holes 1, refused 0
09-07 22:34:07.903  9659  8290 I WiVRn   : [2026-09-07 22:34:07.903] [WiVRn] [info] nxwarp[0] gpu duty 112 ms/s (11% of one GPU) for decode alone; the display pass is extra
09-07 22:34:07.903  9659  8290 I WiVRn   : [2026-09-07 22:34:07.903] [WiVRn] [info] nxwarp[0] passB 0.9 ms = warp 0.0 + skip 0.0 + coded 0.1 + dir 0.0 + other 0.8; tiles skip 0 / coded 4 / dir 0 (eye pass 0)
09-07 22:34:07.903  9659  8290 I WiVRn   : [2026-09-07 22:34:07.903] [WiVRn] [info] nxwarp[0]: 203 frames dropped late (queue kept to 1)
09-07 22:34:07.903  9659  8290 I WiVRn   : [2026-09-07 22:34:07.903] [WiVRn] [info] nxwarp[0] stage: gap 9.0 | wait-prev 0.0 | submit 0.3 (qlock 0.0 + codec 0.3) | get_free 0.0 | fence-pre 0.0 | record 0.0 | qsubmit 0.0 | fence-post 1.8 | publish 0.0 ms; withheld 0, stride 1, arrival 11.3 ms
09-07 22:34:07.903  9659  8290 I WiVRn   : [2026-09-07 22:34:07.903] [WiVRn] [info] nxwarp[0] reassembly (network thread): 0.00 ms/frame over 180 frames, buffer 1 kB held for 1 kB of unit (1.0x)
09-07 22:34:07.903  9659  8290 I WiVRn   : [2026-09-07 22:34:07.903] [WiVRn] [info] nxwarp[0] fence-post 1.9 ms = nxvc gpu 1.3 + copy gpu 0.30 + queue 0.3 (over 180 frames with timestamps)
09-07 22:34:07.903  9659  8290 I WiVRn   : [2026-09-07 22:34:07.903] [WiVRn] [info] nxwarp[0] atlas: frames 180, atlas 180, picture 0, avg dispatches 7.0, avg assembled 0.0, avg valid 578.0, direct targets 0
09-07 22:34:08.012  9659  8122 I WiVRn   : [2026-09-07 22:34:08.012] [WiVRn] [info] render: 177 iterations in 2.0 s (88.2/s), 177 submitted a layer, 169 new-source, 0 skipped by the repeat gate, 0 with nothing to show; display period 11.4 ms
09-07 22:34:08.012  9659  8122 I WiVRn   : [2026-09-07 22:34:08.012] [WiVRn] [info] render: selected source transitions forward 169 backward 0 repeat 8, greatest forward gap 2
09-07 22:34:08.012  9659  8122 I WiVRn   : [2026-09-07 22:34:08.012] [WiVRn] [info] render: this app's own GPU pass 2.3 ms per iteration
09-07 22:34:08.012  9659  8122 I WiVRn   : [2026-09-07 22:34:08.012] [WiVRn] [info] render: defoveate 1088x1088 per eye x2 = 2.37 Mpx/frame at scale 0.50 atlas-prototype 0; 8 re-presented from the cache (reduce_gpu_load on)
09-07 22:34:08.012  9659  8122 I WiVRn   : [2026-09-07 22:34:08.012] [WiVRn] [info] render: shader path sharpness 0.00 fsr false alpha false motion false blend false glow 0.28 vignette 0.00 deband 1.00 lowpoly 0.00 levels 0 full-kernel false
09-07 22:34:08.012  9659  8122 I WiVRn   : [2026-09-07 22:34:08.012] [WiVRn] [info] render: per iteration fence 0.0 (worst 1.0) | queries 0.0 | submit 0.0 | whole render() 0.6 ms
09-07 22:34:08.012  9659  8122 I WiVRn   : [2026-09-07 22:34:08.012] [WiVRn] [info] render: jit on | wake slack 31.5 ms | slept 1.0 ms mean (max 16.3, 177 of 177 iterations) | budget 21.7 = pass 20.7 + margin 1.0 | sleep cap 0.5 ms
09-07 22:34:08.012  9659  8122 I WiVRn   : [2026-09-07 22:34:08.012] [WiVRn] [info] render: source display-time offset -2.2 ms mean (worst 3.1) over 177 frames | submit lead 30.0 ms mean (worst 23.9) | misses: 0 overrun 0 late 4 skipped refresh
09-07 22:34:08.153  9659  8292 I WiVRn   : [2026-09-07 22:34:08.153] [WiVRn] [info] Tracking pattern (11112µs):
09-07 22:34:08.153  9659  8292 I WiVRn   : [2026-09-07 22:34:08.153] [WiVRn] [info] 	t+4178µs HEAD (73610µs)
09-07 22:34:08.153  9659  8292 I WiVRn   : [2026-09-07 22:34:08.153] [WiVRn] [info] 	t+4329µs LEFT_GRIP (73458µs)
09-07 22:34:08.153  9659  8292 I WiVRn   : [2026-09-07 22:34:08.153] [WiVRn] [info] 	t+4703µs RIGHT_GRIP (73085µs)
09-07 22:34:08.153  9659  8292 I WiVRn   : [2026-09-07 22:34:08.153] [WiVRn] [info] 	t+7178µs HEAD (70610µs)
09-07 22:34:08.153  9659  8292 I WiVRn   : [2026-09-07 22:34:08.153] [WiVRn] [info] 	t+7329µs LEFT_GRIP (70458µs)
09-07 22:34:08.153  9659  8292 I WiVRn   : [2026-09-07 22:34:08.153] [WiVRn] [info] 	t+7703µs RIGHT_GRIP (70085µs)
09-07 22:34:08.153  9659  8292 I WiVRn   : [2026-09-07 22:34:08.153] [WiVRn] [info] 	t+10178µs HEAD (67610µs)
09-07 22:34:08.153  9659  8292 I WiVRn   : [2026-09-07 22:34:08.153] [WiVRn] [info] 	t+10329µs LEFT_GRIP (67458µs)
09-07 22:34:08.153  9659  8292 I WiVRn   : [2026-09-07 22:34:08.153] [WiVRn] [info] 	t+10703µs RIGHT_GRIP (67085µs)
09-07 22:34:08.612  9659  8288 I WiVRn   : [2026-09-07 22:34:08.612] [WiVRn] [info] nxwarp[0] net: 181 frames closed in 2.0 s, 0 with a hole, 0 out-of-order datagrams, 0 frames completed late, 0 queued for the worker, 382 decoded so far, 586 stragglers dropped; last hole 119/155 chunks, first missing 17, short false, chunk 1166 B
09-07 22:34:08.612  9659  8288 I WiVRn   : [2026-09-07 22:34:08.612] [WiVRn] [info] nxwarp[0] net: 0.051 ms per datagram over 962 datagrams (24.61 ms of every second)
09-07 22:34:08.612  9659  8288 I WiVRn   : [2026-09-07 22:34:08.612] [WiVRn] [info] nxwarp[0] sel: stride 1, arrival 11.0 ms, dropped-late 203, withheld 32, decoded 382
09-07 22:34:08.612  9659  8288 I WiVRn   : [2026-09-07 22:34:08.612] [WiVRn] [info] nxwarp[0] rx: 18477 datagrams, placed 141570 (+768), late 864 (+0), stale_frame 0, bad_range 0, bad_dir 0, bad_caps 0, bad_ver 0, auth_fail 0, replay 0, frozen 0, dup 1
09-07 22:34:09.153  9659  8292 I WiVRn   : [2026-09-07 22:34:09.153] [WiVRn] [info] Tracking pattern (11112µs):
09-07 22:34:09.153  9659  8292 I WiVRn   : [2026-09-07 22:34:09.153] [WiVRn] [info] 	t+2347µs HEAD (64327µs)
09-07 22:34:09.153  9659  8292 I WiVRn   : [2026-09-07 22:34:09.153] [WiVRn] [info] 	t+2377µs LEFT_GRIP (64297µs)
09-07 22:34:09.153  9659  8292 I WiVRn   : [2026-09-07 22:34:09.153] [WiVRn] [info] 	t+2383µs RIGHT_GRIP (64291µs)
09-07 22:34:09.153  9659  8292 I WiVRn   : [2026-09-07 22:34:09.153] [WiVRn] [info] 	t+4459µs HEAD (73327µs)
09-07 22:34:09.153  9659  8292 I WiVRn   : [2026-09-07 22:34:09.153] [WiVRn] [info] 	t+4489µs LEFT_GRIP (73297µs)
09-07 22:34:09.153  9659  8292 I WiVRn   : [2026-09-07 22:34:09.153] [WiVRn] [info] 	t+4495µs RIGHT_GRIP (73291µs)
09-07 22:34:09.153  9659  8292 I WiVRn   : [2026-09-07 22:34:09.153] [WiVRn] [info] 	t+5347µs HEAD (61327µs)
09-07 22:34:09.153  9659  8292 I WiVRn   : [2026-09-07 22:34:09.153] [WiVRn] [info] 	t+5377µs LEFT_GRIP (61297µs)
09-07 22:34:09.153  9659  8292 I WiVRn   : [2026-09-07 22:34:09.153] [WiVRn] [info] 	t+5383µs RIGHT_GRIP (61291µs)
09-07 22:34:09.153  9659  8292 I WiVRn   : [2026-09-07 22:34:09.153] [WiVRn] [info] 	t+7459µs HEAD (70327µs)
09-07 22:34:09.153  9659  8292 I WiVRn   : [2026-09-07 22:34:09.153] [WiVRn] [info] 	t+7489µs LEFT_GRIP (70297µs)
09-07 22:34:09.153  9659  8292 I WiVRn   : [2026-09-07 22:34:09.153] [WiVRn] [info] 	t+7495µs RIGHT_GRIP (70291µs)
09-07 22:34:09.153  9659  8292 I WiVRn   : [2026-09-07 22:34:09.153] [WiVRn] [info] 	t+10459µs HEAD (67327µs)
09-07 22:34:09.153  9659  8292 I WiVRn   : [2026-09-07 22:34:09.153] [WiVRn] [info] 	t+10489µs LEFT_GRIP (67297µs)
09-07 22:34:09.153  9659  8292 I WiVRn   : [2026-09-07 22:34:09.153] [WiVRn] [info] 	t+10495µs RIGHT_GRIP (67291µs)
09-07 22:34:09.917  9659  8290 I WiVRn   : [2026-09-07 22:34:09.917] [WiVRn] [info] nxwarp[0]: 181 frames in 2.0 s: 988 B/frame, wait-prev 0.0 ms, wall 2.2 ms, nxvc passA 0.3 passB 0.9 gpu 1.2 ms; holes 1, refused 0
09-07 22:34:09.917  9659  8290 I WiVRn   : [2026-09-07 22:34:09.917] [WiVRn] [info] nxwarp[0] gpu duty 105 ms/s (10% of one GPU) for decode alone; the display pass is extra
09-07 22:34:09.917  9659  8290 I WiVRn   : [2026-09-07 22:34:09.917] [WiVRn] [info] nxwarp[0] passB 0.9 ms = warp 0.0 + skip 0.0 + coded 0.1 + dir 0.0 + other 0.8; tiles skip 0 / coded 4 / dir 0 (eye pass 0)
09-07 22:34:09.917  9659  8290 I WiVRn   : [2026-09-07 22:34:09.917] [WiVRn] [info] nxwarp[0]: 203 frames dropped late (queue kept to 1)
09-07 22:34:09.917  9659  8290 I WiVRn   : [2026-09-07 22:34:09.917] [WiVRn] [info] nxwarp[0] stage: gap 8.9 | wait-prev 0.0 | submit 0.3 (qlock 0.0 + codec 0.3) | get_free 0.0 | fence-pre 0.0 | record 0.0 | qsubmit 0.0 | fence-post 1.9 | publish 0.0 ms; withheld 0, stride 1, arrival 10.9 ms
09-07 22:34:09.917  9659  8290 I WiVRn   : [2026-09-07 22:34:09.917] [WiVRn] [info] nxwarp[0] reassembly (network thread): 0.00 ms/frame over 181 frames, buffer 1 kB held for 1 kB of unit (1.0x)
09-07 22:34:09.917  9659  8290 I WiVRn   : [2026-09-07 22:34:09.917] [WiVRn] [info] nxwarp[0] fence-post 1.9 ms = nxvc gpu 1.2 + copy gpu 0.29 + queue 0.4 (over 181 frames with timestamps)
09-07 22:34:09.917  9659  8290 I WiVRn   : [2026-09-07 22:34:09.917] [WiVRn] [info] nxwarp[0] atlas: frames 181, atlas 181, picture 0, avg dispatches 7.0, avg assembled 0.0, avg valid 578.0, direct targets 0
09-07 22:34:10.013  9659  8122 I WiVRn   : [2026-09-07 22:34:10.013] [WiVRn] [info] render: 179 iterations in 2.0 s (89.5/s), 179 submitted a layer, 168 new-source, 0 skipped by the repeat gate, 0 with nothing to show; display period 11.2 ms
09-07 22:34:10.013  9659  8122 I WiVRn   : [2026-09-07 22:34:10.013] [WiVRn] [info] render: selected source transitions forward 168 backward 0 repeat 11, greatest forward gap 2
09-07 22:34:10.013  9659  8122 I WiVRn   : [2026-09-07 22:34:10.013] [WiVRn] [info] render: this app's own GPU pass 2.5 ms per iteration
09-07 22:34:10.013  9659  8122 I WiVRn   : [2026-09-07 22:34:10.013] [WiVRn] [info] render: defoveate 1088x1088 per eye x2 = 2.37 Mpx/frame at scale 0.50 atlas-prototype 0; 11 re-presented from the cache (reduce_gpu_load on)
09-07 22:34:10.013  9659  8122 I WiVRn   : [2026-09-07 22:34:10.013] [WiVRn] [info] render: shader path sharpness 0.00 fsr false alpha false motion false blend false glow 0.28 vignette 0.00 deband 1.00 lowpoly 0.00 levels 0 full-kernel false
09-07 22:34:10.013  9659  8122 I WiVRn   : [2026-09-07 22:34:10.013] [WiVRn] [info] render: per iteration fence 0.0 (worst 1.2) | queries 0.0 | submit 0.0 | whole render() 0.5 ms
09-07 22:34:10.013  9659  8122 I WiVRn   : [2026-09-07 22:34:10.013] [WiVRn] [info] render: jit on | wake slack 30.5 ms | slept 1.2 ms mean (max 11.7, 179 of 179 iterations) | budget 19.9 = pass 18.9 + margin 1.0 | sleep cap 0.5 ms
09-07 22:34:10.013  9659  8122 I WiVRn   : [2026-09-07 22:34:10.013] [WiVRn] [info] render: source display-time offset -1.2 ms mean (worst 5.8) over 179 frames | submit lead 28.9 ms mean (worst 19.8) | misses: 0 overrun 0 late 1 skipped refresh
09-07 22:34:10.153  9659  8292 I WiVRn   : [2026-09-07 22:34:10.153] [WiVRn] [info] Tracking pattern (11111µs):
09-07 22:34:10.153  9659  8292 I WiVRn   : [2026-09-07 22:34:10.153] [WiVRn] [info] 	t+1496µs HEAD (65173µs)
09-07 22:34:10.153  9659  8292 I WiVRn   : [2026-09-07 22:34:10.153] [WiVRn] [info] 	t+1563µs LEFT_GRIP (65106µs)
09-07 22:34:10.153  9659  8292 I WiVRn   : [2026-09-07 22:34:10.153] [WiVRn] [info] 	t+1574µs RIGHT_GRIP (65095µs)
09-07 22:34:10.153  9659  8292 I WiVRn   : [2026-09-07 22:34:10.153] [WiVRn] [info] 	t+3608µs HEAD (74173µs)
09-07 22:34:10.153  9659  8292 I WiVRn   : [2026-09-07 22:34:10.153] [WiVRn] [info] 	t+3674µs LEFT_GRIP (74106µs)
09-07 22:34:10.153  9659  8292 I WiVRn   : [2026-09-07 22:34:10.153] [WiVRn] [info] 	t+3686µs RIGHT_GRIP (74095µs)
09-07 22:34:10.153  9659  8292 I WiVRn   : [2026-09-07 22:34:10.153] [WiVRn] [info] 	t+6608µs HEAD (71173µs)
09-07 22:34:10.153  9659  8292 I WiVRn   : [2026-09-07 22:34:10.153] [WiVRn] [info] 	t+6674µs LEFT_GRIP (71106µs)
09-07 22:34:10.153  9659  8292 I WiVRn   : [2026-09-07 22:34:10.153] [WiVRn] [info] 	t+6686µs RIGHT_GRIP (71095µs)
09-07 22:34:10.153  9659  8292 I WiVRn   : [2026-09-07 22:34:10.153] [WiVRn] [info] 	t+9608µs HEAD (68173µs)
09-07 22:34:10.153  9659  8292 I WiVRn   : [2026-09-07 22:34:10.153] [WiVRn] [info] 	t+9674µs LEFT_GRIP (68106µs)
09-07 22:34:10.153  9659  8292 I WiVRn   : [2026-09-07 22:34:10.153] [WiVRn] [info] 	t+9686µs RIGHT_GRIP (68095µs)
09-07 22:34:10.612  9659  8288 I WiVRn   : [2026-09-07 22:34:10.612] [WiVRn] [info] nxwarp[0] net: 180 frames closed in 2.0 s, 0 with a hole, 0 out-of-order datagrams, 0 frames completed late, 0 queued for the worker, 562 decoded so far, 766 stragglers dropped; last hole 119/155 chunks, first missing 17, short false, chunk 1166 B
09-07 22:34:10.612  9659  8288 I WiVRn   : [2026-09-07 22:34:10.612] [WiVRn] [info] nxwarp[0] net: 0.049 ms per datagram over 1023 datagrams (24.82 ms of every second)
09-07 22:34:10.612  9659  8288 I WiVRn   : [2026-09-07 22:34:10.612] [WiVRn] [info] nxwarp[0] sel: stride 1, arrival 11.0 ms, dropped-late 203, withheld 32, decoded 562
09-07 22:34:10.612  9659  8288 I WiVRn   : [2026-09-07 22:34:10.612] [WiVRn] [info] nxwarp[0] rx: 19500 datagrams, placed 142386 (+816), late 864 (+0), stale_frame 0, bad_range 0, bad_dir 0, bad_caps 0, bad_ver 0, auth_fail 0, replay 0, frozen 0, dup 1
09-07 22:34:11.153  9659  8292 I WiVRn   : [2026-09-07 22:34:11.153] [WiVRn] [info] Tracking pattern (11111µs):
09-07 22:34:11.153  9659  8292 I WiVRn   : [2026-09-07 22:34:11.153] [WiVRn] [info] 	t+954µs HEAD (65717µs)
09-07 22:34:11.153  9659  8292 I WiVRn   : [2026-09-07 22:34:11.153] [WiVRn] [info] 	t+977µs LEFT_GRIP (65693µs)
09-07 22:34:11.153  9659  8292 I WiVRn   : [2026-09-07 22:34:11.153] [WiVRn] [info] 	t+984µs RIGHT_GRIP (65686µs)
09-07 22:34:11.153  9659  8292 I WiVRn   : [2026-09-07 22:34:11.153] [WiVRn] [info] 	t+6065µs HEAD (71717µs)
09-07 22:34:11.153  9659  8292 I WiVRn   : [2026-09-07 22:34:11.153] [WiVRn] [info] 	t+6089µs LEFT_GRIP (71693µs)
09-07 22:34:11.153  9659  8292 I WiVRn   : [2026-09-07 22:34:11.153] [WiVRn] [info] 	t+6096µs RIGHT_GRIP (71686µs)
09-07 22:34:11.153  9659  8292 I WiVRn   : [2026-09-07 22:34:11.153] [WiVRn] [info] 	t+9065µs HEAD (68717µs)
09-07 22:34:11.153  9659  8292 I WiVRn   : [2026-09-07 22:34:11.153] [WiVRn] [info] 	t+9089µs LEFT_GRIP (68693µs)
09-07 22:34:11.153  9659  8292 I WiVRn   : [2026-09-07 22:34:11.153] [WiVRn] [info] 	t+9096µs RIGHT_GRIP (68686µs)
09-07 22:34:11.919  9659  8290 I WiVRn   : [2026-09-07 22:34:11.919] [WiVRn] [info] nxwarp[0]: 180 frames in 2.0 s: 1086 B/frame, wait-prev 0.0 ms, wall 2.1 ms, nxvc passA 0.3 passB 0.9 gpu 1.2 ms; holes 1, refused 0
09-07 22:34:11.919  9659  8290 I WiVRn   : [2026-09-07 22:34:11.919] [WiVRn] [info] nxwarp[0] gpu duty 103 ms/s (10% of one GPU) for decode alone; the display pass is extra
09-07 22:34:11.919  9659  8290 I WiVRn   : [2026-09-07 22:34:11.919] [WiVRn] [info] nxwarp[0] passB 0.9 ms = warp 0.0 + skip 0.0 + coded 0.1 + dir 0.0 + other 0.8; tiles skip 0 / coded 5 / dir 0 (eye pass 0)
09-07 22:34:11.919  9659  8290 I WiVRn   : [2026-09-07 22:34:11.919] [WiVRn] [info] nxwarp[0]: 203 frames dropped late (queue kept to 1)
09-07 22:34:11.919  9659  8290 I WiVRn   : [2026-09-07 22:34:11.919] [WiVRn] [info] nxwarp[0] stage: gap 9.0 | wait-prev 0.0 | submit 0.3 (qlock 0.0 + codec 0.3) | get_free 0.0 | fence-pre 0.0 | record 0.0 | qsubmit 0.0 | fence-post 1.8 | publish 0.0 ms; withheld 0, stride 1, arrival 11.1 ms
09-07 22:34:11.919  9659  8290 I WiVRn   : [2026-09-07 22:34:11.919] [WiVRn] [info] nxwarp[0] reassembly (network thread): 0.00 ms/frame over 180 frames, buffer 1 kB held for 1 kB of unit (1.0x)
09-07 22:34:11.919  9659  8290 I WiVRn   : [2026-09-07 22:34:11.919] [WiVRn] [info] nxwarp[0] fence-post 1.8 ms = nxvc gpu 1.2 + copy gpu 0.29 + queue 0.4 (over 180 frames with timestamps)
09-07 22:34:11.919  9659  8290 I WiVRn   : [2026-09-07 22:34:11.919] [WiVRn] [info] nxwarp[0] atlas: frames 180, atlas 180, picture 0, avg dispatches 7.0, avg assembled 0.0, avg valid 578.0, direct targets 0
09-07 22:34:12.020  9659  8122 I WiVRn   : [2026-09-07 22:34:12.020] [WiVRn] [info] render: 179 iterations in 2.0 s (89.2/s), 179 submitted a layer, 177 new-source, 0 skipped by the repeat gate, 0 with nothing to show; display period 11.2 ms
09-07 22:34:12.020  9659  8122 I WiVRn   : [2026-09-07 22:34:12.020] [WiVRn] [info] render: selected source transitions forward 177 backward 0 repeat 2, greatest forward gap 2
09-07 22:34:12.020  9659  8122 I WiVRn   : [2026-09-07 22:34:12.020] [WiVRn] [info] render: this app's own GPU pass 2.7 ms per iteration
09-07 22:34:12.020  9659  8122 I WiVRn   : [2026-09-07 22:34:12.020] [WiVRn] [info] render: defoveate 1088x1088 per eye x2 = 2.37 Mpx/frame at scale 0.50 atlas-prototype 0; 2 re-presented from the cache (reduce_gpu_load on)
09-07 22:34:12.020  9659  8122 I WiVRn   : [2026-09-07 22:34:12.020] [WiVRn] [info] render: shader path sharpness 0.00 fsr false alpha false motion false blend false glow 0.28 vignette 0.00 deband 1.00 lowpoly 0.00 levels 0 full-kernel false
09-07 22:34:12.020  9659  8122 I WiVRn   : [2026-09-07 22:34:12.020] [WiVRn] [info] render: per iteration fence 0.0 (worst 0.0) | queries 0.0 | submit 0.0 | whole render() 0.5 ms
09-07 22:34:12.020  9659  8122 I WiVRn   : [2026-09-07 22:34:12.020] [WiVRn] [info] render: jit on | wake slack 29.8 ms | slept 0.8 ms mean (max 11.1, 179 of 179 iterations) | budget 18.1 = pass 17.1 + margin 1.0 | sleep cap 11.7 ms
09-07 22:34:12.020  9659  8122 I WiVRn   : [2026-09-07 22:34:12.020] [WiVRn] [info] render: source display-time offset -0.4 ms mean (worst 1.1) over 179 frames | submit lead 28.5 ms mean (worst 17.6) | misses: 0 overrun 0 late 0 skipped refresh
09-07 22:34:12.153  9659  8292 I WiVRn   : [2026-09-07 22:34:12.153] [WiVRn] [info] Tracking pattern (11112µs):
09-07 22:34:12.153  9659  8292 I WiVRn   : [2026-09-07 22:34:12.153] [WiVRn] [info] 	t+2952µs HEAD (63719µs)
09-07 22:34:12.153  9659  8292 I WiVRn   : [2026-09-07 22:34:12.153] [WiVRn] [info] 	t+2990µs LEFT_GRIP (63681µs)
09-07 22:34:12.153  9659  8292 I WiVRn   : [2026-09-07 22:34:12.153] [WiVRn] [info] 	t+2999µs RIGHT_GRIP (63672µs)
09-07 22:34:12.153  9659  8292 I WiVRn   : [2026-09-07 22:34:12.153] [WiVRn] [info] 	t+5064µs HEAD (72719µs)
09-07 22:34:12.153  9659  8292 I WiVRn   : [2026-09-07 22:34:12.153] [WiVRn] [info] 	t+5102µs LEFT_GRIP (72681µs)
09-07 22:34:12.153  9659  8292 I WiVRn   : [2026-09-07 22:34:12.153] [WiVRn] [info] 	t+5111µs RIGHT_GRIP (72672µs)
09-07 22:34:12.153  9659  8292 I WiVRn   : [2026-09-07 22:34:12.153] [WiVRn] [info] 	t+5952µs HEAD (60719µs)
09-07 22:34:12.153  9659  8292 I WiVRn   : [2026-09-07 22:34:12.153] [WiVRn] [info] 	t+5990µs LEFT_GRIP (60681µs)
09-07 22:34:12.153  9659  8292 I WiVRn   : [2026-09-07 22:34:12.153] [WiVRn] [info] 	t+5999µs RIGHT_GRIP (60672µs)
09-07 22:34:12.153  9659  8292 I WiVRn   : [2026-09-07 22:34:12.153] [WiVRn] [info] 	t+8064µs HEAD (69719µs)
09-07 22:34:12.153  9659  8292 I WiVRn   : [2026-09-07 22:34:12.153] [WiVRn] [info] 	t+8102µs LEFT_GRIP (69681µs)
09-07 22:34:12.153  9659  8292 I WiVRn   : [2026-09-07 22:34:12.153] [WiVRn] [info] 	t+8111µs RIGHT_GRIP (69672µs)
09-07 22:34:12.153  9659  8292 I WiVRn   : [2026-09-07 22:34:12.153] [WiVRn] [info] 	t+11064µs HEAD (66719µs)
09-07 22:34:12.153  9659  8292 I WiVRn   : [2026-09-07 22:34:12.153] [WiVRn] [info] 	t+11102µs LEFT_GRIP (66681µs)
09-07 22:34:12.153  9659  8292 I WiVRn   : [2026-09-07 22:34:12.153] [WiVRn] [info] 	t+11111µs RIGHT_GRIP (66672µs)
09-07 22:34:12.613  9659  8288 I WiVRn   : [2026-09-07 22:34:12.613] [WiVRn] [info] nxwarp[0] net: 179 frames closed in 2.0 s, 0 with a hole, 0 out-of-order datagrams, 0 frames completed late, 0 queued for the worker, 741 decoded so far, 945 stragglers dropped; last hole 119/155 chunks, first missing 17, short false, chunk 1166 B
09-07 22:34:12.613  9659  8288 I WiVRn   : [2026-09-07 22:34:12.613] [WiVRn] [info] nxwarp[0] net: 0.048 ms per datagram over 998 datagrams (23.85 ms of every second)
09-07 22:34:12.613  9659  8288 I WiVRn   : [2026-09-07 22:34:12.613] [WiVRn] [info] nxwarp[0] sel: stride 1, arrival 11.1 ms, dropped-late 203, withheld 32, decoded 741
09-07 22:34:12.613  9659  8288 I WiVRn   : [2026-09-07 22:34:12.613] [WiVRn] [info] nxwarp[0] rx: 20498 datagrams, placed 143190 (+804), late 864 (+0), stale_frame 0, bad_range 0, bad_dir 0, bad_caps 0, bad_ver 0, auth_fail 0, replay 0, frozen 0, dup 1
09-07 22:34:13.153  9659  8292 I WiVRn   : [2026-09-07 22:34:13.153] [WiVRn] [info] Tracking pattern (11111µs):
09-07 22:34:13.153  9659  8292 I WiVRn   : [2026-09-07 22:34:13.153] [WiVRn] [info] 	t+4895µs HEAD (72886µs)
09-07 22:34:13.153  9659  8292 I WiVRn   : [2026-09-07 22:34:13.153] [WiVRn] [info] 	t+4942µs LEFT_GRIP (72839µs)
09-07 22:34:13.153  9659  8292 I WiVRn   : [2026-09-07 22:34:13.153] [WiVRn] [info] 	t+4955µs RIGHT_GRIP (72826µs)
09-07 22:34:13.153  9659  8292 I WiVRn   : [2026-09-07 22:34:13.153] [WiVRn] [info] 	t+7895µs HEAD (69886µs)
09-07 22:34:13.153  9659  8292 I WiVRn   : [2026-09-07 22:34:13.153] [WiVRn] [info] 	t+7942µs LEFT_GRIP (69839µs)
09-07 22:34:13.153  9659  8292 I WiVRn   : [2026-09-07 22:34:13.153] [WiVRn] [info] 	t+7955µs RIGHT_GRIP (69826µs)
09-07 22:34:13.392  9659  8122 I WiVRn   : [2026-09-07 22:34:13.392] [WiVRn] [info] Session state changed at timestamp 0: XR_SESSION_STATE_FOCUSED => XR_SESSION_STATE_VISIBLE
09-07 22:34:13.392  9659  8122 I WiVRn   : [2026-09-07 22:34:13.392] [WiVRn] [info] Session state changed at timestamp 0: XR_SESSION_STATE_VISIBLE => XR_SESSION_STATE_SYNCHRONIZED
09-07 22:34:13.392  9659  8122 I WiVRn   : [2026-09-07 22:34:13.392] [WiVRn] [info] Session state changed at timestamp 0: XR_SESSION_STATE_SYNCHRONIZED => XR_SESSION_STATE_STOPPING
09-07 22:34:13.393  9659  8122 I WiVRn   : [2026-09-07 22:34:13.393] [WiVRn] [info] Session state changed at timestamp 0: XR_SESSION_STATE_STOPPING => XR_SESSION_STATE_IDLE
09-07 22:34:13.921  9659  8290 I WiVRn   : [2026-09-07 22:34:13.921] [WiVRn] [info] nxwarp[0]: 179 frames in 2.0 s: 923 B/frame, wait-prev 0.0 ms, wall 2.3 ms, nxvc passA 0.3 passB 1.0 gpu 1.2 ms; holes 1, refused 0
09-07 22:34:13.921  9659  8290 I WiVRn   : [2026-09-07 22:34:13.921] [WiVRn] [info] nxwarp[0] gpu duty 109 ms/s (11% of one GPU) for decode alone; the display pass is extra
09-07 22:34:13.921  9659  8290 I WiVRn   : [2026-09-07 22:34:13.921] [WiVRn] [info] nxwarp[0] passB 1.0 ms = warp 0.0 + skip 0.0 + coded 0.1 + dir 0.0 + other 0.8; tiles skip 0 / coded 7 / dir 0 (eye pass 0)
09-07 22:34:13.921  9659  8290 I WiVRn   : [2026-09-07 22:34:13.921] [WiVRn] [info] nxwarp[0]: 203 frames dropped late (queue kept to 1)
09-07 22:34:13.921  9659  8290 I WiVRn   : [2026-09-07 22:34:13.921] [WiVRn] [info] nxwarp[0] stage: gap 8.9 | wait-prev 0.0 | submit 0.4 (qlock 0.0 + codec 0.4) | get_free 0.0 | fence-pre 0.0 | record 0.1 | qsubmit 0.0 | fence-post 1.8 | publish 0.0 ms; withheld 0, stride 1, arrival 11.2 ms
09-07 22:34:13.921  9659  8290 I WiVRn   : [2026-09-07 22:34:13.921] [WiVRn] [info] nxwarp[0] reassembly (network thread): 0.01 ms/frame over 179 frames, buffer 1 kB held for 1 kB of unit (1.0x)
09-07 22:34:13.921  9659  8290 I WiVRn   : [2026-09-07 22:34:13.921] [WiVRn] [info] nxwarp[0] fence-post 1.9 ms = nxvc gpu 1.2 + copy gpu 0.29 + queue 0.3 (over 179 frames with timestamps)
09-07 22:34:13.921  9659  8290 I WiVRn   : [2026-09-07 22:34:13.921] [WiVRn] [info] nxwarp[0]: 1 of 179 frames measured a stall not attributable to decoding (worst wall 11.0 ms); clipped out of the reported decode cost and out of the stride
09-07 22:34:13.921  9659  8290 I WiVRn   : [2026-09-07 22:34:13.921] [WiVRn] [info] nxwarp[0] atlas: frames 179, atlas 179, picture 0, avg dispatches 7.0, avg assembled 0.0, avg valid 578.0, direct targets 0
09-07 22:34:14.198  9659  8292 I WiVRn   : [2026-09-07 22:34:14.198] [WiVRn] [info] Tracking pattern (11112µs):
09-07 22:34:14.198  9659  8292 I WiVRn   : [2026-09-07 22:34:14.198] [WiVRn] [info] 	t+8896µs HEAD (80000µs)
09-07 22:34:14.198  9659  8292 I WiVRn   : [2026-09-07 22:34:14.198] [WiVRn] [info] 	t+8896µs LEFT_GRIP (80000µs)
09-07 22:34:14.198  9659  8292 I WiVRn   : [2026-09-07 22:34:14.198] [WiVRn] [info] 	t+8896µs RIGHT_GRIP (80000µs)
09-07 22:34:14.618  9659  8288 I WiVRn   : [2026-09-07 22:34:14.618] [WiVRn] [info] nxwarp[0] net: 180 frames closed in 2.0 s, 0 with a hole, 0 out-of-order datagrams, 0 frames completed late, 0 queued for the worker, 921 decoded so far, 1125 stragglers dropped; last hole 119/155 chunks, first missing 17, short false, chunk 1166 B
09-07 22:34:14.618  9659  8288 I WiVRn   : [2026-09-07 22:34:14.618] [WiVRn] [info] nxwarp[0] net: 0.125 ms per datagram over 831 datagrams (51.86 ms of every second)
09-07 22:34:14.618  9659  8288 I WiVRn   : [2026-09-07 22:34:14.618] [WiVRn] [info] nxwarp[0] sel: stride 1, arrival 11.1 ms, dropped-late 203, withheld 32, decoded 921
09-07 22:34:14.618  9659  8288 I WiVRn   : [2026-09-07 22:34:14.618] [WiVRn] [info] nxwarp[0] rx: 21329 datagrams, placed 144411 (+1221), late 864 (+0), stale_frame 0, bad_range 0, bad_dir 0, bad_caps 0, bad_ver 0, auth_fail 0, replay 0, frozen 0, dup 1
09-07 22:34:15.192  9659  8292 I WiVRn   : [2026-09-07 22:34:15.191] [WiVRn] [info] Tracking pattern (11112µs):
09-07 22:34:15.192  9659  8292 I WiVRn   : [2026-09-07 22:34:15.192] [WiVRn] [info] 	t+8896µs HEAD (80000µs)
09-07 22:34:15.873  9659  8122 I WiVRn   : [2026-09-07 22:34:15.873] [WiVRn] [info] Session state changed at timestamp 0: XR_SESSION_STATE_IDLE => XR_SESSION_STATE_READY
09-07 22:34:15.875  9659  8122 I WiVRn   : [2026-09-07 22:34:15.875] [WiVRn] [info] Received event type XR_TYPE_EVENT_DATA_USER_PRESENCE_CHANGED_EXT
09-07 22:34:15.878  9659  8122 I WiVRn   : [2026-09-07 22:34:15.878] [WiVRn] [info] Session state changed at timestamp 0: XR_SESSION_STATE_READY => XR_SESSION_STATE_SYNCHRONIZED
09-07 22:34:15.878  9659  8122 I WiVRn   : [2026-09-07 22:34:15.878] [WiVRn] [info] Session state changed at timestamp 0: XR_SESSION_STATE_SYNCHRONIZED => XR_SESSION_STATE_VISIBLE
09-07 22:34:15.878  9659  8122 I WiVRn   : [2026-09-07 22:34:15.878] [WiVRn] [info] Session state changed at timestamp 0: XR_SESSION_STATE_VISIBLE => XR_SESSION_STATE_FOCUSED
09-07 22:34:15.909  9659  8292 I WiVRn   : [2026-09-07 22:34:15.909] [WiVRn] [info] Tracking pattern (11109µs):
09-07 22:34:15.909  9659  8292 I WiVRn   : [2026-09-07 22:34:15.909] [WiVRn] [info] 	t+1368µs LEFT_GRIP (65290µs)
09-07 22:34:15.909  9659  8292 I WiVRn   : [2026-09-07 22:34:15.909] [WiVRn] [info] 	t+8878µs HEAD (80000µs)
09-07 22:34:15.937  9659  8290 I WiVRn   : [2026-09-07 22:34:15.937] [WiVRn] [info] nxwarp[0]: 180 frames in 2.0 s: 879 B/frame, wait-prev 0.0 ms, wall 2.3 ms, nxvc passA 0.2 passB 0.9 gpu 1.1 ms; holes 1, refused 0
09-07 22:34:15.937  9659  8290 I WiVRn   : [2026-09-07 22:34:15.937] [WiVRn] [info] nxwarp[0] gpu duty 99 ms/s (10% of one GPU) for decode alone; the display pass is extra
09-07 22:34:15.937  9659  8290 I WiVRn   : [2026-09-07 22:34:15.937] [WiVRn] [info] nxwarp[0] passB 0.9 ms = warp 0.0 + skip 0.0 + coded 0.1 + dir 0.0 + other 0.8; tiles skip 0 / coded 6 / dir 0 (eye pass 0)
09-07 22:34:15.937  9659  8290 I WiVRn   : [2026-09-07 22:34:15.937] [WiVRn] [info] nxwarp[0]: 203 frames dropped late (queue kept to 1)
09-07 22:34:15.937  9659  8290 I WiVRn   : [2026-09-07 22:34:15.937] [WiVRn] [info] nxwarp[0] stage: gap 8.9 | wait-prev 0.0 | submit 0.7 (qlock 0.0 + codec 0.7) | get_free 0.0 | fence-pre 0.0 | record 0.1 | qsubmit 0.1 | fence-post 1.3 | publish 0.0 ms; withheld 0, stride 1, arrival 10.6 ms
09-07 22:34:15.937  9659  8290 I WiVRn   : [2026-09-07 22:34:15.937] [WiVRn] [info] nxwarp[0] reassembly (network thread): 0.01 ms/frame over 181 frames, buffer 1 kB held for 1 kB of unit (1.0x)
09-07 22:34:15.937  9659  8290 I WiVRn   : [2026-09-07 22:34:15.937] [WiVRn] [info] nxwarp[0] fence-post 1.4 ms = nxvc gpu 1.1 + copy gpu 0.26 + queue -0.1 (over 180 frames with timestamps)
09-07 22:34:15.937  9659  8290 I WiVRn   : [2026-09-07 22:34:15.937] [WiVRn] [info] nxwarp[0]: 2 of 180 frames measured a stall not attributable to decoding (worst wall 17.0 ms); clipped out of the reported decode cost and out of the stride
09-07 22:34:15.937  9659  8290 I WiVRn   : [2026-09-07 22:34:15.937] [WiVRn] [info] nxwarp[0] atlas: frames 180, atlas 180, picture 0, avg dispatches 7.0, avg assembled 0.0, avg valid 578.0, direct targets 0
09-07 22:34:16.153  9659  8292 I WiVRn   : [2026-09-07 22:34:16.153] [WiVRn] [info] Tracking pattern (11109µs):
09-07 22:34:16.153  9659  8292 I WiVRn   : [2026-09-07 22:34:16.153] [WiVRn] [info] 	t+212µs LEFT_GRIP (66445µs)
09-07 22:34:16.153  9659  8292 I WiVRn   : [2026-09-07 22:34:16.153] [WiVRn] [info] 	t+220µs RIGHT_GRIP (66438µs)
09-07 22:34:16.153  9659  8292 I WiVRn   : [2026-09-07 22:34:16.153] [WiVRn] [info] 	t+2717µs HEAD (63941µs)
09-07 22:34:16.153  9659  8292 I WiVRn   : [2026-09-07 22:34:16.153] [WiVRn] [info] 	t+4827µs HEAD (72941µs)
09-07 22:34:16.153  9659  8292 I WiVRn   : [2026-09-07 22:34:16.153] [WiVRn] [info] 	t+5322µs LEFT_GRIP (72445µs)
09-07 22:34:16.153  9659  8292 I WiVRn   : [2026-09-07 22:34:16.153] [WiVRn] [info] 	t+5329µs RIGHT_GRIP (72438µs)
09-07 22:34:16.153  9659  8292 I WiVRn   : [2026-09-07 22:34:16.153] [WiVRn] [info] 	t+7827µs HEAD (69941µs)
09-07 22:34:16.153  9659  8292 I WiVRn   : [2026-09-07 22:34:16.153] [WiVRn] [info] 	t+8322µs LEFT_GRIP (69445µs)
09-07 22:34:16.153  9659  8292 I WiVRn   : [2026-09-07 22:34:16.153] [WiVRn] [info] 	t+8329µs RIGHT_GRIP (69438µs)
09-07 22:34:16.153  9659  8292 I WiVRn   : [2026-09-07 22:34:16.153] [WiVRn] [info] 	t+10827µs HEAD (66941µs)
09-07 22:34:16.624  9659  8288 I WiVRn   : [2026-09-07 22:34:16.624] [WiVRn] [info] nxwarp[0] net: 180 frames closed in 2.0 s, 0 with a hole, 0 out-of-order datagrams, 0 frames completed late, 0 queued for the worker, 1101 decoded so far, 1305 stragglers dropped; last hole 119/155 chunks, first missing 17, short false, chunk 1166 B
09-07 22:34:16.624  9659  8288 I WiVRn   : [2026-09-07 22:34:16.624] [WiVRn] [info] nxwarp[0] net: 0.119 ms per datagram over 808 datagrams (47.91 ms of every second)
09-07 22:34:16.624  9659  8288 I WiVRn   : [2026-09-07 22:34:16.624] [WiVRn] [info] nxwarp[0] sel: stride 1, arrival 10.7 ms, dropped-late 203, withheld 32, decoded 1101
09-07 22:34:16.624  9659  8288 I WiVRn   : [2026-09-07 22:34:16.624] [WiVRn] [info] nxwarp[0] rx: 22137 datagrams, placed 145581 (+1170), late 864 (+0), stale_frame 0, bad_range 0, bad_dir 0, bad_caps 0, bad_ver 0, auth_fail 0, replay 0, frozen 0, dup 1
