--------- beginning of main
--------- beginning of system
09-07 18:16:14.190 17110 25874 I WiVRn   : [2026-09-07 18:16:14.190] [WiVRn] [info] Sending query for _wivrn._tcp.local., type PTR
09-07 18:16:15.633 17110 17110 I WiVRn   : [2026-09-07 18:16:15.633] [WiVRn] [info] Received intent wivrn://192.168.1.2
09-07 18:16:15.635 17110 25869 I WiVRn   : [2026-09-07 18:16:15.635] [WiVRn] [info] Session state changed at timestamp 0: XR_SESSION_STATE_FOCUSED => XR_SESSION_STATE_VISIBLE
09-07 18:16:15.646 17110 25869 I WiVRn   : [2026-09-07 18:16:15.646] [WiVRn] [info] Session state changed at timestamp 0: XR_SESSION_STATE_VISIBLE => XR_SESSION_STATE_SYNCHRONIZED
09-07 18:16:15.646 17110 25869 I WiVRn   : [2026-09-07 18:16:15.646] [WiVRn] [info] Session state changed at timestamp 0: XR_SESSION_STATE_SYNCHRONIZED => XR_SESSION_STATE_STOPPING
09-07 18:16:15.649 17110 25869 I WiVRn   : [2026-09-07 18:16:15.649] [WiVRn] [info] Session state changed at timestamp 0: XR_SESSION_STATE_STOPPING => XR_SESSION_STATE_IDLE
09-07 18:16:15.649 17110 25869 I WiVRn   : [2026-09-07 18:16:15.649] [WiVRn] [info] Session state changed at timestamp 0: XR_SESSION_STATE_IDLE => XR_SESSION_STATE_READY
09-07 18:16:15.651 17110 25869 I WiVRn   : [2026-09-07 18:16:15.651] [WiVRn] [info] Received event type XR_TYPE_EVENT_DATA_USER_PRESENCE_CHANGED_EXT
09-07 18:16:15.652 17110 26027 I WiVRn   : [2026-09-07 18:16:15.652] [WiVRn] [info] Using pin "000000"
09-07 18:16:15.655 17110 25869 I WiVRn   : [2026-09-07 18:16:15.655] [WiVRn] [info] Session state changed at timestamp 0: XR_SESSION_STATE_READY => XR_SESSION_STATE_SYNCHRONIZED
09-07 18:16:15.655 17110 25869 I WiVRn   : [2026-09-07 18:16:15.655] [WiVRn] [info] Session state changed at timestamp 0: XR_SESSION_STATE_SYNCHRONIZED => XR_SESSION_STATE_VISIBLE
09-07 18:16:15.655 17110 25869 I WiVRn   : [2026-09-07 18:16:15.655] [WiVRn] [info] Session state changed at timestamp 0: XR_SESSION_STATE_VISIBLE => XR_SESSION_STATE_FOCUSED
09-07 18:16:15.660 17110 26027 I WiVRn   : [2026-09-07 18:16:15.660] [WiVRn] [info] Wi-Fi QoS marks enabled (uplink EF / AC_VO)
09-07 18:16:15.665 17110 25869 I WiVRn   : [2026-09-07 18:16:15.665] [WiVRn] [info] Supported swapchain formats:
09-07 18:16:15.665 17110 25869 I WiVRn   : [2026-09-07 18:16:15.665] [WiVRn] [info]     R8G8B8A8Srgb
09-07 18:16:15.665 17110 25869 I WiVRn   : [2026-09-07 18:16:15.665] [WiVRn] [info]     R8Unorm
09-07 18:16:15.665 17110 25869 I WiVRn   : [2026-09-07 18:16:15.665] [WiVRn] [info]     R8G8Unorm
09-07 18:16:15.665 17110 25869 I WiVRn   : [2026-09-07 18:16:15.665] [WiVRn] [info]     R8G8B8A8Unorm
09-07 18:16:15.665 17110 25869 I WiVRn   : [2026-09-07 18:16:15.665] [WiVRn] [info]     R5G6B5UnormPack16
09-07 18:16:15.665 17110 25869 I WiVRn   : [2026-09-07 18:16:15.665] [WiVRn] [info]     A2B10G10R10UnormPack32
09-07 18:16:15.665 17110 25869 I WiVRn   : [2026-09-07 18:16:15.665] [WiVRn] [info]     R16Unorm
09-07 18:16:15.665 17110 25869 I WiVRn   : [2026-09-07 18:16:15.665] [WiVRn] [info]     R16G16Unorm
09-07 18:16:15.665 17110 25869 I WiVRn   : [2026-09-07 18:16:15.665] [WiVRn] [info]     R16G16B16A16Unorm
09-07 18:16:15.665 17110 25869 I WiVRn   : [2026-09-07 18:16:15.665] [WiVRn] [info]     R16Uint
09-07 18:16:15.665 17110 25869 I WiVRn   : [2026-09-07 18:16:15.665] [WiVRn] [info]     R16G16Uint
09-07 18:16:15.665 17110 25869 I WiVRn   : [2026-09-07 18:16:15.665] [WiVRn] [info]     R16G16B16A16Uint
09-07 18:16:15.665 17110 25869 I WiVRn   : [2026-09-07 18:16:15.665] [WiVRn] [info]     R16Sint
09-07 18:16:15.665 17110 25869 I WiVRn   : [2026-09-07 18:16:15.665] [WiVRn] [info]     R16G16Sint
09-07 18:16:15.665 17110 25869 I WiVRn   : [2026-09-07 18:16:15.665] [WiVRn] [info]     R16G16B16A16Sint
09-07 18:16:15.665 17110 25869 I WiVRn   : [2026-09-07 18:16:15.665] [WiVRn] [info]     R16Sfloat
09-07 18:16:15.665 17110 25869 I WiVRn   : [2026-09-07 18:16:15.665] [WiVRn] [info]     R16G16Sfloat
09-07 18:16:15.665 17110 25869 I WiVRn   : [2026-09-07 18:16:15.665] [WiVRn] [info]     R16G16B16A16Sfloat
09-07 18:16:15.665 17110 25869 I WiVRn   : [2026-09-07 18:16:15.665] [WiVRn] [info]     A1R5G5B5UnormPack16
09-07 18:16:15.665 17110 25869 I WiVRn   : [2026-09-07 18:16:15.665] [WiVRn] [info]     Etc2R8G8B8UnormBlock
09-07 18:16:15.665 17110 25869 I WiVRn   : [2026-09-07 18:16:15.665] [WiVRn] [info]     Etc2R8G8B8A1UnormBlock
09-07 18:16:15.665 17110 25869 I WiVRn   : [2026-09-07 18:16:15.665] [WiVRn] [info]     Etc2R8G8B8A8UnormBlock
09-07 18:16:15.665 17110 25869 I WiVRn   : [2026-09-07 18:16:15.665] [WiVRn] [info]     Etc2R8G8B8SrgbBlock
09-07 18:16:15.665 17110 25869 I WiVRn   : [2026-09-07 18:16:15.665] [WiVRn] [info]     Etc2R8G8B8A1SrgbBlock
09-07 18:16:15.665 17110 25869 I WiVRn   : [2026-09-07 18:16:15.665] [WiVRn] [info]     Etc2R8G8B8A8SrgbBlock
09-07 18:16:15.665 17110 25869 I WiVRn   : [2026-09-07 18:16:15.665] [WiVRn] [info]     EacR11UnormBlock
09-07 18:16:15.665 17110 25869 I WiVRn   : [2026-09-07 18:16:15.665] [WiVRn] [info]     EacR11G11UnormBlock
09-07 18:16:15.665 17110 25869 I WiVRn   : [2026-09-07 18:16:15.665] [WiVRn] [info]     EacR11SnormBlock
09-07 18:16:15.665 17110 25869 I WiVRn   : [2026-09-07 18:16:15.665] [WiVRn] [info]     EacR11G11SnormBlock
09-07 18:16:15.665 17110 25869 I WiVRn   : [2026-09-07 18:16:15.665] [WiVRn] [info]     Astc4x4UnormBlock
09-07 18:16:15.665 17110 25869 I WiVRn   : [2026-09-07 18:16:15.665] [WiVRn] [info]     Astc5x4UnormBlock
09-07 18:16:15.665 17110 25869 I WiVRn   : [2026-09-07 18:16:15.665] [WiVRn] [info]     Astc5x5UnormBlock
09-07 18:16:15.665 17110 25869 I WiVRn   : [2026-09-07 18:16:15.665] [WiVRn] [info]     Astc6x5UnormBlock
09-07 18:16:15.665 17110 25869 I WiVRn   : [2026-09-07 18:16:15.665] [WiVRn] [info]     Astc6x6UnormBlock
09-07 18:16:15.665 17110 25869 I WiVRn   : [2026-09-07 18:16:15.665] [WiVRn] [info]     Astc8x5UnormBlock
09-07 18:16:15.665 17110 25869 I WiVRn   : [2026-09-07 18:16:15.665] [WiVRn] [info]     Astc8x6UnormBlock
09-07 18:16:15.665 17110 25869 I WiVRn   : [2026-09-07 18:16:15.665] [WiVRn] [info]     Astc8x8UnormBlock
09-07 18:16:15.665 17110 25869 I WiVRn   : [2026-09-07 18:16:15.665] [WiVRn] [info]     Astc10x5UnormBlock
09-07 18:16:15.665 17110 25869 I WiVRn   : [2026-09-07 18:16:15.665] [WiVRn] [info]     Astc10x6UnormBlock
09-07 18:16:15.665 17110 25869 I WiVRn   : [2026-09-07 18:16:15.665] [WiVRn] [info]     Astc10x8UnormBlock
09-07 18:16:15.665 17110 25869 I WiVRn   : [2026-09-07 18:16:15.665] [WiVRn] [info]     Astc10x10UnormBlock
09-07 18:16:15.665 17110 25869 I WiVRn   : [2026-09-07 18:16:15.665] [WiVRn] [info]     Astc12x10UnormBlock
09-07 18:16:15.665 17110 25869 I WiVRn   : [2026-09-07 18:16:15.665] [WiVRn] [info]     Astc12x12UnormBlock
09-07 18:16:15.665 17110 25869 I WiVRn   : [2026-09-07 18:16:15.665] [WiVRn] [info]     Astc4x4SrgbBlock
09-07 18:16:15.665 17110 25869 I WiVRn   : [2026-09-07 18:16:15.665] [WiVRn] [info]     Astc5x4SrgbBlock
09-07 18:16:15.665 17110 25869 I WiVRn   : [2026-09-07 18:16:15.665] [WiVRn] [info]     Astc5x5SrgbBlock
09-07 18:16:15.665 17110 25869 I WiVRn   : [2026-09-07 18:16:15.665] [WiVRn] [info]     Astc6x5SrgbBlock
09-07 18:16:15.665 17110 25869 I WiVRn   : [2026-09-07 18:16:15.665] [WiVRn] [info]     Astc6x6SrgbBlock
09-07 18:16:15.665 17110 25869 I WiVRn   : [2026-09-07 18:16:15.665] [WiVRn] [info]     Astc8x5SrgbBlock
09-07 18:16:15.665 17110 25869 I WiVRn   : [2026-09-07 18:16:15.665] [WiVRn] [info]     Astc8x6SrgbBlock
09-07 18:16:15.665 17110 25869 I WiVRn   : [2026-09-07 18:16:15.665] [WiVRn] [info]     Astc8x8SrgbBlock
09-07 18:16:15.665 17110 25869 I WiVRn   : [2026-09-07 18:16:15.665] [WiVRn] [info]     Astc10x5SrgbBlock
09-07 18:16:15.665 17110 25869 I WiVRn   : [2026-09-07 18:16:15.665] [WiVRn] [info]     Astc10x6SrgbBlock
09-07 18:16:15.665 17110 25869 I WiVRn   : [2026-09-07 18:16:15.665] [WiVRn] [info]     Astc10x8SrgbBlock
09-07 18:16:15.665 17110 25869 I WiVRn   : [2026-09-07 18:16:15.665] [WiVRn] [info]     Astc10x10SrgbBlock
09-07 18:16:15.665 17110 25869 I WiVRn   : [2026-09-07 18:16:15.665] [WiVRn] [info]     Astc12x10SrgbBlock
09-07 18:16:15.665 17110 25869 I WiVRn   : [2026-09-07 18:16:15.665] [WiVRn] [info]     Astc12x12SrgbBlock
09-07 18:16:15.665 17110 25869 I WiVRn   : [2026-09-07 18:16:15.665] [WiVRn] [info]     D16Unorm
09-07 18:16:15.665 17110 25869 I WiVRn   : [2026-09-07 18:16:15.665] [WiVRn] [info]     X8D24UnormPack32
09-07 18:16:15.665 17110 25869 I WiVRn   : [2026-09-07 18:16:15.665] [WiVRn] [info]     D32Sfloat
09-07 18:16:15.665 17110 25869 I WiVRn   : [2026-09-07 18:16:15.665] [WiVRn] [info]     D24UnormS8Uint
09-07 18:16:15.665 17110 25869 I WiVRn   : [2026-09-07 18:16:15.665] [WiVRn] [info]     B8G8R8A8Unorm
09-07 18:16:15.665 17110 25869 I WiVRn   : [2026-09-07 18:16:15.665] [WiVRn] [info]     B8G8R8A8Srgb
09-07 18:16:15.667 17110 25869 I WiVRn   : [2026-09-07 18:16:15.667] [WiVRn] [info] Using panel size: 2160x2160
09-07 18:16:15.693 17110 25869 I WiVRn   : [2026-09-07 18:16:15.693] [WiVRn] [info] video codec av1: NOT supported
09-07 18:16:15.736 17110 25869 I WiVRn   : [2026-09-07 18:16:15.736] [WiVRn] [info] video codec h265: supported
09-07 18:16:15.779 17110 25869 I WiVRn   : [2026-09-07 18:16:15.779] [WiVRn] [info] video codec h264: supported
09-07 18:16:15.785 17110 25869 I WiVRn   : [2026-09-07 18:16:15.785] [WiVRn] [info] Using format R8G8B8A8Srgb
09-07 18:16:15.789 17110 25869 I WiVRn   : [2026-09-07 18:16:15.789] [WiVRn] [info] WifiLock low latency acquired
09-07 18:16:15.819 17110 26060 I WiVRn   : [2026-09-07 18:16:15.819] [WiVRn] [info] setup, refresh rate 90
09-07 18:16:15.819 17110 26060 I WiVRn   : [2026-09-07 18:16:15.819] [WiVRn] [info] set refresh rate to 90Hz
09-07 18:16:15.820 17110 26060 I WiVRn   : [2026-09-07 18:16:15.820] [WiVRn] [info] Creating decoders, size 1088x1088
09-07 18:16:15.820 17110 26060 I WiVRn   : [2026-09-07 18:16:15.820] [WiVRn] [info] edge bleed: server overscan 5.0%, client ring 0.0% (fade)
09-07 18:16:15.820 17110 26060 I WiVRn   : [2026-09-07 18:16:15.820] [WiVRn] [info]   stream 0: role 0, 1088x1088
09-07 18:16:15.820 17110 26060 I WiVRn   : [2026-09-07 18:16:15.820] [WiVRn] [info] nxwarp: decoupled display on
09-07 18:16:15.820 17110 26060 I WiVRn   : [2026-09-07 18:16:15.820] [WiVRn] [info] nxwarp: ycbcr chroma filter linear
09-07 18:16:15.820 17110 26060 I WiVRn   : [2026-09-07 18:16:15.820] [WiVRn] [info] nxwarp[0]: decoupled display -- frames are published complete and the reprojection pass waits on nothing
09-07 18:16:15.820 17110 26060 I WiVRn   : [2026-09-07 18:16:15.820] [WiVRn] [info]   stream 2: role 1, 1088x544
09-07 18:16:15.820 17110 26060 I WiVRn   : [2026-09-07 18:16:15.820] [WiVRn] [info] nxwarp: decoupled display on
09-07 18:16:15.820 17110 26060 I WiVRn   : [2026-09-07 18:16:15.820] [WiVRn] [info] nxwarp: ycbcr chroma filter linear
09-07 18:16:15.820 17110 26060 I WiVRn   : [2026-09-07 18:16:15.820] [WiVRn] [info] nxwarp[2]: decoupled display -- frames are published complete and the reprojection pass waits on nothing
09-07 18:16:15.820 17110 26065 I WiVRn   : [2026-09-07 18:16:15.820] [WiVRn] [info] Adding hand_interaction poses to device list
09-07 18:16:15.820 17110 26065 I WiVRn   : [2026-09-07 18:16:15.820] [WiVRn] [info] interaction profile for /user/hand/left: /interaction_profiles/ext/hand_interaction_ext
09-07 18:16:15.820 17110 26065 I WiVRn   : [2026-09-07 18:16:15.820] [WiVRn] [info] interaction profile for /user/hand/right: /interaction_profiles/ext/hand_interaction_ext
09-07 18:16:15.820 17110 26065 I WiVRn   : [2026-09-07 18:16:15.820] [WiVRn] [info] interaction profile for /user/gamepad: XR_NULL_PATH
09-07 18:16:15.820 17110 26065 W WiVRn   : [2026-09-07 18:16:15.820] [WiVRn] [warning] unknown interaction profile XR_NULL_PATH
09-07 18:16:15.821 17110 26065 I WiVRn   : [2026-09-07 18:16:15.821] [WiVRn] [info] Tracking pattern (5000µs):
09-07 18:16:15.821 17110 26065 I WiVRn   : [2026-09-07 18:16:15.821] [WiVRn] [info] 	t+5000µs HEAD (0µs)
09-07 18:16:15.833 17110 26060 I WiVRn   : [2026-09-07 18:16:15.833] [WiVRn] [info] Speaker stream started
09-07 18:16:15.833 17110 26060 I WiVRn   : [2026-09-07 18:16:15.833] [WiVRn] [info] setup, refresh rate 90
09-07 18:16:15.833 17110 26060 I WiVRn   : [2026-09-07 18:16:15.833] [WiVRn] [info] set refresh rate to 90Hz
09-07 18:16:17.456 17110 25869 I WiVRn   : [2026-09-07 18:16:17.456] [WiVRn] [info] Session state changed at timestamp 0: XR_SESSION_STATE_FOCUSED => XR_SESSION_STATE_VISIBLE
09-07 18:16:17.456 17110 25869 I WiVRn   : [2026-09-07 18:16:17.456] [WiVRn] [info] Session state changed at timestamp 0: XR_SESSION_STATE_VISIBLE => XR_SESSION_STATE_SYNCHRONIZED
09-07 18:16:17.457 17110 25869 I WiVRn   : [2026-09-07 18:16:17.457] [WiVRn] [info] Session state changed at timestamp 0: XR_SESSION_STATE_SYNCHRONIZED => XR_SESSION_STATE_STOPPING
09-07 18:16:17.460 17110 25869 I WiVRn   : [2026-09-07 18:16:17.460] [WiVRn] [info] Session state changed at timestamp 0: XR_SESSION_STATE_STOPPING => XR_SESSION_STATE_IDLE
09-07 18:16:19.204 17110 25874 I WiVRn   : [2026-09-07 18:16:19.204] [WiVRn] [info] Sending query for _wivrn._tcp.local., type PTR
09-07 18:16:20.271 17110 25869 I WiVRn   : [2026-09-07 18:16:20.271] [WiVRn] [info] Session state changed at timestamp 0: XR_SESSION_STATE_IDLE => XR_SESSION_STATE_READY
09-07 18:16:20.273 17110 25869 I WiVRn   : [2026-09-07 18:16:20.273] [WiVRn] [info] Received event type Unknown
09-07 18:16:20.273 17110 25869 I WiVRn   : [2026-09-07 18:16:20.273] [WiVRn] [info] Received event type XR_TYPE_EVENT_DATA_USER_PRESENCE_CHANGED_EXT
09-07 18:16:20.277 17110 25869 I WiVRn   : [2026-09-07 18:16:20.277] [WiVRn] [info] Session state changed at timestamp 0: XR_SESSION_STATE_READY => XR_SESSION_STATE_SYNCHRONIZED
09-07 18:16:20.278 17110 25869 I WiVRn   : [2026-09-07 18:16:20.278] [WiVRn] [info] Session state changed at timestamp 0: XR_SESSION_STATE_SYNCHRONIZED => XR_SESSION_STATE_VISIBLE
09-07 18:16:20.278 17110 25869 I WiVRn   : [2026-09-07 18:16:20.278] [WiVRn] [info] Session state changed at timestamp 0: XR_SESSION_STATE_VISIBLE => XR_SESSION_STATE_FOCUSED
09-07 18:16:20.312 17110 25869 I WiVRn   : [2026-09-07 18:16:20.312] [WiVRn] [info] Received event type Unknown
09-07 18:16:24.241 17110 25874 I WiVRn   : [2026-09-07 18:16:24.241] [WiVRn] [info] Sending query for _wivrn._tcp.local., type PTR
09-07 18:16:29.246 17110 25874 I WiVRn   : [2026-09-07 18:16:29.246] [WiVRn] [info] Sending query for _wivrn._tcp.local., type PTR
09-07 18:16:30.463 17110 25869 I WiVRn   : [2026-09-07 18:16:30.463] [WiVRn] [info] Session state changed at timestamp 0: XR_SESSION_STATE_FOCUSED => XR_SESSION_STATE_VISIBLE
09-07 18:16:30.463 17110 25869 I WiVRn   : [2026-09-07 18:16:30.463] [WiVRn] [info] Session state changed at timestamp 0: XR_SESSION_STATE_VISIBLE => XR_SESSION_STATE_SYNCHRONIZED
09-07 18:16:30.463 17110 25869 I WiVRn   : [2026-09-07 18:16:30.463] [WiVRn] [info] Session state changed at timestamp 0: XR_SESSION_STATE_SYNCHRONIZED => XR_SESSION_STATE_STOPPING
09-07 18:16:30.465 17110 25869 I WiVRn   : [2026-09-07 18:16:30.465] [WiVRn] [info] Session state changed at timestamp 0: XR_SESSION_STATE_STOPPING => XR_SESSION_STATE_IDLE
09-07 18:16:32.922 17110 25869 I WiVRn   : [2026-09-07 18:16:32.922] [WiVRn] [info] Session state changed at timestamp 0: XR_SESSION_STATE_IDLE => XR_SESSION_STATE_READY
09-07 18:16:32.924 17110 25869 I WiVRn   : [2026-09-07 18:16:32.924] [WiVRn] [info] Received event type Unknown
09-07 18:16:32.924 17110 25869 I WiVRn   : [2026-09-07 18:16:32.924] [WiVRn] [info] Received event type XR_TYPE_EVENT_DATA_USER_PRESENCE_CHANGED_EXT
09-07 18:16:32.925 17110 25869 I WiVRn   : [2026-09-07 18:16:32.925] [WiVRn] [info] Session state changed at timestamp 0: XR_SESSION_STATE_READY => XR_SESSION_STATE_SYNCHRONIZED
09-07 18:16:32.926 17110 25869 I WiVRn   : [2026-09-07 18:16:32.926] [WiVRn] [info] Session state changed at timestamp 0: XR_SESSION_STATE_SYNCHRONIZED => XR_SESSION_STATE_VISIBLE
09-07 18:16:32.926 17110 25869 I WiVRn   : [2026-09-07 18:16:32.926] [WiVRn] [info] Session state changed at timestamp 0: XR_SESSION_STATE_VISIBLE => XR_SESSION_STATE_FOCUSED
09-07 18:16:33.004 17110 25869 I WiVRn   : [2026-09-07 18:16:33.004] [WiVRn] [info] Received event type Unknown
09-07 18:16:34.250 17110 25874 I WiVRn   : [2026-09-07 18:16:34.250] [WiVRn] [info] Sending query for _wivrn._tcp.local., type PTR
09-07 18:16:39.752 17110 25874 I WiVRn   : [2026-09-07 18:16:39.752] [WiVRn] [info] Sending query for _wivrn._tcp.local., type PTR
09-07 18:16:40.413 17110 26060 I WiVRn   : [2026-09-07 18:16:40.413] [WiVRn] [info] nxwarp[0]: real R8 atlas display with per-frame GPU snapshots
09-07 18:16:40.413 17110 26060 I WiVRn   : [2026-09-07 18:16:40.413] [WiVRn] [info] nxwarp[0]: 1088x1088 per eye, 2 eyes, on Adreno (TM) 650, 34 x 17 tiles, 1166 bytes per tile
09-07 18:16:40.413 17110 26060 I WiVRn   : [2026-09-07 18:16:40.413] [WiVRn] [info] nxwarp[0] net: 1 frames closed in 24.6 s, 0 with a hole, 0 out-of-order datagrams, 0 frames completed late, 0 queued for the worker, 0 decoded so far, 0 stragglers dropped; last hole 0/0 chunks, first missing -1, short false, chunk 1166 B
09-07 18:16:40.413 17110 26060 I WiVRn   : [2026-09-07 18:16:40.413] [WiVRn] [info] nxwarp[0] net: 0.018 ms per datagram over 18 datagrams (0.01 ms of every second)
09-07 18:16:40.413 17110 26060 I WiVRn   : [2026-09-07 18:16:40.413] [WiVRn] [info] nxwarp[0] sel: stride 1, arrival 0.0 ms, dropped-late 0, withheld 0, decoded 0
09-07 18:16:40.413 17110 26060 I WiVRn   : [2026-09-07 18:16:40.413] [WiVRn] [info] nxwarp[0] rx: 19 datagrams, placed 578 (+578), late 0 (+0), stale_frame 0, bad_range 0, bad_dir 0, bad_caps 0, bad_ver 0, auth_fail 0, replay 0, frozen 0, dup 0
09-07 18:16:40.416 17110 26065 I WiVRn   : [2026-09-07 18:16:40.416] [WiVRn] [info] Tracking pattern (5000µs):
09-07 18:16:40.416 17110 26065 I WiVRn   : [2026-09-07 18:16:40.416] [WiVRn] [info] 	t+3593µs LEFT_GRIP (1406µs)
09-07 18:16:40.416 17110 26065 I WiVRn   : [2026-09-07 18:16:40.416] [WiVRn] [info] 	t+6243µs HEAD (-6243µs)
09-07 18:16:40.822 17110 26065 I WiVRn   : [2026-09-07 18:16:40.822] [WiVRn] [info] Tracking pattern (5000µs):
09-07 18:16:40.822 17110 26065 I WiVRn   : [2026-09-07 18:16:40.822] [WiVRn] [info] 	t+2000µs HEAD (3000µs)
09-07 18:16:40.822 17110 26065 I WiVRn   : [2026-09-07 18:16:40.822] [WiVRn] [info] 	t+2255µs LEFT_GRIP (2744µs)
09-07 18:16:40.822 17110 26065 I WiVRn   : [2026-09-07 18:16:40.822] [WiVRn] [info] 	t+2307µs RIGHT_GRIP (2692µs)
09-07 18:16:40.822 17110 26065 I WiVRn   : [2026-09-07 18:16:40.822] [WiVRn] [info] 	t+4000µs HEAD (6000µs)
09-07 18:16:40.822 17110 26065 I WiVRn   : [2026-09-07 18:16:40.822] [WiVRn] [info] 	t+4255µs LEFT_GRIP (5744µs)
09-07 18:16:40.822 17110 26065 I WiVRn   : [2026-09-07 18:16:40.822] [WiVRn] [info] 	t+4307µs RIGHT_GRIP (5692µs)
09-07 18:16:40.822 17110 26065 I WiVRn   : [2026-09-07 18:16:40.822] [WiVRn] [info] 	t+5000µs HEAD (0µs)
09-07 18:16:41.349 17110 26063 I WiVRn   : [2026-09-07 18:16:41.349] [WiVRn] [info] Stream scene ready at t=67634718445917
09-07 18:16:41.349 17110 26063 I WiVRn   : [2026-09-07 18:16:41.349] [WiVRn] [info] nxwarp[0]: 1 frames in 25.5 s: 9118 B/frame, wait-prev 0.0 ms, wall 935.6 ms, nxvc passA 1.8 passB 11.8 gpu 13.6 ms; holes 0, refused 0
09-07 18:16:41.349 17110 26063 I WiVRn   : [2026-09-07 18:16:41.349] [WiVRn] [info] nxwarp[0] gpu duty 1 ms/s (0% of one GPU) for decode alone; the display pass is extra
09-07 18:16:41.349 17110 26063 I WiVRn   : [2026-09-07 18:16:41.349] [WiVRn] [info] nxwarp[0] passB 11.8 ms = warp 0.0 + skip 0.0 + coded 0.0 + dir 0.0 + other 11.8; tiles skip 0 / coded 578 / dir 0 (eye pass 0)
09-07 18:16:41.349 17110 26063 I WiVRn   : [2026-09-07 18:16:41.349] [WiVRn] [info] nxwarp[0]: 97 frames dropped late (queue kept to 1)
09-07 18:16:41.349 17110 26063 I WiVRn   : [2026-09-07 18:16:41.349] [WiVRn] [info] nxwarp[0] stage: gap 0.0 | wait-prev 0.0 | submit 916.7 (qlock 0.0 + codec 916.6) | get_free 0.0 | fence-pre 0.0 | record 0.3 | qsubmit 0.0 | fence-post 18.6 | publish 0.1 ms; withheld 0, stride 1, arrival 10.7 ms
09-07 18:16:41.349 17110 26063 I WiVRn   : [2026-09-07 18:16:41.349] [WiVRn] [info] nxwarp[0] reassembly (network thread): 0.03 ms/frame over 99 frames, buffer 33 kB held for 33 kB of unit (1.0x)
09-07 18:16:41.349 17110 26063 I WiVRn   : [2026-09-07 18:16:41.349] [WiVRn] [info] nxwarp[0] fence-post 18.6 ms = nxvc gpu 13.6 + copy gpu 0.84 + queue 4.1 (over 1 frames with timestamps)
09-07 18:16:41.354 17110 25869 I WiVRn   : [2026-09-07 18:16:41.354] [WiVRn] [info] MulticastLock released
09-07 18:16:41.396 17110 25869 I WiVRn   : [2026-09-07 18:16:41.396] [WiVRn] [info] Loaded input profile pico-4
09-07 18:16:41.396 17110 25869 I WiVRn   : [2026-09-07 18:16:41.396] [WiVRn] [info] Initializing offset of space aim_left to (-5, 0, 20) mm, (0, -0, 0)°
09-07 18:16:41.396 17110 25869 I WiVRn   : [2026-09-07 18:16:41.396] [WiVRn] [info] Initializing offset of space aim_right to (5, 0, 20) mm, (0, -0, 0)°
09-07 18:16:41.396 17110 25869 I WiVRn   : [2026-09-07 18:16:41.396] [WiVRn] [info] Initializing offset of space grip_left to (0, -20, -50) mm, (-30.000002, -0, 0)°
09-07 18:16:41.396 17110 25869 I WiVRn   : [2026-09-07 18:16:41.396] [WiVRn] [info] Initializing offset of space grip_right to (0, -20, -50) mm, (-30.000002, -0, 0)°
09-07 18:16:41.415 17110 25869 I WiVRn   : [2026-09-07 18:16:41.415] [WiVRn] [info] Font for de /system/fonts/PICOSans.ttf
09-07 18:16:41.415 17110 25869 I WiVRn   : [2026-09-07 18:16:41.415] [WiVRn] [info] Font for es /system/fonts/PICOSans.ttf
09-07 18:16:41.415 17110 25869 I WiVRn   : [2026-09-07 18:16:41.415] [WiVRn] [info] Font for fr /system/fonts/PICOSans.ttf
09-07 18:16:41.415 17110 25869 I WiVRn   : [2026-09-07 18:16:41.415] [WiVRn] [info] Font for fr /system/fonts/Roboto-Regular.ttf
09-07 18:16:41.415 17110 25869 I WiVRn   : [2026-09-07 18:16:41.415] [WiVRn] [info] Font for it /system/fonts/PICOSans.ttf
09-07 18:16:41.416 17110 25869 I WiVRn   : [2026-09-07 18:16:41.416] [WiVRn] [info] Font for ja /system/fonts/PICOSans.ttf
09-07 18:16:41.416 17110 25869 I WiVRn   : [2026-09-07 18:16:41.416] [WiVRn] [info] Font for ja /system/fonts/PICOSansVFJP.ttf
09-07 18:16:41.416 17110 25869 I WiVRn   : [2026-09-07 18:16:41.416] [WiVRn] [info] Font for ka /system/fonts/PICOSans.ttf
09-07 18:16:41.416 17110 25869 I WiVRn   : [2026-09-07 18:16:41.416] [WiVRn] [info] Font for ka /system/fonts/NotoSansGeorgian-Regular.otf
09-07 18:16:41.416 17110 25869 I WiVRn   : [2026-09-07 18:16:41.416] [WiVRn] [info] Font for ka /system/fonts/PICOSans.ttf
09-07 18:16:41.416 17110 25869 I WiVRn   : [2026-09-07 18:16:41.416] [WiVRn] [info] Font for pl /system/fonts/PICOSans.ttf
09-07 18:16:41.416 17110 25869 I WiVRn   : [2026-09-07 18:16:41.416] [WiVRn] [info] Font for pl /system/fonts/Roboto-Regular.ttf
09-07 18:16:41.416 17110 25869 I WiVRn   : [2026-09-07 18:16:41.416] [WiVRn] [info] Font for pl /system/fonts/PICOSans.ttf
09-07 18:16:41.416 17110 25869 I WiVRn   : [2026-09-07 18:16:41.416] [WiVRn] [info] Font for pl /system/fonts/PICOSansSC-Regular.ttf
09-07 18:16:41.416 17110 25869 I WiVRn   : [2026-09-07 18:16:41.416] [WiVRn] [info] Font for pl /system/fonts/Roboto-Regular.ttf
09-07 18:16:41.416 17110 25869 I WiVRn   : [2026-09-07 18:16:41.416] [WiVRn] [info] Font for pl /system/fonts/PICOSans.ttf
09-07 18:16:41.416 17110 25869 I WiVRn   : [2026-09-07 18:16:41.416] [WiVRn] [info] Font for pt_BR /system/fonts/PICOSans.ttf
09-07 18:16:41.416 17110 25869 I WiVRn   : [2026-09-07 18:16:41.416] [WiVRn] [info] Font for ru /system/fonts/PICOSans.ttf
09-07 18:16:41.416 17110 25869 I WiVRn   : [2026-09-07 18:16:41.416] [WiVRn] [info] Font for ru /system/fonts/PICOSansSC-Regular.ttf
09-07 18:16:41.416 17110 25869 I WiVRn   : [2026-09-07 18:16:41.416] [WiVRn] [info] Font for ru /system/fonts/PICOSans.ttf
09-07 18:16:41.416 17110 25869 I WiVRn   : [2026-09-07 18:16:41.416] [WiVRn] [info] Font for sk /system/fonts/PICOSans.ttf
09-07 18:16:41.416 17110 25869 I WiVRn   : [2026-09-07 18:16:41.416] [WiVRn] [info] Font for sk /system/fonts/Roboto-Regular.ttf
09-07 18:16:41.416 17110 25869 I WiVRn   : [2026-09-07 18:16:41.416] [WiVRn] [info] Font for sk /system/fonts/PICOSansSC-Regular.ttf
09-07 18:16:41.416 17110 25869 I WiVRn   : [2026-09-07 18:16:41.416] [WiVRn] [info] Font for sk /system/fonts/PICOSans.ttf
09-07 18:16:41.416 17110 25869 I WiVRn   : [2026-09-07 18:16:41.416] [WiVRn] [info] Font for sk /system/fonts/Roboto-Regular.ttf
09-07 18:16:41.416 17110 25869 I WiVRn   : [2026-09-07 18:16:41.416] [WiVRn] [info] Font for sk /system/fonts/PICOSans.ttf
09-07 18:16:41.416 17110 25869 I WiVRn   : [2026-09-07 18:16:41.416] [WiVRn] [info] Font for tr /system/fonts/PICOSans.ttf
09-07 18:16:41.416 17110 25869 I WiVRn   : [2026-09-07 18:16:41.416] [WiVRn] [info] Font for tr /system/fonts/Roboto-Regular.ttf
09-07 18:16:41.416 17110 25869 I WiVRn   : [2026-09-07 18:16:41.416] [WiVRn] [info] Font for tr /system/fonts/PICOSans.ttf
09-07 18:16:41.416 17110 25869 I WiVRn   : [2026-09-07 18:16:41.416] [WiVRn] [info] Font for tr /system/fonts/Roboto-Regular.ttf
09-07 18:16:41.416 17110 25869 I WiVRn   : [2026-09-07 18:16:41.416] [WiVRn] [info] Font for tr /system/fonts/PICOSans.ttf
09-07 18:16:41.416 17110 25869 I WiVRn   : [2026-09-07 18:16:41.416] [WiVRn] [info] Font for zh_CN /system/fonts/PICOSans.ttf
09-07 18:16:41.416 17110 25869 I WiVRn   : [2026-09-07 18:16:41.416] [WiVRn] [info] Font for zh_CN /system/fonts/PICOSansSC-Regular.ttf
09-07 18:16:41.417 17110 25869 I WiVRn   : [2026-09-07 18:16:41.417] [WiVRn] [info] Font for zh_TW /system/fonts/PICOSans.ttf
09-07 18:16:41.417 17110 25869 I WiVRn   : [2026-09-07 18:16:41.417] [WiVRn] [info] Font for zh_TW /system/fonts/PICOSansSC-Regular.ttf
09-07 18:16:41.420 17110 25869 I WiVRn   : [2026-09-07 18:16:41.420] [WiVRn] [info] Using font /system/fonts/PICOSans.ttf
09-07 18:16:41.421 17110 25869 I WiVRn   : [2026-09-07 18:16:41.421] [WiVRn] [info] Using font /system/fonts/Roboto-Regular.ttf
09-07 18:16:41.421 17110 25869 I WiVRn   : [2026-09-07 18:16:41.421] [WiVRn] [info] Using font /system/fonts/PICOSansVFJP.ttf
09-07 18:16:41.437 17110 25869 I WiVRn   : [2026-09-07 18:16:41.437] [WiVRn] [info] Using font /system/fonts/NotoSansGeorgian-Regular.otf
09-07 18:16:41.437 17110 25869 I WiVRn   : [2026-09-07 18:16:41.437] [WiVRn] [info] Using font /system/fonts/PICOSansSC-Regular.ttf
09-07 18:16:41.448 17110 25869 I WiVRn   : [2026-09-07 18:16:41.448] [WiVRn] [info] Performance level: CPU domain asked for sustained_high
09-07 18:16:41.448 17110 25869 I WiVRn   : [2026-09-07 18:16:41.448] [WiVRn] [info] nxwarp: GPU performance level setting 2
09-07 18:16:41.448 17110 25869 I WiVRn   : [2026-09-07 18:16:41.448] [WiVRn] [info] Performance level: GPU domain asked for boost
09-07 18:16:41.461 17110 25869 I WiVRn   : [2026-09-07 18:16:41.461] [WiVRn] [info] swapchain setup, refresh rate 90
09-07 18:16:41.461 17110 25869 I WiVRn   : [2026-09-07 18:16:41.461] [WiVRn] [info] set refresh rate to 90Hz
09-07 18:16:41.464 17110 25869 I WiVRn   : [2026-09-07 18:16:41.464] [WiVRn] [info] Created stream swapchain: 1088x1088
09-07 18:16:41.464 17110 25869 I WiVRn   : [2026-09-07 18:16:41.464] [WiVRn] [info] Initializing reprojector
09-07 18:16:41.490 17110 25869 I WiVRn   : [2026-09-07 18:16:41.490] [WiVRn] [info] geometry[eye 0]: view_info fov L-53.34 R53.34 U53.34 D-53.34 | layer fov L-53.34 R53.34 U53.34 D-53.34 deg | layer rect 1088x1088 | defoveated 1088x1088 | scale 0.50
09-07 18:16:41.490 17110 25869 I WiVRn   : [2026-09-07 18:16:41.490] [WiVRn] [info] geometry[eye 1]: view_info fov L-53.34 R53.34 U53.34 D-53.34 | layer fov L-53.34 R53.34 U53.34 D-53.34 deg | layer rect 1088x1088 | defoveated 1088x1088 | scale 0.50
09-07 18:16:41.495 17110 25869 I WiVRn   : [2026-09-07 18:16:41.495] [WiVRn] [info] render: 1 iterations in 37.8 s (0.0/s), 1 submitted a layer, 1 new-source, 0 skipped by the repeat gate, 0 with nothing to show; display period 11.1 ms
09-07 18:16:41.495 17110 25869 I WiVRn   : [2026-09-07 18:16:41.495] [WiVRn] [info] render: this app's own GPU pass 0.0 ms per iteration
09-07 18:16:41.495 17110 25869 I WiVRn   : [2026-09-07 18:16:41.495] [WiVRn] [info] render: defoveate 1088x1088 per eye x2 = 2.37 Mpx/frame at scale 0.50 atlas-mode 0; 0 re-presented from the cache (reduce_gpu_load on)
09-07 18:16:41.495 17110 25869 I WiVRn   : [2026-09-07 18:16:41.495] [WiVRn] [info] render: shader path sharpness 0.00 fsr false alpha false motion false blend false glow 0.28 vignette 0.00 deband 1.00 lowpoly 0.00 levels 0 full-kernel false
09-07 18:16:41.495 17110 25869 I WiVRn   : [2026-09-07 18:16:41.495] [WiVRn] [info] render: per iteration fence 0.0 (worst 0.0) | queries 0.0 | submit 0.1 | whole render() 46.5 ms
09-07 18:16:41.495 17110 25869 I WiVRn   : [2026-09-07 18:16:41.495] [WiVRn] [info] render: jit on | wake slack 32.3 ms | slept 0.0 ms mean (max 0.0, 0 of 1 iterations) | budget 1.0 = pass 0.0 + margin 1.0 | sleep cap 45.0 ms
09-07 18:16:41.495 17110 25869 I WiVRn   : [2026-09-07 18:16:41.495] [WiVRn] [info] render: displayed pose age 74.7 ms mean (worst 74.7) over 1 frames | submit lead 0.0 ms mean (worst 0.0) | misses: 0 overrun 0 late 0 skipped refresh
09-07 18:16:41.495 17110 25869 I WiVRn   : [2026-09-07 18:16:41.495] [WiVRn] [info] Received event type XR_TYPE_EVENT_DATA_INTERACTION_PROFILE_CHANGED
09-07 18:16:41.495 17110 25869 I WiVRn   : [2026-09-07 18:16:41.495] [WiVRn] [info] interaction profile for /user/hand/left: /interaction_profiles/ext/hand_interaction_ext
09-07 18:16:41.495 17110 25869 I WiVRn   : [2026-09-07 18:16:41.495] [WiVRn] [info] interaction profile for /user/hand/right: /interaction_profiles/ext/hand_interaction_ext
09-07 18:16:41.495 17110 25869 I WiVRn   : [2026-09-07 18:16:41.495] [WiVRn] [info] interaction profile for /user/gamepad: XR_NULL_PATH
09-07 18:16:41.495 17110 25869 W WiVRn   : [2026-09-07 18:16:41.495] [WiVRn] [warning] unknown interaction profile XR_NULL_PATH
09-07 18:16:41.495 17110 25869 I WiVRn   : [2026-09-07 18:16:41.495] [WiVRn] [info] Received event type XR_TYPE_EVENT_DATA_INTERACTION_PROFILE_CHANGED
09-07 18:16:41.495 17110 25869 I WiVRn   : [2026-09-07 18:16:41.495] [WiVRn] [info] interaction profile for /user/hand/left: /interaction_profiles/ext/hand_interaction_ext
09-07 18:16:41.495 17110 25869 I WiVRn   : [2026-09-07 18:16:41.495] [WiVRn] [info] interaction profile for /user/hand/right: /interaction_profiles/ext/hand_interaction_ext
09-07 18:16:41.495 17110 25869 I WiVRn   : [2026-09-07 18:16:41.495] [WiVRn] [info] interaction profile for /user/gamepad: XR_NULL_PATH
09-07 18:16:41.495 17110 25869 W WiVRn   : [2026-09-07 18:16:41.495] [WiVRn] [warning] unknown interaction profile XR_NULL_PATH
09-07 18:16:41.495 17110 25869 I WiVRn   : [2026-09-07 18:16:41.495] [WiVRn] [info] Received event type XR_TYPE_EVENT_DATA_INTERACTION_PROFILE_CHANGED
09-07 18:16:41.495 17110 25869 I WiVRn   : [2026-09-07 18:16:41.495] [WiVRn] [info] interaction profile for /user/hand/left: /interaction_profiles/ext/hand_interaction_ext
09-07 18:16:41.495 17110 25869 I WiVRn   : [2026-09-07 18:16:41.495] [WiVRn] [info] interaction profile for /user/hand/right: /interaction_profiles/ext/hand_interaction_ext
09-07 18:16:41.495 17110 25869 I WiVRn   : [2026-09-07 18:16:41.495] [WiVRn] [info] interaction profile for /user/gamepad: XR_NULL_PATH
09-07 18:16:41.495 17110 25869 W WiVRn   : [2026-09-07 18:16:41.495] [WiVRn] [warning] unknown interaction profile XR_NULL_PATH
09-07 18:16:41.517 17110 25869 I WiVRn   : [2026-09-07 18:16:41.517] [WiVRn] [info] Received event type Unknown
09-07 18:16:41.825 17110 26065 I WiVRn   : [2026-09-07 18:16:41.825] [WiVRn] [info] Tracking pattern (11109µs):
09-07 18:16:41.825 17110 26065 I WiVRn   : [2026-09-07 18:16:41.825] [WiVRn] [info] 	t+4011µs HEAD (7098µs)
09-07 18:16:41.825 17110 26065 I WiVRn   : [2026-09-07 18:16:41.825] [WiVRn] [info] 	t+4044µs LEFT_GRIP (7065µs)
09-07 18:16:41.825 17110 26065 I WiVRn   : [2026-09-07 18:16:41.825] [WiVRn] [info] 	t+4058µs RIGHT_GRIP (7051µs)
09-07 18:16:41.825 17110 26065 I WiVRn   : [2026-09-07 18:16:41.825] [WiVRn] [info] 	t+7011µs HEAD (4098µs)
09-07 18:16:41.825 17110 26065 I WiVRn   : [2026-09-07 18:16:41.825] [WiVRn] [info] 	t+7044µs LEFT_GRIP (4065µs)
09-07 18:16:41.825 17110 26065 I WiVRn   : [2026-09-07 18:16:41.825] [WiVRn] [info] 	t+7058µs RIGHT_GRIP (4051µs)
09-07 18:16:42.435 17110 26060 I WiVRn   : [2026-09-07 18:16:42.435] [WiVRn] [info] nxwarp[0] net: 143 frames closed in 2.0 s, 0 with a hole, 0 out-of-order datagrams, 0 frames completed late, 0 queued for the worker, 45 decoded so far, 260 stragglers dropped; last hole 0/0 chunks, first missing -1, short false, chunk 1166 B
09-07 18:16:42.435 17110 26060 I WiVRn   : [2026-09-07 18:16:42.435] [WiVRn] [info] nxwarp[0] net: 0.034 ms per datagram over 6317 datagrams (105.35 ms of every second)
09-07 18:16:42.435 17110 26060 I WiVRn   : [2026-09-07 18:16:42.435] [WiVRn] [info] nxwarp[0] sel: stride 1, arrival 22.1 ms, dropped-late 98, withheld 2, decoded 45
09-07 18:16:42.435 17110 26060 I WiVRn   : [2026-09-07 18:16:42.435] [WiVRn] [info] nxwarp[0] rx: 6336 datagrams, placed 83232 (+82654), late 547 (+547), stale_frame 0, bad_range 0, bad_dir 0, bad_caps 0, bad_ver 0, auth_fail 0, replay 0, frozen 0, dup 0
09-07 18:16:42.825 17110 26065 I WiVRn   : [2026-09-07 18:16:42.825] [WiVRn] [info] Tracking pattern (11111µs):
09-07 18:16:42.825 17110 26065 I WiVRn   : [2026-09-07 18:16:42.825] [WiVRn] [info] 	t+4916µs HEAD (6194µs)
09-07 18:16:42.825 17110 26065 I WiVRn   : [2026-09-07 18:16:42.825] [WiVRn] [info] 	t+4974µs LEFT_GRIP (6136µs)
09-07 18:16:42.825 17110 26065 I WiVRn   : [2026-09-07 18:16:42.825] [WiVRn] [info] 	t+4990µs RIGHT_GRIP (6121µs)
09-07 18:16:42.825 17110 26065 I WiVRn   : [2026-09-07 18:16:42.825] [WiVRn] [info] 	t+7916µs HEAD (3194µs)
09-07 18:16:42.825 17110 26065 I WiVRn   : [2026-09-07 18:16:42.825] [WiVRn] [info] 	t+7974µs LEFT_GRIP (3136µs)
09-07 18:16:42.825 17110 26065 I WiVRn   : [2026-09-07 18:16:42.825] [WiVRn] [info] 	t+7990µs RIGHT_GRIP (3121µs)
09-07 18:16:42.970 17110 25869 I WiVRn   : [2026-09-07 18:16:42.970] [WiVRn] [info] Session state changed at timestamp 0: XR_SESSION_STATE_FOCUSED => XR_SESSION_STATE_VISIBLE
09-07 18:16:43.026 17110 25869 I WiVRn   : [2026-09-07 18:16:43.026] [WiVRn] [info] Session state changed at timestamp 0: XR_SESSION_STATE_VISIBLE => XR_SESSION_STATE_SYNCHRONIZED
09-07 18:16:43.027 17110 25869 I WiVRn   : [2026-09-07 18:16:43.027] [WiVRn] [info] Session state changed at timestamp 0: XR_SESSION_STATE_SYNCHRONIZED => XR_SESSION_STATE_STOPPING
09-07 18:16:43.029 17110 25869 I WiVRn   : [2026-09-07 18:16:43.029] [WiVRn] [info] Session state changed at timestamp 0: XR_SESSION_STATE_STOPPING => XR_SESSION_STATE_IDLE
09-07 18:16:43.354 17110 26063 I WiVRn   : [2026-09-07 18:16:43.354] [WiVRn] [info] nxwarp[0]: 95 frames in 2.0 s: 25087 B/frame, wait-prev 0.0 ms, wall 14.4 ms, nxvc passA 3.6 passB 9.4 gpu 13.0 ms; holes 0, refused 0
09-07 18:16:43.354 17110 26063 I WiVRn   : [2026-09-07 18:16:43.354] [WiVRn] [info] nxwarp[0] gpu duty 614 ms/s (61% of one GPU) for decode alone; the display pass is extra
09-07 18:16:43.354 17110 26063 I WiVRn   : [2026-09-07 18:16:43.354] [WiVRn] [info] nxwarp[0] passB 9.4 ms = warp 0.0 + skip 0.0 + coded 0.0 + dir 0.0 + other 9.4; tiles skip 0 / coded 578 / dir 0 (eye pass 0)
09-07 18:16:43.354 17110 26063 I WiVRn   : [2026-09-07 18:16:43.354] [WiVRn] [info] nxwarp[0]: 98 frames dropped late (queue kept to 1)
09-07 18:16:43.354 17110 26063 I WiVRn   : [2026-09-07 18:16:43.354] [WiVRn] [info] nxwarp[0] stage: gap 6.7 | wait-prev 0.0 | submit 0.4 (qlock 0.0 + codec 0.4) | get_free 0.0 | fence-pre 0.0 | record 0.1 | qsubmit 0.0 | fence-post 13.8 | publish 0.0 ms; withheld 2, stride 1, arrival 11.4 ms
09-07 18:16:43.354 17110 26063 I WiVRn   : [2026-09-07 18:16:43.354] [WiVRn] [info] nxwarp[0] reassembly (network thread): 0.05 ms/frame over 96 frames, buffer 24 kB held for 24 kB of unit (1.0x)
09-07 18:16:43.354 17110 26063 I WiVRn   : [2026-09-07 18:16:43.354] [WiVRn] [info] nxwarp[0] fence-post 13.9 ms = nxvc gpu 13.0 + copy gpu 0.60 + queue 0.3 (over 95 frames with timestamps)
09-07 18:16:43.854 17110 26065 I WiVRn   : [2026-09-07 18:16:43.854] [WiVRn] [info] Tracking pattern (11112µs):
09-07 18:16:43.854 17110 26065 I WiVRn   : [2026-09-07 18:16:43.854] [WiVRn] [info] 	t+459µs HEAD (32877µs)
09-07 18:16:43.854 17110 26065 I WiVRn   : [2026-09-07 18:16:43.854] [WiVRn] [info] 	t+3459µs HEAD (29877µs)
09-07 18:16:43.854 17110 26065 I WiVRn   : [2026-09-07 18:16:43.854] [WiVRn] [info] 	t+6576µs LEFT_GRIP (37871µs)
09-07 18:16:43.854 17110 26065 I WiVRn   : [2026-09-07 18:16:43.854] [WiVRn] [info] 	t+6582µs RIGHT_GRIP (37866µs)
09-07 18:16:43.854 17110 26065 I WiVRn   : [2026-09-07 18:16:43.854] [WiVRn] [info] 	t+8571µs HEAD (35877µs)
09-07 18:16:43.854 17110 26065 I WiVRn   : [2026-09-07 18:16:43.854] [WiVRn] [info] 	t+9576µs LEFT_GRIP (34871µs)
09-07 18:16:43.854 17110 26065 I WiVRn   : [2026-09-07 18:16:43.854] [WiVRn] [info] 	t+9582µs RIGHT_GRIP (34866µs)
09-07 18:16:44.438 17110 26060 I WiVRn   : [2026-09-07 18:16:44.438] [WiVRn] [info] nxwarp[0] net: 149 frames closed in 2.0 s, 0 with a hole, 0 out-of-order datagrams, 0 frames completed late, 0 queued for the worker, 193 decoded so far, 437 stragglers dropped; last hole 0/0 chunks, first missing -1, short false, chunk 1166 B
09-07 18:16:44.438 17110 26060 I WiVRn   : [2026-09-07 18:16:44.438] [WiVRn] [info] nxwarp[0] net: 0.094 ms per datagram over 3479 datagrams (162.65 ms of every second)
09-07 18:16:44.438 17110 26060 I WiVRn   : [2026-09-07 18:16:44.438] [WiVRn] [info] nxwarp[0] sel: stride 1, arrival 11.7 ms, dropped-late 98, withheld 2, decoded 193
09-07 18:16:44.438 17110 26060 I WiVRn   : [2026-09-07 18:16:44.438] [WiVRn] [info] nxwarp[0] rx: 9815 datagrams, placed 169354 (+86122), late 547 (+0), stale_frame 0, bad_range 0, bad_dir 0, bad_caps 0, bad_ver 0, auth_fail 0, replay 0, frozen 0, dup 0
09-07 18:16:44.842 17110 26065 I WiVRn   : [2026-09-07 18:16:44.842] [WiVRn] [info] Tracking pattern (11112µs):
09-07 18:16:44.842 17110 26065 I WiVRn   : [2026-09-07 18:16:44.842] [WiVRn] [info] 	t+1212µs HEAD (32123µs)
09-07 18:16:44.842 17110 26065 I WiVRn   : [2026-09-07 18:16:44.842] [WiVRn] [info] 	t+4212µs HEAD (29123µs)
09-07 18:16:45.361 17110 26063 I WiVRn   : [2026-09-07 18:16:45.361] [WiVRn] [info] nxwarp[0]: 181 frames in 2.0 s: 9190 B/frame, wait-prev 0.0 ms, wall 10.6 ms, nxvc passA 1.9 passB 7.2 gpu 9.1 ms; holes 0, refused 0
09-07 18:16:45.361 17110 26063 I WiVRn   : [2026-09-07 18:16:45.361] [WiVRn] [info] nxwarp[0] gpu duty 820 ms/s (82% of one GPU) for decode alone; the display pass is extra
09-07 18:16:45.361 17110 26063 I WiVRn   : [2026-09-07 18:16:45.361] [WiVRn] [info] nxwarp[0] passB 7.2 ms = warp 0.0 + skip 0.0 + coded 0.0 + dir 0.0 + other 7.2; tiles skip 0 / coded 578 / dir 0 (eye pass 0)
09-07 18:16:45.361 17110 26063 I WiVRn   : [2026-09-07 18:16:45.361] [WiVRn] [info] nxwarp[0]: 98 frames dropped late (queue kept to 1)
09-07 18:16:45.361 17110 26063 I WiVRn   : [2026-09-07 18:16:45.361] [WiVRn] [info] nxwarp[0] stage: gap 0.5 | wait-prev 0.0 | submit 0.7 (qlock 0.0 + codec 0.7) | get_free 0.0 | fence-pre 0.0 | record 0.1 | qsubmit 0.1 | fence-post 9.6 | publish 0.0 ms; withheld 0, stride 1, arrival 11.1 ms
09-07 18:16:45.361 17110 26063 I WiVRn   : [2026-09-07 18:16:45.361] [WiVRn] [info] nxwarp[0] reassembly (network thread): 0.05 ms/frame over 180 frames, buffer 9 kB held for 9 kB of unit (1.0x)
09-07 18:16:45.361 17110 26063 I WiVRn   : [2026-09-07 18:16:45.361] [WiVRn] [info] nxwarp[0] fence-post 9.7 ms = nxvc gpu 9.1 + copy gpu 0.50 + queue 0.1 (over 181 frames with timestamps)
09-07 18:16:45.825 17110 26065 I WiVRn   : [2026-09-07 18:16:45.825] [WiVRn] [info] Tracking pattern (11112µs):
09-07 18:16:45.825 17110 26065 I WiVRn   : [2026-09-07 18:16:45.825] [WiVRn] [info] 	t+7776µs HEAD (3335µs)
09-07 18:16:45.825 17110 26065 I WiVRn   : [2026-09-07 18:16:45.825] [WiVRn] [info] 	t+10776µs HEAD (335µs)
09-07 18:16:45.848 17110 25869 I WiVRn   : [2026-09-07 18:16:45.848] [WiVRn] [info] Session state changed at timestamp 0: XR_SESSION_STATE_IDLE => XR_SESSION_STATE_READY
09-07 18:16:45.850 17110 25869 I WiVRn   : [2026-09-07 18:16:45.850] [WiVRn] [info] Received event type XR_TYPE_EVENT_DATA_USER_PRESENCE_CHANGED_EXT
09-07 18:16:45.852 17110 25869 I WiVRn   : [2026-09-07 18:16:45.852] [WiVRn] [info] Session state changed at timestamp 0: XR_SESSION_STATE_READY => XR_SESSION_STATE_SYNCHRONIZED
09-07 18:16:45.852 17110 25869 I WiVRn   : [2026-09-07 18:16:45.852] [WiVRn] [info] Session state changed at timestamp 0: XR_SESSION_STATE_SYNCHRONIZED => XR_SESSION_STATE_VISIBLE
09-07 18:16:45.852 17110 25869 I WiVRn   : [2026-09-07 18:16:45.852] [WiVRn] [info] Session state changed at timestamp 0: XR_SESSION_STATE_VISIBLE => XR_SESSION_STATE_FOCUSED
09-07 18:16:45.881 17110 26065 I WiVRn   : [2026-09-07 18:16:45.881] [WiVRn] [info] Tracking pattern (11096µs):
09-07 18:16:45.881 17110 26065 I WiVRn   : [2026-09-07 18:16:45.881] [WiVRn] [info] 	t+7760µs HEAD (3335µs)
09-07 18:16:45.881 17110 26065 I WiVRn   : [2026-09-07 18:16:45.881] [WiVRn] [info] 	t+9071µs LEFT_GRIP (2024µs)
09-07 18:16:45.881 17110 26065 I WiVRn   : [2026-09-07 18:16:45.881] [WiVRn] [info] 	t+10760µs HEAD (335µs)
09-07 18:16:46.457 17110 26060 I WiVRn   : [2026-09-07 18:16:46.457] [WiVRn] [info] nxwarp[0] net: 167 frames closed in 2.0 s, 0 with a hole, 0 out-of-order datagrams, 0 frames completed late, 0 queued for the worker, 353 decoded so far, 610 stragglers dropped; last hole 0/0 chunks, first missing -1, short false, chunk 1166 B
09-07 18:16:46.457 17110 26060 I WiVRn   : [2026-09-07 18:16:46.457] [WiVRn] [info] nxwarp[0] net: 0.069 ms per datagram over 4643 datagrams (157.85 ms of every second)
09-07 18:16:46.457 17110 26060 I WiVRn   : [2026-09-07 18:16:46.457] [WiVRn] [info] nxwarp[0] sel: stride 1, arrival 21.2 ms, dropped-late 106, withheld 10, decoded 353
09-07 18:16:46.457 17110 26060 I WiVRn   : [2026-09-07 18:16:46.457] [WiVRn] [info] nxwarp[0] rx: 14458 datagrams, placed 265880 (+96526), late 547 (+0), stale_frame 0, bad_range 0, bad_dir 0, bad_caps 0, bad_ver 0, auth_fail 0, replay 0, frozen 0, dup 0
09-07 18:16:46.823 17110 26065 I WiVRn   : [2026-09-07 18:16:46.823] [WiVRn] [info] Tracking pattern (11111µs):
09-07 18:16:46.823 17110 26065 I WiVRn   : [2026-09-07 18:16:46.823] [WiVRn] [info] 	t+5111µs HEAD (6000µs)
09-07 18:16:46.823 17110 26065 I WiVRn   : [2026-09-07 18:16:46.823] [WiVRn] [info] 	t+5248µs LEFT_GRIP (5863µs)
09-07 18:16:46.823 17110 26065 I WiVRn   : [2026-09-07 18:16:46.823] [WiVRn] [info] 	t+5267µs RIGHT_GRIP (5844µs)
09-07 18:16:46.823 17110 26065 I WiVRn   : [2026-09-07 18:16:46.823] [WiVRn] [info] 	t+8111µs HEAD (3000µs)
09-07 18:16:46.823 17110 26065 I WiVRn   : [2026-09-07 18:16:46.823] [WiVRn] [info] 	t+8248µs LEFT_GRIP (2863µs)
09-07 18:16:46.823 17110 26065 I WiVRn   : [2026-09-07 18:16:46.823] [WiVRn] [info] 	t+8267µs RIGHT_GRIP (2844µs)
09-07 18:16:46.823 17110 26065 I WiVRn   : [2026-09-07 18:16:46.823] [WiVRn] [info] 	t+11111µs HEAD (0µs)
09-07 18:16:47.361 17110 26063 I WiVRn   : [2026-09-07 18:16:47.361] [WiVRn] [info] nxwarp[0]: 118 frames in 2.0 s: 24966 B/frame, wait-prev 0.0 ms, wall 13.8 ms, nxvc passA 3.1 passB 9.1 gpu 12.2 ms; holes 0, refused 0
09-07 18:16:47.361 17110 26063 I WiVRn   : [2026-09-07 18:16:47.361] [WiVRn] [info] nxwarp[0] gpu duty 722 ms/s (72% of one GPU) for decode alone; the display pass is extra
09-07 18:16:47.361 17110 26063 I WiVRn   : [2026-09-07 18:16:47.361] [WiVRn] [info] nxwarp[0] passB 9.1 ms = warp 0.0 + skip 0.0 + coded 0.0 + dir 0.0 + other 9.1; tiles skip 0 / coded 578 / dir 0 (eye pass 0)
09-07 18:16:47.361 17110 26063 I WiVRn   : [2026-09-07 18:16:47.361] [WiVRn] [info] nxwarp[0]: 106 frames dropped late (queue kept to 1)
09-07 18:16:47.361 17110 26063 I WiVRn   : [2026-09-07 18:16:47.361] [WiVRn] [info] nxwarp[0] stage: gap 3.2 | wait-prev 0.0 | submit 0.4 (qlock 0.0 + codec 0.4) | get_free 0.0 | fence-pre 0.0 | record 0.1 | qsubmit 0.0 | fence-post 13.3 | publish 0.0 ms; withheld 8, stride 1, arrival 21.9 ms
09-07 18:16:47.361 17110 26063 I WiVRn   : [2026-09-07 18:16:47.361] [WiVRn] [info] nxwarp[0] reassembly (network thread): 0.07 ms/frame over 126 frames, buffer 25 kB held for 25 kB of unit (1.0x)
09-07 18:16:47.361 17110 26063 I WiVRn   : [2026-09-07 18:16:47.361] [WiVRn] [info] nxwarp[0] fence-post 13.3 ms = nxvc gpu 12.2 + copy gpu 0.52 + queue 0.5 (over 118 frames with timestamps)
09-07 18:16:47.823 17110 26065 I WiVRn   : [2026-09-07 18:16:47.823] [WiVRn] [info] Tracking pattern (11112µs):
09-07 18:16:47.823 17110 26065 I WiVRn   : [2026-09-07 18:16:47.823] [WiVRn] [info] 	t+5102µs HEAD (6009µs)
09-07 18:16:47.823 17110 26065 I WiVRn   : [2026-09-07 18:16:47.823] [WiVRn] [info] 	t+5141µs LEFT_GRIP (5971µs)
09-07 18:16:47.823 17110 26065 I WiVRn   : [2026-09-07 18:16:47.823] [WiVRn] [info] 	t+5146µs RIGHT_GRIP (5966µs)
09-07 18:16:47.823 17110 26065 I WiVRn   : [2026-09-07 18:16:47.823] [WiVRn] [info] 	t+8102µs HEAD (3009µs)
09-07 18:16:47.823 17110 26065 I WiVRn   : [2026-09-07 18:16:47.823] [WiVRn] [info] 	t+8141µs LEFT_GRIP (2971µs)
09-07 18:16:47.823 17110 26065 I WiVRn   : [2026-09-07 18:16:47.823] [WiVRn] [info] 	t+8146µs RIGHT_GRIP (2966µs)
09-07 18:16:47.857 17110 25869 I WiVRn   : [2026-09-07 18:16:47.857] [WiVRn] [info] render: 168 iterations in 2.0 s (83.8/s), 167 submitted a layer, 92 new-source, 0 skipped by the repeat gate, 1 with nothing to show; display period 11.8 ms
09-07 18:16:47.857 17110 25869 I WiVRn   : [2026-09-07 18:16:47.857] [WiVRn] [info] render: this app's own GPU pass 1.3 ms per iteration
09-07 18:16:47.857 17110 25869 I WiVRn   : [2026-09-07 18:16:47.857] [WiVRn] [info] render: defoveate 1088x1088 per eye x2 = 2.37 Mpx/frame at scale 0.50 atlas-mode 0; 75 re-presented from the cache (reduce_gpu_load on)
09-07 18:16:47.857 17110 25869 I WiVRn   : [2026-09-07 18:16:47.857] [WiVRn] [info] render: shader path sharpness 0.00 fsr false alpha false motion false blend false glow 0.28 vignette 0.00 deband 1.00 lowpoly 0.00 levels 0 full-kernel false
09-07 18:16:47.857 17110 25869 I WiVRn   : [2026-09-07 18:16:47.857] [WiVRn] [info] render: per iteration fence 1.5 (worst 13.5) | queries 0.0 | submit 0.0 | whole render() 1.9 ms
09-07 18:16:47.857 17110 25869 I WiVRn   : [2026-09-07 18:16:47.857] [WiVRn] [info] render: jit on | wake slack 44.2 ms | slept 0.5 ms mean (max 0.6, 166 of 168 iterations) | budget 24.1 = pass 23.1 + margin 1.0 | sleep cap 0.6 ms
09-07 18:16:47.857 17110 25869 I WiVRn   : [2026-09-07 18:16:47.857] [WiVRn] [info] render: displayed pose age 74.0 ms mean (worst 116.8) over 167 frames | submit lead 41.8 ms mean (worst 31.4) | misses: 0 overrun 0 late 0 skipped refresh
09-07 18:16:48.467 17110 26060 I WiVRn   : [2026-09-07 18:16:48.467] [WiVRn] [info] nxwarp[0] net: 97 frames closed in 2.0 s, 0 with a hole, 0 out-of-order datagrams, 0 frames completed late, 0 queued for the worker, 450 decoded so far, 804 stragglers dropped; last hole 0/0 chunks, first missing -1, short false, chunk 1166 B
09-07 18:16:48.467 17110 26060 I WiVRn   : [2026-09-07 18:16:48.467] [WiVRn] [info] nxwarp[0] net: 0.033 ms per datagram over 4171 datagrams (69.46 ms of every second)
09-07 18:16:48.467 17110 26060 I WiVRn   : [2026-09-07 18:16:48.467] [WiVRn] [info] nxwarp[0] sel: stride 1, arrival 19.6 ms, dropped-late 106, withheld 10, decoded 450
09-07 18:16:48.467 17110 26060 I WiVRn   : [2026-09-07 18:16:48.467] [WiVRn] [info] nxwarp[0] rx: 18629 datagrams, placed 321946 (+56066), late 547 (+0), stale_frame 0, bad_range 0, bad_dir 0, bad_caps 0, bad_ver 0, auth_fail 0, replay 0, frozen 0, dup 0
09-07 18:16:48.823 17110 26065 I WiVRn   : [2026-09-07 18:16:48.823] [WiVRn] [info] Tracking pattern (11110µs):
09-07 18:16:48.823 17110 26065 I WiVRn   : [2026-09-07 18:16:48.823] [WiVRn] [info] 	t+5154µs HEAD (5955µs)
09-07 18:16:48.823 17110 26065 I WiVRn   : [2026-09-07 18:16:48.823] [WiVRn] [info] 	t+5503µs LEFT_GRIP (5607µs)
09-07 18:16:48.823 17110 26065 I WiVRn   : [2026-09-07 18:16:48.823] [WiVRn] [info] 	t+5513µs RIGHT_GRIP (5597µs)
09-07 18:16:48.823 17110 26065 I WiVRn   : [2026-09-07 18:16:48.823] [WiVRn] [info] 	t+8154µs HEAD (2955µs)
09-07 18:16:48.823 17110 26065 I WiVRn   : [2026-09-07 18:16:48.823] [WiVRn] [info] 	t+8503µs LEFT_GRIP (2607µs)
09-07 18:16:48.823 17110 26065 I WiVRn   : [2026-09-07 18:16:48.823] [WiVRn] [info] 	t+8513µs RIGHT_GRIP (2597µs)
09-07 18:16:49.382 17110 26063 I WiVRn   : [2026-09-07 18:16:49.382] [WiVRn] [info] nxwarp[0]: 101 frames in 2.0 s: 29566 B/frame, wait-prev 0.0 ms, wall 15.0 ms, nxvc passA 3.7 passB 9.7 gpu 13.4 ms; holes 0, refused 0
09-07 18:16:49.382 17110 26063 I WiVRn   : [2026-09-07 18:16:49.382] [WiVRn] [info] nxwarp[0] gpu duty 671 ms/s (67% of one GPU) for decode alone; the display pass is extra
09-07 18:16:49.382 17110 26063 I WiVRn   : [2026-09-07 18:16:49.382] [WiVRn] [info] nxwarp[0] passB 9.7 ms = warp 0.0 + skip 0.0 + coded 0.0 + dir 0.0 + other 9.7; tiles skip 0 / coded 578 / dir 0 (eye pass 0)
09-07 18:16:49.382 17110 26063 I WiVRn   : [2026-09-07 18:16:49.382] [WiVRn] [info] nxwarp[0]: 106 frames dropped late (queue kept to 1)
09-07 18:16:49.382 17110 26063 I WiVRn   : [2026-09-07 18:16:49.382] [WiVRn] [info] nxwarp[0] stage: gap 5.0 | wait-prev 0.0 | submit 0.2 (qlock 0.0 + codec 0.2) | get_free 0.0 | fence-pre 0.0 | record 0.0 | qsubmit 0.0 | fence-post 14.7 | publish 0.0 ms; withheld 0, stride 1, arrival 19.5 ms
09-07 18:16:49.382 17110 26063 I WiVRn   : [2026-09-07 18:16:49.382] [WiVRn] [info] nxwarp[0] reassembly (network thread): 0.03 ms/frame over 101 frames, buffer 29 kB held for 29 kB of unit (1.0x)
09-07 18:16:49.382 17110 26063 I WiVRn   : [2026-09-07 18:16:49.382] [WiVRn] [info] nxwarp[0] fence-post 14.7 ms = nxvc gpu 13.4 + copy gpu 0.51 + queue 0.7 (over 101 frames with timestamps)
09-07 18:16:49.823 17110 26065 I WiVRn   : [2026-09-07 18:16:49.823] [WiVRn] [info] Tracking pattern (11111µs):
09-07 18:16:49.823 17110 26065 I WiVRn   : [2026-09-07 18:16:49.823] [WiVRn] [info] 	t+5063µs HEAD (6047µs)
09-07 18:16:49.823 17110 26065 I WiVRn   : [2026-09-07 18:16:49.823] [WiVRn] [info] 	t+5103µs LEFT_GRIP (6007µs)
09-07 18:16:49.823 17110 26065 I WiVRn   : [2026-09-07 18:16:49.823] [WiVRn] [info] 	t+5113µs RIGHT_GRIP (5997µs)
09-07 18:16:49.823 17110 26065 I WiVRn   : [2026-09-07 18:16:49.823] [WiVRn] [info] 	t+8063µs HEAD (3047µs)
09-07 18:16:49.823 17110 26065 I WiVRn   : [2026-09-07 18:16:49.823] [WiVRn] [info] 	t+8103µs LEFT_GRIP (3007µs)
09-07 18:16:49.823 17110 26065 I WiVRn   : [2026-09-07 18:16:49.823] [WiVRn] [info] 	t+8113µs RIGHT_GRIP (2997µs)
09-07 18:16:49.868 17110 25869 I WiVRn   : [2026-09-07 18:16:49.868] [WiVRn] [info] render: 177 iterations in 2.0 s (88.0/s), 177 submitted a layer, 100 new-source, 0 skipped by the repeat gate, 0 with nothing to show; display period 11.4 ms
09-07 18:16:49.868 17110 25869 I WiVRn   : [2026-09-07 18:16:49.868] [WiVRn] [info] render: this app's own GPU pass 1.3 ms per iteration
09-07 18:16:49.868 17110 25869 I WiVRn   : [2026-09-07 18:16:49.868] [WiVRn] [info] render: defoveate 1088x1088 per eye x2 = 2.37 Mpx/frame at scale 0.50 atlas-mode 0; 77 re-presented from the cache (reduce_gpu_load on)
09-07 18:16:49.868 17110 25869 I WiVRn   : [2026-09-07 18:16:49.868] [WiVRn] [info] render: shader path sharpness 0.00 fsr false alpha false motion false blend false glow 0.28 vignette 0.00 deband 1.00 lowpoly 0.00 levels 0 full-kernel false
09-07 18:16:49.868 17110 25869 I WiVRn   : [2026-09-07 18:16:49.868] [WiVRn] [info] render: per iteration fence 1.0 (worst 15.4) | queries 0.0 | submit 0.0 | whole render() 1.4 ms
09-07 18:16:49.868 17110 25869 I WiVRn   : [2026-09-07 18:16:49.868] [WiVRn] [info] render: jit on | wake slack 36.6 ms | slept 0.7 ms mean (max 11.7, 177 of 177 iterations) | budget 21.5 = pass 20.5 + margin 1.0 | sleep cap 0.6 ms
09-07 18:16:49.868 17110 25869 I WiVRn   : [2026-09-07 18:16:49.868] [WiVRn] [info] render: displayed pose age 65.0 ms mean (worst 83.7) over 177 frames | submit lead 34.5 ms mean (worst 17.2) | misses: 0 overrun 0 late 1 skipped refresh
09-07 18:16:50.469 17110 26060 I WiVRn   : [2026-09-07 18:16:50.469] [WiVRn] [info] nxwarp[0] net: 100 frames closed in 2.0 s, 0 with a hole, 0 out-of-order datagrams, 0 frames completed late, 0 queued for the worker, 549 decoded so far, 996 stragglers dropped; last hole 0/0 chunks, first missing -1, short false, chunk 1166 B
09-07 18:16:50.469 17110 26060 I WiVRn   : [2026-09-07 18:16:50.469] [WiVRn] [info] nxwarp[0] net: 0.033 ms per datagram over 4462 datagrams (73.50 ms of every second)
09-07 18:16:50.469 17110 26060 I WiVRn   : [2026-09-07 18:16:50.469] [WiVRn] [info] nxwarp[0] sel: stride 1, arrival 17.2 ms, dropped-late 106, withheld 10, decoded 549
09-07 18:16:50.469 17110 26060 I WiVRn   : [2026-09-07 18:16:50.469] [WiVRn] [info] nxwarp[0] rx: 23091 datagrams, placed 379746 (+57800), late 547 (+0), stale_frame 0, bad_range 0, bad_dir 0, bad_caps 0, bad_ver 0, auth_fail 0, replay 0, frozen 0, dup 0
09-07 18:16:50.823 17110 26065 I WiVRn   : [2026-09-07 18:16:50.823] [WiVRn] [info] Tracking pattern (11112µs):
09-07 18:16:50.823 17110 26065 I WiVRn   : [2026-09-07 18:16:50.823] [WiVRn] [info] 	t+4995µs HEAD (6117µs)
09-07 18:16:50.823 17110 26065 I WiVRn   : [2026-09-07 18:16:50.823] [WiVRn] [info] 	t+5029µs LEFT_GRIP (6082µs)
09-07 18:16:50.823 17110 26065 I WiVRn   : [2026-09-07 18:16:50.823] [WiVRn] [info] 	t+5036µs RIGHT_GRIP (6075µs)
09-07 18:16:50.823 17110 26065 I WiVRn   : [2026-09-07 18:16:50.823] [WiVRn] [info] 	t+7995µs HEAD (3117µs)
09-07 18:16:50.823 17110 26065 I WiVRn   : [2026-09-07 18:16:50.823] [WiVRn] [info] 	t+8029µs LEFT_GRIP (3082µs)
09-07 18:16:50.823 17110 26065 I WiVRn   : [2026-09-07 18:16:50.823] [WiVRn] [info] 	t+8036µs RIGHT_GRIP (3075µs)
09-07 18:16:51.394 17110 26063 I WiVRn   : [2026-09-07 18:16:51.394] [WiVRn] [info] nxwarp[0]: 96 frames in 2.0 s: 37488 B/frame, wait-prev 0.0 ms, wall 15.6 ms, nxvc passA 3.9 passB 10.2 gpu 14.1 ms; holes 0, refused 0
09-07 18:16:51.394 17110 26063 I WiVRn   : [2026-09-07 18:16:51.394] [WiVRn] [info] nxwarp[0] gpu duty 673 ms/s (67% of one GPU) for decode alone; the display pass is extra
09-07 18:16:51.394 17110 26063 I WiVRn   : [2026-09-07 18:16:51.394] [WiVRn] [info] nxwarp[0] passB 10.2 ms = warp 0.0 + skip 0.0 + coded 0.0 + dir 0.0 + other 10.2; tiles skip 0 / coded 578 / dir 0 (eye pass 0)
09-07 18:16:51.394 17110 26063 I WiVRn   : [2026-09-07 18:16:51.394] [WiVRn] [info] nxwarp[0]: 106 frames dropped late (queue kept to 1)
09-07 18:16:51.394 17110 26063 I WiVRn   : [2026-09-07 18:16:51.394] [WiVRn] [info] nxwarp[0] stage: gap 5.4 | wait-prev 0.0 | submit 0.2 (qlock 0.0 + codec 0.2) | get_free 0.0 | fence-pre 0.0 | record 0.1 | qsubmit 0.0 | fence-post 15.2 | publish 0.0 ms; withheld 0, stride 1, arrival 22.0 ms
09-07 18:16:51.394 17110 26063 I WiVRn   : [2026-09-07 18:16:51.394] [WiVRn] [info] nxwarp[0] reassembly (network thread): 0.03 ms/frame over 96 frames, buffer 37 kB held for 37 kB of unit (1.0x)
09-07 18:16:51.394 17110 26063 I WiVRn   : [2026-09-07 18:16:51.394] [WiVRn] [info] nxwarp[0] fence-post 15.3 ms = nxvc gpu 14.1 + copy gpu 0.60 + queue 0.5 (over 96 frames with timestamps)
09-07 18:16:51.823 17110 26065 I WiVRn   : [2026-09-07 18:16:51.823] [WiVRn] [info] Tracking pattern (11109µs):
09-07 18:16:51.823 17110 26065 I WiVRn   : [2026-09-07 18:16:51.823] [WiVRn] [info] 	t+5098µs HEAD (6010µs)
09-07 18:16:51.823 17110 26065 I WiVRn   : [2026-09-07 18:16:51.823] [WiVRn] [info] 	t+5128µs LEFT_GRIP (5980µs)
09-07 18:16:51.823 17110 26065 I WiVRn   : [2026-09-07 18:16:51.823] [WiVRn] [info] 	t+5135µs RIGHT_GRIP (5973µs)
09-07 18:16:51.823 17110 26065 I WiVRn   : [2026-09-07 18:16:51.823] [WiVRn] [info] 	t+8098µs HEAD (3010µs)
09-07 18:16:51.823 17110 26065 I WiVRn   : [2026-09-07 18:16:51.823] [WiVRn] [info] 	t+8128µs LEFT_GRIP (2980µs)
09-07 18:16:51.823 17110 26065 I WiVRn   : [2026-09-07 18:16:51.823] [WiVRn] [info] 	t+8135µs RIGHT_GRIP (2973µs)
09-07 18:16:51.875 17110 25869 I WiVRn   : [2026-09-07 18:16:51.875] [WiVRn] [info] render: 174 iterations in 2.0 s (87.0/s), 174 submitted a layer, 95 new-source, 0 skipped by the repeat gate, 0 with nothing to show; display period 11.6 ms
09-07 18:16:51.875 17110 25869 I WiVRn   : [2026-09-07 18:16:51.875] [WiVRn] [info] render: this app's own GPU pass 1.2 ms per iteration
09-07 18:16:51.875 17110 25869 I WiVRn   : [2026-09-07 18:16:51.875] [WiVRn] [info] render: defoveate 1088x1088 per eye x2 = 2.37 Mpx/frame at scale 0.50 atlas-mode 0; 79 re-presented from the cache (reduce_gpu_load on)
09-07 18:16:51.875 17110 25869 I WiVRn   : [2026-09-07 18:16:51.875] [WiVRn] [info] render: shader path sharpness 0.00 fsr false alpha false motion false blend false glow 0.28 vignette 0.00 deband 1.00 lowpoly 0.00 levels 0 full-kernel false
09-07 18:16:51.875 17110 25869 I WiVRn   : [2026-09-07 18:16:51.875] [WiVRn] [info] render: per iteration fence 1.2 (worst 13.3) | queries 0.0 | submit 0.0 | whole render() 1.6 ms
09-07 18:16:51.875 17110 25869 I WiVRn   : [2026-09-07 18:16:51.875] [WiVRn] [info] render: jit on | wake slack 39.0 ms | slept 0.9 ms mean (max 11.7, 174 of 174 iterations) | budget 19.7 = pass 18.7 + margin 1.0 | sleep cap 0.6 ms
09-07 18:16:51.875 17110 25869 I WiVRn   : [2026-09-07 18:16:51.875] [WiVRn] [info] render: displayed pose age 68.3 ms mean (worst 83.9) over 174 frames | submit lead 36.5 ms mean (worst 22.7) | misses: 0 overrun 0 late 1 skipped refresh
