09-08 11:37:08.309 24543 26645 I WiVRn   : [2026-09-08 11:37:08.309] [WiVRn] [info] nxwarp[0]: decoupled display -- frames are published complete and the reprojection pass waits on nothing
09-08 11:37:10.046 24543 26645 I WiVRn   : [2026-09-08 11:37:10.046] [WiVRn] [info] nxwarp[0]: atlas borrowed-target dirty catchup enabled
09-08 11:37:10.046 24543 26645 I WiVRn   : [2026-09-08 11:37:10.046] [WiVRn] [info] nxwarp[0]: direct atlas targets true
09-08 11:37:10.046 24543 26645 I WiVRn   : [2026-09-08 11:37:10.046] [WiVRn] [info] nxwarp[0]: real R8 atlas display with per-frame GPU snapshots
09-08 11:37:10.046 24543 26645 I WiVRn   : [2026-09-08 11:37:10.046] [WiVRn] [info] nxwarp[0]: 2176x2176 per eye, 2 eyes, on Adreno (TM) 650, 68 x 34 tiles, 1166 bytes per tile
09-08 11:37:11.052 24543 26668 I WiVRn   : [2026-09-08 11:37:11.052] [WiVRn] [info] nxwarp[0]: 1 frames in 2.7 s: 34204 B/frame, wait-prev 0.0 ms, wall 1004.0 ms, nxvc passA 14.0 passB 49.3 gpu 63.2 ms; holes 1, refused 0
09-08 11:37:11.052 24543 26668 I WiVRn   : [2026-09-08 11:37:11.052] [WiVRn] [info] nxwarp[0]: 105 frames dropped late (queue kept to 1)
09-08 11:37:11.247 24543 26491 I WiVRn   : [2026-09-08 11:37:11.247] [WiVRn] [info] render: 1 iterations in 16.6 s (0.1/s), 1 submitted a layer, 1 new-source, 0 skipped by the repeat gate, 0 with nothing to show; display period 11.1 ms
09-08 11:37:11.247 24543 26491 I WiVRn   : [2026-09-08 11:37:11.247] [WiVRn] [info] render: selected source transitions forward 0 backward 0 repeat 0, greatest forward gap 0
09-08 11:37:11.247 24543 26491 I WiVRn   : [2026-09-08 11:37:11.247] [WiVRn] [info] render: this app's own GPU pass 0.0 ms per iteration
09-08 11:37:11.247 24543 26491 I WiVRn   : [2026-09-08 11:37:11.247] [WiVRn] [info] render: defoveate 2160x2160 per eye x2 = 9.33 Mpx/frame at scale 1.00 atlas-prototype 0; 0 re-presented from the cache (reduce_gpu_load on)
09-08 11:37:11.247 24543 26491 I WiVRn   : [2026-09-08 11:37:11.247] [WiVRn] [info] render: shader path sharpness 0.00 fsr false alpha false motion false blend false glow 0.28 vignette 0.00 deband 1.00 lowpoly 0.00 levels 0 full-kernel false
09-08 11:37:11.247 24543 26491 I WiVRn   : [2026-09-08 11:37:11.247] [WiVRn] [info] render: per iteration fence 0.0 (worst 0.0) | queries 0.0 | submit 0.1 | whole render() 55.2 ms
09-08 11:37:11.247 24543 26491 I WiVRn   : [2026-09-08 11:37:11.247] [WiVRn] [info] render: jit on | wake slack 78.5 ms | slept 0.0 ms mean (max 0.0, 0 of 1 iterations) | budget 1.0 = pass 0.0 + margin 1.0 | sleep cap 45.0 ms
09-08 11:37:11.247 24543 26491 I WiVRn   : [2026-09-08 11:37:11.247] [WiVRn] [info] render: source display-time offset 1451.1 ms mean (worst 1451.1) over 1 frames | submit lead 0.0 ms mean (worst 0.0) | misses: 0 overrun 0 late 0 skipped refresh
09-08 11:37:13.058 24543 26668 I WiVRn   : [2026-09-08 11:37:13.058] [WiVRn] [info] nxwarp[0]: 87 frames in 2.0 s: 5430 B/frame, wait-prev 0.0 ms, wall 6.3 ms, nxvc passA 1.0 passB 1.9 gpu 2.9 ms; holes 1, refused 0
09-08 11:37:13.058 24543 26668 I WiVRn   : [2026-09-08 11:37:13.058] [WiVRn] [info] nxwarp[0]: 108 frames dropped late (queue kept to 1)
09-08 11:37:13.208 24543 26491 I WiVRn   : [2026-09-08 11:37:13.208] [WiVRn] [info] render: 151 iterations in 2.0 s (74.9/s), 151 submitted a layer, 90 new-source, 0 skipped by the repeat gate, 0 with nothing to show; display period 13.0 ms
09-08 11:37:13.208 24543 26491 I WiVRn   : [2026-09-08 11:37:13.208] [WiVRn] [info] render: selected source transitions forward 90 backward 0 repeat 61, greatest forward gap 112
09-08 11:37:13.208 24543 26491 I WiVRn   : [2026-09-08 11:37:13.208] [WiVRn] [info] render: this app's own GPU pass 4.8 ms per iteration
09-08 11:37:13.208 24543 26491 I WiVRn   : [2026-09-08 11:37:13.208] [WiVRn] [info] render: defoveate 2160x2160 per eye x2 = 9.33 Mpx/frame at scale 1.00 atlas-prototype 0; 42 re-presented from the cache (reduce_gpu_load on)
09-08 11:37:13.208 24543 26491 I WiVRn   : [2026-09-08 11:37:13.208] [WiVRn] [info] render: shader path sharpness 0.00 fsr false alpha false motion false blend false glow 0.28 vignette 0.00 deband 1.00 lowpoly 0.00 levels 0 full-kernel false
09-08 11:37:13.208 24543 26491 I WiVRn   : [2026-09-08 11:37:13.208] [WiVRn] [info] render: per iteration fence 0.4 (worst 55.9) | queries 0.0 | submit 0.0 | whole render() 1.0 ms
09-08 11:37:13.208 24543 26491 I WiVRn   : [2026-09-08 11:37:13.208] [WiVRn] [info] render: jit on | wake slack 42.5 ms | slept 3.8 ms mean (max 16.7, 61 of 151 iterations) | budget 29.9 = pass 28.9 + margin 1.0 | sleep cap 22.8 ms
09-08 11:37:13.208 24543 26491 I WiVRn   : [2026-09-08 11:37:13.208] [WiVRn] [info] render: source display-time offset 507.0 ms mean (worst 1995.5) over 151 frames | submit lead 37.4 ms mean (worst -20.4) | misses: 0 overrun 0 late 2 skipped refresh
09-08 11:37:15.068 24543 26668 I WiVRn   : [2026-09-08 11:37:15.068] [WiVRn] [info] nxwarp[0]: 181 frames in 2.0 s: 1949 B/frame, wait-prev 0.0 ms, wall 1.9 ms, nxvc passA 0.5 passB 0.4 gpu 0.9 ms; holes 1, refused 0
09-08 11:37:15.068 24543 26668 I WiVRn   : [2026-09-08 11:37:15.068] [WiVRn] [info] nxwarp[0]: 108 frames dropped late (queue kept to 1)
09-08 11:37:15.214 24543 26491 I WiVRn   : [2026-09-08 11:37:15.214] [WiVRn] [info] render: 180 iterations in 2.0 s (89.7/s), 180 submitted a layer, 176 new-source, 0 skipped by the repeat gate, 0 with nothing to show; display period 11.2 ms
09-08 11:37:15.214 24543 26491 I WiVRn   : [2026-09-08 11:37:15.214] [WiVRn] [info] render: selected source transitions forward 176 backward 0 repeat 4, greatest forward gap 2
09-08 11:37:15.214 24543 26491 I WiVRn   : [2026-09-08 11:37:15.214] [WiVRn] [info] render: this app's own GPU pass 6.2 ms per iteration
09-08 11:37:15.214 24543 26491 I WiVRn   : [2026-09-08 11:37:15.214] [WiVRn] [info] render: defoveate 2160x2160 per eye x2 = 9.33 Mpx/frame at scale 1.00 atlas-prototype 0; 4 re-presented from the cache (reduce_gpu_load on)
09-08 11:37:15.214 24543 26491 I WiVRn   : [2026-09-08 11:37:15.214] [WiVRn] [info] render: shader path sharpness 0.00 fsr false alpha false motion false blend false glow 0.28 vignette 0.00 deband 1.00 lowpoly 0.00 levels 0 full-kernel false
09-08 11:37:15.214 24543 26491 I WiVRn   : [2026-09-08 11:37:15.214] [WiVRn] [info] render: per iteration fence 0.0 (worst 5.4) | queries 0.0 | submit 0.0 | whole render() 0.6 ms
09-08 11:37:15.214 24543 26491 I WiVRn   : [2026-09-08 11:37:15.214] [WiVRn] [info] render: jit on | wake slack 36.0 ms | slept 0.7 ms mean (max 16.6, 180 of 180 iterations) | budget 22.1 = pass 21.1 + margin 1.0 | sleep cap 0.6 ms
09-08 11:37:15.214 24543 26491 I WiVRn   : [2026-09-08 11:37:15.214] [WiVRn] [info] render: source display-time offset 41.5 ms mean (worst 62.2) over 180 frames | submit lead 34.7 ms mean (worst 29.1) | misses: 0 overrun 0 late 2 skipped refresh
09-08 11:37:17.068 24543 26668 I WiVRn   : [2026-09-08 11:37:17.068] [WiVRn] [info] nxwarp[0]: 180 frames in 2.0 s: 1940 B/frame, wait-prev 0.0 ms, wall 1.8 ms, nxvc passA 0.5 passB 0.4 gpu 0.9 ms; holes 1, refused 0
09-08 11:37:17.068 24543 26668 I WiVRn   : [2026-09-08 11:37:17.068] [WiVRn] [info] nxwarp[0]: 108 frames dropped late (queue kept to 1)
09-08 11:37:17.214 24543 26491 I WiVRn   : [2026-09-08 11:37:17.214] [WiVRn] [info] render: 179 iterations in 2.0 s (89.5/s), 179 submitted a layer, 177 new-source, 0 skipped by the repeat gate, 0 with nothing to show; display period 11.2 ms
09-08 11:37:17.214 24543 26491 I WiVRn   : [2026-09-08 11:37:17.214] [WiVRn] [info] render: selected source transitions forward 177 backward 0 repeat 2, greatest forward gap 2
09-08 11:37:17.214 24543 26491 I WiVRn   : [2026-09-08 11:37:17.214] [WiVRn] [info] render: this app's own GPU pass 6.5 ms per iteration
09-08 11:37:17.214 24543 26491 I WiVRn   : [2026-09-08 11:37:17.214] [WiVRn] [info] render: defoveate 2160x2160 per eye x2 = 9.33 Mpx/frame at scale 1.00 atlas-prototype 0; 2 re-presented from the cache (reduce_gpu_load on)
09-08 11:37:17.214 24543 26491 I WiVRn   : [2026-09-08 11:37:17.214] [WiVRn] [info] render: shader path sharpness 0.00 fsr false alpha false motion false blend false glow 0.28 vignette 0.00 deband 1.00 lowpoly 0.00 levels 0 full-kernel false
09-08 11:37:17.214 24543 26491 I WiVRn   : [2026-09-08 11:37:17.214] [WiVRn] [info] render: per iteration fence 0.1 (worst 5.9) | queries 0.0 | submit 0.0 | whole render() 0.5 ms
09-08 11:37:17.214 24543 26491 I WiVRn   : [2026-09-08 11:37:17.214] [WiVRn] [info] render: jit on | wake slack 35.1 ms | slept 0.7 ms mean (max 11.7, 179 of 179 iterations) | budget 20.3 = pass 19.3 + margin 1.0 | sleep cap 0.6 ms
09-08 11:37:17.214 24543 26491 I WiVRn   : [2026-09-08 11:37:17.214] [WiVRn] [info] render: source display-time offset 40.5 ms mean (worst 51.0) over 179 frames | submit lead 33.8 ms mean (worst 21.1) | misses: 0 overrun 0 late 1 skipped refresh
09-08 11:37:19.072 24543 26668 I WiVRn   : [2026-09-08 11:37:19.072] [WiVRn] [info] nxwarp[0]: 171 frames in 2.0 s: 2923 B/frame, wait-prev 0.0 ms, wall 3.2 ms, nxvc passA 0.7 passB 1.0 gpu 1.7 ms; holes 1, refused 0
09-08 11:37:19.072 24543 26668 I WiVRn   : [2026-09-08 11:37:19.072] [WiVRn] [info] nxwarp[0]: 115 frames dropped late (queue kept to 1)
09-08 11:37:19.072 24543 26668 I WiVRn   : [2026-09-08 11:37:19.072] [WiVRn] [info] nxwarp[0]: 3 of 171 frames measured a stall not attributable to decoding (worst wall 56.6 ms); clipped out of the reported decode cost and out of the stride
09-08 11:37:19.219 24543 26491 I WiVRn   : [2026-09-08 11:37:19.219] [WiVRn] [info] render: 144 iterations in 2.0 s (71.8/s), 143 submitted a layer, 139 new-source, 0 skipped by the repeat gate, 1 with nothing to show; display period 11.9 ms
09-08 11:37:19.219 24543 26491 I WiVRn   : [2026-09-08 11:37:19.219] [WiVRn] [info] render: selected source transitions forward 139 backward 0 repeat 4, greatest forward gap 26
09-08 11:37:19.219 24543 26491 I WiVRn   : [2026-09-08 11:37:19.219] [WiVRn] [info] render: this app's own GPU pass 6.4 ms per iteration
09-08 11:37:19.219 24543 26491 I WiVRn   : [2026-09-08 11:37:19.219] [WiVRn] [info] render: defoveate 2160x2160 per eye x2 = 9.33 Mpx/frame at scale 1.00 atlas-prototype 0; 4 re-presented from the cache (reduce_gpu_load on)
09-08 11:37:19.219 24543 26491 I WiVRn   : [2026-09-08 11:37:19.219] [WiVRn] [info] render: shader path sharpness 0.00 fsr false alpha false motion false blend false glow 0.28 vignette 0.00 deband 1.00 lowpoly 0.00 levels 0 full-kernel false
09-08 11:37:19.219 24543 26491 I WiVRn   : [2026-09-08 11:37:19.219] [WiVRn] [info] render: per iteration fence 0.4 (worst 47.8) | queries 0.0 | submit 0.0 | whole render() 0.9 ms
09-08 11:37:19.219 24543 26491 I WiVRn   : [2026-09-08 11:37:19.219] [WiVRn] [info] render: jit on | wake slack 38.4 ms | slept 0.5 ms mean (max 0.6, 120 of 144 iterations) | budget 34.9 = pass 33.9 + margin 1.0 | sleep cap 0.6 ms
09-08 11:37:19.219 24543 26491 I WiVRn   : [2026-09-08 11:37:19.219] [WiVRn] [info] render: source display-time offset 47.3 ms mean (worst 139.9) over 143 frames | submit lead 37.0 ms mean (worst -14.4) | misses: 0 overrun 0 late 0 skipped refresh
09-08 11:37:21.079 24543 26668 I WiVRn   : [2026-09-08 11:37:21.079] [WiVRn] [info] nxwarp[0]: 181 frames in 2.0 s: 1923 B/frame, wait-prev 0.0 ms, wall 2.4 ms, nxvc passA 0.5 passB 0.5 gpu 1.0 ms; holes 1, refused 0
09-08 11:37:21.079 24543 26668 I WiVRn   : [2026-09-08 11:37:21.079] [WiVRn] [info] nxwarp[0]: 115 frames dropped late (queue kept to 1)
09-08 11:37:21.225 24543 26491 I WiVRn   : [2026-09-08 11:37:21.225] [WiVRn] [info] render: 179 iterations in 2.0 s (89.3/s), 179 submitted a layer, 170 new-source, 0 skipped by the repeat gate, 0 with nothing to show; display period 11.2 ms
09-08 11:37:21.225 24543 26491 I WiVRn   : [2026-09-08 11:37:21.225] [WiVRn] [info] render: selected source transitions forward 170 backward 0 repeat 9, greatest forward gap 2
09-08 11:37:21.225 24543 26491 I WiVRn   : [2026-09-08 11:37:21.225] [WiVRn] [info] render: this app's own GPU pass 6.0 ms per iteration
09-08 11:37:21.225 24543 26491 I WiVRn   : [2026-09-08 11:37:21.225] [WiVRn] [info] render: defoveate 2160x2160 per eye x2 = 9.33 Mpx/frame at scale 1.00 atlas-prototype 0; 9 re-presented from the cache (reduce_gpu_load on)
09-08 11:37:21.225 24543 26491 I WiVRn   : [2026-09-08 11:37:21.225] [WiVRn] [info] render: shader path sharpness 0.00 fsr false alpha false motion false blend false glow 0.28 vignette 0.00 deband 1.00 lowpoly 0.00 levels 0 full-kernel false
09-08 11:37:21.225 24543 26491 I WiVRn   : [2026-09-08 11:37:21.225] [WiVRn] [info] render: per iteration fence 0.0 (worst 5.7) | queries 0.0 | submit 0.0 | whole render() 0.5 ms
09-08 11:37:21.225 24543 26491 I WiVRn   : [2026-09-08 11:37:21.225] [WiVRn] [info] render: jit on | wake slack 36.7 ms | slept 2.1 ms mean (max 11.7, 179 of 179 iterations) | budget 22.4 = pass 21.4 + margin 1.0 | sleep cap 0.6 ms
09-08 11:37:21.225 24543 26491 I WiVRn   : [2026-09-08 11:37:21.225] [WiVRn] [info] render: source display-time offset 42.3 ms mean (worst 50.8) over 179 frames | submit lead 34.2 ms mean (worst 28.5) | misses: 0 overrun 0 late 1 skipped refresh
09-08 11:37:23.090 24543 26668 I WiVRn   : [2026-09-08 11:37:23.090] [WiVRn] [info] nxwarp[0]: 181 frames in 2.0 s: 1969 B/frame, wait-prev 0.0 ms, wall 1.8 ms, nxvc passA 0.5 passB 0.4 gpu 0.9 ms; holes 1, refused 0
09-08 11:37:23.090 24543 26668 I WiVRn   : [2026-09-08 11:37:23.090] [WiVRn] [info] nxwarp[0]: 115 frames dropped late (queue kept to 1)
09-08 11:37:23.090 24543 26668 I WiVRn   : [2026-09-08 11:37:23.090] [WiVRn] [info] nxwarp[0]: 2 of 181 frames measured a stall not attributable to decoding (worst wall 9.5 ms); clipped out of the reported decode cost and out of the stride
09-08 11:37:23.225 24543 26491 I WiVRn   : [2026-09-08 11:37:23.225] [WiVRn] [info] render: 179 iterations in 2.0 s (89.5/s), 179 submitted a layer, 166 new-source, 0 skipped by the repeat gate, 0 with nothing to show; display period 11.2 ms
09-08 11:37:23.225 24543 26491 I WiVRn   : [2026-09-08 11:37:23.225] [WiVRn] [info] render: selected source transitions forward 166 backward 0 repeat 13, greatest forward gap 2
09-08 11:37:23.225 24543 26491 I WiVRn   : [2026-09-08 11:37:23.225] [WiVRn] [info] render: this app's own GPU pass 5.8 ms per iteration
09-08 11:37:23.225 24543 26491 I WiVRn   : [2026-09-08 11:37:23.225] [WiVRn] [info] render: defoveate 2160x2160 per eye x2 = 9.33 Mpx/frame at scale 1.00 atlas-prototype 0; 13 re-presented from the cache (reduce_gpu_load on)
09-08 11:37:23.225 24543 26491 I WiVRn   : [2026-09-08 11:37:23.225] [WiVRn] [info] render: shader path sharpness 0.00 fsr false alpha false motion false blend false glow 0.28 vignette 0.00 deband 1.00 lowpoly 0.00 levels 0 full-kernel false
09-08 11:37:23.225 24543 26491 I WiVRn   : [2026-09-08 11:37:23.225] [WiVRn] [info] render: per iteration fence 0.0 (worst 5.4) | queries 0.0 | submit 0.0 | whole render() 0.5 ms
09-08 11:37:23.225 24543 26491 I WiVRn   : [2026-09-08 11:37:23.225] [WiVRn] [info] render: jit on | wake slack 35.4 ms | slept 0.8 ms mean (max 11.7, 179 of 179 iterations) | budget 20.7 = pass 19.7 + margin 1.0 | sleep cap 0.6 ms
09-08 11:37:23.225 24543 26491 I WiVRn   : [2026-09-08 11:37:23.225] [WiVRn] [info] render: source display-time offset 41.6 ms mean (worst 50.8) over 179 frames | submit lead 34.2 ms mean (worst 21.0) | misses: 0 overrun 0 late 1 skipped refresh
09-08 11:37:25.091 24543 26668 I WiVRn   : [2026-09-08 11:37:25.091] [WiVRn] [info] nxwarp[0]: 180 frames in 2.0 s: 1841 B/frame, wait-prev 0.0 ms, wall 1.4 ms, nxvc passA 0.4 passB 0.4 gpu 0.9 ms; holes 1, refused 0
09-08 11:37:25.091 24543 26668 I WiVRn   : [2026-09-08 11:37:25.091] [WiVRn] [info] nxwarp[0]: 115 frames dropped late (queue kept to 1)
09-08 11:37:25.225 24543 26491 I WiVRn   : [2026-09-08 11:37:25.225] [WiVRn] [info] render: 180 iterations in 2.0 s (90.0/s), 180 submitted a layer, 172 new-source, 0 skipped by the repeat gate, 0 with nothing to show; display period 11.1 ms
09-08 11:37:25.225 24543 26491 I WiVRn   : [2026-09-08 11:37:25.225] [WiVRn] [info] render: selected source transitions forward 172 backward 0 repeat 8, greatest forward gap 2
09-08 11:37:25.225 24543 26491 I WiVRn   : [2026-09-08 11:37:25.225] [WiVRn] [info] render: this app's own GPU pass 6.1 ms per iteration
09-08 11:37:25.225 24543 26491 I WiVRn   : [2026-09-08 11:37:25.225] [WiVRn] [info] render: defoveate 2160x2160 per eye x2 = 9.33 Mpx/frame at scale 1.00 atlas-prototype 0; 8 re-presented from the cache (reduce_gpu_load on)
09-08 11:37:25.225 24543 26491 I WiVRn   : [2026-09-08 11:37:25.225] [WiVRn] [info] render: shader path sharpness 0.00 fsr false alpha false motion false blend false glow 0.28 vignette 0.00 deband 1.00 lowpoly 0.00 levels 0 full-kernel false
09-08 11:37:25.225 24543 26491 I WiVRn   : [2026-09-08 11:37:25.225] [WiVRn] [info] render: per iteration fence 0.0 (worst 0.1) | queries 0.0 | submit 0.0 | whole render() 0.4 ms
09-08 11:37:25.225 24543 26491 I WiVRn   : [2026-09-08 11:37:25.225] [WiVRn] [info] render: jit on | wake slack 34.9 ms | slept 0.6 ms mean (max 0.6, 180 of 180 iterations) | budget 18.9 = pass 17.9 + margin 1.0 | sleep cap 0.6 ms
09-08 11:37:25.225 24543 26491 I WiVRn   : [2026-09-08 11:37:25.225] [WiVRn] [info] render: source display-time offset 40.3 ms mean (worst 50.9) over 180 frames | submit lead 33.9 ms mean (worst 33.2) | misses: 0 overrun 0 late 0 skipped refresh
09-08 11:37:27.103 24543 26668 I WiVRn   : [2026-09-08 11:37:27.102] [WiVRn] [info] nxwarp[0]: 181 frames in 2.0 s: 1896 B/frame, wait-prev 0.0 ms, wall 1.8 ms, nxvc passA 0.5 passB 0.4 gpu 0.9 ms; holes 1, refused 0
09-08 11:37:27.103 24543 26668 I WiVRn   : [2026-09-08 11:37:27.103] [WiVRn] [info] nxwarp[0]: 115 frames dropped late (queue kept to 1)
09-08 11:37:27.103 24543 26668 I WiVRn   : [2026-09-08 11:37:27.103] [WiVRn] [info] nxwarp[0]: 1 of 181 frames measured a stall not attributable to decoding (worst wall 7.9 ms); clipped out of the reported decode cost and out of the stride
09-08 11:37:27.226 24543 26491 I WiVRn   : [2026-09-08 11:37:27.226] [WiVRn] [info] render: 179 iterations in 2.0 s (89.5/s), 179 submitted a layer, 175 new-source, 0 skipped by the repeat gate, 0 with nothing to show; display period 11.2 ms
09-08 11:37:27.226 24543 26491 I WiVRn   : [2026-09-08 11:37:27.226] [WiVRn] [info] render: selected source transitions forward 175 backward 0 repeat 4, greatest forward gap 2
09-08 11:37:27.226 24543 26491 I WiVRn   : [2026-09-08 11:37:27.226] [WiVRn] [info] render: this app's own GPU pass 6.3 ms per iteration
09-08 11:37:27.226 24543 26491 I WiVRn   : [2026-09-08 11:37:27.226] [WiVRn] [info] render: defoveate 2160x2160 per eye x2 = 9.33 Mpx/frame at scale 1.00 atlas-prototype 0; 4 re-presented from the cache (reduce_gpu_load on)
09-08 11:37:27.226 24543 26491 I WiVRn   : [2026-09-08 11:37:27.226] [WiVRn] [info] render: shader path sharpness 0.00 fsr false alpha false motion false blend false glow 0.28 vignette 0.00 deband 1.00 lowpoly 0.00 levels 0 full-kernel false
09-08 11:37:27.226 24543 26491 I WiVRn   : [2026-09-08 11:37:27.226] [WiVRn] [info] render: per iteration fence 0.0 (worst 5.4) | queries 0.0 | submit 0.0 | whole render() 0.5 ms
09-08 11:37:27.226 24543 26491 I WiVRn   : [2026-09-08 11:37:27.226] [WiVRn] [info] render: jit on | wake slack 35.1 ms | slept 0.8 ms mean (max 11.7, 179 of 179 iterations) | budget 17.1 = pass 16.1 + margin 1.0 | sleep cap 0.6 ms
09-08 11:37:27.226 24543 26491 I WiVRn   : [2026-09-08 11:37:27.226] [WiVRn] [info] render: source display-time offset 40.9 ms mean (worst 51.0) over 179 frames | submit lead 33.8 ms mean (worst 20.4) | misses: 0 overrun 0 late 1 skipped refresh
09-08 11:37:29.174 24543 26668 I WiVRn   : [2026-09-08 11:37:29.174] [WiVRn] [info] nxwarp[0]: 176 frames in 2.1 s: 2687 B/frame, wait-prev 0.0 ms, wall 2.1 ms, nxvc passA 0.6 passB 0.8 gpu 1.3 ms; holes 1, refused 0
09-08 11:37:29.174 24543 26668 I WiVRn   : [2026-09-08 11:37:29.174] [WiVRn] [info] nxwarp[0]: 122 frames dropped late (queue kept to 1)
09-08 11:37:29.174 24543 26668 I WiVRn   : [2026-09-08 11:37:29.174] [WiVRn] [info] nxwarp[0]: 3 of 176 frames measured a stall not attributable to decoding (worst wall 63.3 ms); clipped out of the reported decode cost and out of the stride
09-08 11:37:31.084 24543 26491 I WiVRn   : [2026-09-08 11:37:31.084] [WiVRn] [info] render: 170 iterations in 2.0 s (84.6/s), 169 submitted a layer, 166 new-source, 0 skipped by the repeat gate, 1 with nothing to show; display period 11.9 ms
09-08 11:37:31.084 24543 26491 I WiVRn   : [2026-09-08 11:37:31.084] [WiVRn] [info] render: selected source transitions forward 166 backward 0 repeat 3, greatest forward gap 54
09-08 11:37:31.084 24543 26491 I WiVRn   : [2026-09-08 11:37:31.084] [WiVRn] [info] render: this app's own GPU pass 6.1 ms per iteration
09-08 11:37:31.084 24543 26491 I WiVRn   : [2026-09-08 11:37:31.084] [WiVRn] [info] render: defoveate 2160x2160 per eye x2 = 9.33 Mpx/frame at scale 1.00 atlas-prototype 0; 3 re-presented from the cache (reduce_gpu_load on)
09-08 11:37:31.084 24543 26491 I WiVRn   : [2026-09-08 11:37:31.084] [WiVRn] [info] render: shader path sharpness 0.00 fsr false alpha false motion false blend false glow 0.28 vignette 0.00 deband 1.00 lowpoly 0.00 levels 0 full-kernel false
09-08 11:37:31.084 24543 26491 I WiVRn   : [2026-09-08 11:37:31.084] [WiVRn] [info] render: per iteration fence 0.3 (worst 42.8) | queries 0.0 | submit 0.0 | whole render() 0.7 ms
09-08 11:37:31.084 24543 26491 I WiVRn   : [2026-09-08 11:37:31.084] [WiVRn] [info] render: jit on | wake slack 38.8 ms | slept 0.9 ms mean (max 11.7, 167 of 170 iterations) | budget 23.8 = pass 22.8 + margin 1.0 | sleep cap 0.6 ms
09-08 11:37:31.084 24543 26491 I WiVRn   : [2026-09-08 11:37:31.084] [WiVRn] [info] render: source display-time offset 50.2 ms mean (worst 151.0) over 169 frames | submit lead 37.2 ms mean (worst -4.0) | misses: 0 overrun 0 late 1 skipped refresh
09-08 11:37:31.181 24543 26668 I WiVRn   : [2026-09-08 11:37:31.181] [WiVRn] [info] nxwarp[0]: 182 frames in 2.0 s: 1930 B/frame, wait-prev 0.0 ms, wall 3.8 ms, nxvc passA 0.7 passB 0.8 gpu 1.5 ms; holes 1, refused 0
09-08 11:37:31.181 24543 26668 I WiVRn   : [2026-09-08 11:37:31.181] [WiVRn] [info] nxwarp[0]: 122 frames dropped late (queue kept to 1)
09-08 11:37:33.085 24543 26491 I WiVRn   : [2026-09-08 11:37:33.085] [WiVRn] [info] render: 179 iterations in 2.0 s (89.5/s), 179 submitted a layer, 177 new-source, 0 skipped by the repeat gate, 0 with nothing to show; display period 11.2 ms
09-08 11:37:33.085 24543 26491 I WiVRn   : [2026-09-08 11:37:33.085] [WiVRn] [info] render: selected source transitions forward 177 backward 0 repeat 2, greatest forward gap 2
09-08 11:37:33.085 24543 26491 I WiVRn   : [2026-09-08 11:37:33.085] [WiVRn] [info] render: this app's own GPU pass 6.2 ms per iteration
09-08 11:37:33.085 24543 26491 I WiVRn   : [2026-09-08 11:37:33.085] [WiVRn] [info] render: defoveate 2160x2160 per eye x2 = 9.33 Mpx/frame at scale 1.00 atlas-prototype 0; 2 re-presented from the cache (reduce_gpu_load on)
09-08 11:37:33.085 24543 26491 I WiVRn   : [2026-09-08 11:37:33.085] [WiVRn] [info] render: shader path sharpness 0.00 fsr false alpha false motion false blend false glow 0.28 vignette 0.00 deband 1.00 lowpoly 0.00 levels 0 full-kernel false
09-08 11:37:33.085 24543 26491 I WiVRn   : [2026-09-08 11:37:33.085] [WiVRn] [info] render: per iteration fence 0.0 (worst 5.4) | queries 0.0 | submit 0.0 | whole render() 0.5 ms
09-08 11:37:33.085 24543 26491 I WiVRn   : [2026-09-08 11:37:33.085] [WiVRn] [info] render: jit on | wake slack 35.6 ms | slept 0.8 ms mean (max 11.7, 179 of 179 iterations) | budget 21.5 = pass 20.5 + margin 1.0 | sleep cap 0.6 ms
09-08 11:37:33.085 24543 26491 I WiVRn   : [2026-09-08 11:37:33.085] [WiVRn] [info] render: source display-time offset 43.9 ms mean (worst 55.1) over 179 frames | submit lead 34.3 ms mean (worst 21.8) | misses: 0 overrun 0 late 1 skipped refresh
09-08 11:37:33.181 24543 26668 I WiVRn   : [2026-09-08 11:37:33.181] [WiVRn] [info] nxwarp[0]: 180 frames in 2.0 s: 1969 B/frame, wait-prev 0.0 ms, wall 3.5 ms, nxvc passA 0.8 passB 0.8 gpu 1.7 ms; holes 1, refused 0
09-08 11:37:33.181 24543 26668 I WiVRn   : [2026-09-08 11:37:33.181] [WiVRn] [info] nxwarp[0]: 122 frames dropped late (queue kept to 1)
09-08 11:37:35.091 24543 26491 I WiVRn   : [2026-09-08 11:37:35.091] [WiVRn] [info] render: 180 iterations in 2.0 s (89.7/s), 180 submitted a layer, 179 new-source, 0 skipped by the repeat gate, 0 with nothing to show; display period 11.2 ms
09-08 11:37:35.091 24543 26491 I WiVRn   : [2026-09-08 11:37:35.091] [WiVRn] [info] render: selected source transitions forward 179 backward 0 repeat 1, greatest forward gap 2
09-08 11:37:35.091 24543 26491 I WiVRn   : [2026-09-08 11:37:35.091] [WiVRn] [info] render: this app's own GPU pass 6.3 ms per iteration
09-08 11:37:35.091 24543 26491 I WiVRn   : [2026-09-08 11:37:35.091] [WiVRn] [info] render: defoveate 2160x2160 per eye x2 = 9.33 Mpx/frame at scale 1.00 atlas-prototype 0; 1 re-presented from the cache (reduce_gpu_load on)
09-08 11:37:35.091 24543 26491 I WiVRn   : [2026-09-08 11:37:35.091] [WiVRn] [info] render: shader path sharpness 0.00 fsr false alpha false motion false blend false glow 0.28 vignette 0.00 deband 1.00 lowpoly 0.00 levels 0 full-kernel false
09-08 11:37:35.091 24543 26491 I WiVRn   : [2026-09-08 11:37:35.091] [WiVRn] [info] render: per iteration fence 0.0 (worst 5.4) | queries 0.0 | submit 0.0 | whole render() 0.5 ms
09-08 11:37:35.091 24543 26491 I WiVRn   : [2026-09-08 11:37:35.091] [WiVRn] [info] render: jit on | wake slack 35.3 ms | slept 0.8 ms mean (max 11.7, 180 of 180 iterations) | budget 19.7 = pass 18.7 + margin 1.0 | sleep cap 0.6 ms
09-08 11:37:35.091 24543 26491 I WiVRn   : [2026-09-08 11:37:35.091] [WiVRn] [info] render: source display-time offset 43.9 ms mean (worst 44.2) over 180 frames | submit lead 33.9 ms mean (worst 20.7) | misses: 0 overrun 0 late 1 skipped refresh
09-08 11:37:35.190 24543 26668 I WiVRn   : [2026-09-08 11:37:35.190] [WiVRn] [info] nxwarp[0]: 181 frames in 2.0 s: 1927 B/frame, wait-prev 0.0 ms, wall 3.7 ms, nxvc passA 1.0 passB 0.6 gpu 1.7 ms; holes 1, refused 0
09-08 11:37:35.190 24543 26668 I WiVRn   : [2026-09-08 11:37:35.190] [WiVRn] [info] nxwarp[0]: 122 frames dropped late (queue kept to 1)
09-08 11:37:37.096 24543 26491 I WiVRn   : [2026-09-08 11:37:37.096] [WiVRn] [info] render: 180 iterations in 2.0 s (89.8/s), 180 submitted a layer, 180 new-source, 0 skipped by the repeat gate, 0 with nothing to show; display period 11.1 ms
09-08 11:37:37.096 24543 26491 I WiVRn   : [2026-09-08 11:37:37.096] [WiVRn] [info] render: selected source transitions forward 180 backward 0 repeat 0, greatest forward gap 1
09-08 11:37:37.096 24543 26491 I WiVRn   : [2026-09-08 11:37:37.096] [WiVRn] [info] render: this app's own GPU pass 6.4 ms per iteration
09-08 11:37:37.096 24543 26491 I WiVRn   : [2026-09-08 11:37:37.096] [WiVRn] [info] render: defoveate 2160x2160 per eye x2 = 9.33 Mpx/frame at scale 1.00 atlas-prototype 0; 0 re-presented from the cache (reduce_gpu_load on)
09-08 11:37:37.096 24543 26491 I WiVRn   : [2026-09-08 11:37:37.096] [WiVRn] [info] render: shader path sharpness 0.00 fsr false alpha false motion false blend false glow 0.28 vignette 0.00 deband 1.00 lowpoly 0.00 levels 0 full-kernel false
09-08 11:37:37.096 24543 26491 I WiVRn   : [2026-09-08 11:37:37.096] [WiVRn] [info] render: per iteration fence 0.0 (worst 0.0) | queries 0.0 | submit 0.0 | whole render() 0.4 ms
09-08 11:37:37.096 24543 26491 I WiVRn   : [2026-09-08 11:37:37.096] [WiVRn] [info] render: jit on | wake slack 35.2 ms | slept 0.6 ms mean (max 0.6, 180 of 180 iterations) | budget 17.9 = pass 16.9 + margin 1.0 | sleep cap 0.6 ms
09-08 11:37:37.096 24543 26491 I WiVRn   : [2026-09-08 11:37:37.096] [WiVRn] [info] render: source display-time offset 44.2 ms mean (worst 44.3) over 180 frames | submit lead 34.2 ms mean (worst 33.6) | misses: 0 overrun 0 late 0 skipped refresh
09-08 11:37:37.193 24543 26668 I WiVRn   : [2026-09-08 11:37:37.193] [WiVRn] [info] nxwarp[0]: 180 frames in 2.0 s: 2003 B/frame, wait-prev 0.0 ms, wall 3.9 ms, nxvc passA 1.1 passB 0.5 gpu 1.6 ms; holes 1, refused 0
09-08 11:37:37.193 24543 26668 I WiVRn   : [2026-09-08 11:37:37.193] [WiVRn] [info] nxwarp[0]: 122 frames dropped late (queue kept to 1)
09-08 11:37:39.096 24543 26491 I WiVRn   : [2026-09-08 11:37:39.096] [WiVRn] [info] render: 179 iterations in 2.0 s (89.5/s), 179 submitted a layer, 176 new-source, 0 skipped by the repeat gate, 0 with nothing to show; display period 11.2 ms
09-08 11:37:39.096 24543 26491 I WiVRn   : [2026-09-08 11:37:39.096] [WiVRn] [info] render: selected source transitions forward 176 backward 0 repeat 3, greatest forward gap 2
09-08 11:37:39.096 24543 26491 I WiVRn   : [2026-09-08 11:37:39.096] [WiVRn] [info] render: this app's own GPU pass 6.5 ms per iteration
09-08 11:37:39.096 24543 26491 I WiVRn   : [2026-09-08 11:37:39.096] [WiVRn] [info] render: defoveate 2160x2160 per eye x2 = 9.33 Mpx/frame at scale 1.00 atlas-prototype 0; 3 re-presented from the cache (reduce_gpu_load on)
09-08 11:37:39.096 24543 26491 I WiVRn   : [2026-09-08 11:37:39.096] [WiVRn] [info] render: shader path sharpness 0.00 fsr false alpha false motion false blend false glow 0.28 vignette 0.00 deband 1.00 lowpoly 0.00 levels 0 full-kernel false
09-08 11:37:39.096 24543 26491 I WiVRn   : [2026-09-08 11:37:39.096] [WiVRn] [info] render: per iteration fence 0.0 (worst 5.3) | queries 0.0 | submit 0.0 | whole render() 0.5 ms
09-08 11:37:39.096 24543 26491 I WiVRn   : [2026-09-08 11:37:39.096] [WiVRn] [info] render: jit on | wake slack 35.1 ms | slept 0.8 ms mean (max 11.7, 179 of 179 iterations) | budget 16.1 = pass 15.1 + margin 1.0 | sleep cap 0.6 ms
09-08 11:37:39.096 24543 26491 I WiVRn   : [2026-09-08 11:37:39.096] [WiVRn] [info] render: source display-time offset 44.2 ms mean (worst 55.4) over 179 frames | submit lead 33.8 ms mean (worst 20.4) | misses: 0 overrun 0 late 1 skipped refresh
09-08 11:37:39.204 24543 26668 I WiVRn   : [2026-09-08 11:37:39.204] [WiVRn] [info] nxwarp[0]: 181 frames in 2.0 s: 1988 B/frame, wait-prev 0.0 ms, wall 4.1 ms, nxvc passA 0.8 passB 0.5 gpu 1.3 ms; holes 1, refused 0
09-08 11:37:39.204 24543 26668 I WiVRn   : [2026-09-08 11:37:39.204] [WiVRn] [info] nxwarp[0]: 122 frames dropped late (queue kept to 1)
