WiVRn nx-atlas-live-920ac878-dirty starting
 INFO [ipc_server_main_common] WiVRn 'nx-atlas-live-920ac878-dirty' starting up...
 INFO [get_encoder_settings] nxwarp: both eyes on stream 0 as one 4352x2176 stereo frame (2312 tiles), stream 1 has no encoder
nxvc atlas optimistic admission enabled (after first confirmation)
 INFO [video_encoder_nxwarp] nxwarp: stream 0 tools 0x4c2200c05 (INTRA_DC_PLANE RES_LEVEL INTER WARP CTX_V2 CTX_V3 ENTROPY_LITE bit31 bit34), headset 0xdf77a1fff -- negotiated
 INFO [video_encoder_nxwarp] nxwarp: stream 0 backend: nxvc_vk_encoder GPU compute encoder, nxvc_vk_encoder (E0/E3/E4/E5, intra only) (68x34 tiles, intra only, one QP per frame), reading the compositor image directly
 INFO [video_encoder_nxwarp] nxwarp: stream 0 2176x2176, nxvc_vk_encoder GPU compute encoder, nxvc_vk_encoder (E0/E3/E4/E5, intra only) (68x34 tiles, intra only, one QP per frame), fixed QP 40, send pacing follows the headset's decode cost, 15..90 fps, 68x34 tiles in 6 band(s), 1166 bytes per transport tile
nxvc atlas optimistic admission enabled (after first confirmation)
 INFO [video_encoder_nxwarp] nxwarp: stream 2 tools 0x4c2200c05 (INTRA_DC_PLANE RES_LEVEL INTER WARP CTX_V2 CTX_V3 ENTROPY_LITE bit31 bit34), headset 0xdf77a1fff -- negotiated
 INFO [video_encoder_nxwarp] nxwarp: stream 2 backend: nxvc_vk_encoder GPU compute encoder, nxvc_vk_encoder (E0/E3/E4/E5, intra only) (34x17 tiles, intra only, one QP per frame), reading the compositor image directly
 INFO [video_encoder_nxwarp] nxwarp: stream 2 2176x1088, nxvc_vk_encoder GPU compute encoder, nxvc_vk_encoder (E0/E3/E4/E5, intra only) (34x17 tiles, intra only, one QP per frame), fixed QP 40, send pacing follows the headset's decode cost, 15..90 fps, 34x17 tiles in 3 band(s), 1166 bytes per transport tile
 INFO [wivrn_hmd] edge bleed: rendering 5.0% overscan, 1.35 deg left / 1.35 deg up on eye 0 (same encoded size, so about 4.8% less sharp)
 INFO [reset_stream] nxwarp: stream 0 resumed for a new client: transport sequence restarted, stream header resent, next frame coded without a reference
 INFO [reset_stream] nxwarp: stream 2 resumed for a new client: transport sequence restarted, stream header resent, next frame coded without a reference
 INFO [update_lens_mask] nxwarp: stream 0 lens mask: 111 of 1156 tiles per eye masked (margin 1 tile, fov -53.3/53.3/53.3/-53.3 deg); flattened only: this backend has no skip-map input, so the tiles are coded as whatever the mode search makes of a constant grey
 INFO [encode] nxwarp: stream 0 is at fixed QP 40 by configuration; the bitrate controller's 43360433 bit/s is ignored (unset "rc": "fixed" to honour it)
 INFO [report_frame] nxwarp atlas: 42 frames, avg skip 0 intra 2312 coded 2312, atlas 42 picture 0, avg worst disp 0.0 q4
 INFO [encode] nxwarp: stream 0 stereo compose 0.000 ms/frame (max 0.000), 0.0% of the 3.3 ms encode
 INFO [encode] nxwarp: stream 0 encoded 42 frames in 2.0 s: 3.3 ms/frame (max 4.1), 144193 B/frame at fixed QP 40, paced to 90.0 fps (client decode not reported yet), 1 composited frame(s) not sent
 INFO [encode] nxwarp: stream 0 tile mapping: 41 frame(s) with per-tile spans, 0 with the fixed-chunk fallback ("tile-map": "auto")
 INFO [encode] nxwarp: stream 0 the headset did not reconstruct 33 frame(s) since the last report; 4 of them cost an all-intra frame and 29 named a frame older than one already coded intra and cost nothing. Last was frame 23, dropped by the worker backlog
 INFO [report_frame] nxwarp atlas: 90 frames, avg skip 509 intra 1802 coded 1802, atlas 90 picture 0, avg worst disp 0.0 q4
 INFO [encode] nxwarp: stream 0 stereo compose 0.000 ms/frame (max 0.000), 0.0% of the 10.7 ms encode
 INFO [encode] nxwarp: stream 0 encoded 90 frames in 2.0 s: 10.7 ms/frame (max 675.4), 116709 B/frame at fixed QP 40, paced to 54.6 fps (client decode 4.2 ms), 30 composited frame(s) not sent
 INFO [encode] nxwarp: stream 0 tile mapping: 90 frame(s) with per-tile spans, 0 with the fixed-chunk fallback ("tile-map": "auto")
 INFO [encode] nxwarp: stream 0 the headset did not reconstruct 76 frame(s) since the last report; 34 of them cost an all-intra frame and 42 named a frame older than one already coded intra and cost nothing. Last was frame 113, dropped by the worker backlog
 INFO [report_frame] nxwarp atlas: 180 frames, avg skip 2297 intra 14 coded 14, atlas 180 picture 0, avg worst disp 0.0 q4
 INFO [encode] nxwarp: stream 0 stereo compose 0.000 ms/frame (max 0.000), 0.0% of the 2.4 ms encode
 INFO [encode] nxwarp: stream 0 encoded 180 frames in 2.0 s: 2.4 ms/frame (max 2.7), 1963 B/frame at fixed QP 40, paced to 90.0 fps (client decode 1.4 ms), 1 composited frame(s) not sent
 INFO [encode] nxwarp: stream 0 tile mapping: 180 frame(s) with per-tile spans, 0 with the fixed-chunk fallback ("tile-map": "auto")
 INFO [report_frame] nxwarp atlas: 181 frames, avg skip 2297 intra 14 coded 14, atlas 181 picture 0, avg worst disp 0.0 q4
 INFO [encode] nxwarp: stream 0 stereo compose 0.000 ms/frame (max 0.000), 0.0% of the 2.4 ms encode
 INFO [encode] nxwarp: stream 0 encoded 181 frames in 2.0 s: 2.4 ms/frame (max 2.6), 1943 B/frame at fixed QP 40, paced to 90.0 fps (client decode 2.5 ms), 0 composited frame(s) not sent
 INFO [encode] nxwarp: stream 0 tile mapping: 181 frame(s) with per-tile spans, 0 with the fixed-chunk fallback ("tile-map": "auto")
 INFO [report_frame] nxwarp atlas: 179 frames, avg skip 2274 intra 37 coded 37, atlas 179 picture 0, avg worst disp 0.0 q4
 INFO [encode] nxwarp: stream 0 stereo compose 0.000 ms/frame (max 0.000), 0.0% of the 2.6 ms encode
 INFO [encode] nxwarp: stream 0 encoded 179 frames in 2.0 s: 2.6 ms/frame (max 19.9), 2832 B/frame at fixed QP 40, paced to 90.0 fps (client decode 2.1 ms), 1 composited frame(s) not sent
 INFO [encode] nxwarp: stream 0 tile mapping: 179 frame(s) with per-tile spans, 0 with the fixed-chunk fallback ("tile-map": "auto")
 INFO [encode] nxwarp: stream 0 the headset did not reconstruct 4 frame(s) since the last report; 4 of them cost an all-intra frame and 0 named a frame older than one already coded intra and cost nothing. Last was frame 669, dropped by the worker backlog
 INFO [report_frame] nxwarp atlas: 180 frames, avg skip 2297 intra 14 coded 14, atlas 180 picture 0, avg worst disp 0.0 q4
 INFO [encode] nxwarp: stream 0 stereo compose 0.000 ms/frame (max 0.000), 0.0% of the 2.6 ms encode
 INFO [encode] nxwarp: stream 0 encoded 180 frames in 2.0 s: 2.6 ms/frame (max 16.7), 1964 B/frame at fixed QP 40, paced to 90.0 fps (client decode 1.5 ms), 1 composited frame(s) not sent
 INFO [encode] nxwarp: stream 0 tile mapping: 180 frame(s) with per-tile spans, 0 with the fixed-chunk fallback ("tile-map": "auto")
 INFO [encode] nxwarp: stream 0 the headset did not reconstruct 3 frame(s) since the last report; 3 of them cost an all-intra frame and 0 named a frame older than one already coded intra and cost nothing. Last was frame 673, dropped by the worker backlog
 INFO [report_frame] nxwarp atlas: 181 frames, avg skip 2297 intra 14 coded 14, atlas 181 picture 0, avg worst disp 0.0 q4
 INFO [encode] nxwarp: stream 0 stereo compose 0.000 ms/frame (max 0.000), 0.0% of the 2.5 ms encode
 INFO [encode] nxwarp: stream 0 encoded 181 frames in 2.0 s: 2.5 ms/frame (max 3.3), 1959 B/frame at fixed QP 40, paced to 90.0 fps (client decode 1.5 ms), 0 composited frame(s) not sent
 INFO [encode] nxwarp: stream 0 tile mapping: 181 frame(s) with per-tile spans, 0 with the fixed-chunk fallback ("tile-map": "auto")
 INFO [report_frame] nxwarp atlas: 180 frames, avg skip 2298 intra 13 coded 13, atlas 180 picture 0, avg worst disp 0.0 q4
 INFO [encode] nxwarp: stream 0 stereo compose 0.000 ms/frame (max 0.000), 0.0% of the 2.4 ms encode
 INFO [encode] nxwarp: stream 0 encoded 180 frames in 2.0 s: 2.4 ms/frame (max 2.9), 1871 B/frame at fixed QP 40, paced to 90.0 fps (client decode 1.4 ms), 0 composited frame(s) not sent
 INFO [encode] nxwarp: stream 0 tile mapping: 180 frame(s) with per-tile spans, 0 with the fixed-chunk fallback ("tile-map": "auto")
 INFO [report_frame] nxwarp atlas: 181 frames, avg skip 2298 intra 13 coded 13, atlas 181 picture 0, avg worst disp 0.0 q4
 INFO [encode] nxwarp: stream 0 stereo compose 0.000 ms/frame (max 0.000), 0.0% of the 2.4 ms encode
 INFO [encode] nxwarp: stream 0 encoded 181 frames in 2.0 s: 2.4 ms/frame (max 2.8), 1889 B/frame at fixed QP 40, paced to 90.0 fps (client decode 1.4 ms), 0 composited frame(s) not sent
 INFO [encode] nxwarp: stream 0 tile mapping: 181 frame(s) with per-tile spans, 0 with the fixed-chunk fallback ("tile-map": "auto")
 INFO [report_frame] nxwarp atlas: 181 frames, avg skip 2298 intra 13 coded 13, atlas 181 picture 0, avg worst disp 0.0 q4
 INFO [encode] nxwarp: stream 0 stereo compose 0.000 ms/frame (max 0.000), 0.0% of the 2.4 ms encode
 INFO [encode] nxwarp: stream 0 encoded 181 frames in 2.0 s: 2.4 ms/frame (max 2.8), 1885 B/frame at fixed QP 40, paced to 90.0 fps (client decode 1.4 ms), 0 composited frame(s) not sent
 INFO [encode] nxwarp: stream 0 tile mapping: 181 frame(s) with per-tile spans, 0 with the fixed-chunk fallback ("tile-map": "auto")
 INFO [report_frame] nxwarp atlas: 178 frames, avg skip 2274 intra 37 coded 37, atlas 178 picture 0, avg worst disp 11.7 q4
 INFO [encode] nxwarp: stream 0 stereo compose 0.000 ms/frame (max 0.000), 0.0% of the 2.7 ms encode
 INFO [encode] nxwarp: stream 0 encoded 178 frames in 2.0 s: 2.7 ms/frame (max 20.0), 2699 B/frame at fixed QP 40, paced to 90.0 fps (client decode 3.4 ms), 2 composited frame(s) not sent
 INFO [encode] nxwarp: stream 0 tile mapping: 178 frame(s) with per-tile spans, 0 with the fixed-chunk fallback ("tile-map": "auto")
 INFO [encode] nxwarp: stream 0 the headset did not reconstruct 7 frame(s) since the last report; 7 of them cost an all-intra frame and 0 named a frame older than one already coded intra and cost nothing. Last was frame 1642, dropped by the worker backlog
 INFO [report_frame] nxwarp atlas: 181 frames, avg skip 2298 intra 13 coded 13, atlas 181 picture 0, avg worst disp 4.4 q4
 INFO [encode] nxwarp: stream 0 stereo compose 0.000 ms/frame (max 0.000), 0.0% of the 2.4 ms encode
 INFO [encode] nxwarp: stream 0 encoded 181 frames in 2.0 s: 2.4 ms/frame (max 2.7), 1923 B/frame at fixed QP 40, paced to 90.0 fps (client decode 1.8 ms), 0 composited frame(s) not sent
 INFO [encode] nxwarp: stream 0 tile mapping: 181 frame(s) with per-tile spans, 0 with the fixed-chunk fallback ("tile-map": "auto")
 INFO [report_frame] nxwarp atlas: 180 frames, avg skip 2297 intra 14 coded 14, atlas 180 picture 0, avg worst disp 0.0 q4
 INFO [encode] nxwarp: stream 0 stereo compose 0.000 ms/frame (max 0.000), 0.0% of the 2.4 ms encode
 INFO [encode] nxwarp: stream 0 encoded 180 frames in 2.0 s: 2.4 ms/frame (max 2.7), 1969 B/frame at fixed QP 40, paced to 90.0 fps (client decode 3.9 ms), 0 composited frame(s) not sent
 INFO [encode] nxwarp: stream 0 tile mapping: 180 frame(s) with per-tile spans, 0 with the fixed-chunk fallback ("tile-map": "auto")
 INFO [report_frame] nxwarp atlas: 181 frames, avg skip 2297 intra 14 coded 14, atlas 181 picture 0, avg worst disp 0.0 q4
 INFO [encode] nxwarp: stream 0 stereo compose 0.000 ms/frame (max 0.000), 0.0% of the 2.4 ms encode
 INFO [encode] nxwarp: stream 0 encoded 181 frames in 2.0 s: 2.4 ms/frame (max 2.7), 1953 B/frame at fixed QP 40, paced to 90.0 fps (client decode 4.2 ms), 0 composited frame(s) not sent
 INFO [encode] nxwarp: stream 0 tile mapping: 181 frame(s) with per-tile spans, 0 with the fixed-chunk fallback ("tile-map": "auto")
 INFO [report_frame] nxwarp atlas: 180 frames, avg skip 2297 intra 14 coded 14, atlas 180 picture 0, avg worst disp 0.0 q4
 INFO [encode] nxwarp: stream 0 stereo compose 0.000 ms/frame (max 0.000), 0.0% of the 2.4 ms encode
 INFO [encode] nxwarp: stream 0 encoded 180 frames in 2.0 s: 2.4 ms/frame (max 2.9), 2007 B/frame at fixed QP 40, paced to 90.0 fps (client decode 4.3 ms), 0 composited frame(s) not sent
 INFO [encode] nxwarp: stream 0 tile mapping: 180 frame(s) with per-tile spans, 0 with the fixed-chunk fallback ("tile-map": "auto")
 INFO [ipc_server_mainloop_poll] Got shutdown signal, shutting down.
Server exited, exit status 0
