09-08 11:48:10.371 24551  3008 I WiVRn   : [2026-09-08 11:48:10.371] [WiVRn] [info] nxwarp[0]: decoupled display -- frames are published complete and the reprojection pass waits on nothing
09-08 11:48:13.726 24551  3008 I WiVRn   : [2026-09-08 11:48:13.726] [WiVRn] [info] nxwarp[0]: atlas borrowed-target dirty catchup enabled
09-08 11:48:13.726 24551  3008 I WiVRn   : [2026-09-08 11:48:13.726] [WiVRn] [info] nxwarp[0]: direct atlas targets true
09-08 11:48:13.726 24551  3008 I WiVRn   : [2026-09-08 11:48:13.726] [WiVRn] [info] nxwarp[0]: real R8 atlas display with per-frame GPU snapshots
09-08 11:48:13.726 24551  3008 I WiVRn   : [2026-09-08 11:48:13.726] [WiVRn] [info] nxwarp[0]: 2176x2176 per eye, 2 eyes, on Adreno (TM) 650, 68 x 34 tiles, 1166 bytes per tile
09-08 11:48:14.669 24551  3011 I WiVRn   : [2026-09-08 11:48:14.669] [WiVRn] [info] nxwarp[0]: 1 frames in 4.3 s: 34204 B/frame, wait-prev 0.0 ms, wall 940.4 ms, nxvc passA 12.3 passB 50.7 gpu 63.0 ms; holes 1, refused 0
09-08 11:48:14.669 24551  3011 I WiVRn   : [2026-09-08 11:48:14.669] [WiVRn] [info] nxwarp[0]: 101 frames dropped late (queue kept to 1)
09-08 11:48:14.850 24551  2683 I WiVRn   : [2026-09-08 11:48:14.850] [WiVRn] [info] render: 1 iterations in 16.6 s (0.1/s), 1 submitted a layer, 1 new-source, 0 skipped by the repeat gate, 0 with nothing to show; display period 11.1 ms
09-08 11:48:14.850 24551  2683 I WiVRn   : [2026-09-08 11:48:14.850] [WiVRn] [info] render: selected source transitions forward 0 backward 0 repeat 0, greatest forward gap 0
09-08 11:48:14.850 24551  2683 I WiVRn   : [2026-09-08 11:48:14.850] [WiVRn] [info] render: this app's own GPU pass 0.0 ms per iteration
09-08 11:48:14.850 24551  2683 I WiVRn   : [2026-09-08 11:48:14.850] [WiVRn] [info] render: defoveate 2160x2160 per eye x2 = 9.33 Mpx/frame at scale 1.00 atlas-prototype 0; 0 re-presented from the cache (reduce_gpu_load on)
09-08 11:48:14.850 24551  2683 I WiVRn   : [2026-09-08 11:48:14.850] [WiVRn] [info] render: shader path sharpness 0.00 fsr false alpha false motion false blend false glow 0.28 vignette 0.00 deband 1.00 lowpoly 0.00 levels 0 full-kernel false
09-08 11:48:14.850 24551  2683 I WiVRn   : [2026-09-08 11:48:14.850] [WiVRn] [info] render: per iteration fence 0.0 (worst 0.0) | queries 0.0 | submit 0.1 | whole render() 42.0 ms
09-08 11:48:14.850 24551  2683 I WiVRn   : [2026-09-08 11:48:14.850] [WiVRn] [info] render: jit on | wake slack 80.2 ms | slept 0.0 ms mean (max 0.0, 0 of 1 iterations) | budget 1.0 = pass 0.0 + margin 1.0 | sleep cap 45.0 ms
09-08 11:48:14.850 24551  2683 I WiVRn   : [2026-09-08 11:48:14.850] [WiVRn] [info] render: source display-time offset 1625.1 ms mean (worst 1625.1) over 1 frames | submit lead 0.0 ms mean (worst 0.0) | misses: 0 overrun 0 late 0 skipped refresh
09-08 11:48:16.679 24551  3011 I WiVRn   : [2026-09-08 11:48:16.679] [WiVRn] [info] nxwarp[0]: 80 frames in 2.0 s: 5750 B/frame, wait-prev 0.0 ms, wall 6.5 ms, nxvc passA 1.2 passB 2.2 gpu 3.4 ms; holes 1, refused 0
09-08 11:48:16.679 24551  3011 I WiVRn   : [2026-09-08 11:48:16.679] [WiVRn] [info] nxwarp[0]: 104 frames dropped late (queue kept to 1)
09-08 11:48:16.815 24551  2683 I WiVRn   : [2026-09-08 11:48:16.815] [WiVRn] [info] render: 158 iterations in 2.0 s (78.8/s), 158 submitted a layer, 84 new-source, 0 skipped by the repeat gate, 0 with nothing to show; display period 12.4 ms
09-08 11:48:16.815 24551  2683 I WiVRn   : [2026-09-08 11:48:16.815] [WiVRn] [info] render: selected source transitions forward 84 backward 0 repeat 74, greatest forward gap 129
09-08 11:48:16.815 24551  2683 I WiVRn   : [2026-09-08 11:48:16.815] [WiVRn] [info] render: this app's own GPU pass 2.4 ms per iteration
09-08 11:48:16.815 24551  2683 I WiVRn   : [2026-09-08 11:48:16.815] [WiVRn] [info] render: defoveate 2160x2160 per eye x2 = 9.33 Mpx/frame at scale 1.00 atlas-prototype 0; 54 re-presented from the cache (reduce_gpu_load on)
09-08 11:48:16.815 24551  2683 I WiVRn   : [2026-09-08 11:48:16.815] [WiVRn] [info] render: shader path sharpness 0.00 fsr false alpha false motion false blend false glow 0.28 vignette 0.00 deband 1.00 lowpoly 0.00 levels 0 full-kernel false
09-08 11:48:16.815 24551  2683 I WiVRn   : [2026-09-08 11:48:16.815] [WiVRn] [info] render: per iteration fence 0.3 (worst 50.3) | queries 0.0 | submit 0.0 | whole render() 1.0 ms
09-08 11:48:16.815 24551  2683 I WiVRn   : [2026-09-08 11:48:16.815] [WiVRn] [info] render: jit on | wake slack 40.3 ms | slept 2.7 ms mean (max 10.6, 56 of 158 iterations) | budget 29.6 = pass 28.6 + margin 1.0 | sleep cap 45.0 ms
09-08 11:48:16.815 24551  2683 I WiVRn   : [2026-09-08 11:48:16.815] [WiVRn] [info] render: source display-time offset 581.5 ms mean (worst 2180.6) over 158 frames | submit lead 36.6 ms mean (worst -14.9) | misses: 0 overrun 0 late 0 skipped refresh
09-08 11:48:18.690 24551  3011 I WiVRn   : [2026-09-08 11:48:18.690] [WiVRn] [info] nxwarp[0]: 181 frames in 2.0 s: 1950 B/frame, wait-prev 0.0 ms, wall 2.6 ms, nxvc passA 0.9 passB 0.5 gpu 1.4 ms; holes 1, refused 0
09-08 11:48:18.690 24551  3011 I WiVRn   : [2026-09-08 11:48:18.690] [WiVRn] [info] nxwarp[0]: 104 frames dropped late (queue kept to 1)
09-08 11:48:18.825 24551  2683 I WiVRn   : [2026-09-08 11:48:18.825] [WiVRn] [info] render: 177 iterations in 2.0 s (88.1/s), 177 submitted a layer, 173 new-source, 0 skipped by the repeat gate, 0 with nothing to show; display period 11.4 ms
09-08 11:48:18.825 24551  2683 I WiVRn   : [2026-09-08 11:48:18.825] [WiVRn] [info] render: selected source transitions forward 173 backward 0 repeat 4, greatest forward gap 2
09-08 11:48:18.825 24551  2683 I WiVRn   : [2026-09-08 11:48:18.825] [WiVRn] [info] render: this app's own GPU pass 3.3 ms per iteration
09-08 11:48:18.825 24551  2683 I WiVRn   : [2026-09-08 11:48:18.825] [WiVRn] [info] render: defoveate 2160x2160 per eye x2 = 9.33 Mpx/frame at scale 1.00 atlas-prototype 0; 4 re-presented from the cache (reduce_gpu_load on)
09-08 11:48:18.825 24551  2683 I WiVRn   : [2026-09-08 11:48:18.825] [WiVRn] [info] render: shader path sharpness 0.00 fsr false alpha false motion false blend false glow 0.28 vignette 0.00 deband 1.00 lowpoly 0.00 levels 0 full-kernel false
09-08 11:48:18.825 24551  2683 I WiVRn   : [2026-09-08 11:48:18.825] [WiVRn] [info] render: per iteration fence 0.0 (worst 3.4) | queries 0.0 | submit 0.0 | whole render() 0.6 ms
09-08 11:48:18.825 24551  2683 I WiVRn   : [2026-09-08 11:48:18.825] [WiVRn] [info] render: jit on | wake slack 33.9 ms | slept 1.9 ms mean (max 16.7, 177 of 177 iterations) | budget 22.0 = pass 21.0 + margin 1.0 | sleep cap 0.6 ms
09-08 11:48:18.825 24551  2683 I WiVRn   : [2026-09-08 11:48:18.825] [WiVRn] [info] render: source display-time offset 41.5 ms mean (worst 58.5) over 177 frames | submit lead 31.4 ms mean (worst 26.7) | misses: 0 overrun 0 late 4 skipped refresh
09-08 11:48:20.690 24551  3011 I WiVRn   : [2026-09-08 11:48:20.690] [WiVRn] [info] nxwarp[0]: 180 frames in 2.0 s: 1939 B/frame, wait-prev 0.0 ms, wall 2.3 ms, nxvc passA 0.8 passB 0.8 gpu 1.5 ms; holes 1, refused 0
09-08 11:48:20.690 24551  3011 I WiVRn   : [2026-09-08 11:48:20.690] [WiVRn] [info] nxwarp[0]: 104 frames dropped late (queue kept to 1)
09-08 11:48:20.836 24551  2683 I WiVRn   : [2026-09-08 11:48:20.836] [WiVRn] [info] render: 180 iterations in 2.0 s (89.5/s), 180 submitted a layer, 173 new-source, 0 skipped by the repeat gate, 0 with nothing to show; display period 11.2 ms
09-08 11:48:20.836 24551  2683 I WiVRn   : [2026-09-08 11:48:20.836] [WiVRn] [info] render: selected source transitions forward 173 backward 0 repeat 7, greatest forward gap 2
09-08 11:48:20.836 24551  2683 I WiVRn   : [2026-09-08 11:48:20.836] [WiVRn] [info] render: this app's own GPU pass 3.6 ms per iteration
09-08 11:48:20.836 24551  2683 I WiVRn   : [2026-09-08 11:48:20.836] [WiVRn] [info] render: defoveate 2160x2160 per eye x2 = 9.33 Mpx/frame at scale 1.00 atlas-prototype 0; 7 re-presented from the cache (reduce_gpu_load on)
09-08 11:48:20.836 24551  2683 I WiVRn   : [2026-09-08 11:48:20.836] [WiVRn] [info] render: shader path sharpness 0.00 fsr false alpha false motion false blend false glow 0.28 vignette 0.00 deband 1.00 lowpoly 0.00 levels 0 full-kernel false
09-08 11:48:20.836 24551  2683 I WiVRn   : [2026-09-08 11:48:20.836] [WiVRn] [info] render: per iteration fence 0.0 (worst 2.3) | queries 0.0 | submit 0.0 | whole render() 0.5 ms
09-08 11:48:20.836 24551  2683 I WiVRn   : [2026-09-08 11:48:20.836] [WiVRn] [info] render: jit on | wake slack 31.7 ms | slept 1.1 ms mean (max 11.7, 180 of 180 iterations) | budget 20.2 = pass 19.2 + margin 1.0 | sleep cap 0.6 ms
09-08 11:48:20.836 24551  2683 I WiVRn   : [2026-09-08 11:48:20.836] [WiVRn] [info] render: source display-time offset 38.2 ms mean (worst 47.6) over 180 frames | submit lead 30.2 ms mean (worst 20.2) | misses: 0 overrun 0 late 1 skipped refresh
09-08 11:48:22.691 24551  3011 I WiVRn   : [2026-09-08 11:48:22.691] [WiVRn] [info] nxwarp[0]: 180 frames in 2.0 s: 2065 B/frame, wait-prev 0.0 ms, wall 1.9 ms, nxvc passA 0.6 passB 0.7 gpu 1.3 ms; holes 1, refused 0
09-08 11:48:22.691 24551  3011 I WiVRn   : [2026-09-08 11:48:22.691] [WiVRn] [info] nxwarp[0]: 104 frames dropped late (queue kept to 1)
09-08 11:48:22.836 24551  2683 I WiVRn   : [2026-09-08 11:48:22.836] [WiVRn] [info] render: 180 iterations in 2.0 s (90.0/s), 180 submitted a layer, 173 new-source, 0 skipped by the repeat gate, 0 with nothing to show; display period 11.1 ms
09-08 11:48:22.836 24551  2683 I WiVRn   : [2026-09-08 11:48:22.836] [WiVRn] [info] render: selected source transitions forward 173 backward 0 repeat 7, greatest forward gap 2
09-08 11:48:22.836 24551  2683 I WiVRn   : [2026-09-08 11:48:22.836] [WiVRn] [info] render: this app's own GPU pass 3.8 ms per iteration
09-08 11:48:22.836 24551  2683 I WiVRn   : [2026-09-08 11:48:22.836] [WiVRn] [info] render: defoveate 2160x2160 per eye x2 = 9.33 Mpx/frame at scale 1.00 atlas-prototype 0; 7 re-presented from the cache (reduce_gpu_load on)
09-08 11:48:22.836 24551  2683 I WiVRn   : [2026-09-08 11:48:22.836] [WiVRn] [info] render: shader path sharpness 0.00 fsr false alpha false motion false blend false glow 0.28 vignette 0.00 deband 1.00 lowpoly 0.00 levels 0 full-kernel false
09-08 11:48:22.836 24551  2683 I WiVRn   : [2026-09-08 11:48:22.836] [WiVRn] [info] render: per iteration fence 0.0 (worst 0.0) | queries 0.0 | submit 0.0 | whole render() 0.5 ms
09-08 11:48:22.836 24551  2683 I WiVRn   : [2026-09-08 11:48:22.836] [WiVRn] [info] render: jit on | wake slack 30.9 ms | slept 0.6 ms mean (max 0.6, 180 of 180 iterations) | budget 18.4 = pass 17.4 + margin 1.0 | sleep cap 0.6 ms
09-08 11:48:22.836 24551  2683 I WiVRn   : [2026-09-08 11:48:22.836] [WiVRn] [info] render: source display-time offset 36.9 ms mean (worst 47.6) over 180 frames | submit lead 29.9 ms mean (worst 29.4) | misses: 0 overrun 0 late 0 skipped refresh
09-08 11:48:24.695 24551  3011 I WiVRn   : [2026-09-08 11:48:24.695] [WiVRn] [info] nxwarp[0]: 176 frames in 2.0 s: 1777 B/frame, wait-prev 0.0 ms, wall 2.1 ms, nxvc passA 0.5 passB 0.6 gpu 1.1 ms; holes 1, refused 0
09-08 11:48:24.695 24551  3011 I WiVRn   : [2026-09-08 11:48:24.695] [WiVRn] [info] nxwarp[0]: 107 frames dropped late (queue kept to 1)
09-08 11:48:24.695 24551  3011 I WiVRn   : [2026-09-08 11:48:24.695] [WiVRn] [info] nxwarp[0]: 1 of 176 frames measured a stall not attributable to decoding (worst wall 37.4 ms); clipped out of the reported decode cost and out of the stride
09-08 11:48:26.701 24551  3011 I WiVRn   : [2026-09-08 11:48:26.701] [WiVRn] [info] nxwarp[0]: 176 frames in 2.0 s: 2250 B/frame, wait-prev 0.0 ms, wall 2.5 ms, nxvc passA 0.5 passB 0.7 gpu 1.2 ms; holes 1, refused 0
09-08 11:48:26.701 24551  3011 I WiVRn   : [2026-09-08 11:48:26.701] [WiVRn] [info] nxwarp[0]: 111 frames dropped late (queue kept to 1)
09-08 11:48:26.701 24551  3011 I WiVRn   : [2026-09-08 11:48:26.701] [WiVRn] [info] nxwarp[0]: 3 of 176 frames measured a stall not attributable to decoding (worst wall 54.6 ms); clipped out of the reported decode cost and out of the stride
09-08 11:48:27.838 24551  2683 I WiVRn   : [2026-09-08 11:48:27.838] [WiVRn] [info] render: 171 iterations in 2.0 s (85.4/s), 170 submitted a layer, 166 new-source, 0 skipped by the repeat gate, 1 with nothing to show; display period 11.7 ms
09-08 11:48:27.838 24551  2683 I WiVRn   : [2026-09-08 11:48:27.838] [WiVRn] [info] render: selected source transitions forward 166 backward 0 repeat 4, greatest forward gap 175
09-08 11:48:27.838 24551  2683 I WiVRn   : [2026-09-08 11:48:27.838] [WiVRn] [info] render: this app's own GPU pass 3.0 ms per iteration
09-08 11:48:27.838 24551  2683 I WiVRn   : [2026-09-08 11:48:27.838] [WiVRn] [info] render: defoveate 2160x2160 per eye x2 = 9.33 Mpx/frame at scale 1.00 atlas-prototype 0; 4 re-presented from the cache (reduce_gpu_load on)
09-08 11:48:27.838 24551  2683 I WiVRn   : [2026-09-08 11:48:27.838] [WiVRn] [info] render: shader path sharpness 0.00 fsr false alpha false motion false blend false glow 0.28 vignette 0.00 deband 1.00 lowpoly 0.00 levels 0 full-kernel false
09-08 11:48:27.838 24551  2683 I WiVRn   : [2026-09-08 11:48:27.838] [WiVRn] [info] render: per iteration fence 0.3 (worst 40.9) | queries 0.0 | submit 0.0 | whole render() 0.7 ms
09-08 11:48:27.838 24551  2683 I WiVRn   : [2026-09-08 11:48:27.838] [WiVRn] [info] render: jit on | wake slack 32.9 ms | slept 0.3 ms mean (max 0.6, 95 of 171 iterations) | budget 23.1 = pass 22.1 + margin 1.0 | sleep cap 0.6 ms
09-08 11:48:27.838 24551  2683 I WiVRn   : [2026-09-08 11:48:27.838] [WiVRn] [info] render: source display-time offset 41.1 ms mean (worst 125.5) over 170 frames | submit lead 31.8 ms mean (worst -10.4) | misses: 0 overrun 0 late 0 skipped refresh
09-08 11:48:28.711 24551  3011 I WiVRn   : [2026-09-08 11:48:28.711] [WiVRn] [info] nxwarp[0]: 181 frames in 2.0 s: 1849 B/frame, wait-prev 0.0 ms, wall 1.5 ms, nxvc passA 0.5 passB 0.4 gpu 0.9 ms; holes 1, refused 0
09-08 11:48:28.711 24551  3011 I WiVRn   : [2026-09-08 11:48:28.711] [WiVRn] [info] nxwarp[0]: 111 frames dropped late (queue kept to 1)
09-08 11:48:29.838 24551  2683 I WiVRn   : [2026-09-08 11:48:29.838] [WiVRn] [info] render: 179 iterations in 2.0 s (89.5/s), 179 submitted a layer, 176 new-source, 0 skipped by the repeat gate, 0 with nothing to show; display period 11.2 ms
09-08 11:48:29.838 24551  2683 I WiVRn   : [2026-09-08 11:48:29.838] [WiVRn] [info] render: selected source transitions forward 176 backward 0 repeat 3, greatest forward gap 2
09-08 11:48:29.838 24551  2683 I WiVRn   : [2026-09-08 11:48:29.838] [WiVRn] [info] render: this app's own GPU pass 3.3 ms per iteration
09-08 11:48:29.838 24551  2683 I WiVRn   : [2026-09-08 11:48:29.838] [WiVRn] [info] render: defoveate 2160x2160 per eye x2 = 9.33 Mpx/frame at scale 1.00 atlas-prototype 0; 3 re-presented from the cache (reduce_gpu_load on)
09-08 11:48:29.838 24551  2683 I WiVRn   : [2026-09-08 11:48:29.838] [WiVRn] [info] render: shader path sharpness 0.00 fsr false alpha false motion false blend false glow 0.28 vignette 0.00 deband 1.00 lowpoly 0.00 levels 0 full-kernel false
09-08 11:48:29.838 24551  2683 I WiVRn   : [2026-09-08 11:48:29.838] [WiVRn] [info] render: per iteration fence 0.0 (worst 2.2) | queries 0.0 | submit 0.0 | whole render() 0.5 ms
09-08 11:48:29.838 24551  2683 I WiVRn   : [2026-09-08 11:48:29.838] [WiVRn] [info] render: jit on | wake slack 32.4 ms | slept 1.1 ms mean (max 11.7, 179 of 179 iterations) | budget 21.3 = pass 20.3 + margin 1.0 | sleep cap 0.6 ms
09-08 11:48:29.838 24551  2683 I WiVRn   : [2026-09-08 11:48:29.838] [WiVRn] [info] render: source display-time offset 39.2 ms mean (worst 50.3) over 179 frames | submit lead 30.8 ms mean (worst 22.5) | misses: 0 overrun 0 late 1 skipped refresh
09-08 11:48:30.723 24551  3011 I WiVRn   : [2026-09-08 11:48:30.723] [WiVRn] [info] nxwarp[0]: 181 frames in 2.0 s: 1889 B/frame, wait-prev 0.0 ms, wall 1.4 ms, nxvc passA 0.5 passB 0.4 gpu 0.9 ms; holes 1, refused 0
09-08 11:48:30.723 24551  3011 I WiVRn   : [2026-09-08 11:48:30.723] [WiVRn] [info] nxwarp[0]: 111 frames dropped late (queue kept to 1)
09-08 11:48:31.838 24551  2683 I WiVRn   : [2026-09-08 11:48:31.838] [WiVRn] [info] render: 179 iterations in 2.0 s (89.5/s), 179 submitted a layer, 178 new-source, 0 skipped by the repeat gate, 0 with nothing to show; display period 11.2 ms
09-08 11:48:31.838 24551  2683 I WiVRn   : [2026-09-08 11:48:31.838] [WiVRn] [info] render: selected source transitions forward 178 backward 0 repeat 1, greatest forward gap 2
09-08 11:48:31.838 24551  2683 I WiVRn   : [2026-09-08 11:48:31.838] [WiVRn] [info] render: this app's own GPU pass 3.8 ms per iteration
09-08 11:48:31.838 24551  2683 I WiVRn   : [2026-09-08 11:48:31.838] [WiVRn] [info] render: defoveate 2160x2160 per eye x2 = 9.33 Mpx/frame at scale 1.00 atlas-prototype 0; 1 re-presented from the cache (reduce_gpu_load on)
09-08 11:48:31.838 24551  2683 I WiVRn   : [2026-09-08 11:48:31.838] [WiVRn] [info] render: shader path sharpness 0.00 fsr false alpha false motion false blend false glow 0.28 vignette 0.00 deband 1.00 lowpoly 0.00 levels 0 full-kernel false
09-08 11:48:31.838 24551  2683 I WiVRn   : [2026-09-08 11:48:31.838] [WiVRn] [info] render: per iteration fence 0.0 (worst 4.0) | queries 0.0 | submit 0.0 | whole render() 0.5 ms
09-08 11:48:31.838 24551  2683 I WiVRn   : [2026-09-08 11:48:31.838] [WiVRn] [info] render: jit on | wake slack 31.8 ms | slept 1.0 ms mean (max 11.7, 179 of 179 iterations) | budget 19.6 = pass 18.6 + margin 1.0 | sleep cap 0.6 ms
09-08 11:48:31.838 24551  2683 I WiVRn   : [2026-09-08 11:48:31.838] [WiVRn] [info] render: source display-time offset 39.0 ms mean (worst 50.3) over 179 frames | submit lead 30.3 ms mean (worst 19.8) | misses: 0 overrun 0 late 1 skipped refresh
09-08 11:48:32.734 24551  3011 I WiVRn   : [2026-09-08 11:48:32.734] [WiVRn] [info] nxwarp[0]: 181 frames in 2.0 s: 1950 B/frame, wait-prev 0.0 ms, wall 1.4 ms, nxvc passA 0.5 passB 0.4 gpu 0.9 ms; holes 1, refused 0
09-08 11:48:32.734 24551  3011 I WiVRn   : [2026-09-08 11:48:32.734] [WiVRn] [info] nxwarp[0]: 111 frames dropped late (queue kept to 1)
09-08 11:48:33.845 24551  2683 I WiVRn   : [2026-09-08 11:48:33.845] [WiVRn] [info] render: 180 iterations in 2.0 s (89.7/s), 180 submitted a layer, 178 new-source, 0 skipped by the repeat gate, 0 with nothing to show; display period 11.2 ms
09-08 11:48:33.845 24551  2683 I WiVRn   : [2026-09-08 11:48:33.845] [WiVRn] [info] render: selected source transitions forward 178 backward 0 repeat 2, greatest forward gap 2
09-08 11:48:33.845 24551  2683 I WiVRn   : [2026-09-08 11:48:33.845] [WiVRn] [info] render: this app's own GPU pass 3.9 ms per iteration
09-08 11:48:33.845 24551  2683 I WiVRn   : [2026-09-08 11:48:33.845] [WiVRn] [info] render: defoveate 2160x2160 per eye x2 = 9.33 Mpx/frame at scale 1.00 atlas-prototype 0; 2 re-presented from the cache (reduce_gpu_load on)
09-08 11:48:33.845 24551  2683 I WiVRn   : [2026-09-08 11:48:33.845] [WiVRn] [info] render: shader path sharpness 0.00 fsr false alpha false motion false blend false glow 0.28 vignette 0.00 deband 1.00 lowpoly 0.00 levels 0 full-kernel false
09-08 11:48:33.845 24551  2683 I WiVRn   : [2026-09-08 11:48:33.845] [WiVRn] [info] render: per iteration fence 0.0 (worst 3.1) | queries 0.0 | submit 0.0 | whole render() 0.5 ms
09-08 11:48:33.845 24551  2683 I WiVRn   : [2026-09-08 11:48:33.845] [WiVRn] [info] render: jit on | wake slack 31.1 ms | slept 0.8 ms mean (max 11.7, 180 of 180 iterations) | budget 17.8 = pass 16.8 + margin 1.0 | sleep cap 0.6 ms
09-08 11:48:33.845 24551  2683 I WiVRn   : [2026-09-08 11:48:33.845] [WiVRn] [info] render: source display-time offset 39.1 ms mean (worst 50.4) over 180 frames | submit lead 29.8 ms mean (worst 17.2) | misses: 0 overrun 0 late 1 skipped refresh
09-08 11:48:34.734 24551  3011 I WiVRn   : [2026-09-08 11:48:34.734] [WiVRn] [info] nxwarp[0]: 180 frames in 2.0 s: 1947 B/frame, wait-prev 0.0 ms, wall 1.4 ms, nxvc passA 0.5 passB 0.4 gpu 0.9 ms; holes 1, refused 0
09-08 11:48:34.734 24551  3011 I WiVRn   : [2026-09-08 11:48:34.734] [WiVRn] [info] nxwarp[0]: 111 frames dropped late (queue kept to 1)
09-08 11:48:35.850 24551  2683 I WiVRn   : [2026-09-08 11:48:35.850] [WiVRn] [info] render: 180 iterations in 2.0 s (89.7/s), 180 submitted a layer, 180 new-source, 0 skipped by the repeat gate, 0 with nothing to show; display period 11.1 ms
09-08 11:48:35.850 24551  2683 I WiVRn   : [2026-09-08 11:48:35.850] [WiVRn] [info] render: selected source transitions forward 180 backward 0 repeat 0, greatest forward gap 2
09-08 11:48:35.850 24551  2683 I WiVRn   : [2026-09-08 11:48:35.850] [WiVRn] [info] render: this app's own GPU pass 3.9 ms per iteration
09-08 11:48:35.850 24551  2683 I WiVRn   : [2026-09-08 11:48:35.850] [WiVRn] [info] render: defoveate 2160x2160 per eye x2 = 9.33 Mpx/frame at scale 1.00 atlas-prototype 0; 0 re-presented from the cache (reduce_gpu_load on)
09-08 11:48:35.850 24551  2683 I WiVRn   : [2026-09-08 11:48:35.850] [WiVRn] [info] render: shader path sharpness 0.00 fsr false alpha false motion false blend false glow 0.28 vignette 0.00 deband 1.00 lowpoly 0.00 levels 0 full-kernel false
09-08 11:48:35.850 24551  2683 I WiVRn   : [2026-09-08 11:48:35.850] [WiVRn] [info] render: per iteration fence 0.0 (worst 0.0) | queries 0.0 | submit 0.0 | whole render() 0.5 ms
09-08 11:48:35.850 24551  2683 I WiVRn   : [2026-09-08 11:48:35.850] [WiVRn] [info] render: jit on | wake slack 31.1 ms | slept 0.6 ms mean (max 0.6, 180 of 180 iterations) | budget 16.0 = pass 15.0 + margin 1.0 | sleep cap 0.6 ms
09-08 11:48:35.850 24551  2683 I WiVRn   : [2026-09-08 11:48:35.850] [WiVRn] [info] render: source display-time offset 39.3 ms mean (worst 50.3) over 180 frames | submit lead 30.1 ms mean (worst 28.7) | misses: 0 overrun 0 late 0 skipped refresh
09-08 11:48:36.740 24551  3011 I WiVRn   : [2026-09-08 11:48:36.740] [WiVRn] [info] nxwarp[0]: 150 frames in 2.0 s: 1900 B/frame, wait-prev 0.0 ms, wall 1.9 ms, nxvc passA 0.5 passB 0.6 gpu 1.0 ms; holes 1, refused 0
09-08 11:48:36.740 24551  3011 I WiVRn   : [2026-09-08 11:48:36.740] [WiVRn] [info] nxwarp[0]: 112 frames dropped late (queue kept to 1)
09-08 11:48:36.740 24551  3011 I WiVRn   : [2026-09-08 11:48:36.740] [WiVRn] [info] nxwarp[0]: 2 of 150 frames measured a stall not attributable to decoding (worst wall 37.3 ms); clipped out of the reported decode cost and out of the stride
