09-08 11:46:45.687 24550  1094 I WiVRn   : [2026-09-08 11:46:45.687] [WiVRn] [info] nxwarp[0]: decoupled display -- frames are published complete and the reprojection pass waits on nothing
09-08 11:46:49.036 24550  1094 I WiVRn   : [2026-09-08 11:46:49.036] [WiVRn] [info] nxwarp[0]: atlas borrowed-target dirty catchup enabled
09-08 11:46:49.036 24550  1094 I WiVRn   : [2026-09-08 11:46:49.036] [WiVRn] [info] nxwarp[0]: direct atlas targets true
09-08 11:46:49.036 24550  1094 I WiVRn   : [2026-09-08 11:46:49.036] [WiVRn] [info] nxwarp[0]: real R8 atlas display with per-frame GPU snapshots
09-08 11:46:49.036 24550  1094 I WiVRn   : [2026-09-08 11:46:49.036] [WiVRn] [info] nxwarp[0]: 2176x2176 per eye, 2 eyes, on Adreno (TM) 650, 68 x 34 tiles, 1166 bytes per tile
09-08 11:46:50.079 24550  1099 I WiVRn   : [2026-09-08 11:46:50.079] [WiVRn] [info] nxwarp[0]: 1 frames in 4.4 s: 34204 B/frame, wait-prev 0.0 ms, wall 1040.6 ms, nxvc passA 15.5 passB 47.7 gpu 63.2 ms; holes 2, refused 0
09-08 11:46:50.079 24550  1099 I WiVRn   : [2026-09-08 11:46:50.079] [WiVRn] [info] nxwarp[0]: 109 frames dropped late (queue kept to 1)
09-08 11:46:50.266 24550   786 I WiVRn   : [2026-09-08 11:46:50.266] [WiVRn] [info] render: 1 iterations in 16.7 s (0.1/s), 1 submitted a layer, 1 new-source, 0 skipped by the repeat gate, 0 with nothing to show; display period 11.1 ms
09-08 11:46:50.266 24550   786 I WiVRn   : [2026-09-08 11:46:50.266] [WiVRn] [info] render: selected source transitions forward 0 backward 0 repeat 0, greatest forward gap 0
09-08 11:46:50.266 24550   786 I WiVRn   : [2026-09-08 11:46:50.266] [WiVRn] [info] render: this app's own GPU pass 0.0 ms per iteration
09-08 11:46:50.266 24550   786 I WiVRn   : [2026-09-08 11:46:50.266] [WiVRn] [info] render: defoveate 2160x2160 per eye x2 = 9.33 Mpx/frame at scale 1.00 atlas-prototype 0; 0 re-presented from the cache (reduce_gpu_load on)
09-08 11:46:50.266 24550   786 I WiVRn   : [2026-09-08 11:46:50.266] [WiVRn] [info] render: shader path sharpness 0.00 fsr false alpha false motion false blend false glow 0.28 vignette 0.00 deband 1.00 lowpoly 0.00 levels 0 full-kernel false
09-08 11:46:50.266 24550   786 I WiVRn   : [2026-09-08 11:46:50.266] [WiVRn] [info] render: per iteration fence 0.0 (worst 0.0) | queries 0.0 | submit 0.0 | whole render() 48.0 ms
09-08 11:46:50.266 24550   786 I WiVRn   : [2026-09-08 11:46:50.266] [WiVRn] [info] render: jit on | wake slack 80.8 ms | slept 0.0 ms mean (max 0.0, 0 of 1 iterations) | budget 1.0 = pass 0.0 + margin 1.0 | sleep cap 45.0 ms
09-08 11:46:50.266 24550   786 I WiVRn   : [2026-09-08 11:46:50.266] [WiVRn] [info] render: source display-time offset 233.9 ms mean (worst 233.9) over 1 frames | submit lead 0.0 ms mean (worst 0.0) | misses: 0 overrun 0 late 0 skipped refresh
09-08 11:46:52.082 24550  1099 I WiVRn   : [2026-09-08 11:46:52.082] [WiVRn] [info] nxwarp[0]: 94 frames in 2.0 s: 3674 B/frame, wait-prev 0.0 ms, wall 6.6 ms, nxvc passA 0.9 passB 1.4 gpu 2.3 ms; holes 2, refused 0
09-08 11:46:52.082 24550  1099 I WiVRn   : [2026-09-08 11:46:52.082] [WiVRn] [info] nxwarp[0]: 110 frames dropped late (queue kept to 1)
09-08 11:46:52.220 24550   786 I WiVRn   : [2026-09-08 11:46:52.220] [WiVRn] [info] render: 163 iterations in 2.0 s (81.4/s), 163 submitted a layer, 98 new-source, 0 skipped by the repeat gate, 0 with nothing to show; display period 12.0 ms
09-08 11:46:52.220 24550   786 I WiVRn   : [2026-09-08 11:46:52.220] [WiVRn] [info] render: selected source transitions forward 98 backward 0 repeat 65, greatest forward gap 3
09-08 11:46:52.220 24550   786 I WiVRn   : [2026-09-08 11:46:52.220] [WiVRn] [info] render: this app's own GPU pass 4.5 ms per iteration
09-08 11:46:52.220 24550   786 I WiVRn   : [2026-09-08 11:46:52.220] [WiVRn] [info] render: defoveate 2160x2160 per eye x2 = 9.33 Mpx/frame at scale 1.00 atlas-prototype 0; 46 re-presented from the cache (reduce_gpu_load on)
09-08 11:46:52.220 24550   786 I WiVRn   : [2026-09-08 11:46:52.220] [WiVRn] [info] render: shader path sharpness 0.00 fsr false alpha false motion false blend false glow 0.28 vignette 0.00 deband 1.00 lowpoly 0.00 levels 0 full-kernel false
09-08 11:46:52.220 24550   786 I WiVRn   : [2026-09-08 11:46:52.220] [WiVRn] [info] render: per iteration fence 0.1 (worst 5.1) | queries 0.0 | submit 0.0 | whole render() 0.7 ms
09-08 11:46:52.220 24550   786 I WiVRn   : [2026-09-08 11:46:52.220] [WiVRn] [info] render: jit on | wake slack 39.0 ms | slept 1.9 ms mean (max 17.9, 73 of 163 iterations) | budget 24.6 = pass 23.6 + margin 1.0 | sleep cap 0.6 ms
09-08 11:46:52.220 24550   786 I WiVRn   : [2026-09-08 11:46:52.220] [WiVRn] [info] render: source display-time offset 169.0 ms mean (worst 745.0) over 163 frames | submit lead 36.4 ms mean (worst 28.1) | misses: 0 overrun 0 late 4 skipped refresh
09-08 11:46:54.084 24550  1099 I WiVRn   : [2026-09-08 11:46:54.084] [WiVRn] [info] nxwarp[0]: 180 frames in 2.0 s: 1950 B/frame, wait-prev 0.0 ms, wall 3.1 ms, nxvc passA 0.9 passB 1.0 gpu 1.9 ms; holes 2, refused 0
09-08 11:46:54.084 24550  1099 I WiVRn   : [2026-09-08 11:46:54.084] [WiVRn] [info] nxwarp[0]: 110 frames dropped late (queue kept to 1)
09-08 11:46:54.221 24550   786 I WiVRn   : [2026-09-08 11:46:54.221] [WiVRn] [info] render: 180 iterations in 2.0 s (90.0/s), 180 submitted a layer, 180 new-source, 0 skipped by the repeat gate, 0 with nothing to show; display period 11.1 ms
09-08 11:46:54.221 24550   786 I WiVRn   : [2026-09-08 11:46:54.221] [WiVRn] [info] render: selected source transitions forward 180 backward 0 repeat 0, greatest forward gap 1
09-08 11:46:54.221 24550   786 I WiVRn   : [2026-09-08 11:46:54.221] [WiVRn] [info] render: this app's own GPU pass 6.0 ms per iteration
09-08 11:46:54.221 24550   786 I WiVRn   : [2026-09-08 11:46:54.221] [WiVRn] [info] render: defoveate 2160x2160 per eye x2 = 9.33 Mpx/frame at scale 1.00 atlas-prototype 0; 0 re-presented from the cache (reduce_gpu_load on)
09-08 11:46:54.221 24550   786 I WiVRn   : [2026-09-08 11:46:54.221] [WiVRn] [info] render: shader path sharpness 0.00 fsr false alpha false motion false blend false glow 0.28 vignette 0.00 deband 1.00 lowpoly 0.00 levels 0 full-kernel false
09-08 11:46:54.221 24550   786 I WiVRn   : [2026-09-08 11:46:54.221] [WiVRn] [info] render: per iteration fence 0.0 (worst 0.0) | queries 0.0 | submit 0.0 | whole render() 0.6 ms
09-08 11:46:54.221 24550   786 I WiVRn   : [2026-09-08 11:46:54.221] [WiVRn] [info] render: jit on | wake slack 35.0 ms | slept 0.6 ms mean (max 0.6, 180 of 180 iterations) | budget 21.5 = pass 20.5 + margin 1.0 | sleep cap 0.6 ms
09-08 11:46:54.221 24550   786 I WiVRn   : [2026-09-08 11:46:54.221] [WiVRn] [info] render: source display-time offset 30.2 ms mean (worst 30.3) over 180 frames | submit lead 33.8 ms mean (worst 33.1) | misses: 0 overrun 0 late 0 skipped refresh
09-08 11:46:56.095 24550  1099 I WiVRn   : [2026-09-08 11:46:56.095] [WiVRn] [info] nxwarp[0]: 181 frames in 2.0 s: 1944 B/frame, wait-prev 0.0 ms, wall 3.1 ms, nxvc passA 1.0 passB 0.6 gpu 1.6 ms; holes 2, refused 0
09-08 11:46:56.095 24550  1099 I WiVRn   : [2026-09-08 11:46:56.095] [WiVRn] [info] nxwarp[0]: 110 frames dropped late (queue kept to 1)
09-08 11:46:56.221 24550   786 I WiVRn   : [2026-09-08 11:46:56.221] [WiVRn] [info] render: 179 iterations in 2.0 s (89.5/s), 179 submitted a layer, 176 new-source, 0 skipped by the repeat gate, 0 with nothing to show; display period 11.2 ms
09-08 11:46:56.221 24550   786 I WiVRn   : [2026-09-08 11:46:56.221] [WiVRn] [info] render: selected source transitions forward 176 backward 0 repeat 3, greatest forward gap 2
09-08 11:46:56.221 24550   786 I WiVRn   : [2026-09-08 11:46:56.221] [WiVRn] [info] render: this app's own GPU pass 5.9 ms per iteration
09-08 11:46:56.221 24550   786 I WiVRn   : [2026-09-08 11:46:56.221] [WiVRn] [info] render: defoveate 2160x2160 per eye x2 = 9.33 Mpx/frame at scale 1.00 atlas-prototype 0; 3 re-presented from the cache (reduce_gpu_load on)
09-08 11:46:56.221 24550   786 I WiVRn   : [2026-09-08 11:46:56.221] [WiVRn] [info] render: shader path sharpness 0.00 fsr false alpha false motion false blend false glow 0.28 vignette 0.00 deband 1.00 lowpoly 0.00 levels 0 full-kernel false
09-08 11:46:56.221 24550   786 I WiVRn   : [2026-09-08 11:46:56.221] [WiVRn] [info] render: per iteration fence 0.0 (worst 5.2) | queries 0.0 | submit 0.0 | whole render() 0.5 ms
09-08 11:46:56.221 24550   786 I WiVRn   : [2026-09-08 11:46:56.221] [WiVRn] [info] render: jit on | wake slack 35.0 ms | slept 0.8 ms mean (max 11.7, 179 of 179 iterations) | budget 19.7 = pass 18.7 + margin 1.0 | sleep cap 0.6 ms
09-08 11:46:56.221 24550   786 I WiVRn   : [2026-09-08 11:46:56.221] [WiVRn] [info] render: source display-time offset 30.3 ms mean (worst 41.4) over 179 frames | submit lead 33.7 ms mean (worst 20.6) | misses: 0 overrun 0 late 1 skipped refresh
09-08 11:46:58.095 24550  1099 I WiVRn   : [2026-09-08 11:46:58.095] [WiVRn] [info] nxwarp[0]: 180 frames in 2.0 s: 2065 B/frame, wait-prev 0.0 ms, wall 3.4 ms, nxvc passA 1.0 passB 0.5 gpu 1.5 ms; holes 2, refused 0
09-08 11:46:58.095 24550  1099 I WiVRn   : [2026-09-08 11:46:58.095] [WiVRn] [info] nxwarp[0]: 110 frames dropped late (queue kept to 1)
09-08 11:46:58.232 24550   786 I WiVRn   : [2026-09-08 11:46:58.232] [WiVRn] [info] render: 180 iterations in 2.0 s (89.5/s), 180 submitted a layer, 178 new-source, 0 skipped by the repeat gate, 0 with nothing to show; display period 11.2 ms
09-08 11:46:58.232 24550   786 I WiVRn   : [2026-09-08 11:46:58.232] [WiVRn] [info] render: selected source transitions forward 178 backward 0 repeat 2, greatest forward gap 2
09-08 11:46:58.232 24550   786 I WiVRn   : [2026-09-08 11:46:58.232] [WiVRn] [info] render: this app's own GPU pass 6.1 ms per iteration
09-08 11:46:58.232 24550   786 I WiVRn   : [2026-09-08 11:46:58.232] [WiVRn] [info] render: defoveate 2160x2160 per eye x2 = 9.33 Mpx/frame at scale 1.00 atlas-prototype 0; 2 re-presented from the cache (reduce_gpu_load on)
09-08 11:46:58.232 24550   786 I WiVRn   : [2026-09-08 11:46:58.232] [WiVRn] [info] render: shader path sharpness 0.00 fsr false alpha false motion false blend false glow 0.28 vignette 0.00 deband 1.00 lowpoly 0.00 levels 0 full-kernel false
09-08 11:46:58.232 24550   786 I WiVRn   : [2026-09-08 11:46:58.232] [WiVRn] [info] render: per iteration fence 0.0 (worst 5.1) | queries 0.0 | submit 0.0 | whole render() 0.5 ms
09-08 11:46:58.232 24550   786 I WiVRn   : [2026-09-08 11:46:58.232] [WiVRn] [info] render: jit on | wake slack 34.7 ms | slept 0.8 ms mean (max 11.7, 180 of 180 iterations) | budget 17.9 = pass 16.9 + margin 1.0 | sleep cap 0.6 ms
09-08 11:46:58.232 24550   786 I WiVRn   : [2026-09-08 11:46:58.232] [WiVRn] [info] render: source display-time offset 30.3 ms mean (worst 41.5) over 180 frames | submit lead 33.4 ms mean (worst 20.0) | misses: 0 overrun 0 late 1 skipped refresh
09-08 11:47:00.097 24550  1099 I WiVRn   : [2026-09-08 11:47:00.097] [WiVRn] [info] nxwarp[0]: 176 frames in 2.0 s: 1792 B/frame, wait-prev 0.0 ms, wall 3.4 ms, nxvc passA 0.6 passB 0.5 gpu 1.1 ms; holes 2, refused 0
09-08 11:47:00.097 24550  1099 I WiVRn   : [2026-09-08 11:47:00.097] [WiVRn] [info] nxwarp[0]: 113 frames dropped late (queue kept to 1)
09-08 11:47:00.097 24550  1099 I WiVRn   : [2026-09-08 11:47:00.097] [WiVRn] [info] nxwarp[0]: 1 of 176 frames measured a stall not attributable to decoding (worst wall 37.5 ms); clipped out of the reported decode cost and out of the stride
09-08 11:47:02.098 24550  1099 I WiVRn   : [2026-09-08 11:47:02.098] [WiVRn] [info] nxwarp[0]: 175 frames in 2.0 s: 2313 B/frame, wait-prev 0.0 ms, wall 4.1 ms, nxvc passA 0.7 passB 0.7 gpu 1.4 ms; holes 2, refused 0
09-08 11:47:02.098 24550  1099 I WiVRn   : [2026-09-08 11:47:02.098] [WiVRn] [info] nxwarp[0]: 117 frames dropped late (queue kept to 1)
09-08 11:47:02.098 24550  1099 I WiVRn   : [2026-09-08 11:47:02.098] [WiVRn] [info] nxwarp[0]: 1 of 175 frames measured a stall not attributable to decoding (worst wall 54.8 ms); clipped out of the reported decode cost and out of the stride
09-08 11:47:03.084 24550   786 I WiVRn   : [2026-09-08 11:47:03.084] [WiVRn] [info] render: 172 iterations in 2.0 s (85.6/s), 171 submitted a layer, 167 new-source, 0 skipped by the repeat gate, 1 with nothing to show; display period 11.7 ms
09-08 11:47:03.084 24550   786 I WiVRn   : [2026-09-08 11:47:03.084] [WiVRn] [info] render: selected source transitions forward 167 backward 0 repeat 4, greatest forward gap 157
09-08 11:47:03.084 24550   786 I WiVRn   : [2026-09-08 11:47:03.084] [WiVRn] [info] render: this app's own GPU pass 5.8 ms per iteration
09-08 11:47:03.084 24550   786 I WiVRn   : [2026-09-08 11:47:03.084] [WiVRn] [info] render: defoveate 2160x2160 per eye x2 = 9.33 Mpx/frame at scale 1.00 atlas-prototype 0; 4 re-presented from the cache (reduce_gpu_load on)
09-08 11:47:03.084 24550   786 I WiVRn   : [2026-09-08 11:47:03.084] [WiVRn] [info] render: shader path sharpness 0.00 fsr false alpha false motion false blend false glow 0.28 vignette 0.00 deband 1.00 lowpoly 0.00 levels 0 full-kernel false
09-08 11:47:03.084 24550   786 I WiVRn   : [2026-09-08 11:47:03.084] [WiVRn] [info] render: per iteration fence 0.3 (worst 38.1) | queries 0.0 | submit 0.0 | whole render() 0.7 ms
09-08 11:47:03.084 24550   786 I WiVRn   : [2026-09-08 11:47:03.084] [WiVRn] [info] render: jit on | wake slack 38.6 ms | slept 1.3 ms mean (max 11.7, 171 of 172 iterations) | budget 23.0 = pass 22.0 + margin 1.0 | sleep cap 0.6 ms
09-08 11:47:03.084 24550   786 I WiVRn   : [2026-09-08 11:47:03.084] [WiVRn] [info] render: source display-time offset 35.3 ms mean (worst 119.5) over 171 frames | submit lead 36.5 ms mean (worst -4.1) | misses: 0 overrun 0 late 1 skipped refresh
09-08 11:47:04.104 24550  1099 I WiVRn   : [2026-09-08 11:47:04.104] [WiVRn] [info] nxwarp[0]: 181 frames in 2.0 s: 1850 B/frame, wait-prev 0.0 ms, wall 2.0 ms, nxvc passA 0.5 passB 0.4 gpu 0.9 ms; holes 2, refused 0
09-08 11:47:04.104 24550  1099 I WiVRn   : [2026-09-08 11:47:04.104] [WiVRn] [info] nxwarp[0]: 117 frames dropped late (queue kept to 1)
09-08 11:47:04.104 24550  1099 I WiVRn   : [2026-09-08 11:47:04.104] [WiVRn] [info] nxwarp[0]: 1 of 181 frames measured a stall not attributable to decoding (worst wall 7.2 ms); clipped out of the reported decode cost and out of the stride
09-08 11:47:05.084 24550   786 I WiVRn   : [2026-09-08 11:47:05.084] [WiVRn] [info] render: 180 iterations in 2.0 s (90.0/s), 180 submitted a layer, 180 new-source, 0 skipped by the repeat gate, 0 with nothing to show; display period 11.1 ms
09-08 11:47:05.084 24550   786 I WiVRn   : [2026-09-08 11:47:05.084] [WiVRn] [info] render: selected source transitions forward 180 backward 0 repeat 0, greatest forward gap 1
09-08 11:47:05.084 24550   786 I WiVRn   : [2026-09-08 11:47:05.084] [WiVRn] [info] render: this app's own GPU pass 5.9 ms per iteration
09-08 11:47:05.084 24550   786 I WiVRn   : [2026-09-08 11:47:05.084] [WiVRn] [info] render: defoveate 2160x2160 per eye x2 = 9.33 Mpx/frame at scale 1.00 atlas-prototype 0; 0 re-presented from the cache (reduce_gpu_load on)
09-08 11:47:05.084 24550   786 I WiVRn   : [2026-09-08 11:47:05.084] [WiVRn] [info] render: shader path sharpness 0.00 fsr false alpha false motion false blend false glow 0.28 vignette 0.00 deband 1.00 lowpoly 0.00 levels 0 full-kernel false
09-08 11:47:05.084 24550   786 I WiVRn   : [2026-09-08 11:47:05.084] [WiVRn] [info] render: per iteration fence 0.0 (worst 0.1) | queries 0.0 | submit 0.0 | whole render() 0.5 ms
09-08 11:47:05.084 24550   786 I WiVRn   : [2026-09-08 11:47:05.084] [WiVRn] [info] render: jit on | wake slack 34.9 ms | slept 0.6 ms mean (max 0.6, 180 of 180 iterations) | budget 21.2 = pass 20.2 + margin 1.0 | sleep cap 0.6 ms
09-08 11:47:05.084 24550   786 I WiVRn   : [2026-09-08 11:47:05.084] [WiVRn] [info] render: source display-time offset 27.8 ms mean (worst 27.8) over 180 frames | submit lead 33.8 ms mean (worst 33.3) | misses: 0 overrun 0 late 0 skipped refresh
09-08 11:47:06.105 24550  1099 I WiVRn   : [2026-09-08 11:47:06.104] [WiVRn] [info] nxwarp[0]: 180 frames in 2.0 s: 1881 B/frame, wait-prev 0.0 ms, wall 1.6 ms, nxvc passA 0.5 passB 0.4 gpu 0.9 ms; holes 2, refused 0
09-08 11:47:06.105 24550  1099 I WiVRn   : [2026-09-08 11:47:06.105] [WiVRn] [info] nxwarp[0]: 117 frames dropped late (queue kept to 1)
09-08 11:47:06.105 24550  1099 I WiVRn   : [2026-09-08 11:47:06.105] [WiVRn] [info] nxwarp[0]: 1 of 180 frames measured a stall not attributable to decoding (worst wall 7.0 ms); clipped out of the reported decode cost and out of the stride
09-08 11:47:07.085 24550   786 I WiVRn   : [2026-09-08 11:47:07.085] [WiVRn] [info] render: 179 iterations in 2.0 s (89.5/s), 179 submitted a layer, 178 new-source, 0 skipped by the repeat gate, 0 with nothing to show; display period 11.2 ms
09-08 11:47:07.085 24550   786 I WiVRn   : [2026-09-08 11:47:07.085] [WiVRn] [info] render: selected source transitions forward 178 backward 0 repeat 1, greatest forward gap 2
09-08 11:47:07.085 24550   786 I WiVRn   : [2026-09-08 11:47:07.085] [WiVRn] [info] render: this app's own GPU pass 5.9 ms per iteration
09-08 11:47:07.085 24550   786 I WiVRn   : [2026-09-08 11:47:07.085] [WiVRn] [info] render: defoveate 2160x2160 per eye x2 = 9.33 Mpx/frame at scale 1.00 atlas-prototype 0; 1 re-presented from the cache (reduce_gpu_load on)
09-08 11:47:07.085 24550   786 I WiVRn   : [2026-09-08 11:47:07.085] [WiVRn] [info] render: shader path sharpness 0.00 fsr false alpha false motion false blend false glow 0.28 vignette 0.00 deband 1.00 lowpoly 0.00 levels 0 full-kernel false
09-08 11:47:07.085 24550   786 I WiVRn   : [2026-09-08 11:47:07.085] [WiVRn] [info] render: per iteration fence 0.0 (worst 5.0) | queries 0.0 | submit 0.0 | whole render() 0.5 ms
09-08 11:47:07.085 24550   786 I WiVRn   : [2026-09-08 11:47:07.085] [WiVRn] [info] render: jit on | wake slack 35.2 ms | slept 0.8 ms mean (max 11.7, 179 of 179 iterations) | budget 19.4 = pass 18.4 + margin 1.0 | sleep cap 0.6 ms
09-08 11:47:07.085 24550   786 I WiVRn   : [2026-09-08 11:47:07.085] [WiVRn] [info] render: source display-time offset 28.3 ms mean (worst 38.9) over 179 frames | submit lead 33.9 ms mean (worst 20.7) | misses: 0 overrun 0 late 1 skipped refresh
09-08 11:47:08.105 24550  1099 I WiVRn   : [2026-09-08 11:47:08.105] [WiVRn] [info] nxwarp[0]: 180 frames in 2.0 s: 1949 B/frame, wait-prev 0.0 ms, wall 1.5 ms, nxvc passA 0.5 passB 0.4 gpu 0.9 ms; holes 2, refused 0
09-08 11:47:08.105 24550  1099 I WiVRn   : [2026-09-08 11:47:08.105] [WiVRn] [info] nxwarp[0]: 117 frames dropped late (queue kept to 1)
09-08 11:47:09.085 24550   786 I WiVRn   : [2026-09-08 11:47:09.085] [WiVRn] [info] render: 179 iterations in 2.0 s (89.5/s), 179 submitted a layer, 178 new-source, 0 skipped by the repeat gate, 0 with nothing to show; display period 11.2 ms
09-08 11:47:09.085 24550   786 I WiVRn   : [2026-09-08 11:47:09.085] [WiVRn] [info] render: selected source transitions forward 178 backward 0 repeat 1, greatest forward gap 2
09-08 11:47:09.085 24550   786 I WiVRn   : [2026-09-08 11:47:09.085] [WiVRn] [info] render: this app's own GPU pass 6.0 ms per iteration
09-08 11:47:09.085 24550   786 I WiVRn   : [2026-09-08 11:47:09.085] [WiVRn] [info] render: defoveate 2160x2160 per eye x2 = 9.33 Mpx/frame at scale 1.00 atlas-prototype 0; 1 re-presented from the cache (reduce_gpu_load on)
09-08 11:47:09.085 24550   786 I WiVRn   : [2026-09-08 11:47:09.085] [WiVRn] [info] render: shader path sharpness 0.00 fsr false alpha false motion false blend false glow 0.28 vignette 0.00 deband 1.00 lowpoly 0.00 levels 0 full-kernel false
09-08 11:47:09.085 24550   786 I WiVRn   : [2026-09-08 11:47:09.085] [WiVRn] [info] render: per iteration fence 0.1 (worst 5.8) | queries 0.0 | submit 0.0 | whole render() 0.5 ms
09-08 11:47:09.085 24550   786 I WiVRn   : [2026-09-08 11:47:09.085] [WiVRn] [info] render: jit on | wake slack 34.9 ms | slept 0.8 ms mean (max 11.7, 179 of 179 iterations) | budget 17.6 = pass 16.6 + margin 1.0 | sleep cap 0.6 ms
09-08 11:47:09.085 24550   786 I WiVRn   : [2026-09-08 11:47:09.085] [WiVRn] [info] render: source display-time offset 28.1 ms mean (worst 39.0) over 179 frames | submit lead 33.6 ms mean (worst 20.3) | misses: 0 overrun 0 late 1 skipped refresh
09-08 11:47:10.115 24550  1099 I WiVRn   : [2026-09-08 11:47:10.115] [WiVRn] [info] nxwarp[0]: 181 frames in 2.0 s: 1944 B/frame, wait-prev 0.0 ms, wall 1.6 ms, nxvc passA 0.5 passB 0.4 gpu 0.9 ms; holes 2, refused 0
09-08 11:47:10.115 24550  1099 I WiVRn   : [2026-09-08 11:47:10.115] [WiVRn] [info] nxwarp[0]: 117 frames dropped late (queue kept to 1)
09-08 11:47:11.085 24550   786 I WiVRn   : [2026-09-08 11:47:11.085] [WiVRn] [info] render: 179 iterations in 2.0 s (89.5/s), 179 submitted a layer, 179 new-source, 0 skipped by the repeat gate, 0 with nothing to show; display period 11.1 ms
09-08 11:47:11.085 24550   786 I WiVRn   : [2026-09-08 11:47:11.085] [WiVRn] [info] render: selected source transitions forward 179 backward 0 repeat 0, greatest forward gap 2
09-08 11:47:11.085 24550   786 I WiVRn   : [2026-09-08 11:47:11.085] [WiVRn] [info] render: this app's own GPU pass 6.2 ms per iteration
09-08 11:47:11.085 24550   786 I WiVRn   : [2026-09-08 11:47:11.085] [WiVRn] [info] render: defoveate 2160x2160 per eye x2 = 9.33 Mpx/frame at scale 1.00 atlas-prototype 0; 0 re-presented from the cache (reduce_gpu_load on)
09-08 11:47:11.085 24550   786 I WiVRn   : [2026-09-08 11:47:11.085] [WiVRn] [info] render: shader path sharpness 0.00 fsr false alpha false motion false blend false glow 0.28 vignette 0.00 deband 1.00 lowpoly 0.00 levels 0 full-kernel false
09-08 11:47:11.085 24550   786 I WiVRn   : [2026-09-08 11:47:11.085] [WiVRn] [info] render: per iteration fence 0.0 (worst 0.0) | queries 0.0 | submit 0.0 | whole render() 0.4 ms
09-08 11:47:11.085 24550   786 I WiVRn   : [2026-09-08 11:47:11.085] [WiVRn] [info] render: jit on | wake slack 34.4 ms | slept 0.6 ms mean (max 0.6, 179 of 179 iterations) | budget 15.8 = pass 14.8 + margin 1.0 | sleep cap 11.7 ms
09-08 11:47:11.085 24550   786 I WiVRn   : [2026-09-08 11:47:11.085] [WiVRn] [info] render: source display-time offset 27.9 ms mean (worst 28.0) over 179 frames | submit lead 33.4 ms mean (worst 33.0) | misses: 0 overrun 0 late 0 skipped refresh
09-08 11:47:12.119 24550  1099 I WiVRn   : [2026-09-08 11:47:12.119] [WiVRn] [info] nxwarp[0]: 176 frames in 2.0 s: 1817 B/frame, wait-prev 0.0 ms, wall 2.2 ms, nxvc passA 0.5 passB 0.5 gpu 1.0 ms; holes 2, refused 0
09-08 11:47:12.119 24550  1099 I WiVRn   : [2026-09-08 11:47:12.119] [WiVRn] [info] nxwarp[0]: 120 frames dropped late (queue kept to 1)
09-08 11:47:12.119 24550  1099 I WiVRn   : [2026-09-08 11:47:12.119] [WiVRn] [info] nxwarp[0]: 2 of 176 frames measured a stall not attributable to decoding (worst wall 37.4 ms); clipped out of the reported decode cost and out of the stride
09-08 11:47:14.128 24550  1099 I WiVRn   : [2026-09-08 11:47:14.128] [WiVRn] [info] nxwarp[0]: 177 frames in 2.0 s: 2339 B/frame, wait-prev 0.0 ms, wall 2.6 ms, nxvc passA 0.6 passB 0.7 gpu 1.3 ms; holes 2, refused 0
09-08 11:47:14.128 24550  1099 I WiVRn   : [2026-09-08 11:47:14.128] [WiVRn] [info] nxwarp[0]: 123 frames dropped late (queue kept to 1)
09-08 11:47:14.128 24550  1099 I WiVRn   : [2026-09-08 11:47:14.128] [WiVRn] [info] nxwarp[0]: 1 of 177 frames measured a stall not attributable to decoding (worst wall 54.9 ms); clipped out of the reported decode cost and out of the stride
09-08 11:47:15.021 24550   786 I WiVRn   : [2026-09-08 11:47:15.021] [WiVRn] [info] render: 172 iterations in 2.0 s (85.8/s), 171 submitted a layer, 167 new-source, 0 skipped by the repeat gate, 1 with nothing to show; display period 11.6 ms
09-08 11:47:15.021 24550   786 I WiVRn   : [2026-09-08 11:47:15.021] [WiVRn] [info] render: selected source transitions forward 167 backward 0 repeat 4, greatest forward gap 150
09-08 11:47:15.021 24550   786 I WiVRn   : [2026-09-08 11:47:15.021] [WiVRn] [info] render: this app's own GPU pass 5.8 ms per iteration
09-08 11:47:15.021 24550   786 I WiVRn   : [2026-09-08 11:47:15.021] [WiVRn] [info] render: defoveate 2160x2160 per eye x2 = 9.33 Mpx/frame at scale 1.00 atlas-prototype 0; 4 re-presented from the cache (reduce_gpu_load on)
09-08 11:47:15.021 24550   786 I WiVRn   : [2026-09-08 11:47:15.021] [WiVRn] [info] render: shader path sharpness 0.00 fsr false alpha false motion false blend false glow 0.28 vignette 0.00 deband 1.00 lowpoly 0.00 levels 0 full-kernel false
09-08 11:47:15.021 24550   786 I WiVRn   : [2026-09-08 11:47:15.021] [WiVRn] [info] render: per iteration fence 0.3 (worst 42.9) | queries 0.0 | submit 0.0 | whole render() 0.8 ms
09-08 11:47:15.021 24550   786 I WiVRn   : [2026-09-08 11:47:15.021] [WiVRn] [info] render: jit on | wake slack 38.0 ms | slept 0.5 ms mean (max 0.6, 154 of 172 iterations) | budget 24.0 = pass 23.0 + margin 1.0 | sleep cap 0.6 ms
09-08 11:47:15.021 24550   786 I WiVRn   : [2026-09-08 11:47:15.021] [WiVRn] [info] render: source display-time offset 33.7 ms mean (worst 116.8) over 171 frames | submit lead 36.7 ms mean (worst -7.0) | misses: 0 overrun 0 late 0 skipped refresh
09-08 11:47:16.128 24550  1099 I WiVRn   : [2026-09-08 11:47:16.128] [WiVRn] [info] nxwarp[0]: 180 frames in 2.0 s: 2010 B/frame, wait-prev 0.0 ms, wall 3.9 ms, nxvc passA 0.7 passB 0.9 gpu 1.7 ms; holes 2, refused 0
09-08 11:47:16.128 24550  1099 I WiVRn   : [2026-09-08 11:47:16.128] [WiVRn] [info] nxwarp[0]: 123 frames dropped late (queue kept to 1)
09-08 11:47:17.021 24550   786 I WiVRn   : [2026-09-08 11:47:17.021] [WiVRn] [info] render: 179 iterations in 2.0 s (89.5/s), 179 submitted a layer, 177 new-source, 0 skipped by the repeat gate, 0 with nothing to show; display period 11.2 ms
09-08 11:47:17.022 24550   786 I WiVRn   : [2026-09-08 11:47:17.022] [WiVRn] [info] render: selected source transitions forward 177 backward 0 repeat 2, greatest forward gap 2
09-08 11:47:17.022 24550   786 I WiVRn   : [2026-09-08 11:47:17.022] [WiVRn] [info] render: this app's own GPU pass 5.9 ms per iteration
09-08 11:47:17.022 24550   786 I WiVRn   : [2026-09-08 11:47:17.022] [WiVRn] [info] render: defoveate 2160x2160 per eye x2 = 9.33 Mpx/frame at scale 1.00 atlas-prototype 0; 2 re-presented from the cache (reduce_gpu_load on)
09-08 11:47:17.022 24550   786 I WiVRn   : [2026-09-08 11:47:17.022] [WiVRn] [info] render: shader path sharpness 0.00 fsr false alpha false motion false blend false glow 0.28 vignette 0.00 deband 1.00 lowpoly 0.00 levels 0 full-kernel false
09-08 11:47:17.022 24550   786 I WiVRn   : [2026-09-08 11:47:17.022] [WiVRn] [info] render: per iteration fence 0.0 (worst 5.0) | queries 0.0 | submit 0.0 | whole render() 0.5 ms
09-08 11:47:17.022 24550   786 I WiVRn   : [2026-09-08 11:47:17.022] [WiVRn] [info] render: jit on | wake slack 35.2 ms | slept 0.8 ms mean (max 11.7, 179 of 179 iterations) | budget 21.5 = pass 20.5 + margin 1.0 | sleep cap 0.6 ms
09-08 11:47:17.022 24550   786 I WiVRn   : [2026-09-08 11:47:17.022] [WiVRn] [info] render: source display-time offset 31.1 ms mean (worst 42.4) over 179 frames | submit lead 33.9 ms mean (worst 22.0) | misses: 0 overrun 0 late 1 skipped refresh
09-08 11:47:18.129 24550  1099 I WiVRn   : [2026-09-08 11:47:18.129] [WiVRn] [info] nxwarp[0]: 180 frames in 2.0 s: 1983 B/frame, wait-prev 0.0 ms, wall 4.4 ms, nxvc passA 0.9 passB 0.9 gpu 1.8 ms; holes 2, refused 0
09-08 11:47:18.129 24550  1099 I WiVRn   : [2026-09-08 11:47:18.129] [WiVRn] [info] nxwarp[0]: 123 frames dropped late (queue kept to 1)
09-08 11:47:19.024 24550   786 I WiVRn   : [2026-09-08 11:47:19.024] [WiVRn] [info] render: 175 iterations in 2.0 s (87.4/s), 175 submitted a layer, 158 new-source, 0 skipped by the repeat gate, 0 with nothing to show; display period 11.4 ms
09-08 11:47:19.024 24550   786 I WiVRn   : [2026-09-08 11:47:19.024] [WiVRn] [info] render: selected source transitions forward 158 backward 0 repeat 17, greatest forward gap 2
09-08 11:47:19.024 24550   786 I WiVRn   : [2026-09-08 11:47:19.024] [WiVRn] [info] render: this app's own GPU pass 5.4 ms per iteration
09-08 11:47:19.024 24550   786 I WiVRn   : [2026-09-08 11:47:19.024] [WiVRn] [info] render: defoveate 2160x2160 per eye x2 = 9.33 Mpx/frame at scale 1.00 atlas-prototype 0; 17 re-presented from the cache (reduce_gpu_load on)
09-08 11:47:19.024 24550   786 I WiVRn   : [2026-09-08 11:47:19.024] [WiVRn] [info] render: shader path sharpness 0.00 fsr false alpha false motion false blend false glow 0.28 vignette 0.00 deband 1.00 lowpoly 0.00 levels 0 full-kernel false
09-08 11:47:19.024 24550   786 I WiVRn   : [2026-09-08 11:47:19.024] [WiVRn] [info] render: per iteration fence 0.2 (worst 22.0) | queries 0.0 | submit 0.0 | whole render() 0.7 ms
09-08 11:47:19.024 24550   786 I WiVRn   : [2026-09-08 11:47:19.024] [WiVRn] [info] render: jit on | wake slack 35.4 ms | slept 0.8 ms mean (max 11.7, 175 of 175 iterations) | budget 23.0 = pass 22.0 + margin 1.0 | sleep cap 0.6 ms
09-08 11:47:19.024 24550   786 I WiVRn   : [2026-09-08 11:47:19.024] [WiVRn] [info] render: source display-time offset 43.7 ms mean (worst 253.7) over 175 frames | submit lead 33.9 ms mean (worst 14.0) | misses: 0 overrun 0 late 1 skipped refresh
09-08 11:47:21.028 24550   786 I WiVRn   : [2026-09-08 11:47:21.028] [WiVRn] [info] render: 180 iterations in 2.0 s (89.9/s), 180 submitted a layer, 0 new-source, 0 skipped by the repeat gate, 0 with nothing to show; display period 11.1 ms
09-08 11:47:21.028 24550   786 I WiVRn   : [2026-09-08 11:47:21.028] [WiVRn] [info] render: selected source transitions forward 0 backward 0 repeat 180, greatest forward gap 0
09-08 11:47:21.028 24550   786 I WiVRn   : [2026-09-08 11:47:21.028] [WiVRn] [info] render: this app's own GPU pass 0.9 ms per iteration
09-08 11:47:21.028 24550   786 I WiVRn   : [2026-09-08 11:47:21.028] [WiVRn] [info] render: defoveate 2160x2160 per eye x2 = 9.33 Mpx/frame at scale 1.00 atlas-prototype 0; 153 re-presented from the cache (reduce_gpu_load on)
09-08 11:47:21.028 24550   786 I WiVRn   : [2026-09-08 11:47:21.028] [WiVRn] [info] render: shader path sharpness 0.00 fsr false alpha false motion false blend false glow 0.28 vignette 0.80 deband 1.00 lowpoly 0.00 levels 0 full-kernel false
09-08 11:47:21.028 24550   786 I WiVRn   : [2026-09-08 11:47:21.028] [WiVRn] [info] render: per iteration fence 0.0 (worst 0.0) | queries 0.0 | submit 0.0 | whole render() 0.6 ms
09-08 11:47:21.028 24550   786 I WiVRn   : [2026-09-08 11:47:21.028] [WiVRn] [info] render: jit on | wake slack 29.9 ms | slept 0.6 ms mean (max 0.6, 180 of 180 iterations) | budget 21.2 = pass 20.2 + margin 1.0 | sleep cap 0.6 ms
09-08 11:47:21.028 24550   786 I WiVRn   : [2026-09-08 11:47:21.028] [WiVRn] [info] render: source display-time offset 1259.3 ms mean (worst 2253.7) over 180 frames | submit lead 28.7 ms mean (worst 27.2) | misses: 0 overrun 0 late 0 skipped refresh
09-08 11:47:23.030 24550   786 I WiVRn   : [2026-09-08 11:47:23.030] [WiVRn] [info] render: 179 iterations in 2.0 s (89.4/s), 179 submitted a layer, 0 new-source, 0 skipped by the repeat gate, 0 with nothing to show; display period 11.2 ms
09-08 11:47:23.030 24550   786 I WiVRn   : [2026-09-08 11:47:23.030] [WiVRn] [info] render: selected source transitions forward 0 backward 0 repeat 179, greatest forward gap 0
09-08 11:47:23.030 24550   786 I WiVRn   : [2026-09-08 11:47:23.030] [WiVRn] [info] render: this app's own GPU pass 0.0 ms per iteration
09-08 11:47:23.030 24550   786 I WiVRn   : [2026-09-08 11:47:23.030] [WiVRn] [info] render: defoveate 2160x2160 per eye x2 = 9.33 Mpx/frame at scale 1.00 atlas-prototype 0; 179 re-presented from the cache (reduce_gpu_load on)
09-08 11:47:23.030 24550   786 I WiVRn   : [2026-09-08 11:47:23.030] [WiVRn] [info] render: shader path sharpness 0.00 fsr false alpha false motion false blend false glow 0.28 vignette 0.80 deband 1.00 lowpoly 0.00 levels 0 full-kernel false
09-08 11:47:23.030 24550   786 I WiVRn   : [2026-09-08 11:47:23.030] [WiVRn] [info] render: per iteration fence 0.0 (worst 0.0) | queries 0.0 | submit 0.0 | whole render() 0.6 ms
09-08 11:47:23.030 24550   786 I WiVRn   : [2026-09-08 11:47:23.030] [WiVRn] [info] render: jit on | wake slack 28.1 ms | slept 1.7 ms mean (max 11.7, 179 of 179 iterations) | budget 19.5 = pass 18.5 + margin 1.0 | sleep cap 0.6 ms
09-08 11:47:23.030 24550   786 I WiVRn   : [2026-09-08 11:47:23.030] [WiVRn] [info] render: source display-time offset 3260.5 ms mean (worst 4253.8) over 179 frames | submit lead 25.8 ms mean (worst 19.7) | misses: 0 overrun 0 late 1 skipped refresh
