09-07 18:51:49.095  6562 13222 I WiVRn   : [2026-09-07 18:51:49.095] [WiVRn] [info] Session state changed at timestamp 0: XR_SESSION_STATE_FOCUSED => XR_SESSION_STATE_VISIBLE
09-07 18:51:49.095  6562 13222 I WiVRn   : [2026-09-07 18:51:49.095] [WiVRn] [info] Session state changed at timestamp 0: XR_SESSION_STATE_VISIBLE => XR_SESSION_STATE_SYNCHRONIZED
09-07 18:51:49.095  6562 13222 I WiVRn   : [2026-09-07 18:51:49.095] [WiVRn] [info] Session state changed at timestamp 0: XR_SESSION_STATE_SYNCHRONIZED => XR_SESSION_STATE_STOPPING
09-07 18:51:49.097  6562 13222 I WiVRn   : [2026-09-07 18:51:49.097] [WiVRn] [info] Session state changed at timestamp 0: XR_SESSION_STATE_STOPPING => XR_SESSION_STATE_IDLE
09-07 18:51:49.473  6562 13226 I WiVRn   : [2026-09-07 18:51:49.473] [WiVRn] [info] Sending query for _wivrn._tcp.local., type PTR
09-07 18:51:49.947  6562  6562 I WiVRn   : [2026-09-07 18:51:49.947] [WiVRn] [info] Received intent wivrn://192.168.1.2
09-07 18:51:51.691  6562 13222 I WiVRn   : [2026-09-07 18:51:51.691] [WiVRn] [info] Session state changed at timestamp 0: XR_SESSION_STATE_IDLE => XR_SESSION_STATE_READY
09-07 18:51:51.693  6562 13222 I WiVRn   : [2026-09-07 18:51:51.693] [WiVRn] [info] Received event type Unknown
09-07 18:51:51.693  6562 13222 I WiVRn   : [2026-09-07 18:51:51.693] [WiVRn] [info] Received event type XR_TYPE_EVENT_DATA_USER_PRESENCE_CHANGED_EXT
09-07 18:51:51.699  6562 13222 I WiVRn   : [2026-09-07 18:51:51.699] [WiVRn] [info] Session state changed at timestamp 0: XR_SESSION_STATE_READY => XR_SESSION_STATE_SYNCHRONIZED
09-07 18:51:51.699  6562 13222 I WiVRn   : [2026-09-07 18:51:51.699] [WiVRn] [info] Session state changed at timestamp 0: XR_SESSION_STATE_SYNCHRONIZED => XR_SESSION_STATE_VISIBLE
09-07 18:51:51.699  6562 13222 I WiVRn   : [2026-09-07 18:51:51.699] [WiVRn] [info] Session state changed at timestamp 0: XR_SESSION_STATE_VISIBLE => XR_SESSION_STATE_FOCUSED
09-07 18:51:51.706  6562 13374 I WiVRn   : [2026-09-07 18:51:51.706] [WiVRn] [info] Using pin "000000"
09-07 18:51:51.713  6562 13374 I WiVRn   : [2026-09-07 18:51:51.713] [WiVRn] [info] Wi-Fi QoS marks enabled (uplink EF / AC_VO)
09-07 18:51:51.732  6562 13222 I WiVRn   : [2026-09-07 18:51:51.732] [WiVRn] [info] Supported swapchain formats:
09-07 18:51:51.732  6562 13222 I WiVRn   : [2026-09-07 18:51:51.732] [WiVRn] [info]     R8G8B8A8Srgb
09-07 18:51:51.732  6562 13222 I WiVRn   : [2026-09-07 18:51:51.732] [WiVRn] [info]     R8Unorm
09-07 18:51:51.732  6562 13222 I WiVRn   : [2026-09-07 18:51:51.732] [WiVRn] [info]     R8G8Unorm
09-07 18:51:51.732  6562 13222 I WiVRn   : [2026-09-07 18:51:51.732] [WiVRn] [info]     R8G8B8A8Unorm
09-07 18:51:51.732  6562 13222 I WiVRn   : [2026-09-07 18:51:51.732] [WiVRn] [info]     R5G6B5UnormPack16
09-07 18:51:51.732  6562 13222 I WiVRn   : [2026-09-07 18:51:51.732] [WiVRn] [info]     A2B10G10R10UnormPack32
09-07 18:51:51.732  6562 13222 I WiVRn   : [2026-09-07 18:51:51.732] [WiVRn] [info]     R16Unorm
09-07 18:51:51.732  6562 13222 I WiVRn   : [2026-09-07 18:51:51.732] [WiVRn] [info]     R16G16Unorm
09-07 18:51:51.732  6562 13222 I WiVRn   : [2026-09-07 18:51:51.732] [WiVRn] [info]     R16G16B16A16Unorm
09-07 18:51:51.732  6562 13222 I WiVRn   : [2026-09-07 18:51:51.732] [WiVRn] [info]     R16Uint
09-07 18:51:51.732  6562 13222 I WiVRn   : [2026-09-07 18:51:51.732] [WiVRn] [info]     R16G16Uint
09-07 18:51:51.732  6562 13222 I WiVRn   : [2026-09-07 18:51:51.732] [WiVRn] [info]     R16G16B16A16Uint
09-07 18:51:51.732  6562 13222 I WiVRn   : [2026-09-07 18:51:51.732] [WiVRn] [info]     R16Sint
09-07 18:51:51.732  6562 13222 I WiVRn   : [2026-09-07 18:51:51.732] [WiVRn] [info]     R16G16Sint
09-07 18:51:51.732  6562 13222 I WiVRn   : [2026-09-07 18:51:51.732] [WiVRn] [info]     R16G16B16A16Sint
09-07 18:51:51.732  6562 13222 I WiVRn   : [2026-09-07 18:51:51.732] [WiVRn] [info]     R16Sfloat
09-07 18:51:51.732  6562 13222 I WiVRn   : [2026-09-07 18:51:51.732] [WiVRn] [info]     R16G16Sfloat
09-07 18:51:51.732  6562 13222 I WiVRn   : [2026-09-07 18:51:51.732] [WiVRn] [info]     R16G16B16A16Sfloat
09-07 18:51:51.732  6562 13222 I WiVRn   : [2026-09-07 18:51:51.732] [WiVRn] [info]     A1R5G5B5UnormPack16
09-07 18:51:51.732  6562 13222 I WiVRn   : [2026-09-07 18:51:51.732] [WiVRn] [info]     Etc2R8G8B8UnormBlock
09-07 18:51:51.732  6562 13222 I WiVRn   : [2026-09-07 18:51:51.732] [WiVRn] [info]     Etc2R8G8B8A1UnormBlock
09-07 18:51:51.732  6562 13222 I WiVRn   : [2026-09-07 18:51:51.732] [WiVRn] [info]     Etc2R8G8B8A8UnormBlock
09-07 18:51:51.732  6562 13222 I WiVRn   : [2026-09-07 18:51:51.732] [WiVRn] [info]     Etc2R8G8B8SrgbBlock
09-07 18:51:51.732  6562 13222 I WiVRn   : [2026-09-07 18:51:51.732] [WiVRn] [info]     Etc2R8G8B8A1SrgbBlock
09-07 18:51:51.732  6562 13222 I WiVRn   : [2026-09-07 18:51:51.732] [WiVRn] [info]     Etc2R8G8B8A8SrgbBlock
09-07 18:51:51.732  6562 13222 I WiVRn   : [2026-09-07 18:51:51.732] [WiVRn] [info]     EacR11UnormBlock
09-07 18:51:51.732  6562 13222 I WiVRn   : [2026-09-07 18:51:51.732] [WiVRn] [info]     EacR11G11UnormBlock
09-07 18:51:51.732  6562 13222 I WiVRn   : [2026-09-07 18:51:51.732] [WiVRn] [info]     EacR11SnormBlock
09-07 18:51:51.732  6562 13222 I WiVRn   : [2026-09-07 18:51:51.732] [WiVRn] [info]     EacR11G11SnormBlock
09-07 18:51:51.732  6562 13222 I WiVRn   : [2026-09-07 18:51:51.732] [WiVRn] [info]     Astc4x4UnormBlock
09-07 18:51:51.732  6562 13222 I WiVRn   : [2026-09-07 18:51:51.732] [WiVRn] [info]     Astc5x4UnormBlock
09-07 18:51:51.732  6562 13222 I WiVRn   : [2026-09-07 18:51:51.732] [WiVRn] [info]     Astc5x5UnormBlock
09-07 18:51:51.732  6562 13222 I WiVRn   : [2026-09-07 18:51:51.732] [WiVRn] [info]     Astc6x5UnormBlock
09-07 18:51:51.732  6562 13222 I WiVRn   : [2026-09-07 18:51:51.732] [WiVRn] [info]     Astc6x6UnormBlock
09-07 18:51:51.732  6562 13222 I WiVRn   : [2026-09-07 18:51:51.732] [WiVRn] [info]     Astc8x5UnormBlock
09-07 18:51:51.732  6562 13222 I WiVRn   : [2026-09-07 18:51:51.732] [WiVRn] [info]     Astc8x6UnormBlock
09-07 18:51:51.732  6562 13222 I WiVRn   : [2026-09-07 18:51:51.732] [WiVRn] [info]     Astc8x8UnormBlock
09-07 18:51:51.732  6562 13222 I WiVRn   : [2026-09-07 18:51:51.732] [WiVRn] [info]     Astc10x5UnormBlock
09-07 18:51:51.732  6562 13222 I WiVRn   : [2026-09-07 18:51:51.732] [WiVRn] [info]     Astc10x6UnormBlock
09-07 18:51:51.732  6562 13222 I WiVRn   : [2026-09-07 18:51:51.732] [WiVRn] [info]     Astc10x8UnormBlock
09-07 18:51:51.732  6562 13222 I WiVRn   : [2026-09-07 18:51:51.732] [WiVRn] [info]     Astc10x10UnormBlock
09-07 18:51:51.732  6562 13222 I WiVRn   : [2026-09-07 18:51:51.732] [WiVRn] [info]     Astc12x10UnormBlock
09-07 18:51:51.732  6562 13222 I WiVRn   : [2026-09-07 18:51:51.732] [WiVRn] [info]     Astc12x12UnormBlock
09-07 18:51:51.732  6562 13222 I WiVRn   : [2026-09-07 18:51:51.732] [WiVRn] [info]     Astc4x4SrgbBlock
09-07 18:51:51.732  6562 13222 I WiVRn   : [2026-09-07 18:51:51.732] [WiVRn] [info]     Astc5x4SrgbBlock
09-07 18:51:51.732  6562 13222 I WiVRn   : [2026-09-07 18:51:51.732] [WiVRn] [info]     Astc5x5SrgbBlock
09-07 18:51:51.732  6562 13222 I WiVRn   : [2026-09-07 18:51:51.732] [WiVRn] [info]     Astc6x5SrgbBlock
09-07 18:51:51.732  6562 13222 I WiVRn   : [2026-09-07 18:51:51.732] [WiVRn] [info]     Astc6x6SrgbBlock
09-07 18:51:51.732  6562 13222 I WiVRn   : [2026-09-07 18:51:51.732] [WiVRn] [info]     Astc8x5SrgbBlock
09-07 18:51:51.732  6562 13222 I WiVRn   : [2026-09-07 18:51:51.732] [WiVRn] [info]     Astc8x6SrgbBlock
09-07 18:51:51.732  6562 13222 I WiVRn   : [2026-09-07 18:51:51.732] [WiVRn] [info]     Astc8x8SrgbBlock
09-07 18:51:51.732  6562 13222 I WiVRn   : [2026-09-07 18:51:51.732] [WiVRn] [info]     Astc10x5SrgbBlock
09-07 18:51:51.732  6562 13222 I WiVRn   : [2026-09-07 18:51:51.732] [WiVRn] [info]     Astc10x6SrgbBlock
09-07 18:51:51.732  6562 13222 I WiVRn   : [2026-09-07 18:51:51.732] [WiVRn] [info]     Astc10x8SrgbBlock
09-07 18:51:51.732  6562 13222 I WiVRn   : [2026-09-07 18:51:51.732] [WiVRn] [info]     Astc10x10SrgbBlock
09-07 18:51:51.732  6562 13222 I WiVRn   : [2026-09-07 18:51:51.732] [WiVRn] [info]     Astc12x10SrgbBlock
09-07 18:51:51.732  6562 13222 I WiVRn   : [2026-09-07 18:51:51.732] [WiVRn] [info]     Astc12x12SrgbBlock
09-07 18:51:51.732  6562 13222 I WiVRn   : [2026-09-07 18:51:51.732] [WiVRn] [info]     D16Unorm
09-07 18:51:51.732  6562 13222 I WiVRn   : [2026-09-07 18:51:51.732] [WiVRn] [info]     X8D24UnormPack32
09-07 18:51:51.732  6562 13222 I WiVRn   : [2026-09-07 18:51:51.732] [WiVRn] [info]     D32Sfloat
09-07 18:51:51.732  6562 13222 I WiVRn   : [2026-09-07 18:51:51.732] [WiVRn] [info]     D24UnormS8Uint
09-07 18:51:51.732  6562 13222 I WiVRn   : [2026-09-07 18:51:51.732] [WiVRn] [info]     B8G8R8A8Unorm
09-07 18:51:51.732  6562 13222 I WiVRn   : [2026-09-07 18:51:51.732] [WiVRn] [info]     B8G8R8A8Srgb
09-07 18:51:51.734  6562 13222 I WiVRn   : [2026-09-07 18:51:51.734] [WiVRn] [info] Using panel size: 2160x2160
09-07 18:51:51.758  6562 13222 I WiVRn   : [2026-09-07 18:51:51.758] [WiVRn] [info] video codec av1: NOT supported
09-07 18:51:51.788  6562 13222 I WiVRn   : [2026-09-07 18:51:51.788] [WiVRn] [info] video codec h265: supported
09-07 18:51:51.821  6562 13222 I WiVRn   : [2026-09-07 18:51:51.821] [WiVRn] [info] video codec h264: supported
09-07 18:51:51.826  6562 13222 I WiVRn   : [2026-09-07 18:51:51.826] [WiVRn] [info] Using format R8G8B8A8Srgb
09-07 18:51:51.828  6562 13222 I WiVRn   : [2026-09-07 18:51:51.828] [WiVRn] [info] WifiLock low latency acquired
09-07 18:51:51.861  6562 13420 I WiVRn   : [2026-09-07 18:51:51.861] [WiVRn] [info] setup, refresh rate 90
09-07 18:51:51.861  6562 13420 I WiVRn   : [2026-09-07 18:51:51.861] [WiVRn] [info] set refresh rate to 90Hz
09-07 18:51:51.862  6562 13420 I WiVRn   : [2026-09-07 18:51:51.862] [WiVRn] [info] Creating decoders, size 1088x1088
09-07 18:51:51.862  6562 13420 I WiVRn   : [2026-09-07 18:51:51.862] [WiVRn] [info] edge bleed: server overscan 5.0%, client ring 0.0% (fade)
09-07 18:51:51.862  6562 13420 I WiVRn   : [2026-09-07 18:51:51.862] [WiVRn] [info]   stream 0: role 0, 1088x1088
09-07 18:51:51.862  6562 13420 I WiVRn   : [2026-09-07 18:51:51.862] [WiVRn] [info] nxwarp: decoupled display on
09-07 18:51:51.862  6562 13420 I WiVRn   : [2026-09-07 18:51:51.862] [WiVRn] [info] nxwarp: ycbcr chroma filter linear
09-07 18:51:51.862  6562 13420 I WiVRn   : [2026-09-07 18:51:51.862] [WiVRn] [info] nxwarp[0]: decoupled display -- frames are published complete and the reprojection pass waits on nothing
09-07 18:51:51.862  6562 13420 I WiVRn   : [2026-09-07 18:51:51.862] [WiVRn] [info]   stream 2: role 1, 1088x544
09-07 18:51:51.862  6562 13420 I WiVRn   : [2026-09-07 18:51:51.862] [WiVRn] [info] nxwarp: decoupled display on
09-07 18:51:51.862  6562 13420 I WiVRn   : [2026-09-07 18:51:51.862] [WiVRn] [info] nxwarp: ycbcr chroma filter linear
09-07 18:51:51.862  6562 13420 I WiVRn   : [2026-09-07 18:51:51.862] [WiVRn] [info] nxwarp[2]: decoupled display -- frames are published complete and the reprojection pass waits on nothing
09-07 18:51:51.862  6562 13426 I WiVRn   : [2026-09-07 18:51:51.862] [WiVRn] [info] Adding hand_interaction poses to device list
09-07 18:51:51.862  6562 13426 I WiVRn   : [2026-09-07 18:51:51.862] [WiVRn] [info] interaction profile for /user/hand/left: /interaction_profiles/ext/hand_interaction_ext
09-07 18:51:51.862  6562 13426 I WiVRn   : [2026-09-07 18:51:51.862] [WiVRn] [info] interaction profile for /user/hand/right: /interaction_profiles/ext/hand_interaction_ext
09-07 18:51:51.862  6562 13426 I WiVRn   : [2026-09-07 18:51:51.862] [WiVRn] [info] interaction profile for /user/gamepad: XR_NULL_PATH
09-07 18:51:51.862  6562 13426 W WiVRn   : [2026-09-07 18:51:51.862] [WiVRn] [warning] unknown interaction profile XR_NULL_PATH
09-07 18:51:51.866  6562 13426 I WiVRn   : [2026-09-07 18:51:51.866] [WiVRn] [info] Tracking pattern (5000µs):
09-07 18:51:51.866  6562 13426 I WiVRn   : [2026-09-07 18:51:51.866] [WiVRn] [info] 	t+5000µs HEAD (0µs)
09-07 18:51:51.877  6562 13222 I WiVRn   : [2026-09-07 18:51:51.877] [WiVRn] [info] Received event type Unknown
09-07 18:51:51.899  6562 13420 I WiVRn   : [2026-09-07 18:51:51.899] [WiVRn] [info] Speaker stream started
09-07 18:51:51.899  6562 13420 I WiVRn   : [2026-09-07 18:51:51.899] [WiVRn] [info] setup, refresh rate 90
09-07 18:51:51.899  6562 13420 I WiVRn   : [2026-09-07 18:51:51.899] [WiVRn] [info] set refresh rate to 90Hz
09-07 18:51:53.190  6562 13420 I WiVRn   : [2026-09-07 18:51:53.190] [WiVRn] [info] nxwarp[0]: 1088x1088 per eye, 2 eyes, on Adreno (TM) 650, 34 x 17 tiles, 1166 bytes per tile
09-07 18:51:53.196  6562 13426 I WiVRn   : [2026-09-07 18:51:53.196] [WiVRn] [info] Tracking pattern (5000µs):
09-07 18:51:53.196  6562 13426 I WiVRn   : [2026-09-07 18:51:53.196] [WiVRn] [info] 	t+3604µs LEFT_GRIP (1395µs)
09-07 18:51:53.196  6562 13426 I WiVRn   : [2026-09-07 18:51:53.196] [WiVRn] [info] 	t+9292µs HEAD (-9292µs)
09-07 18:51:53.864  6562 13420 I WiVRn   : [2026-09-07 18:51:53.864] [WiVRn] [info] nxwarp[0] net: 77 frames closed in 2.0 s, 0 with a hole, 0 out-of-order datagrams, 0 frames completed late, 1 queued for the worker, 0 decoded so far, 78 stragglers dropped; last hole 0/0 chunks, first missing -1, short false, chunk 1166 B
09-07 18:51:53.864  6562 13420 I WiVRn   : [2026-09-07 18:51:53.864] [WiVRn] [info] nxwarp[0] net: 0.037 ms per datagram over 6219 datagrams (114.62 ms of every second)
09-07 18:51:53.864  6562 13420 I WiVRn   : [2026-09-07 18:51:53.864] [WiVRn] [info] nxwarp[0] sel: stride 1, arrival 11.6 ms, dropped-late 74, withheld 0, decoded 0
09-07 18:51:53.864  6562 13420 I WiVRn   : [2026-09-07 18:51:53.864] [WiVRn] [info] nxwarp[0] rx: 6220 datagrams, placed 44506 (+44506), late 0 (+0), stale_frame 0, bad_range 0, bad_dir 0, bad_caps 0, bad_ver 0, auth_fail 0, replay 0, frozen 0, dup 0
09-07 18:51:53.865  6562 13426 I WiVRn   : [2026-09-07 18:51:53.865] [WiVRn] [info] Tracking pattern (5000µs):
09-07 18:51:53.865  6562 13426 I WiVRn   : [2026-09-07 18:51:53.865] [WiVRn] [info] 	t+1000µs HEAD (9000µs)
09-07 18:51:53.865  6562 13426 I WiVRn   : [2026-09-07 18:51:53.865] [WiVRn] [info] 	t+1090µs LEFT_GRIP (8909µs)
09-07 18:51:53.865  6562 13426 I WiVRn   : [2026-09-07 18:51:53.865] [WiVRn] [info] 	t+1133µs RIGHT_GRIP (8866µs)
09-07 18:51:53.865  6562 13426 I WiVRn   : [2026-09-07 18:51:53.865] [WiVRn] [info] 	t+2000µs HEAD (3000µs)
09-07 18:51:53.865  6562 13426 I WiVRn   : [2026-09-07 18:51:53.865] [WiVRn] [info] 	t+2090µs LEFT_GRIP (2909µs)
09-07 18:51:53.865  6562 13426 I WiVRn   : [2026-09-07 18:51:53.865] [WiVRn] [info] 	t+2133µs RIGHT_GRIP (2866µs)
09-07 18:51:53.865  6562 13426 I WiVRn   : [2026-09-07 18:51:53.865] [WiVRn] [info] 	t+4000µs HEAD (6000µs)
09-07 18:51:53.865  6562 13426 I WiVRn   : [2026-09-07 18:51:53.865] [WiVRn] [info] 	t+4090µs LEFT_GRIP (5909µs)
09-07 18:51:53.865  6562 13426 I WiVRn   : [2026-09-07 18:51:53.865] [WiVRn] [info] 	t+4133µs RIGHT_GRIP (5866µs)
09-07 18:51:53.865  6562 13426 I WiVRn   : [2026-09-07 18:51:53.865] [WiVRn] [info] 	t+5000µs HEAD (0µs)
09-07 18:51:54.092  6562 13422 I WiVRn   : [2026-09-07 18:51:54.092] [WiVRn] [info] Stream scene ready at t=69747460974434
09-07 18:51:54.092  6562 13422 I WiVRn   : [2026-09-07 18:51:54.092] [WiVRn] [info] nxwarp[0]: 1 frames in 2.2 s: 9118 B/frame, wait-prev 0.0 ms, wall 900.6 ms, nxvc passA 1.8 passB 10.7 gpu 12.5 ms; holes 0, refused 0
09-07 18:51:54.092  6562 13422 I WiVRn   : [2026-09-07 18:51:54.092] [WiVRn] [info] nxwarp[0] gpu duty 6 ms/s (1% of one GPU) for decode alone; the display pass is extra
09-07 18:51:54.092  6562 13422 I WiVRn   : [2026-09-07 18:51:54.092] [WiVRn] [info] nxwarp[0] passB 10.7 ms = warp 0.0 + skip 0.0 + coded 0.0 + dir 0.0 + other 10.7; tiles skip 0 / coded 578 / dir 0 (eye pass 0)
09-07 18:51:54.092  6562 13422 I WiVRn   : [2026-09-07 18:51:54.092] [WiVRn] [info] nxwarp[0]: 95 frames dropped late (queue kept to 1)
09-07 18:51:54.092  6562 13422 I WiVRn   : [2026-09-07 18:51:54.092] [WiVRn] [info] nxwarp[0] stage: gap 0.0 | wait-prev 0.0 | submit 887.6 (qlock 0.0 + codec 887.5) | get_free 0.0 | fence-pre 0.0 | record 0.1 | qsubmit 0.0 | fence-post 12.9 | publish 0.1 ms; withheld 0, stride 1, arrival 11.1 ms
09-07 18:51:54.092  6562 13422 I WiVRn   : [2026-09-07 18:51:54.092] [WiVRn] [info] nxwarp[0] reassembly (network thread): 0.09 ms/frame over 97 frames, buffer 63 kB held for 63 kB of unit (1.0x)
09-07 18:51:54.092  6562 13422 I WiVRn   : [2026-09-07 18:51:54.092] [WiVRn] [info] nxwarp[0] fence-post 12.9 ms = nxvc gpu 12.5 + copy gpu 0.33 + queue 0.1 (over 1 frames with timestamps)
09-07 18:51:54.098  6562 13222 I WiVRn   : [2026-09-07 18:51:54.098] [WiVRn] [info] MulticastLock released
09-07 18:51:54.143  6562 13222 I WiVRn   : [2026-09-07 18:51:54.143] [WiVRn] [info] Loaded input profile pico-4
09-07 18:51:54.143  6562 13222 I WiVRn   : [2026-09-07 18:51:54.143] [WiVRn] [info] Initializing offset of space aim_left to (-5, 0, 20) mm, (0, -0, 0)°
09-07 18:51:54.143  6562 13222 I WiVRn   : [2026-09-07 18:51:54.143] [WiVRn] [info] Initializing offset of space aim_right to (5, 0, 20) mm, (0, -0, 0)°
09-07 18:51:54.144  6562 13222 I WiVRn   : [2026-09-07 18:51:54.144] [WiVRn] [info] Initializing offset of space grip_left to (0, -20, -50) mm, (-30.000002, -0, 0)°
09-07 18:51:54.144  6562 13222 I WiVRn   : [2026-09-07 18:51:54.144] [WiVRn] [info] Initializing offset of space grip_right to (0, -20, -50) mm, (-30.000002, -0, 0)°
09-07 18:51:54.150  6562 13222 I WiVRn   : [2026-09-07 18:51:54.150] [WiVRn] [info] Font for de /system/fonts/PICOSans.ttf
09-07 18:51:54.151  6562 13222 I WiVRn   : [2026-09-07 18:51:54.151] [WiVRn] [info] Font for es /system/fonts/PICOSans.ttf
09-07 18:51:54.151  6562 13222 I WiVRn   : [2026-09-07 18:51:54.151] [WiVRn] [info] Font for fr /system/fonts/PICOSans.ttf
09-07 18:51:54.151  6562 13222 I WiVRn   : [2026-09-07 18:51:54.151] [WiVRn] [info] Font for fr /system/fonts/Roboto-Regular.ttf
09-07 18:51:54.151  6562 13222 I WiVRn   : [2026-09-07 18:51:54.151] [WiVRn] [info] Font for it /system/fonts/PICOSans.ttf
09-07 18:51:54.151  6562 13222 I WiVRn   : [2026-09-07 18:51:54.151] [WiVRn] [info] Font for ja /system/fonts/PICOSans.ttf
09-07 18:51:54.151  6562 13222 I WiVRn   : [2026-09-07 18:51:54.151] [WiVRn] [info] Font for ja /system/fonts/PICOSansVFJP.ttf
09-07 18:51:54.151  6562 13222 I WiVRn   : [2026-09-07 18:51:54.151] [WiVRn] [info] Font for ka /system/fonts/PICOSans.ttf
09-07 18:51:54.151  6562 13222 I WiVRn   : [2026-09-07 18:51:54.151] [WiVRn] [info] Font for ka /system/fonts/NotoSansGeorgian-Regular.otf
09-07 18:51:54.151  6562 13222 I WiVRn   : [2026-09-07 18:51:54.151] [WiVRn] [info] Font for ka /system/fonts/PICOSans.ttf
09-07 18:51:54.151  6562 13222 I WiVRn   : [2026-09-07 18:51:54.151] [WiVRn] [info] Font for pl /system/fonts/PICOSans.ttf
09-07 18:51:54.151  6562 13222 I WiVRn   : [2026-09-07 18:51:54.151] [WiVRn] [info] Font for pl /system/fonts/Roboto-Regular.ttf
09-07 18:51:54.151  6562 13222 I WiVRn   : [2026-09-07 18:51:54.151] [WiVRn] [info] Font for pl /system/fonts/PICOSans.ttf
09-07 18:51:54.151  6562 13222 I WiVRn   : [2026-09-07 18:51:54.151] [WiVRn] [info] Font for pl /system/fonts/PICOSansSC-Regular.ttf
09-07 18:51:54.151  6562 13222 I WiVRn   : [2026-09-07 18:51:54.151] [WiVRn] [info] Font for pl /system/fonts/Roboto-Regular.ttf
09-07 18:51:54.151  6562 13222 I WiVRn   : [2026-09-07 18:51:54.151] [WiVRn] [info] Font for pl /system/fonts/PICOSans.ttf
09-07 18:51:54.151  6562 13222 I WiVRn   : [2026-09-07 18:51:54.151] [WiVRn] [info] Font for pt_BR /system/fonts/PICOSans.ttf
09-07 18:51:54.151  6562 13222 I WiVRn   : [2026-09-07 18:51:54.151] [WiVRn] [info] Font for ru /system/fonts/PICOSans.ttf
09-07 18:51:54.151  6562 13222 I WiVRn   : [2026-09-07 18:51:54.151] [WiVRn] [info] Font for ru /system/fonts/PICOSansSC-Regular.ttf
09-07 18:51:54.151  6562 13222 I WiVRn   : [2026-09-07 18:51:54.151] [WiVRn] [info] Font for ru /system/fonts/PICOSans.ttf
09-07 18:51:54.151  6562 13222 I WiVRn   : [2026-09-07 18:51:54.151] [WiVRn] [info] Font for sk /system/fonts/PICOSans.ttf
09-07 18:51:54.151  6562 13222 I WiVRn   : [2026-09-07 18:51:54.151] [WiVRn] [info] Font for sk /system/fonts/Roboto-Regular.ttf
09-07 18:51:54.151  6562 13222 I WiVRn   : [2026-09-07 18:51:54.151] [WiVRn] [info] Font for sk /system/fonts/PICOSansSC-Regular.ttf
09-07 18:51:54.151  6562 13222 I WiVRn   : [2026-09-07 18:51:54.151] [WiVRn] [info] Font for sk /system/fonts/PICOSans.ttf
09-07 18:51:54.151  6562 13222 I WiVRn   : [2026-09-07 18:51:54.151] [WiVRn] [info] Font for sk /system/fonts/Roboto-Regular.ttf
09-07 18:51:54.151  6562 13222 I WiVRn   : [2026-09-07 18:51:54.151] [WiVRn] [info] Font for sk /system/fonts/PICOSans.ttf
09-07 18:51:54.151  6562 13222 I WiVRn   : [2026-09-07 18:51:54.151] [WiVRn] [info] Font for tr /system/fonts/PICOSans.ttf
09-07 18:51:54.151  6562 13222 I WiVRn   : [2026-09-07 18:51:54.151] [WiVRn] [info] Font for tr /system/fonts/Roboto-Regular.ttf
09-07 18:51:54.151  6562 13222 I WiVRn   : [2026-09-07 18:51:54.151] [WiVRn] [info] Font for tr /system/fonts/PICOSans.ttf
09-07 18:51:54.151  6562 13222 I WiVRn   : [2026-09-07 18:51:54.151] [WiVRn] [info] Font for tr /system/fonts/Roboto-Regular.ttf
09-07 18:51:54.151  6562 13222 I WiVRn   : [2026-09-07 18:51:54.151] [WiVRn] [info] Font for tr /system/fonts/PICOSans.ttf
09-07 18:51:54.152  6562 13222 I WiVRn   : [2026-09-07 18:51:54.152] [WiVRn] [info] Font for zh_CN /system/fonts/PICOSans.ttf
09-07 18:51:54.152  6562 13222 I WiVRn   : [2026-09-07 18:51:54.152] [WiVRn] [info] Font for zh_CN /system/fonts/PICOSansSC-Regular.ttf
09-07 18:51:54.152  6562 13222 I WiVRn   : [2026-09-07 18:51:54.152] [WiVRn] [info] Font for zh_TW /system/fonts/PICOSans.ttf
09-07 18:51:54.152  6562 13222 I WiVRn   : [2026-09-07 18:51:54.152] [WiVRn] [info] Font for zh_TW /system/fonts/PICOSansSC-Regular.ttf
09-07 18:51:54.156  6562 13222 I WiVRn   : [2026-09-07 18:51:54.156] [WiVRn] [info] Using font /system/fonts/PICOSans.ttf
09-07 18:51:54.156  6562 13222 I WiVRn   : [2026-09-07 18:51:54.156] [WiVRn] [info] Using font /system/fonts/Roboto-Regular.ttf
09-07 18:51:54.157  6562 13222 I WiVRn   : [2026-09-07 18:51:54.157] [WiVRn] [info] Using font /system/fonts/PICOSansVFJP.ttf
09-07 18:51:54.175  6562 13222 I WiVRn   : [2026-09-07 18:51:54.175] [WiVRn] [info] Using font /system/fonts/NotoSansGeorgian-Regular.otf
09-07 18:51:54.175  6562 13222 I WiVRn   : [2026-09-07 18:51:54.175] [WiVRn] [info] Using font /system/fonts/PICOSansSC-Regular.ttf
09-07 18:51:54.185  6562 13222 I WiVRn   : [2026-09-07 18:51:54.185] [WiVRn] [info] Performance level: CPU domain asked for sustained_high
09-07 18:51:54.185  6562 13222 I WiVRn   : [2026-09-07 18:51:54.185] [WiVRn] [info] nxwarp: GPU performance level setting 2
09-07 18:51:54.185  6562 13222 I WiVRn   : [2026-09-07 18:51:54.185] [WiVRn] [info] Performance level: GPU domain asked for boost
09-07 18:51:54.190  6562 13222 I WiVRn   : [2026-09-07 18:51:54.190] [WiVRn] [info] swapchain setup, refresh rate 90
09-07 18:51:54.190  6562 13222 I WiVRn   : [2026-09-07 18:51:54.190] [WiVRn] [info] set refresh rate to 90Hz
09-07 18:51:54.192  6562 13222 I WiVRn   : [2026-09-07 18:51:54.192] [WiVRn] [info] Created stream swapchain: 1088x1088
09-07 18:51:54.193  6562 13222 I WiVRn   : [2026-09-07 18:51:54.193] [WiVRn] [info] Initializing reprojector
09-07 18:51:54.198  6562 13222 I WiVRn   : [2026-09-07 18:51:54.198] [WiVRn] [info] geometry[eye 0]: view_info fov L-53.34 R53.34 U53.34 D-53.34 | layer fov L-53.34 R53.34 U53.34 D-53.34 deg | layer rect 1088x1088 | defoveated 1088x1088 | scale 0.50
09-07 18:51:54.198  6562 13222 I WiVRn   : [2026-09-07 18:51:54.198] [WiVRn] [info] geometry[eye 1]: view_info fov L-53.34 R53.34 U53.34 D-53.34 | layer fov L-53.34 R53.34 U53.34 D-53.34 deg | layer rect 1088x1088 | defoveated 1088x1088 | scale 0.50
09-07 18:51:54.204  6562 13222 I WiVRn   : [2026-09-07 18:51:54.204] [WiVRn] [info] render: 1 iterations in 16.3 s (0.1/s), 1 submitted a layer, 1 new-source, 0 skipped by the repeat gate, 0 with nothing to show; display period 11.1 ms
09-07 18:51:54.204  6562 13222 I WiVRn   : [2026-09-07 18:51:54.204] [WiVRn] [info] render: this app's own GPU pass 0.0 ms per iteration
09-07 18:51:54.204  6562 13222 I WiVRn   : [2026-09-07 18:51:54.204] [WiVRn] [info] render: defoveate 1088x1088 per eye x2 = 2.37 Mpx/frame at scale 0.50 atlas-mode 0; 0 re-presented from the cache (reduce_gpu_load on)
09-07 18:51:54.204  6562 13222 I WiVRn   : [2026-09-07 18:51:54.204] [WiVRn] [info] render: shader path sharpness 0.00 fsr false alpha false motion false blend false glow 0.28 vignette 0.00 deband 1.00 lowpoly 0.00 levels 0 full-kernel false
09-07 18:51:54.204  6562 13222 I WiVRn   : [2026-09-07 18:51:54.204] [WiVRn] [info] render: per iteration fence 0.0 (worst 0.0) | queries 0.0 | submit 0.0 | whole render() 14.5 ms
09-07 18:51:54.204  6562 13222 I WiVRn   : [2026-09-07 18:51:54.204] [WiVRn] [info] render: jit on | wake slack 36.8 ms | slept 0.0 ms mean (max 0.0, 0 of 1 iterations) | budget 1.0 = pass 0.0 + margin 1.0 | sleep cap 45.0 ms
09-07 18:51:54.204  6562 13222 I WiVRn   : [2026-09-07 18:51:54.204] [WiVRn] [info] render: displayed pose age 136.1 ms mean (worst 136.1) over 1 frames | submit lead 0.0 ms mean (worst 0.0) | misses: 0 overrun 0 late 0 skipped refresh
09-07 18:51:54.204  6562 13222 I WiVRn   : [2026-09-07 18:51:54.204] [WiVRn] [info] Received event type XR_TYPE_EVENT_DATA_INTERACTION_PROFILE_CHANGED
09-07 18:51:54.204  6562 13222 I WiVRn   : [2026-09-07 18:51:54.204] [WiVRn] [info] interaction profile for /user/hand/left: /interaction_profiles/ext/hand_interaction_ext
09-07 18:51:54.204  6562 13222 I WiVRn   : [2026-09-07 18:51:54.204] [WiVRn] [info] interaction profile for /user/hand/right: /interaction_profiles/ext/hand_interaction_ext
09-07 18:51:54.204  6562 13222 I WiVRn   : [2026-09-07 18:51:54.204] [WiVRn] [info] interaction profile for /user/gamepad: XR_NULL_PATH
09-07 18:51:54.204  6562 13222 W WiVRn   : [2026-09-07 18:51:54.204] [WiVRn] [warning] unknown interaction profile XR_NULL_PATH
09-07 18:51:54.204  6562 13222 I WiVRn   : [2026-09-07 18:51:54.204] [WiVRn] [info] Received event type XR_TYPE_EVENT_DATA_INTERACTION_PROFILE_CHANGED
09-07 18:51:54.204  6562 13222 I WiVRn   : [2026-09-07 18:51:54.204] [WiVRn] [info] interaction profile for /user/hand/left: /interaction_profiles/ext/hand_interaction_ext
09-07 18:51:54.204  6562 13222 I WiVRn   : [2026-09-07 18:51:54.204] [WiVRn] [info] interaction profile for /user/hand/right: /interaction_profiles/ext/hand_interaction_ext
09-07 18:51:54.204  6562 13222 I WiVRn   : [2026-09-07 18:51:54.204] [WiVRn] [info] interaction profile for /user/gamepad: XR_NULL_PATH
09-07 18:51:54.204  6562 13222 W WiVRn   : [2026-09-07 18:51:54.204] [WiVRn] [warning] unknown interaction profile XR_NULL_PATH
09-07 18:51:54.204  6562 13222 I WiVRn   : [2026-09-07 18:51:54.204] [WiVRn] [info] Received event type XR_TYPE_EVENT_DATA_INTERACTION_PROFILE_CHANGED
09-07 18:51:54.204  6562 13222 I WiVRn   : [2026-09-07 18:51:54.204] [WiVRn] [info] interaction profile for /user/hand/left: /interaction_profiles/ext/hand_interaction_ext
09-07 18:51:54.204  6562 13222 I WiVRn   : [2026-09-07 18:51:54.204] [WiVRn] [info] interaction profile for /user/hand/right: /interaction_profiles/ext/hand_interaction_ext
09-07 18:51:54.204  6562 13222 I WiVRn   : [2026-09-07 18:51:54.204] [WiVRn] [info] interaction profile for /user/gamepad: XR_NULL_PATH
09-07 18:51:54.204  6562 13222 W WiVRn   : [2026-09-07 18:51:54.204] [WiVRn] [warning] unknown interaction profile XR_NULL_PATH
09-07 18:51:54.212  6562 13222 I WiVRn   : [2026-09-07 18:51:54.212] [WiVRn] [info] Received event type Unknown
09-07 18:51:54.871  6562 13426 I WiVRn   : [2026-09-07 18:51:54.871] [WiVRn] [info] Tracking pattern (11110µs):
09-07 18:51:54.871  6562 13426 I WiVRn   : [2026-09-07 18:51:54.871] [WiVRn] [info] 	t+3657µs HEAD (7452µs)
09-07 18:51:54.871  6562 13426 I WiVRn   : [2026-09-07 18:51:54.871] [WiVRn] [info] 	t+3715µs LEFT_GRIP (7395µs)
09-07 18:51:54.871  6562 13426 I WiVRn   : [2026-09-07 18:51:54.871] [WiVRn] [info] 	t+3725µs RIGHT_GRIP (7385µs)
09-07 18:51:54.871  6562 13426 I WiVRn   : [2026-09-07 18:51:54.871] [WiVRn] [info] 	t+6657µs HEAD (4452µs)
09-07 18:51:54.871  6562 13426 I WiVRn   : [2026-09-07 18:51:54.871] [WiVRn] [info] 	t+6715µs LEFT_GRIP (4395µs)
09-07 18:51:54.871  6562 13426 I WiVRn   : [2026-09-07 18:51:54.871] [WiVRn] [info] 	t+6725µs RIGHT_GRIP (4385µs)
09-07 18:51:55.871  6562 13426 I WiVRn   : [2026-09-07 18:51:55.871] [WiVRn] [info] Tracking pattern (11109µs):
09-07 18:51:55.871  6562 13426 I WiVRn   : [2026-09-07 18:51:55.871] [WiVRn] [info] 	t+4667µs HEAD (6442µs)
09-07 18:51:55.871  6562 13426 I WiVRn   : [2026-09-07 18:51:55.871] [WiVRn] [info] 	t+4703µs LEFT_GRIP (6405µs)
09-07 18:51:55.871  6562 13426 I WiVRn   : [2026-09-07 18:51:55.871] [WiVRn] [info] 	t+4713µs RIGHT_GRIP (6396µs)
09-07 18:51:55.871  6562 13426 I WiVRn   : [2026-09-07 18:51:55.871] [WiVRn] [info] 	t+7667µs HEAD (3442µs)
09-07 18:51:55.871  6562 13426 I WiVRn   : [2026-09-07 18:51:55.871] [WiVRn] [info] 	t+7703µs LEFT_GRIP (3405µs)
09-07 18:51:55.871  6562 13426 I WiVRn   : [2026-09-07 18:51:55.871] [WiVRn] [info] 	t+7713µs RIGHT_GRIP (3396µs)
09-07 18:51:55.880  6562 13420 I WiVRn   : [2026-09-07 18:51:55.880] [WiVRn] [info] nxwarp[0] net: 78 frames closed in 2.0 s, 0 with a hole, 0 out-of-order datagrams, 0 frames completed late, 0 queued for the worker, 49 decoded so far, 155 stragglers dropped; last hole 0/0 chunks, first missing -1, short false, chunk 1166 B
09-07 18:51:55.880  6562 13420 I WiVRn   : [2026-09-07 18:51:55.880] [WiVRn] [info] nxwarp[0] net: 0.033 ms per datagram over 7920 datagrams (130.56 ms of every second)
09-07 18:51:55.880  6562 13420 I WiVRn   : [2026-09-07 18:51:55.880] [WiVRn] [info] nxwarp[0] sel: stride 1, arrival 21.8 ms, dropped-late 105, withheld 2, decoded 49
09-07 18:51:55.880  6562 13420 I WiVRn   : [2026-09-07 18:51:55.880] [WiVRn] [info] nxwarp[0] rx: 14140 datagrams, placed 75416 (+30910), late 904 (+904), stale_frame 0, bad_range 0, bad_dir 0, bad_caps 0, bad_ver 0, auth_fail 0, replay 0, frozen 0, dup 0
09-07 18:51:56.109  6562 13422 I WiVRn   : [2026-09-07 18:51:56.109] [WiVRn] [info] nxwarp[0]: 59 frames in 2.0 s: 80255 B/frame, wait-prev 0.0 ms, wall 22.7 ms, nxvc passA 3.9 passB 10.3 gpu 14.2 ms; holes 0, refused 0
09-07 18:51:56.109  6562 13422 I WiVRn   : [2026-09-07 18:51:56.109] [WiVRn] [info] nxwarp[0] gpu duty 417 ms/s (42% of one GPU) for decode alone; the display pass is extra
09-07 18:51:56.109  6562 13422 I WiVRn   : [2026-09-07 18:51:56.109] [WiVRn] [info] nxwarp[0] passB 10.3 ms = warp 0.1 + skip 0.0 + coded 5.3 + dir 0.0 + other 4.9; tiles skip 0 / coded 309 / dir 0 (eye pass 0)
09-07 18:51:56.109  6562 13422 I WiVRn   : [2026-09-07 18:51:56.109] [WiVRn] [info] nxwarp[0]: 105 frames dropped late (queue kept to 1)
09-07 18:51:56.109  6562 13422 I WiVRn   : [2026-09-07 18:51:56.109] [WiVRn] [info] nxwarp[0] stage: gap 11.5 | wait-prev 0.0 | submit 7.6 (qlock 0.0 + codec 7.6) | get_free 0.0 | fence-pre 0.0 | record 0.0 | qsubmit 0.0 | fence-post 15.0 | publish 0.0 ms; withheld 2, stride 1, arrival 21.1 ms
09-07 18:51:56.109  6562 13422 I WiVRn   : [2026-09-07 18:51:56.109] [WiVRn] [info] nxwarp[0] reassembly (network thread): 0.06 ms/frame over 69 frames, buffer 76 kB held for 76 kB of unit (1.0x)
09-07 18:51:56.109  6562 13422 I WiVRn   : [2026-09-07 18:51:56.109] [WiVRn] [info] nxwarp[0] fence-post 15.1 ms = nxvc gpu 14.2 + copy gpu 0.38 + queue 0.4 (over 59 frames with timestamps)
09-07 18:51:56.109  6562 13422 I WiVRn   : [2026-09-07 18:51:56.109] [WiVRn] [info] nxwarp[0]: 1 of 59 frames measured a stall not attributable to decoding (worst wall 410.2 ms); clipped out of the reported decode cost and out of the stride
09-07 18:51:56.199  6562 13222 I WiVRn   : [2026-09-07 18:51:56.199] [WiVRn] [info] render: 174 iterations in 2.0 s (86.6/s), 174 submitted a layer, 59 new-source, 0 skipped by the repeat gate, 0 with nothing to show; display period 11.6 ms
09-07 18:51:56.199  6562 13222 I WiVRn   : [2026-09-07 18:51:56.199] [WiVRn] [info] render: this app's own GPU pass 1.2 ms per iteration
09-07 18:51:56.199  6562 13222 I WiVRn   : [2026-09-07 18:51:56.199] [WiVRn] [info] render: defoveate 1088x1088 per eye x2 = 2.37 Mpx/frame at scale 0.50 atlas-mode 0; 94 re-presented from the cache (reduce_gpu_load on)
09-07 18:51:56.199  6562 13222 I WiVRn   : [2026-09-07 18:51:56.199] [WiVRn] [info] render: shader path sharpness 0.00 fsr false alpha false motion false blend false glow 0.28 vignette 0.80 deband 1.00 lowpoly 0.00 levels 0 full-kernel false
09-07 18:51:56.199  6562 13222 I WiVRn   : [2026-09-07 18:51:56.199] [WiVRn] [info] render: per iteration fence 0.7 (worst 16.5) | queries 0.0 | submit 0.0 | whole render() 1.4 ms
09-07 18:51:56.199  6562 13222 I WiVRn   : [2026-09-07 18:51:56.199] [WiVRn] [info] render: jit on | wake slack 38.4 ms | slept 0.8 ms mean (max 21.6, 84 of 174 iterations) | budget 16.8 = pass 15.8 + margin 1.0 | sleep cap 0.6 ms
09-07 18:51:56.199  6562 13222 I WiVRn   : [2026-09-07 18:51:56.199] [WiVRn] [info] render: displayed pose age 133.4 ms mean (worst 536.1) over 174 frames | submit lead 36.1 ms mean (worst 15.9) | misses: 0 overrun 0 late 4 skipped refresh
09-07 18:51:56.871  6562 13426 I WiVRn   : [2026-09-07 18:51:56.871] [WiVRn] [info] Tracking pattern (11111µs):
09-07 18:51:56.871  6562 13426 I WiVRn   : [2026-09-07 18:51:56.871] [WiVRn] [info] 	t+4789µs HEAD (6321µs)
09-07 18:51:56.871  6562 13426 I WiVRn   : [2026-09-07 18:51:56.871] [WiVRn] [info] 	t+4876µs LEFT_GRIP (6235µs)
09-07 18:51:56.871  6562 13426 I WiVRn   : [2026-09-07 18:51:56.871] [WiVRn] [info] 	t+4885µs RIGHT_GRIP (6225µs)
09-07 18:51:56.871  6562 13426 I WiVRn   : [2026-09-07 18:51:56.871] [WiVRn] [info] 	t+7789µs HEAD (3321µs)
09-07 18:51:56.871  6562 13426 I WiVRn   : [2026-09-07 18:51:56.871] [WiVRn] [info] 	t+7876µs LEFT_GRIP (3235µs)
09-07 18:51:56.871  6562 13426 I WiVRn   : [2026-09-07 18:51:56.871] [WiVRn] [info] 	t+7885µs RIGHT_GRIP (3225µs)
09-07 18:51:57.871  6562 13426 I WiVRn   : [2026-09-07 18:51:57.871] [WiVRn] [info] Tracking pattern (11110µs):
09-07 18:51:57.871  6562 13426 I WiVRn   : [2026-09-07 18:51:57.871] [WiVRn] [info] 	t+3819µs HEAD (7291µs)
09-07 18:51:57.871  6562 13426 I WiVRn   : [2026-09-07 18:51:57.871] [WiVRn] [info] 	t+3885µs LEFT_GRIP (7225µs)
09-07 18:51:57.871  6562 13426 I WiVRn   : [2026-09-07 18:51:57.871] [WiVRn] [info] 	t+3899µs RIGHT_GRIP (7210µs)
09-07 18:51:57.871  6562 13426 I WiVRn   : [2026-09-07 18:51:57.871] [WiVRn] [info] 	t+6819µs HEAD (4291µs)
09-07 18:51:57.871  6562 13426 I WiVRn   : [2026-09-07 18:51:57.871] [WiVRn] [info] 	t+6885µs LEFT_GRIP (4225µs)
09-07 18:51:57.871  6562 13426 I WiVRn   : [2026-09-07 18:51:57.871] [WiVRn] [info] 	t+6899µs RIGHT_GRIP (4210µs)
09-07 18:51:57.904  6562 13420 I WiVRn   : [2026-09-07 18:51:57.904] [WiVRn] [info] nxwarp[0] net: 92 frames closed in 2.0 s, 0 with a hole, 0 out-of-order datagrams, 0 frames completed late, 0 queued for the worker, 132 decoded so far, 228 stragglers dropped; last hole 0/0 chunks, first missing -1, short false, chunk 1166 B
09-07 18:51:57.904  6562 13420 I WiVRn   : [2026-09-07 18:51:57.904] [WiVRn] [info] nxwarp[0] net: 0.027 ms per datagram over 13540 datagrams (180.75 ms of every second)
09-07 18:51:57.904  6562 13420 I WiVRn   : [2026-09-07 18:51:57.904] [WiVRn] [info] nxwarp[0] sel: stride 1, arrival 19.1 ms, dropped-late 114, withheld 7, decoded 132
09-07 18:51:57.904  6562 13420 I WiVRn   : [2026-09-07 18:51:57.904] [WiVRn] [info] nxwarp[0] rx: 27680 datagrams, placed 102150 (+26734), late 2165 (+1261), stale_frame 0, bad_range 0, bad_dir 0, bad_caps 0, bad_ver 0, auth_fail 0, replay 0, frozen 0, dup 2
09-07 18:51:58.153  6562 13422 I WiVRn   : [2026-09-07 18:51:58.153] [WiVRn] [info] nxwarp[0]: 80 frames in 2.0 s: 94839 B/frame, wait-prev 0.0 ms, wall 15.6 ms, nxvc passA 3.9 passB 10.0 gpu 13.8 ms; holes 0, refused 0
09-07 18:51:58.153  6562 13422 I WiVRn   : [2026-09-07 18:51:58.153] [WiVRn] [info] nxwarp[0] gpu duty 542 ms/s (54% of one GPU) for decode alone; the display pass is extra
09-07 18:51:58.153  6562 13422 I WiVRn   : [2026-09-07 18:51:58.153] [WiVRn] [info] nxwarp[0] passB 10.0 ms = warp 0.0 + skip 0.1 + coded 4.2 + dir 0.0 + other 5.6; tiles skip 7 / coded 294 / dir 0 (eye pass 0)
09-07 18:51:58.153  6562 13422 I WiVRn   : [2026-09-07 18:51:58.153] [WiVRn] [info] nxwarp[0]: 117 frames dropped late (queue kept to 1)
09-07 18:51:58.153  6562 13422 I WiVRn   : [2026-09-07 18:51:58.153] [WiVRn] [info] nxwarp[0] stage: gap 9.9 | wait-prev 0.0 | submit 0.9 (qlock 0.0 + codec 0.9) | get_free 0.0 | fence-pre 0.0 | record 0.0 | qsubmit 0.0 | fence-post 14.7 | publish 0.0 ms; withheld 6, stride 1, arrival 18.4 ms
09-07 18:51:58.153  6562 13422 I WiVRn   : [2026-09-07 18:51:58.153] [WiVRn] [info] nxwarp[0] reassembly (network thread): 0.06 ms/frame over 92 frames, buffer 90 kB held for 90 kB of unit (1.0x)
09-07 18:51:58.153  6562 13422 I WiVRn   : [2026-09-07 18:51:58.153] [WiVRn] [info] nxwarp[0] fence-post 14.7 ms = nxvc gpu 13.8 + copy gpu 0.29 + queue 0.6 (over 80 frames with timestamps)
09-07 18:51:58.219  6562 13222 I WiVRn   : [2026-09-07 18:51:58.219] [WiVRn] [info] render: 177 iterations in 2.0 s (87.6/s), 177 submitted a layer, 71 new-source, 0 skipped by the repeat gate, 0 with nothing to show; display period 11.3 ms
09-07 18:51:58.220  6562 13222 I WiVRn   : [2026-09-07 18:51:58.220] [WiVRn] [info] render: this app's own GPU pass 1.0 ms per iteration
09-07 18:51:58.220  6562 13222 I WiVRn   : [2026-09-07 18:51:58.220] [WiVRn] [info] render: defoveate 1088x1088 per eye x2 = 2.37 Mpx/frame at scale 0.50 atlas-mode 0; 106 re-presented from the cache (reduce_gpu_load on)
09-07 18:51:58.220  6562 13222 I WiVRn   : [2026-09-07 18:51:58.220] [WiVRn] [info] render: shader path sharpness 0.00 fsr false alpha false motion false blend false glow 0.28 vignette 0.80 deband 1.00 lowpoly 0.00 levels 0 full-kernel false
09-07 18:51:58.220  6562 13222 I WiVRn   : [2026-09-07 18:51:58.220] [WiVRn] [info] render: per iteration fence 0.7 (worst 16.6) | queries 0.0 | submit 0.0 | whole render() 1.3 ms
09-07 18:51:58.220  6562 13222 I WiVRn   : [2026-09-07 18:51:58.220] [WiVRn] [info] render: jit on | wake slack 35.7 ms | slept 0.6 ms mean (max 0.6, 177 of 177 iterations) | budget 17.3 = pass 16.3 + margin 1.0 | sleep cap 11.7 ms
09-07 18:51:58.220  6562 13222 I WiVRn   : [2026-09-07 18:51:58.220] [WiVRn] [info] render: displayed pose age 90.3 ms mean (worst 147.4) over 177 frames | submit lead 34.0 ms mean (worst 19.1) | misses: 0 overrun 0 late 0 skipped refresh
09-07 18:51:58.871  6562 13426 I WiVRn   : [2026-09-07 18:51:58.871] [WiVRn] [info] Tracking pattern (11108µs):
09-07 18:51:58.871  6562 13426 I WiVRn   : [2026-09-07 18:51:58.871] [WiVRn] [info] 	t+4355µs HEAD (6752µs)
09-07 18:51:58.871  6562 13426 I WiVRn   : [2026-09-07 18:51:58.871] [WiVRn] [info] 	t+4391µs LEFT_GRIP (6717µs)
09-07 18:51:58.871  6562 13426 I WiVRn   : [2026-09-07 18:51:58.871] [WiVRn] [info] 	t+4400µs RIGHT_GRIP (6708µs)
09-07 18:51:58.871  6562 13426 I WiVRn   : [2026-09-07 18:51:58.871] [WiVRn] [info] 	t+7355µs HEAD (3752µs)
09-07 18:51:58.871  6562 13426 I WiVRn   : [2026-09-07 18:51:58.871] [WiVRn] [info] 	t+7391µs LEFT_GRIP (3717µs)
09-07 18:51:58.871  6562 13426 I WiVRn   : [2026-09-07 18:51:58.871] [WiVRn] [info] 	t+7400µs RIGHT_GRIP (3708µs)
09-07 18:51:59.871  6562 13426 I WiVRn   : [2026-09-07 18:51:59.871] [WiVRn] [info] Tracking pattern (11109µs):
09-07 18:51:59.871  6562 13426 I WiVRn   : [2026-09-07 18:51:59.871] [WiVRn] [info] 	t+4904µs HEAD (6205µs)
09-07 18:51:59.871  6562 13426 I WiVRn   : [2026-09-07 18:51:59.871] [WiVRn] [info] 	t+4945µs LEFT_GRIP (6164µs)
09-07 18:51:59.871  6562 13426 I WiVRn   : [2026-09-07 18:51:59.871] [WiVRn] [info] 	t+4955µs RIGHT_GRIP (6154µs)
09-07 18:51:59.871  6562 13426 I WiVRn   : [2026-09-07 18:51:59.871] [WiVRn] [info] 	t+7904µs HEAD (3205µs)
09-07 18:51:59.871  6562 13426 I WiVRn   : [2026-09-07 18:51:59.871] [WiVRn] [info] 	t+7945µs LEFT_GRIP (3164µs)
09-07 18:51:59.871  6562 13426 I WiVRn   : [2026-09-07 18:51:59.871] [WiVRn] [info] 	t+7955µs RIGHT_GRIP (3154µs)
09-07 18:51:59.963  6562 13420 I WiVRn   : [2026-09-07 18:51:59.963] [WiVRn] [info] nxwarp[0] net: 103 frames closed in 2.1 s, 0 with a hole, 0 out-of-order datagrams, 0 frames completed late, 0 queued for the worker, 216 decoded so far, 298 stragglers dropped; last hole 0/0 chunks, first missing -1, short false, chunk 1166 B
09-07 18:51:59.963  6562 13420 I WiVRn   : [2026-09-07 18:51:59.963] [WiVRn] [info] nxwarp[0] net: 0.031 ms per datagram over 12902 datagrams (192.62 ms of every second)
09-07 18:51:59.963  6562 13420 I WiVRn   : [2026-09-07 18:51:59.963] [WiVRn] [info] nxwarp[0] sel: stride 1, arrival 17.9 ms, dropped-late 133, withheld 19, decoded 216
09-07 18:51:59.963  6562 13420 I WiVRn   : [2026-09-07 18:51:59.963] [WiVRn] [info] nxwarp[0] rx: 40581 datagrams, placed 131619 (+29469), late 2599 (+434), stale_frame 0, bad_range 0, bad_dir 0, bad_caps 0, bad_ver 0, auth_fail 0, replay 0, frozen 0, dup 4
09-07 18:52:00.196  6562 13422 I WiVRn   : [2026-09-07 18:52:00.196] [WiVRn] [info] nxwarp[0]: 83 frames in 2.0 s: 97687 B/frame, wait-prev 0.0 ms, wall 15.4 ms, nxvc passA 4.1 passB 9.6 gpu 13.7 ms; holes 0, refused 0
09-07 18:52:00.196  6562 13422 I WiVRn   : [2026-09-07 18:52:00.196] [WiVRn] [info] nxwarp[0] gpu duty 557 ms/s (56% of one GPU) for decode alone; the display pass is extra
09-07 18:52:00.196  6562 13422 I WiVRn   : [2026-09-07 18:52:00.196] [WiVRn] [info] nxwarp[0] passB 9.6 ms = warp 0.1 + skip 0.3 + coded 3.7 + dir 0.0 + other 5.5; tiles skip 42 / coded 314 / dir 0 (eye pass 0)
09-07 18:52:00.196  6562 13422 I WiVRn   : [2026-09-07 18:52:00.196] [WiVRn] [info] nxwarp[0]: 138 frames dropped late (queue kept to 1)
09-07 18:52:00.196  6562 13422 I WiVRn   : [2026-09-07 18:52:00.196] [WiVRn] [info] nxwarp[0] stage: gap 9.2 | wait-prev 0.0 | submit 0.8 (qlock 0.0 + codec 0.8) | get_free 0.0 | fence-pre 0.0 | record 0.0 | qsubmit 0.0 | fence-post 14.5 | publish 0.0 ms; withheld 13, stride 1, arrival 19.6 ms
09-07 18:52:00.196  6562 13422 I WiVRn   : [2026-09-07 18:52:00.196] [WiVRn] [info] nxwarp[0] reassembly (network thread): 0.06 ms/frame over 104 frames, buffer 91 kB held for 91 kB of unit (1.0x)
09-07 18:52:00.196  6562 13422 I WiVRn   : [2026-09-07 18:52:00.196] [WiVRn] [info] nxwarp[0] fence-post 14.6 ms = nxvc gpu 13.7 + copy gpu 0.27 + queue 0.5 (over 83 frames with timestamps)
09-07 18:52:00.230  6562 13222 I WiVRn   : [2026-09-07 18:52:00.230] [WiVRn] [info] render: 175 iterations in 2.0 s (87.0/s), 175 submitted a layer, 68 new-source, 0 skipped by the repeat gate, 0 with nothing to show; display period 11.6 ms
09-07 18:52:00.230  6562 13222 I WiVRn   : [2026-09-07 18:52:00.230] [WiVRn] [info] render: this app's own GPU pass 1.0 ms per iteration
09-07 18:52:00.230  6562 13222 I WiVRn   : [2026-09-07 18:52:00.230] [WiVRn] [info] render: defoveate 1088x1088 per eye x2 = 2.37 Mpx/frame at scale 0.50 atlas-mode 0; 107 re-presented from the cache (reduce_gpu_load on)
09-07 18:52:00.230  6562 13222 I WiVRn   : [2026-09-07 18:52:00.230] [WiVRn] [info] render: shader path sharpness 0.00 fsr false alpha false motion false blend false glow 0.28 vignette 0.80 deband 1.00 lowpoly 0.00 levels 0 full-kernel false
09-07 18:52:00.230  6562 13222 I WiVRn   : [2026-09-07 18:52:00.230] [WiVRn] [info] render: per iteration fence 1.1 (worst 19.8) | queries 0.0 | submit 0.0 | whole render() 1.4 ms
09-07 18:52:00.230  6562 13222 I WiVRn   : [2026-09-07 18:52:00.230] [WiVRn] [info] render: jit on | wake slack 35.6 ms | slept 0.7 ms mean (max 11.7, 175 of 175 iterations) | budget 19.9 = pass 18.9 + margin 1.0 | sleep cap 0.6 ms
09-07 18:52:00.230  6562 13222 I WiVRn   : [2026-09-07 18:52:00.230] [WiVRn] [info] render: displayed pose age 96.0 ms mean (worst 180.7) over 175 frames | submit lead 33.4 ms mean (worst 14.1) | misses: 0 overrun 0 late 1 skipped refresh
09-07 18:52:00.871  6562 13426 I WiVRn   : [2026-09-07 18:52:00.871] [WiVRn] [info] Tracking pattern (11110µs):
09-07 18:52:00.871  6562 13426 I WiVRn   : [2026-09-07 18:52:00.871] [WiVRn] [info] 	t+3648µs HEAD (7462µs)
09-07 18:52:00.871  6562 13426 I WiVRn   : [2026-09-07 18:52:00.871] [WiVRn] [info] 	t+3771µs LEFT_GRIP (7338µs)
09-07 18:52:00.871  6562 13426 I WiVRn   : [2026-09-07 18:52:00.871] [WiVRn] [info] 	t+3788µs RIGHT_GRIP (7322µs)
09-07 18:52:00.871  6562 13426 I WiVRn   : [2026-09-07 18:52:00.871] [WiVRn] [info] 	t+6648µs HEAD (4462µs)
09-07 18:52:00.871  6562 13426 I WiVRn   : [2026-09-07 18:52:00.871] [WiVRn] [info] 	t+6771µs LEFT_GRIP (4338µs)
09-07 18:52:00.871  6562 13426 I WiVRn   : [2026-09-07 18:52:00.871] [WiVRn] [info] 	t+6788µs RIGHT_GRIP (4322µs)
09-07 18:52:00.871  6562 13426 I WiVRn   : [2026-09-07 18:52:00.871] [WiVRn] [info] 	t+9648µs HEAD (1462µs)
09-07 18:52:00.871  6562 13426 I WiVRn   : [2026-09-07 18:52:00.871] [WiVRn] [info] 	t+9771µs LEFT_GRIP (1338µs)
09-07 18:52:00.871  6562 13426 I WiVRn   : [2026-09-07 18:52:00.871] [WiVRn] [info] 	t+9788µs RIGHT_GRIP (1322µs)
09-07 18:52:01.871  6562 13426 I WiVRn   : [2026-09-07 18:52:01.871] [WiVRn] [info] Tracking pattern (11110µs):
09-07 18:52:01.871  6562 13426 I WiVRn   : [2026-09-07 18:52:01.871] [WiVRn] [info] 	t+4483µs HEAD (6627µs)
09-07 18:52:01.871  6562 13426 I WiVRn   : [2026-09-07 18:52:01.871] [WiVRn] [info] 	t+4519µs LEFT_GRIP (6591µs)
09-07 18:52:01.871  6562 13426 I WiVRn   : [2026-09-07 18:52:01.871] [WiVRn] [info] 	t+4525µs RIGHT_GRIP (6584µs)
09-07 18:52:01.871  6562 13426 I WiVRn   : [2026-09-07 18:52:01.871] [WiVRn] [info] 	t+7483µs HEAD (3627µs)
09-07 18:52:01.871  6562 13426 I WiVRn   : [2026-09-07 18:52:01.871] [WiVRn] [info] 	t+7519µs LEFT_GRIP (3591µs)
09-07 18:52:01.871  6562 13426 I WiVRn   : [2026-09-07 18:52:01.871] [WiVRn] [info] 	t+7525µs RIGHT_GRIP (3584µs)
09-07 18:52:01.971  6562 13420 I WiVRn   : [2026-09-07 18:52:01.971] [WiVRn] [info] nxwarp[0] net: 103 frames closed in 2.0 s, 0 with a hole, 0 out-of-order datagrams, 0 frames completed late, 0 queued for the worker, 295 decoded so far, 357 stragglers dropped; last hole 0/0 chunks, first missing -1, short false, chunk 1166 B
09-07 18:52:01.971  6562 13420 I WiVRn   : [2026-09-07 18:52:01.971] [WiVRn] [info] nxwarp[0] net: 0.031 ms per datagram over 13008 datagrams (197.89 ms of every second)
09-07 18:52:01.971  6562 13420 I WiVRn   : [2026-09-07 18:52:01.971] [WiVRn] [info] nxwarp[0] sel: stride 1, arrival 12.6 ms, dropped-late 157, withheld 33, decoded 295
09-07 18:52:01.971  6562 13420 I WiVRn   : [2026-09-07 18:52:01.971] [WiVRn] [info] nxwarp[0] rx: 53590 datagrams, placed 160573 (+28954), late 3553 (+954), stale_frame 0, bad_range 0, bad_dir 0, bad_caps 0, bad_ver 0, auth_fail 0, replay 0, frozen 0, dup 6
09-07 18:52:02.040  6562 13222 I WiVRn   : [2026-09-07 18:52:02.040] [WiVRn] [info] Session state changed at timestamp 0: XR_SESSION_STATE_FOCUSED => XR_SESSION_STATE_VISIBLE
09-07 18:52:02.040  6562 13222 I WiVRn   : [2026-09-07 18:52:02.040] [WiVRn] [info] Session state changed at timestamp 0: XR_SESSION_STATE_VISIBLE => XR_SESSION_STATE_SYNCHRONIZED
09-07 18:52:02.040  6562 13222 I WiVRn   : [2026-09-07 18:52:02.040] [WiVRn] [info] Session state changed at timestamp 0: XR_SESSION_STATE_SYNCHRONIZED => XR_SESSION_STATE_STOPPING
09-07 18:52:02.042  6562 13222 I WiVRn   : [2026-09-07 18:52:02.042] [WiVRn] [info] Session state changed at timestamp 0: XR_SESSION_STATE_STOPPING => XR_SESSION_STATE_IDLE
09-07 18:52:02.200  6562 13422 I WiVRn   : [2026-09-07 18:52:02.200] [WiVRn] [info] nxwarp[0]: 85 frames in 2.0 s: 88687 B/frame, wait-prev 0.0 ms, wall 14.8 ms, nxvc passA 3.8 passB 9.3 gpu 13.1 ms; holes 0, refused 0
09-07 18:52:02.200  6562 13422 I WiVRn   : [2026-09-07 18:52:02.200] [WiVRn] [info] nxwarp[0] gpu duty 556 ms/s (56% of one GPU) for decode alone; the display pass is extra
09-07 18:52:02.200  6562 13422 I WiVRn   : [2026-09-07 18:52:02.200] [WiVRn] [info] nxwarp[0] passB 9.3 ms = warp 0.0 + skip 0.2 + coded 3.3 + dir 0.0 + other 5.8; tiles skip 27 / coded 315 / dir 0 (eye pass 0)
09-07 18:52:02.200  6562 13422 I WiVRn   : [2026-09-07 18:52:02.200] [WiVRn] [info] nxwarp[0]: 157 frames dropped late (queue kept to 1)
09-07 18:52:02.200  6562 13422 I WiVRn   : [2026-09-07 18:52:02.200] [WiVRn] [info] nxwarp[0] stage: gap 8.7 | wait-prev 0.0 | submit 0.9 (qlock 0.0 + codec 0.9) | get_free 0.0 | fence-pre 0.0 | record 0.0 | qsubmit 0.0 | fence-post 13.9 | publish 0.0 ms; withheld 12, stride 1, arrival 16.9 ms
09-07 18:52:02.200  6562 13422 I WiVRn   : [2026-09-07 18:52:02.200] [WiVRn] [info] nxwarp[0] reassembly (network thread): 0.07 ms/frame over 104 frames, buffer 89 kB held for 89 kB of unit (1.0x)
09-07 18:52:02.200  6562 13422 I WiVRn   : [2026-09-07 18:52:02.200] [WiVRn] [info] nxwarp[0] fence-post 13.9 ms = nxvc gpu 13.1 + copy gpu 0.29 + queue 0.5 (over 85 frames with timestamps)
09-07 18:52:02.922  6562 13426 I WiVRn   : [2026-09-07 18:52:02.922] [WiVRn] [info] Tracking pattern (11109µs):
09-07 18:52:02.922  6562 13426 I WiVRn   : [2026-09-07 18:52:02.922] [WiVRn] [info] 	t+2591µs HEAD (30737µs)
09-07 18:52:02.922  6562 13426 I WiVRn   : [2026-09-07 18:52:02.922] [WiVRn] [info] 	t+4701µs HEAD (39737µs)
09-07 18:52:02.922  6562 13426 I WiVRn   : [2026-09-07 18:52:02.922] [WiVRn] [info] 	t+4867µs LEFT_GRIP (39571µs)
09-07 18:52:02.922  6562 13426 I WiVRn   : [2026-09-07 18:52:02.922] [WiVRn] [info] 	t+4877µs RIGHT_GRIP (39562µs)
09-07 18:52:02.922  6562 13426 I WiVRn   : [2026-09-07 18:52:02.922] [WiVRn] [info] 	t+7701µs HEAD (36737µs)
09-07 18:52:02.922  6562 13426 I WiVRn   : [2026-09-07 18:52:02.922] [WiVRn] [info] 	t+7867µs LEFT_GRIP (36571µs)
09-07 18:52:02.922  6562 13426 I WiVRn   : [2026-09-07 18:52:02.922] [WiVRn] [info] 	t+7877µs RIGHT_GRIP (36562µs)
09-07 18:52:02.922  6562 13426 I WiVRn   : [2026-09-07 18:52:02.922] [WiVRn] [info] 	t+10701µs HEAD (33737µs)
09-07 18:52:03.866  6562 13426 I WiVRn   : [2026-09-07 18:52:03.866] [WiVRn] [info] Tracking pattern (11109µs):
09-07 18:52:03.866  6562 13426 I WiVRn   : [2026-09-07 18:52:03.866] [WiVRn] [info] 	t+1851µs HEAD (20368µs)
09-07 18:52:03.866  6562 13426 I WiVRn   : [2026-09-07 18:52:03.866] [WiVRn] [info] 	t+4851µs HEAD (17368µs)
09-07 18:52:03.978  6562 13420 I WiVRn   : [2026-09-07 18:52:03.978] [WiVRn] [info] nxwarp[0] net: 173 frames closed in 2.0 s, 0 with a hole, 0 out-of-order datagrams, 0 frames completed late, 0 queued for the worker, 459 decoded so far, 532 stragglers dropped; last hole 0/0 chunks, first missing -1, short false, chunk 1166 B
09-07 18:52:03.978  6562 13420 I WiVRn   : [2026-09-07 18:52:03.978] [WiVRn] [info] nxwarp[0] net: 0.045 ms per datagram over 7746 datagrams (173.57 ms of every second)
09-07 18:52:03.978  6562 13420 I WiVRn   : [2026-09-07 18:52:03.978] [WiVRn] [info] nxwarp[0] sel: stride 1, arrival 10.2 ms, dropped-late 165, withheld 34, decoded 459
09-07 18:52:03.978  6562 13420 I WiVRn   : [2026-09-07 18:52:03.978] [WiVRn] [info] nxwarp[0] rx: 61336 datagrams, placed 210937 (+50364), late 3710 (+157), stale_frame 0, bad_range 0, bad_dir 0, bad_caps 0, bad_ver 0, auth_fail 0, replay 0, frozen 0, dup 6
09-07 18:52:04.207  6562 13422 I WiVRn   : [2026-09-07 18:52:04.207] [WiVRn] [info] nxwarp[0]: 171 frames in 2.0 s: 5226 B/frame, wait-prev 0.0 ms, wall 10.8 ms, nxvc passA 1.4 passB 6.6 gpu 8.0 ms; holes 0, refused 0
09-07 18:52:04.207  6562 13422 I WiVRn   : [2026-09-07 18:52:04.207] [WiVRn] [info] nxwarp[0] gpu duty 681 ms/s (68% of one GPU) for decode alone; the display pass is extra
09-07 18:52:04.207  6562 13422 I WiVRn   : [2026-09-07 18:52:04.207] [WiVRn] [info] nxwarp[0] passB 6.6 ms = warp 0.0 + skip 0.0 + coded 3.0 + dir 0.0 + other 3.5; tiles skip 3 / coded 294 / dir 0 (eye pass 0)
09-07 18:52:04.207  6562 13422 I WiVRn   : [2026-09-07 18:52:04.207] [WiVRn] [info] nxwarp[0]: 166 frames dropped late (queue kept to 1)
09-07 18:52:04.207  6562 13422 I WiVRn   : [2026-09-07 18:52:04.207] [WiVRn] [info] nxwarp[0] stage: gap 0.9 | wait-prev 0.0 | submit 2.2 (qlock 0.0 + codec 2.2) | get_free 0.0 | fence-pre 0.0 | record 0.1 | qsubmit 0.1 | fence-post 8.4 | publish 0.0 ms; withheld 2, stride 1, arrival 10.3 ms
09-07 18:52:04.207  6562 13422 I WiVRn   : [2026-09-07 18:52:04.207] [WiVRn] [info] nxwarp[0] reassembly (network thread): 0.04 ms/frame over 180 frames, buffer 5 kB held for 5 kB of unit (1.0x)
09-07 18:52:04.207  6562 13422 I WiVRn   : [2026-09-07 18:52:04.207] [WiVRn] [info] nxwarp[0] fence-post 8.5 ms = nxvc gpu 8.0 + copy gpu 0.25 + queue 0.2 (over 171 frames with timestamps)
09-07 18:52:04.340  6562 13222 I WiVRn   : [2026-09-07 18:52:04.340] [WiVRn] [info] Session state changed at timestamp 0: XR_SESSION_STATE_IDLE => XR_SESSION_STATE_READY
09-07 18:52:04.341  6562 13222 I WiVRn   : [2026-09-07 18:52:04.341] [WiVRn] [info] Received event type XR_TYPE_EVENT_DATA_USER_PRESENCE_CHANGED_EXT
09-07 18:52:04.344  6562 13222 I WiVRn   : [2026-09-07 18:52:04.344] [WiVRn] [info] Session state changed at timestamp 0: XR_SESSION_STATE_READY => XR_SESSION_STATE_SYNCHRONIZED
09-07 18:52:04.344  6562 13222 I WiVRn   : [2026-09-07 18:52:04.344] [WiVRn] [info] Session state changed at timestamp 0: XR_SESSION_STATE_SYNCHRONIZED => XR_SESSION_STATE_VISIBLE
09-07 18:52:04.344  6562 13222 I WiVRn   : [2026-09-07 18:52:04.344] [WiVRn] [info] Session state changed at timestamp 0: XR_SESSION_STATE_VISIBLE => XR_SESSION_STATE_FOCUSED
09-07 18:52:04.371  6562 13426 I WiVRn   : [2026-09-07 18:52:04.371] [WiVRn] [info] Tracking pattern (11107µs):
09-07 18:52:04.371  6562 13426 I WiVRn   : [2026-09-07 18:52:04.371] [WiVRn] [info] 	t+1846µs HEAD (20368µs)
09-07 18:52:04.371  6562 13426 I WiVRn   : [2026-09-07 18:52:04.371] [WiVRn] [info] 	t+4846µs HEAD (17368µs)
09-07 18:52:04.371  6562 13426 I WiVRn   : [2026-09-07 18:52:04.371] [WiVRn] [info] 	t+8205µs LEFT_GRIP (2902µs)
09-07 18:52:04.863  6562 13426 I WiVRn   : [2026-09-07 18:52:04.863] [WiVRn] [info] Tracking pattern (11110µs):
09-07 18:52:04.863  6562 13426 I WiVRn   : [2026-09-07 18:52:04.863] [WiVRn] [info] 	t+4672µs LEFT_GRIP (6437µs)
09-07 18:52:04.863  6562 13426 I WiVRn   : [2026-09-07 18:52:04.863] [WiVRn] [info] 	t+4682µs RIGHT_GRIP (6427µs)
09-07 18:52:04.863  6562 13426 I WiVRn   : [2026-09-07 18:52:04.863] [WiVRn] [info] 	t+5110µs HEAD (6000µs)
09-07 18:52:04.863  6562 13426 I WiVRn   : [2026-09-07 18:52:04.863] [WiVRn] [info] 	t+7672µs LEFT_GRIP (3437µs)
09-07 18:52:04.863  6562 13426 I WiVRn   : [2026-09-07 18:52:04.863] [WiVRn] [info] 	t+7682µs RIGHT_GRIP (3427µs)
09-07 18:52:04.863  6562 13426 I WiVRn   : [2026-09-07 18:52:04.863] [WiVRn] [info] 	t+8110µs HEAD (3000µs)
09-07 18:52:04.863  6562 13426 I WiVRn   : [2026-09-07 18:52:04.863] [WiVRn] [info] 	t+11110µs HEAD (0µs)
09-07 18:52:05.863  6562 13426 I WiVRn   : [2026-09-07 18:52:05.863] [WiVRn] [info] Tracking pattern (11112µs):
09-07 18:52:05.863  6562 13426 I WiVRn   : [2026-09-07 18:52:05.863] [WiVRn] [info] 	t+4474µs HEAD (6637µs)
09-07 18:52:05.863  6562 13426 I WiVRn   : [2026-09-07 18:52:05.863] [WiVRn] [info] 	t+4633µs LEFT_GRIP (6479µs)
09-07 18:52:05.863  6562 13426 I WiVRn   : [2026-09-07 18:52:05.863] [WiVRn] [info] 	t+4641µs RIGHT_GRIP (6470µs)
09-07 18:52:05.863  6562 13426 I WiVRn   : [2026-09-07 18:52:05.863] [WiVRn] [info] 	t+7474µs HEAD (3637µs)
09-07 18:52:05.863  6562 13426 I WiVRn   : [2026-09-07 18:52:05.863] [WiVRn] [info] 	t+7633µs LEFT_GRIP (3479µs)
09-07 18:52:05.863  6562 13426 I WiVRn   : [2026-09-07 18:52:05.863] [WiVRn] [info] 	t+7641µs RIGHT_GRIP (3470µs)
09-07 18:52:05.999  6562 13420 I WiVRn   : [2026-09-07 18:52:05.999] [WiVRn] [info] nxwarp[0] net: 131 frames closed in 2.0 s, 1 with a hole, 0 out-of-order datagrams, 0 frames completed late, 0 queued for the worker, 567 decoded so far, 638 stragglers dropped; last hole 13/298 chunks, first missing 181, short false, chunk 1166 B
09-07 18:52:05.999  6562 13420 I WiVRn   : [2026-09-07 18:52:05.999] [WiVRn] [info] nxwarp[0] net: 0.031 ms per datagram over 12413 datagrams (193.33 ms of every second)
09-07 18:52:05.999  6562 13420 I WiVRn   : [2026-09-07 18:52:05.999] [WiVRn] [info] nxwarp[0] sel: stride 1, arrival 19.7 ms, dropped-late 188, withheld 49, decoded 567
09-07 18:52:05.999  6562 13420 I WiVRn   : [2026-09-07 18:52:05.999] [WiVRn] [info] nxwarp[0] rx: 73748 datagrams, placed 250435 (+39498), late 4093 (+383), stale_frame 0, bad_range 0, bad_dir 0, bad_caps 0, bad_ver 0, auth_fail 0, replay 0, frozen 0, dup 8
09-07 18:52:06.216  6562 13422 I WiVRn   : [2026-09-07 18:52:06.216] [WiVRn] [info] nxwarp[0]: 98 frames in 2.0 s: 80311 B/frame, wait-prev 0.0 ms, wall 14.6 ms, nxvc passA 3.6 passB 9.1 gpu 12.7 ms; holes 1, refused 0
09-07 18:52:06.216  6562 13422 I WiVRn   : [2026-09-07 18:52:06.216] [WiVRn] [info] nxwarp[0] gpu duty 621 ms/s (62% of one GPU) for decode alone; the display pass is extra
09-07 18:52:06.216  6562 13422 I WiVRn   : [2026-09-07 18:52:06.216] [WiVRn] [info] nxwarp[0] passB 9.1 ms = warp 0.0 + skip 0.3 + coded 3.1 + dir 0.0 + other 5.7; tiles skip 41 / coded 314 / dir 0 (eye pass 0)
09-07 18:52:06.216  6562 13422 I WiVRn   : [2026-09-07 18:52:06.216] [WiVRn] [info] nxwarp[0]: 192 frames dropped late (queue kept to 1)
09-07 18:52:06.216  6562 13422 I WiVRn   : [2026-09-07 18:52:06.216] [WiVRn] [info] nxwarp[0] stage: gap 5.9 | wait-prev 0.0 | submit 0.8 (qlock 0.0 + codec 0.8) | get_free 0.0 | fence-pre 0.0 | record 0.0 | qsubmit 0.0 | fence-post 13.7 | publish 0.0 ms; withheld 15, stride 1, arrival 17.2 ms
09-07 18:52:06.216  6562 13422 I WiVRn   : [2026-09-07 18:52:06.216] [WiVRn] [info] nxwarp[0] reassembly (network thread): 0.06 ms/frame over 125 frames, buffer 78 kB held for 78 kB of unit (1.0x)
09-07 18:52:06.216  6562 13422 I WiVRn   : [2026-09-07 18:52:06.216] [WiVRn] [info] nxwarp[0] fence-post 13.7 ms = nxvc gpu 12.7 + copy gpu 0.32 + queue 0.6 (over 98 frames with timestamps)
09-07 18:52:06.347  6562 13222 I WiVRn   : [2026-09-07 18:52:06.347] [WiVRn] [info] render: 171 iterations in 2.0 s (85.4/s), 170 submitted a layer, 76 new-source, 0 skipped by the repeat gate, 1 with nothing to show; display period 11.7 ms
09-07 18:52:06.347  6562 13222 I WiVRn   : [2026-09-07 18:52:06.347] [WiVRn] [info] render: this app's own GPU pass 1.2 ms per iteration
09-07 18:52:06.347  6562 13222 I WiVRn   : [2026-09-07 18:52:06.347] [WiVRn] [info] render: defoveate 1088x1088 per eye x2 = 2.37 Mpx/frame at scale 0.50 atlas-mode 0; 94 re-presented from the cache (reduce_gpu_load on)
09-07 18:52:06.347  6562 13222 I WiVRn   : [2026-09-07 18:52:06.347] [WiVRn] [info] render: shader path sharpness 0.00 fsr false alpha false motion false blend false glow 0.28 vignette 0.80 deband 1.00 lowpoly 0.00 levels 0 full-kernel false
09-07 18:52:06.347  6562 13222 I WiVRn   : [2026-09-07 18:52:06.347] [WiVRn] [info] render: per iteration fence 2.2 (worst 18.1) | queries 0.0 | submit 0.0 | whole render() 2.5 ms
09-07 18:52:06.347  6562 13222 I WiVRn   : [2026-09-07 18:52:06.347] [WiVRn] [info] render: jit on | wake slack 43.6 ms | slept 0.6 ms mean (max 0.6, 170 of 171 iterations) | budget 19.4 = pass 18.4 + margin 1.0 | sleep cap 0.6 ms
09-07 18:52:06.347  6562 13222 I WiVRn   : [2026-09-07 18:52:06.347] [WiVRn] [info] render: displayed pose age 98.2 ms mean (worst 173.2) over 170 frames | submit lead 40.5 ms mean (worst 23.8) | misses: 0 overrun 0 late 0 skipped refresh
09-07 18:52:06.863  6562 13426 I WiVRn   : [2026-09-07 18:52:06.863] [WiVRn] [info] Tracking pattern (11111µs):
09-07 18:52:06.863  6562 13426 I WiVRn   : [2026-09-07 18:52:06.863] [WiVRn] [info] 	t+4450µs HEAD (6660µs)
09-07 18:52:06.863  6562 13426 I WiVRn   : [2026-09-07 18:52:06.863] [WiVRn] [info] 	t+4865µs LEFT_GRIP (6245µs)
09-07 18:52:06.863  6562 13426 I WiVRn   : [2026-09-07 18:52:06.863] [WiVRn] [info] 	t+4883µs RIGHT_GRIP (6227µs)
09-07 18:52:06.863  6562 13426 I WiVRn   : [2026-09-07 18:52:06.863] [WiVRn] [info] 	t+7450µs HEAD (3660µs)
09-07 18:52:06.863  6562 13426 I WiVRn   : [2026-09-07 18:52:06.863] [WiVRn] [info] 	t+7865µs LEFT_GRIP (3245µs)
09-07 18:52:06.863  6562 13426 I WiVRn   : [2026-09-07 18:52:06.863] [WiVRn] [info] 	t+7883µs RIGHT_GRIP (3227µs)
09-07 18:52:07.863  6562 13426 I WiVRn   : [2026-09-07 18:52:07.863] [WiVRn] [info] Tracking pattern (11111µs):
09-07 18:52:07.863  6562 13426 I WiVRn   : [2026-09-07 18:52:07.863] [WiVRn] [info] 	t+5076µs HEAD (6035µs)
09-07 18:52:07.863  6562 13426 I WiVRn   : [2026-09-07 18:52:07.863] [WiVRn] [info] 	t+5129µs LEFT_GRIP (5982µs)
09-07 18:52:07.863  6562 13426 I WiVRn   : [2026-09-07 18:52:07.863] [WiVRn] [info] 	t+5140µs RIGHT_GRIP (5970µs)
09-07 18:52:07.863  6562 13426 I WiVRn   : [2026-09-07 18:52:07.863] [WiVRn] [info] 	t+8076µs HEAD (3035µs)
09-07 18:52:07.863  6562 13426 I WiVRn   : [2026-09-07 18:52:07.863] [WiVRn] [info] 	t+8129µs LEFT_GRIP (2982µs)
09-07 18:52:07.863  6562 13426 I WiVRn   : [2026-09-07 18:52:07.863] [WiVRn] [info] 	t+8140µs RIGHT_GRIP (2970µs)
