 WARN [on_control_send_error] Primary control socket failed: Socket shutdown
 WARN [run_net] Exception in network thread: Socket shutdown, Session paused.
 INFO [reconnect] Waiting for new connection
No longer listening for secondary paths
 INFO [quit_if_no_client] No OpenXR client connected, exiting
 INFO [multi_main_loop] Already stopped, nothing to clean up.
 INFO [mic_state_changed] Microphone state changed from PW_STREAM_STATE_PAUSED to PW_STREAM_STATE_UNCONNECTED
 WARN [mic_state_changed] failed to update microphone state: Broken pipe
 INFO [ipc_server_main_common] Server exiting: '0'
Server exited, exit status 0
Service published: x0x0x0x0x0x
Client connected
Server started, PID 3607633
 INFO [ipc_server_main_common] WiVRn 'nx-atlas-live-920ac878-dirty' starting up...
Setting the OpenVR compatibility library to /opt/xrizer
Listening for secondary paths on port 9757
 INFO [vk_bundle] Vulkan instance created:
	GPU: AMD Radeon RX 7900 XTX (RADV NAVI31)
	queue families: 1 3 1 (main, encode, transfer)

 INFO [get_encoder_settings] nxwarp: both eyes on stream 0 as one 4352x2176 stereo frame (2312 tiles), stream 1 has no encoder
 INFO [compositor] compositor: lens mask on, margin 1 tile; the foveation pass flattens what it covers (0 of 0 tiles per eye so far)
 INFO [comp_vulkan_formats_log] Supported formats:
	VK_FORMAT_R16G16B16A16_UNORM: true
	VK_FORMAT_R16G16B16A16_SFLOAT: true
	VK_FORMAT_R16G16B16_UNORM: false
	VK_FORMAT_R16G16B16_SFLOAT: false
	VK_FORMAT_R8G8B8A8_SRGB: true
	VK_FORMAT_B8G8R8A8_SRGB: true
	VK_FORMAT_R8G8B8_SRGB: false
	VK_FORMAT_R8G8B8A8_UNORM: true
	VK_FORMAT_B8G8R8A8_UNORM: true
	VK_FORMAT_R8G8B8_UNORM: false
	VK_FORMAT_B8G8R8_UNORM: false
	VK_FORMAT_R5G6B5_UNORM_PACK16: true
	VK_FORMAT_R32_SFLOAT: true
	VK_FORMAT_D32_SFLOAT: true
	VK_FORMAT_D16_UNORM: true
	VK_FORMAT_X8_D24_UNORM_PACK32: false
	VK_FORMAT_D24_UNORM_S8_UINT: false
	VK_FORMAT_D32_SFLOAT_S8_UINT: true
	VK_FORMAT_S8_UINT: true
 INFO [print_encoders] Encoder configuration:
	* nxwarp (nxwarp 8-bit)
	  size: 2176x2176
	  bitrate: 85.8Mbit/s
	* nxwarp (nxwarp 8-bit)
	  size: 2176x1088
	  bitrate: 2.1Mbit/s
 INFO [video_encoder_nxwarp] nxwarp: "planar-gpu-centre" enabled (mixed centre/periphery stream)
 INFO [video_encoder_nxwarp] nxwarp: "entropy": "auto" -> lite (the headset advertises ENTROPY_LITE)
 INFO [video_encoder_nxwarp] nxwarp: "snap-identity": 16/16 sample (still tiles become a copy on the headset; error bounded by 0.50 sample)
 INFO [video_encoder_nxwarp] nxwarp: "planar": "prefer" (nxvc tool bit 35)
 INFO [video_encoder_nxwarp] nxwarp: stream 0 tools 0x842200c05 (INTRA_DC_PLANE RES_LEVEL INTER WARP CTX_V2 CTX_V3 ENTROPY_LITE bit35), headset 0xdf77a1fff -- negotiated
 INFO [video_encoder_nxwarp] nxwarp: stream 0 backend: nxvc_vk_encoder GPU compute encoder, nxvc_vk_encoder (E0/E3/E4/E5, intra only) (68x34 tiles, intra only, one QP per frame), reading the compositor image directly
 INFO [video_encoder_nxwarp] nxwarp: stream 0 2176x2176, nxvc_vk_encoder GPU compute encoder, nxvc_vk_encoder (E0/E3/E4/E5, intra only) (68x34 tiles, intra only, one QP per frame), rate control from QP 28 in 22..40 at 90 Hz, send pacing follows the headset's decode cost, 15..90 fps, 68x34 tiles in 6 band(s), 1166 bytes per transport tile
 INFO [video_encoder_nxwarp] nxwarp: "planar-gpu-centre" enabled (mixed centre/periphery stream)
 INFO [video_encoder_nxwarp] nxwarp: "entropy": "auto" -> lite (the headset advertises ENTROPY_LITE)
 INFO [video_encoder_nxwarp] nxwarp: "snap-identity": 16/16 sample (still tiles become a copy on the headset; error bounded by 0.50 sample)
 INFO [video_encoder_nxwarp] nxwarp: "planar": "prefer" (nxvc tool bit 35)
 INFO [video_encoder_nxwarp] nxwarp: stream 2 tools 0x842200c05 (INTRA_DC_PLANE RES_LEVEL INTER WARP CTX_V2 CTX_V3 ENTROPY_LITE bit35), headset 0xdf77a1fff -- negotiated
 INFO [video_encoder_nxwarp] nxwarp: stream 2 backend: nxvc_vk_encoder GPU compute encoder, nxvc_vk_encoder (E0/E3/E4/E5, intra only) (34x17 tiles, intra only, one QP per frame), reading the compositor image directly
 INFO [video_encoder_nxwarp] nxwarp: stream 2 2176x1088, nxvc_vk_encoder GPU compute encoder, nxvc_vk_encoder (E0/E3/E4/E5, intra only) (34x17 tiles, intra only, one QP per frame), rate control from QP 28 in 22..40 at 90 Hz, send pacing follows the headset's decode cost, 15..90 fps, 34x17 tiles in 3 band(s), 1166 bytes per transport tile
 INFO [wivrn_hmd] edge bleed: rendering 5.0% overscan, 1.35 deg left / 1.35 deg up on eye 0 (same encoded size, so about 4.8% less sharp)
 INFO [pipewire_device] pipewire speaker stream created (quantum: 240 frames, 5.00 ms)
 INFO [mic_state_changed] Microphone state changed from PW_STREAM_STATE_UNCONNECTED to PW_STREAM_STATE_CONNECTING
 INFO [pipewire_device] pipewire microphone stream created (quantum: 240 frames, 5.00 ms)
 INFO [configure] Automatic bitrate enabled, AIMD (v1), ceiling 88.0 Mbit/s, floor 10.0 Mbit/s, radio trend on
 INFO [set_pacing] Packet pacing enabled, spreading each frame over 40% of a frame period
 INFO [apply_qos] Wi-Fi QoS marks enabled (video AF41 / AC_VI, control EF / AC_VO)
 INFO [set_fec] Forward error correction enabled, one parity shard per 8 video shards
 INFO [set_fec_adaptive] Adaptive error correction enabled, parity ratio between 16+1 and 4+1 with interleaved groups
 INFO [set_shard_retransmit] Shard retransmission enabled, keeping 1024 kB of recently sent shards per stream
 WARN [check_socket_path] path not found: /run/user/1000/SlimeVRRpc
 WARN [check_socket_path] path not found: /run/user/1000/.flatpak/dev.slimevr.SlimeVR/xdg-run/SlimeVRRpc
 WARN [check_socket_path] path not found: /home/nerdrx/.local/share/dev.slimevr.SlimeVR/SlimeVRRpc
ERROR [solarxr_ipc_socket_find] failed to resolve socket path
 INFO [u_linux_try_to_set_realtime_priority_on_thread] Raised priority of thread 'Multi Client Module' to policy: 'SCHED_FIFO', priority: '99'
 INFO [operator()] Session state changed: XR_SESSION_STATE_VISIBLE
 INFO [reset_stream] nxwarp: stream 0 resumed for a new client: transport sequence restarted, stream header resent, next frame coded without a reference
 INFO [reset_stream] nxwarp: stream 2 resumed for a new client: transport sequence restarted, stream header resent, next frame coded without a reference
 INFO [mic_state_changed] Microphone state changed from PW_STREAM_STATE_CONNECTING to PW_STREAM_STATE_PAUSED
 INFO [operator()] Updating interaction profiles: from 
	XRT_DEVICE_TOUCH_CONTROLLER (left)  to XRT_DEVICE_EXT_HAND_INTERACTION
	XRT_DEVICE_TOUCH_CONTROLLER (right) to XRT_DEVICE_EXT_HAND_INTERACTION

 INFO [client_connected] Client 1 connected
 INFO [ipc_handle_instance_describe_client] Client info:
	id: 1
	application_name: 'HelloXR'
	pid: 3607710
	extensions:
		ext_hand_tracking_enabled: false
		ext_hand_tracking_data_source_enabled: false
		ext_eye_gaze_interaction_enabled: false
		ext_future_enabled: false
		ext_hand_interaction_enabled: false
		htc_facial_tracking_enabled: false
		fb_body_tracking_enabled: false
		meta_body_tracking_full_body_enabled: false
		meta_body_tracking_calibration_enabled: false
		meta_body_tracking_fidelity_enabled: false
		fb_face_tracking2_enabled: false
		android_face_tracking_enabled: false
 INFO [update_session_state_locked] Started native session, 1 active app session(s).
 INFO [get_view_poses] geometry[eye 0]: panel fov L-51.99 R51.99 U51.99 D-51.99 -> rendered fov L-53.34 R53.34 U53.34 D-53.34 deg (overscan 0.050)
 INFO [get_view_poses] geometry[eye 1]: panel fov L-51.99 R51.99 U51.99 D-51.99 -> rendered fov L-53.34 R53.34 U53.34 D-53.34 deg (overscan 0.050)
 INFO [update_lens_mask] nxwarp: stream 0 lens mask: 111 of 1156 tiles per eye masked (margin 1 tile, fov -53.3/53.3/53.3/-53.3 deg); flattened only: this backend has no skip-map input, so the tiles are coded as whatever the mode search makes of a constant grey
 INFO [encode] nxwarp: stream 0 rate control on: 76314363 bit/s is 105992 B/frame at 90 Hz, QP band 22..40
 INFO [encode] nxwarp: stream 0 stereo compose 0.000 ms/frame (max 0.000), 0.0% of the 2.5 ms encode
 INFO [encode] nxwarp: stream 0 encoded 1 frames in 2.5 s: 2.5 ms/frame (max 2.5), 83056 B/frame at fixed QP 28, paced to 90.0 fps (client decode not reported yet), 0 composited frame(s) not sent
 INFO [layer_commit] geometry[eye 0]: layer fov (what the app rendered, and what goes on the wire) L-53.34 R53.34 U53.34 D-53.34 deg
 INFO [layer_commit] geometry[eye 1]: layer fov (what the app rendered, and what goes on the wire) L-53.34 R53.34 U53.34 D-53.34 deg
 INFO [encode] nxwarp: stream 0 stereo compose 0.000 ms/frame (max 0.000), 0.0% of the 2.2 ms encode
 INFO [encode] nxwarp: stream 0 encoded 112 frames in 2.0 s: 2.2 ms/frame (max 4.4), 125288 B/frame vs 105992 target (+18%), QP 35.8 [22..40], controller allows 76.3 Mbit/s (at max QP), paced to 90.0 fps (client decode 8.0 ms), 69 composited frame(s) not sent, binding: bytes (decode 8.0 of 8.9 ms budget, floor +0)
 INFO [encode] nxwarp: stream 0 tile mapping: 107 frame(s) with per-tile spans, 5 with the fixed-chunk fallback ("tile-map": "auto")
 INFO [encode] nxwarp: stream 0 the headset did not reconstruct 67 frame(s) since the last report; 67 of them cost an all-intra frame and 0 named a frame older than one already coded intra and cost nothing. Last was frame 67, dropped by the worker backlog
 INFO [run_decode_rate_control] nxwarp: stream 0 decode 9.3 ms is over the 9.0 ms budget but 2 quantiser steps moved it less than 3%: holding the floor at +40 and releasing it. The decode is not paying for bits here (coded tiles 100% of the frame).
 INFO [encode] nxwarp: stream 0 stereo compose 0.000 ms/frame (max 0.000), 0.0% of the 2.7 ms encode
 INFO [encode] nxwarp: stream 0 encoded 168 frames in 2.0 s: 2.7 ms/frame (max 3.3), 136002 B/frame vs 105992 target (+28%), QP 40.0 [40..40], controller allows 76.3 Mbit/s (at max QP), paced to 75.5 fps (client decode 10.2 ms), 13 composited frame(s) not sent, binding: bytes (decode 10.2 of 10.6 ms budget, floor +40)
 INFO [encode] nxwarp: stream 0 tile mapping: 96 frame(s) with per-tile spans, 72 with the fixed-chunk fallback ("tile-map": "auto")
 INFO [encode] nxwarp: stream 0 the headset did not reconstruct 1 frame(s) since the last report; 1 of them cost an all-intra frame and 0 named a frame older than one already coded intra and cost nothing. Last was frame 236, dropped by the worker backlog
 WARN [run_rate_control] nxwarp: stream 0 cannot reach its bitrate ceiling: at max QP 40 the frames are 145788 B and the ceiling allows 105992 B (76314363 bit/s at the 90.0 fps this stream is budgeted at, 90 Hz composited). This is the smallest frame this quantiser can make of this picture — raise the ceiling, lower the resolution, or raise "max-qp"
 INFO [encode] nxwarp: stream 0 stereo compose 0.000 ms/frame (max 0.000), 0.0% of the 2.7 ms encode
 INFO [encode] nxwarp: stream 0 encoded 169 frames in 2.0 s: 2.7 ms/frame (max 3.4), 141333 B/frame vs 105992 target (+33%), QP 40.0 [40..40], controller allows 76.3 Mbit/s (CEILING UNREACHABLE, pinned at max QP), paced to 79.3 fps (client decode 10.1 ms), 11 composited frame(s) not sent, binding: bytes (decode 10.1 of 10.1 ms budget, floor +29)
 INFO [encode] nxwarp: stream 0 tile mapping: 42 frame(s) with per-tile spans, 127 with the fixed-chunk fallback ("tile-map": "auto")
 INFO [encode] nxwarp: stream 0 stereo compose 0.000 ms/frame (max 0.000), 0.0% of the 2.7 ms encode
 INFO [encode] nxwarp: stream 0 encoded 161 frames in 2.0 s: 2.7 ms/frame (max 3.6), 131524 B/frame vs 105992 target (+24%), QP 40.0 [40..40], controller allows 76.3 Mbit/s (CEILING UNREACHABLE, pinned at max QP), paced to 90.0 fps (client decode 7.8 ms), 19 composited frame(s) not sent, binding: bytes (decode 7.8 of 8.9 ms budget, floor +0)
 INFO [encode] nxwarp: stream 0 tile mapping: 156 frame(s) with per-tile spans, 5 with the fixed-chunk fallback ("tile-map": "auto")
 INFO [encode] nxwarp: stream 0 stereo compose 0.000 ms/frame (max 0.000), 0.0% of the 2.7 ms encode
 INFO [encode] nxwarp: stream 0 encoded 164 frames in 2.0 s: 2.7 ms/frame (max 3.8), 131424 B/frame vs 105992 target (+24%), QP 40.0 [40..40], controller allows 76.3 Mbit/s (CEILING UNREACHABLE, pinned at max QP), paced to 87.1 fps (client decode 8.8 ms), 17 composited frame(s) not sent, binding: bytes (decode 8.8 of 9.2 ms budget, floor +0)
 INFO [encode] nxwarp: stream 0 tile mapping: 158 frame(s) with per-tile spans, 6 with the fixed-chunk fallback ("tile-map": "auto")
 INFO [encode] nxwarp: stream 0 the headset did not reconstruct 1 frame(s) since the last report; 1 of them cost an all-intra frame and 0 named a frame older than one already coded intra and cost nothing. Last was frame 654, dropped by the worker backlog
 INFO [encode] nxwarp: stream 0 stereo compose 0.000 ms/frame (max 0.000), 0.0% of the 2.6 ms encode
 INFO [encode] nxwarp: stream 0 encoded 159 frames in 2.0 s: 2.6 ms/frame (max 3.5), 129648 B/frame vs 105992 target (+22%), QP 40.0 [40..40], controller allows 76.3 Mbit/s (CEILING UNREACHABLE, pinned at max QP), paced to 87.3 fps (client decode 9.1 ms), 22 composited frame(s) not sent, binding: bytes (decode 9.1 of 9.2 ms budget, floor +0)
 INFO [encode] nxwarp: stream 0 tile mapping: 159 frame(s) with per-tile spans, 0 with the fixed-chunk fallback ("tile-map": "auto")
 INFO [encode] nxwarp: stream 0 stereo compose 0.000 ms/frame (max 0.000), 0.0% of the 2.5 ms encode
 INFO [encode] nxwarp: stream 0 encoded 148 frames in 2.0 s: 2.5 ms/frame (max 3.2), 130324 B/frame vs 105992 target (+23%), QP 40.0 [40..40], controller allows 76.3 Mbit/s (CEILING UNREACHABLE, pinned at max QP), paced to 90.0 fps (client decode 8.3 ms), 32 composited frame(s) not sent, binding: bytes (decode 8.3 of 8.9 ms budget, floor +0)
 INFO [encode] nxwarp: stream 0 tile mapping: 148 frame(s) with per-tile spans, 0 with the fixed-chunk fallback ("tile-map": "auto")
 INFO [encode] nxwarp: stream 0 the headset did not reconstruct 1 frame(s) since the last report; 1 of them cost an all-intra frame and 0 named a frame older than one already coded intra and cost nothing. Last was frame 984, dropped by the worker backlog
 INFO [encode] nxwarp: stream 0 stereo compose 0.000 ms/frame (max 0.000), 0.0% of the 2.5 ms encode
 INFO [encode] nxwarp: stream 0 encoded 157 frames in 2.0 s: 2.5 ms/frame (max 3.1), 120960 B/frame vs 105992 target (+14%), QP 40.0 [40..40], controller allows 76.3 Mbit/s (CEILING UNREACHABLE, pinned at max QP), paced to 90.0 fps (client decode 8.0 ms), 23 composited frame(s) not sent, binding: bytes (decode 8.0 of 8.9 ms budget, floor +0)
 INFO [encode] nxwarp: stream 0 tile mapping: 157 frame(s) with per-tile spans, 0 with the fixed-chunk fallback ("tile-map": "auto")
 INFO [encode] nxwarp: stream 0 stereo compose 0.000 ms/frame (max 0.000), 0.0% of the 2.7 ms encode
 INFO [encode] nxwarp: stream 0 encoded 163 frames in 2.0 s: 2.7 ms/frame (max 4.5), 126672 B/frame vs 105992 target (+20%), QP 40.0 [40..40], controller allows 76.3 Mbit/s (CEILING UNREACHABLE, pinned at max QP), paced to 81.6 fps (client decode 9.8 ms), 18 composited frame(s) not sent, binding: bytes (decode 9.8 of 9.8 ms budget, floor +0)
 INFO [encode] nxwarp: stream 0 tile mapping: 156 frame(s) with per-tile spans, 7 with the fixed-chunk fallback ("tile-map": "auto")
 INFO [encode] nxwarp: stream 0 stereo compose 0.000 ms/frame (max 0.000), 0.0% of the 2.7 ms encode
 INFO [encode] nxwarp: stream 0 encoded 155 frames in 2.0 s: 2.7 ms/frame (max 4.0), 133214 B/frame vs 105992 target (+26%), QP 40.0 [40..40], controller allows 76.3 Mbit/s (CEILING UNREACHABLE, pinned at max QP), paced to 86.5 fps (client decode 11.0 ms), 26 composited frame(s) not sent, binding: bytes (decode 11.0 of 9.1 ms budget, floor +0)
 INFO [encode] nxwarp: stream 0 tile mapping: 144 frame(s) with per-tile spans, 11 with the fixed-chunk fallback ("tile-map": "auto")
 INFO [encode] nxwarp: stream 0 stereo compose 0.000 ms/frame (max 0.000), 0.0% of the 2.8 ms encode
 INFO [encode] nxwarp: stream 0 encoded 157 frames in 2.0 s: 2.8 ms/frame (max 4.7), 146203 B/frame vs 105992 target (+38%), QP 40.0 [40..40], controller allows 76.3 Mbit/s (CEILING UNREACHABLE, pinned at max QP), paced to 86.9 fps (client decode 8.7 ms), 24 composited frame(s) not sent, binding: bytes (decode 8.7 of 9.2 ms budget, floor +0)
 INFO [encode] nxwarp: stream 0 tile mapping: 39 frame(s) with per-tile spans, 118 with the fixed-chunk fallback ("tile-map": "auto")
 INFO [encode] nxwarp: stream 0 stereo compose 0.000 ms/frame (max 0.000), 0.0% of the 2.8 ms encode
 INFO [encode] nxwarp: stream 0 encoded 158 frames in 2.0 s: 2.8 ms/frame (max 4.4), 148778 B/frame vs 105992 target (+40%), QP 40.0 [40..40], controller allows 76.3 Mbit/s (CEILING UNREACHABLE, pinned at max QP), paced to 89.8 fps (client decode 8.8 ms), 22 composited frame(s) not sent, binding: bytes (decode 8.8 of 8.9 ms budget, floor +0)
 INFO [encode] nxwarp: stream 0 tile mapping: 52 frame(s) with per-tile spans, 106 with the fixed-chunk fallback ("tile-map": "auto")
 INFO [encode] nxwarp: stream 0 stereo compose 0.000 ms/frame (max 0.000), 0.0% of the 2.8 ms encode
 INFO [encode] nxwarp: stream 0 encoded 157 frames in 2.0 s: 2.8 ms/frame (max 4.5), 143308 B/frame vs 105992 target (+35%), QP 40.0 [40..40], controller allows 76.3 Mbit/s (CEILING UNREACHABLE, pinned at max QP), paced to 87.8 fps (client decode 8.9 ms), 23 composited frame(s) not sent, binding: bytes (decode 8.9 of 9.2 ms budget, floor +0)
 INFO [encode] nxwarp: stream 0 tile mapping: 121 frame(s) with per-tile spans, 36 with the fixed-chunk fallback ("tile-map": "auto")
 INFO [encode] nxwarp: stream 0 stereo compose 0.000 ms/frame (max 0.000), 0.0% of the 2.8 ms encode
 INFO [encode] nxwarp: stream 0 encoded 159 frames in 2.0 s: 2.8 ms/frame (max 3.7), 138750 B/frame vs 105992 target (+31%), QP 40.0 [40..40], controller allows 76.3 Mbit/s (CEILING UNREACHABLE, pinned at max QP), paced to 86.5 fps (client decode 10.5 ms), 22 composited frame(s) not sent, binding: bytes (decode 10.5 of 9.2 ms budget, floor +0)
 INFO [encode] nxwarp: stream 0 tile mapping: 130 frame(s) with per-tile spans, 29 with the fixed-chunk fallback ("tile-map": "auto")
 INFO [encode] nxwarp: stream 0 stereo compose 0.000 ms/frame (max 0.000), 0.0% of the 3.1 ms encode
 INFO [encode] nxwarp: stream 0 encoded 165 frames in 2.0 s: 3.1 ms/frame (max 5.0), 140066 B/frame vs 105992 target (+32%), QP 40.0 [40..40], controller allows 76.3 Mbit/s (CEILING UNREACHABLE, pinned at max QP), paced to 80.1 fps (client decode 10.0 ms), 16 composited frame(s) not sent, binding: bytes (decode 10.0 of 10.0 ms budget, floor +0)
 INFO [encode] nxwarp: stream 0 tile mapping: 101 frame(s) with per-tile spans, 64 with the fixed-chunk fallback ("tile-map": "auto")
 INFO [encode] nxwarp: stream 0 the headset did not reconstruct 2 frame(s) since the last report; 2 of them cost an all-intra frame and 0 named a frame older than one already coded intra and cost nothing. Last was frame 2322, dropped by the worker backlog
 INFO [encode] nxwarp: stream 0 stereo compose 0.000 ms/frame (max 0.000), 0.0% of the 2.9 ms encode
 INFO [encode] nxwarp: stream 0 encoded 173 frames in 2.0 s: 2.9 ms/frame (max 4.5), 133899 B/frame vs 105992 target (+26%), QP 40.0 [40..40], controller allows 76.3 Mbit/s (CEILING UNREACHABLE, pinned at max QP), paced to 78.4 fps (client decode 11.4 ms), 8 composited frame(s) not sent, binding: bytes (decode 11.4 of 10.2 ms budget, floor +0)
 INFO [encode] nxwarp: stream 0 tile mapping: 171 frame(s) with per-tile spans, 2 with the fixed-chunk fallback ("tile-map": "auto")
 INFO [encode] nxwarp: stream 0 the headset did not reconstruct 1 frame(s) since the last report; 1 of them cost an all-intra frame and 0 named a frame older than one already coded intra and cost nothing. Last was frame 2469, dropped by the worker backlog
 WARN [run_rate_control] nxwarp: stream 0 cannot reach its bitrate ceiling: at max QP 40 the frames are 121057 B and the ceiling allows 105992 B (76314363 bit/s at the 90.0 fps this stream is budgeted at, 90 Hz composited). This is the smallest frame this quantiser can make of this picture — raise the ceiling, lower the resolution, or raise "max-qp"
 INFO [encode] nxwarp: stream 0 stereo compose 0.000 ms/frame (max 0.000), 0.0% of the 2.9 ms encode
 INFO [encode] nxwarp: stream 0 encoded 173 frames in 2.0 s: 2.9 ms/frame (max 4.7), 122810 B/frame vs 105992 target (+16%), QP 40.0 [40..40], controller allows 76.3 Mbit/s (CEILING UNREACHABLE, pinned at max QP), paced to 82.3 fps (client decode 9.2 ms), 8 composited frame(s) not sent, binding: bytes (decode 9.2 of 9.8 ms budget, floor +0)
 INFO [encode] nxwarp: stream 0 tile mapping: 173 frame(s) with per-tile spans, 0 with the fixed-chunk fallback ("tile-map": "auto")
 INFO [encode] nxwarp: stream 0 stereo compose 0.000 ms/frame (max 0.000), 0.0% of the 2.8 ms encode
 INFO [encode] nxwarp: stream 0 encoded 161 frames in 2.0 s: 2.8 ms/frame (max 3.8), 125317 B/frame vs 105992 target (+18%), QP 40.0 [40..40], controller allows 76.3 Mbit/s (CEILING UNREACHABLE, pinned at max QP), paced to 89.2 fps (client decode 8.3 ms), 19 composited frame(s) not sent, binding: bytes (decode 8.3 of 9.0 ms budget, floor +0)
 INFO [encode] nxwarp: stream 0 tile mapping: 161 frame(s) with per-tile spans, 0 with the fixed-chunk fallback ("tile-map": "auto")
 INFO [encode] nxwarp: stream 0 stereo compose 0.000 ms/frame (max 0.000), 0.0% of the 2.8 ms encode
 INFO [encode] nxwarp: stream 0 encoded 161 frames in 2.0 s: 2.8 ms/frame (max 3.9), 134586 B/frame vs 105992 target (+27%), QP 40.0 [40..40], controller allows 76.3 Mbit/s (CEILING UNREACHABLE, pinned at max QP), paced to 88.9 fps (client decode 8.6 ms), 20 composited frame(s) not sent, binding: bytes (decode 8.6 of 9.0 ms budget, floor +0)
 INFO [encode] nxwarp: stream 0 tile mapping: 159 frame(s) with per-tile spans, 2 with the fixed-chunk fallback ("tile-map": "auto")
 INFO [encode] nxwarp: stream 0 stereo compose 0.000 ms/frame (max 0.000), 0.0% of the 2.8 ms encode
 INFO [encode] nxwarp: stream 0 encoded 160 frames in 2.0 s: 2.8 ms/frame (max 3.9), 126799 B/frame vs 105992 target (+20%), QP 40.0 [40..40], controller allows 76.3 Mbit/s (CEILING UNREACHABLE, pinned at max QP), paced to 90.0 fps (client decode 7.1 ms), 20 composited frame(s) not sent, binding: bytes (decode 7.1 of 8.9 ms budget, floor +0)
 INFO [encode] nxwarp: stream 0 tile mapping: 159 frame(s) with per-tile spans, 1 with the fixed-chunk fallback ("tile-map": "auto")
 INFO [encode] nxwarp: stream 0 stereo compose 0.000 ms/frame (max 0.000), 0.0% of the 2.7 ms encode
 INFO [encode] nxwarp: stream 0 encoded 152 frames in 2.0 s: 2.7 ms/frame (max 4.5), 120115 B/frame vs 105992 target (+13%), QP 40.0 [40..40], controller allows 76.3 Mbit/s (CEILING UNREACHABLE, pinned at max QP), paced to 85.0 fps (client decode 8.1 ms), 29 composited frame(s) not sent, binding: bytes (decode 8.1 of 9.5 ms budget, floor +0)
 INFO [encode] nxwarp: stream 0 tile mapping: 152 frame(s) with per-tile spans, 0 with the fixed-chunk fallback ("tile-map": "auto")
 INFO [encode] nxwarp: stream 0 stereo compose 0.000 ms/frame (max 0.000), 0.0% of the 2.7 ms encode
 INFO [encode] nxwarp: stream 0 encoded 143 frames in 2.0 s: 2.7 ms/frame (max 3.5), 126984 B/frame vs 105992 target (+20%), QP 40.0 [40..40], controller allows 76.3 Mbit/s (CEILING UNREACHABLE, pinned at max QP), paced to 87.5 fps (client decode 8.1 ms), 38 composited frame(s) not sent, binding: bytes (decode 8.1 of 9.3 ms budget, floor +0)
 INFO [encode] nxwarp: stream 0 tile mapping: 131 frame(s) with per-tile spans, 12 with the fixed-chunk fallback ("tile-map": "auto")
 INFO [encode] nxwarp: stream 0 stereo compose 0.000 ms/frame (max 0.000), 0.0% of the 2.7 ms encode
 INFO [encode] nxwarp: stream 0 encoded 146 frames in 2.0 s: 2.7 ms/frame (max 3.5), 139184 B/frame vs 105992 target (+31%), QP 40.0 [40..40], controller allows 76.3 Mbit/s (CEILING UNREACHABLE, pinned at max QP), paced to 89.6 fps (client decode 8.4 ms), 34 composited frame(s) not sent, binding: bytes (decode 8.4 of 9.0 ms budget, floor +0)
 INFO [encode] nxwarp: stream 0 tile mapping: 84 frame(s) with per-tile spans, 62 with the fixed-chunk fallback ("tile-map": "auto")
 INFO [encode] nxwarp: stream 0 stereo compose 0.000 ms/frame (max 0.000), 0.0% of the 2.7 ms encode
 INFO [encode] nxwarp: stream 0 encoded 147 frames in 2.0 s: 2.7 ms/frame (max 3.8), 141655 B/frame vs 105992 target (+34%), QP 40.0 [40..40], controller allows 76.3 Mbit/s (CEILING UNREACHABLE, pinned at max QP), paced to 87.4 fps (client decode 11.0 ms), 34 composited frame(s) not sent, binding: bytes (decode 11.0 of 9.0 ms budget, floor +0)
 INFO [encode] nxwarp: stream 0 tile mapping: 36 frame(s) with per-tile spans, 111 with the fixed-chunk fallback ("tile-map": "auto")
 INFO [encode] nxwarp: stream 0 stereo compose 0.000 ms/frame (max 0.000), 0.0% of the 2.6 ms encode
 INFO [encode] nxwarp: stream 0 encoded 143 frames in 2.0 s: 2.6 ms/frame (max 3.5), 129505 B/frame vs 105992 target (+22%), QP 40.0 [40..40], controller allows 76.3 Mbit/s (CEILING UNREACHABLE, pinned at max QP), paced to 88.5 fps (client decode 8.8 ms), 37 composited frame(s) not sent, binding: bytes (decode 8.8 of 9.1 ms budget, floor +0)
 INFO [encode] nxwarp: stream 0 tile mapping: 100 frame(s) with per-tile spans, 43 with the fixed-chunk fallback ("tile-map": "auto")
 INFO [encode] nxwarp: stream 0 stereo compose 0.000 ms/frame (max 0.000), 0.0% of the 2.8 ms encode
 INFO [encode] nxwarp: stream 0 encoded 168 frames in 2.0 s: 2.8 ms/frame (max 3.5), 132019 B/frame vs 105992 target (+25%), QP 40.0 [40..40], controller allows 76.3 Mbit/s (CEILING UNREACHABLE, pinned at max QP), paced to 90.0 fps (client decode 7.3 ms), 13 composited frame(s) not sent, binding: bytes (decode 7.3 of 8.9 ms budget, floor +0)
 INFO [encode] nxwarp: stream 0 tile mapping: 140 frame(s) with per-tile spans, 28 with the fixed-chunk fallback ("tile-map": "auto")
 INFO [encode] nxwarp: stream 0 stereo compose 0.000 ms/frame (max 0.000), 0.0% of the 2.8 ms encode
 INFO [encode] nxwarp: stream 0 encoded 168 frames in 2.0 s: 2.8 ms/frame (max 3.4), 134217 B/frame vs 105992 target (+27%), QP 40.0 [40..40], controller allows 76.3 Mbit/s (CEILING UNREACHABLE, pinned at max QP), paced to 87.3 fps (client decode 10.4 ms), 12 composited frame(s) not sent, binding: bytes (decode 10.4 of 9.1 ms budget, floor +0)
 INFO [encode] nxwarp: stream 0 tile mapping: 167 frame(s) with per-tile spans, 1 with the fixed-chunk fallback ("tile-map": "auto")
 INFO [encode] nxwarp: stream 0 stereo compose 0.000 ms/frame (max 0.000), 0.0% of the 2.8 ms encode
 INFO [encode] nxwarp: stream 0 encoded 170 frames in 2.0 s: 2.8 ms/frame (max 3.3), 130676 B/frame vs 105992 target (+23%), QP 40.0 [40..40], controller allows 76.3 Mbit/s (CEILING UNREACHABLE, pinned at max QP), paced to 89.8 fps (client decode 9.3 ms), 11 composited frame(s) not sent, binding: bytes (decode 9.3 of 8.9 ms budget, floor +0)
 INFO [encode] nxwarp: stream 0 tile mapping: 170 frame(s) with per-tile spans, 0 with the fixed-chunk fallback ("tile-map": "auto")
 INFO [encode] nxwarp: stream 0 the headset did not reconstruct 1 frame(s) since the last report; 1 of them cost an all-intra frame and 0 named a frame older than one already coded intra and cost nothing. Last was frame 4271, dropped by the worker backlog
 INFO [encode] nxwarp: stream 0 stereo compose 0.000 ms/frame (max 0.000), 0.0% of the 2.8 ms encode
 INFO [encode] nxwarp: stream 0 encoded 165 frames in 2.0 s: 2.8 ms/frame (max 3.6), 133274 B/frame vs 105992 target (+26%), QP 40.0 [40..40], controller allows 76.3 Mbit/s (CEILING UNREACHABLE, pinned at max QP), paced to 87.8 fps (client decode 8.5 ms), 15 composited frame(s) not sent, binding: bytes (decode 8.5 of 9.1 ms budget, floor +0)
 INFO [encode] nxwarp: stream 0 tile mapping: 165 frame(s) with per-tile spans, 0 with the fixed-chunk fallback ("tile-map": "auto")
 INFO [encode] nxwarp: stream 0 the headset did not reconstruct 1 frame(s) since the last report; 1 of them cost an all-intra frame and 0 named a frame older than one already coded intra and cost nothing. Last was frame 4559, dropped by the worker backlog
 INFO [encode] nxwarp: stream 0 stereo compose 0.000 ms/frame (max 0.000), 0.0% of the 2.7 ms encode
 INFO [encode] nxwarp: stream 0 encoded 160 frames in 2.0 s: 2.7 ms/frame (max 3.2), 126620 B/frame vs 105992 target (+19%), QP 40.0 [40..40], controller allows 76.3 Mbit/s (CEILING UNREACHABLE, pinned at max QP), paced to 90.0 fps (client decode 8.8 ms), 21 composited frame(s) not sent, binding: bytes (decode 8.8 of 8.9 ms budget, floor +0)
 INFO [encode] nxwarp: stream 0 tile mapping: 160 frame(s) with per-tile spans, 0 with the fixed-chunk fallback ("tile-map": "auto")
 INFO [encode] nxwarp: stream 0 the headset did not reconstruct 1 frame(s) since the last report; 1 of them cost an all-intra frame and 0 named a frame older than one already coded intra and cost nothing. Last was frame 4647, dropped by the worker backlog
 INFO [encode] nxwarp: stream 0 stereo compose 0.000 ms/frame (max 0.000), 0.0% of the 2.7 ms encode
 INFO [encode] nxwarp: stream 0 encoded 148 frames in 2.0 s: 2.7 ms/frame (max 3.2), 126614 B/frame vs 105992 target (+19%), QP 40.0 [40..40], controller allows 76.3 Mbit/s (CEILING UNREACHABLE, pinned at max QP), paced to 90.0 fps (client decode 8.9 ms), 33 composited frame(s) not sent, binding: bytes (decode 8.9 of 8.9 ms budget, floor +0)
 INFO [encode] nxwarp: stream 0 tile mapping: 148 frame(s) with per-tile spans, 0 with the fixed-chunk fallback ("tile-map": "auto")
 WARN [run_rate_control] nxwarp: stream 0 cannot reach its bitrate ceiling: at max QP 40 the frames are 135781 B and the ceiling allows 105992 B (76314363 bit/s at the 90.0 fps this stream is budgeted at, 90 Hz composited). This is the smallest frame this quantiser can make of this picture — raise the ceiling, lower the resolution, or raise "max-qp"
 INFO [encode] nxwarp: stream 0 stereo compose 0.000 ms/frame (max 0.000), 0.0% of the 2.7 ms encode
 INFO [encode] nxwarp: stream 0 encoded 149 frames in 2.0 s: 2.7 ms/frame (max 3.2), 132767 B/frame vs 105992 target (+25%), QP 40.0 [40..40], controller allows 76.3 Mbit/s (CEILING UNREACHABLE, pinned at max QP), paced to 88.9 fps (client decode 9.5 ms), 31 composited frame(s) not sent, binding: bytes (decode 9.5 of 9.0 ms budget, floor +0)
 INFO [encode] nxwarp: stream 0 tile mapping: 148 frame(s) with per-tile spans, 1 with the fixed-chunk fallback ("tile-map": "auto")
 INFO [encode] nxwarp: stream 0 stereo compose 0.000 ms/frame (max 0.000), 0.0% of the 2.7 ms encode
 INFO [encode] nxwarp: stream 0 encoded 148 frames in 2.0 s: 2.7 ms/frame (max 3.3), 135121 B/frame vs 105992 target (+27%), QP 40.0 [40..40], controller allows 76.3 Mbit/s (CEILING UNREACHABLE, pinned at max QP), paced to 83.4 fps (client decode 10.3 ms), 32 composited frame(s) not sent, binding: bytes (decode 10.3 of 9.6 ms budget, floor +0)
 INFO [encode] nxwarp: stream 0 tile mapping: 92 frame(s) with per-tile spans, 56 with the fixed-chunk fallback ("tile-map": "auto")
 INFO [encode] nxwarp: stream 0 stereo compose 0.000 ms/frame (max 0.000), 0.0% of the 2.7 ms encode
 INFO [encode] nxwarp: stream 0 encoded 156 frames in 2.0 s: 2.7 ms/frame (max 3.4), 129501 B/frame vs 105992 target (+22%), QP 40.0 [40..40], controller allows 76.3 Mbit/s (CEILING UNREACHABLE, pinned at max QP), paced to 88.1 fps (client decode 8.8 ms), 24 composited frame(s) not sent, binding: bytes (decode 8.8 of 9.1 ms budget, floor +0)
 INFO [encode] nxwarp: stream 0 tile mapping: 148 frame(s) with per-tile spans, 8 with the fixed-chunk fallback ("tile-map": "auto")
 INFO [encode] nxwarp: stream 0 the headset did not reconstruct 1 frame(s) since the last report; 1 of them cost an all-intra frame and 0 named a frame older than one already coded intra and cost nothing. Last was frame 5264, dropped by the worker backlog
 INFO [encode] nxwarp: stream 0 stereo compose 0.000 ms/frame (max 0.000), 0.0% of the 2.7 ms encode
 INFO [encode] nxwarp: stream 0 encoded 154 frames in 2.0 s: 2.7 ms/frame (max 4.2), 132702 B/frame vs 105992 target (+25%), QP 40.0 [40..40], controller allows 76.3 Mbit/s (CEILING UNREACHABLE, pinned at max QP), paced to 88.5 fps (client decode 9.8 ms), 27 composited frame(s) not sent, binding: bytes (decode 9.8 of 9.0 ms budget, floor +0)
 INFO [encode] nxwarp: stream 0 tile mapping: 113 frame(s) with per-tile spans, 41 with the fixed-chunk fallback ("tile-map": "auto")
 INFO [encode] nxwarp: stream 0 stereo compose 0.000 ms/frame (max 0.000), 0.0% of the 2.6 ms encode
 INFO [encode] nxwarp: stream 0 encoded 157 frames in 2.0 s: 2.6 ms/frame (max 3.2), 146400 B/frame vs 105992 target (+38%), QP 40.0 [40..40], controller allows 76.3 Mbit/s (CEILING UNREACHABLE, pinned at max QP), paced to 85.3 fps (client decode 10.3 ms), 24 composited frame(s) not sent, binding: bytes (decode 10.3 of 9.4 ms budget, floor +0)
 INFO [encode] nxwarp: stream 0 tile mapping: 18 frame(s) with per-tile spans, 139 with the fixed-chunk fallback ("tile-map": "auto")
 INFO [encode] nxwarp: stream 0 stereo compose 0.000 ms/frame (max 0.000), 0.0% of the 2.5 ms encode
 INFO [encode] nxwarp: stream 0 encoded 154 frames in 2.0 s: 2.5 ms/frame (max 3.1), 137971 B/frame vs 105992 target (+30%), QP 40.0 [40..40], controller allows 76.3 Mbit/s (CEILING UNREACHABLE, pinned at max QP), paced to 88.1 fps (client decode 8.8 ms), 27 composited frame(s) not sent, binding: bytes (decode 8.8 of 9.1 ms budget, floor +0)
 INFO [encode] nxwarp: stream 0 tile mapping: 61 frame(s) with per-tile spans, 93 with the fixed-chunk fallback ("tile-map": "auto")
 INFO [encode] nxwarp: stream 0 stereo compose 0.000 ms/frame (max 0.000), 0.0% of the 2.6 ms encode
 INFO [encode] nxwarp: stream 0 encoded 152 frames in 2.0 s: 2.6 ms/frame (max 3.0), 118908 B/frame vs 105992 target (+12%), QP 40.0 [40..40], controller allows 76.3 Mbit/s (CEILING UNREACHABLE, pinned at max QP), paced to 90.0 fps (client decode 7.7 ms), 29 composited frame(s) not sent, binding: bytes (decode 7.7 of 8.9 ms budget, floor +0)
 INFO [encode] nxwarp: stream 0 tile mapping: 152 frame(s) with per-tile spans, 0 with the fixed-chunk fallback ("tile-map": "auto")
 INFO [encode] nxwarp: stream 0 stereo compose 0.000 ms/frame (max 0.000), 0.0% of the 2.6 ms encode
 INFO [encode] nxwarp: stream 0 encoded 158 frames in 2.0 s: 2.6 ms/frame (max 3.1), 114818 B/frame vs 105992 target (+8%), QP 40.0 [40..40], controller allows 76.3 Mbit/s (at max QP), paced to 90.0 fps (client decode 7.3 ms), 23 composited frame(s) not sent, binding: bytes (decode 7.3 of 8.9 ms budget, floor +0)
 INFO [encode] nxwarp: stream 0 tile mapping: 158 frame(s) with per-tile spans, 0 with the fixed-chunk fallback ("tile-map": "auto")
 INFO [encode] nxwarp: stream 0 the headset did not reconstruct 1 frame(s) since the last report; 1 of them cost an all-intra frame and 0 named a frame older than one already coded intra and cost nothing. Last was frame 6088, dropped by the worker backlog
 INFO [encode] nxwarp: stream 0 stereo compose 0.000 ms/frame (max 0.000), 0.0% of the 2.6 ms encode
 INFO [encode] nxwarp: stream 0 encoded 147 frames in 2.0 s: 2.6 ms/frame (max 3.4), 122817 B/frame vs 105992 target (+16%), QP 40.0 [40..40], controller allows 76.3 Mbit/s (at max QP), paced to 87.0 fps (client decode 9.4 ms), 34 composited frame(s) not sent, binding: bytes (decode 9.4 of 9.2 ms budget, floor +0)
 INFO [encode] nxwarp: stream 0 tile mapping: 147 frame(s) with per-tile spans, 0 with the fixed-chunk fallback ("tile-map": "auto")
 INFO [encode] nxwarp: stream 0 stereo compose 0.000 ms/frame (max 0.000), 0.0% of the 2.6 ms encode
 INFO [encode] nxwarp: stream 0 encoded 146 frames in 2.0 s: 2.6 ms/frame (max 3.3), 125273 B/frame vs 105992 target (+18%), QP 40.0 [40..40], controller allows 76.3 Mbit/s (CEILING UNREACHABLE, pinned at max QP), paced to 84.0 fps (client decode 9.3 ms), 33 composited frame(s) not sent, binding: bytes (decode 9.3 of 9.5 ms budget, floor +0)
 INFO [encode] nxwarp: stream 0 tile mapping: 146 frame(s) with per-tile spans, 0 with the fixed-chunk fallback ("tile-map": "auto")
 INFO [encode] nxwarp: stream 0 stereo compose 0.000 ms/frame (max 0.000), 0.0% of the 2.6 ms encode
 INFO [encode] nxwarp: stream 0 encoded 140 frames in 2.0 s: 2.6 ms/frame (max 3.2), 122557 B/frame vs 105992 target (+16%), QP 40.0 [40..40], controller allows 76.3 Mbit/s (CEILING UNREACHABLE, pinned at max QP), paced to 90.0 fps (client decode 8.4 ms), 41 composited frame(s) not sent, binding: bytes (decode 8.4 of 8.9 ms budget, floor +0)
 INFO [encode] nxwarp: stream 0 tile mapping: 140 frame(s) with per-tile spans, 0 with the fixed-chunk fallback ("tile-map": "auto")
 INFO [encode] nxwarp: stream 0 stereo compose 0.000 ms/frame (max 0.000), 0.0% of the 2.6 ms encode
 INFO [encode] nxwarp: stream 0 encoded 144 frames in 2.0 s: 2.6 ms/frame (max 3.1), 134793 B/frame vs 105992 target (+27%), QP 40.0 [40..40], controller allows 76.3 Mbit/s (CEILING UNREACHABLE, pinned at max QP), paced to 85.1 fps (client decode 10.5 ms), 37 composited frame(s) not sent, binding: bytes (decode 10.5 of 9.4 ms budget, floor +0)
 INFO [encode] nxwarp: stream 0 tile mapping: 143 frame(s) with per-tile spans, 1 with the fixed-chunk fallback ("tile-map": "auto")
 INFO [encode] nxwarp: stream 0 stereo compose 0.000 ms/frame (max 0.000), 0.0% of the 2.6 ms encode
 INFO [encode] nxwarp: stream 0 encoded 162 frames in 2.0 s: 2.6 ms/frame (max 3.3), 145689 B/frame vs 105992 target (+37%), QP 40.0 [40..40], controller allows 76.3 Mbit/s (CEILING UNREACHABLE, pinned at max QP), paced to 90.0 fps (client decode 8.7 ms), 19 composited frame(s) not sent, binding: bytes (decode 8.7 of 8.9 ms budget, floor +0)
 INFO [encode] nxwarp: stream 0 tile mapping: 59 frame(s) with per-tile spans, 103 with the fixed-chunk fallback ("tile-map": "auto")
 INFO [encode] nxwarp: stream 0 the headset did not reconstruct 1 frame(s) since the last report; 1 of them cost an all-intra frame and 0 named a frame older than one already coded intra and cost nothing. Last was frame 6817, dropped by the worker backlog
 INFO [client_disconnected] Client 1 disconnected
 INFO [update_session_state_locked] Stopped native session, 0 active app session(s).
