Client connected
Server started, PID 3610402
 INFO [ipc_server_main_common] WiVRn 'nx-atlas-live-920ac878-dirty' starting up...
Setting the OpenVR compatibility library to /opt/xrizer
Listening for secondary paths on port 9757
 INFO [vk_bundle] Vulkan instance created:
	GPU: AMD Radeon RX 7900 XTX (RADV NAVI31)
	queue families: 1 3 1 (main, encode, transfer)

 INFO [get_encoder_settings] nxwarp: both eyes on stream 0 as one 4352x2176 stereo frame (2312 tiles), stream 1 has no encoder
 INFO [compositor] compositor: lens mask on, margin 1 tile; the foveation pass flattens what it covers (0 of 0 tiles per eye so far)
 INFO [comp_vulkan_formats_log] Supported formats:
	VK_FORMAT_R16G16B16A16_UNORM: true
	VK_FORMAT_R16G16B16A16_SFLOAT: true
	VK_FORMAT_R16G16B16_UNORM: false
	VK_FORMAT_R16G16B16_SFLOAT: false
	VK_FORMAT_R8G8B8A8_SRGB: true
	VK_FORMAT_B8G8R8A8_SRGB: true
	VK_FORMAT_R8G8B8_SRGB: false
	VK_FORMAT_R8G8B8A8_UNORM: true
	VK_FORMAT_B8G8R8A8_UNORM: true
	VK_FORMAT_R8G8B8_UNORM: false
	VK_FORMAT_B8G8R8_UNORM: false
	VK_FORMAT_R5G6B5_UNORM_PACK16: true
	VK_FORMAT_R32_SFLOAT: true
	VK_FORMAT_D32_SFLOAT: true
	VK_FORMAT_D16_UNORM: true
	VK_FORMAT_X8_D24_UNORM_PACK32: false
	VK_FORMAT_D24_UNORM_S8_UINT: false
	VK_FORMAT_D32_SFLOAT_S8_UINT: true
	VK_FORMAT_S8_UINT: true
 INFO [print_encoders] Encoder configuration:
	* nxwarp (nxwarp 8-bit)
	  size: 2176x2176
	  bitrate: 85.8Mbit/s
	* nxwarp (nxwarp 8-bit)
	  size: 2176x1088
	  bitrate: 2.1Mbit/s
 INFO [video_encoder_nxwarp] nxwarp: "planar-gpu-centre" enabled (mixed centre/periphery stream)
 INFO [video_encoder_nxwarp] nxwarp: "entropy": "auto" -> lite (the headset advertises ENTROPY_LITE)
 INFO [video_encoder_nxwarp] nxwarp: "snap-identity": 16/16 sample (still tiles become a copy on the headset; error bounded by 0.50 sample)
 INFO [video_encoder_nxwarp] nxwarp: "planar": "prefer" (nxvc tool bit 35)
 INFO [video_encoder_nxwarp] nxwarp: stream 0 tools 0x842200c05 (INTRA_DC_PLANE RES_LEVEL INTER WARP CTX_V2 CTX_V3 ENTROPY_LITE bit35), headset 0xdf77a1fff -- negotiated
 INFO [video_encoder_nxwarp] nxwarp: stream 0 backend: nxvc_vk_encoder GPU compute encoder, nxvc_vk_encoder (E0/E3/E4/E5, intra only) (68x34 tiles, intra only, one QP per frame), reading the compositor image directly
 INFO [video_encoder_nxwarp] nxwarp: stream 0 2176x2176, nxvc_vk_encoder GPU compute encoder, nxvc_vk_encoder (E0/E3/E4/E5, intra only) (68x34 tiles, intra only, one QP per frame), rate control from QP 28 in 22..40 at 90 Hz, send pacing follows the headset's decode cost, 15..90 fps, 68x34 tiles in 6 band(s), 1166 bytes per transport tile
 INFO [video_encoder_nxwarp] nxwarp: "planar-gpu-centre" enabled (mixed centre/periphery stream)
 INFO [video_encoder_nxwarp] nxwarp: "entropy": "auto" -> lite (the headset advertises ENTROPY_LITE)
 INFO [video_encoder_nxwarp] nxwarp: "snap-identity": 16/16 sample (still tiles become a copy on the headset; error bounded by 0.50 sample)
 INFO [video_encoder_nxwarp] nxwarp: "planar": "prefer" (nxvc tool bit 35)
 INFO [video_encoder_nxwarp] nxwarp: stream 2 tools 0x842200c05 (INTRA_DC_PLANE RES_LEVEL INTER WARP CTX_V2 CTX_V3 ENTROPY_LITE bit35), headset 0xdf77a1fff -- negotiated
 INFO [video_encoder_nxwarp] nxwarp: stream 2 backend: nxvc_vk_encoder GPU compute encoder, nxvc_vk_encoder (E0/E3/E4/E5, intra only) (34x17 tiles, intra only, one QP per frame), reading the compositor image directly
 INFO [video_encoder_nxwarp] nxwarp: stream 2 2176x1088, nxvc_vk_encoder GPU compute encoder, nxvc_vk_encoder (E0/E3/E4/E5, intra only) (34x17 tiles, intra only, one QP per frame), rate control from QP 28 in 22..40 at 90 Hz, send pacing follows the headset's decode cost, 15..90 fps, 34x17 tiles in 3 band(s), 1166 bytes per transport tile
 INFO [wivrn_hmd] edge bleed: rendering 5.0% overscan, 1.35 deg left / 1.35 deg up on eye 0 (same encoded size, so about 4.8% less sharp)
 INFO [pipewire_device] pipewire speaker stream created (quantum: 240 frames, 5.00 ms)
 INFO [mic_state_changed] Microphone state changed from PW_STREAM_STATE_UNCONNECTED to PW_STREAM_STATE_CONNECTING
 INFO [pipewire_device] pipewire microphone stream created (quantum: 240 frames, 5.00 ms)
 INFO [configure] Automatic bitrate enabled, AIMD (v1), ceiling 88.0 Mbit/s, floor 10.0 Mbit/s, radio trend on
 INFO [set_pacing] Packet pacing enabled, spreading each frame over 40% of a frame period
 INFO [apply_qos] Wi-Fi QoS marks enabled (video AF41 / AC_VI, control EF / AC_VO)
 INFO [set_fec] Forward error correction enabled, one parity shard per 8 video shards
 INFO [set_fec_adaptive] Adaptive error correction enabled, parity ratio between 16+1 and 4+1 with interleaved groups
 INFO [set_shard_retransmit] Shard retransmission enabled, keeping 1024 kB of recently sent shards per stream
 WARN [check_socket_path] path not found: /run/user/1000/SlimeVRRpc
 WARN [check_socket_path] path not found: /run/user/1000/.flatpak/dev.slimevr.SlimeVR/xdg-run/SlimeVRRpc
 WARN [check_socket_path] path not found: /home/nerdrx/.local/share/dev.slimevr.SlimeVR/SlimeVRRpc
ERROR [solarxr_ipc_socket_find] failed to resolve socket path
 INFO [u_linux_try_to_set_realtime_priority_on_thread] Raised priority of thread 'Multi Client Module' to policy: 'SCHED_FIFO', priority: '99'
 INFO [operator()] Session state changed: XR_SESSION_STATE_VISIBLE
 INFO [reset_stream] nxwarp: stream 0 resumed for a new client: transport sequence restarted, stream header resent, next frame coded without a reference
 INFO [reset_stream] nxwarp: stream 2 resumed for a new client: transport sequence restarted, stream header resent, next frame coded without a reference
 INFO [mic_state_changed] Microphone state changed from PW_STREAM_STATE_CONNECTING to PW_STREAM_STATE_PAUSED
 INFO [operator()] Updating interaction profiles: from 
	XRT_DEVICE_TOUCH_CONTROLLER (left)  to XRT_DEVICE_EXT_HAND_INTERACTION
	XRT_DEVICE_TOUCH_CONTROLLER (right) to XRT_DEVICE_EXT_HAND_INTERACTION

 INFO [client_connected] Client 1 connected
 INFO [ipc_handle_instance_describe_client] Client info:
	id: 1
	application_name: 'HelloXR'
	pid: 3610468
	extensions:
		ext_hand_tracking_enabled: false
		ext_hand_tracking_data_source_enabled: false
		ext_eye_gaze_interaction_enabled: false
		ext_future_enabled: false
		ext_hand_interaction_enabled: false
		htc_facial_tracking_enabled: false
		fb_body_tracking_enabled: false
		meta_body_tracking_full_body_enabled: false
		meta_body_tracking_calibration_enabled: false
		meta_body_tracking_fidelity_enabled: false
		fb_face_tracking2_enabled: false
		android_face_tracking_enabled: false
 INFO [update_session_state_locked] Started native session, 1 active app session(s).
 INFO [get_view_poses] geometry[eye 0]: panel fov L-51.99 R51.99 U51.99 D-51.99 -> rendered fov L-53.34 R53.34 U53.34 D-53.34 deg (overscan 0.050)
 INFO [get_view_poses] geometry[eye 1]: panel fov L-51.99 R51.99 U51.99 D-51.99 -> rendered fov L-53.34 R53.34 U53.34 D-53.34 deg (overscan 0.050)
 INFO [update_lens_mask] nxwarp: stream 0 lens mask: 111 of 1156 tiles per eye masked (margin 1 tile, fov -53.3/53.3/53.3/-53.3 deg); flattened only: this backend has no skip-map input, so the tiles are coded as whatever the mode search makes of a constant grey
 INFO [encode] nxwarp: stream 0 rate control on: 76314363 bit/s is 105992 B/frame at 90 Hz, QP band 22..40
 INFO [encode] nxwarp: stream 0 stereo compose 0.000 ms/frame (max 0.000), 0.0% of the 1.6 ms encode
 INFO [encode] nxwarp: stream 0 encoded 1 frames in 2.4 s: 1.6 ms/frame (max 1.6), 83056 B/frame at fixed QP 28, paced to 90.0 fps (client decode not reported yet), 0 composited frame(s) not sent
 INFO [layer_commit] geometry[eye 0]: layer fov (what the app rendered, and what goes on the wire) L-53.34 R53.34 U53.34 D-53.34 deg
 INFO [layer_commit] geometry[eye 1]: layer fov (what the app rendered, and what goes on the wire) L-53.34 R53.34 U53.34 D-53.34 deg
 INFO [encode] nxwarp: stream 0 stereo compose 0.000 ms/frame (max 0.000), 0.0% of the 1.5 ms encode
 INFO [encode] nxwarp: stream 0 encoded 106 frames in 2.0 s: 1.5 ms/frame (max 2.9), 125746 B/frame vs 105992 target (+19%), QP 36.3 [24..40], controller allows 76.3 Mbit/s (at max QP), paced to 90.0 fps (client decode 7.1 ms), 75 composited frame(s) not sent, binding: bytes (decode 7.1 of 8.9 ms budget, floor +0)
 INFO [encode] nxwarp: stream 0 tile mapping: 104 frame(s) with per-tile spans, 2 with the fixed-chunk fallback ("tile-map": "auto")
 INFO [encode] nxwarp: stream 0 the headset did not reconstruct 61 frame(s) since the last report; 61 of them cost an all-intra frame and 0 named a frame older than one already coded intra and cost nothing. Last was frame 61, dropped by the worker backlog
 INFO [run_decode_rate_control] nxwarp: stream 0 decode 8.9 ms is over the 8.9 ms budget but 2 quantiser steps moved it less than 3%: holding the floor at +40 and releasing it. The decode is not paying for bits here (coded tiles 100% of the frame).
 INFO [encode] nxwarp: stream 0 stereo compose 0.000 ms/frame (max 0.000), 0.0% of the 2.2 ms encode
 INFO [encode] nxwarp: stream 0 encoded 131 frames in 2.0 s: 2.2 ms/frame (max 3.0), 135961 B/frame vs 105992 target (+28%), QP 40.0 [40..40], controller allows 76.3 Mbit/s (at max QP), paced to 90.0 fps (client decode 8.6 ms), 50 composited frame(s) not sent, binding: bytes (decode 8.6 of 8.9 ms budget, floor +0)
 INFO [encode] nxwarp: stream 0 tile mapping: 81 frame(s) with per-tile spans, 50 with the fixed-chunk fallback ("tile-map": "auto")
 WARN [run_rate_control] nxwarp: stream 0 cannot reach its bitrate ceiling: at max QP 40 the frames are 144281 B and the ceiling allows 105992 B (76314363 bit/s at the 90.0 fps this stream is budgeted at, 90 Hz composited). This is the smallest frame this quantiser can make of this picture — raise the ceiling, lower the resolution, or raise "max-qp"
 INFO [encode] nxwarp: stream 0 stereo compose 0.000 ms/frame (max 0.000), 0.0% of the 2.1 ms encode
 INFO [encode] nxwarp: stream 0 encoded 131 frames in 2.0 s: 2.1 ms/frame (max 3.2), 141520 B/frame vs 105992 target (+34%), QP 40.0 [40..40], controller allows 76.3 Mbit/s (CEILING UNREACHABLE, pinned at max QP), paced to 90.0 fps (client decode 6.7 ms), 50 composited frame(s) not sent, binding: bytes (decode 6.7 of 8.9 ms budget, floor +0)
 INFO [encode] nxwarp: stream 0 tile mapping: 34 frame(s) with per-tile spans, 97 with the fixed-chunk fallback ("tile-map": "auto")
 INFO [encode] nxwarp: stream 0 stereo compose 0.000 ms/frame (max 0.000), 0.0% of the 2.1 ms encode
 INFO [encode] nxwarp: stream 0 encoded 134 frames in 2.0 s: 2.1 ms/frame (max 3.0), 131645 B/frame vs 105992 target (+24%), QP 40.0 [40..40], controller allows 76.3 Mbit/s (CEILING UNREACHABLE, pinned at max QP), paced to 85.7 fps (client decode 7.7 ms), 46 composited frame(s) not sent, binding: bytes (decode 7.7 of 9.4 ms budget, floor +0)
 INFO [encode] nxwarp: stream 0 tile mapping: 130 frame(s) with per-tile spans, 4 with the fixed-chunk fallback ("tile-map": "auto")
 INFO [encode] nxwarp: stream 0 stereo compose 0.000 ms/frame (max 0.000), 0.0% of the 2.1 ms encode
 INFO [encode] nxwarp: stream 0 encoded 140 frames in 2.0 s: 2.1 ms/frame (max 3.4), 131274 B/frame vs 105992 target (+24%), QP 40.0 [40..40], controller allows 76.3 Mbit/s (CEILING UNREACHABLE, pinned at max QP), paced to 85.1 fps (client decode 9.1 ms), 42 composited frame(s) not sent, binding: bytes (decode 9.1 of 9.4 ms budget, floor +0)
 INFO [encode] nxwarp: stream 0 tile mapping: 136 frame(s) with per-tile spans, 4 with the fixed-chunk fallback ("tile-map": "auto")
 INFO [encode] nxwarp: stream 0 stereo compose 0.000 ms/frame (max 0.000), 0.0% of the 2.1 ms encode
 INFO [encode] nxwarp: stream 0 encoded 146 frames in 2.0 s: 2.1 ms/frame (max 3.0), 129687 B/frame vs 105992 target (+22%), QP 40.0 [40..40], controller allows 76.3 Mbit/s (CEILING UNREACHABLE, pinned at max QP), paced to 90.0 fps (client decode 8.4 ms), 35 composited frame(s) not sent, binding: bytes (decode 8.4 of 8.9 ms budget, floor +0)
 INFO [encode] nxwarp: stream 0 tile mapping: 146 frame(s) with per-tile spans, 0 with the fixed-chunk fallback ("tile-map": "auto")
 INFO [encode] nxwarp: stream 0 stereo compose 0.000 ms/frame (max 0.000), 0.0% of the 2.2 ms encode
 INFO [encode] nxwarp: stream 0 encoded 166 frames in 2.0 s: 2.2 ms/frame (max 4.7), 130549 B/frame vs 105992 target (+23%), QP 40.0 [40..40], controller allows 76.3 Mbit/s (CEILING UNREACHABLE, pinned at max QP), paced to 71.9 fps (client decode 11.5 ms), 15 composited frame(s) not sent, binding: bytes (decode 11.5 of 10.6 ms budget, floor +0)
 INFO [encode] nxwarp: stream 0 tile mapping: 166 frame(s) with per-tile spans, 0 with the fixed-chunk fallback ("tile-map": "auto")
 INFO [encode] nxwarp: stream 0 the headset did not reconstruct 2 frame(s) since the last report; 2 of them cost an all-intra frame and 0 named a frame older than one already coded intra and cost nothing. Last was frame 952, dropped by the worker backlog
 INFO [encode] nxwarp: stream 0 stereo compose 0.000 ms/frame (max 0.000), 0.0% of the 2.5 ms encode
 INFO [encode] nxwarp: stream 0 encoded 145 frames in 2.0 s: 2.5 ms/frame (max 3.8), 121117 B/frame vs 105992 target (+14%), QP 40.0 [40..40], controller allows 76.3 Mbit/s (CEILING UNREACHABLE, pinned at max QP), paced to 90.0 fps (client decode 7.2 ms), 35 composited frame(s) not sent, binding: bytes (decode 7.2 of 8.9 ms budget, floor +0)
 INFO [encode] nxwarp: stream 0 tile mapping: 145 frame(s) with per-tile spans, 0 with the fixed-chunk fallback ("tile-map": "auto")
 INFO [encode] nxwarp: stream 0 stereo compose 0.000 ms/frame (max 0.000), 0.0% of the 2.4 ms encode
 INFO [encode] nxwarp: stream 0 encoded 152 frames in 2.0 s: 2.4 ms/frame (max 3.7), 126630 B/frame vs 105992 target (+19%), QP 40.0 [40..40], controller allows 76.3 Mbit/s (CEILING UNREACHABLE, pinned at max QP), paced to 89.9 fps (client decode 9.9 ms), 28 composited frame(s) not sent, binding: bytes (decode 9.9 of 8.9 ms budget, floor +0)
 INFO [encode] nxwarp: stream 0 tile mapping: 145 frame(s) with per-tile spans, 7 with the fixed-chunk fallback ("tile-map": "auto")
 INFO [encode] nxwarp: stream 0 stereo compose 0.000 ms/frame (max 0.000), 0.0% of the 2.0 ms encode
 INFO [encode] nxwarp: stream 0 encoded 179 frames in 2.0 s: 2.0 ms/frame (max 2.6), 133392 B/frame vs 105992 target (+26%), QP 40.0 [40..40], controller allows 76.3 Mbit/s (CEILING UNREACHABLE, pinned at max QP), paced to 70.3 fps (client decode 11.6 ms), 2 composited frame(s) not sent, binding: bytes (decode 11.6 of 11.4 ms budget, floor +0)
 INFO [encode] nxwarp: stream 0 tile mapping: 166 frame(s) with per-tile spans, 13 with the fixed-chunk fallback ("tile-map": "auto")
 INFO [encode] nxwarp: stream 0 the headset did not reconstruct 4 frame(s) since the last report; 4 of them cost an all-intra frame and 0 named a frame older than one already coded intra and cost nothing. Last was frame 1410, dropped by the worker backlog
 INFO [encode] nxwarp: stream 0 stereo compose 0.000 ms/frame (max 0.000), 0.0% of the 2.0 ms encode
 INFO [encode] nxwarp: stream 0 encoded 178 frames in 2.0 s: 2.0 ms/frame (max 2.8), 146138 B/frame vs 105992 target (+38%), QP 40.0 [40..40], controller allows 76.3 Mbit/s (CEILING UNREACHABLE, pinned at max QP), paced to 66.0 fps (client decode 10.3 ms), 2 composited frame(s) not sent, binding: bytes (decode 10.3 of 12.2 ms budget, floor +0)
 INFO [encode] nxwarp: stream 0 tile mapping: 46 frame(s) with per-tile spans, 132 with the fixed-chunk fallback ("tile-map": "auto")
 INFO [encode] nxwarp: stream 0 the headset did not reconstruct 12 frame(s) since the last report; 12 of them cost an all-intra frame and 0 named a frame older than one already coded intra and cost nothing. Last was frame 1597, dropped by the worker backlog
 INFO [run_decode_rate_control] nxwarp: stream 0 decode window mean 9.8 ms is back under the 12.1 ms budget: the floor may rise again.
 INFO [run_decode_rate_control] nxwarp: stream 0 decode 11.3 ms is over the 11.2 ms budget but 2 quantiser steps moved it less than 3%: holding the floor at +40 and releasing it. The decode is not paying for bits here (coded tiles 100% of the frame).
 INFO [encode] nxwarp: stream 0 stereo compose 0.000 ms/frame (max 0.000), 0.0% of the 2.4 ms encode
 INFO [encode] nxwarp: stream 0 encoded 179 frames in 2.0 s: 2.4 ms/frame (max 3.5), 148741 B/frame vs 105992 target (+40%), QP 40.0 [40..40], controller allows 76.3 Mbit/s (CEILING UNREACHABLE, pinned at max QP), paced to 68.1 fps (client decode 12.0 ms), 2 composited frame(s) not sent, binding: bytes (decode 12.0 of 11.8 ms budget, floor +29)
 INFO [encode] nxwarp: stream 0 tile mapping: 54 frame(s) with per-tile spans, 125 with the fixed-chunk fallback ("tile-map": "auto")
 INFO [encode] nxwarp: stream 0 the headset did not reconstruct 9 frame(s) since the last report; 9 of them cost an all-intra frame and 0 named a frame older than one already coded intra and cost nothing. Last was frame 1774, dropped by the worker backlog
 INFO [encode] nxwarp: stream 0 stereo compose 0.000 ms/frame (max 0.000), 0.0% of the 2.3 ms encode
 INFO [encode] nxwarp: stream 0 encoded 177 frames in 2.0 s: 2.3 ms/frame (max 4.1), 143285 B/frame vs 105992 target (+35%), QP 40.0 [40..40], controller allows 76.3 Mbit/s (CEILING UNREACHABLE, pinned at max QP), paced to 68.3 fps (client decode 11.7 ms), 3 composited frame(s) not sent, binding: bytes (decode 11.7 of 11.7 ms budget, floor +25)
 INFO [encode] nxwarp: stream 0 tile mapping: 141 frame(s) with per-tile spans, 36 with the fixed-chunk fallback ("tile-map": "auto")
 INFO [encode] nxwarp: stream 0 the headset did not reconstruct 7 frame(s) since the last report; 7 of them cost an all-intra frame and 0 named a frame older than one already coded intra and cost nothing. Last was frame 1953, dropped by the worker backlog
 INFO [encode] nxwarp: stream 0 stereo compose 0.000 ms/frame (max 0.000), 0.0% of the 2.0 ms encode
 INFO [encode] nxwarp: stream 0 encoded 180 frames in 2.0 s: 2.0 ms/frame (max 2.4), 138751 B/frame vs 105992 target (+31%), QP 40.0 [40..40], controller allows 76.3 Mbit/s (CEILING UNREACHABLE, pinned at max QP), paced to 68.6 fps (client decode 11.6 ms), 1 composited frame(s) not sent, binding: bytes (decode 11.6 of 11.7 ms budget, floor +24)
 INFO [encode] nxwarp: stream 0 tile mapping: 150 frame(s) with per-tile spans, 30 with the fixed-chunk fallback ("tile-map": "auto")
 INFO [encode] nxwarp: stream 0 the headset did not reconstruct 8 frame(s) since the last report; 8 of them cost an all-intra frame and 0 named a frame older than one already coded intra and cost nothing. Last was frame 2133, dropped by the worker backlog
 INFO [encode] nxwarp: stream 0 stereo compose 0.000 ms/frame (max 0.000), 0.0% of the 2.0 ms encode
 INFO [encode] nxwarp: stream 0 encoded 180 frames in 2.0 s: 2.0 ms/frame (max 2.8), 140019 B/frame vs 105992 target (+32%), QP 40.0 [40..40], controller allows 76.3 Mbit/s (CEILING UNREACHABLE, pinned at max QP), paced to 68.1 fps (client decode 11.4 ms), 0 composited frame(s) not sent, binding: bytes (decode 11.4 of 11.8 ms budget, floor +23)
 INFO [encode] nxwarp: stream 0 tile mapping: 113 frame(s) with per-tile spans, 67 with the fixed-chunk fallback ("tile-map": "auto")
 INFO [encode] nxwarp: stream 0 the headset did not reconstruct 8 frame(s) since the last report; 8 of them cost an all-intra frame and 0 named a frame older than one already coded intra and cost nothing. Last was frame 2320, dropped by the worker backlog
 INFO [run_decode_rate_control] nxwarp: stream 0 decode 11.6 ms is over the 11.6 ms budget but 2 quantiser steps moved it less than 3%: holding the floor at +40 and releasing it. The decode is not paying for bits here (coded tiles 100% of the frame).
 INFO [encode] nxwarp: stream 0 stereo compose 0.000 ms/frame (max 0.000), 0.0% of the 2.1 ms encode
 INFO [encode] nxwarp: stream 0 encoded 181 frames in 2.0 s: 2.1 ms/frame (max 2.6), 133952 B/frame vs 105992 target (+26%), QP 40.0 [40..40], controller allows 76.3 Mbit/s (CEILING UNREACHABLE, pinned at max QP), paced to 71.8 fps (client decode 10.8 ms), 0 composited frame(s) not sent, binding: bytes (decode 10.8 of 11.2 ms budget, floor +40)
 INFO [encode] nxwarp: stream 0 tile mapping: 179 frame(s) with per-tile spans, 2 with the fixed-chunk fallback ("tile-map": "auto")
 INFO [encode] nxwarp: stream 0 the headset did not reconstruct 6 frame(s) since the last report; 6 of them cost an all-intra frame and 0 named a frame older than one already coded intra and cost nothing. Last was frame 2494, dropped by the worker backlog
 INFO [encode] nxwarp: stream 0 stereo compose 0.000 ms/frame (max 0.000), 0.0% of the 2.1 ms encode
 INFO [encode] nxwarp: stream 0 encoded 180 frames in 2.0 s: 2.1 ms/frame (max 2.4), 122844 B/frame vs 105992 target (+16%), QP 40.0 [40..40], controller allows 76.3 Mbit/s (CEILING UNREACHABLE, pinned at max QP), paced to 74.3 fps (client decode 11.4 ms), 0 composited frame(s) not sent, binding: bytes (decode 11.4 of 10.8 ms budget, floor +39)
 INFO [encode] nxwarp: stream 0 tile mapping: 180 frame(s) with per-tile spans, 0 with the fixed-chunk fallback ("tile-map": "auto")
 INFO [encode] nxwarp: stream 0 the headset did not reconstruct 2 frame(s) since the last report; 2 of them cost an all-intra frame and 0 named a frame older than one already coded intra and cost nothing. Last was frame 2656, dropped by the worker backlog
 WARN [run_rate_control] nxwarp: stream 0 cannot reach its bitrate ceiling: at max QP 40 the frames are 120646 B and the ceiling allows 105992 B (76314363 bit/s at the 90.0 fps this stream is budgeted at, 90 Hz composited). This is the smallest frame this quantiser can make of this picture — raise the ceiling, lower the resolution, or raise "max-qp"
 INFO [encode] nxwarp: stream 0 stereo compose 0.000 ms/frame (max 0.000), 0.0% of the 2.1 ms encode
 INFO [encode] nxwarp: stream 0 encoded 181 frames in 2.0 s: 2.1 ms/frame (max 2.5), 125435 B/frame vs 105992 target (+18%), QP 40.0 [40..40], controller allows 76.3 Mbit/s (CEILING UNREACHABLE, pinned at max QP), paced to 67.3 fps (client decode 11.6 ms), 0 composited frame(s) not sent, binding: bytes (decode 11.6 of 11.3 ms budget, floor +38)
 INFO [encode] nxwarp: stream 0 tile mapping: 181 frame(s) with per-tile spans, 0 with the fixed-chunk fallback ("tile-map": "auto")
 INFO [encode] nxwarp: stream 0 the headset did not reconstruct 7 frame(s) since the last report; 7 of them cost an all-intra frame and 0 named a frame older than one already coded intra and cost nothing. Last was frame 2864, dropped by the worker backlog
 INFO [encode] nxwarp: stream 0 stereo compose 0.000 ms/frame (max 0.000), 0.0% of the 2.0 ms encode
 INFO [encode] nxwarp: stream 0 encoded 180 frames in 2.0 s: 2.0 ms/frame (max 2.4), 134591 B/frame vs 105992 target (+27%), QP 40.0 [40..40], controller allows 76.3 Mbit/s (CEILING UNREACHABLE, pinned at max QP), paced to 70.3 fps (client decode 11.7 ms), 0 composited frame(s) not sent, binding: bytes (decode 11.7 of 11.4 ms budget, floor +37)
 INFO [encode] nxwarp: stream 0 tile mapping: 178 frame(s) with per-tile spans, 2 with the fixed-chunk fallback ("tile-map": "auto")
 INFO [encode] nxwarp: stream 0 the headset did not reconstruct 8 frame(s) since the last report; 8 of them cost an all-intra frame and 0 named a frame older than one already coded intra and cost nothing. Last was frame 3025, dropped by the worker backlog
 INFO [encode] nxwarp: stream 0 stereo compose 0.000 ms/frame (max 0.000), 0.0% of the 2.0 ms encode
 INFO [encode] nxwarp: stream 0 encoded 181 frames in 2.0 s: 2.0 ms/frame (max 2.6), 126736 B/frame vs 105992 target (+20%), QP 40.0 [40..40], controller allows 76.3 Mbit/s (CEILING UNREACHABLE, pinned at max QP), paced to 74.8 fps (client decode 11.4 ms), 0 composited frame(s) not sent, binding: bytes (decode 11.4 of 10.7 ms budget, floor +33)
 INFO [encode] nxwarp: stream 0 tile mapping: 180 frame(s) with per-tile spans, 1 with the fixed-chunk fallback ("tile-map": "auto")
 INFO [encode] nxwarp: stream 0 the headset did not reconstruct 6 frame(s) since the last report; 6 of them cost an all-intra frame and 0 named a frame older than one already coded intra and cost nothing. Last was frame 3165, dropped by the worker backlog
 INFO [encode] nxwarp: stream 0 stereo compose 0.000 ms/frame (max 0.000), 0.0% of the 2.1 ms encode
 INFO [encode] nxwarp: stream 0 encoded 179 frames in 2.0 s: 2.1 ms/frame (max 2.7), 120137 B/frame vs 105992 target (+13%), QP 40.0 [40..40], controller allows 76.3 Mbit/s (CEILING UNREACHABLE, pinned at max QP), paced to 74.3 fps (client decode 11.3 ms), 1 composited frame(s) not sent, binding: bytes (decode 11.3 of 10.8 ms budget, floor +32)
 INFO [encode] nxwarp: stream 0 tile mapping: 179 frame(s) with per-tile spans, 0 with the fixed-chunk fallback ("tile-map": "auto")
 INFO [encode] nxwarp: stream 0 the headset did not reconstruct 2 frame(s) since the last report; 2 of them cost an all-intra frame and 0 named a frame older than one already coded intra and cost nothing. Last was frame 3305, dropped by the worker backlog
 INFO [encode] nxwarp: stream 0 stereo compose 0.000 ms/frame (max 0.000), 0.0% of the 2.2 ms encode
 INFO [encode] nxwarp: stream 0 encoded 181 frames in 2.0 s: 2.2 ms/frame (max 2.6), 126990 B/frame vs 105992 target (+20%), QP 40.0 [40..40], controller allows 76.3 Mbit/s (CEILING UNREACHABLE, pinned at max QP), paced to 68.9 fps (client decode 11.6 ms), 0 composited frame(s) not sent, binding: bytes (decode 11.6 of 11.7 ms budget, floor +31)
 INFO [encode] nxwarp: stream 0 tile mapping: 167 frame(s) with per-tile spans, 14 with the fixed-chunk fallback ("tile-map": "auto")
 INFO [encode] nxwarp: stream 0 the headset did not reconstruct 7 frame(s) since the last report; 7 of them cost an all-intra frame and 0 named a frame older than one already coded intra and cost nothing. Last was frame 3580, dropped by the worker backlog
 INFO [encode] nxwarp: stream 0 stereo compose 0.000 ms/frame (max 0.000), 0.0% of the 2.1 ms encode
 INFO [encode] nxwarp: stream 0 encoded 181 frames in 2.0 s: 2.1 ms/frame (max 2.4), 139161 B/frame vs 105992 target (+31%), QP 40.0 [40..40], controller allows 76.3 Mbit/s (CEILING UNREACHABLE, pinned at max QP), paced to 68.1 fps (client decode 11.8 ms), 0 composited frame(s) not sent, binding: bytes (decode 11.8 of 11.8 ms budget, floor +30)
 INFO [encode] nxwarp: stream 0 tile mapping: 108 frame(s) with per-tile spans, 73 with the fixed-chunk fallback ("tile-map": "auto")
 INFO [encode] nxwarp: stream 0 the headset did not reconstruct 9 frame(s) since the last report; 9 of them cost an all-intra frame and 0 named a frame older than one already coded intra and cost nothing. Last was frame 3756, dropped by the worker backlog
 INFO [encode] nxwarp: stream 0 stereo compose 0.000 ms/frame (max 0.000), 0.0% of the 2.1 ms encode
 INFO [encode] nxwarp: stream 0 encoded 181 frames in 2.0 s: 2.1 ms/frame (max 2.3), 141693 B/frame vs 105992 target (+34%), QP 40.0 [40..40], controller allows 76.3 Mbit/s (CEILING UNREACHABLE, pinned at max QP), paced to 69.3 fps (client decode 11.6 ms), 0 composited frame(s) not sent, binding: bytes (decode 11.6 of 11.6 ms budget, floor +29)
 INFO [encode] nxwarp: stream 0 tile mapping: 42 frame(s) with per-tile spans, 139 with the fixed-chunk fallback ("tile-map": "auto")
 INFO [encode] nxwarp: stream 0 the headset did not reconstruct 10 frame(s) since the last report; 10 of them cost an all-intra frame and 0 named a frame older than one already coded intra and cost nothing. Last was frame 3932, dropped by the worker backlog
 INFO [encode] nxwarp: stream 0 stereo compose 0.000 ms/frame (max 0.000), 0.0% of the 2.0 ms encode
 INFO [encode] nxwarp: stream 0 encoded 181 frames in 2.0 s: 2.0 ms/frame (max 2.3), 129504 B/frame vs 105992 target (+22%), QP 40.0 [40..40], controller allows 76.3 Mbit/s (CEILING UNREACHABLE, pinned at max QP), paced to 73.5 fps (client decode 11.3 ms), 0 composited frame(s) not sent, binding: bytes (decode 11.3 of 10.9 ms budget, floor +28)
 INFO [encode] nxwarp: stream 0 tile mapping: 127 frame(s) with per-tile spans, 54 with the fixed-chunk fallback ("tile-map": "auto")
 INFO [encode] nxwarp: stream 0 the headset did not reconstruct 5 frame(s) since the last report; 5 of them cost an all-intra frame and 0 named a frame older than one already coded intra and cost nothing. Last was frame 4087, dropped by the worker backlog
 INFO [encode] nxwarp: stream 0 stereo compose 0.000 ms/frame (max 0.000), 0.0% of the 2.0 ms encode
 INFO [encode] nxwarp: stream 0 encoded 180 frames in 2.0 s: 2.0 ms/frame (max 2.3), 131984 B/frame vs 105992 target (+25%), QP 40.0 [40..40], controller allows 76.3 Mbit/s (CEILING UNREACHABLE, pinned at max QP), paced to 70.2 fps (client decode 11.5 ms), 0 composited frame(s) not sent, binding: bytes (decode 11.5 of 11.4 ms budget, floor +27)
 INFO [encode] nxwarp: stream 0 tile mapping: 151 frame(s) with per-tile spans, 29 with the fixed-chunk fallback ("tile-map": "auto")
 INFO [encode] nxwarp: stream 0 the headset did not reconstruct 7 frame(s) since the last report; 7 of them cost an all-intra frame and 0 named a frame older than one already coded intra and cost nothing. Last was frame 4292, dropped by the worker backlog
 INFO [encode] nxwarp: stream 0 stereo compose 0.000 ms/frame (max 0.000), 0.0% of the 2.3 ms encode
 INFO [encode] nxwarp: stream 0 encoded 176 frames in 2.0 s: 2.3 ms/frame (max 3.7), 134191 B/frame vs 105992 target (+27%), QP 40.0 [40..40], controller allows 76.3 Mbit/s (CEILING UNREACHABLE, pinned at max QP), paced to 73.2 fps (client decode 11.5 ms), 5 composited frame(s) not sent, binding: bytes (decode 11.5 of 10.9 ms budget, floor +0)
 INFO [encode] nxwarp: stream 0 tile mapping: 175 frame(s) with per-tile spans, 1 with the fixed-chunk fallback ("tile-map": "auto")
 INFO [encode] nxwarp: stream 0 the headset did not reconstruct 5 frame(s) since the last report; 5 of them cost an all-intra frame and 0 named a frame older than one already coded intra and cost nothing. Last was frame 4456, dropped by the worker backlog
 INFO [encode] nxwarp: stream 0 stereo compose 0.000 ms/frame (max 0.000), 0.0% of the 2.2 ms encode
 INFO [encode] nxwarp: stream 0 encoded 179 frames in 2.0 s: 2.2 ms/frame (max 3.3), 130642 B/frame vs 105992 target (+23%), QP 40.0 [40..40], controller allows 76.3 Mbit/s (CEILING UNREACHABLE, pinned at max QP), paced to 72.5 fps (client decode 11.7 ms), 2 composited frame(s) not sent, binding: bytes (decode 11.7 of 11.0 ms budget, floor +0)
 INFO [encode] nxwarp: stream 0 tile mapping: 179 frame(s) with per-tile spans, 0 with the fixed-chunk fallback ("tile-map": "auto")
 INFO [encode] nxwarp: stream 0 the headset did not reconstruct 5 frame(s) since the last report; 5 of them cost an all-intra frame and 0 named a frame older than one already coded intra and cost nothing. Last was frame 4644, dropped by the worker backlog
 INFO [encode] nxwarp: stream 0 stereo compose 0.000 ms/frame (max 0.000), 0.0% of the 2.0 ms encode
 INFO [encode] nxwarp: stream 0 encoded 181 frames in 2.0 s: 2.0 ms/frame (max 2.2), 133211 B/frame vs 105992 target (+26%), QP 40.0 [40..40], controller allows 76.3 Mbit/s (CEILING UNREACHABLE, pinned at max QP), paced to 73.9 fps (client decode 9.6 ms), 0 composited frame(s) not sent, binding: bytes (decode 9.6 of 10.9 ms budget, floor +0)
 INFO [encode] nxwarp: stream 0 tile mapping: 181 frame(s) with per-tile spans, 0 with the fixed-chunk fallback ("tile-map": "auto")
 INFO [encode] nxwarp: stream 0 the headset did not reconstruct 7 frame(s) since the last report; 7 of them cost an all-intra frame and 0 named a frame older than one already coded intra and cost nothing. Last was frame 4837, dropped by the worker backlog
 INFO [encode] nxwarp: stream 0 stereo compose 0.000 ms/frame (max 0.000), 0.0% of the 2.0 ms encode
 INFO [encode] nxwarp: stream 0 encoded 181 frames in 2.0 s: 2.0 ms/frame (max 2.2), 126555 B/frame vs 105992 target (+19%), QP 40.0 [40..40], controller allows 76.3 Mbit/s (CEILING UNREACHABLE, pinned at max QP), paced to 74.6 fps (client decode 11.3 ms), 0 composited frame(s) not sent, binding: bytes (decode 11.3 of 10.7 ms budget, floor +0)
 INFO [encode] nxwarp: stream 0 tile mapping: 181 frame(s) with per-tile spans, 0 with the fixed-chunk fallback ("tile-map": "auto")
 INFO [encode] nxwarp: stream 0 the headset did not reconstruct 3 frame(s) since the last report; 3 of them cost an all-intra frame and 0 named a frame older than one already coded intra and cost nothing. Last was frame 4991, dropped by the worker backlog
 INFO [encode] nxwarp: stream 0 stereo compose 0.000 ms/frame (max 0.000), 0.0% of the 2.0 ms encode
 INFO [encode] nxwarp: stream 0 encoded 180 frames in 2.0 s: 2.0 ms/frame (max 2.2), 126585 B/frame vs 105992 target (+19%), QP 40.0 [40..40], controller allows 76.3 Mbit/s (CEILING UNREACHABLE, pinned at max QP), paced to 69.2 fps (client decode 11.4 ms), 0 composited frame(s) not sent, binding: bytes (decode 11.4 of 11.6 ms budget, floor +0)
 INFO [encode] nxwarp: stream 0 tile mapping: 180 frame(s) with per-tile spans, 0 with the fixed-chunk fallback ("tile-map": "auto")
 INFO [encode] nxwarp: stream 0 the headset did not reconstruct 4 frame(s) since the last report; 4 of them cost an all-intra frame and 0 named a frame older than one already coded intra and cost nothing. Last was frame 5203, dropped by the worker backlog
 INFO [encode] nxwarp: stream 0 stereo compose 0.000 ms/frame (max 0.000), 0.0% of the 2.4 ms encode
 INFO [encode] nxwarp: stream 0 encoded 178 frames in 2.0 s: 2.4 ms/frame (max 3.8), 132783 B/frame vs 105992 target (+25%), QP 40.0 [40..40], controller allows 76.3 Mbit/s (CEILING UNREACHABLE, pinned at max QP), paced to 75.8 fps (client decode 11.6 ms), 3 composited frame(s) not sent, binding: bytes (decode 11.6 of 10.5 ms budget, floor +0)
 INFO [encode] nxwarp: stream 0 tile mapping: 176 frame(s) with per-tile spans, 2 with the fixed-chunk fallback ("tile-map": "auto")
 INFO [encode] nxwarp: stream 0 the headset did not reconstruct 5 frame(s) since the last report; 5 of them cost an all-intra frame and 0 named a frame older than one already coded intra and cost nothing. Last was frame 5352, dropped by the worker backlog
 WARN [run_rate_control] nxwarp: stream 0 cannot reach its bitrate ceiling: at max QP 40 the frames are 132567 B and the ceiling allows 105992 B (76314363 bit/s at the 90.0 fps this stream is budgeted at, 90 Hz composited). This is the smallest frame this quantiser can make of this picture — raise the ceiling, lower the resolution, or raise "max-qp"
 INFO [encode] nxwarp: stream 0 stereo compose 0.000 ms/frame (max 0.000), 0.0% of the 2.0 ms encode
 INFO [encode] nxwarp: stream 0 encoded 180 frames in 2.0 s: 2.0 ms/frame (max 2.3), 135123 B/frame vs 105992 target (+27%), QP 40.0 [40..40], controller allows 76.3 Mbit/s (CEILING UNREACHABLE, pinned at max QP), paced to 70.8 fps (client decode 11.3 ms), 0 composited frame(s) not sent, binding: bytes (decode 11.3 of 11.3 ms budget, floor +0)
 INFO [encode] nxwarp: stream 0 tile mapping: 108 frame(s) with per-tile spans, 72 with the fixed-chunk fallback ("tile-map": "auto")
 INFO [encode] nxwarp: stream 0 the headset did not reconstruct 6 frame(s) since the last report; 6 of them cost an all-intra frame and 0 named a frame older than one already coded intra and cost nothing. Last was frame 5553, dropped by the worker backlog
 INFO [encode] nxwarp: stream 0 stereo compose 0.000 ms/frame (max 0.000), 0.0% of the 2.0 ms encode
 INFO [encode] nxwarp: stream 0 encoded 180 frames in 2.0 s: 2.0 ms/frame (max 2.8), 129195 B/frame vs 105992 target (+22%), QP 40.0 [40..40], controller allows 76.3 Mbit/s (CEILING UNREACHABLE, pinned at max QP), paced to 73.2 fps (client decode 11.4 ms), 0 composited frame(s) not sent, binding: bytes (decode 11.4 of 10.9 ms budget, floor +0)
 INFO [encode] nxwarp: stream 0 tile mapping: 166 frame(s) with per-tile spans, 14 with the fixed-chunk fallback ("tile-map": "auto")
 INFO [encode] nxwarp: stream 0 the headset did not reconstruct 4 frame(s) since the last report; 4 of them cost an all-intra frame and 0 named a frame older than one already coded intra and cost nothing. Last was frame 5715, dropped by the worker backlog
 INFO [encode] nxwarp: stream 0 stereo compose 0.000 ms/frame (max 0.000), 0.0% of the 2.0 ms encode
 INFO [encode] nxwarp: stream 0 encoded 181 frames in 2.0 s: 2.0 ms/frame (max 2.3), 132811 B/frame vs 105992 target (+25%), QP 40.0 [40..40], controller allows 76.3 Mbit/s (CEILING UNREACHABLE, pinned at max QP), paced to 67.4 fps (client decode 11.7 ms), 0 composited frame(s) not sent, binding: bytes (decode 11.7 of 11.9 ms budget, floor +0)
 INFO [encode] nxwarp: stream 0 tile mapping: 131 frame(s) with per-tile spans, 50 with the fixed-chunk fallback ("tile-map": "auto")
 INFO [encode] nxwarp: stream 0 the headset did not reconstruct 7 frame(s) since the last report; 7 of them cost an all-intra frame and 0 named a frame older than one already coded intra and cost nothing. Last was frame 5919, dropped by the worker backlog
 INFO [encode] nxwarp: stream 0 stereo compose 0.000 ms/frame (max 0.000), 0.0% of the 2.0 ms encode
 INFO [encode] nxwarp: stream 0 encoded 180 frames in 2.0 s: 2.0 ms/frame (max 2.4), 146573 B/frame vs 105992 target (+38%), QP 40.0 [40..40], controller allows 76.3 Mbit/s (CEILING UNREACHABLE, pinned at max QP), paced to 68.9 fps (client decode 11.8 ms), 0 composited frame(s) not sent, binding: bytes (decode 11.8 of 11.6 ms budget, floor +0)
 INFO [encode] nxwarp: stream 0 tile mapping: 20 frame(s) with per-tile spans, 160 with the fixed-chunk fallback ("tile-map": "auto")
 INFO [encode] nxwarp: stream 0 the headset did not reconstruct 10 frame(s) since the last report; 10 of them cost an all-intra frame and 0 named a frame older than one already coded intra and cost nothing. Last was frame 6089, dropped by the worker backlog
 INFO [encode] nxwarp: stream 0 stereo compose 0.000 ms/frame (max 0.000), 0.0% of the 2.0 ms encode
 INFO [encode] nxwarp: stream 0 encoded 181 frames in 2.0 s: 2.0 ms/frame (max 2.4), 137981 B/frame vs 105992 target (+30%), QP 40.0 [40..40], controller allows 76.3 Mbit/s (CEILING UNREACHABLE, pinned at max QP), paced to 72.9 fps (client decode 11.2 ms), 0 composited frame(s) not sent, binding: bytes (decode 11.2 of 11.0 ms budget, floor +0)
 INFO [encode] nxwarp: stream 0 tile mapping: 75 frame(s) with per-tile spans, 106 with the fixed-chunk fallback ("tile-map": "auto")
 INFO [encode] nxwarp: stream 0 the headset did not reconstruct 8 frame(s) since the last report; 8 of them cost an all-intra frame and 0 named a frame older than one already coded intra and cost nothing. Last was frame 6266, dropped by the worker backlog
 INFO [encode] nxwarp: stream 0 stereo compose 0.000 ms/frame (max 0.000), 0.0% of the 2.0 ms encode
 INFO [encode] nxwarp: stream 0 encoded 180 frames in 2.0 s: 2.0 ms/frame (max 2.5), 118695 B/frame vs 105992 target (+12%), QP 40.0 [40..40], controller allows 76.3 Mbit/s (CEILING UNREACHABLE, pinned at max QP), paced to 76.6 fps (client decode 11.1 ms), 0 composited frame(s) not sent, binding: bytes (decode 11.1 of 10.4 ms budget, floor +0)
 INFO [encode] nxwarp: stream 0 tile mapping: 180 frame(s) with per-tile spans, 0 with the fixed-chunk fallback ("tile-map": "auto")
 INFO [encode] nxwarp: stream 0 the headset did not reconstruct 1 frame(s) since the last report; 1 of them cost an all-intra frame and 0 named a frame older than one already coded intra and cost nothing. Last was frame 6317, dropped by the worker backlog
 INFO [encode] nxwarp: stream 0 stereo compose 0.000 ms/frame (max 0.000), 0.0% of the 2.0 ms encode
 INFO [encode] nxwarp: stream 0 encoded 181 frames in 2.0 s: 2.0 ms/frame (max 2.6), 114760 B/frame vs 105992 target (+8%), QP 40.0 [40..40], controller allows 76.3 Mbit/s (at max QP), paced to 88.5 fps (client decode 8.1 ms), 0 composited frame(s) not sent, binding: bytes (decode 8.1 of 9.1 ms budget, floor +0)
 INFO [encode] nxwarp: stream 0 tile mapping: 181 frame(s) with per-tile spans, 0 with the fixed-chunk fallback ("tile-map": "auto")
 INFO [encode] nxwarp: stream 0 stereo compose 0.000 ms/frame (max 0.000), 0.0% of the 2.0 ms encode
 INFO [encode] nxwarp: stream 0 encoded 181 frames in 2.0 s: 2.0 ms/frame (max 2.4), 123103 B/frame vs 105992 target (+16%), QP 40.0 [40..40], controller allows 76.3 Mbit/s (CEILING UNREACHABLE, pinned at max QP), paced to 75.9 fps (client decode 11.2 ms), 0 composited frame(s) not sent, binding: bytes (decode 11.2 of 10.5 ms budget, floor +0)
 INFO [encode] nxwarp: stream 0 tile mapping: 181 frame(s) with per-tile spans, 0 with the fixed-chunk fallback ("tile-map": "auto")
 INFO [encode] nxwarp: stream 0 the headset did not reconstruct 2 frame(s) since the last report; 2 of them cost an all-intra frame and 0 named a frame older than one already coded intra and cost nothing. Last was frame 6804, dropped by the worker backlog
 INFO [encode] nxwarp: stream 0 stereo compose 0.000 ms/frame (max 0.000), 0.0% of the 2.0 ms encode
 INFO [encode] nxwarp: stream 0 encoded 181 frames in 2.0 s: 2.0 ms/frame (max 2.7), 125296 B/frame vs 105992 target (+18%), QP 40.0 [40..40], controller allows 76.3 Mbit/s (CEILING UNREACHABLE, pinned at max QP), paced to 74.8 fps (client decode 11.4 ms), 0 composited frame(s) not sent, binding: bytes (decode 11.4 of 10.7 ms budget, floor +0)
 INFO [encode] nxwarp: stream 0 tile mapping: 181 frame(s) with per-tile spans, 0 with the fixed-chunk fallback ("tile-map": "auto")
 INFO [encode] nxwarp: stream 0 the headset did not reconstruct 4 frame(s) since the last report; 4 of them cost an all-intra frame and 0 named a frame older than one already coded intra and cost nothing. Last was frame 6931, dropped by the worker backlog
 INFO [encode] nxwarp: stream 0 stereo compose 0.000 ms/frame (max 0.000), 0.0% of the 2.0 ms encode
 INFO [encode] nxwarp: stream 0 encoded 181 frames in 2.0 s: 2.0 ms/frame (max 2.4), 122639 B/frame vs 105992 target (+16%), QP 40.0 [40..40], controller allows 76.3 Mbit/s (CEILING UNREACHABLE, pinned at max QP), paced to 88.2 fps (client decode 8.5 ms), 0 composited frame(s) not sent, binding: bytes (decode 8.5 of 9.1 ms budget, floor +0)
 INFO [encode] nxwarp: stream 0 tile mapping: 181 frame(s) with per-tile spans, 0 with the fixed-chunk fallback ("tile-map": "auto")
 INFO [encode] nxwarp: stream 0 the headset did not reconstruct 3 frame(s) since the last report; 3 of them cost an all-intra frame and 0 named a frame older than one already coded intra and cost nothing. Last was frame 7143, dropped by the worker backlog
 INFO [encode] nxwarp: stream 0 stereo compose 0.000 ms/frame (max 0.000), 0.0% of the 2.0 ms encode
 INFO [encode] nxwarp: stream 0 encoded 180 frames in 2.0 s: 2.0 ms/frame (max 2.3), 134794 B/frame vs 105992 target (+27%), QP 40.0 [40..40], controller allows 76.3 Mbit/s (CEILING UNREACHABLE, pinned at max QP), paced to 70.6 fps (client decode 11.6 ms), 0 composited frame(s) not sent, binding: bytes (decode 11.6 of 11.3 ms budget, floor +0)
 INFO [encode] nxwarp: stream 0 tile mapping: 179 frame(s) with per-tile spans, 1 with the fixed-chunk fallback ("tile-map": "auto")
 INFO [encode] nxwarp: stream 0 the headset did not reconstruct 5 frame(s) since the last report; 5 of them cost an all-intra frame and 0 named a frame older than one already coded intra and cost nothing. Last was frame 7355, dropped by the worker backlog
 INFO [encode] nxwarp: stream 0 stereo compose 0.000 ms/frame (max 0.000), 0.0% of the 2.0 ms encode
 INFO [encode] nxwarp: stream 0 encoded 181 frames in 2.0 s: 2.0 ms/frame (max 2.4), 145678 B/frame vs 105992 target (+37%), QP 40.0 [40..40], controller allows 76.3 Mbit/s (CEILING UNREACHABLE, pinned at max QP), paced to 67.7 fps (client decode 11.7 ms), 0 composited frame(s) not sent, binding: bytes (decode 11.7 of 11.9 ms budget, floor +0)
 INFO [encode] nxwarp: stream 0 tile mapping: 62 frame(s) with per-tile spans, 119 with the fixed-chunk fallback ("tile-map": "auto")
 INFO [encode] nxwarp: stream 0 the headset did not reconstruct 9 frame(s) since the last report; 9 of them cost an all-intra frame and 0 named a frame older than one already coded intra and cost nothing. Last was frame 7546, dropped by the worker backlog
 INFO [client_disconnected] Client 1 disconnected
 INFO [update_session_state_locked] Stopped native session, 0 active app session(s).
