 WARN [on_control_send_error] Primary control socket failed: Socket shutdown
 WARN [run_net] Exception in network thread: Socket shutdown, Session paused.
 INFO [reconnect] Waiting for new connection
No longer listening for secondary paths
 INFO [quit_if_no_client] No OpenXR client connected, exiting
 INFO [multi_main_loop] Already stopped, nothing to clean up.
 INFO [mic_state_changed] Microphone state changed from PW_STREAM_STATE_PAUSED to PW_STREAM_STATE_UNCONNECTED
 WARN [mic_state_changed] failed to update microphone state: Broken pipe
 INFO [ipc_server_main_common] Server exiting: '0'
Server exited, exit status 0
Client connected
Server started, PID 304376
 INFO [ipc_server_main_common] WiVRn 'nx-atlas-live-920ac878-dirty' starting up...
Setting the OpenVR compatibility library to /opt/xrizer
Listening for secondary paths on port 9757
 INFO [vk_bundle] Vulkan instance created:
	GPU: AMD Radeon RX 7900 XTX (RADV NAVI31)
	queue families: 1 3 1 (main, encode, transfer)

 INFO [video_encoder_va] vaapi: intra refresh loss recovery has no effect, the VAAPI encoders expose no intra refresh control; lost frames still ask for a keyframe
 INFO [video_encoder_va] vaapi: reference invalidation has no effect, libavcodec owns the VAAPI reference lists; lost frames still ask for a keyframe
 INFO [video_encoder_va] vaapi: intra refresh loss recovery has no effect, the VAAPI encoders expose no intra refresh control; lost frames still ask for a keyframe
 INFO [video_encoder_va] vaapi: reference invalidation has no effect, libavcodec owns the VAAPI reference lists; lost frames still ask for a keyframe
 INFO [video_encoder_va] vaapi: intra refresh loss recovery has no effect, the VAAPI encoders expose no intra refresh control; lost frames still ask for a keyframe
 INFO [video_encoder_va] vaapi: reference invalidation has no effect, libavcodec owns the VAAPI reference lists; lost frames still ask for a keyframe
 INFO [video_encoder_va] vaapi: intra refresh loss recovery has no effect, the VAAPI encoders expose no intra refresh control; lost frames still ask for a keyframe
 INFO [video_encoder_va] vaapi: reference invalidation has no effect, libavcodec owns the VAAPI reference lists; lost frames still ask for a keyframe
 INFO [compositor] compositor: WIVRN_NX_SOURCE_FPS=60 enabled (60/s source admission cap; app/display cadence unchanged)
 INFO [comp_vulkan_formats_log] Supported formats:
	VK_FORMAT_R16G16B16A16_UNORM: true
	VK_FORMAT_R16G16B16A16_SFLOAT: true
	VK_FORMAT_R16G16B16_UNORM: false
	VK_FORMAT_R16G16B16_SFLOAT: false
	VK_FORMAT_R8G8B8A8_SRGB: true
	VK_FORMAT_B8G8R8A8_SRGB: true
	VK_FORMAT_R8G8B8_SRGB: false
	VK_FORMAT_R8G8B8A8_UNORM: true
	VK_FORMAT_B8G8R8A8_UNORM: true
	VK_FORMAT_R8G8B8_UNORM: false
	VK_FORMAT_B8G8R8_UNORM: false
	VK_FORMAT_R5G6B5_UNORM_PACK16: true
	VK_FORMAT_R32_SFLOAT: true
	VK_FORMAT_D32_SFLOAT: true
	VK_FORMAT_D16_UNORM: true
	VK_FORMAT_X8_D24_UNORM_PACK32: false
	VK_FORMAT_D24_UNORM_S8_UINT: false
	VK_FORMAT_D32_SFLOAT_S8_UINT: true
	VK_FORMAT_S8_UINT: true
 INFO [print_encoders] Encoder configuration:
	* vaapi (h265 10-bit)
	  size: 2688x2688
	  bitrate: 24.1Mbit/s
	* vaapi (h265 10-bit)
	  size: 2688x2688
	  bitrate: 24.1Mbit/s
	* vaapi (h265 10-bit)
	  size: 2688x1344
	  bitrate: 0.6Mbit/s
 INFO [video_encoder_va] vaapi: intra refresh loss recovery has no effect, the VAAPI encoders expose no intra refresh control; lost frames still ask for a keyframe
 INFO [video_encoder_va] vaapi: reference invalidation has no effect, libavcodec owns the VAAPI reference lists; lost frames still ask for a keyframe
 INFO [video_encoder_va] vaapi: intra refresh loss recovery has no effect, the VAAPI encoders expose no intra refresh control; lost frames still ask for a keyframe
 INFO [video_encoder_va] vaapi: reference invalidation has no effect, libavcodec owns the VAAPI reference lists; lost frames still ask for a keyframe
 INFO [video_encoder_va] vaapi: intra refresh loss recovery has no effect, the VAAPI encoders expose no intra refresh control; lost frames still ask for a keyframe
 INFO [video_encoder_va] vaapi: reference invalidation has no effect, libavcodec owns the VAAPI reference lists; lost frames still ask for a keyframe
 INFO [wivrn_hmd] edge bleed: rendering 5.0% overscan, 1.35 deg left / 1.35 deg up on eye 0 (same encoded size, so about 4.8% less sharp)
 INFO [pipewire_device] pipewire speaker stream created (quantum: 240 frames, 5.00 ms)
 INFO [mic_state_changed] Microphone state changed from PW_STREAM_STATE_UNCONNECTED to PW_STREAM_STATE_CONNECTING
 INFO [pipewire_device] pipewire microphone stream created (quantum: 240 frames, 5.00 ms)
 INFO [configure] Automatic bitrate enabled, AIMD (v1), ceiling 49.0 Mbit/s, floor 10.0 Mbit/s, radio trend on
 INFO [set_pacing] Packet pacing enabled, spreading each frame over 40% of a frame period
 INFO [apply_qos] Wi-Fi QoS marks enabled (video AF41 / AC_VI, control EF / AC_VO)
 INFO [set_fec] Forward error correction enabled, one parity shard per 8 video shards
 INFO [set_fec_adaptive] Adaptive error correction enabled, parity ratio between 16+1 and 4+1 with interleaved groups
 INFO [set_shard_retransmit] Shard retransmission enabled, keeping 1024 kB of recently sent shards per stream
 WARN [check_socket_path] path not found: /run/user/1000/SlimeVRRpc
 WARN [check_socket_path] path not found: /run/user/1000/.flatpak/dev.slimevr.SlimeVR/xdg-run/SlimeVRRpc
 WARN [check_socket_path] path not found: /home/nerdrx/.local/share/dev.slimevr.SlimeVR/SlimeVRRpc
ERROR [solarxr_ipc_socket_find] failed to resolve socket path
 INFO [u_linux_try_to_set_realtime_priority_on_thread] Raised priority of thread 'Multi Client Module' to policy: 'SCHED_FIFO', priority: '99'
 INFO [operator()] Session state changed: XR_SESSION_STATE_FOCUSED
 INFO [mic_state_changed] Microphone state changed from PW_STREAM_STATE_CONNECTING to PW_STREAM_STATE_PAUSED
 INFO [client_connected] Client 1 connected
 INFO [ipc_handle_instance_describe_client] Client info:
	id: 1
	application_name: 'steam'
	pid: 304317
	extensions:
		ext_hand_tracking_enabled: true
		ext_hand_tracking_data_source_enabled: false
		ext_eye_gaze_interaction_enabled: false
		ext_future_enabled: false
		ext_hand_interaction_enabled: false
		htc_facial_tracking_enabled: false
		fb_body_tracking_enabled: false
		meta_body_tracking_full_body_enabled: false
		meta_body_tracking_calibration_enabled: false
		meta_body_tracking_fidelity_enabled: false
		fb_face_tracking2_enabled: false
		android_face_tracking_enabled: false
 INFO [update_session_state_locked] Started native session, 1 active app session(s).
 INFO [client_disconnected] Client 1 disconnected
 INFO [update_session_state_locked] Stopped native session, 0 active app session(s).
 INFO [client_connected] Client 2 connected
 INFO [ipc_handle_instance_describe_client] Client info:
	id: 2
	application_name: 'wineopenxr test instance'
	pid: 304317
	extensions:
		ext_hand_tracking_enabled: false
		ext_hand_tracking_data_source_enabled: false
		ext_eye_gaze_interaction_enabled: false
		ext_future_enabled: false
		ext_hand_interaction_enabled: false
		htc_facial_tracking_enabled: false
		fb_body_tracking_enabled: false
		meta_body_tracking_full_body_enabled: false
		meta_body_tracking_calibration_enabled: false
		meta_body_tracking_fidelity_enabled: false
		fb_face_tracking2_enabled: false
		android_face_tracking_enabled: false
 INFO [client_disconnected] Client 2 disconnected
 INFO [operator()] Updating interaction profiles: from 
	XRT_DEVICE_TOUCH_CONTROLLER (left)  to XRT_DEVICE_EXT_HAND_INTERACTION
	XRT_DEVICE_TOUCH_CONTROLLER (right) to XRT_DEVICE_EXT_HAND_INTERACTION

 INFO [client_connected] Client 3 connected
 INFO [ipc_handle_instance_describe_client] Client info:
	id: 3
	application_name: 'HelloXR'
	pid: 304550
	extensions:
		ext_hand_tracking_enabled: false
		ext_hand_tracking_data_source_enabled: false
		ext_eye_gaze_interaction_enabled: false
		ext_future_enabled: false
		ext_hand_interaction_enabled: false
		htc_facial_tracking_enabled: false
		fb_body_tracking_enabled: false
		meta_body_tracking_full_body_enabled: false
		meta_body_tracking_calibration_enabled: false
		meta_body_tracking_fidelity_enabled: false
		fb_face_tracking2_enabled: false
		android_face_tracking_enabled: false
 INFO [update_session_state_locked] Started native session, 1 active app session(s).
 INFO [get_view_poses] geometry[eye 0]: panel fov L-51.99 R51.99 U51.99 D-51.99 -> rendered fov L-53.34 R53.34 U53.34 D-53.34 deg (overscan 0.050)
 INFO [get_view_poses] geometry[eye 1]: panel fov L-51.99 R51.99 U51.99 D-51.99 -> rendered fov L-53.34 R53.34 U53.34 D-53.34 deg (overscan 0.050)
 INFO [layer_commit] geometry[eye 0]: layer fov (what the app rendered, and what goes on the wire) L-53.34 R53.34 U53.34 D-53.34 deg
 INFO [layer_commit] geometry[eye 1]: layer fov (what the app rendered, and what goes on the wire) L-53.34 R53.34 U53.34 D-53.34 deg
 WARN [operator()] IDR frame timeout
 WARN [operator()] IDR frame timeout
 INFO [operator()] IDR frame needed on stream 0
 INFO [operator()] IDR frame needed on stream 1
 INFO [layer_commit] source cap: admitted 121 skipped 61 in 2.005 s (60.35 admitted/s; before image acquisition)
 WARN [operator()] IDR frame timeout
 WARN [operator()] IDR frame timeout
 INFO [operator()] IDR frame needed on stream 0
 INFO [operator()] IDR frame needed on stream 1
 WARN [operator()] IDR frame timeout
 WARN [operator()] IDR frame timeout
 INFO [operator()] IDR frame needed on stream 1
 INFO [evaluate_aimd] Automatic bitrate: acute congestion, 49.0 -> 19.6 Mbit/s (p90 utilisation 3.30, 20 lost, 7 late over 25 frames)
 INFO [layer_commit] source cap: admitted 120 skipped 60 in 2.002 s (59.94 admitted/s; before image acquisition)
 WARN [operator()] IDR frame timeout
 INFO [operator()] IDR frame needed on stream 0
 WARN [operator()] IDR frame timeout
 INFO [operator()] IDR frame needed on stream 1
 INFO [layer_commit] source cap: admitted 120 skipped 60 in 2.000 s (59.99 admitted/s; before image acquisition)
 WARN [operator()] IDR frame timeout
 INFO [operator()] IDR frame needed on stream 0
 WARN [operator()] IDR frame timeout
 WARN [operator()] IDR frame timeout
 INFO [operator()] IDR frame needed on stream 0
 INFO [evaluate_aimd] Automatic bitrate: acute congestion, 19.6 -> 10.0 Mbit/s (p90 utilisation 3.57, 10 lost, 4 late over 23 frames)
 WARN [operator()] IDR frame timeout
 INFO [operator()] IDR frame needed on stream 1
 INFO [mic_state_changed] Microphone state changed from PW_STREAM_STATE_PAUSED to PW_STREAM_STATE_STREAMING
 INFO [layer_commit] source cap: admitted 120 skipped 60 in 2.001 s (59.97 admitted/s; before image acquisition)
 WARN [operator()] IDR frame timeout
 INFO [operator()] IDR frame needed on stream 0
 WARN [operator()] IDR frame timeout
 INFO [operator()] IDR frame needed on stream 1
 WARN [operator()] IDR frame timeout
 INFO [operator()] IDR frame needed on stream 0
 WARN [operator()] IDR frame timeout
 INFO [operator()] IDR frame needed on stream 1
 INFO [layer_commit] source cap: admitted 121 skipped 60 in 2.011 s (60.16 admitted/s; before image acquisition)
 WARN [operator()] IDR frame timeout
 INFO [operator()] IDR frame needed on stream 0
 WARN [operator()] IDR frame timeout
 INFO [operator()] IDR frame needed on stream 1
 INFO [layer_commit] source cap: admitted 120 skipped 61 in 2.002 s (59.93 admitted/s; before image acquisition)
 WARN [operator()] IDR frame timeout
 INFO [operator()] IDR frame needed on stream 0
 WARN [operator()] IDR frame timeout
 INFO [operator()] IDR frame needed on stream 1
 WARN [operator()] IDR frame timeout
 INFO [operator()] IDR frame needed on stream 0
 WARN [operator()] IDR frame timeout
 INFO [operator()] IDR frame needed on stream 1
 INFO [update_emergency] Emergency half-rate: engaging, halving the stream framerate (pinned at 10000000 bps, sustained loss)
 INFO [set_emergency_framerate] Emergency half-rate engaged: streaming at half the framerate to halve bandwidth
 INFO [layer_commit] source cap: admitted 120 skipped 59 in 2.022 s (59.34 admitted/s; before image acquisition)
 WARN [operator()] IDR frame timeout
 WARN [operator()] IDR frame timeout
 INFO [layer_commit] source cap: admitted 90 skipped 0 in 2.000 s (44.99 admitted/s; before image acquisition)
 INFO [layer_commit] source cap: admitted 91 skipped 0 in 2.022 s (45.01 admitted/s; before image acquisition)
 INFO [operator()] IDR frame needed on stream 0
 INFO [operator()] IDR frame needed on stream 1
 INFO [evaluate_aimd] Automatic bitrate: link healthy again, rebounding, 10.0 -> 11.6 Mbit/s (p90 utilisation 0.39, 0 lost, 0 late over 68 frames)
 INFO [layer_commit] source cap: admitted 90 skipped 2 in 2.013 s (44.70 admitted/s; before image acquisition)
 WARN [operator()] IDR frame timeout
 WARN [operator()] IDR frame timeout
 INFO [layer_commit] source cap: admitted 90 skipped 0 in 2.008 s (44.83 admitted/s; before image acquisition)
 INFO [evaluate_aimd] Automatic bitrate: acute congestion, 11.6 -> 10.0 Mbit/s (p90 utilisation 2.23, 8 lost, 2 late over 25 frames)
 INFO [operator()] IDR frame needed on stream 0
 INFO [operator()] IDR frame needed on stream 1
 INFO [layer_commit] source cap: admitted 90 skipped 1 in 2.008 s (44.81 admitted/s; before image acquisition)
 INFO [layer_commit] source cap: admitted 90 skipped 0 in 2.017 s (44.62 admitted/s; before image acquisition)
 INFO [operator()] IDR frame needed on stream 0
 INFO [operator()] IDR frame needed on stream 1
 INFO [operator()] IDR frame needed on stream 0
 INFO [operator()] IDR frame needed on stream 1
 INFO [layer_commit] source cap: admitted 88 skipped 2 in 2.003 s (43.93 admitted/s; before image acquisition)
 INFO [operator()] IDR frame needed on stream 0
 INFO [operator()] IDR frame needed on stream 1
 INFO [client_disconnected] Client 3 disconnected
 INFO [update_session_state_locked] Stopped native session, 0 active app session(s).
