[  0%] Built target generate_xrt_macro_lists
-- Setting version to nx-atlas-live-920ac878-dirty from parameters
-- Setting commit to 920ac878161231320352c105815bb1144ecf3d4c
[  2%] Built target boost_optional
[  2%] Built target xrt-external-nanopb
[  2%] Built target boost_random
[  2%] Built target wivrn-server-dbus-codegen
[  2%] Built target wivrn-version
[  2%] Built target generate_openvr_forward_macros
[  4%] Built target xrt-external-metrics
[  6%] Built target comp_shaders_headers
[  8%] Built target aux_util_debug_gui
[  8%] Built target aux_os
[ 10%] Built target wivrn-server-dbus
[ 12%] Built target boost_iostreams
[ 14%] Built target wivrn-common-base
[ 29%] Built target aux_util
[ 31%] Built target wivrn-common
[ 34%] Built target wivrn-common-server
[ 38%] Built target aux_math
[ 38%] Built target aux_util_process
[ 40%] Built target aux_htc
[ 44%] Built target aux_util_sink
[ 44%] Built target base
[ 51%] Built target aux_vk
[ 53%] Built target aux_tracking
[ 55%] Built target ipc_shared
[ 55%] Built target aux_shaders
[ 55%] Built target target_helpers
[ 57%] Built target comp_multi
[ 59%] Built target aux_vive
[ 61%] Built target drv_solarxr
[ 61%] Built target drv_vp2
[ 65%] Built target aux_render
[ 70%] Built target ipc_server
[ 72%] Built target comp_util
[ 74%] Built target drv_steamvr_lh
[100%] Built target wivrn-server
