[gamescope] [[0;34mInfo[0m]  [0;37mconsole:[0m gamescope version 3.16.25 (gcc 16.2.1)
No CAP_SYS_NICE, falling back to regular-priority compute and threads.
Performance will be affected.
[gamescope] [[0;34mInfo[0m]  [0;37mscriptmgr:[0m Loading scripts from: '/usr/share/gamescope/scripts'
[gamescope] [[0;34mInfo[0m]  [0;37mscriptmgr:[0m Loading scripts from: '/usr/share/gamescope/scripts/00-gamescope'
[gamescope] [[0;34mInfo[0m]  [0;37mscriptmgr:[0m Loading scripts from: '/usr/share/gamescope/scripts/00-gamescope/common'
[gamescope] [[0;34mInfo[0m]  [0;37mscriptmgr:[0m Running script file '/usr/share/gamescope/scripts/00-gamescope/common/inspect.lua' (id: 0)
[gamescope] [[0;34mInfo[0m]  [0;37mscriptmgr:[0m Running script file '/usr/share/gamescope/scripts/00-gamescope/common/modegen.lua' (id: 1)
[gamescope] [[0;34mInfo[0m]  [0;37mscriptmgr:[0m Running script file '/usr/share/gamescope/scripts/00-gamescope/common/util.lua' (id: 2)
[gamescope] [[0;34mInfo[0m]  [0;37mscriptmgr:[0m Loading scripts from: '/usr/share/gamescope/scripts/00-gamescope/displays'
[gamescope] [[0;34mInfo[0m]  [0;37mscriptmgr:[0m Running script file '/usr/share/gamescope/scripts/00-gamescope/displays/asus.rogally.lcd.lua' (id: 3)
[gamescope] [[0;34mInfo[0m]  [0;37mscriptmgr:[0m Running script file '/usr/share/gamescope/scripts/00-gamescope/displays/deckhd.steamdeck.deckhd-lcd.lua' (id: 4)
[gamescope] [[0;34mInfo[0m]  [0;37mscriptmgr:[0m Running script file '/usr/share/gamescope/scripts/00-gamescope/displays/gpd.win4.lcd.lua' (id: 5)
[gamescope] [[0;34mInfo[0m]  [0;37mscriptmgr:[0m Running script file '/usr/share/gamescope/scripts/00-gamescope/displays/lenovo.legiongo.lcd.lua' (id: 6)
[gamescope] [[0;34mInfo[0m]  [0;37mscriptmgr:[0m Running script file '/usr/share/gamescope/scripts/00-gamescope/displays/lenovo.legiongos.lcd.lua' (id: 7)
[gamescope] [[0;34mInfo[0m]  [0;37mscriptmgr:[0m Running script file '/usr/share/gamescope/scripts/00-gamescope/displays/onexplayer.f1.oled.lua' (id: 8)
[gamescope] [[0;34mInfo[0m]  [0;37mscriptmgr:[0m Running script file '/usr/share/gamescope/scripts/00-gamescope/displays/valve.steamdeck.lcd.lua' (id: 9)
[gamescope] [[0;34mInfo[0m]  [0;37mscriptmgr:[0m Running script file '/usr/share/gamescope/scripts/00-gamescope/displays/valve.steamdeck.oled.lua' (id: 10)
[gamescope] [[0;34mInfo[0m]  [0;37mscriptmgr:[0m Running script file '/usr/share/gamescope/scripts/00-gamescope/displays/zotac.zone.oled.lua' (id: 11)
[gamescope] [[0;34mInfo[0m]  [0;37mscriptmgr:[0m Loading scripts from: '/etc/gamescope/scripts'
[gamescope] [[0;33mWarn[0m]  [0;37mscriptmgr:[0m Directory '/etc/gamescope/scripts' does not exist
[gamescope] [[0;34mInfo[0m]  [0;37mscriptmgr:[0m Loading scripts from: '/home/nerdrx/.config/gamescope/scripts'
[gamescope] [[0;33mWarn[0m]  [0;37mscriptmgr:[0m Directory '/home/nerdrx/.config/gamescope/scripts' does not exist
[gamescope] [[0;34mInfo[0m]  [0;37mvulkan:[0m selecting physical device 'AMD Radeon RX 7900 XTX (RADV NAVI31)': queue family 1 (general queue family 0)
[gamescope] [[0;34mInfo[0m]  [0;37mvulkan:[0m physical device supports DRM format modifiers
[gamescope] [[0;34mInfo[0m]  [0;37mwlserver:[0m [backend/headless/backend.c:60] Creating headless backend
[gamescope] [[0;34mInfo[0m]  [0;37mvulkan:[0m supported DRM formats for sampling usage:
[gamescope] [[0;34mInfo[0m]  [0;37mvulkan:[0m   AR24 (0x34325241)
[gamescope] [[0;34mInfo[0m]  [0;37mvulkan:[0m   XR24 (0x34325258)
[gamescope] [[0;34mInfo[0m]  [0;37mvulkan:[0m   AB24 (0x34324241)
[gamescope] [[0;34mInfo[0m]  [0;37mvulkan:[0m   XB24 (0x34324258)
[gamescope] [[0;34mInfo[0m]  [0;37mvulkan:[0m   RG16 (0x36314752)
[gamescope] [[0;34mInfo[0m]  [0;37mvulkan:[0m   NV12 (0x3231564E)
[gamescope] [[0;34mInfo[0m]  [0;37mvulkan:[0m   AB4H (0x48344241)
[gamescope] [[0;34mInfo[0m]  [0;37mvulkan:[0m   XB4H (0x48344258)
[gamescope] [[0;34mInfo[0m]  [0;37mvulkan:[0m   AB48 (0x38344241)
[gamescope] [[0;34mInfo[0m]  [0;37mvulkan:[0m   XB48 (0x38344258)
[gamescope] [[0;34mInfo[0m]  [0;37mvulkan:[0m   AB30 (0x30334241)
[gamescope] [[0;34mInfo[0m]  [0;37mvulkan:[0m   XB30 (0x30334258)
[gamescope] [[0;34mInfo[0m]  [0;37mvulkan:[0m   AR30 (0x30335241)
[gamescope] [[0;34mInfo[0m]  [0;37mvulkan:[0m   XR30 (0x30335258)
[gamescope] [[0;34mInfo[0m]  [0;37mwlserver:[0m Using explicit sync when available
[gamescope] [[0;34mInfo[0m]  [0;37mwlserver:[0m Running compositor on wayland display 'gamescope-0'
[gamescope] [[0;34mInfo[0m]  [0;37mwlserver:[0m [backend/headless/backend.c:17] Starting headless backend
[gamescope] [[0;34mInfo[0m]  [0;37mwlserver:[0m Successfully initialized libei for input emulation!
[gamescope] [[0;34mInfo[0m]  [0;37mwlserver:[0m [xwayland/server.c:107] Starting Xwayland on :1
The XKEYBOARD keymap compiler (xkbcomp) reports:
> Warning:          Multiple symbols for level 1/group 1 on key <FK23>
>                   Using F23, ignoring XF86TouchpadOff
> Warning:          Symbol map for key <FK23> redefined
>                   Using last definition for conflicting fields
> Warning:          Symbol map for key <FK24> redefined
>                   Using last definition for conflicting fields
> Warning:          Could not resolve keysym XF86ElectronicPrivacyScreenOn
> Warning:          Could not resolve keysym XF86ElectronicPrivacyScreenOff
> Warning:          Could not resolve keysym XF86ActionOnSelection
> Warning:          Could not resolve keysym XF86ContextualInsert
> Warning:          Could not resolve keysym XF86ContextualQuery
Errors from xkbcomp are not fatal to the X server
[gamescope] [[0;34mInfo[0m]  [0;37mpipewire:[0m stream state changed: connecting
[gamescope] [[0;34mInfo[0m]  [0;37mpipewire:[0m stream state changed: paused
[gamescope] [[0;34mInfo[0m]  [0;37mpipewire:[0m stream available on node ID: 460
[gamescope] [[0;34mInfo[0m]  [0;37mvblank:[0m Using timerfd.
[13:09:15.601][Info   ] Press any key to shutdown...
[13:09:15.601][Info   ] Available Layers: (3)
[13:09:15.602][Info   ] Depth submission supported (XR_KHR_composition_layer_depth)
LOG in xrCreateInstance: Instance created
	createInfo->applicationInfo.applicationName: HelloXR
	createInfo->applicationInfo.applicationVersion: 0
	createInfo->applicationInfo.engineName: 
	createInfo->applicationInfo.engineVersion: 0
	createInfo->applicationInfo.apiVersion: 1.0.63
	appinfo.detected.engine.name: (null)
	appinfo.detected.engine.version: 0.0.0
	quirks.disable_vulkan_format_depth: false
	quirks.disable_vulkan_format_depth_stencil: false
	quirks.disable_quad_views: false
	quirks.no_validation_error_in_create_ref_space: true
	quirks.skip_end_session: false
	quirks.parallel_views: false
	quirks.no_texture_source_alpha: false
	quirks.ignore_invalid_swapchain_usage_bits: false

[13:09:15.624][Info   ] Instance RuntimeName=WiVRn 'nx-atlas-live-920ac878-dirty' RuntimeVersion=0.0.0
LOG in xrGetSystem: Selected devices
	Head: 'WiVRn HMD'
	Eyes: '<none>'
	Left: 'WiVRn left hand interaction'
	Right: 'WiVRn right hand interaction'
	Gamepad: 'WiVRn Gamepad'
	Hand-Tracking Left (unobstructed): 'WiVRn left controller'
	Hand-Tracking Right (unobstructed): 'WiVRn right controller'
	Hand-Tracking Left (conforming): '<none>'
	Hand-Tracking Right (conforming): '<none>'
[13:09:15.624][Info   ] Available View Configuration Types: (1)
[13:09:15.624][Info   ]   Available Environment Blend Mode count : (2)
[13:09:15.624][Info   ]     Environment Blend Mode (XR_ENVIRONMENT_BLEND_MODE_OPAQUE) : (Selected)
[13:09:15.624][Info   ]     Environment Blend Mode (XR_ENVIRONMENT_BLEND_MODE_ALPHA_BLEND) : 
[13:09:15.631][Info   ] INFO: (INSTANCE 0x565121a14570) vkCreateInstance: applicationName: "hello_xr", applicationVersion: 1, engineName: "hello_xr", engineVersion: 1, apiVersion: 1.0.0
[13:09:15.631][Info   ] INFO: (INSTANCE 0x565121a14570) vkCreateInstance: Requested 1 instance layer(s):
[13:09:15.631][Info   ] INFO: (INSTANCE 0x565121a14570)    VK_LAYER_KHRONOS_validation
[13:09:15.631][Info   ] INFO: (INSTANCE 0x565121a14570) vkCreateInstance: Requested 5 instance extension(s):
[13:09:15.631][Info   ] INFO: (INSTANCE 0x565121a14570)    VK_KHR_external_fence_capabilities
[13:09:15.631][Info   ] INFO: (INSTANCE 0x565121a14570)    VK_KHR_external_memory_capabilities
[13:09:15.631][Info   ] INFO: (INSTANCE 0x565121a14570)    VK_KHR_external_semaphore_capabilities
[13:09:15.631][Info   ] INFO: (INSTANCE 0x565121a14570)    VK_KHR_get_physical_device_properties2
[13:09:15.631][Info   ] INFO: (INSTANCE 0x565121a14570)    VK_EXT_debug_utils
[13:09:15.631][Info   ] INFO: (INSTANCE 0x565121a14570) No valid vk_loader_settings.json file found, no loader settings will be active
[13:09:15.631][Info   ] INFO: (INSTANCE 0x565121a14570) Searching for implicit layer manifest files
[13:09:15.631][Info   ] INFO: (INSTANCE 0x565121a14570)    In following locations:
[13:09:15.631][Info   ] INFO: (INSTANCE 0x565121a14570)       /home/nerdrx/.config/vulkan/implicit_layer.d
[13:09:15.631][Info   ] INFO: (INSTANCE 0x565121a14570)       /home/nerdrx/.config/kdedefaults/vulkan/implicit_layer.d
[13:09:15.631][Info   ] INFO: (INSTANCE 0x565121a14570)       /etc/xdg/vulkan/implicit_layer.d
[13:09:15.631][Info   ] INFO: (INSTANCE 0x565121a14570)       /etc/vulkan/implicit_layer.d
[13:09:15.631][Info   ] INFO: (INSTANCE 0x565121a14570)       /home/nerdrx/.local/share/vulkan/implicit_layer.d
[13:09:15.631][Info   ] INFO: (INSTANCE 0x565121a14570)       /usr/local/share/vulkan/implicit_layer.d
[13:09:15.631][Info   ] INFO: (INSTANCE 0x565121a14570)       /usr/share/vulkan/implicit_layer.d
[13:09:15.631][Info   ] INFO: (INSTANCE 0x565121a14570)    Found the following files:
[13:09:15.631][Info   ] INFO: (INSTANCE 0x565121a14570)       /home/nerdrx/.local/share/vulkan/implicit_layer.d/steamoverlay_i386.json
[13:09:15.631][Info   ] INFO: (INSTANCE 0x565121a14570)       /home/nerdrx/.local/share/vulkan/implicit_layer.d/steamoverlay_x86_64.json
[13:09:15.631][Info   ] INFO: (INSTANCE 0x565121a14570)       /home/nerdrx/.local/share/vulkan/implicit_layer.d/steamfossilize_i386.json
[13:09:15.631][Info   ] INFO: (INSTANCE 0x565121a14570)       /home/nerdrx/.local/share/vulkan/implicit_layer.d/steamfossilize_x86_64.json
[13:09:15.631][Info   ] INFO: (INSTANCE 0x565121a14570)       /usr/share/vulkan/implicit_layer.d/MangoHud.x86.json
[13:09:15.631][Info   ] INFO: (INSTANCE 0x565121a14570)       /usr/share/vulkan/implicit_layer.d/MangoHud.x86_64.json
[13:09:15.631][Info   ] INFO: (INSTANCE 0x565121a14570)       /usr/share/vulkan/implicit_layer.d/VkLayer_FROG_gamescope_wsi.x86_64.json
[13:09:15.631][Info   ] INFO: (INSTANCE 0x565121a14570)       /usr/share/vulkan/implicit_layer.d/VkLayer_MESA_anti_lag.json
[13:09:15.631][Info   ] INFO: (INSTANCE 0x565121a14570)       /usr/share/vulkan/implicit_layer.d/VkLayer_MESA_device_select.json
[13:09:15.631][Info   ] INFO: (INSTANCE 0x565121a14570) Found manifest file /home/nerdrx/.local/share/vulkan/implicit_layer.d/steamoverlay_i386.json (file version 1.0.0)
[13:09:15.631][Info   ] INFO: (INSTANCE 0x565121a14570) Found manifest file /home/nerdrx/.local/share/vulkan/implicit_layer.d/steamoverlay_x86_64.json (file version 1.0.0)
[13:09:15.631][Info   ] INFO: (INSTANCE 0x565121a14570) Found manifest file /home/nerdrx/.local/share/vulkan/implicit_layer.d/steamfossilize_i386.json (file version 1.0.0)
[13:09:15.631][Info   ] INFO: (INSTANCE 0x565121a14570) Found manifest file /home/nerdrx/.local/share/vulkan/implicit_layer.d/steamfossilize_x86_64.json (file version 1.0.0)
[13:09:15.631][Info   ] INFO: (INSTANCE 0x565121a14570) Found manifest file /usr/share/vulkan/implicit_layer.d/MangoHud.x86.json (file version 1.0.0)
[13:09:15.631][Info   ] INFO: (INSTANCE 0x565121a14570) Found manifest file /usr/share/vulkan/implicit_layer.d/MangoHud.x86_64.json (file version 1.0.0)
[13:09:15.631][Info   ] INFO: (INSTANCE 0x565121a14570) Found manifest file /usr/share/vulkan/implicit_layer.d/VkLayer_FROG_gamescope_wsi.x86_64.json (file version 1.0.0)
[13:09:15.631][Info   ] INFO: (INSTANCE 0x565121a14570) Found manifest file /usr/share/vulkan/implicit_layer.d/VkLayer_MESA_anti_lag.json (file version 1.2.1)
[13:09:15.631][Info   ] INFO: (INSTANCE 0x565121a14570) Found manifest file /usr/share/vulkan/implicit_layer.d/VkLayer_MESA_device_select.json (file version 1.0.0)
[13:09:15.631][Info   ] INFO: (INSTANCE 0x565121a14570) Searching for explicit layer manifest files
[13:09:15.631][Info   ] INFO: (INSTANCE 0x565121a14570)    In following locations:
[13:09:15.631][Info   ] INFO: (INSTANCE 0x565121a14570)       /home/nerdrx/.config/vulkan/explicit_layer.d
[13:09:15.631][Info   ] INFO: (INSTANCE 0x565121a14570)       /home/nerdrx/.config/kdedefaults/vulkan/explicit_layer.d
[13:09:15.631][Info   ] INFO: (INSTANCE 0x565121a14570)       /etc/xdg/vulkan/explicit_layer.d
[13:09:15.631][Info   ] INFO: (INSTANCE 0x565121a14570)       /etc/vulkan/explicit_layer.d
[13:09:15.631][Info   ] INFO: (INSTANCE 0x565121a14570)       /home/nerdrx/.local/share/vulkan/explicit_layer.d
[13:09:15.631][Info   ] INFO: (INSTANCE 0x565121a14570)       /usr/local/share/vulkan/explicit_layer.d
[13:09:15.631][Info   ] INFO: (INSTANCE 0x565121a14570)       /usr/share/vulkan/explicit_layer.d
[13:09:15.631][Info   ] INFO: (INSTANCE 0x565121a14570)    Found the following files:
[13:09:15.631][Info   ] INFO: (INSTANCE 0x565121a14570)       /usr/share/vulkan/explicit_layer.d/VkLayer_khronos_validation.json
[13:09:15.631][Info   ] INFO: (INSTANCE 0x565121a14570) Found manifest file /usr/share/vulkan/explicit_layer.d/VkLayer_khronos_validation.json (file version 1.2.0)
[13:09:15.631][Info   ] INFO: (INSTANCE 0x565121a14570) Searching for driver manifest files
[13:09:15.631][Info   ] INFO: (INSTANCE 0x565121a14570)    In following locations:
[13:09:15.631][Info   ] INFO: (INSTANCE 0x565121a14570)       /home/nerdrx/.config/vulkan/icd.d
[13:09:15.631][Info   ] INFO: (INSTANCE 0x565121a14570)       /home/nerdrx/.config/kdedefaults/vulkan/icd.d
[13:09:15.631][Info   ] INFO: (INSTANCE 0x565121a14570)       /etc/xdg/vulkan/icd.d
[13:09:15.631][Info   ] INFO: (INSTANCE 0x565121a14570)       /etc/vulkan/icd.d
[13:09:15.631][Info   ] INFO: (INSTANCE 0x565121a14570)       /home/nerdrx/.local/share/vulkan/icd.d
[13:09:15.631][Info   ] INFO: (INSTANCE 0x565121a14570)       /usr/local/share/vulkan/icd.d
[13:09:15.631][Info   ] INFO: (INSTANCE 0x565121a14570)       /usr/share/vulkan/icd.d
[13:09:15.631][Info   ] INFO: (INSTANCE 0x565121a14570)    Found the following files:
[13:09:15.631][Info   ] INFO: (INSTANCE 0x565121a14570)       /usr/share/vulkan/icd.d/radeon_icd.json
[13:09:15.631][Info   ] INFO: (INSTANCE 0x565121a14570) Found ICD manifest file /usr/share/vulkan/icd.d/radeon_icd.json, version 1.0.1
[13:09:15.632][Info   ] INFO: (INSTANCE 0x565121a14570) Insert instance layer "VK_LAYER_KHRONOS_validation" (/usr/lib/libVkLayer_khronos_validation.so)
[13:09:15.632][Info   ] INFO: (INSTANCE 0x565121a14570) Insert instance layer "VK_LAYER_MESA_device_select" (/usr/lib/libVkLayer_MESA_device_select.so)
[13:09:15.632][Info   ] INFO: (INSTANCE 0x565121a14570) Insert instance layer "VK_LAYER_FROG_gamescope_wsi_x86_64" (/usr/lib/libVkLayer_FROG_gamescope_wsi_x86_64.so)
[13:09:15.632][Info   ] INFO: (INSTANCE 0x565121a14570) vkCreateInstance layer callstack setup to:
[13:09:15.632][Info   ] INFO: (INSTANCE 0x565121a14570)    <Application>
[13:09:15.632][Info   ] INFO: (INSTANCE 0x565121a14570)      ||
[13:09:15.632][Info   ] INFO: (INSTANCE 0x565121a14570)    <Loader>
[13:09:15.632][Info   ] INFO: (INSTANCE 0x565121a14570)      ||
[13:09:15.632][Info   ] INFO: (INSTANCE 0x565121a14570)    VK_LAYER_FROG_gamescope_wsi_x86_64
[13:09:15.632][Info   ] INFO: (INSTANCE 0x565121a14570)            Type: Implicit
[13:09:15.632][Info   ] INFO: (INSTANCE 0x565121a14570)            Enabled By: Implicit Layer
[13:09:15.632][Info   ] INFO: (INSTANCE 0x565121a14570)                Disable Env Var:  DISABLE_GAMESCOPE_WSI
[13:09:15.632][Info   ] INFO: (INSTANCE 0x565121a14570)                This layer was enabled because Env Var ENABLE_GAMESCOPE_WSI was set to Value 1
[13:09:15.632][Info   ] INFO: (INSTANCE 0x565121a14570)            Manifest: /usr/share/vulkan/implicit_layer.d/VkLayer_FROG_gamescope_wsi.x86_64.json
[13:09:15.632][Info   ] INFO: (INSTANCE 0x565121a14570)            Library:  /usr/lib/libVkLayer_FROG_gamescope_wsi_x86_64.so
[13:09:15.632][Info   ] INFO: (INSTANCE 0x565121a14570)      ||
[13:09:15.632][Info   ] INFO: (INSTANCE 0x565121a14570)    VK_LAYER_MESA_device_select
[13:09:15.632][Info   ] INFO: (INSTANCE 0x565121a14570)            Type: Implicit
[13:09:15.632][Info   ] INFO: (INSTANCE 0x565121a14570)            Enabled By: Implicit Layer
[13:09:15.632][Info   ] INFO: (INSTANCE 0x565121a14570)                Disable Env Var:  NODEVICE_SELECT
[13:09:15.632][Info   ] INFO: (INSTANCE 0x565121a14570)            Manifest: /usr/share/vulkan/implicit_layer.d/VkLayer_MESA_device_select.json
[13:09:15.632][Info   ] INFO: (INSTANCE 0x565121a14570)            Library:  /usr/lib/libVkLayer_MESA_device_select.so
[13:09:15.632][Info   ] INFO: (INSTANCE 0x565121a14570)      ||
[13:09:15.632][Info   ] INFO: (INSTANCE 0x565121a14570)    VK_LAYER_KHRONOS_validation
[13:09:15.632][Info   ] INFO: (INSTANCE 0x565121a14570)            Type: Explicit
[13:09:15.632][Info   ] INFO: (INSTANCE 0x565121a14570)            Enabled By: By the Application
[13:09:15.632][Info   ] INFO: (INSTANCE 0x565121a14570)            Manifest: /usr/share/vulkan/explicit_layer.d/VkLayer_khronos_validation.json
[13:09:15.632][Info   ] INFO: (INSTANCE 0x565121a14570)            Library:  /usr/lib/libVkLayer_khronos_validation.so
[13:09:15.632][Info   ] INFO: (INSTANCE 0x565121a14570)      ||
[13:09:15.632][Info   ] INFO: (INSTANCE 0x565121a14570)    <Drivers>
[13:09:15.634][Error  ] ERROR: ( 0x0) vkCreateInstance(): pCreateInfo->ppEnabledExtensionNames[5] Missing extension required to enable instance extension VK_KHR_wayland_surface:
 - VK_KHR_surface
The Vulkan spec states: All required extensions for each extension in the VkInstanceCreateInfo::ppEnabledExtensionNames list must also be present in that list (https://docs.vulkan.org/spec/latest/chapters/initialization.html#VUID-vkCreateInstance-ppEnabledExtensionNames-01388)
[13:09:15.634][Error  ] ERROR: ( 0x0) vkCreateInstance(): pCreateInfo->ppEnabledExtensionNames[6] Missing extension required to enable instance extension VK_KHR_xcb_surface:
 - VK_KHR_surface
The Vulkan spec states: All required extensions for each extension in the VkInstanceCreateInfo::ppEnabledExtensionNames list must also be present in that list (https://docs.vulkan.org/spec/latest/chapters/initialization.html#VUID-vkCreateInstance-ppEnabledExtensionNames-01388)
[13:09:15.635][Info   ] INFO: (INSTANCE 0x565121a14570) vkCreateInstance(): Current Validaiton Enabled:
  - Core Checks
  - Stateless Parameter
  - Object lifetime
  - Thread Safety
  - Handle Wrapping

[13:09:15.637][Info   ] INFO: (INSTANCE 0x565121a14570) linux_read_sorted_physical_devices:
[13:09:15.637][Info   ] INFO: (INSTANCE 0x565121a14570)      Original order:
[13:09:15.637][Info   ] INFO: (INSTANCE 0x565121a14570)            [0] AMD Ryzen 9 9950X3D 16-Core Processor (RADV RAPHAEL_MENDOCINO)
[13:09:15.637][Info   ] INFO: (INSTANCE 0x565121a14570)            [1] AMD Radeon RX 7900 XTX (RADV NAVI31)
[13:09:15.637][Info   ] INFO: (INSTANCE 0x565121a14570)      Sorted order:
[13:09:15.637][Info   ] INFO: (INSTANCE 0x565121a14570)            [0] AMD Radeon RX 7900 XTX (RADV NAVI31)  
[13:09:15.637][Info   ] INFO: (INSTANCE 0x565121a14570)            [1] AMD Ryzen 9 9950X3D 16-Core Processor (RADV RAPHAEL_MENDOCINO)  
[13:09:15.637][Info   ] INFO: (INSTANCE 0x565121a14570) linux_read_sorted_physical_devices:
[13:09:15.637][Info   ] INFO: (INSTANCE 0x565121a14570)      Original order:
[13:09:15.637][Info   ] INFO: (INSTANCE 0x565121a14570)            [0] AMD Ryzen 9 9950X3D 16-Core Processor (RADV RAPHAEL_MENDOCINO)
[13:09:15.637][Info   ] INFO: (INSTANCE 0x565121a14570)            [1] AMD Radeon RX 7900 XTX (RADV NAVI31)
[13:09:15.637][Info   ] INFO: (INSTANCE 0x565121a14570)      Sorted order:
[13:09:15.637][Info   ] INFO: (INSTANCE 0x565121a14570)            [0] AMD Radeon RX 7900 XTX (RADV NAVI31)  
[13:09:15.637][Info   ] INFO: (INSTANCE 0x565121a14570)            [1] AMD Ryzen 9 9950X3D 16-Core Processor (RADV RAPHAEL_MENDOCINO)  
[13:09:15.637][Info   ] INFO: (INSTANCE 0x565121a14570) linux_read_sorted_physical_devices:
[13:09:15.637][Info   ] INFO: (INSTANCE 0x565121a14570)      Original order:
[13:09:15.637][Info   ] INFO: (INSTANCE 0x565121a14570)            [0] AMD Ryzen 9 9950X3D 16-Core Processor (RADV RAPHAEL_MENDOCINO)
[13:09:15.637][Info   ] INFO: (INSTANCE 0x565121a14570)            [1] AMD Radeon RX 7900 XTX (RADV NAVI31)
[13:09:15.637][Info   ] INFO: (INSTANCE 0x565121a14570)      Sorted order:
[13:09:15.637][Info   ] INFO: (INSTANCE 0x565121a14570)            [0] AMD Radeon RX 7900 XTX (RADV NAVI31)  
[13:09:15.637][Info   ] INFO: (INSTANCE 0x565121a14570)            [1] AMD Ryzen 9 9950X3D 16-Core Processor (RADV RAPHAEL_MENDOCINO)  
[13:09:15.637][Info   ] INFO: (INSTANCE 0x565121a14570) linux_read_sorted_physical_devices:
[13:09:15.637][Info   ] INFO: (INSTANCE 0x565121a14570)      Original order:
[13:09:15.637][Info   ] INFO: (INSTANCE 0x565121a14570)            [0] AMD Ryzen 9 9950X3D 16-Core Processor (RADV RAPHAEL_MENDOCINO)
[13:09:15.637][Info   ] INFO: (INSTANCE 0x565121a14570)            [1] AMD Radeon RX 7900 XTX (RADV NAVI31)
[13:09:15.637][Info   ] INFO: (INSTANCE 0x565121a14570)      Sorted order:
[13:09:15.637][Info   ] INFO: (INSTANCE 0x565121a14570)            [0] AMD Radeon RX 7900 XTX (RADV NAVI31)  
[13:09:15.637][Info   ] INFO: (INSTANCE 0x565121a14570)            [1] AMD Ryzen 9 9950X3D 16-Core Processor (RADV RAPHAEL_MENDOCINO)  
[Gamescope WSI] Application info:
  pApplicationName: hello_xr
  applicationVersion: 1
  pEngineName: hello_xr
  engineVersion: 1
  apiVersion: 4194304
[Gamescope WSI] Executable name: hello_xr
[13:09:15.637][Info   ] INFO: (INSTANCE 0x565121a14570) linux_read_sorted_physical_devices:
[13:09:15.637][Info   ] INFO: (INSTANCE 0x565121a14570)      Original order:
[13:09:15.637][Info   ] INFO: (INSTANCE 0x565121a14570)            [0] AMD Ryzen 9 9950X3D 16-Core Processor (RADV RAPHAEL_MENDOCINO)
[13:09:15.637][Info   ] INFO: (INSTANCE 0x565121a14570)            [1] AMD Radeon RX 7900 XTX (RADV NAVI31)
[13:09:15.637][Info   ] INFO: (INSTANCE 0x565121a14570)      Sorted order:
[13:09:15.637][Info   ] INFO: (INSTANCE 0x565121a14570)            [0] AMD Radeon RX 7900 XTX (RADV NAVI31)  
[13:09:15.637][Info   ] INFO: (INSTANCE 0x565121a14570)            [1] AMD Ryzen 9 9950X3D 16-Core Processor (RADV RAPHAEL_MENDOCINO)  
[13:09:15.637][Info   ] INFO: (INSTANCE 0x565121a14570) linux_read_sorted_physical_devices:
[13:09:15.637][Info   ] INFO: (INSTANCE 0x565121a14570)      Original order:
[13:09:15.637][Info   ] INFO: (INSTANCE 0x565121a14570)            [0] AMD Ryzen 9 9950X3D 16-Core Processor (RADV RAPHAEL_MENDOCINO)
[13:09:15.637][Info   ] INFO: (INSTANCE 0x565121a14570)            [1] AMD Radeon RX 7900 XTX (RADV NAVI31)
[13:09:15.637][Info   ] INFO: (INSTANCE 0x565121a14570)      Sorted order:
[13:09:15.637][Info   ] INFO: (INSTANCE 0x565121a14570)            [0] AMD Radeon RX 7900 XTX (RADV NAVI31)  
[13:09:15.637][Info   ] INFO: (INSTANCE 0x565121a14570)            [1] AMD Ryzen 9 9950X3D 16-Core Processor (RADV RAPHAEL_MENDOCINO)  
[13:09:15.637][Info   ] INFO: (INSTANCE 0x565121a14570) linux_read_sorted_physical_devices:
[13:09:15.637][Info   ] INFO: (INSTANCE 0x565121a14570)      Original order:
[13:09:15.637][Info   ] INFO: (INSTANCE 0x565121a14570)            [0] AMD Ryzen 9 9950X3D 16-Core Processor (RADV RAPHAEL_MENDOCINO)
[13:09:15.637][Info   ] INFO: (INSTANCE 0x565121a14570)            [1] AMD Radeon RX 7900 XTX (RADV NAVI31)
[13:09:15.637][Info   ] INFO: (INSTANCE 0x565121a14570)      Sorted order:
[13:09:15.637][Info   ] INFO: (INSTANCE 0x565121a14570)            [0] AMD Radeon RX 7900 XTX (RADV NAVI31)  
[13:09:15.637][Info   ] INFO: (INSTANCE 0x565121a14570)            [1] AMD Ryzen 9 9950X3D 16-Core Processor (RADV RAPHAEL_MENDOCINO)  
[13:09:15.637][Info   ] INFO: (INSTANCE 0x565121a14570) linux_read_sorted_physical_devices:
[13:09:15.637][Info   ] INFO: (INSTANCE 0x565121a14570)      Original order:
[13:09:15.637][Info   ] INFO: (INSTANCE 0x565121a14570)            [0] AMD Ryzen 9 9950X3D 16-Core Processor (RADV RAPHAEL_MENDOCINO)
[13:09:15.637][Info   ] INFO: (INSTANCE 0x565121a14570)            [1] AMD Radeon RX 7900 XTX (RADV NAVI31)
[13:09:15.637][Info   ] INFO: (INSTANCE 0x565121a14570)      Sorted order:
[13:09:15.637][Info   ] INFO: (INSTANCE 0x565121a14570)            [0] AMD Radeon RX 7900 XTX (RADV NAVI31)  
[13:09:15.637][Info   ] INFO: (INSTANCE 0x565121a14570)            [1] AMD Ryzen 9 9950X3D 16-Core Processor (RADV RAPHAEL_MENDOCINO)  
LOG in xrCreateVulkanInstanceKHR: Creation of VkInstance:
	result: VK_SUCCESS
	vulkanInstance: 0x565121a14570
	extensions:
		VK_KHR_external_fence_capabilities
		VK_KHR_external_memory_capabilities
		VK_KHR_external_semaphore_capabilities
		VK_KHR_get_physical_device_properties2
		VK_EXT_debug_utils
[13:09:15.638][Info   ] INFO: (INSTANCE 0x565121a14570) linux_read_sorted_physical_devices:
[13:09:15.638][Info   ] INFO: (INSTANCE 0x565121a14570)      Original order:
[13:09:15.638][Info   ] INFO: (INSTANCE 0x565121a14570)            [0] AMD Ryzen 9 9950X3D 16-Core Processor (RADV RAPHAEL_MENDOCINO)
[13:09:15.638][Info   ] INFO: (INSTANCE 0x565121a14570)            [1] AMD Radeon RX 7900 XTX (RADV NAVI31)
[13:09:15.638][Info   ] INFO: (INSTANCE 0x565121a14570)      Sorted order:
[13:09:15.638][Info   ] INFO: (INSTANCE 0x565121a14570)            [0] AMD Radeon RX 7900 XTX (RADV NAVI31)  
[13:09:15.638][Info   ] INFO: (INSTANCE 0x565121a14570)            [1] AMD Ryzen 9 9950X3D 16-Core Processor (RADV RAPHAEL_MENDOCINO)  
[13:09:15.638][Info   ] INFO: (INSTANCE 0x565121a14570) linux_read_sorted_physical_devices:
[13:09:15.638][Info   ] INFO: (INSTANCE 0x565121a14570)      Original order:
[13:09:15.638][Info   ] INFO: (INSTANCE 0x565121a14570)            [0] AMD Ryzen 9 9950X3D 16-Core Processor (RADV RAPHAEL_MENDOCINO)
[13:09:15.638][Info   ] INFO: (INSTANCE 0x565121a14570)            [1] AMD Radeon RX 7900 XTX (RADV NAVI31)
[13:09:15.638][Info   ] INFO: (INSTANCE 0x565121a14570)      Sorted order:
[13:09:15.638][Info   ] INFO: (INSTANCE 0x565121a14570)            [0] AMD Radeon RX 7900 XTX (RADV NAVI31)  
[13:09:15.638][Info   ] INFO: (INSTANCE 0x565121a14570)            [1] AMD Ryzen 9 9950X3D 16-Core Processor (RADV RAPHAEL_MENDOCINO)  
[13:09:15.638][Info   ] INFO: (INSTANCE 0x565121a14570) linux_read_sorted_physical_devices:
[13:09:15.638][Info   ] INFO: (INSTANCE 0x565121a14570)      Original order:
[13:09:15.638][Info   ] INFO: (INSTANCE 0x565121a14570)            [0] AMD Ryzen 9 9950X3D 16-Core Processor (RADV RAPHAEL_MENDOCINO)
[13:09:15.638][Info   ] INFO: (INSTANCE 0x565121a14570)            [1] AMD Radeon RX 7900 XTX (RADV NAVI31)
[13:09:15.638][Info   ] INFO: (INSTANCE 0x565121a14570)      Sorted order:
[13:09:15.638][Info   ] INFO: (INSTANCE 0x565121a14570)            [0] AMD Radeon RX 7900 XTX (RADV NAVI31)  
[13:09:15.638][Info   ] INFO: (INSTANCE 0x565121a14570)            [1] AMD Ryzen 9 9950X3D 16-Core Processor (RADV RAPHAEL_MENDOCINO)  
[13:09:15.638][Info   ] INFO: (INSTANCE 0x565121a14570) linux_read_sorted_physical_devices:
[13:09:15.638][Info   ] INFO: (INSTANCE 0x565121a14570)      Original order:
[13:09:15.638][Info   ] INFO: (INSTANCE 0x565121a14570)            [0] AMD Ryzen 9 9950X3D 16-Core Processor (RADV RAPHAEL_MENDOCINO)
[13:09:15.638][Info   ] INFO: (INSTANCE 0x565121a14570)            [1] AMD Radeon RX 7900 XTX (RADV NAVI31)
[13:09:15.638][Info   ] INFO: (INSTANCE 0x565121a14570)      Sorted order:
[13:09:15.638][Info   ] INFO: (INSTANCE 0x565121a14570)            [0] AMD Radeon RX 7900 XTX (RADV NAVI31)  
[13:09:15.638][Info   ] INFO: (INSTANCE 0x565121a14570)            [1] AMD Ryzen 9 9950X3D 16-Core Processor (RADV RAPHAEL_MENDOCINO)  
[13:09:15.638][Info   ] INFO: (INSTANCE 0x565121a14570) Inserted device layer "VK_LAYER_KHRONOS_validation" (/usr/lib/libVkLayer_khronos_validation.so)
[13:09:15.638][Info   ] INFO: (INSTANCE 0x565121a14570) Failed to find vkGetDeviceProcAddr in layer "/usr/lib/libVkLayer_MESA_device_select.so"
[13:09:15.638][Info   ] INFO: (INSTANCE 0x565121a14570) Inserted device layer "VK_LAYER_FROG_gamescope_wsi_x86_64" (/usr/lib/libVkLayer_FROG_gamescope_wsi_x86_64.so)
[13:09:15.638][Info   ] INFO: (INSTANCE 0x565121a14570) vkCreateDevice layer callstack setup to:
[13:09:15.638][Info   ] INFO: (INSTANCE 0x565121a14570)    <Application>
[13:09:15.638][Info   ] INFO: (INSTANCE 0x565121a14570)      ||
[13:09:15.638][Info   ] INFO: (INSTANCE 0x565121a14570)    <Loader>
[13:09:15.638][Info   ] INFO: (INSTANCE 0x565121a14570)      ||
[13:09:15.638][Info   ] INFO: (INSTANCE 0x565121a14570)    VK_LAYER_FROG_gamescope_wsi_x86_64
[13:09:15.638][Info   ] INFO: (INSTANCE 0x565121a14570)            Type: Implicit
[13:09:15.638][Info   ] INFO: (INSTANCE 0x565121a14570)            Enabled By: Implicit Layer
[13:09:15.638][Info   ] INFO: (INSTANCE 0x565121a14570)                Disable Env Var:  DISABLE_GAMESCOPE_WSI
[13:09:15.638][Info   ] INFO: (INSTANCE 0x565121a14570)            Manifest: /usr/share/vulkan/implicit_layer.d/VkLayer_FROG_gamescope_wsi.x86_64.json
[13:09:15.638][Info   ] INFO: (INSTANCE 0x565121a14570)            Library:  /usr/lib/libVkLayer_FROG_gamescope_wsi_x86_64.so
[13:09:15.638][Info   ] INFO: (INSTANCE 0x565121a14570)      ||
[13:09:15.638][Info   ] INFO: (INSTANCE 0x565121a14570)    VK_LAYER_KHRONOS_validation
[13:09:15.638][Info   ] INFO: (INSTANCE 0x565121a14570)            Type: Explicit
[13:09:15.638][Info   ] INFO: (INSTANCE 0x565121a14570)            Enabled By: By the Application
[13:09:15.638][Info   ] INFO: (INSTANCE 0x565121a14570)            Manifest: /usr/share/vulkan/explicit_layer.d/VkLayer_khronos_validation.json
[13:09:15.638][Info   ] INFO: (INSTANCE 0x565121a14570)            Library:  /usr/lib/libVkLayer_khronos_validation.so
[13:09:15.638][Info   ] INFO: (INSTANCE 0x565121a14570)      ||
[13:09:15.638][Info   ] INFO: (INSTANCE 0x565121a14570)    <Device>
[Gamescope WSI] Forcing on VK_EXT_swapchain_maintenance1.
[13:09:15.639][Error  ] ERROR: (INSTANCE 0x565121a14570) vkCreateDevice(): pCreateInfo->ppEnabledExtensionNames[10] Missing extensions required to enable device extension VK_EXT_swapchain_maintenance1:
 - VK_KHR_swapchain
 - VK_EXT_surface_maintenance1 (instance extension, which needs to be added to VkInstanceCreateInfo::ppEnabledExtensionNames)
The Vulkan spec states: All required device extensions for each extension in the VkDeviceCreateInfo::ppEnabledExtensionNames list must also be present in that list (https://docs.vulkan.org/spec/latest/chapters/devsandqueues.html#VUID-vkCreateDevice-ppEnabledExtensionNames-01387)
[13:09:15.639][Info   ] INFO: (INSTANCE 0x565121a14570)        Using "AMD Radeon RX 7900 XTX (RADV NAVI31)" with driver: "/usr/lib/libvulkan_radeon.so"
LOG in xrGetVulkanGraphicsDeviceKHR: Creation of VkDevice:
	result: VK_SUCCESS
	vulkanDevice: 0x565121adf550
	vulkanInstance: 0x565121a14570
	external_fence_fd: true
	external_semaphore_fd: true
	timelineSemaphore: true
	extensions:
		VK_KHR_dedicated_allocation
		VK_KHR_external_fence
		VK_KHR_external_memory
		VK_KHR_external_semaphore
		VK_KHR_get_memory_requirements2
		VK_KHR_external_memory_fd
		VK_KHR_external_semaphore_fd
		VK_KHR_external_fence_fd
		VK_KHR_image_format_list
		VK_KHR_timeline_semaphore
[13:09:15.640][Info   ] Available reference spaces: 3
[13:09:15.641][Info   ] System Properties: Name=PICO 4 HMD on WiVRn VendorId=0
[13:09:15.641][Info   ] System Graphics Properties: MaxWidth=16384 MaxHeight=16384 MaxLayers=128
[13:09:15.641][Info   ] System Tracking Properties: OrientationTracking=True PositionTracking=True
[13:09:15.641][Info   ] Creating color and depth swapchain for view 0 with dimensions Width=2688 Height=2688 SampleCount=1
[13:09:15.642][Info   ] Creating color and depth swapchain for view 1 with dimensions Width=2688 Height=2688 SampleCount=1
[13:09:15.651][Info   ] XrEventDataSessionStateChanged: state XR_SESSION_STATE_UNKNOWN->XR_SESSION_STATE_IDLE session=94906456869872 time=2820973718023
[13:09:15.651][Info   ] XrEventDataSessionStateChanged: state XR_SESSION_STATE_IDLE->XR_SESSION_STATE_READY session=94906456869872 time=2820973718023
[13:09:15.661][Info   ] XrEventDataSessionStateChanged: state XR_SESSION_STATE_READY->XR_SESSION_STATE_SYNCHRONIZED session=94906456869872 time=2820993867909
[13:09:15.661][Info   ] XrEventDataSessionStateChanged: state XR_SESSION_STATE_SYNCHRONIZED->XR_SESSION_STATE_VISIBLE session=94906456869872 time=2820993882459
[13:09:15.661][Info   ] XrEventDataSessionStateChanged: state XR_SESSION_STATE_VISIBLE->XR_SESSION_STATE_FOCUSED session=94906456869872 time=2820993882459
[13:09:15.676][Info   ] NXWARP_BENCH_FULL_FIELD enabled: 195 animated cubes, synthetic predicted-time motion
[13:09:15.678][Info   ] Grab action is bound to 'Left Khronos Simple Controller Select' and 'Right Khronos Simple Controller Select'
[13:09:15.678][Info   ] Quit action is bound to nothing
[13:09:15.678][Info   ] Pose action is bound to 'Left Khronos Simple Controller Grip' and 'Right Khronos Simple Controller Grip'
[13:09:15.678][Info   ] Vibrate action is bound to nothing
[13:09:18.626][Info   ] NXWARP_BENCH_FULL_FIELD frame 180 t=3.09 s
[13:09:21.654][Info   ] NXWARP_BENCH_FULL_FIELD frame 360 t=6.12 s
[13:09:24.670][Info   ] NXWARP_BENCH_FULL_FIELD frame 540 t=9.13 s
[13:09:27.685][Info   ] NXWARP_BENCH_FULL_FIELD frame 720 t=12.14 s
[13:09:30.717][Info   ] NXWARP_BENCH_FULL_FIELD frame 900 t=15.15 s
[13:09:33.719][Info   ] NXWARP_BENCH_FULL_FIELD frame 1080 t=18.15 s
[13:09:36.720][Info   ] NXWARP_BENCH_FULL_FIELD frame 1260 t=21.15 s
[13:09:39.715][Info   ] NXWARP_BENCH_FULL_FIELD frame 1440 t=24.14 s
[13:09:42.710][Info   ] NXWARP_BENCH_FULL_FIELD frame 1620 t=27.14 s
[gamescopereaper] [[0;34mInfo[0m]  [0;37mreaper:[0m Parent of gamescopereaper was killed. Killing children.
[gamescope] [[0;34mInfo[0m]  [0;37mlaunch:[0m Primary child shut down!
