--------- beginning of main
--------- beginning of system
09-07 23:19:27.462 14067  6220 I WiVRn   : [2026-09-07 23:19:27.462] [WiVRn] [info] Sending query for _wivrn._tcp.local., type PTR
09-07 23:19:28.863 14067 14067 I WiVRn   : [2026-09-07 23:19:28.863] [WiVRn] [info] Received intent wivrn://192.168.1.2
09-07 23:19:28.867 14067  6214 I WiVRn   : [2026-09-07 23:19:28.867] [WiVRn] [info] Session state changed at timestamp 0: XR_SESSION_STATE_FOCUSED => XR_SESSION_STATE_VISIBLE
09-07 23:19:28.877 14067  6214 I WiVRn   : [2026-09-07 23:19:28.877] [WiVRn] [info] Session state changed at timestamp 0: XR_SESSION_STATE_VISIBLE => XR_SESSION_STATE_SYNCHRONIZED
09-07 23:19:28.877 14067  6214 I WiVRn   : [2026-09-07 23:19:28.877] [WiVRn] [info] Session state changed at timestamp 0: XR_SESSION_STATE_SYNCHRONIZED => XR_SESSION_STATE_STOPPING
09-07 23:19:28.879 14067  6214 I WiVRn   : [2026-09-07 23:19:28.879] [WiVRn] [info] Session state changed at timestamp 0: XR_SESSION_STATE_STOPPING => XR_SESSION_STATE_IDLE
09-07 23:19:28.879 14067  6214 I WiVRn   : [2026-09-07 23:19:28.879] [WiVRn] [info] Session state changed at timestamp 0: XR_SESSION_STATE_IDLE => XR_SESSION_STATE_READY
09-07 23:19:28.883 14067  6214 I WiVRn   : [2026-09-07 23:19:28.883] [WiVRn] [info] Received event type Unknown
09-07 23:19:28.883 14067  6214 I WiVRn   : [2026-09-07 23:19:28.883] [WiVRn] [info] Received event type XR_TYPE_EVENT_DATA_USER_PRESENCE_CHANGED_EXT
09-07 23:19:28.886 14067  6214 I WiVRn   : [2026-09-07 23:19:28.886] [WiVRn] [info] Session state changed at timestamp 0: XR_SESSION_STATE_READY => XR_SESSION_STATE_SYNCHRONIZED
09-07 23:19:28.886 14067  6214 I WiVRn   : [2026-09-07 23:19:28.886] [WiVRn] [info] Session state changed at timestamp 0: XR_SESSION_STATE_SYNCHRONIZED => XR_SESSION_STATE_VISIBLE
09-07 23:19:28.886 14067  6214 I WiVRn   : [2026-09-07 23:19:28.886] [WiVRn] [info] Session state changed at timestamp 0: XR_SESSION_STATE_VISIBLE => XR_SESSION_STATE_FOCUSED
09-07 23:19:28.887 14067  6374 I WiVRn   : [2026-09-07 23:19:28.887] [WiVRn] [info] Using pin "000000"
09-07 23:19:28.894 14067  6374 I WiVRn   : [2026-09-07 23:19:28.894] [WiVRn] [info] Wi-Fi QoS marks enabled (uplink EF / AC_VO)
09-07 23:19:28.896 14067  6214 I WiVRn   : [2026-09-07 23:19:28.896] [WiVRn] [info] Supported swapchain formats:
09-07 23:19:28.896 14067  6214 I WiVRn   : [2026-09-07 23:19:28.896] [WiVRn] [info]     R8G8B8A8Srgb
09-07 23:19:28.896 14067  6214 I WiVRn   : [2026-09-07 23:19:28.896] [WiVRn] [info]     R8Unorm
09-07 23:19:28.896 14067  6214 I WiVRn   : [2026-09-07 23:19:28.896] [WiVRn] [info]     R8G8Unorm
09-07 23:19:28.896 14067  6214 I WiVRn   : [2026-09-07 23:19:28.896] [WiVRn] [info]     R8G8B8A8Unorm
09-07 23:19:28.896 14067  6214 I WiVRn   : [2026-09-07 23:19:28.896] [WiVRn] [info]     R5G6B5UnormPack16
09-07 23:19:28.896 14067  6214 I WiVRn   : [2026-09-07 23:19:28.896] [WiVRn] [info]     A2B10G10R10UnormPack32
09-07 23:19:28.896 14067  6214 I WiVRn   : [2026-09-07 23:19:28.896] [WiVRn] [info]     R16Unorm
09-07 23:19:28.896 14067  6214 I WiVRn   : [2026-09-07 23:19:28.896] [WiVRn] [info]     R16G16Unorm
09-07 23:19:28.896 14067  6214 I WiVRn   : [2026-09-07 23:19:28.896] [WiVRn] [info]     R16G16B16A16Unorm
09-07 23:19:28.896 14067  6214 I WiVRn   : [2026-09-07 23:19:28.896] [WiVRn] [info]     R16Uint
09-07 23:19:28.896 14067  6214 I WiVRn   : [2026-09-07 23:19:28.896] [WiVRn] [info]     R16G16Uint
09-07 23:19:28.896 14067  6214 I WiVRn   : [2026-09-07 23:19:28.896] [WiVRn] [info]     R16G16B16A16Uint
09-07 23:19:28.896 14067  6214 I WiVRn   : [2026-09-07 23:19:28.896] [WiVRn] [info]     R16Sint
09-07 23:19:28.896 14067  6214 I WiVRn   : [2026-09-07 23:19:28.896] [WiVRn] [info]     R16G16Sint
09-07 23:19:28.896 14067  6214 I WiVRn   : [2026-09-07 23:19:28.896] [WiVRn] [info]     R16G16B16A16Sint
09-07 23:19:28.896 14067  6214 I WiVRn   : [2026-09-07 23:19:28.896] [WiVRn] [info]     R16Sfloat
09-07 23:19:28.896 14067  6214 I WiVRn   : [2026-09-07 23:19:28.896] [WiVRn] [info]     R16G16Sfloat
09-07 23:19:28.896 14067  6214 I WiVRn   : [2026-09-07 23:19:28.896] [WiVRn] [info]     R16G16B16A16Sfloat
09-07 23:19:28.896 14067  6214 I WiVRn   : [2026-09-07 23:19:28.896] [WiVRn] [info]     A1R5G5B5UnormPack16
09-07 23:19:28.896 14067  6214 I WiVRn   : [2026-09-07 23:19:28.896] [WiVRn] [info]     Etc2R8G8B8UnormBlock
09-07 23:19:28.896 14067  6214 I WiVRn   : [2026-09-07 23:19:28.896] [WiVRn] [info]     Etc2R8G8B8A1UnormBlock
09-07 23:19:28.896 14067  6214 I WiVRn   : [2026-09-07 23:19:28.896] [WiVRn] [info]     Etc2R8G8B8A8UnormBlock
09-07 23:19:28.896 14067  6214 I WiVRn   : [2026-09-07 23:19:28.896] [WiVRn] [info]     Etc2R8G8B8SrgbBlock
09-07 23:19:28.896 14067  6214 I WiVRn   : [2026-09-07 23:19:28.896] [WiVRn] [info]     Etc2R8G8B8A1SrgbBlock
09-07 23:19:28.896 14067  6214 I WiVRn   : [2026-09-07 23:19:28.896] [WiVRn] [info]     Etc2R8G8B8A8SrgbBlock
09-07 23:19:28.896 14067  6214 I WiVRn   : [2026-09-07 23:19:28.896] [WiVRn] [info]     EacR11UnormBlock
09-07 23:19:28.896 14067  6214 I WiVRn   : [2026-09-07 23:19:28.896] [WiVRn] [info]     EacR11G11UnormBlock
09-07 23:19:28.896 14067  6214 I WiVRn   : [2026-09-07 23:19:28.896] [WiVRn] [info]     EacR11SnormBlock
09-07 23:19:28.896 14067  6214 I WiVRn   : [2026-09-07 23:19:28.896] [WiVRn] [info]     EacR11G11SnormBlock
09-07 23:19:28.896 14067  6214 I WiVRn   : [2026-09-07 23:19:28.896] [WiVRn] [info]     Astc4x4UnormBlock
09-07 23:19:28.896 14067  6214 I WiVRn   : [2026-09-07 23:19:28.896] [WiVRn] [info]     Astc5x4UnormBlock
09-07 23:19:28.896 14067  6214 I WiVRn   : [2026-09-07 23:19:28.896] [WiVRn] [info]     Astc5x5UnormBlock
09-07 23:19:28.896 14067  6214 I WiVRn   : [2026-09-07 23:19:28.896] [WiVRn] [info]     Astc6x5UnormBlock
09-07 23:19:28.896 14067  6214 I WiVRn   : [2026-09-07 23:19:28.896] [WiVRn] [info]     Astc6x6UnormBlock
09-07 23:19:28.896 14067  6214 I WiVRn   : [2026-09-07 23:19:28.896] [WiVRn] [info]     Astc8x5UnormBlock
09-07 23:19:28.896 14067  6214 I WiVRn   : [2026-09-07 23:19:28.896] [WiVRn] [info]     Astc8x6UnormBlock
09-07 23:19:28.896 14067  6214 I WiVRn   : [2026-09-07 23:19:28.896] [WiVRn] [info]     Astc8x8UnormBlock
09-07 23:19:28.896 14067  6214 I WiVRn   : [2026-09-07 23:19:28.896] [WiVRn] [info]     Astc10x5UnormBlock
09-07 23:19:28.896 14067  6214 I WiVRn   : [2026-09-07 23:19:28.896] [WiVRn] [info]     Astc10x6UnormBlock
09-07 23:19:28.896 14067  6214 I WiVRn   : [2026-09-07 23:19:28.896] [WiVRn] [info]     Astc10x8UnormBlock
09-07 23:19:28.896 14067  6214 I WiVRn   : [2026-09-07 23:19:28.896] [WiVRn] [info]     Astc10x10UnormBlock
09-07 23:19:28.896 14067  6214 I WiVRn   : [2026-09-07 23:19:28.896] [WiVRn] [info]     Astc12x10UnormBlock
09-07 23:19:28.896 14067  6214 I WiVRn   : [2026-09-07 23:19:28.896] [WiVRn] [info]     Astc12x12UnormBlock
09-07 23:19:28.896 14067  6214 I WiVRn   : [2026-09-07 23:19:28.896] [WiVRn] [info]     Astc4x4SrgbBlock
09-07 23:19:28.896 14067  6214 I WiVRn   : [2026-09-07 23:19:28.896] [WiVRn] [info]     Astc5x4SrgbBlock
09-07 23:19:28.896 14067  6214 I WiVRn   : [2026-09-07 23:19:28.896] [WiVRn] [info]     Astc5x5SrgbBlock
09-07 23:19:28.896 14067  6214 I WiVRn   : [2026-09-07 23:19:28.896] [WiVRn] [info]     Astc6x5SrgbBlock
09-07 23:19:28.896 14067  6214 I WiVRn   : [2026-09-07 23:19:28.896] [WiVRn] [info]     Astc6x6SrgbBlock
09-07 23:19:28.896 14067  6214 I WiVRn   : [2026-09-07 23:19:28.896] [WiVRn] [info]     Astc8x5SrgbBlock
09-07 23:19:28.896 14067  6214 I WiVRn   : [2026-09-07 23:19:28.896] [WiVRn] [info]     Astc8x6SrgbBlock
09-07 23:19:28.896 14067  6214 I WiVRn   : [2026-09-07 23:19:28.896] [WiVRn] [info]     Astc8x8SrgbBlock
09-07 23:19:28.896 14067  6214 I WiVRn   : [2026-09-07 23:19:28.896] [WiVRn] [info]     Astc10x5SrgbBlock
09-07 23:19:28.896 14067  6214 I WiVRn   : [2026-09-07 23:19:28.896] [WiVRn] [info]     Astc10x6SrgbBlock
09-07 23:19:28.896 14067  6214 I WiVRn   : [2026-09-07 23:19:28.896] [WiVRn] [info]     Astc10x8SrgbBlock
09-07 23:19:28.896 14067  6214 I WiVRn   : [2026-09-07 23:19:28.896] [WiVRn] [info]     Astc10x10SrgbBlock
09-07 23:19:28.896 14067  6214 I WiVRn   : [2026-09-07 23:19:28.896] [WiVRn] [info]     Astc12x10SrgbBlock
09-07 23:19:28.896 14067  6214 I WiVRn   : [2026-09-07 23:19:28.896] [WiVRn] [info]     Astc12x12SrgbBlock
09-07 23:19:28.896 14067  6214 I WiVRn   : [2026-09-07 23:19:28.896] [WiVRn] [info]     D16Unorm
09-07 23:19:28.896 14067  6214 I WiVRn   : [2026-09-07 23:19:28.896] [WiVRn] [info]     X8D24UnormPack32
09-07 23:19:28.896 14067  6214 I WiVRn   : [2026-09-07 23:19:28.896] [WiVRn] [info]     D32Sfloat
09-07 23:19:28.896 14067  6214 I WiVRn   : [2026-09-07 23:19:28.896] [WiVRn] [info]     D24UnormS8Uint
09-07 23:19:28.896 14067  6214 I WiVRn   : [2026-09-07 23:19:28.896] [WiVRn] [info]     B8G8R8A8Unorm
09-07 23:19:28.896 14067  6214 I WiVRn   : [2026-09-07 23:19:28.896] [WiVRn] [info]     B8G8R8A8Srgb
09-07 23:19:28.898 14067  6214 I WiVRn   : [2026-09-07 23:19:28.898] [WiVRn] [info] Using panel size: 2160x2160
09-07 23:19:28.916 14067  6214 I WiVRn   : [2026-09-07 23:19:28.916] [WiVRn] [info] video codec av1: NOT supported
09-07 23:19:28.946 14067  6214 I WiVRn   : [2026-09-07 23:19:28.946] [WiVRn] [info] video codec h265: supported
09-07 23:19:28.982 14067  6214 I WiVRn   : [2026-09-07 23:19:28.982] [WiVRn] [info] video codec h264: supported
09-07 23:19:28.987 14067  6214 I WiVRn   : [2026-09-07 23:19:28.987] [WiVRn] [info] Using format R8G8B8A8Srgb
09-07 23:19:28.989 14067  6214 I WiVRn   : [2026-09-07 23:19:28.989] [WiVRn] [info] WifiLock low latency acquired
09-07 23:19:28.990 14067  6214 I WiVRn   : [2026-09-07 23:19:28.990] [WiVRn] [info] Received event type Unknown
09-07 23:19:29.040 14067  6396 I WiVRn   : [2026-09-07 23:19:29.040] [WiVRn] [info] setup, refresh rate 90
09-07 23:19:29.040 14067  6396 I WiVRn   : [2026-09-07 23:19:29.040] [WiVRn] [info] set refresh rate to 90Hz
09-07 23:19:29.040 14067  6396 I WiVRn   : [2026-09-07 23:19:29.040] [WiVRn] [info] Creating decoders, size 1088x1088
09-07 23:19:29.040 14067  6396 I WiVRn   : [2026-09-07 23:19:29.040] [WiVRn] [info] edge bleed: server overscan 5.0%, client ring 0.0% (fade)
09-07 23:19:29.040 14067  6396 I WiVRn   : [2026-09-07 23:19:29.040] [WiVRn] [info]   stream 0: role 0, 1088x1088
09-07 23:19:29.040 14067  6396 I WiVRn   : [2026-09-07 23:19:29.040] [WiVRn] [info] nxwarp: decoupled display on
09-07 23:19:29.040 14067  6396 I WiVRn   : [2026-09-07 23:19:29.040] [WiVRn] [info] nxwarp: ycbcr chroma filter linear
09-07 23:19:29.040 14067  6396 I WiVRn   : [2026-09-07 23:19:29.040] [WiVRn] [info] nxwarp[0]: decoupled display -- frames are published complete and the reprojection pass waits on nothing
09-07 23:19:29.040 14067  6396 I WiVRn   : [2026-09-07 23:19:29.040] [WiVRn] [info]   stream 2: role 1, 1088x544
09-07 23:19:29.041 14067  6396 I WiVRn   : [2026-09-07 23:19:29.041] [WiVRn] [info] nxwarp: decoupled display on
09-07 23:19:29.041 14067  6396 I WiVRn   : [2026-09-07 23:19:29.041] [WiVRn] [info] nxwarp: ycbcr chroma filter linear
09-07 23:19:29.041 14067  6396 I WiVRn   : [2026-09-07 23:19:29.041] [WiVRn] [info] nxwarp[2]: decoupled display -- frames are published complete and the reprojection pass waits on nothing
09-07 23:19:29.041 14067  6400 I WiVRn   : [2026-09-07 23:19:29.041] [WiVRn] [info] Adding hand_interaction poses to device list
09-07 23:19:29.041 14067  6400 I WiVRn   : [2026-09-07 23:19:29.041] [WiVRn] [info] interaction profile for /user/hand/left: /interaction_profiles/ext/hand_interaction_ext
09-07 23:19:29.041 14067  6400 I WiVRn   : [2026-09-07 23:19:29.041] [WiVRn] [info] interaction profile for /user/hand/right: /interaction_profiles/ext/hand_interaction_ext
09-07 23:19:29.041 14067  6400 I WiVRn   : [2026-09-07 23:19:29.041] [WiVRn] [info] interaction profile for /user/gamepad: XR_NULL_PATH
09-07 23:19:29.041 14067  6400 W WiVRn   : [2026-09-07 23:19:29.041] [WiVRn] [warning] unknown interaction profile XR_NULL_PATH
09-07 23:19:29.046 14067  6400 I WiVRn   : [2026-09-07 23:19:29.046] [WiVRn] [info] Tracking pattern (5000µs):
09-07 23:19:29.046 14067  6400 I WiVRn   : [2026-09-07 23:19:29.046] [WiVRn] [info] 	t+5000µs HEAD (0µs)
09-07 23:19:29.051 14067  6396 I WiVRn   : [2026-09-07 23:19:29.051] [WiVRn] [info] Speaker stream started
09-07 23:19:29.051 14067  6396 I WiVRn   : [2026-09-07 23:19:29.051] [WiVRn] [info] setup, refresh rate 90
09-07 23:19:29.051 14067  6396 I WiVRn   : [2026-09-07 23:19:29.051] [WiVRn] [info] set refresh rate to 90Hz
09-07 23:19:32.082 14067  6396 I WiVRn   : [2026-09-07 23:19:32.082] [WiVRn] [info] nxwarp[0]: direct atlas targets false
09-07 23:19:32.083 14067  6396 I WiVRn   : [2026-09-07 23:19:32.083] [WiVRn] [info] nxwarp[0]: real R8 atlas display with per-frame GPU snapshots
09-07 23:19:32.083 14067  6396 I WiVRn   : [2026-09-07 23:19:32.083] [WiVRn] [info] nxwarp[0]: 1088x1088 per eye, 2 eyes, on Adreno (TM) 650, 34 x 17 tiles, 1166 bytes per tile
09-07 23:19:32.083 14067  6396 I WiVRn   : [2026-09-07 23:19:32.083] [WiVRn] [info] nxwarp[0] net: 1 frames closed in 3.0 s, 0 with a hole, 0 out-of-order datagrams, 0 frames completed late, 0 queued for the worker, 0 decoded so far, 0 stragglers dropped; last hole 0/0 chunks, first missing -1, short false, chunk 1166 B
09-07 23:19:32.083 14067  6396 I WiVRn   : [2026-09-07 23:19:32.083] [WiVRn] [info] nxwarp[0] net: 0.020 ms per datagram over 18 datagrams (0.12 ms of every second)
09-07 23:19:32.083 14067  6396 I WiVRn   : [2026-09-07 23:19:32.083] [WiVRn] [info] nxwarp[0] sel: stride 1, arrival 0.0 ms, dropped-late 0, withheld 0, decoded 0
09-07 23:19:32.083 14067  6396 I WiVRn   : [2026-09-07 23:19:32.083] [WiVRn] [info] nxwarp[0] rx: 19 datagrams, placed 578 (+578), late 0 (+0), stale_frame 0, bad_range 0, bad_dir 0, bad_caps 0, bad_ver 0, auth_fail 0, replay 0, frozen 0, dup 0
09-07 23:19:32.086 14067  6400 I WiVRn   : [2026-09-07 23:19:32.086] [WiVRn] [info] Tracking pattern (5000µs):
09-07 23:19:32.086 14067  6400 I WiVRn   : [2026-09-07 23:19:32.086] [WiVRn] [info] 	t+1000µs HEAD (9000µs)
09-07 23:19:32.086 14067  6400 I WiVRn   : [2026-09-07 23:19:32.086] [WiVRn] [info] 	t+1709µs LEFT_GRIP (8290µs)
09-07 23:19:32.086 14067  6400 I WiVRn   : [2026-09-07 23:19:32.086] [WiVRn] [info] 	t+1780µs RIGHT_GRIP (8219µs)
09-07 23:19:32.086 14067  6400 I WiVRn   : [2026-09-07 23:19:32.086] [WiVRn] [info] 	t+2000µs HEAD (3000µs)
09-07 23:19:32.086 14067  6400 I WiVRn   : [2026-09-07 23:19:32.086] [WiVRn] [info] 	t+2709µs LEFT_GRIP (2290µs)
09-07 23:19:32.086 14067  6400 I WiVRn   : [2026-09-07 23:19:32.086] [WiVRn] [info] 	t+2780µs RIGHT_GRIP (2219µs)
09-07 23:19:32.086 14067  6400 I WiVRn   : [2026-09-07 23:19:32.086] [WiVRn] [info] 	t+4000µs HEAD (6000µs)
09-07 23:19:32.086 14067  6400 I WiVRn   : [2026-09-07 23:19:32.086] [WiVRn] [info] 	t+4709µs LEFT_GRIP (5290µs)
09-07 23:19:32.086 14067  6400 I WiVRn   : [2026-09-07 23:19:32.086] [WiVRn] [info] 	t+4780µs RIGHT_GRIP (5219µs)
09-07 23:19:32.086 14067  6400 I WiVRn   : [2026-09-07 23:19:32.086] [WiVRn] [info] 	t+5000µs HEAD (0µs)
09-07 23:19:32.232 14067  6214 I WiVRn   : [2026-09-07 23:19:32.232] [WiVRn] [info] Session state changed at timestamp 0: XR_SESSION_STATE_FOCUSED => XR_SESSION_STATE_VISIBLE
09-07 23:19:32.232 14067  6214 I WiVRn   : [2026-09-07 23:19:32.232] [WiVRn] [info] Session state changed at timestamp 0: XR_SESSION_STATE_VISIBLE => XR_SESSION_STATE_SYNCHRONIZED
09-07 23:19:32.232 14067  6214 I WiVRn   : [2026-09-07 23:19:32.232] [WiVRn] [info] Session state changed at timestamp 0: XR_SESSION_STATE_SYNCHRONIZED => XR_SESSION_STATE_STOPPING
09-07 23:19:32.234 14067  6214 I WiVRn   : [2026-09-07 23:19:32.234] [WiVRn] [info] Session state changed at timestamp 0: XR_SESSION_STATE_STOPPING => XR_SESSION_STATE_IDLE
09-07 23:19:33.002 14067  6220 I WiVRn   : [2026-09-07 23:19:33.002] [WiVRn] [info] Sending query for _wivrn._tcp.local., type PTR
09-07 23:19:33.049 14067  6400 I WiVRn   : [2026-09-07 23:19:33.049] [WiVRn] [info] Tracking pattern (5000µs):
09-07 23:19:33.050 14067  6400 I WiVRn   : [2026-09-07 23:19:33.050] [WiVRn] [info] 	t+909µs HEAD (24090µs)
09-07 23:19:33.050 14067  6400 I WiVRn   : [2026-09-07 23:19:33.050] [WiVRn] [info] 	t+1619µs LEFT_GRIP (33380µs)
09-07 23:19:33.050 14067  6400 I WiVRn   : [2026-09-07 23:19:33.050] [WiVRn] [info] 	t+1633µs RIGHT_GRIP (33366µs)
09-07 23:19:33.050 14067  6400 I WiVRn   : [2026-09-07 23:19:33.050] [WiVRn] [info] 	t+1909µs HEAD (33090µs)
09-07 23:19:33.050 14067  6400 I WiVRn   : [2026-09-07 23:19:33.050] [WiVRn] [info] 	t+2909µs HEAD (27090µs)
09-07 23:19:33.050 14067  6400 I WiVRn   : [2026-09-07 23:19:33.050] [WiVRn] [info] 	t+4619µs LEFT_GRIP (30380µs)
09-07 23:19:33.050 14067  6400 I WiVRn   : [2026-09-07 23:19:33.050] [WiVRn] [info] 	t+4633µs RIGHT_GRIP (30366µs)
09-07 23:19:33.050 14067  6400 I WiVRn   : [2026-09-07 23:19:33.050] [WiVRn] [info] 	t+4909µs HEAD (30090µs)
09-07 23:19:34.042 14067  6400 I WiVRn   : [2026-09-07 23:19:34.042] [WiVRn] [info] Tracking pattern (5000µs):
09-07 23:19:34.042 14067  6400 I WiVRn   : [2026-09-07 23:19:34.042] [WiVRn] [info] 	t+793µs HEAD (24206µs)
09-07 23:19:34.042 14067  6400 I WiVRn   : [2026-09-07 23:19:34.042] [WiVRn] [info] 	t+3793µs HEAD (21206µs)
09-07 23:19:34.089 14067  6396 I WiVRn   : [2026-09-07 23:19:34.089] [WiVRn] [info] nxwarp[0] net: 195 frames closed in 2.0 s, 0 with a hole, 0 out-of-order datagrams, 0 frames completed late, 1 queued for the worker, 0 decoded so far, 195 stragglers dropped; last hole 0/0 chunks, first missing -1, short false, chunk 1166 B
09-07 23:19:34.089 14067  6396 I WiVRn   : [2026-09-07 23:19:34.089] [WiVRn] [info] nxwarp[0] net: 0.101 ms per datagram over 5026 datagrams (252.07 ms of every second)
09-07 23:19:34.089 14067  6396 I WiVRn   : [2026-09-07 23:19:34.089] [WiVRn] [info] nxwarp[0] sel: stride 1, arrival 11.5 ms, dropped-late 193, withheld 0, decoded 0
09-07 23:19:34.090 14067  6396 I WiVRn   : [2026-09-07 23:19:34.090] [WiVRn] [info] nxwarp[0] rx: 5045 datagrams, placed 113288 (+112710), late 1187 (+1187), stale_frame 0, bad_range 0, bad_dir 0, bad_caps 0, bad_ver 0, auth_fail 0, replay 0, frozen 0, dup 0
09-07 23:19:34.890 14067  6398 I WiVRn   : [2026-09-07 23:19:34.890] [WiVRn] [info] nxwarp[0]: 1 frames in 5.9 s: 9118 B/frame, wait-prev 0.0 ms, wall 2806.9 ms, nxvc passA 1.8 passB 8.7 gpu 10.5 ms; holes 0, refused 0
09-07 23:19:34.890 14067  6398 I WiVRn   : [2026-09-07 23:19:34.890] [WiVRn] [info] nxwarp[0] gpu duty 2 ms/s (0% of one GPU) for decode alone; the display pass is extra
09-07 23:19:34.890 14067  6398 I WiVRn   : [2026-09-07 23:19:34.890] [WiVRn] [info] nxwarp[0] passB 8.7 ms = warp 0.0 + skip 0.0 + coded 0.0 + dir 0.0 + other 8.7; tiles skip 0 / coded 578 / dir 0 (eye pass 0)
09-07 23:19:34.890 14067  6398 I WiVRn   : [2026-09-07 23:19:34.890] [WiVRn] [info] nxwarp[0]: 266 frames dropped late (queue kept to 1)
09-07 23:19:34.890 14067  6398 I WiVRn   : [2026-09-07 23:19:34.890] [WiVRn] [info] nxwarp[0] stage: gap 0.0 | wait-prev 0.0 | submit 2795.8 (qlock 0.0 + codec 2795.8) | get_free 0.0 | fence-pre 0.0 | record 0.2 | qsubmit 0.0 | fence-post 10.9 | publish 0.0 ms; withheld 0, stride 1, arrival 10.4 ms
09-07 23:19:34.890 14067  6398 I WiVRn   : [2026-09-07 23:19:34.890] [WiVRn] [info] nxwarp[0] reassembly (network thread): 0.06 ms/frame over 268 frames, buffer 13 kB held for 13 kB of unit (1.0x)
09-07 23:19:34.890 14067  6398 I WiVRn   : [2026-09-07 23:19:34.890] [WiVRn] [info] nxwarp[0] fence-post 10.9 ms = nxvc gpu 10.5 + copy gpu 0.51 + queue -0.2 (over 1 frames with timestamps)
09-07 23:19:34.890 14067  6398 I WiVRn   : [2026-09-07 23:19:34.890] [WiVRn] [info] nxwarp[0] atlas: frames 1, atlas 1, picture 0, avg dispatches 6.0, avg assembled 0.0, avg valid 578.0, direct targets 0
09-07 23:19:35.041 14067  6400 I WiVRn   : [2026-09-07 23:19:35.041] [WiVRn] [info] Tracking pattern (5000µs):
09-07 23:19:35.041 14067  6400 I WiVRn   : [2026-09-07 23:19:35.041] [WiVRn] [info] 	t+5000µs HEAD (0µs)
09-07 23:19:35.077 14067  6214 I WiVRn   : [2026-09-07 23:19:35.077] [WiVRn] [info] Session state changed at timestamp 0: XR_SESSION_STATE_IDLE => XR_SESSION_STATE_READY
09-07 23:19:35.078 14067  6214 I WiVRn   : [2026-09-07 23:19:35.078] [WiVRn] [info] Received event type Unknown
09-07 23:19:35.078 14067  6214 I WiVRn   : [2026-09-07 23:19:35.078] [WiVRn] [info] Received event type XR_TYPE_EVENT_DATA_USER_PRESENCE_CHANGED_EXT
09-07 23:19:35.081 14067  6214 I WiVRn   : [2026-09-07 23:19:35.081] [WiVRn] [info] Session state changed at timestamp 0: XR_SESSION_STATE_READY => XR_SESSION_STATE_SYNCHRONIZED
09-07 23:19:35.081 14067  6214 I WiVRn   : [2026-09-07 23:19:35.081] [WiVRn] [info] Session state changed at timestamp 0: XR_SESSION_STATE_SYNCHRONIZED => XR_SESSION_STATE_VISIBLE
09-07 23:19:35.081 14067  6214 I WiVRn   : [2026-09-07 23:19:35.081] [WiVRn] [info] Session state changed at timestamp 0: XR_SESSION_STATE_VISIBLE => XR_SESSION_STATE_FOCUSED
09-07 23:19:35.090 14067  6398 I WiVRn   : [2026-09-07 23:19:35.090] [WiVRn] [info] Stream scene ready at t=85808459439401
09-07 23:19:35.099 14067  6214 I WiVRn   : [2026-09-07 23:19:35.099] [WiVRn] [info] MulticastLock released
09-07 23:19:35.101 14067  6400 I WiVRn   : [2026-09-07 23:19:35.101] [WiVRn] [info] Tracking pattern (5000µs):
09-07 23:19:35.101 14067  6400 I WiVRn   : [2026-09-07 23:19:35.101] [WiVRn] [info] 	t+839µs LEFT_GRIP (4160µs)
09-07 23:19:35.101 14067  6400 I WiVRn   : [2026-09-07 23:19:35.101] [WiVRn] [info] 	t+5000µs HEAD (0µs)
09-07 23:19:35.102 14067  6214 I WiVRn   : [2026-09-07 23:19:35.102] [WiVRn] [info] Loaded input profile pico-4
09-07 23:19:35.102 14067  6214 I WiVRn   : [2026-09-07 23:19:35.102] [WiVRn] [info] Initializing offset of space aim_left to (-5, 0, 20) mm, (0, -0, 0)°
09-07 23:19:35.102 14067  6214 I WiVRn   : [2026-09-07 23:19:35.102] [WiVRn] [info] Initializing offset of space aim_right to (5, 0, 20) mm, (0, -0, 0)°
09-07 23:19:35.102 14067  6214 I WiVRn   : [2026-09-07 23:19:35.102] [WiVRn] [info] Initializing offset of space grip_left to (0, -20, -50) mm, (-30.000002, -0, 0)°
09-07 23:19:35.102 14067  6214 I WiVRn   : [2026-09-07 23:19:35.102] [WiVRn] [info] Initializing offset of space grip_right to (0, -20, -50) mm, (-30.000002, -0, 0)°
09-07 23:19:35.104 14067  6214 I WiVRn   : [2026-09-07 23:19:35.104] [WiVRn] [info] Font for de /system/fonts/PICOSans.ttf
09-07 23:19:35.104 14067  6214 I WiVRn   : [2026-09-07 23:19:35.104] [WiVRn] [info] Font for es /system/fonts/PICOSans.ttf
09-07 23:19:35.104 14067  6214 I WiVRn   : [2026-09-07 23:19:35.104] [WiVRn] [info] Font for fr /system/fonts/PICOSans.ttf
09-07 23:19:35.104 14067  6214 I WiVRn   : [2026-09-07 23:19:35.104] [WiVRn] [info] Font for fr /system/fonts/Roboto-Regular.ttf
09-07 23:19:35.104 14067  6214 I WiVRn   : [2026-09-07 23:19:35.104] [WiVRn] [info] Font for it /system/fonts/PICOSans.ttf
09-07 23:19:35.104 14067  6214 I WiVRn   : [2026-09-07 23:19:35.104] [WiVRn] [info] Font for ja /system/fonts/PICOSans.ttf
09-07 23:19:35.104 14067  6214 I WiVRn   : [2026-09-07 23:19:35.104] [WiVRn] [info] Font for ja /system/fonts/PICOSansVFJP.ttf
09-07 23:19:35.104 14067  6214 I WiVRn   : [2026-09-07 23:19:35.104] [WiVRn] [info] Font for ka /system/fonts/PICOSans.ttf
09-07 23:19:35.104 14067  6214 I WiVRn   : [2026-09-07 23:19:35.104] [WiVRn] [info] Font for ka /system/fonts/NotoSansGeorgian-Regular.otf
09-07 23:19:35.104 14067  6214 I WiVRn   : [2026-09-07 23:19:35.104] [WiVRn] [info] Font for ka /system/fonts/PICOSans.ttf
09-07 23:19:35.104 14067  6214 I WiVRn   : [2026-09-07 23:19:35.104] [WiVRn] [info] Font for pl /system/fonts/PICOSans.ttf
09-07 23:19:35.104 14067  6214 I WiVRn   : [2026-09-07 23:19:35.104] [WiVRn] [info] Font for pl /system/fonts/Roboto-Regular.ttf
09-07 23:19:35.104 14067  6214 I WiVRn   : [2026-09-07 23:19:35.104] [WiVRn] [info] Font for pl /system/fonts/PICOSans.ttf
09-07 23:19:35.104 14067  6214 I WiVRn   : [2026-09-07 23:19:35.104] [WiVRn] [info] Font for pl /system/fonts/PICOSansSC-Regular.ttf
09-07 23:19:35.104 14067  6214 I WiVRn   : [2026-09-07 23:19:35.104] [WiVRn] [info] Font for pl /system/fonts/Roboto-Regular.ttf
09-07 23:19:35.104 14067  6214 I WiVRn   : [2026-09-07 23:19:35.104] [WiVRn] [info] Font for pl /system/fonts/PICOSans.ttf
09-07 23:19:35.104 14067  6214 I WiVRn   : [2026-09-07 23:19:35.104] [WiVRn] [info] Font for pt_BR /system/fonts/PICOSans.ttf
09-07 23:19:35.104 14067  6214 I WiVRn   : [2026-09-07 23:19:35.104] [WiVRn] [info] Font for ru /system/fonts/PICOSans.ttf
09-07 23:19:35.104 14067  6214 I WiVRn   : [2026-09-07 23:19:35.104] [WiVRn] [info] Font for ru /system/fonts/PICOSansSC-Regular.ttf
09-07 23:19:35.104 14067  6214 I WiVRn   : [2026-09-07 23:19:35.104] [WiVRn] [info] Font for ru /system/fonts/PICOSans.ttf
09-07 23:19:35.104 14067  6214 I WiVRn   : [2026-09-07 23:19:35.104] [WiVRn] [info] Font for sk /system/fonts/PICOSans.ttf
09-07 23:19:35.104 14067  6214 I WiVRn   : [2026-09-07 23:19:35.104] [WiVRn] [info] Font for sk /system/fonts/Roboto-Regular.ttf
09-07 23:19:35.104 14067  6214 I WiVRn   : [2026-09-07 23:19:35.104] [WiVRn] [info] Font for sk /system/fonts/PICOSansSC-Regular.ttf
09-07 23:19:35.104 14067  6214 I WiVRn   : [2026-09-07 23:19:35.104] [WiVRn] [info] Font for sk /system/fonts/PICOSans.ttf
09-07 23:19:35.104 14067  6214 I WiVRn   : [2026-09-07 23:19:35.104] [WiVRn] [info] Font for sk /system/fonts/Roboto-Regular.ttf
09-07 23:19:35.104 14067  6214 I WiVRn   : [2026-09-07 23:19:35.104] [WiVRn] [info] Font for sk /system/fonts/PICOSans.ttf
09-07 23:19:35.104 14067  6214 I WiVRn   : [2026-09-07 23:19:35.104] [WiVRn] [info] Font for tr /system/fonts/PICOSans.ttf
09-07 23:19:35.104 14067  6214 I WiVRn   : [2026-09-07 23:19:35.104] [WiVRn] [info] Font for tr /system/fonts/Roboto-Regular.ttf
09-07 23:19:35.104 14067  6214 I WiVRn   : [2026-09-07 23:19:35.104] [WiVRn] [info] Font for tr /system/fonts/PICOSans.ttf
09-07 23:19:35.104 14067  6214 I WiVRn   : [2026-09-07 23:19:35.104] [WiVRn] [info] Font for tr /system/fonts/Roboto-Regular.ttf
09-07 23:19:35.104 14067  6214 I WiVRn   : [2026-09-07 23:19:35.104] [WiVRn] [info] Font for tr /system/fonts/PICOSans.ttf
09-07 23:19:35.105 14067  6214 I WiVRn   : [2026-09-07 23:19:35.105] [WiVRn] [info] Font for zh_CN /system/fonts/PICOSans.ttf
09-07 23:19:35.105 14067  6214 I WiVRn   : [2026-09-07 23:19:35.105] [WiVRn] [info] Font for zh_CN /system/fonts/PICOSansSC-Regular.ttf
09-07 23:19:35.105 14067  6214 I WiVRn   : [2026-09-07 23:19:35.105] [WiVRn] [info] Font for zh_TW /system/fonts/PICOSans.ttf
09-07 23:19:35.105 14067  6214 I WiVRn   : [2026-09-07 23:19:35.105] [WiVRn] [info] Font for zh_TW /system/fonts/PICOSansSC-Regular.ttf
09-07 23:19:35.110 14067  6214 I WiVRn   : [2026-09-07 23:19:35.110] [WiVRn] [info] Using font /system/fonts/PICOSans.ttf
09-07 23:19:35.110 14067  6214 I WiVRn   : [2026-09-07 23:19:35.110] [WiVRn] [info] Using font /system/fonts/Roboto-Regular.ttf
09-07 23:19:35.110 14067  6214 I WiVRn   : [2026-09-07 23:19:35.110] [WiVRn] [info] Using font /system/fonts/PICOSansVFJP.ttf
09-07 23:19:35.123 14067  6214 I WiVRn   : [2026-09-07 23:19:35.123] [WiVRn] [info] Using font /system/fonts/NotoSansGeorgian-Regular.otf
09-07 23:19:35.123 14067  6214 I WiVRn   : [2026-09-07 23:19:35.123] [WiVRn] [info] Using font /system/fonts/PICOSansSC-Regular.ttf
09-07 23:19:35.131 14067  6214 I WiVRn   : [2026-09-07 23:19:35.131] [WiVRn] [info] Performance level: CPU domain asked for sustained_high
09-07 23:19:35.131 14067  6214 I WiVRn   : [2026-09-07 23:19:35.131] [WiVRn] [info] nxwarp: GPU performance level setting 2
09-07 23:19:35.131 14067  6214 I WiVRn   : [2026-09-07 23:19:35.131] [WiVRn] [info] Performance level: GPU domain asked for boost
09-07 23:19:35.145 14067  6214 I WiVRn   : [2026-09-07 23:19:35.145] [WiVRn] [info] swapchain setup, refresh rate 90
09-07 23:19:35.145 14067  6214 I WiVRn   : [2026-09-07 23:19:35.145] [WiVRn] [info] set refresh rate to 90Hz
09-07 23:19:35.147 14067  6214 I WiVRn   : [2026-09-07 23:19:35.147] [WiVRn] [info] Created stream swapchain: 1088x1088
09-07 23:19:35.147 14067  6214 I WiVRn   : [2026-09-07 23:19:35.147] [WiVRn] [info] Initializing reprojector
09-07 23:19:35.174 14067  6214 I WiVRn   : [2026-09-07 23:19:35.174] [WiVRn] [info] geometry[eye 0]: view_info fov L-53.34 R53.34 U53.34 D-53.34 | layer fov L-53.34 R53.34 U53.34 D-53.34 deg | layer rect 1088x1088 | defoveated 1088x1088 | scale 0.50
09-07 23:19:35.174 14067  6214 I WiVRn   : [2026-09-07 23:19:35.174] [WiVRn] [info] geometry[eye 1]: view_info fov L-53.34 R53.34 U53.34 D-53.34 | layer fov L-53.34 R53.34 U53.34 D-53.34 deg | layer rect 1088x1088 | defoveated 1088x1088 | scale 0.50
09-07 23:19:35.176 14067  6214 I WiVRn   : [2026-09-07 23:19:35.176] [WiVRn] [info] render: 1 iterations in 18.3 s (0.1/s), 1 submitted a layer, 1 new-source, 0 skipped by the repeat gate, 0 with nothing to show; display period 11.1 ms
09-07 23:19:35.176 14067  6214 I WiVRn   : [2026-09-07 23:19:35.176] [WiVRn] [info] render: selected source transitions forward 0 backward 0 repeat 0, greatest forward gap 0
09-07 23:19:35.176 14067  6214 I WiVRn   : [2026-09-07 23:19:35.176] [WiVRn] [info] render: this app's own GPU pass 0.0 ms per iteration
09-07 23:19:35.176 14067  6214 I WiVRn   : [2026-09-07 23:19:35.176] [WiVRn] [info] render: defoveate 1088x1088 per eye x2 = 2.37 Mpx/frame at scale 0.50 atlas-prototype 0; 0 re-presented from the cache (reduce_gpu_load on)
09-07 23:19:35.176 14067  6214 I WiVRn   : [2026-09-07 23:19:35.176] [WiVRn] [info] render: shader path sharpness 0.00 fsr false alpha false motion false blend false glow 0.28 vignette 0.00 deband 1.00 lowpoly 0.00 levels 0 full-kernel false
09-07 23:19:35.176 14067  6214 I WiVRn   : [2026-09-07 23:19:35.176] [WiVRn] [info] render: per iteration fence 0.0 (worst 0.0) | queries 0.0 | submit 0.0 | whole render() 45.2 ms
09-07 23:19:35.176 14067  6214 I WiVRn   : [2026-09-07 23:19:35.176] [WiVRn] [info] render: jit on | wake slack 29.4 ms | slept 0.0 ms mean (max 0.0, 0 of 1 iterations) | budget 1.0 = pass 0.0 + margin 1.0 | sleep cap 45.0 ms
09-07 23:19:35.176 14067  6214 I WiVRn   : [2026-09-07 23:19:35.176] [WiVRn] [info] render: source display-time offset 70.0 ms mean (worst 70.0) over 1 frames | submit lead 0.0 ms mean (worst 0.0) | misses: 0 overrun 0 late 0 skipped refresh
09-07 23:19:35.176 14067  6214 I WiVRn   : [2026-09-07 23:19:35.176] [WiVRn] [info] Received event type XR_TYPE_EVENT_DATA_INTERACTION_PROFILE_CHANGED
09-07 23:19:35.176 14067  6214 I WiVRn   : [2026-09-07 23:19:35.176] [WiVRn] [info] interaction profile for /user/hand/left: /interaction_profiles/ext/hand_interaction_ext
09-07 23:19:35.176 14067  6214 I WiVRn   : [2026-09-07 23:19:35.176] [WiVRn] [info] interaction profile for /user/hand/right: /interaction_profiles/ext/hand_interaction_ext
09-07 23:19:35.177 14067  6214 I WiVRn   : [2026-09-07 23:19:35.177] [WiVRn] [info] interaction profile for /user/gamepad: XR_NULL_PATH
09-07 23:19:35.177 14067  6214 W WiVRn   : [2026-09-07 23:19:35.177] [WiVRn] [warning] unknown interaction profile XR_NULL_PATH
09-07 23:19:35.177 14067  6214 I WiVRn   : [2026-09-07 23:19:35.177] [WiVRn] [info] Received event type XR_TYPE_EVENT_DATA_INTERACTION_PROFILE_CHANGED
09-07 23:19:35.177 14067  6214 I WiVRn   : [2026-09-07 23:19:35.177] [WiVRn] [info] interaction profile for /user/hand/left: /interaction_profiles/ext/hand_interaction_ext
09-07 23:19:35.177 14067  6214 I WiVRn   : [2026-09-07 23:19:35.177] [WiVRn] [info] interaction profile for /user/hand/right: /interaction_profiles/ext/hand_interaction_ext
09-07 23:19:35.177 14067  6214 I WiVRn   : [2026-09-07 23:19:35.177] [WiVRn] [info] interaction profile for /user/gamepad: XR_NULL_PATH
09-07 23:19:35.177 14067  6214 W WiVRn   : [2026-09-07 23:19:35.177] [WiVRn] [warning] unknown interaction profile XR_NULL_PATH
09-07 23:19:35.177 14067  6214 I WiVRn   : [2026-09-07 23:19:35.177] [WiVRn] [info] Received event type XR_TYPE_EVENT_DATA_INTERACTION_PROFILE_CHANGED
09-07 23:19:35.177 14067  6214 I WiVRn   : [2026-09-07 23:19:35.177] [WiVRn] [info] interaction profile for /user/hand/left: /interaction_profiles/ext/hand_interaction_ext
09-07 23:19:35.177 14067  6214 I WiVRn   : [2026-09-07 23:19:35.177] [WiVRn] [info] interaction profile for /user/hand/right: /interaction_profiles/ext/hand_interaction_ext
09-07 23:19:35.177 14067  6214 I WiVRn   : [2026-09-07 23:19:35.177] [WiVRn] [info] interaction profile for /user/gamepad: XR_NULL_PATH
09-07 23:19:35.177 14067  6214 W WiVRn   : [2026-09-07 23:19:35.177] [WiVRn] [warning] unknown interaction profile XR_NULL_PATH
09-07 23:19:35.177 14067  6214 I WiVRn   : [2026-09-07 23:19:35.177] [WiVRn] [info] Received event type Unknown
09-07 23:19:35.263 14067  6214 I WiVRn   : [2026-09-07 23:19:35.263] [WiVRn] [info] Received event type Unknown
09-07 23:19:36.042 14067  6400 I WiVRn   : [2026-09-07 23:19:36.042] [WiVRn] [info] Tracking pattern (11111µs):
09-07 23:19:36.042 14067  6400 I WiVRn   : [2026-09-07 23:19:36.042] [WiVRn] [info] 	t+110µs LEFT_GRIP (11000µs)
09-07 23:19:36.042 14067  6400 I WiVRn   : [2026-09-07 23:19:36.042] [WiVRn] [info] 	t+123µs RIGHT_GRIP (10987µs)
09-07 23:19:36.042 14067  6400 I WiVRn   : [2026-09-07 23:19:36.042] [WiVRn] [info] 	t+333µs HEAD (33000µs)
09-07 23:19:36.042 14067  6400 I WiVRn   : [2026-09-07 23:19:36.042] [WiVRn] [info] 	t+443µs LEFT_GRIP (44000µs)
09-07 23:19:36.042 14067  6400 I WiVRn   : [2026-09-07 23:19:36.042] [WiVRn] [info] 	t+456µs RIGHT_GRIP (43987µs)
09-07 23:19:36.042 14067  6400 I WiVRn   : [2026-09-07 23:19:36.042] [WiVRn] [info] 	t+666µs HEAD (66000µs)
09-07 23:19:36.042 14067  6400 I WiVRn   : [2026-09-07 23:19:36.042] [WiVRn] [info] 	t+776µs LEFT_GRIP (77000µs)
09-07 23:19:36.042 14067  6400 I WiVRn   : [2026-09-07 23:19:36.042] [WiVRn] [info] 	t+789µs RIGHT_GRIP (76987µs)
09-07 23:19:36.042 14067  6400 I WiVRn   : [2026-09-07 23:19:36.042] [WiVRn] [info] 	t+1222µs HEAD (21000µs)
09-07 23:19:36.042 14067  6400 I WiVRn   : [2026-09-07 23:19:36.042] [WiVRn] [info] 	t+1332µs LEFT_GRIP (32000µs)
09-07 23:19:36.042 14067  6400 I WiVRn   : [2026-09-07 23:19:36.042] [WiVRn] [info] 	t+1345µs RIGHT_GRIP (31987µs)
09-07 23:19:36.042 14067  6400 I WiVRn   : [2026-09-07 23:19:36.042] [WiVRn] [info] 	t+1555µs HEAD (54000µs)
09-07 23:19:36.042 14067  6400 I WiVRn   : [2026-09-07 23:19:36.042] [WiVRn] [info] 	t+1665µs LEFT_GRIP (65000µs)
09-07 23:19:36.042 14067  6400 I WiVRn   : [2026-09-07 23:19:36.042] [WiVRn] [info] 	t+1678µs RIGHT_GRIP (64987µs)
09-07 23:19:36.042 14067  6400 I WiVRn   : [2026-09-07 23:19:36.042] [WiVRn] [info] 	t+2111µs HEAD (9000µs)
09-07 23:19:36.042 14067  6400 I WiVRn   : [2026-09-07 23:19:36.042] [WiVRn] [info] 	t+2221µs LEFT_GRIP (20000µs)
09-07 23:19:36.042 14067  6400 I WiVRn   : [2026-09-07 23:19:36.042] [WiVRn] [info] 	t+2234µs RIGHT_GRIP (19987µs)
09-07 23:19:36.042 14067  6400 I WiVRn   : [2026-09-07 23:19:36.042] [WiVRn] [info] 	t+2444µs HEAD (42000µs)
09-07 23:19:36.042 14067  6400 I WiVRn   : [2026-09-07 23:19:36.042] [WiVRn] [info] 	t+2554µs LEFT_GRIP (53000µs)
09-07 23:19:36.042 14067  6400 I WiVRn   : [2026-09-07 23:19:36.042] [WiVRn] [info] 	t+2567µs RIGHT_GRIP (52987µs)
09-07 23:19:36.042 14067  6400 I WiVRn   : [2026-09-07 23:19:36.042] [WiVRn] [info] 	t+2777µs HEAD (75000µs)
09-07 23:19:36.042 14067  6400 I WiVRn   : [2026-09-07 23:19:36.042] [WiVRn] [info] 	t+3110µs LEFT_GRIP (8000µs)
09-07 23:19:36.042 14067  6400 I WiVRn   : [2026-09-07 23:19:36.042] [WiVRn] [info] 	t+3123µs RIGHT_GRIP (7987µs)
09-07 23:19:36.042 14067  6400 I WiVRn   : [2026-09-07 23:19:36.042] [WiVRn] [info] 	t+3333µs HEAD (30000µs)
09-07 23:19:36.042 14067  6400 I WiVRn   : [2026-09-07 23:19:36.042] [WiVRn] [info] 	t+3443µs LEFT_GRIP (41000µs)
09-07 23:19:36.042 14067  6400 I WiVRn   : [2026-09-07 23:19:36.042] [WiVRn] [info] 	t+3456µs RIGHT_GRIP (40987µs)
09-07 23:19:36.042 14067  6400 I WiVRn   : [2026-09-07 23:19:36.042] [WiVRn] [info] 	t+3666µs HEAD (63000µs)
09-07 23:19:36.042 14067  6400 I WiVRn   : [2026-09-07 23:19:36.042] [WiVRn] [info] 	t+3776µs LEFT_GRIP (74000µs)
09-07 23:19:36.042 14067  6400 I WiVRn   : [2026-09-07 23:19:36.042] [WiVRn] [info] 	t+3789µs RIGHT_GRIP (73987µs)
09-07 23:19:36.042 14067  6400 I WiVRn   : [2026-09-07 23:19:36.042] [WiVRn] [info] 	t+4222µs HEAD (18000µs)
09-07 23:19:36.042 14067  6400 I WiVRn   : [2026-09-07 23:19:36.042] [WiVRn] [info] 	t+4332µs LEFT_GRIP (29000µs)
09-07 23:19:36.042 14067  6400 I WiVRn   : [2026-09-07 23:19:36.042] [WiVRn] [info] 	t+4345µs RIGHT_GRIP (28987µs)
09-07 23:19:36.042 14067  6400 I WiVRn   : [2026-09-07 23:19:36.042] [WiVRn] [info] 	t+4555µs HEAD (51000µs)
09-07 23:19:36.042 14067  6400 I WiVRn   : [2026-09-07 23:19:36.042] [WiVRn] [info] 	t+4665µs LEFT_GRIP (62000µs)
09-07 23:19:36.042 14067  6400 I WiVRn   : [2026-09-07 23:19:36.042] [WiVRn] [info] 	t+4678µs RIGHT_GRIP (61987µs)
09-07 23:19:36.042 14067  6400 I WiVRn   : [2026-09-07 23:19:36.042] [WiVRn] [info] 	t+5111µs HEAD (6000µs)
09-07 23:19:36.042 14067  6400 I WiVRn   : [2026-09-07 23:19:36.042] [WiVRn] [info] 	t+5221µs LEFT_GRIP (17000µs)
09-07 23:19:36.042 14067  6400 I WiVRn   : [2026-09-07 23:19:36.042] [WiVRn] [info] 	t+5234µs RIGHT_GRIP (16987µs)
09-07 23:19:36.042 14067  6400 I WiVRn   : [2026-09-07 23:19:36.042] [WiVRn] [info] 	t+5444µs HEAD (39000µs)
09-07 23:19:36.042 14067  6400 I WiVRn   : [2026-09-07 23:19:36.042] [WiVRn] [info] 	t+5554µs LEFT_GRIP (50000µs)
09-07 23:19:36.042 14067  6400 I WiVRn   : [2026-09-07 23:19:36.042] [WiVRn] [info] 	t+5567µs RIGHT_GRIP (49987µs)
09-07 23:19:36.042 14067  6400 I WiVRn   : [2026-09-07 23:19:36.042] [WiVRn] [info] 	t+5777µs HEAD (72000µs)
09-07 23:19:36.042 14067  6400 I WiVRn   : [2026-09-07 23:19:36.042] [WiVRn] [info] 	t+5900µs RIGHT_GRIP (82987µs)
09-07 23:19:36.042 14067  6400 I WiVRn   : [2026-09-07 23:19:36.042] [WiVRn] [info] 	t+6110µs LEFT_GRIP (5000µs)
09-07 23:19:36.042 14067  6400 I WiVRn   : [2026-09-07 23:19:36.042] [WiVRn] [info] 	t+6123µs RIGHT_GRIP (4987µs)
09-07 23:19:36.042 14067  6400 I WiVRn   : [2026-09-07 23:19:36.042] [WiVRn] [info] 	t+6333µs HEAD (27000µs)
09-07 23:19:36.042 14067  6400 I WiVRn   : [2026-09-07 23:19:36.042] [WiVRn] [info] 	t+6443µs LEFT_GRIP (38000µs)
09-07 23:19:36.042 14067  6400 I WiVRn   : [2026-09-07 23:19:36.042] [WiVRn] [info] 	t+6456µs RIGHT_GRIP (37987µs)
09-07 23:19:36.042 14067  6400 I WiVRn   : [2026-09-07 23:19:36.042] [WiVRn] [info] 	t+6666µs HEAD (60000µs)
09-07 23:19:36.042 14067  6400 I WiVRn   : [2026-09-07 23:19:36.042] [WiVRn] [info] 	t+6776µs LEFT_GRIP (71000µs)
09-07 23:19:36.042 14067  6400 I WiVRn   : [2026-09-07 23:19:36.042] [WiVRn] [info] 	t+6789µs RIGHT_GRIP (70987µs)
09-07 23:19:36.042 14067  6400 I WiVRn   : [2026-09-07 23:19:36.042] [WiVRn] [info] 	t+7222µs HEAD (15000µs)
09-07 23:19:36.042 14067  6400 I WiVRn   : [2026-09-07 23:19:36.042] [WiVRn] [info] 	t+7332µs LEFT_GRIP (26000µs)
09-07 23:19:36.042 14067  6400 I WiVRn   : [2026-09-07 23:19:36.042] [WiVRn] [info] 	t+7345µs RIGHT_GRIP (25987µs)
09-07 23:19:36.042 14067  6400 I WiVRn   : [2026-09-07 23:19:36.042] [WiVRn] [info] 	t+7555µs HEAD (48000µs)
09-07 23:19:36.042 14067  6400 I WiVRn   : [2026-09-07 23:19:36.042] [WiVRn] [info] 	t+7665µs LEFT_GRIP (59000µs)
09-07 23:19:36.042 14067  6400 I WiVRn   : [2026-09-07 23:19:36.042] [WiVRn] [info] 	t+7678µs RIGHT_GRIP (58987µs)
09-07 23:19:36.042 14067  6400 I WiVRn   : [2026-09-07 23:19:36.042] [WiVRn] [info] 	t+7888µs HEAD (81000µs)
09-07 23:19:36.042 14067  6400 I WiVRn   : [2026-09-07 23:19:36.042] [WiVRn] [info] 	t+8111µs HEAD (3000µs)
09-07 23:19:36.042 14067  6400 I WiVRn   : [2026-09-07 23:19:36.042] [WiVRn] [info] 	t+8221µs LEFT_GRIP (14000µs)
09-07 23:19:36.042 14067  6400 I WiVRn   : [2026-09-07 23:19:36.042] [WiVRn] [info] 	t+8234µs RIGHT_GRIP (13987µs)
09-07 23:19:36.042 14067  6400 I WiVRn   : [2026-09-07 23:19:36.042] [WiVRn] [info] 	t+8444µs HEAD (36000µs)
09-07 23:19:36.042 14067  6400 I WiVRn   : [2026-09-07 23:19:36.042] [WiVRn] [info] 	t+8554µs LEFT_GRIP (47000µs)
09-07 23:19:36.042 14067  6400 I WiVRn   : [2026-09-07 23:19:36.042] [WiVRn] [info] 	t+8567µs RIGHT_GRIP (46987µs)
09-07 23:19:36.042 14067  6400 I WiVRn   : [2026-09-07 23:19:36.042] [WiVRn] [info] 	t+8777µs HEAD (69000µs)
09-07 23:19:36.042 14067  6400 I WiVRn   : [2026-09-07 23:19:36.042] [WiVRn] [info] 	t+8887µs LEFT_GRIP (80000µs)
09-07 23:19:36.042 14067  6400 I WiVRn   : [2026-09-07 23:19:36.042] [WiVRn] [info] 	t+8900µs RIGHT_GRIP (79987µs)
09-07 23:19:36.042 14067  6400 I WiVRn   : [2026-09-07 23:19:36.042] [WiVRn] [info] 	t+9333µs HEAD (24000µs)
09-07 23:19:36.042 14067  6400 I WiVRn   : [2026-09-07 23:19:36.042] [WiVRn] [info] 	t+9443µs LEFT_GRIP (35000µs)
09-07 23:19:36.042 14067  6400 I WiVRn   : [2026-09-07 23:19:36.042] [WiVRn] [info] 	t+9456µs RIGHT_GRIP (34987µs)
09-07 23:19:36.042 14067  6400 I WiVRn   : [2026-09-07 23:19:36.042] [WiVRn] [info] 	t+9666µs HEAD (57000µs)
09-07 23:19:36.042 14067  6400 I WiVRn   : [2026-09-07 23:19:36.042] [WiVRn] [info] 	t+9776µs LEFT_GRIP (68000µs)
09-07 23:19:36.042 14067  6400 I WiVRn   : [2026-09-07 23:19:36.042] [WiVRn] [info] 	t+9789µs RIGHT_GRIP (67987µs)
09-07 23:19:36.042 14067  6400 I WiVRn   : [2026-09-07 23:19:36.042] [WiVRn] [info] 	t+10222µs HEAD (12000µs)
09-07 23:19:36.042 14067  6400 I WiVRn   : [2026-09-07 23:19:36.042] [WiVRn] [info] 	t+10332µs LEFT_GRIP (23000µs)
09-07 23:19:36.042 14067  6400 I WiVRn   : [2026-09-07 23:19:36.042] [WiVRn] [info] 	t+10345µs RIGHT_GRIP (22987µs)
09-07 23:19:36.042 14067  6400 I WiVRn   : [2026-09-07 23:19:36.042] [WiVRn] [info] 	t+10555µs HEAD (45000µs)
09-07 23:19:36.042 14067  6400 I WiVRn   : [2026-09-07 23:19:36.042] [WiVRn] [info] 	t+10665µs LEFT_GRIP (56000µs)
09-07 23:19:36.042 14067  6400 I WiVRn   : [2026-09-07 23:19:36.042] [WiVRn] [info] 	t+10678µs RIGHT_GRIP (55987µs)
09-07 23:19:36.042 14067  6400 I WiVRn   : [2026-09-07 23:19:36.042] [WiVRn] [info] 	t+10888µs HEAD (78000µs)
09-07 23:19:36.042 14067  6400 I WiVRn   : [2026-09-07 23:19:36.042] [WiVRn] [info] 	t+11111µs HEAD (0µs)
09-07 23:19:36.100 14067  6396 I WiVRn   : [2026-09-07 23:19:36.100] [WiVRn] [info] nxwarp[0] net: 179 frames closed in 2.0 s, 0 with a hole, 0 out-of-order datagrams, 0 frames completed late, 0 queued for the worker, 102 decoded so far, 374 stragglers dropped; last hole 0/0 chunks, first missing -1, short false, chunk 1166 B
09-07 23:19:36.100 14067  6396 I WiVRn   : [2026-09-07 23:19:36.100] [WiVRn] [info] nxwarp[0] net: 0.087 ms per datagram over 2063 datagrams (89.56 ms of every second)
09-07 23:19:36.100 14067  6396 I WiVRn   : [2026-09-07 23:19:36.100] [WiVRn] [info] nxwarp[0] sel: stride 1, arrival 11.4 ms, dropped-late 272, withheld 1, decoded 102
09-07 23:19:36.100 14067  6396 I WiVRn   : [2026-09-07 23:19:36.100] [WiVRn] [info] nxwarp[0] rx: 7108 datagrams, placed 155998 (+42710), late 1187 (+0), stale_frame 0, bad_range 0, bad_dir 0, bad_caps 0, bad_ver 0, auth_fail 0, replay 0, frozen 0, dup 0
09-07 23:19:36.895 14067  6398 I WiVRn   : [2026-09-07 23:19:36.895] [WiVRn] [info] nxwarp[0]: 174 frames in 2.0 s: 1322 B/frame, wait-prev 0.0 ms, wall 2.9 ms, nxvc passA 0.4 passB 1.1 gpu 1.5 ms; holes 0, refused 0
09-07 23:19:36.895 14067  6398 I WiVRn   : [2026-09-07 23:19:36.895] [WiVRn] [info] nxwarp[0] gpu duty 133 ms/s (13% of one GPU) for decode alone; the display pass is extra
09-07 23:19:36.895 14067  6398 I WiVRn   : [2026-09-07 23:19:36.895] [WiVRn] [info] nxwarp[0] passB 1.1 ms = warp 0.0 + skip 0.0 + coded 0.1 + dir 0.0 + other 1.0; tiles skip 0 / coded 11 / dir 0 (eye pass 0)
09-07 23:19:36.895 14067  6398 I WiVRn   : [2026-09-07 23:19:36.895] [WiVRn] [info] nxwarp[0]: 272 frames dropped late (queue kept to 1)
09-07 23:19:36.895 14067  6398 I WiVRn   : [2026-09-07 23:19:36.895] [WiVRn] [info] nxwarp[0] stage: gap 8.6 | wait-prev 0.0 | submit 0.7 (qlock 0.0 + codec 0.7) | get_free 0.0 | fence-pre 0.0 | record 0.0 | qsubmit 0.0 | fence-post 2.1 | publish 0.0 ms; withheld 1, stride 1, arrival 10.7 ms
09-07 23:19:36.895 14067  6398 I WiVRn   : [2026-09-07 23:19:36.895] [WiVRn] [info] nxwarp[0] reassembly (network thread): 0.00 ms/frame over 179 frames, buffer 1 kB held for 1 kB of unit (1.0x)
09-07 23:19:36.895 14067  6398 I WiVRn   : [2026-09-07 23:19:36.895] [WiVRn] [info] nxwarp[0] fence-post 2.1 ms = nxvc gpu 1.5 + copy gpu 0.31 + queue 0.3 (over 174 frames with timestamps)
09-07 23:19:36.895 14067  6398 I WiVRn   : [2026-09-07 23:19:36.895] [WiVRn] [info] nxwarp[0] atlas: frames 174, atlas 174, picture 0, avg dispatches 7.0, avg assembled 0.0, avg valid 578.0, direct targets 0
09-07 23:19:37.042 14067  6400 I WiVRn   : [2026-09-07 23:19:37.042] [WiVRn] [info] Tracking pattern (11112µs):
09-07 23:19:37.042 14067  6400 I WiVRn   : [2026-09-07 23:19:37.042] [WiVRn] [info] 	t+7585µs HEAD (81313µs)
09-07 23:19:37.042 14067  6400 I WiVRn   : [2026-09-07 23:19:37.042] [WiVRn] [info] 	t+7681µs LEFT_GRIP (81218µs)
09-07 23:19:37.042 14067  6400 I WiVRn   : [2026-09-07 23:19:37.042] [WiVRn] [info] 	t+7700µs RIGHT_GRIP (81199µs)
09-07 23:19:37.042 14067  6400 I WiVRn   : [2026-09-07 23:19:37.042] [WiVRn] [info] 	t+10585µs HEAD (78313µs)
09-07 23:19:37.042 14067  6400 I WiVRn   : [2026-09-07 23:19:37.042] [WiVRn] [info] 	t+10681µs LEFT_GRIP (78218µs)
09-07 23:19:37.042 14067  6400 I WiVRn   : [2026-09-07 23:19:37.042] [WiVRn] [info] 	t+10700µs RIGHT_GRIP (78199µs)
09-07 23:19:37.139 14067  6214 I WiVRn   : [2026-09-07 23:19:37.139] [WiVRn] [info] render: 169 iterations in 2.0 s (84.2/s), 169 submitted a layer, 163 new-source, 0 skipped by the repeat gate, 0 with nothing to show; display period 11.9 ms
09-07 23:19:37.139 14067  6214 I WiVRn   : [2026-09-07 23:19:37.139] [WiVRn] [info] render: selected source transitions forward 163 backward 0 repeat 6, greatest forward gap 6
09-07 23:19:37.140 14067  6214 I WiVRn   : [2026-09-07 23:19:37.140] [WiVRn] [info] render: this app's own GPU pass 2.1 ms per iteration
09-07 23:19:37.140 14067  6214 I WiVRn   : [2026-09-07 23:19:37.140] [WiVRn] [info] render: defoveate 1088x1088 per eye x2 = 2.37 Mpx/frame at scale 0.50 atlas-prototype 0; 6 re-presented from the cache (reduce_gpu_load on)
09-07 23:19:37.140 14067  6214 I WiVRn   : [2026-09-07 23:19:37.140] [WiVRn] [info] render: shader path sharpness 0.00 fsr false alpha false motion false blend false glow 0.28 vignette 0.00 deband 1.00 lowpoly 0.00 levels 0 full-kernel false
09-07 23:19:37.140 14067  6214 I WiVRn   : [2026-09-07 23:19:37.140] [WiVRn] [info] render: per iteration fence 0.0 (worst 1.0) | queries 0.0 | submit 0.0 | whole render() 0.6 ms
09-07 23:19:37.140 14067  6214 I WiVRn   : [2026-09-07 23:19:37.140] [WiVRn] [info] render: jit on | wake slack 35.7 ms | slept 2.4 ms mean (max 17.6, 62 of 169 iterations) | budget 24.0 = pass 23.0 + margin 1.0 | sleep cap 0.6 ms
09-07 23:19:37.140 14067  6214 I WiVRn   : [2026-09-07 23:19:37.140] [WiVRn] [info] render: source display-time offset -5.7 ms mean (worst 65.3) over 169 frames | submit lead 32.4 ms mean (worst -15.8) | misses: 0 overrun 0 late 4 skipped refresh
09-07 23:19:38.042 14067  6400 I WiVRn   : [2026-09-07 23:19:38.042] [WiVRn] [info] Tracking pattern (11108µs):
09-07 23:19:38.042 14067  6400 I WiVRn   : [2026-09-07 23:19:38.042] [WiVRn] [info] 	t+6824µs HEAD (82045µs)
09-07 23:19:38.042 14067  6400 I WiVRn   : [2026-09-07 23:19:38.042] [WiVRn] [info] 	t+7352µs LEFT_GRIP (81517µs)
09-07 23:19:38.042 14067  6400 I WiVRn   : [2026-09-07 23:19:38.042] [WiVRn] [info] 	t+7377µs RIGHT_GRIP (81492µs)
09-07 23:19:38.042 14067  6400 I WiVRn   : [2026-09-07 23:19:38.042] [WiVRn] [info] 	t+9824µs HEAD (79045µs)
09-07 23:19:38.042 14067  6400 I WiVRn   : [2026-09-07 23:19:38.042] [WiVRn] [info] 	t+10352µs LEFT_GRIP (78517µs)
09-07 23:19:38.042 14067  6400 I WiVRn   : [2026-09-07 23:19:38.042] [WiVRn] [info] 	t+10377µs RIGHT_GRIP (78492µs)
09-07 23:19:38.102 14067  6396 I WiVRn   : [2026-09-07 23:19:38.102] [WiVRn] [info] nxwarp[0] net: 181 frames closed in 2.0 s, 0 with a hole, 0 out-of-order datagrams, 0 frames completed late, 0 queued for the worker, 283 decoded so far, 555 stragglers dropped; last hole 0/0 chunks, first missing -1, short false, chunk 1166 B
09-07 23:19:38.102 14067  6396 I WiVRn   : [2026-09-07 23:19:38.102] [WiVRn] [info] nxwarp[0] net: 0.048 ms per datagram over 976 datagrams (23.26 ms of every second)
09-07 23:19:38.102 14067  6396 I WiVRn   : [2026-09-07 23:19:38.102] [WiVRn] [info] nxwarp[0] sel: stride 1, arrival 11.1 ms, dropped-late 272, withheld 1, decoded 283
09-07 23:19:38.102 14067  6396 I WiVRn   : [2026-09-07 23:19:38.102] [WiVRn] [info] nxwarp[0] rx: 8084 datagrams, placed 156776 (+778), late 1187 (+0), stale_frame 0, bad_range 0, bad_dir 0, bad_caps 0, bad_ver 0, auth_fail 0, replay 0, frozen 0, dup 0
09-07 23:19:38.905 14067  6398 I WiVRn   : [2026-09-07 23:19:38.905] [WiVRn] [info] nxwarp[0]: 181 frames in 2.0 s: 984 B/frame, wait-prev 0.0 ms, wall 2.2 ms, nxvc passA 0.3 passB 1.0 gpu 1.3 ms; holes 0, refused 0
09-07 23:19:38.905 14067  6398 I WiVRn   : [2026-09-07 23:19:38.905] [WiVRn] [info] nxwarp[0] gpu duty 121 ms/s (12% of one GPU) for decode alone; the display pass is extra
09-07 23:19:38.905 14067  6398 I WiVRn   : [2026-09-07 23:19:38.905] [WiVRn] [info] nxwarp[0] passB 1.0 ms = warp 0.0 + skip 0.0 + coded 0.1 + dir 0.0 + other 0.9; tiles skip 0 / coded 4 / dir 0 (eye pass 0)
09-07 23:19:38.905 14067  6398 I WiVRn   : [2026-09-07 23:19:38.905] [WiVRn] [info] nxwarp[0]: 272 frames dropped late (queue kept to 1)
09-07 23:19:38.905 14067  6398 I WiVRn   : [2026-09-07 23:19:38.905] [WiVRn] [info] nxwarp[0] stage: gap 8.9 | wait-prev 0.0 | submit 0.3 (qlock 0.0 + codec 0.3) | get_free 0.0 | fence-pre 0.0 | record 0.0 | qsubmit 0.0 | fence-post 1.8 | publish 0.0 ms; withheld 0, stride 1, arrival 10.9 ms
09-07 23:19:38.905 14067  6398 I WiVRn   : [2026-09-07 23:19:38.905] [WiVRn] [info] nxwarp[0] reassembly (network thread): 0.00 ms/frame over 181 frames, buffer 1 kB held for 1 kB of unit (1.0x)
09-07 23:19:38.905 14067  6398 I WiVRn   : [2026-09-07 23:19:38.905] [WiVRn] [info] nxwarp[0] fence-post 1.9 ms = nxvc gpu 1.3 + copy gpu 0.30 + queue 0.2 (over 181 frames with timestamps)
09-07 23:19:38.905 14067  6398 I WiVRn   : [2026-09-07 23:19:38.905] [WiVRn] [info] nxwarp[0] atlas: frames 181, atlas 181, picture 0, avg dispatches 7.0, avg assembled 0.0, avg valid 578.0, direct targets 0
09-07 23:19:39.042 14067  6400 I WiVRn   : [2026-09-07 23:19:39.042] [WiVRn] [info] Tracking pattern (11110µs):
09-07 23:19:39.042 14067  6400 I WiVRn   : [2026-09-07 23:19:39.042] [WiVRn] [info] 	t+8887µs HEAD (80000µs)
09-07 23:19:39.042 14067  6400 I WiVRn   : [2026-09-07 23:19:39.042] [WiVRn] [info] 	t+8887µs LEFT_GRIP (80000µs)
09-07 23:19:39.042 14067  6400 I WiVRn   : [2026-09-07 23:19:39.042] [WiVRn] [info] 	t+8887µs RIGHT_GRIP (80000µs)
09-07 23:19:39.146 14067  6214 I WiVRn   : [2026-09-07 23:19:39.146] [WiVRn] [info] render: 180 iterations in 2.0 s (89.7/s), 180 submitted a layer, 178 new-source, 0 skipped by the repeat gate, 0 with nothing to show; display period 11.1 ms
09-07 23:19:39.146 14067  6214 I WiVRn   : [2026-09-07 23:19:39.146] [WiVRn] [info] render: selected source transitions forward 178 backward 0 repeat 2, greatest forward gap 2
09-07 23:19:39.146 14067  6214 I WiVRn   : [2026-09-07 23:19:39.146] [WiVRn] [info] render: this app's own GPU pass 2.1 ms per iteration
09-07 23:19:39.146 14067  6214 I WiVRn   : [2026-09-07 23:19:39.146] [WiVRn] [info] render: defoveate 1088x1088 per eye x2 = 2.37 Mpx/frame at scale 0.50 atlas-prototype 0; 2 re-presented from the cache (reduce_gpu_load on)
09-07 23:19:39.146 14067  6214 I WiVRn   : [2026-09-07 23:19:39.146] [WiVRn] [info] render: shader path sharpness 0.00 fsr false alpha false motion false blend false glow 0.28 vignette 0.00 deband 1.00 lowpoly 0.00 levels 0 full-kernel false
09-07 23:19:39.146 14067  6214 I WiVRn   : [2026-09-07 23:19:39.146] [WiVRn] [info] render: per iteration fence 0.0 (worst 0.0) | queries 0.0 | submit 0.0 | whole render() 0.6 ms
09-07 23:19:39.146 14067  6214 I WiVRn   : [2026-09-07 23:19:39.146] [WiVRn] [info] render: jit on | wake slack 31.1 ms | slept 0.6 ms mean (max 0.6, 180 of 180 iterations) | budget 21.4 = pass 20.4 + margin 1.0 | sleep cap 0.6 ms
09-07 23:19:39.146 14067  6214 I WiVRn   : [2026-09-07 23:19:39.146] [WiVRn] [info] render: source display-time offset -12.9 ms mean (worst 0.0) over 180 frames | submit lead 29.9 ms mean (worst 29.0) | misses: 0 overrun 0 late 0 skipped refresh
09-07 23:19:40.042 14067  6400 I WiVRn   : [2026-09-07 23:19:40.042] [WiVRn] [info] Tracking pattern (11111µs):
09-07 23:19:40.042 14067  6400 I WiVRn   : [2026-09-07 23:19:40.042] [WiVRn] [info] 	t+1134µs HEAD (76642µs)
09-07 23:19:40.042 14067  6400 I WiVRn   : [2026-09-07 23:19:40.042] [WiVRn] [info] 	t+1190µs LEFT_GRIP (76586µs)
09-07 23:19:40.042 14067  6400 I WiVRn   : [2026-09-07 23:19:40.042] [WiVRn] [info] 	t+1203µs RIGHT_GRIP (76573µs)
09-07 23:19:40.042 14067  6400 I WiVRn   : [2026-09-07 23:19:40.042] [WiVRn] [info] 	t+4134µs HEAD (73642µs)
09-07 23:19:40.042 14067  6400 I WiVRn   : [2026-09-07 23:19:40.042] [WiVRn] [info] 	t+4190µs LEFT_GRIP (73586µs)
09-07 23:19:40.042 14067  6400 I WiVRn   : [2026-09-07 23:19:40.042] [WiVRn] [info] 	t+4203µs RIGHT_GRIP (73573µs)
09-07 23:19:40.042 14067  6400 I WiVRn   : [2026-09-07 23:19:40.042] [WiVRn] [info] 	t+6245µs HEAD (82642µs)
09-07 23:19:40.042 14067  6400 I WiVRn   : [2026-09-07 23:19:40.042] [WiVRn] [info] 	t+6301µs LEFT_GRIP (82586µs)
09-07 23:19:40.042 14067  6400 I WiVRn   : [2026-09-07 23:19:40.042] [WiVRn] [info] 	t+6314µs RIGHT_GRIP (82573µs)
09-07 23:19:40.042 14067  6400 I WiVRn   : [2026-09-07 23:19:40.042] [WiVRn] [info] 	t+9245µs HEAD (79642µs)
09-07 23:19:40.042 14067  6400 I WiVRn   : [2026-09-07 23:19:40.042] [WiVRn] [info] 	t+9301µs LEFT_GRIP (79586µs)
09-07 23:19:40.042 14067  6400 I WiVRn   : [2026-09-07 23:19:40.042] [WiVRn] [info] 	t+9314µs RIGHT_GRIP (79573µs)
09-07 23:19:40.103 14067  6396 I WiVRn   : [2026-09-07 23:19:40.103] [WiVRn] [info] nxwarp[0] net: 180 frames closed in 2.0 s, 0 with a hole, 0 out-of-order datagrams, 0 frames completed late, 0 queued for the worker, 463 decoded so far, 735 stragglers dropped; last hole 0/0 chunks, first missing -1, short false, chunk 1166 B
09-07 23:19:40.103 14067  6396 I WiVRn   : [2026-09-07 23:19:40.103] [WiVRn] [info] nxwarp[0] net: 0.052 ms per datagram over 970 datagrams (25.18 ms of every second)
09-07 23:19:40.103 14067  6396 I WiVRn   : [2026-09-07 23:19:40.103] [WiVRn] [info] nxwarp[0] sel: stride 1, arrival 10.9 ms, dropped-late 272, withheld 1, decoded 463
09-07 23:19:40.104 14067  6396 I WiVRn   : [2026-09-07 23:19:40.104] [WiVRn] [info] nxwarp[0] rx: 9054 datagrams, placed 157557 (+781), late 1187 (+0), stale_frame 0, bad_range 0, bad_dir 0, bad_caps 0, bad_ver 0, auth_fail 0, replay 0, frozen 0, dup 0
09-07 23:19:40.906 14067  6398 I WiVRn   : [2026-09-07 23:19:40.906] [WiVRn] [info] nxwarp[0]: 180 frames in 2.0 s: 1082 B/frame, wait-prev 0.0 ms, wall 2.3 ms, nxvc passA 0.3 passB 0.9 gpu 1.2 ms; holes 0, refused 0
09-07 23:19:40.906 14067  6398 I WiVRn   : [2026-09-07 23:19:40.906] [WiVRn] [info] nxwarp[0] gpu duty 107 ms/s (11% of one GPU) for decode alone; the display pass is extra
09-07 23:19:40.906 14067  6398 I WiVRn   : [2026-09-07 23:19:40.906] [WiVRn] [info] nxwarp[0] passB 0.9 ms = warp 0.0 + skip 0.0 + coded 0.1 + dir 0.0 + other 0.8; tiles skip 0 / coded 5 / dir 0 (eye pass 0)
09-07 23:19:40.906 14067  6398 I WiVRn   : [2026-09-07 23:19:40.906] [WiVRn] [info] nxwarp[0]: 272 frames dropped late (queue kept to 1)
09-07 23:19:40.906 14067  6398 I WiVRn   : [2026-09-07 23:19:40.906] [WiVRn] [info] nxwarp[0] stage: gap 8.8 | wait-prev 0.0 | submit 0.3 (qlock 0.0 + codec 0.3) | get_free 0.0 | fence-pre 0.0 | record 0.0 | qsubmit 0.0 | fence-post 2.0 | publish 0.0 ms; withheld 0, stride 1, arrival 11.2 ms
09-07 23:19:40.906 14067  6398 I WiVRn   : [2026-09-07 23:19:40.906] [WiVRn] [info] nxwarp[0] reassembly (network thread): 0.00 ms/frame over 180 frames, buffer 1 kB held for 1 kB of unit (1.0x)
09-07 23:19:40.906 14067  6398 I WiVRn   : [2026-09-07 23:19:40.906] [WiVRn] [info] nxwarp[0] fence-post 2.0 ms = nxvc gpu 1.2 + copy gpu 0.28 + queue 0.5 (over 180 frames with timestamps)
09-07 23:19:40.906 14067  6398 I WiVRn   : [2026-09-07 23:19:40.906] [WiVRn] [info] nxwarp[0] atlas: frames 180, atlas 180, picture 0, avg dispatches 7.0, avg assembled 0.0, avg valid 578.0, direct targets 0
09-07 23:19:41.042 14067  6400 I WiVRn   : [2026-09-07 23:19:41.042] [WiVRn] [info] Tracking pattern (11111µs):
09-07 23:19:41.042 14067  6400 I WiVRn   : [2026-09-07 23:19:41.042] [WiVRn] [info] 	t+1269µs HEAD (76509µs)
09-07 23:19:41.042 14067  6400 I WiVRn   : [2026-09-07 23:19:41.042] [WiVRn] [info] 	t+1316µs LEFT_GRIP (76461µs)
09-07 23:19:41.042 14067  6400 I WiVRn   : [2026-09-07 23:19:41.042] [WiVRn] [info] 	t+1329µs RIGHT_GRIP (76449µs)
09-07 23:19:41.042 14067  6400 I WiVRn   : [2026-09-07 23:19:41.042] [WiVRn] [info] 	t+4269µs HEAD (73509µs)
09-07 23:19:41.042 14067  6400 I WiVRn   : [2026-09-07 23:19:41.042] [WiVRn] [info] 	t+4316µs LEFT_GRIP (73461µs)
09-07 23:19:41.042 14067  6400 I WiVRn   : [2026-09-07 23:19:41.042] [WiVRn] [info] 	t+4329µs RIGHT_GRIP (73449µs)
09-07 23:19:41.042 14067  6400 I WiVRn   : [2026-09-07 23:19:41.042] [WiVRn] [info] 	t+6380µs HEAD (82509µs)
09-07 23:19:41.042 14067  6400 I WiVRn   : [2026-09-07 23:19:41.042] [WiVRn] [info] 	t+6428µs LEFT_GRIP (82461µs)
09-07 23:19:41.042 14067  6400 I WiVRn   : [2026-09-07 23:19:41.042] [WiVRn] [info] 	t+6440µs RIGHT_GRIP (82449µs)
09-07 23:19:41.042 14067  6400 I WiVRn   : [2026-09-07 23:19:41.042] [WiVRn] [info] 	t+9380µs HEAD (79509µs)
09-07 23:19:41.042 14067  6400 I WiVRn   : [2026-09-07 23:19:41.042] [WiVRn] [info] 	t+9428µs LEFT_GRIP (79461µs)
09-07 23:19:41.042 14067  6400 I WiVRn   : [2026-09-07 23:19:41.042] [WiVRn] [info] 	t+9440µs RIGHT_GRIP (79449µs)
09-07 23:19:41.146 14067  6214 I WiVRn   : [2026-09-07 23:19:41.146] [WiVRn] [info] render: 179 iterations in 2.0 s (89.5/s), 179 submitted a layer, 179 new-source, 0 skipped by the repeat gate, 0 with nothing to show; display period 11.2 ms
09-07 23:19:41.146 14067  6214 I WiVRn   : [2026-09-07 23:19:41.146] [WiVRn] [info] render: selected source transitions forward 179 backward 0 repeat 0, greatest forward gap 2
09-07 23:19:41.146 14067  6214 I WiVRn   : [2026-09-07 23:19:41.146] [WiVRn] [info] render: this app's own GPU pass 2.6 ms per iteration
09-07 23:19:41.146 14067  6214 I WiVRn   : [2026-09-07 23:19:41.146] [WiVRn] [info] render: defoveate 1088x1088 per eye x2 = 2.37 Mpx/frame at scale 0.50 atlas-prototype 0; 0 re-presented from the cache (reduce_gpu_load on)
09-07 23:19:41.146 14067  6214 I WiVRn   : [2026-09-07 23:19:41.146] [WiVRn] [info] render: shader path sharpness 0.00 fsr false alpha false motion false blend false glow 0.28 vignette 0.00 deband 1.00 lowpoly 0.00 levels 0 full-kernel false
09-07 23:19:41.146 14067  6214 I WiVRn   : [2026-09-07 23:19:41.146] [WiVRn] [info] render: per iteration fence 0.0 (worst 2.1) | queries 0.0 | submit 0.0 | whole render() 0.5 ms
09-07 23:19:41.146 14067  6214 I WiVRn   : [2026-09-07 23:19:41.146] [WiVRn] [info] render: jit on | wake slack 30.8 ms | slept 1.2 ms mean (max 11.7, 179 of 179 iterations) | budget 19.7 = pass 18.7 + margin 1.0 | sleep cap 0.6 ms
09-07 23:19:41.146 14067  6214 I WiVRn   : [2026-09-07 23:19:41.146] [WiVRn] [info] render: source display-time offset -10.4 ms mean (worst 0.0) over 179 frames | submit lead 29.1 ms mean (worst 20.1) | misses: 0 overrun 0 late 1 skipped refresh
09-07 23:19:42.042 14067  6400 I WiVRn   : [2026-09-07 23:19:42.042] [WiVRn] [info] Tracking pattern (11111µs):
09-07 23:19:42.042 14067  6400 I WiVRn   : [2026-09-07 23:19:42.042] [WiVRn] [info] 	t+7830µs HEAD (81061µs)
09-07 23:19:42.042 14067  6400 I WiVRn   : [2026-09-07 23:19:42.042] [WiVRn] [info] 	t+7982µs LEFT_GRIP (80909µs)
09-07 23:19:42.042 14067  6400 I WiVRn   : [2026-09-07 23:19:42.042] [WiVRn] [info] 	t+8000µs RIGHT_GRIP (80891µs)
09-07 23:19:42.042 14067  6400 I WiVRn   : [2026-09-07 23:19:42.042] [WiVRn] [info] 	t+10830µs HEAD (78061µs)
09-07 23:19:42.042 14067  6400 I WiVRn   : [2026-09-07 23:19:42.042] [WiVRn] [info] 	t+10982µs LEFT_GRIP (77909µs)
09-07 23:19:42.042 14067  6400 I WiVRn   : [2026-09-07 23:19:42.042] [WiVRn] [info] 	t+11000µs RIGHT_GRIP (77891µs)
09-07 23:19:42.114 14067  6396 I WiVRn   : [2026-09-07 23:19:42.114] [WiVRn] [info] nxwarp[0] net: 181 frames closed in 2.0 s, 0 with a hole, 0 out-of-order datagrams, 0 frames completed late, 0 queued for the worker, 644 decoded so far, 916 stragglers dropped; last hole 0/0 chunks, first missing -1, short false, chunk 1166 B
09-07 23:19:42.114 14067  6396 I WiVRn   : [2026-09-07 23:19:42.114] [WiVRn] [info] nxwarp[0] net: 0.048 ms per datagram over 1048 datagrams (24.77 ms of every second)
09-07 23:19:42.114 14067  6396 I WiVRn   : [2026-09-07 23:19:42.114] [WiVRn] [info] nxwarp[0] sel: stride 1, arrival 11.0 ms, dropped-late 272, withheld 1, decoded 644
09-07 23:19:42.114 14067  6396 I WiVRn   : [2026-09-07 23:19:42.114] [WiVRn] [info] nxwarp[0] rx: 10102 datagrams, placed 158412 (+855), late 1187 (+0), stale_frame 0, bad_range 0, bad_dir 0, bad_caps 0, bad_ver 0, auth_fail 0, replay 0, frozen 0, dup 0
09-07 23:19:42.917 14067  6398 I WiVRn   : [2026-09-07 23:19:42.917] [WiVRn] [info] nxwarp[0]: 181 frames in 2.0 s: 1008 B/frame, wait-prev 0.0 ms, wall 2.8 ms, nxvc passA 0.2 passB 0.9 gpu 1.1 ms; holes 0, refused 0
09-07 23:19:42.917 14067  6398 I WiVRn   : [2026-09-07 23:19:42.917] [WiVRn] [info] nxwarp[0] gpu duty 102 ms/s (10% of one GPU) for decode alone; the display pass is extra
09-07 23:19:42.917 14067  6398 I WiVRn   : [2026-09-07 23:19:42.917] [WiVRn] [info] nxwarp[0] passB 0.9 ms = warp 0.0 + skip 0.0 + coded 0.1 + dir 0.0 + other 0.8; tiles skip 0 / coded 4 / dir 0 (eye pass 0)
09-07 23:19:42.917 14067  6398 I WiVRn   : [2026-09-07 23:19:42.917] [WiVRn] [info] nxwarp[0]: 272 frames dropped late (queue kept to 1)
09-07 23:19:42.917 14067  6398 I WiVRn   : [2026-09-07 23:19:42.917] [WiVRn] [info] nxwarp[0] stage: gap 8.3 | wait-prev 0.0 | submit 0.3 (qlock 0.0 + codec 0.3) | get_free 0.0 | fence-pre 0.0 | record 0.0 | qsubmit 0.0 | fence-post 2.5 | publish 0.0 ms; withheld 0, stride 1, arrival 11.2 ms
09-07 23:19:42.917 14067  6398 I WiVRn   : [2026-09-07 23:19:42.917] [WiVRn] [info] nxwarp[0] reassembly (network thread): 0.00 ms/frame over 181 frames, buffer 1 kB held for 1 kB of unit (1.0x)
09-07 23:19:42.917 14067  6398 I WiVRn   : [2026-09-07 23:19:42.917] [WiVRn] [info] nxwarp[0] fence-post 2.5 ms = nxvc gpu 1.1 + copy gpu 0.28 + queue 1.0 (over 181 frames with timestamps)
09-07 23:19:42.917 14067  6398 I WiVRn   : [2026-09-07 23:19:42.917] [WiVRn] [info] nxwarp[0] atlas: frames 181, atlas 181, picture 0, avg dispatches 7.0, avg assembled 0.0, avg valid 578.0, direct targets 0
09-07 23:19:43.042 14067  6400 I WiVRn   : [2026-09-07 23:19:43.042] [WiVRn] [info] Tracking pattern (11111µs):
09-07 23:19:43.042 14067  6400 I WiVRn   : [2026-09-07 23:19:43.042] [WiVRn] [info] 	t+12µs HEAD (77767µs)
09-07 23:19:43.042 14067  6400 I WiVRn   : [2026-09-07 23:19:43.042] [WiVRn] [info] 	t+104µs LEFT_GRIP (77676µs)
09-07 23:19:43.042 14067  6400 I WiVRn   : [2026-09-07 23:19:43.042] [WiVRn] [info] 	t+122µs RIGHT_GRIP (77657µs)
09-07 23:19:43.042 14067  6400 I WiVRn   : [2026-09-07 23:19:43.042] [WiVRn] [info] 	t+8124µs HEAD (80767µs)
09-07 23:19:43.042 14067  6400 I WiVRn   : [2026-09-07 23:19:43.042] [WiVRn] [info] 	t+8215µs LEFT_GRIP (80676µs)
09-07 23:19:43.042 14067  6400 I WiVRn   : [2026-09-07 23:19:43.042] [WiVRn] [info] 	t+8233µs RIGHT_GRIP (80657µs)
09-07 23:19:43.146 14067  6214 I WiVRn   : [2026-09-07 23:19:43.146] [WiVRn] [info] render: 179 iterations in 2.0 s (89.5/s), 179 submitted a layer, 178 new-source, 0 skipped by the repeat gate, 0 with nothing to show; display period 11.2 ms
09-07 23:19:43.146 14067  6214 I WiVRn   : [2026-09-07 23:19:43.146] [WiVRn] [info] render: selected source transitions forward 178 backward 0 repeat 1, greatest forward gap 2
09-07 23:19:43.146 14067  6214 I WiVRn   : [2026-09-07 23:19:43.146] [WiVRn] [info] render: this app's own GPU pass 2.7 ms per iteration
09-07 23:19:43.146 14067  6214 I WiVRn   : [2026-09-07 23:19:43.146] [WiVRn] [info] render: defoveate 1088x1088 per eye x2 = 2.37 Mpx/frame at scale 0.50 atlas-prototype 0; 1 re-presented from the cache (reduce_gpu_load on)
09-07 23:19:43.146 14067  6214 I WiVRn   : [2026-09-07 23:19:43.146] [WiVRn] [info] render: shader path sharpness 0.00 fsr false alpha false motion false blend false glow 0.28 vignette 0.00 deband 1.00 lowpoly 0.00 levels 0 full-kernel false
09-07 23:19:43.146 14067  6214 I WiVRn   : [2026-09-07 23:19:43.146] [WiVRn] [info] render: per iteration fence 0.0 (worst 2.0) | queries 0.0 | submit 0.0 | whole render() 0.5 ms
09-07 23:19:43.146 14067  6214 I WiVRn   : [2026-09-07 23:19:43.146] [WiVRn] [info] render: jit on | wake slack 30.3 ms | slept 0.8 ms mean (max 11.7, 179 of 179 iterations) | budget 17.9 = pass 16.9 + margin 1.0 | sleep cap 0.6 ms
09-07 23:19:43.146 14067  6214 I WiVRn   : [2026-09-07 23:19:43.146] [WiVRn] [info] render: source display-time offset -8.2 ms mean (worst 0.0) over 179 frames | submit lead 29.0 ms mean (worst 17.6) | misses: 0 overrun 0 late 1 skipped refresh
09-07 23:19:44.042 14067  6400 I WiVRn   : [2026-09-07 23:19:44.042] [WiVRn] [info] Tracking pattern (11111µs):
09-07 23:19:44.042 14067  6400 I WiVRn   : [2026-09-07 23:19:44.042] [WiVRn] [info] 	t+7690µs HEAD (81200µs)
09-07 23:19:44.042 14067  6400 I WiVRn   : [2026-09-07 23:19:44.042] [WiVRn] [info] 	t+8086µs LEFT_GRIP (80804µs)
09-07 23:19:44.042 14067  6400 I WiVRn   : [2026-09-07 23:19:44.042] [WiVRn] [info] 	t+8100µs RIGHT_GRIP (80789µs)
09-07 23:19:44.042 14067  6400 I WiVRn   : [2026-09-07 23:19:44.042] [WiVRn] [info] 	t+10690µs HEAD (78200µs)
09-07 23:19:44.042 14067  6400 I WiVRn   : [2026-09-07 23:19:44.042] [WiVRn] [info] 	t+11086µs LEFT_GRIP (77804µs)
09-07 23:19:44.042 14067  6400 I WiVRn   : [2026-09-07 23:19:44.042] [WiVRn] [info] 	t+11100µs RIGHT_GRIP (77789µs)
09-07 23:19:44.116 14067  6396 I WiVRn   : [2026-09-07 23:19:44.116] [WiVRn] [info] nxwarp[0] net: 180 frames closed in 2.0 s, 0 with a hole, 0 out-of-order datagrams, 0 frames completed late, 0 queued for the worker, 824 decoded so far, 1096 stragglers dropped; last hole 0/0 chunks, first missing -1, short false, chunk 1166 B
09-07 23:19:44.116 14067  6396 I WiVRn   : [2026-09-07 23:19:44.116] [WiVRn] [info] nxwarp[0] net: 0.052 ms per datagram over 954 datagrams (24.86 ms of every second)
09-07 23:19:44.116 14067  6396 I WiVRn   : [2026-09-07 23:19:44.116] [WiVRn] [info] nxwarp[0] sel: stride 1, arrival 10.9 ms, dropped-late 272, withheld 1, decoded 824
09-07 23:19:44.116 14067  6396 I WiVRn   : [2026-09-07 23:19:44.116] [WiVRn] [info] nxwarp[0] rx: 11056 datagrams, placed 159178 (+766), late 1187 (+0), stale_frame 0, bad_range 0, bad_dir 0, bad_caps 0, bad_ver 0, auth_fail 0, replay 0, frozen 0, dup 0
09-07 23:19:44.918 14067  6398 I WiVRn   : [2026-09-07 23:19:44.918] [WiVRn] [info] nxwarp[0]: 180 frames in 2.0 s: 1009 B/frame, wait-prev 0.0 ms, wall 2.7 ms, nxvc passA 0.3 passB 1.0 gpu 1.2 ms; holes 0, refused 0
09-07 23:19:44.918 14067  6398 I WiVRn   : [2026-09-07 23:19:44.918] [WiVRn] [info] nxwarp[0] gpu duty 109 ms/s (11% of one GPU) for decode alone; the display pass is extra
09-07 23:19:44.918 14067  6398 I WiVRn   : [2026-09-07 23:19:44.918] [WiVRn] [info] nxwarp[0] passB 1.0 ms = warp 0.0 + skip 0.0 + coded 0.1 + dir 0.0 + other 0.8; tiles skip 0 / coded 4 / dir 0 (eye pass 0)
09-07 23:19:44.918 14067  6398 I WiVRn   : [2026-09-07 23:19:44.918] [WiVRn] [info] nxwarp[0]: 272 frames dropped late (queue kept to 1)
09-07 23:19:44.918 14067  6398 I WiVRn   : [2026-09-07 23:19:44.918] [WiVRn] [info] nxwarp[0] stage: gap 8.4 | wait-prev 0.0 | submit 0.3 (qlock 0.0 + codec 0.3) | get_free 0.0 | fence-pre 0.0 | record 0.0 | qsubmit 0.0 | fence-post 2.4 | publish 0.0 ms; withheld 0, stride 1, arrival 11.7 ms
09-07 23:19:44.918 14067  6398 I WiVRn   : [2026-09-07 23:19:44.918] [WiVRn] [info] nxwarp[0] reassembly (network thread): 0.00 ms/frame over 180 frames, buffer 1 kB held for 1 kB of unit (1.0x)
09-07 23:19:44.918 14067  6398 I WiVRn   : [2026-09-07 23:19:44.918] [WiVRn] [info] nxwarp[0] fence-post 2.4 ms = nxvc gpu 1.2 + copy gpu 0.31 + queue 0.9 (over 180 frames with timestamps)
09-07 23:19:44.918 14067  6398 I WiVRn   : [2026-09-07 23:19:44.918] [WiVRn] [info] nxwarp[0] atlas: frames 180, atlas 180, picture 0, avg dispatches 7.0, avg assembled 0.0, avg valid 578.0, direct targets 0
09-07 23:19:45.042 14067  6400 I WiVRn   : [2026-09-07 23:19:45.042] [WiVRn] [info] Tracking pattern (11111µs):
09-07 23:19:45.042 14067  6400 I WiVRn   : [2026-09-07 23:19:45.042] [WiVRn] [info] 	t+7122µs HEAD (81769µs)
09-07 23:19:45.042 14067  6400 I WiVRn   : [2026-09-07 23:19:45.042] [WiVRn] [info] 	t+7203µs LEFT_GRIP (81687µs)
09-07 23:19:45.042 14067  6400 I WiVRn   : [2026-09-07 23:19:45.042] [WiVRn] [info] 	t+7216µs RIGHT_GRIP (81674µs)
09-07 23:19:45.042 14067  6400 I WiVRn   : [2026-09-07 23:19:45.042] [WiVRn] [info] 	t+10122µs HEAD (78769µs)
09-07 23:19:45.042 14067  6400 I WiVRn   : [2026-09-07 23:19:45.042] [WiVRn] [info] 	t+10203µs LEFT_GRIP (78687µs)
09-07 23:19:45.042 14067  6400 I WiVRn   : [2026-09-07 23:19:45.042] [WiVRn] [info] 	t+10216µs RIGHT_GRIP (78674µs)
09-07 23:19:45.147 14067  6214 I WiVRn   : [2026-09-07 23:19:45.147] [WiVRn] [info] render: 180 iterations in 2.0 s (90.0/s), 180 submitted a layer, 177 new-source, 0 skipped by the repeat gate, 0 with nothing to show; display period 11.1 ms
09-07 23:19:45.147 14067  6214 I WiVRn   : [2026-09-07 23:19:45.147] [WiVRn] [info] render: selected source transitions forward 177 backward 0 repeat 3, greatest forward gap 2
09-07 23:19:45.147 14067  6214 I WiVRn   : [2026-09-07 23:19:45.147] [WiVRn] [info] render: this app's own GPU pass 2.7 ms per iteration
09-07 23:19:45.147 14067  6214 I WiVRn   : [2026-09-07 23:19:45.147] [WiVRn] [info] render: defoveate 1088x1088 per eye x2 = 2.37 Mpx/frame at scale 0.50 atlas-prototype 0; 3 re-presented from the cache (reduce_gpu_load on)
09-07 23:19:45.147 14067  6214 I WiVRn   : [2026-09-07 23:19:45.147] [WiVRn] [info] render: shader path sharpness 0.00 fsr false alpha false motion false blend false glow 0.28 vignette 0.00 deband 1.00 lowpoly 0.00 levels 0 full-kernel false
09-07 23:19:45.147 14067  6214 I WiVRn   : [2026-09-07 23:19:45.147] [WiVRn] [info] render: per iteration fence 0.0 (worst 0.0) | queries 0.0 | submit 0.0 | whole render() 0.5 ms
09-07 23:19:45.147 14067  6214 I WiVRn   : [2026-09-07 23:19:45.147] [WiVRn] [info] render: jit on | wake slack 29.6 ms | slept 0.6 ms mean (max 0.6, 180 of 180 iterations) | budget 16.1 = pass 15.1 + margin 1.0 | sleep cap 0.6 ms
09-07 23:19:45.147 14067  6214 I WiVRn   : [2026-09-07 23:19:45.147] [WiVRn] [info] render: source display-time offset -9.3 ms mean (worst 0.0) over 180 frames | submit lead 28.6 ms mean (worst 28.0) | misses: 0 overrun 0 late 0 skipped refresh
09-07 23:19:45.236 14067  6214 I WiVRn   : [2026-09-07 23:19:45.236] [WiVRn] [info] Session state changed at timestamp 0: XR_SESSION_STATE_FOCUSED => XR_SESSION_STATE_VISIBLE
09-07 23:19:45.237 14067  6214 I WiVRn   : [2026-09-07 23:19:45.237] [WiVRn] [info] Session state changed at timestamp 0: XR_SESSION_STATE_VISIBLE => XR_SESSION_STATE_SYNCHRONIZED
09-07 23:19:45.237 14067  6214 I WiVRn   : [2026-09-07 23:19:45.237] [WiVRn] [info] Session state changed at timestamp 0: XR_SESSION_STATE_SYNCHRONIZED => XR_SESSION_STATE_STOPPING
09-07 23:19:45.238 14067  6214 I WiVRn   : [2026-09-07 23:19:45.238] [WiVRn] [info] Session state changed at timestamp 0: XR_SESSION_STATE_STOPPING => XR_SESSION_STATE_IDLE
09-07 23:19:46.047 14067  6400 I WiVRn   : [2026-09-07 23:19:46.047] [WiVRn] [info] Tracking pattern (11110µs):
09-07 23:19:46.047 14067  6400 I WiVRn   : [2026-09-07 23:19:46.047] [WiVRn] [info] 	t+8885µs HEAD (80000µs)
09-07 23:19:46.047 14067  6400 I WiVRn   : [2026-09-07 23:19:46.047] [WiVRn] [info] 	t+8885µs LEFT_GRIP (80000µs)
09-07 23:19:46.047 14067  6400 I WiVRn   : [2026-09-07 23:19:46.047] [WiVRn] [info] 	t+8885µs RIGHT_GRIP (80000µs)
09-07 23:19:46.117 14067  6396 I WiVRn   : [2026-09-07 23:19:46.117] [WiVRn] [info] nxwarp[0] net: 180 frames closed in 2.0 s, 0 with a hole, 0 out-of-order datagrams, 0 frames completed late, 0 queued for the worker, 1004 decoded so far, 1276 stragglers dropped; last hole 0/0 chunks, first missing -1, short false, chunk 1166 B
09-07 23:19:46.117 14067  6396 I WiVRn   : [2026-09-07 23:19:46.117] [WiVRn] [info] nxwarp[0] net: 0.102 ms per datagram over 862 datagrams (44.02 ms of every second)
09-07 23:19:46.117 14067  6396 I WiVRn   : [2026-09-07 23:19:46.117] [WiVRn] [info] nxwarp[0] sel: stride 1, arrival 11.3 ms, dropped-late 272, withheld 1, decoded 1004
09-07 23:19:46.117 14067  6396 I WiVRn   : [2026-09-07 23:19:46.117] [WiVRn] [info] nxwarp[0] rx: 11918 datagrams, placed 160436 (+1258), late 1187 (+0), stale_frame 0, bad_range 0, bad_dir 0, bad_caps 0, bad_ver 0, auth_fail 0, replay 0, frozen 0, dup 0
09-07 23:19:46.922 14067  6398 I WiVRn   : [2026-09-07 23:19:46.922] [WiVRn] [info] nxwarp[0]: 180 frames in 2.0 s: 676 B/frame, wait-prev 0.0 ms, wall 2.3 ms, nxvc passA 0.2 passB 0.9 gpu 1.1 ms; holes 0, refused 0
09-07 23:19:46.922 14067  6398 I WiVRn   : [2026-09-07 23:19:46.922] [WiVRn] [info] nxwarp[0] gpu duty 97 ms/s (10% of one GPU) for decode alone; the display pass is extra
09-07 23:19:46.922 14067  6398 I WiVRn   : [2026-09-07 23:19:46.922] [WiVRn] [info] nxwarp[0] passB 0.9 ms = warp 0.0 + skip 0.0 + coded 0.1 + dir 0.0 + other 0.8; tiles skip 0 / coded 7 / dir 0 (eye pass 0)
09-07 23:19:46.923 14067  6398 I WiVRn   : [2026-09-07 23:19:46.923] [WiVRn] [info] nxwarp[0]: 272 frames dropped late (queue kept to 1)
09-07 23:19:46.923 14067  6398 I WiVRn   : [2026-09-07 23:19:46.923] [WiVRn] [info] nxwarp[0] stage: gap 8.8 | wait-prev 0.0 | submit 0.7 (qlock 0.0 + codec 0.7) | get_free 0.0 | fence-pre 0.0 | record 0.1 | qsubmit 0.1 | fence-post 1.4 | publish 0.0 ms; withheld 0, stride 1, arrival 11.3 ms
09-07 23:19:46.923 14067  6398 I WiVRn   : [2026-09-07 23:19:46.923] [WiVRn] [info] nxwarp[0] reassembly (network thread): 0.01 ms/frame over 180 frames, buffer 1 kB held for 1 kB of unit (1.0x)
09-07 23:19:46.923 14067  6398 I WiVRn   : [2026-09-07 23:19:46.923] [WiVRn] [info] nxwarp[0] fence-post 1.5 ms = nxvc gpu 1.1 + copy gpu 0.27 + queue 0.1 (over 180 frames with timestamps)
09-07 23:19:46.923 14067  6398 I WiVRn   : [2026-09-07 23:19:46.923] [WiVRn] [info] nxwarp[0]: 1 of 180 frames measured a stall not attributable to decoding (worst wall 10.8 ms); clipped out of the reported decode cost and out of the stride
09-07 23:19:46.923 14067  6398 I WiVRn   : [2026-09-07 23:19:46.923] [WiVRn] [info] nxwarp[0] atlas: frames 180, atlas 180, picture 0, avg dispatches 7.0, avg assembled 0.0, avg valid 578.0, direct targets 0
