# repeat=42 warmup=12 samples=30 timestamp_period_ns=52.083332 timestamp_valid_bits=48 measured_gpu_samples=30
sample,parse_ms,submit_ms,passA_ms,passW_ms,passB_ms,gpu_ms,total_ms
0,0.349219,0.316458,129.037236,0.000000,54.364061,183.401506,186.971458
1,0.444219,0.386145,128.859789,0.000000,54.619322,183.479318,186.481250
2,0.357083,0.302136,142.022132,0.000000,53.766717,195.789058,199.504063
3,0.368438,0.342656,129.396455,0.000000,52.304217,181.700829,184.556927
4,0.419167,0.286563,129.198174,0.000000,52.827290,182.025673,186.402917
5,0.381042,0.374010,117.234789,0.000000,53.677915,170.912912,173.737761
6,0.389896,0.355938,129.173174,0.000000,54.143384,183.316766,187.097761
7,0.370677,0.260834,124.405309,0.000000,54.554738,178.960256,181.995938
8,0.367344,0.284531,117.484580,0.000000,53.002290,170.487079,174.346302
9,0.382760,0.280156,137.137132,0.000000,53.767603,190.904943,193.954947
10,0.367084,0.398750,116.989164,0.000000,53.899426,170.888798,173.546042
11,0.370417,0.274531,129.546924,0.000000,53.346353,182.893485,186.620521
12,0.373802,0.265157,129.114372,0.000000,52.396092,181.510673,184.702917
13,0.381302,0.269375,128.935882,0.000000,53.349842,182.285933,186.524323
14,0.518698,0.494062,123.699580,0.000000,53.866353,177.566141,180.225781
15,0.377708,0.284792,122.721976,0.000000,53.839478,176.561662,179.360677
16,0.409010,0.328385,124.392289,0.000000,53.632863,178.025308,180.940312
17,0.470938,0.246666,119.018955,0.000000,53.802707,172.821871,176.590417
18,0.387865,2.979166,128.419632,0.000000,52.703592,181.123433,184.021146
19,0.349010,0.352136,125.381716,0.000000,53.129738,178.511662,182.171771
20,0.420208,0.935104,135.989007,0.000000,52.042238,188.031454,190.778542
21,0.394479,0.286927,128.709684,0.000000,54.374322,183.084162,186.906354
22,0.379584,0.260104,123.664424,0.000000,53.902082,177.566714,180.625469
23,0.530781,0.593334,134.394059,0.000000,54.369999,188.764266,191.780885
24,0.364687,0.279844,128.652914,0.000000,53.451405,182.104527,185.140729
25,0.391458,0.262188,130.810413,0.000000,53.814478,184.625100,189.141406
26,0.369583,0.318125,134.638174,0.000000,54.284478,188.922860,191.866094
27,0.370156,0.349323,128.609111,0.000000,53.211353,181.820673,184.521042
28,0.402708,0.269896,119.707549,0.000000,53.500728,173.208485,176.970104
29,0.346198,0.259375,119.215518,0.000000,54.534895,173.750621,177.442447
repeat 42 on Adreno (TM) 650: 2312 tiles, 718376 B frame, 2 dispatch(es)
  best  passA 116.989  passW 0.000  passB 52.042  gpu 170.487  wall 173.546 ms  (host parse 0.346 submit 0.247)
