Client connected
Server started, PID 285203
 INFO [ipc_server_main_common] WiVRn 'nx-atlas-live-920ac878-dirty' starting up...
Setting the OpenVR compatibility library to /opt/xrizer
Listening for secondary paths on port 9757
 INFO [vk_bundle] Vulkan instance created:
	GPU: AMD Radeon RX 7900 XTX (RADV NAVI31)
	queue families: 1 3 1 (main, encode, transfer)

 INFO [video_encoder_va] vaapi: intra refresh loss recovery has no effect, the VAAPI encoders expose no intra refresh control; lost frames still ask for a keyframe
 INFO [video_encoder_va] vaapi: reference invalidation has no effect, libavcodec owns the VAAPI reference lists; lost frames still ask for a keyframe
 INFO [comp_vulkan_formats_log] Supported formats:
	VK_FORMAT_R16G16B16A16_UNORM: true
	VK_FORMAT_R16G16B16A16_SFLOAT: true
	VK_FORMAT_R16G16B16_UNORM: false
	VK_FORMAT_R16G16B16_SFLOAT: false
	VK_FORMAT_R8G8B8A8_SRGB: true
	VK_FORMAT_B8G8R8A8_SRGB: true
	VK_FORMAT_R8G8B8_SRGB: false
	VK_FORMAT_R8G8B8A8_UNORM: true
	VK_FORMAT_B8G8R8A8_UNORM: true
	VK_FORMAT_R8G8B8_UNORM: false
	VK_FORMAT_B8G8R8_UNORM: false
	VK_FORMAT_R5G6B5_UNORM_PACK16: true
	VK_FORMAT_R32_SFLOAT: true
	VK_FORMAT_D32_SFLOAT: true
	VK_FORMAT_D16_UNORM: true
	VK_FORMAT_X8_D24_UNORM_PACK32: false
	VK_FORMAT_D24_UNORM_S8_UINT: false
	VK_FORMAT_D32_SFLOAT_S8_UINT: true
	VK_FORMAT_S8_UINT: true
 INFO [print_encoders] Encoder configuration:
	* vaapi (h265 8-bit)
	  size: 2688x2688
	  bitrate: 24.1Mbit/s
	* vaapi (h265 8-bit)
	  size: 2688x2688
	  bitrate: 24.1Mbit/s
	* vaapi (h265 8-bit)
	  size: 2688x1344
	  bitrate: 0.6Mbit/s
 INFO [video_encoder_va] vaapi: intra refresh loss recovery has no effect, the VAAPI encoders expose no intra refresh control; lost frames still ask for a keyframe
 INFO [video_encoder_va] vaapi: reference invalidation has no effect, libavcodec owns the VAAPI reference lists; lost frames still ask for a keyframe
 INFO [video_encoder_va] vaapi: intra refresh loss recovery has no effect, the VAAPI encoders expose no intra refresh control; lost frames still ask for a keyframe
 INFO [video_encoder_va] vaapi: reference invalidation has no effect, libavcodec owns the VAAPI reference lists; lost frames still ask for a keyframe
 INFO [video_encoder_va] vaapi: intra refresh loss recovery has no effect, the VAAPI encoders expose no intra refresh control; lost frames still ask for a keyframe
 INFO [video_encoder_va] vaapi: reference invalidation has no effect, libavcodec owns the VAAPI reference lists; lost frames still ask for a keyframe
 INFO [wivrn_hmd] edge bleed: rendering 5.0% overscan, 1.35 deg left / 1.35 deg up on eye 0 (same encoded size, so about 4.8% less sharp)
 INFO [pipewire_device] pipewire speaker stream created (quantum: 240 frames, 5.00 ms)
 INFO [mic_state_changed] Microphone state changed from PW_STREAM_STATE_UNCONNECTED to PW_STREAM_STATE_CONNECTING
 INFO [pipewire_device] pipewire microphone stream created (quantum: 240 frames, 5.00 ms)
 INFO [configure] Automatic bitrate enabled, AIMD (v1), ceiling 49.0 Mbit/s, floor 10.0 Mbit/s, radio trend on
 INFO [set_pacing] Packet pacing enabled, spreading each frame over 40% of a frame period
 INFO [apply_qos] Wi-Fi QoS marks enabled (video AF41 / AC_VI, control EF / AC_VO)
 INFO [set_fec] Forward error correction enabled, one parity shard per 8 video shards
 INFO [set_fec_adaptive] Adaptive error correction enabled, parity ratio between 16+1 and 4+1 with interleaved groups
 INFO [set_shard_retransmit] Shard retransmission enabled, keeping 1024 kB of recently sent shards per stream
 WARN [check_socket_path] path not found: /run/user/1000/SlimeVRRpc
 WARN [check_socket_path] path not found: /run/user/1000/.flatpak/dev.slimevr.SlimeVR/xdg-run/SlimeVRRpc
 WARN [check_socket_path] path not found: /home/nerdrx/.local/share/dev.slimevr.SlimeVR/SlimeVRRpc
ERROR [solarxr_ipc_socket_find] failed to resolve socket path
 INFO [u_linux_try_to_set_realtime_priority_on_thread] Raised priority of thread 'Multi Client Module' to policy: 'SCHED_FIFO', priority: '99'
 INFO [operator()] Session state changed: XR_SESSION_STATE_FOCUSED
 INFO [mic_state_changed] Microphone state changed from PW_STREAM_STATE_CONNECTING to PW_STREAM_STATE_PAUSED
 INFO [operator()] Updating interaction profiles: from 
	XRT_DEVICE_TOUCH_CONTROLLER (left)  to XRT_DEVICE_EXT_HAND_INTERACTION
	XRT_DEVICE_TOUCH_CONTROLLER (right) to XRT_DEVICE_EXT_HAND_INTERACTION

 INFO [client_connected] Client 1 connected
 INFO [ipc_handle_instance_describe_client] Client info:
	id: 1
	application_name: 'HelloXR'
	pid: 285282
	extensions:
		ext_hand_tracking_enabled: false
		ext_hand_tracking_data_source_enabled: false
		ext_eye_gaze_interaction_enabled: false
		ext_future_enabled: false
		ext_hand_interaction_enabled: false
		htc_facial_tracking_enabled: false
		fb_body_tracking_enabled: false
		meta_body_tracking_full_body_enabled: false
		meta_body_tracking_calibration_enabled: false
		meta_body_tracking_fidelity_enabled: false
		fb_face_tracking2_enabled: false
		android_face_tracking_enabled: false
 INFO [update_session_state_locked] Started native session, 1 active app session(s).
 INFO [get_view_poses] geometry[eye 0]: panel fov L-51.99 R51.99 U51.99 D-51.99 -> rendered fov L-53.34 R53.34 U53.34 D-53.34 deg (overscan 0.050)
 INFO [get_view_poses] geometry[eye 1]: panel fov L-51.99 R51.99 U51.99 D-51.99 -> rendered fov L-53.34 R53.34 U53.34 D-53.34 deg (overscan 0.050)
 INFO [layer_commit] geometry[eye 0]: layer fov (what the app rendered, and what goes on the wire) L-53.34 R53.34 U53.34 D-53.34 deg
 INFO [layer_commit] geometry[eye 1]: layer fov (what the app rendered, and what goes on the wire) L-53.34 R53.34 U53.34 D-53.34 deg
 INFO [evaluate_aimd] Automatic bitrate: acute congestion, 49.0 -> 19.6 Mbit/s (p90 utilisation 1.19, 2 lost, 29 late over 31 frames)
 INFO [evaluate_aimd] Automatic bitrate: acute congestion, 19.6 -> 10.0 Mbit/s (p90 utilisation 1.00, 9 lost, 110 late over 166 frames)
 INFO [operator()] IDR frame needed on stream 0
 INFO [operator()] IDR frame needed on stream 1
 INFO [operator()] IDR frame needed on stream 0
 INFO [operator()] IDR frame needed on stream 1
 INFO [evaluate_aimd] Automatic bitrate: link healthy again, rebounding, 10.0 -> 20.0 Mbit/s (p90 utilisation 0.32, 0 lost, 0 late over 180 frames)
 INFO [evaluate_aimd] Automatic bitrate: acute congestion, 20.0 -> 10.0 Mbit/s (p90 utilisation 1.31, 5 lost, 4 late over 30 frames)
 INFO [client_disconnected] Client 1 disconnected
 INFO [update_session_state_locked] Stopped native session, 0 active app session(s).
