09-07 19:49:18.261 14554 13240 I WiVRn   : [2026-09-07 19:49:18.261] [WiVRn] [info] Sending query for _wivrn._tcp.local., type PTR
09-07 19:49:19.670 14554 13229 I WiVRn   : [2026-09-07 19:49:19.670] [WiVRn] [info] Session state changed at timestamp 0: XR_SESSION_STATE_FOCUSED => XR_SESSION_STATE_VISIBLE
09-07 19:49:19.671 14554 14554 I WiVRn   : [2026-09-07 19:49:19.671] [WiVRn] [info] Received intent wivrn://192.168.1.2
09-07 19:49:19.681 14554 13229 I WiVRn   : [2026-09-07 19:49:19.681] [WiVRn] [info] Session state changed at timestamp 0: XR_SESSION_STATE_VISIBLE => XR_SESSION_STATE_SYNCHRONIZED
09-07 19:49:19.681 14554 13229 I WiVRn   : [2026-09-07 19:49:19.681] [WiVRn] [info] Session state changed at timestamp 0: XR_SESSION_STATE_SYNCHRONIZED => XR_SESSION_STATE_STOPPING
09-07 19:49:19.683 14554 13229 I WiVRn   : [2026-09-07 19:49:19.683] [WiVRn] [info] Session state changed at timestamp 0: XR_SESSION_STATE_STOPPING => XR_SESSION_STATE_IDLE
09-07 19:49:19.701 14554 13431 I WiVRn   : [2026-09-07 19:49:19.701] [WiVRn] [info] Using pin "000000"
09-07 19:49:19.708 14554 13431 I WiVRn   : [2026-09-07 19:49:19.708] [WiVRn] [info] Wi-Fi QoS marks enabled (uplink EF / AC_VO)
09-07 19:49:19.933 14554 13229 I WiVRn   : [2026-09-07 19:49:19.933] [WiVRn] [info] Session state changed at timestamp 0: XR_SESSION_STATE_IDLE => XR_SESSION_STATE_READY
09-07 19:49:19.934 14554 13229 I WiVRn   : [2026-09-07 19:49:19.934] [WiVRn] [info] Received event type Unknown
09-07 19:49:19.934 14554 13229 I WiVRn   : [2026-09-07 19:49:19.934] [WiVRn] [info] Received event type XR_TYPE_EVENT_DATA_USER_PRESENCE_CHANGED_EXT
09-07 19:49:19.935 14554 13229 I WiVRn   : [2026-09-07 19:49:19.935] [WiVRn] [info] Supported swapchain formats:
09-07 19:49:19.935 14554 13229 I WiVRn   : [2026-09-07 19:49:19.935] [WiVRn] [info]     R8G8B8A8Srgb
09-07 19:49:19.935 14554 13229 I WiVRn   : [2026-09-07 19:49:19.935] [WiVRn] [info]     R8Unorm
09-07 19:49:19.935 14554 13229 I WiVRn   : [2026-09-07 19:49:19.935] [WiVRn] [info]     R8G8Unorm
09-07 19:49:19.935 14554 13229 I WiVRn   : [2026-09-07 19:49:19.935] [WiVRn] [info]     R8G8B8A8Unorm
09-07 19:49:19.935 14554 13229 I WiVRn   : [2026-09-07 19:49:19.935] [WiVRn] [info]     R5G6B5UnormPack16
09-07 19:49:19.935 14554 13229 I WiVRn   : [2026-09-07 19:49:19.935] [WiVRn] [info]     A2B10G10R10UnormPack32
09-07 19:49:19.935 14554 13229 I WiVRn   : [2026-09-07 19:49:19.935] [WiVRn] [info]     R16Unorm
09-07 19:49:19.935 14554 13229 I WiVRn   : [2026-09-07 19:49:19.935] [WiVRn] [info]     R16G16Unorm
09-07 19:49:19.935 14554 13229 I WiVRn   : [2026-09-07 19:49:19.935] [WiVRn] [info]     R16G16B16A16Unorm
09-07 19:49:19.935 14554 13229 I WiVRn   : [2026-09-07 19:49:19.935] [WiVRn] [info]     R16Uint
09-07 19:49:19.935 14554 13229 I WiVRn   : [2026-09-07 19:49:19.935] [WiVRn] [info]     R16G16Uint
09-07 19:49:19.935 14554 13229 I WiVRn   : [2026-09-07 19:49:19.935] [WiVRn] [info]     R16G16B16A16Uint
09-07 19:49:19.935 14554 13229 I WiVRn   : [2026-09-07 19:49:19.935] [WiVRn] [info]     R16Sint
09-07 19:49:19.936 14554 13229 I WiVRn   : [2026-09-07 19:49:19.936] [WiVRn] [info]     R16G16Sint
09-07 19:49:19.936 14554 13229 I WiVRn   : [2026-09-07 19:49:19.936] [WiVRn] [info]     R16G16B16A16Sint
09-07 19:49:19.936 14554 13229 I WiVRn   : [2026-09-07 19:49:19.936] [WiVRn] [info]     R16Sfloat
09-07 19:49:19.936 14554 13229 I WiVRn   : [2026-09-07 19:49:19.936] [WiVRn] [info]     R16G16Sfloat
09-07 19:49:19.936 14554 13229 I WiVRn   : [2026-09-07 19:49:19.936] [WiVRn] [info]     R16G16B16A16Sfloat
09-07 19:49:19.936 14554 13229 I WiVRn   : [2026-09-07 19:49:19.936] [WiVRn] [info]     A1R5G5B5UnormPack16
09-07 19:49:19.936 14554 13229 I WiVRn   : [2026-09-07 19:49:19.936] [WiVRn] [info]     Etc2R8G8B8UnormBlock
09-07 19:49:19.936 14554 13229 I WiVRn   : [2026-09-07 19:49:19.936] [WiVRn] [info]     Etc2R8G8B8A1UnormBlock
09-07 19:49:19.936 14554 13229 I WiVRn   : [2026-09-07 19:49:19.936] [WiVRn] [info]     Etc2R8G8B8A8UnormBlock
09-07 19:49:19.936 14554 13229 I WiVRn   : [2026-09-07 19:49:19.936] [WiVRn] [info]     Etc2R8G8B8SrgbBlock
09-07 19:49:19.936 14554 13229 I WiVRn   : [2026-09-07 19:49:19.936] [WiVRn] [info]     Etc2R8G8B8A1SrgbBlock
09-07 19:49:19.936 14554 13229 I WiVRn   : [2026-09-07 19:49:19.936] [WiVRn] [info]     Etc2R8G8B8A8SrgbBlock
09-07 19:49:19.936 14554 13229 I WiVRn   : [2026-09-07 19:49:19.936] [WiVRn] [info]     EacR11UnormBlock
09-07 19:49:19.936 14554 13229 I WiVRn   : [2026-09-07 19:49:19.936] [WiVRn] [info]     EacR11G11UnormBlock
09-07 19:49:19.936 14554 13229 I WiVRn   : [2026-09-07 19:49:19.936] [WiVRn] [info]     EacR11SnormBlock
09-07 19:49:19.936 14554 13229 I WiVRn   : [2026-09-07 19:49:19.936] [WiVRn] [info]     EacR11G11SnormBlock
09-07 19:49:19.936 14554 13229 I WiVRn   : [2026-09-07 19:49:19.936] [WiVRn] [info]     Astc4x4UnormBlock
09-07 19:49:19.936 14554 13229 I WiVRn   : [2026-09-07 19:49:19.936] [WiVRn] [info]     Astc5x4UnormBlock
09-07 19:49:19.936 14554 13229 I WiVRn   : [2026-09-07 19:49:19.936] [WiVRn] [info]     Astc5x5UnormBlock
09-07 19:49:19.936 14554 13229 I WiVRn   : [2026-09-07 19:49:19.936] [WiVRn] [info]     Astc6x5UnormBlock
09-07 19:49:19.936 14554 13229 I WiVRn   : [2026-09-07 19:49:19.936] [WiVRn] [info]     Astc6x6UnormBlock
09-07 19:49:19.936 14554 13229 I WiVRn   : [2026-09-07 19:49:19.936] [WiVRn] [info]     Astc8x5UnormBlock
09-07 19:49:19.936 14554 13229 I WiVRn   : [2026-09-07 19:49:19.936] [WiVRn] [info]     Astc8x6UnormBlock
09-07 19:49:19.936 14554 13229 I WiVRn   : [2026-09-07 19:49:19.936] [WiVRn] [info]     Astc8x8UnormBlock
09-07 19:49:19.936 14554 13229 I WiVRn   : [2026-09-07 19:49:19.936] [WiVRn] [info]     Astc10x5UnormBlock
09-07 19:49:19.936 14554 13229 I WiVRn   : [2026-09-07 19:49:19.936] [WiVRn] [info]     Astc10x6UnormBlock
09-07 19:49:19.936 14554 13229 I WiVRn   : [2026-09-07 19:49:19.936] [WiVRn] [info]     Astc10x8UnormBlock
09-07 19:49:19.936 14554 13229 I WiVRn   : [2026-09-07 19:49:19.936] [WiVRn] [info]     Astc10x10UnormBlock
09-07 19:49:19.936 14554 13229 I WiVRn   : [2026-09-07 19:49:19.936] [WiVRn] [info]     Astc12x10UnormBlock
09-07 19:49:19.936 14554 13229 I WiVRn   : [2026-09-07 19:49:19.936] [WiVRn] [info]     Astc12x12UnormBlock
09-07 19:49:19.936 14554 13229 I WiVRn   : [2026-09-07 19:49:19.936] [WiVRn] [info]     Astc4x4SrgbBlock
09-07 19:49:19.936 14554 13229 I WiVRn   : [2026-09-07 19:49:19.936] [WiVRn] [info]     Astc5x4SrgbBlock
09-07 19:49:19.936 14554 13229 I WiVRn   : [2026-09-07 19:49:19.936] [WiVRn] [info]     Astc5x5SrgbBlock
09-07 19:49:19.936 14554 13229 I WiVRn   : [2026-09-07 19:49:19.936] [WiVRn] [info]     Astc6x5SrgbBlock
09-07 19:49:19.936 14554 13229 I WiVRn   : [2026-09-07 19:49:19.936] [WiVRn] [info]     Astc6x6SrgbBlock
09-07 19:49:19.936 14554 13229 I WiVRn   : [2026-09-07 19:49:19.936] [WiVRn] [info]     Astc8x5SrgbBlock
09-07 19:49:19.936 14554 13229 I WiVRn   : [2026-09-07 19:49:19.936] [WiVRn] [info]     Astc8x6SrgbBlock
09-07 19:49:19.936 14554 13229 I WiVRn   : [2026-09-07 19:49:19.936] [WiVRn] [info]     Astc8x8SrgbBlock
09-07 19:49:19.936 14554 13229 I WiVRn   : [2026-09-07 19:49:19.936] [WiVRn] [info]     Astc10x5SrgbBlock
09-07 19:49:19.936 14554 13229 I WiVRn   : [2026-09-07 19:49:19.936] [WiVRn] [info]     Astc10x6SrgbBlock
09-07 19:49:19.936 14554 13229 I WiVRn   : [2026-09-07 19:49:19.936] [WiVRn] [info]     Astc10x8SrgbBlock
09-07 19:49:19.936 14554 13229 I WiVRn   : [2026-09-07 19:49:19.936] [WiVRn] [info]     Astc10x10SrgbBlock
09-07 19:49:19.936 14554 13229 I WiVRn   : [2026-09-07 19:49:19.936] [WiVRn] [info]     Astc12x10SrgbBlock
09-07 19:49:19.936 14554 13229 I WiVRn   : [2026-09-07 19:49:19.936] [WiVRn] [info]     Astc12x12SrgbBlock
09-07 19:49:19.936 14554 13229 I WiVRn   : [2026-09-07 19:49:19.936] [WiVRn] [info]     D16Unorm
09-07 19:49:19.936 14554 13229 I WiVRn   : [2026-09-07 19:49:19.936] [WiVRn] [info]     X8D24UnormPack32
09-07 19:49:19.936 14554 13229 I WiVRn   : [2026-09-07 19:49:19.936] [WiVRn] [info]     D32Sfloat
09-07 19:49:19.936 14554 13229 I WiVRn   : [2026-09-07 19:49:19.936] [WiVRn] [info]     D24UnormS8Uint
09-07 19:49:19.936 14554 13229 I WiVRn   : [2026-09-07 19:49:19.936] [WiVRn] [info]     B8G8R8A8Unorm
09-07 19:49:19.936 14554 13229 I WiVRn   : [2026-09-07 19:49:19.936] [WiVRn] [info]     B8G8R8A8Srgb
09-07 19:49:19.937 14554 13229 I WiVRn   : [2026-09-07 19:49:19.937] [WiVRn] [info] Using panel size: 2160x2160
09-07 19:49:19.955 14554 13229 I WiVRn   : [2026-09-07 19:49:19.955] [WiVRn] [info] video codec av1: NOT supported
09-07 19:49:19.983 14554 13229 I WiVRn   : [2026-09-07 19:49:19.983] [WiVRn] [info] video codec h265: supported
09-07 19:49:20.012 14554 13229 I WiVRn   : [2026-09-07 19:49:20.012] [WiVRn] [info] video codec h264: supported
09-07 19:49:20.017 14554 13229 I WiVRn   : [2026-09-07 19:49:20.017] [WiVRn] [info] Using format R8G8B8A8Srgb
09-07 19:49:20.018 14554 13229 I WiVRn   : [2026-09-07 19:49:20.018] [WiVRn] [info] WifiLock low latency acquired
09-07 19:49:20.018 14554 13229 I WiVRn   : [2026-09-07 19:49:20.018] [WiVRn] [info] Session state changed at timestamp 0: XR_SESSION_STATE_READY => XR_SESSION_STATE_SYNCHRONIZED
09-07 19:49:20.018 14554 13229 I WiVRn   : [2026-09-07 19:49:20.018] [WiVRn] [info] Session state changed at timestamp 0: XR_SESSION_STATE_SYNCHRONIZED => XR_SESSION_STATE_VISIBLE
09-07 19:49:20.018 14554 13229 I WiVRn   : [2026-09-07 19:49:20.018] [WiVRn] [info] Session state changed at timestamp 0: XR_SESSION_STATE_VISIBLE => XR_SESSION_STATE_FOCUSED
09-07 19:49:20.069 14554 13455 I WiVRn   : [2026-09-07 19:49:20.069] [WiVRn] [info] setup, refresh rate 90
09-07 19:49:20.069 14554 13455 I WiVRn   : [2026-09-07 19:49:20.069] [WiVRn] [info] set refresh rate to 90Hz
09-07 19:49:20.069 14554 13455 I WiVRn   : [2026-09-07 19:49:20.069] [WiVRn] [info] Creating decoders, size 1088x1088
09-07 19:49:20.069 14554 13455 I WiVRn   : [2026-09-07 19:49:20.069] [WiVRn] [info] edge bleed: server overscan 5.0%, client ring 0.0% (fade)
09-07 19:49:20.069 14554 13455 I WiVRn   : [2026-09-07 19:49:20.069] [WiVRn] [info]   stream 0: role 0, 1088x1088
09-07 19:49:20.069 14554 13455 I WiVRn   : [2026-09-07 19:49:20.069] [WiVRn] [info] nxwarp: decoupled display on
09-07 19:49:20.069 14554 13455 I WiVRn   : [2026-09-07 19:49:20.069] [WiVRn] [info] nxwarp: ycbcr chroma filter linear
09-07 19:49:20.070 14554 13455 I WiVRn   : [2026-09-07 19:49:20.070] [WiVRn] [info] nxwarp[0]: decoupled display -- frames are published complete and the reprojection pass waits on nothing
09-07 19:49:20.070 14554 13455 I WiVRn   : [2026-09-07 19:49:20.070] [WiVRn] [info]   stream 2: role 1, 1088x544
09-07 19:49:20.070 14554 13455 I WiVRn   : [2026-09-07 19:49:20.070] [WiVRn] [info] nxwarp: decoupled display on
09-07 19:49:20.070 14554 13455 I WiVRn   : [2026-09-07 19:49:20.070] [WiVRn] [info] nxwarp: ycbcr chroma filter linear
09-07 19:49:20.070 14554 13455 I WiVRn   : [2026-09-07 19:49:20.070] [WiVRn] [info] nxwarp[2]: decoupled display -- frames are published complete and the reprojection pass waits on nothing
09-07 19:49:20.070 14554 13459 I WiVRn   : [2026-09-07 19:49:20.070] [WiVRn] [info] Adding hand_interaction poses to device list
09-07 19:49:20.070 14554 13459 I WiVRn   : [2026-09-07 19:49:20.070] [WiVRn] [info] interaction profile for /user/hand/left: /interaction_profiles/ext/hand_interaction_ext
09-07 19:49:20.070 14554 13459 I WiVRn   : [2026-09-07 19:49:20.070] [WiVRn] [info] interaction profile for /user/hand/right: /interaction_profiles/ext/hand_interaction_ext
09-07 19:49:20.070 14554 13459 I WiVRn   : [2026-09-07 19:49:20.070] [WiVRn] [info] interaction profile for /user/gamepad: XR_NULL_PATH
09-07 19:49:20.070 14554 13459 W WiVRn   : [2026-09-07 19:49:20.070] [WiVRn] [warning] unknown interaction profile XR_NULL_PATH
09-07 19:49:20.071 14554 13459 I WiVRn   : [2026-09-07 19:49:20.071] [WiVRn] [info] Tracking pattern (5000µs):
09-07 19:49:20.071 14554 13459 I WiVRn   : [2026-09-07 19:49:20.071] [WiVRn] [info] 	t+5000µs HEAD (0µs)
09-07 19:49:20.079 14554 13455 I WiVRn   : [2026-09-07 19:49:20.079] [WiVRn] [info] Speaker stream started
09-07 19:49:20.079 14554 13455 I WiVRn   : [2026-09-07 19:49:20.079] [WiVRn] [info] setup, refresh rate 90
09-07 19:49:20.079 14554 13455 I WiVRn   : [2026-09-07 19:49:20.079] [WiVRn] [info] set refresh rate to 90Hz
09-07 19:49:20.659 14554 13229 I WiVRn   : [2026-09-07 19:49:20.659] [WiVRn] [info] Session state changed at timestamp 0: XR_SESSION_STATE_FOCUSED => XR_SESSION_STATE_VISIBLE
09-07 19:49:20.660 14554 13229 I WiVRn   : [2026-09-07 19:49:20.660] [WiVRn] [info] Session state changed at timestamp 0: XR_SESSION_STATE_VISIBLE => XR_SESSION_STATE_SYNCHRONIZED
09-07 19:49:20.660 14554 13229 I WiVRn   : [2026-09-07 19:49:20.660] [WiVRn] [info] Session state changed at timestamp 0: XR_SESSION_STATE_SYNCHRONIZED => XR_SESSION_STATE_STOPPING
09-07 19:49:20.662 14554 13229 I WiVRn   : [2026-09-07 19:49:20.662] [WiVRn] [info] Session state changed at timestamp 0: XR_SESSION_STATE_STOPPING => XR_SESSION_STATE_IDLE
09-07 19:49:23.201 14554 13229 I WiVRn   : [2026-09-07 19:49:23.201] [WiVRn] [info] Session state changed at timestamp 0: XR_SESSION_STATE_IDLE => XR_SESSION_STATE_READY
09-07 19:49:23.203 14554 13229 I WiVRn   : [2026-09-07 19:49:23.203] [WiVRn] [info] Received event type XR_TYPE_EVENT_DATA_USER_PRESENCE_CHANGED_EXT
09-07 19:49:23.207 14554 13229 I WiVRn   : [2026-09-07 19:49:23.207] [WiVRn] [info] Session state changed at timestamp 0: XR_SESSION_STATE_READY => XR_SESSION_STATE_SYNCHRONIZED
09-07 19:49:23.207 14554 13229 I WiVRn   : [2026-09-07 19:49:23.207] [WiVRn] [info] Session state changed at timestamp 0: XR_SESSION_STATE_SYNCHRONIZED => XR_SESSION_STATE_VISIBLE
09-07 19:49:23.207 14554 13229 I WiVRn   : [2026-09-07 19:49:23.207] [WiVRn] [info] Session state changed at timestamp 0: XR_SESSION_STATE_VISIBLE => XR_SESSION_STATE_FOCUSED
09-07 19:49:23.221 14554 13455 I WiVRn   : [2026-09-07 19:49:23.221] [WiVRn] [info] nxwarp[0]: real R8 atlas display with per-frame GPU snapshots
09-07 19:49:23.221 14554 13455 I WiVRn   : [2026-09-07 19:49:23.221] [WiVRn] [info] nxwarp[0]: 1088x1088 per eye, 2 eyes, on Adreno (TM) 650, 34 x 17 tiles, 1166 bytes per tile
09-07 19:49:23.221 14554 13455 I WiVRn   : [2026-09-07 19:49:23.221] [WiVRn] [info] nxwarp[0] net: 1 frames closed in 3.2 s, 0 with a hole, 0 out-of-order datagrams, 0 frames completed late, 0 queued for the worker, 0 decoded so far, 0 stragglers dropped; last hole 0/0 chunks, first missing -1, short false, chunk 1166 B
09-07 19:49:23.221 14554 13455 I WiVRn   : [2026-09-07 19:49:23.221] [WiVRn] [info] nxwarp[0] net: 0.019 ms per datagram over 18 datagrams (0.11 ms of every second)
09-07 19:49:23.221 14554 13455 I WiVRn   : [2026-09-07 19:49:23.221] [WiVRn] [info] nxwarp[0] sel: stride 1, arrival 0.0 ms, dropped-late 0, withheld 0, decoded 0
09-07 19:49:23.221 14554 13455 I WiVRn   : [2026-09-07 19:49:23.221] [WiVRn] [info] nxwarp[0] rx: 19 datagrams, placed 578 (+578), late 0 (+0), stale_frame 0, bad_range 0, bad_dir 0, bad_caps 0, bad_ver 0, auth_fail 0, replay 0, frozen 0, dup 0
09-07 19:49:23.226 14554 13459 I WiVRn   : [2026-09-07 19:49:23.226] [WiVRn] [info] Tracking pattern (5000µs):
09-07 19:49:23.226 14554 13459 I WiVRn   : [2026-09-07 19:49:23.226] [WiVRn] [info] 	t+694µs HEAD (44305µs)
09-07 19:49:23.226 14554 13459 I WiVRn   : [2026-09-07 19:49:23.226] [WiVRn] [info] 	t+1694µs HEAD (38305µs)
09-07 19:49:23.226 14554 13459 I WiVRn   : [2026-09-07 19:49:23.226] [WiVRn] [info] 	t+1875µs LEFT_GRIP (43124µs)
09-07 19:49:23.226 14554 13459 I WiVRn   : [2026-09-07 19:49:23.226] [WiVRn] [info] 	t+1910µs RIGHT_GRIP (43089µs)
09-07 19:49:23.226 14554 13459 I WiVRn   : [2026-09-07 19:49:23.226] [WiVRn] [info] 	t+3694µs HEAD (41305µs)
09-07 19:49:23.226 14554 13459 I WiVRn   : [2026-09-07 19:49:23.226] [WiVRn] [info] 	t+4694µs HEAD (35305µs)
09-07 19:49:23.226 14554 13459 I WiVRn   : [2026-09-07 19:49:23.226] [WiVRn] [info] 	t+4875µs LEFT_GRIP (40124µs)
09-07 19:49:23.226 14554 13459 I WiVRn   : [2026-09-07 19:49:23.226] [WiVRn] [info] 	t+4910µs RIGHT_GRIP (40089µs)
09-07 19:49:23.286 14554 13229 I WiVRn   : [2026-09-07 19:49:23.286] [WiVRn] [info] Received event type Unknown
09-07 19:49:23.761 14554 13240 I WiVRn   : [2026-09-07 19:49:23.761] [WiVRn] [info] Sending query for _wivrn._tcp.local., type PTR
09-07 19:49:24.071 14554 13459 I WiVRn   : [2026-09-07 19:49:24.071] [WiVRn] [info] Tracking pattern (5000µs):
09-07 19:49:24.071 14554 13459 I WiVRn   : [2026-09-07 19:49:24.071] [WiVRn] [info] 	t+2000µs HEAD (3000µs)
09-07 19:49:24.071 14554 13459 I WiVRn   : [2026-09-07 19:49:24.071] [WiVRn] [info] 	t+2096µs LEFT_GRIP (2903µs)
09-07 19:49:24.071 14554 13459 I WiVRn   : [2026-09-07 19:49:24.071] [WiVRn] [info] 	t+2117µs RIGHT_GRIP (2882µs)
09-07 19:49:24.071 14554 13459 I WiVRn   : [2026-09-07 19:49:24.071] [WiVRn] [info] 	t+4000µs HEAD (6000µs)
09-07 19:49:24.071 14554 13459 I WiVRn   : [2026-09-07 19:49:24.071] [WiVRn] [info] 	t+4096µs LEFT_GRIP (5903µs)
09-07 19:49:24.071 14554 13459 I WiVRn   : [2026-09-07 19:49:24.071] [WiVRn] [info] 	t+4117µs RIGHT_GRIP (5882µs)
09-07 19:49:24.071 14554 13459 I WiVRn   : [2026-09-07 19:49:24.071] [WiVRn] [info] 	t+5000µs HEAD (0µs)
09-07 19:49:24.072 14554 13457 I WiVRn   : [2026-09-07 19:49:24.072] [WiVRn] [info] Stream scene ready at t=73197441226868
09-07 19:49:24.072 14554 13457 I WiVRn   : [2026-09-07 19:49:24.072] [WiVRn] [info] nxwarp[0]: 1 frames in 4.0 s: 9118 B/frame, wait-prev 0.0 ms, wall 850.3 ms, nxvc passA 1.8 passB 12.6 gpu 14.5 ms; holes 0, refused 0
09-07 19:49:24.072 14554 13457 I WiVRn   : [2026-09-07 19:49:24.072] [WiVRn] [info] nxwarp[0] gpu duty 4 ms/s (0% of one GPU) for decode alone; the display pass is extra
09-07 19:49:24.072 14554 13457 I WiVRn   : [2026-09-07 19:49:24.072] [WiVRn] [info] nxwarp[0] passB 12.6 ms = warp 0.0 + skip 0.0 + coded 0.0 + dir 0.0 + other 12.6; tiles skip 0 / coded 578 / dir 0 (eye pass 0)
09-07 19:49:24.072 14554 13457 I WiVRn   : [2026-09-07 19:49:24.072] [WiVRn] [info] nxwarp[0]: 59 frames dropped late (queue kept to 1)
09-07 19:49:24.072 14554 13457 I WiVRn   : [2026-09-07 19:49:24.072] [WiVRn] [info] nxwarp[0] stage: gap 0.0 | wait-prev 0.0 | submit 833.0 (qlock 0.0 + codec 832.9) | get_free 0.0 | fence-pre 0.0 | record 0.2 | qsubmit 0.0 | fence-post 17.1 | publish 0.0 ms; withheld 0, stride 1, arrival 22.0 ms
09-07 19:49:24.072 14554 13457 I WiVRn   : [2026-09-07 19:49:24.072] [WiVRn] [info] nxwarp[0] reassembly (network thread): 0.03 ms/frame over 61 frames, buffer 53 kB held for 53 kB of unit (1.0x)
09-07 19:49:24.072 14554 13457 I WiVRn   : [2026-09-07 19:49:24.072] [WiVRn] [info] nxwarp[0] fence-post 17.1 ms = nxvc gpu 14.5 + copy gpu 2.68 + queue -0.1 (over 1 frames with timestamps)
09-07 19:49:24.072 14554 13457 I WiVRn   : [2026-09-07 19:49:24.072] [WiVRn] [info] nxwarp[0] atlas: frames 1, atlas 1, picture 0, avg dispatches 6.0, avg assembled 0.0, avg valid 578.0
09-07 19:49:24.080 14554 13229 I WiVRn   : [2026-09-07 19:49:24.080] [WiVRn] [info] MulticastLock released
09-07 19:49:24.129 14554 13229 I WiVRn   : [2026-09-07 19:49:24.129] [WiVRn] [info] Loaded input profile pico-4
09-07 19:49:24.129 14554 13229 I WiVRn   : [2026-09-07 19:49:24.129] [WiVRn] [info] Initializing offset of space aim_left to (-5, 0, 20) mm, (0, -0, 0)°
09-07 19:49:24.129 14554 13229 I WiVRn   : [2026-09-07 19:49:24.129] [WiVRn] [info] Initializing offset of space aim_right to (5, 0, 20) mm, (0, -0, 0)°
09-07 19:49:24.129 14554 13229 I WiVRn   : [2026-09-07 19:49:24.129] [WiVRn] [info] Initializing offset of space grip_left to (0, -20, -50) mm, (-30.000002, -0, 0)°
09-07 19:49:24.129 14554 13229 I WiVRn   : [2026-09-07 19:49:24.129] [WiVRn] [info] Initializing offset of space grip_right to (0, -20, -50) mm, (-30.000002, -0, 0)°
09-07 19:49:24.158 14554 13229 I WiVRn   : [2026-09-07 19:49:24.158] [WiVRn] [info] Font for de /system/fonts/PICOSans.ttf
09-07 19:49:24.158 14554 13229 I WiVRn   : [2026-09-07 19:49:24.158] [WiVRn] [info] Font for es /system/fonts/PICOSans.ttf
09-07 19:49:24.158 14554 13229 I WiVRn   : [2026-09-07 19:49:24.158] [WiVRn] [info] Font for fr /system/fonts/PICOSans.ttf
09-07 19:49:24.158 14554 13229 I WiVRn   : [2026-09-07 19:49:24.158] [WiVRn] [info] Font for fr /system/fonts/Roboto-Regular.ttf
09-07 19:49:24.158 14554 13229 I WiVRn   : [2026-09-07 19:49:24.158] [WiVRn] [info] Font for it /system/fonts/PICOSans.ttf
09-07 19:49:24.158 14554 13229 I WiVRn   : [2026-09-07 19:49:24.158] [WiVRn] [info] Font for ja /system/fonts/PICOSans.ttf
09-07 19:49:24.158 14554 13229 I WiVRn   : [2026-09-07 19:49:24.158] [WiVRn] [info] Font for ja /system/fonts/PICOSansVFJP.ttf
09-07 19:49:24.158 14554 13229 I WiVRn   : [2026-09-07 19:49:24.158] [WiVRn] [info] Font for ka /system/fonts/PICOSans.ttf
09-07 19:49:24.158 14554 13229 I WiVRn   : [2026-09-07 19:49:24.158] [WiVRn] [info] Font for ka /system/fonts/NotoSansGeorgian-Regular.otf
09-07 19:49:24.158 14554 13229 I WiVRn   : [2026-09-07 19:49:24.158] [WiVRn] [info] Font for ka /system/fonts/PICOSans.ttf
09-07 19:49:24.158 14554 13229 I WiVRn   : [2026-09-07 19:49:24.158] [WiVRn] [info] Font for pl /system/fonts/PICOSans.ttf
09-07 19:49:24.158 14554 13229 I WiVRn   : [2026-09-07 19:49:24.158] [WiVRn] [info] Font for pl /system/fonts/Roboto-Regular.ttf
09-07 19:49:24.158 14554 13229 I WiVRn   : [2026-09-07 19:49:24.158] [WiVRn] [info] Font for pl /system/fonts/PICOSans.ttf
09-07 19:49:24.158 14554 13229 I WiVRn   : [2026-09-07 19:49:24.158] [WiVRn] [info] Font for pl /system/fonts/PICOSansSC-Regular.ttf
09-07 19:49:24.158 14554 13229 I WiVRn   : [2026-09-07 19:49:24.158] [WiVRn] [info] Font for pl /system/fonts/Roboto-Regular.ttf
09-07 19:49:24.158 14554 13229 I WiVRn   : [2026-09-07 19:49:24.158] [WiVRn] [info] Font for pl /system/fonts/PICOSans.ttf
09-07 19:49:24.158 14554 13229 I WiVRn   : [2026-09-07 19:49:24.158] [WiVRn] [info] Font for pt_BR /system/fonts/PICOSans.ttf
09-07 19:49:24.158 14554 13229 I WiVRn   : [2026-09-07 19:49:24.158] [WiVRn] [info] Font for ru /system/fonts/PICOSans.ttf
09-07 19:49:24.158 14554 13229 I WiVRn   : [2026-09-07 19:49:24.158] [WiVRn] [info] Font for ru /system/fonts/PICOSansSC-Regular.ttf
09-07 19:49:24.158 14554 13229 I WiVRn   : [2026-09-07 19:49:24.158] [WiVRn] [info] Font for ru /system/fonts/PICOSans.ttf
09-07 19:49:24.158 14554 13229 I WiVRn   : [2026-09-07 19:49:24.158] [WiVRn] [info] Font for sk /system/fonts/PICOSans.ttf
09-07 19:49:24.158 14554 13229 I WiVRn   : [2026-09-07 19:49:24.158] [WiVRn] [info] Font for sk /system/fonts/Roboto-Regular.ttf
09-07 19:49:24.158 14554 13229 I WiVRn   : [2026-09-07 19:49:24.158] [WiVRn] [info] Font for sk /system/fonts/PICOSansSC-Regular.ttf
09-07 19:49:24.158 14554 13229 I WiVRn   : [2026-09-07 19:49:24.158] [WiVRn] [info] Font for sk /system/fonts/PICOSans.ttf
09-07 19:49:24.158 14554 13229 I WiVRn   : [2026-09-07 19:49:24.158] [WiVRn] [info] Font for sk /system/fonts/Roboto-Regular.ttf
09-07 19:49:24.158 14554 13229 I WiVRn   : [2026-09-07 19:49:24.158] [WiVRn] [info] Font for sk /system/fonts/PICOSans.ttf
09-07 19:49:24.158 14554 13229 I WiVRn   : [2026-09-07 19:49:24.158] [WiVRn] [info] Font for tr /system/fonts/PICOSans.ttf
09-07 19:49:24.158 14554 13229 I WiVRn   : [2026-09-07 19:49:24.158] [WiVRn] [info] Font for tr /system/fonts/Roboto-Regular.ttf
09-07 19:49:24.158 14554 13229 I WiVRn   : [2026-09-07 19:49:24.158] [WiVRn] [info] Font for tr /system/fonts/PICOSans.ttf
09-07 19:49:24.158 14554 13229 I WiVRn   : [2026-09-07 19:49:24.158] [WiVRn] [info] Font for tr /system/fonts/Roboto-Regular.ttf
09-07 19:49:24.158 14554 13229 I WiVRn   : [2026-09-07 19:49:24.158] [WiVRn] [info] Font for tr /system/fonts/PICOSans.ttf
09-07 19:49:24.158 14554 13229 I WiVRn   : [2026-09-07 19:49:24.158] [WiVRn] [info] Font for zh_CN /system/fonts/PICOSans.ttf
09-07 19:49:24.158 14554 13229 I WiVRn   : [2026-09-07 19:49:24.158] [WiVRn] [info] Font for zh_CN /system/fonts/PICOSansSC-Regular.ttf
09-07 19:49:24.159 14554 13229 I WiVRn   : [2026-09-07 19:49:24.159] [WiVRn] [info] Font for zh_TW /system/fonts/PICOSans.ttf
09-07 19:49:24.159 14554 13229 I WiVRn   : [2026-09-07 19:49:24.159] [WiVRn] [info] Font for zh_TW /system/fonts/PICOSansSC-Regular.ttf
09-07 19:49:24.163 14554 13229 I WiVRn   : [2026-09-07 19:49:24.163] [WiVRn] [info] Using font /system/fonts/PICOSans.ttf
09-07 19:49:24.163 14554 13229 I WiVRn   : [2026-09-07 19:49:24.163] [WiVRn] [info] Using font /system/fonts/Roboto-Regular.ttf
09-07 19:49:24.163 14554 13229 I WiVRn   : [2026-09-07 19:49:24.163] [WiVRn] [info] Using font /system/fonts/PICOSansVFJP.ttf
09-07 19:49:24.182 14554 13229 I WiVRn   : [2026-09-07 19:49:24.182] [WiVRn] [info] Using font /system/fonts/NotoSansGeorgian-Regular.otf
09-07 19:49:24.182 14554 13229 I WiVRn   : [2026-09-07 19:49:24.182] [WiVRn] [info] Using font /system/fonts/PICOSansSC-Regular.ttf
09-07 19:49:24.191 14554 13229 I WiVRn   : [2026-09-07 19:49:24.191] [WiVRn] [info] Performance level: CPU domain asked for sustained_high
09-07 19:49:24.191 14554 13229 I WiVRn   : [2026-09-07 19:49:24.191] [WiVRn] [info] nxwarp: GPU performance level setting 2
09-07 19:49:24.191 14554 13229 I WiVRn   : [2026-09-07 19:49:24.191] [WiVRn] [info] Performance level: GPU domain asked for boost
09-07 19:49:24.216 14554 13229 I WiVRn   : [2026-09-07 19:49:24.216] [WiVRn] [info] swapchain setup, refresh rate 90
09-07 19:49:24.216 14554 13229 I WiVRn   : [2026-09-07 19:49:24.216] [WiVRn] [info] set refresh rate to 90Hz
09-07 19:49:24.241 14554 13229 I WiVRn   : [2026-09-07 19:49:24.241] [WiVRn] [info] Created stream swapchain: 1088x1088
09-07 19:49:24.241 14554 13229 I WiVRn   : [2026-09-07 19:49:24.241] [WiVRn] [info] Initializing reprojector
09-07 19:49:24.266 14554 13229 I WiVRn   : [2026-09-07 19:49:24.266] [WiVRn] [info] geometry[eye 0]: view_info fov L-53.34 R53.34 U53.34 D-53.34 | layer fov L-53.34 R53.34 U53.34 D-53.34 deg | layer rect 1088x1088 | defoveated 1088x1088 | scale 0.50
09-07 19:49:24.266 14554 13229 I WiVRn   : [2026-09-07 19:49:24.266] [WiVRn] [info] geometry[eye 1]: view_info fov L-53.34 R53.34 U53.34 D-53.34 | layer fov L-53.34 R53.34 U53.34 D-53.34 deg | layer rect 1088x1088 | defoveated 1088x1088 | scale 0.50
09-07 19:49:24.274 14554 13229 I WiVRn   : [2026-09-07 19:49:24.274] [WiVRn] [info] render: 1 iterations in 16.5 s (0.1/s), 1 submitted a layer, 1 new-source, 0 skipped by the repeat gate, 0 with nothing to show; display period 11.1 ms
09-07 19:49:24.274 14554 13229 I WiVRn   : [2026-09-07 19:49:24.274] [WiVRn] [info] render: this app's own GPU pass 0.0 ms per iteration
09-07 19:49:24.274 14554 13229 I WiVRn   : [2026-09-07 19:49:24.274] [WiVRn] [info] render: defoveate 1088x1088 per eye x2 = 2.37 Mpx/frame at scale 0.50 atlas-mode 0; 0 re-presented from the cache (reduce_gpu_load on)
09-07 19:49:24.274 14554 13229 I WiVRn   : [2026-09-07 19:49:24.274] [WiVRn] [info] render: shader path sharpness 0.00 fsr false alpha false motion false blend false glow 0.28 vignette 0.00 deband 1.00 lowpoly 0.00 levels 0 full-kernel false
09-07 19:49:24.274 14554 13229 I WiVRn   : [2026-09-07 19:49:24.274] [WiVRn] [info] render: per iteration fence 0.0 (worst 0.0) | queries 0.0 | submit 0.0 | whole render() 82.5 ms
09-07 19:49:24.274 14554 13229 I WiVRn   : [2026-09-07 19:49:24.274] [WiVRn] [info] render: jit on | wake slack 39.5 ms | slept 0.0 ms mean (max 0.0, 0 of 1 iterations) | budget 1.0 = pass 0.0 + margin 1.0 | sleep cap 45.0 ms
09-07 19:49:24.274 14554 13229 I WiVRn   : [2026-09-07 19:49:24.274] [WiVRn] [info] render: displayed pose age 133.7 ms mean (worst 133.7) over 1 frames | submit lead 0.0 ms mean (worst 0.0) | misses: 0 overrun 0 late 0 skipped refresh
09-07 19:49:24.274 14554 13229 I WiVRn   : [2026-09-07 19:49:24.274] [WiVRn] [info] Received event type XR_TYPE_EVENT_DATA_INTERACTION_PROFILE_CHANGED
09-07 19:49:24.274 14554 13229 I WiVRn   : [2026-09-07 19:49:24.274] [WiVRn] [info] interaction profile for /user/hand/left: /interaction_profiles/ext/hand_interaction_ext
09-07 19:49:24.274 14554 13229 I WiVRn   : [2026-09-07 19:49:24.274] [WiVRn] [info] interaction profile for /user/hand/right: /interaction_profiles/ext/hand_interaction_ext
09-07 19:49:24.274 14554 13229 I WiVRn   : [2026-09-07 19:49:24.274] [WiVRn] [info] interaction profile for /user/gamepad: XR_NULL_PATH
09-07 19:49:24.274 14554 13229 W WiVRn   : [2026-09-07 19:49:24.274] [WiVRn] [warning] unknown interaction profile XR_NULL_PATH
09-07 19:49:24.274 14554 13229 I WiVRn   : [2026-09-07 19:49:24.274] [WiVRn] [info] Received event type XR_TYPE_EVENT_DATA_INTERACTION_PROFILE_CHANGED
09-07 19:49:24.274 14554 13229 I WiVRn   : [2026-09-07 19:49:24.274] [WiVRn] [info] interaction profile for /user/hand/left: /interaction_profiles/ext/hand_interaction_ext
09-07 19:49:24.274 14554 13229 I WiVRn   : [2026-09-07 19:49:24.274] [WiVRn] [info] interaction profile for /user/hand/right: /interaction_profiles/ext/hand_interaction_ext
09-07 19:49:24.274 14554 13229 I WiVRn   : [2026-09-07 19:49:24.274] [WiVRn] [info] interaction profile for /user/gamepad: XR_NULL_PATH
09-07 19:49:24.274 14554 13229 W WiVRn   : [2026-09-07 19:49:24.274] [WiVRn] [warning] unknown interaction profile XR_NULL_PATH
09-07 19:49:24.274 14554 13229 I WiVRn   : [2026-09-07 19:49:24.274] [WiVRn] [info] Received event type XR_TYPE_EVENT_DATA_INTERACTION_PROFILE_CHANGED
09-07 19:49:24.274 14554 13229 I WiVRn   : [2026-09-07 19:49:24.274] [WiVRn] [info] interaction profile for /user/hand/left: /interaction_profiles/ext/hand_interaction_ext
09-07 19:49:24.274 14554 13229 I WiVRn   : [2026-09-07 19:49:24.274] [WiVRn] [info] interaction profile for /user/hand/right: /interaction_profiles/ext/hand_interaction_ext
09-07 19:49:24.274 14554 13229 I WiVRn   : [2026-09-07 19:49:24.274] [WiVRn] [info] interaction profile for /user/gamepad: XR_NULL_PATH
09-07 19:49:24.274 14554 13229 W WiVRn   : [2026-09-07 19:49:24.274] [WiVRn] [warning] unknown interaction profile XR_NULL_PATH
09-07 19:49:24.274 14554 13229 I WiVRn   : [2026-09-07 19:49:24.274] [WiVRn] [info] Received event type Unknown
09-07 19:49:25.075 14554 13459 I WiVRn   : [2026-09-07 19:49:25.075] [WiVRn] [info] Tracking pattern (11111µs):
09-07 19:49:25.075 14554 13459 I WiVRn   : [2026-09-07 19:49:25.075] [WiVRn] [info] 	t+3465µs HEAD (7646µs)
09-07 19:49:25.075 14554 13459 I WiVRn   : [2026-09-07 19:49:25.075] [WiVRn] [info] 	t+3532µs LEFT_GRIP (7578µs)
09-07 19:49:25.075 14554 13459 I WiVRn   : [2026-09-07 19:49:25.075] [WiVRn] [info] 	t+3543µs RIGHT_GRIP (7568µs)
09-07 19:49:25.075 14554 13459 I WiVRn   : [2026-09-07 19:49:25.075] [WiVRn] [info] 	t+6465µs HEAD (4646µs)
09-07 19:49:25.075 14554 13459 I WiVRn   : [2026-09-07 19:49:25.075] [WiVRn] [info] 	t+6532µs LEFT_GRIP (4578µs)
09-07 19:49:25.075 14554 13459 I WiVRn   : [2026-09-07 19:49:25.075] [WiVRn] [info] 	t+6543µs RIGHT_GRIP (4568µs)
09-07 19:49:25.237 14554 13455 I WiVRn   : [2026-09-07 19:49:25.237] [WiVRn] [info] nxwarp[0] net: 113 frames closed in 2.0 s, 0 with a hole, 0 out-of-order datagrams, 0 frames completed late, 0 queued for the worker, 47 decoded so far, 119 stragglers dropped; last hole 0/0 chunks, first missing -1, short false, chunk 1166 B
09-07 19:49:25.237 14554 13455 I WiVRn   : [2026-09-07 19:49:25.237] [WiVRn] [info] nxwarp[0] net: 0.029 ms per datagram over 7041 datagrams (103.05 ms of every second)
09-07 19:49:25.237 14554 13455 I WiVRn   : [2026-09-07 19:49:25.237] [WiVRn] [info] nxwarp[0] sel: stride 1, arrival 22.3 ms, dropped-late 66, withheld 2, decoded 47
09-07 19:49:25.237 14554 13455 I WiVRn   : [2026-09-07 19:49:25.237] [WiVRn] [info] nxwarp[0] rx: 7060 datagrams, placed 52690 (+52112), late 351 (+351), stale_frame 0, bad_range 0, bad_dir 0, bad_caps 0, bad_ver 0, auth_fail 0, replay 0, frozen 0, dup 0
09-07 19:49:26.075 14554 13459 I WiVRn   : [2026-09-07 19:49:26.075] [WiVRn] [info] Tracking pattern (11120µs):
09-07 19:49:26.075 14554 13459 I WiVRn   : [2026-09-07 19:49:26.075] [WiVRn] [info] 	t+4360µs HEAD (6759µs)
09-07 19:49:26.075 14554 13459 I WiVRn   : [2026-09-07 19:49:26.075] [WiVRn] [info] 	t+4407µs LEFT_GRIP (6712µs)
09-07 19:49:26.075 14554 13459 I WiVRn   : [2026-09-07 19:49:26.075] [WiVRn] [info] 	t+4420µs RIGHT_GRIP (6699µs)
09-07 19:49:26.075 14554 13459 I WiVRn   : [2026-09-07 19:49:26.075] [WiVRn] [info] 	t+7360µs HEAD (3759µs)
09-07 19:49:26.075 14554 13459 I WiVRn   : [2026-09-07 19:49:26.075] [WiVRn] [info] 	t+7407µs LEFT_GRIP (3712µs)
09-07 19:49:26.075 14554 13459 I WiVRn   : [2026-09-07 19:49:26.075] [WiVRn] [info] 	t+7420µs RIGHT_GRIP (3699µs)
09-07 19:49:26.078 14554 13457 I WiVRn   : [2026-09-07 19:49:26.078] [WiVRn] [info] nxwarp[0]: 84 frames in 2.0 s: 31586 B/frame, wait-prev 0.0 ms, wall 12.9 ms, nxvc passA 3.1 passB 7.6 gpu 10.7 ms; holes 0, refused 0
09-07 19:49:26.078 14554 13457 I WiVRn   : [2026-09-07 19:49:26.078] [WiVRn] [info] nxwarp[0] gpu duty 450 ms/s (45% of one GPU) for decode alone; the display pass is extra
09-07 19:49:26.078 14554 13457 I WiVRn   : [2026-09-07 19:49:26.078] [WiVRn] [info] nxwarp[0] passB 7.6 ms = warp 0.0 + skip 0.0 + coded 4.9 + dir 0.0 + other 2.7; tiles skip 0 / coded 317 / dir 0 (eye pass 0)
09-07 19:49:26.078 14554 13457 I WiVRn   : [2026-09-07 19:49:26.078] [WiVRn] [info] nxwarp[0]: 66 frames dropped late (queue kept to 1)
09-07 19:49:26.078 14554 13457 I WiVRn   : [2026-09-07 19:49:26.078] [WiVRn] [info] nxwarp[0] stage: gap 11.0 | wait-prev 0.0 | submit 1.3 (qlock 0.0 + codec 1.3) | get_free 0.0 | fence-pre 0.0 | record 0.0 | qsubmit 0.0 | fence-post 11.5 | publish 0.0 ms; withheld 2, stride 1, arrival 22.9 ms
09-07 19:49:26.078 14554 13457 I WiVRn   : [2026-09-07 19:49:26.078] [WiVRn] [info] nxwarp[0] reassembly (network thread): 0.03 ms/frame over 90 frames, buffer 31 kB held for 31 kB of unit (1.0x)
09-07 19:49:26.078 14554 13457 I WiVRn   : [2026-09-07 19:49:26.078] [WiVRn] [info] nxwarp[0] fence-post 11.5 ms = nxvc gpu 10.7 + copy gpu 0.41 + queue 0.4 (over 84 frames with timestamps)
09-07 19:49:26.078 14554 13457 I WiVRn   : [2026-09-07 19:49:26.078] [WiVRn] [info] nxwarp[0] atlas: frames 84, atlas 84, picture 0, avg dispatches 6.9, avg assembled 0.0, avg valid 578.0
09-07 19:49:26.197 14554 13229 I WiVRn   : [2026-09-07 19:49:26.197] [WiVRn] [info] render: 161 iterations in 2.0 s (80.3/s), 161 submitted a layer, 76 new-source, 0 skipped by the repeat gate, 0 with nothing to show; display period 12.4 ms
09-07 19:49:26.197 14554 13229 I WiVRn   : [2026-09-07 19:49:26.197] [WiVRn] [info] render: this app's own GPU pass 1.2 ms per iteration
09-07 19:49:26.197 14554 13229 I WiVRn   : [2026-09-07 19:49:26.197] [WiVRn] [info] render: defoveate 1088x1088 per eye x2 = 2.37 Mpx/frame at scale 0.50 atlas-mode 0; 85 re-presented from the cache (reduce_gpu_load on)
09-07 19:49:26.197 14554 13229 I WiVRn   : [2026-09-07 19:49:26.197] [WiVRn] [info] render: shader path sharpness 0.00 fsr false alpha false motion false blend false glow 0.28 vignette 0.00 deband 1.00 lowpoly 0.00 levels 0 full-kernel false
09-07 19:49:26.197 14554 13229 I WiVRn   : [2026-09-07 19:49:26.197] [WiVRn] [info] render: per iteration fence 0.3 (worst 10.2) | queries 0.0 | submit 0.0 | whole render() 1.0 ms
09-07 19:49:26.197 14554 13229 I WiVRn   : [2026-09-07 19:49:26.197] [WiVRn] [info] render: jit on | wake slack 40.6 ms | slept 2.8 ms mean (max 17.0, 71 of 161 iterations) | budget 24.8 = pass 23.8 + margin 1.0 | sleep cap 0.5 ms
09-07 19:49:26.197 14554 13229 I WiVRn   : [2026-09-07 19:49:26.197] [WiVRn] [info] render: displayed pose age 67.9 ms mean (worst 211.5) over 161 frames | submit lead 36.2 ms mean (worst -43.1) | misses: 0 overrun 0 late 4 skipped refresh
09-07 19:49:27.075 14554 13459 I WiVRn   : [2026-09-07 19:49:27.075] [WiVRn] [info] Tracking pattern (11110µs):
09-07 19:49:27.075 14554 13459 I WiVRn   : [2026-09-07 19:49:27.075] [WiVRn] [info] 	t+4142µs HEAD (6968µs)
09-07 19:49:27.075 14554 13459 I WiVRn   : [2026-09-07 19:49:27.075] [WiVRn] [info] 	t+4471µs LEFT_GRIP (6638µs)
09-07 19:49:27.075 14554 13459 I WiVRn   : [2026-09-07 19:49:27.075] [WiVRn] [info] 	t+4507µs RIGHT_GRIP (6603µs)
09-07 19:49:27.075 14554 13459 I WiVRn   : [2026-09-07 19:49:27.075] [WiVRn] [info] 	t+7142µs HEAD (3968µs)
09-07 19:49:27.075 14554 13459 I WiVRn   : [2026-09-07 19:49:27.075] [WiVRn] [info] 	t+7471µs LEFT_GRIP (3638µs)
09-07 19:49:27.075 14554 13459 I WiVRn   : [2026-09-07 19:49:27.075] [WiVRn] [info] 	t+7507µs RIGHT_GRIP (3603µs)
09-07 19:49:27.260 14554 13455 I WiVRn   : [2026-09-07 19:49:27.260] [WiVRn] [info] nxwarp[0] net: 91 frames closed in 2.0 s, 0 with a hole, 0 out-of-order datagrams, 0 frames completed late, 0 queued for the worker, 138 decoded so far, 222 stragglers dropped; last hole 0/0 chunks, first missing -1, short false, chunk 1166 B
09-07 19:49:27.260 14554 13455 I WiVRn   : [2026-09-07 19:49:27.260] [WiVRn] [info] nxwarp[0] net: 0.018 ms per datagram over 8417 datagrams (76.21 ms of every second)
09-07 19:49:27.260 14554 13455 I WiVRn   : [2026-09-07 19:49:27.260] [WiVRn] [info] nxwarp[0] sel: stride 1, arrival 21.9 ms, dropped-late 66, withheld 2, decoded 138
09-07 19:49:27.260 14554 13455 I WiVRn   : [2026-09-07 19:49:27.260] [WiVRn] [info] nxwarp[0] rx: 15477 datagrams, placed 79216 (+26526), late 351 (+0), stale_frame 0, bad_range 0, bad_dir 0, bad_caps 0, bad_ver 0, auth_fail 0, replay 0, frozen 0, dup 0
09-07 19:49:28.075 14554 13459 I WiVRn   : [2026-09-07 19:49:28.075] [WiVRn] [info] Tracking pattern (11111µs):
09-07 19:49:28.075 14554 13459 I WiVRn   : [2026-09-07 19:49:28.075] [WiVRn] [info] 	t+4488µs HEAD (6622µs)
09-07 19:49:28.075 14554 13459 I WiVRn   : [2026-09-07 19:49:28.075] [WiVRn] [info] 	t+4899µs LEFT_GRIP (6211µs)
09-07 19:49:28.075 14554 13459 I WiVRn   : [2026-09-07 19:49:28.075] [WiVRn] [info] 	t+5168µs RIGHT_GRIP (5943µs)
09-07 19:49:28.075 14554 13459 I WiVRn   : [2026-09-07 19:49:28.075] [WiVRn] [info] 	t+7488µs HEAD (3622µs)
09-07 19:49:28.075 14554 13459 I WiVRn   : [2026-09-07 19:49:28.075] [WiVRn] [info] 	t+7899µs LEFT_GRIP (3211µs)
09-07 19:49:28.075 14554 13459 I WiVRn   : [2026-09-07 19:49:28.075] [WiVRn] [info] 	t+8168µs RIGHT_GRIP (2943µs)
09-07 19:49:28.091 14554 13457 I WiVRn   : [2026-09-07 19:49:28.091] [WiVRn] [info] nxwarp[0]: 91 frames in 2.0 s: 28835 B/frame, wait-prev 0.0 ms, wall 10.0 ms, nxvc passA 2.6 passB 6.4 gpu 9.0 ms; holes 0, refused 0
09-07 19:49:28.091 14554 13457 I WiVRn   : [2026-09-07 19:49:28.091] [WiVRn] [info] nxwarp[0] gpu duty 405 ms/s (41% of one GPU) for decode alone; the display pass is extra
09-07 19:49:28.091 14554 13457 I WiVRn   : [2026-09-07 19:49:28.091] [WiVRn] [info] nxwarp[0] passB 6.4 ms = warp 0.0 + skip 0.0 + coded 5.5 + dir 0.0 + other 0.9; tiles skip 0 / coded 289 / dir 0 (eye pass 0)
09-07 19:49:28.091 14554 13457 I WiVRn   : [2026-09-07 19:49:28.091] [WiVRn] [info] nxwarp[0]: 66 frames dropped late (queue kept to 1)
09-07 19:49:28.091 14554 13457 I WiVRn   : [2026-09-07 19:49:28.091] [WiVRn] [info] nxwarp[0] stage: gap 12.1 | wait-prev 0.0 | submit 0.3 (qlock 0.0 + codec 0.3) | get_free 0.0 | fence-pre 0.0 | record 0.0 | qsubmit 0.0 | fence-post 9.6 | publish 0.0 ms; withheld 0, stride 1, arrival 22.3 ms
09-07 19:49:28.091 14554 13457 I WiVRn   : [2026-09-07 19:49:28.091] [WiVRn] [info] nxwarp[0] reassembly (network thread): 0.04 ms/frame over 91 frames, buffer 28 kB held for 28 kB of unit (1.0x)
09-07 19:49:28.091 14554 13457 I WiVRn   : [2026-09-07 19:49:28.091] [WiVRn] [info] nxwarp[0] fence-post 9.7 ms = nxvc gpu 9.0 + copy gpu 0.34 + queue 0.3 (over 91 frames with timestamps)
09-07 19:49:28.091 14554 13457 I WiVRn   : [2026-09-07 19:49:28.091] [WiVRn] [info] nxwarp[0] atlas: frames 91, atlas 91, picture 0, avg dispatches 7.0, avg assembled 0.0, avg valid 578.0
09-07 19:49:28.202 14554 13229 I WiVRn   : [2026-09-07 19:49:28.202] [WiVRn] [info] render: 180 iterations in 2.0 s (89.8/s), 180 submitted a layer, 90 new-source, 0 skipped by the repeat gate, 0 with nothing to show; display period 11.1 ms
09-07 19:49:28.202 14554 13229 I WiVRn   : [2026-09-07 19:49:28.202] [WiVRn] [info] render: this app's own GPU pass 1.2 ms per iteration
09-07 19:49:28.202 14554 13229 I WiVRn   : [2026-09-07 19:49:28.202] [WiVRn] [info] render: defoveate 1088x1088 per eye x2 = 2.37 Mpx/frame at scale 0.50 atlas-mode 0; 90 re-presented from the cache (reduce_gpu_load on)
09-07 19:49:28.202 14554 13229 I WiVRn   : [2026-09-07 19:49:28.202] [WiVRn] [info] render: shader path sharpness 0.00 fsr false alpha false motion false blend false glow 0.28 vignette 0.00 deband 1.00 lowpoly 0.00 levels 0 full-kernel false
09-07 19:49:28.202 14554 13229 I WiVRn   : [2026-09-07 19:49:28.202] [WiVRn] [info] render: per iteration fence 0.0 (worst 2.7) | queries 0.0 | submit 0.0 | whole render() 0.6 ms
09-07 19:49:28.202 14554 13229 I WiVRn   : [2026-09-07 19:49:28.202] [WiVRn] [info] render: jit on | wake slack 32.0 ms | slept 0.5 ms mean (max 0.5, 180 of 180 iterations) | budget 21.5 = pass 20.5 + margin 1.0 | sleep cap 0.5 ms
09-07 19:49:28.202 14554 13229 I WiVRn   : [2026-09-07 19:49:28.202] [WiVRn] [info] render: displayed pose age 59.4 ms mean (worst 78.2) over 180 frames | submit lead 30.9 ms mean (worst 28.4) | misses: 0 overrun 0 late 0 skipped refresh
09-07 19:49:29.075 14554 13459 I WiVRn   : [2026-09-07 19:49:29.075] [WiVRn] [info] Tracking pattern (11111µs):
09-07 19:49:29.075 14554 13459 I WiVRn   : [2026-09-07 19:49:29.075] [WiVRn] [info] 	t+4252µs HEAD (6858µs)
09-07 19:49:29.075 14554 13459 I WiVRn   : [2026-09-07 19:49:29.075] [WiVRn] [info] 	t+4325µs LEFT_GRIP (6785µs)
09-07 19:49:29.075 14554 13459 I WiVRn   : [2026-09-07 19:49:29.075] [WiVRn] [info] 	t+4473µs RIGHT_GRIP (6637µs)
09-07 19:49:29.075 14554 13459 I WiVRn   : [2026-09-07 19:49:29.075] [WiVRn] [info] 	t+7252µs HEAD (3858µs)
09-07 19:49:29.075 14554 13459 I WiVRn   : [2026-09-07 19:49:29.075] [WiVRn] [info] 	t+7325µs LEFT_GRIP (3785µs)
09-07 19:49:29.075 14554 13459 I WiVRn   : [2026-09-07 19:49:29.075] [WiVRn] [info] 	t+7473µs RIGHT_GRIP (3637µs)
09-07 19:49:29.282 14554 13455 I WiVRn   : [2026-09-07 19:49:29.282] [WiVRn] [info] nxwarp[0] net: 91 frames closed in 2.0 s, 0 with a hole, 0 out-of-order datagrams, 0 frames completed late, 0 queued for the worker, 229 decoded so far, 322 stragglers dropped; last hole 0/0 chunks, first missing -1, short false, chunk 1166 B
09-07 19:49:29.282 14554 13455 I WiVRn   : [2026-09-07 19:49:29.282] [WiVRn] [info] nxwarp[0] net: 0.015 ms per datagram over 10856 datagrams (79.75 ms of every second)
09-07 19:49:29.282 14554 13455 I WiVRn   : [2026-09-07 19:49:29.282] [WiVRn] [info] nxwarp[0] sel: stride 1, arrival 22.3 ms, dropped-late 66, withheld 2, decoded 229
09-07 19:49:29.282 14554 13455 I WiVRn   : [2026-09-07 19:49:29.282] [WiVRn] [info] nxwarp[0] rx: 26333 datagrams, placed 105517 (+26301), late 351 (+0), stale_frame 0, bad_range 0, bad_dir 0, bad_caps 0, bad_ver 0, auth_fail 0, replay 0, frozen 0, dup 0
09-07 19:49:30.075 14554 13459 I WiVRn   : [2026-09-07 19:49:30.075] [WiVRn] [info] Tracking pattern (11110µs):
09-07 19:49:30.075 14554 13459 I WiVRn   : [2026-09-07 19:49:30.075] [WiVRn] [info] 	t+4177µs HEAD (6933µs)
09-07 19:49:30.075 14554 13459 I WiVRn   : [2026-09-07 19:49:30.075] [WiVRn] [info] 	t+4286µs LEFT_GRIP (6824µs)
09-07 19:49:30.075 14554 13459 I WiVRn   : [2026-09-07 19:49:30.075] [WiVRn] [info] 	t+4308µs RIGHT_GRIP (6802µs)
09-07 19:49:30.075 14554 13459 I WiVRn   : [2026-09-07 19:49:30.075] [WiVRn] [info] 	t+7177µs HEAD (3933µs)
09-07 19:49:30.075 14554 13459 I WiVRn   : [2026-09-07 19:49:30.075] [WiVRn] [info] 	t+7286µs LEFT_GRIP (3824µs)
09-07 19:49:30.075 14554 13459 I WiVRn   : [2026-09-07 19:49:30.075] [WiVRn] [info] 	t+7308µs RIGHT_GRIP (3802µs)
09-07 19:49:30.092 14554 13457 I WiVRn   : [2026-09-07 19:49:30.092] [WiVRn] [info] nxwarp[0]: 90 frames in 2.0 s: 28629 B/frame, wait-prev 0.0 ms, wall 10.1 ms, nxvc passA 2.4 passB 6.2 gpu 8.5 ms; holes 0, refused 0
09-07 19:49:30.092 14554 13457 I WiVRn   : [2026-09-07 19:49:30.092] [WiVRn] [info] nxwarp[0] gpu duty 383 ms/s (38% of one GPU) for decode alone; the display pass is extra
09-07 19:49:30.092 14554 13457 I WiVRn   : [2026-09-07 19:49:30.092] [WiVRn] [info] nxwarp[0] passB 6.2 ms = warp 0.0 + skip 0.0 + coded 5.4 + dir 0.0 + other 0.8; tiles skip 0 / coded 289 / dir 0 (eye pass 0)
09-07 19:49:30.092 14554 13457 I WiVRn   : [2026-09-07 19:49:30.092] [WiVRn] [info] nxwarp[0]: 66 frames dropped late (queue kept to 1)
09-07 19:49:30.092 14554 13457 I WiVRn   : [2026-09-07 19:49:30.092] [WiVRn] [info] nxwarp[0] stage: gap 12.1 | wait-prev 0.0 | submit 0.3 (qlock 0.0 + codec 0.3) | get_free 0.0 | fence-pre 0.0 | record 0.0 | qsubmit 0.0 | fence-post 9.7 | publish 0.0 ms; withheld 0, stride 1, arrival 22.5 ms
09-07 19:49:30.092 14554 13457 I WiVRn   : [2026-09-07 19:49:30.092] [WiVRn] [info] nxwarp[0] reassembly (network thread): 0.03 ms/frame over 90 frames, buffer 28 kB held for 28 kB of unit (1.0x)
09-07 19:49:30.092 14554 13457 I WiVRn   : [2026-09-07 19:49:30.092] [WiVRn] [info] nxwarp[0] fence-post 9.7 ms = nxvc gpu 8.5 + copy gpu 0.30 + queue 0.9 (over 90 frames with timestamps)
09-07 19:49:30.092 14554 13457 I WiVRn   : [2026-09-07 19:49:30.092] [WiVRn] [info] nxwarp[0] atlas: frames 90, atlas 90, picture 0, avg dispatches 7.0, avg assembled 0.0, avg valid 578.0
09-07 19:49:30.203 14554 13229 I WiVRn   : [2026-09-07 19:49:30.203] [WiVRn] [info] render: 179 iterations in 2.0 s (89.5/s), 179 submitted a layer, 90 new-source, 0 skipped by the repeat gate, 0 with nothing to show; display period 11.2 ms
09-07 19:49:30.203 14554 13229 I WiVRn   : [2026-09-07 19:49:30.203] [WiVRn] [info] render: this app's own GPU pass 1.3 ms per iteration
09-07 19:49:30.203 14554 13229 I WiVRn   : [2026-09-07 19:49:30.203] [WiVRn] [info] render: defoveate 1088x1088 per eye x2 = 2.37 Mpx/frame at scale 0.50 atlas-mode 0; 89 re-presented from the cache (reduce_gpu_load on)
09-07 19:49:30.203 14554 13229 I WiVRn   : [2026-09-07 19:49:30.203] [WiVRn] [info] render: shader path sharpness 0.00 fsr false alpha false motion false blend false glow 0.28 vignette 0.00 deband 1.00 lowpoly 0.00 levels 0 full-kernel false
09-07 19:49:30.203 14554 13229 I WiVRn   : [2026-09-07 19:49:30.203] [WiVRn] [info] render: per iteration fence 0.1 (worst 8.5) | queries 0.0 | submit 0.0 | whole render() 0.5 ms
09-07 19:49:30.203 14554 13229 I WiVRn   : [2026-09-07 19:49:30.203] [WiVRn] [info] render: jit on | wake slack 30.3 ms | slept 1.2 ms mean (max 11.7, 179 of 179 iterations) | budget 19.7 = pass 18.7 + margin 1.0 | sleep cap 0.6 ms
09-07 19:49:30.203 14554 13229 I WiVRn   : [2026-09-07 19:49:30.203] [WiVRn] [info] render: displayed pose age 60.6 ms mean (worst 67.1) over 179 frames | submit lead 28.6 ms mean (worst 20.3) | misses: 0 overrun 0 late 1 skipped refresh
09-07 19:49:31.075 14554 13459 I WiVRn   : [2026-09-07 19:49:31.075] [WiVRn] [info] Tracking pattern (11112µs):
09-07 19:49:31.075 14554 13459 I WiVRn   : [2026-09-07 19:49:31.075] [WiVRn] [info] 	t+3909µs HEAD (7202µs)
09-07 19:49:31.075 14554 13459 I WiVRn   : [2026-09-07 19:49:31.075] [WiVRn] [info] 	t+3992µs LEFT_GRIP (7119µs)
09-07 19:49:31.075 14554 13459 I WiVRn   : [2026-09-07 19:49:31.075] [WiVRn] [info] 	t+4010µs RIGHT_GRIP (7101µs)
09-07 19:49:31.075 14554 13459 I WiVRn   : [2026-09-07 19:49:31.075] [WiVRn] [info] 	t+6909µs HEAD (4202µs)
09-07 19:49:31.075 14554 13459 I WiVRn   : [2026-09-07 19:49:31.075] [WiVRn] [info] 	t+6992µs LEFT_GRIP (4119µs)
09-07 19:49:31.075 14554 13459 I WiVRn   : [2026-09-07 19:49:31.075] [WiVRn] [info] 	t+7010µs RIGHT_GRIP (4101µs)
09-07 19:49:31.304 14554 13455 I WiVRn   : [2026-09-07 19:49:31.304] [WiVRn] [info] nxwarp[0] net: 91 frames closed in 2.0 s, 0 with a hole, 0 out-of-order datagrams, 0 frames completed late, 0 queued for the worker, 320 decoded so far, 413 stragglers dropped; last hole 0/0 chunks, first missing -1, short false, chunk 1166 B
09-07 19:49:31.304 14554 13455 I WiVRn   : [2026-09-07 19:49:31.304] [WiVRn] [info] nxwarp[0] net: 0.015 ms per datagram over 10556 datagrams (79.22 ms of every second)
09-07 19:49:31.304 14554 13455 I WiVRn   : [2026-09-07 19:49:31.304] [WiVRn] [info] nxwarp[0] sel: stride 1, arrival 22.1 ms, dropped-late 66, withheld 2, decoded 320
09-07 19:49:31.304 14554 13455 I WiVRn   : [2026-09-07 19:49:31.304] [WiVRn] [info] nxwarp[0] rx: 36889 datagrams, placed 131814 (+26297), late 351 (+0), stale_frame 0, bad_range 0, bad_dir 0, bad_caps 0, bad_ver 0, auth_fail 0, replay 0, frozen 0, dup 0
09-07 19:49:32.075 14554 13459 I WiVRn   : [2026-09-07 19:49:32.075] [WiVRn] [info] Tracking pattern (11112µs):
09-07 19:49:32.075 14554 13459 I WiVRn   : [2026-09-07 19:49:32.075] [WiVRn] [info] 	t+4647µs HEAD (6464µs)
09-07 19:49:32.075 14554 13459 I WiVRn   : [2026-09-07 19:49:32.075] [WiVRn] [info] 	t+4708µs LEFT_GRIP (6403µs)
09-07 19:49:32.075 14554 13459 I WiVRn   : [2026-09-07 19:49:32.075] [WiVRn] [info] 	t+4726µs RIGHT_GRIP (6385µs)
09-07 19:49:32.075 14554 13459 I WiVRn   : [2026-09-07 19:49:32.075] [WiVRn] [info] 	t+7647µs HEAD (3464µs)
09-07 19:49:32.075 14554 13459 I WiVRn   : [2026-09-07 19:49:32.075] [WiVRn] [info] 	t+7708µs LEFT_GRIP (3403µs)
09-07 19:49:32.075 14554 13459 I WiVRn   : [2026-09-07 19:49:32.075] [WiVRn] [info] 	t+7726µs RIGHT_GRIP (3385µs)
09-07 19:49:32.093 14554 13457 I WiVRn   : [2026-09-07 19:49:32.093] [WiVRn] [info] nxwarp[0]: 90 frames in 2.0 s: 28612 B/frame, wait-prev 0.0 ms, wall 10.4 ms, nxvc passA 2.4 passB 6.2 gpu 8.6 ms; holes 0, refused 0
09-07 19:49:32.093 14554 13457 I WiVRn   : [2026-09-07 19:49:32.093] [WiVRn] [info] nxwarp[0] gpu duty 385 ms/s (38% of one GPU) for decode alone; the display pass is extra
09-07 19:49:32.093 14554 13457 I WiVRn   : [2026-09-07 19:49:32.093] [WiVRn] [info] nxwarp[0] passB 6.2 ms = warp 0.0 + skip 0.0 + coded 5.3 + dir 0.0 + other 0.8; tiles skip 0 / coded 289 / dir 0 (eye pass 0)
09-07 19:49:32.093 14554 13457 I WiVRn   : [2026-09-07 19:49:32.093] [WiVRn] [info] nxwarp[0]: 66 frames dropped late (queue kept to 1)
09-07 19:49:32.093 14554 13457 I WiVRn   : [2026-09-07 19:49:32.093] [WiVRn] [info] nxwarp[0] stage: gap 11.8 | wait-prev 0.0 | submit 0.3 (qlock 0.0 + codec 0.3) | get_free 0.0 | fence-pre 0.0 | record 0.0 | qsubmit 0.0 | fence-post 10.1 | publish 0.0 ms; withheld 0, stride 1, arrival 22.4 ms
09-07 19:49:32.093 14554 13457 I WiVRn   : [2026-09-07 19:49:32.093] [WiVRn] [info] nxwarp[0] reassembly (network thread): 0.03 ms/frame over 90 frames, buffer 28 kB held for 28 kB of unit (1.0x)
09-07 19:49:32.093 14554 13457 I WiVRn   : [2026-09-07 19:49:32.093] [WiVRn] [info] nxwarp[0] fence-post 10.1 ms = nxvc gpu 8.6 + copy gpu 0.46 + queue 1.1 (over 90 frames with timestamps)
09-07 19:49:32.093 14554 13457 I WiVRn   : [2026-09-07 19:49:32.093] [WiVRn] [info] nxwarp[0] atlas: frames 90, atlas 90, picture 0, avg dispatches 7.0, avg assembled 0.0, avg valid 578.0
09-07 19:49:32.203 14554 13229 I WiVRn   : [2026-09-07 19:49:32.203] [WiVRn] [info] render: 179 iterations in 2.0 s (89.5/s), 179 submitted a layer, 90 new-source, 0 skipped by the repeat gate, 0 with nothing to show; display period 11.2 ms
09-07 19:49:32.203 14554 13229 I WiVRn   : [2026-09-07 19:49:32.203] [WiVRn] [info] render: this app's own GPU pass 1.3 ms per iteration
09-07 19:49:32.203 14554 13229 I WiVRn   : [2026-09-07 19:49:32.203] [WiVRn] [info] render: defoveate 1088x1088 per eye x2 = 2.37 Mpx/frame at scale 0.50 atlas-mode 0; 89 re-presented from the cache (reduce_gpu_load on)
09-07 19:49:32.203 14554 13229 I WiVRn   : [2026-09-07 19:49:32.203] [WiVRn] [info] render: shader path sharpness 0.00 fsr false alpha false motion false blend false glow 0.28 vignette 0.00 deband 1.00 lowpoly 0.00 levels 0 full-kernel false
09-07 19:49:32.203 14554 13229 I WiVRn   : [2026-09-07 19:49:32.203] [WiVRn] [info] render: per iteration fence 0.0 (worst 2.0) | queries 0.0 | submit 0.0 | whole render() 0.4 ms
09-07 19:49:32.203 14554 13229 I WiVRn   : [2026-09-07 19:49:32.203] [WiVRn] [info] render: jit on | wake slack 29.7 ms | slept 1.0 ms mean (max 11.7, 179 of 179 iterations) | budget 17.9 = pass 16.9 + margin 1.0 | sleep cap 0.6 ms
09-07 19:49:32.203 14554 13229 I WiVRn   : [2026-09-07 19:49:32.203] [WiVRn] [info] render: displayed pose age 60.8 ms mean (worst 67.2) over 179 frames | submit lead 28.2 ms mean (worst 17.7) | misses: 0 overrun 0 late 1 skipped refresh
09-07 19:49:33.075 14554 13459 I WiVRn   : [2026-09-07 19:49:33.075] [WiVRn] [info] Tracking pattern (11112µs):
09-07 19:49:33.075 14554 13459 I WiVRn   : [2026-09-07 19:49:33.075] [WiVRn] [info] 	t+4425µs HEAD (6686µs)
09-07 19:49:33.075 14554 13459 I WiVRn   : [2026-09-07 19:49:33.075] [WiVRn] [info] 	t+4555µs LEFT_GRIP (6556µs)
09-07 19:49:33.075 14554 13459 I WiVRn   : [2026-09-07 19:49:33.075] [WiVRn] [info] 	t+4575µs RIGHT_GRIP (6537µs)
09-07 19:49:33.075 14554 13459 I WiVRn   : [2026-09-07 19:49:33.075] [WiVRn] [info] 	t+7425µs HEAD (3686µs)
09-07 19:49:33.075 14554 13459 I WiVRn   : [2026-09-07 19:49:33.075] [WiVRn] [info] 	t+7555µs LEFT_GRIP (3556µs)
09-07 19:49:33.075 14554 13459 I WiVRn   : [2026-09-07 19:49:33.075] [WiVRn] [info] 	t+7575µs RIGHT_GRIP (3537µs)
09-07 19:49:33.326 14554 13455 I WiVRn   : [2026-09-07 19:49:33.326] [WiVRn] [info] nxwarp[0] net: 91 frames closed in 2.0 s, 0 with a hole, 0 out-of-order datagrams, 0 frames completed late, 0 queued for the worker, 411 decoded so far, 504 stragglers dropped; last hole 0/0 chunks, first missing -1, short false, chunk 1166 B
09-07 19:49:33.326 14554 13455 I WiVRn   : [2026-09-07 19:49:33.326] [WiVRn] [info] nxwarp[0] net: 0.015 ms per datagram over 10556 datagrams (79.27 ms of every second)
09-07 19:49:33.326 14554 13455 I WiVRn   : [2026-09-07 19:49:33.326] [WiVRn] [info] nxwarp[0] sel: stride 1, arrival 22.2 ms, dropped-late 66, withheld 2, decoded 411
09-07 19:49:33.326 14554 13455 I WiVRn   : [2026-09-07 19:49:33.326] [WiVRn] [info] nxwarp[0] rx: 47445 datagrams, placed 158115 (+26301), late 351 (+0), stale_frame 0, bad_range 0, bad_dir 0, bad_caps 0, bad_ver 0, auth_fail 0, replay 0, frozen 0, dup 0
09-07 19:49:33.670 14554 13229 I WiVRn   : [2026-09-07 19:49:33.670] [WiVRn] [info] Session state changed at timestamp 0: XR_SESSION_STATE_FOCUSED => XR_SESSION_STATE_VISIBLE
09-07 19:49:33.670 14554 13229 I WiVRn   : [2026-09-07 19:49:33.670] [WiVRn] [info] Session state changed at timestamp 0: XR_SESSION_STATE_VISIBLE => XR_SESSION_STATE_SYNCHRONIZED
09-07 19:49:33.670 14554 13229 I WiVRn   : [2026-09-07 19:49:33.670] [WiVRn] [info] Session state changed at timestamp 0: XR_SESSION_STATE_SYNCHRONIZED => XR_SESSION_STATE_STOPPING
09-07 19:49:33.672 14554 13229 I WiVRn   : [2026-09-07 19:49:33.672] [WiVRn] [info] Session state changed at timestamp 0: XR_SESSION_STATE_STOPPING => XR_SESSION_STATE_IDLE
09-07 19:49:34.098 14554 13459 I WiVRn   : [2026-09-07 19:49:34.098] [WiVRn] [info] Tracking pattern (11111µs):
09-07 19:49:34.098 14554 13459 I WiVRn   : [2026-09-07 19:49:34.098] [WiVRn] [info] 	t+31µs RIGHT_GRIP (33303µs)
09-07 19:49:34.098 14554 13459 I WiVRn   : [2026-09-07 19:49:34.098] [WiVRn] [info] 	t+2037µs HEAD (31296µs)
09-07 19:49:34.098 14554 13459 I WiVRn   : [2026-09-07 19:49:34.098] [WiVRn] [info] 	t+2990µs LEFT_GRIP (30344µs)
09-07 19:49:34.098 14554 13459 I WiVRn   : [2026-09-07 19:49:34.098] [WiVRn] [info] 	t+3031µs RIGHT_GRIP (30303µs)
09-07 19:49:34.098 14554 13459 I WiVRn   : [2026-09-07 19:49:34.098] [WiVRn] [info] 	t+5037µs HEAD (28296µs)
09-07 19:49:34.098 14554 13459 I WiVRn   : [2026-09-07 19:49:34.098] [WiVRn] [info] 	t+8037µs HEAD (25296µs)
09-07 19:49:34.098 14554 13459 I WiVRn   : [2026-09-07 19:49:34.098] [WiVRn] [info] 	t+11101µs LEFT_GRIP (33344µs)
09-07 19:49:34.099 14554 13457 I WiVRn   : [2026-09-07 19:49:34.099] [WiVRn] [info] nxwarp[0]: 90 frames in 2.0 s: 23903 B/frame, wait-prev 0.0 ms, wall 10.3 ms, nxvc passA 2.1 passB 6.0 gpu 8.2 ms; holes 0, refused 0
09-07 19:49:34.099 14554 13457 I WiVRn   : [2026-09-07 19:49:34.099] [WiVRn] [info] nxwarp[0] gpu duty 366 ms/s (37% of one GPU) for decode alone; the display pass is extra
09-07 19:49:34.099 14554 13457 I WiVRn   : [2026-09-07 19:49:34.099] [WiVRn] [info] nxwarp[0] passB 6.0 ms = warp 0.0 + skip 0.0 + coded 4.9 + dir 0.0 + other 1.1; tiles skip 0 / coded 292 / dir 0 (eye pass 0)
09-07 19:49:34.099 14554 13457 I WiVRn   : [2026-09-07 19:49:34.099] [WiVRn] [info] nxwarp[0]: 66 frames dropped late (queue kept to 1)
09-07 19:49:34.099 14554 13457 I WiVRn   : [2026-09-07 19:49:34.099] [WiVRn] [info] nxwarp[0] stage: gap 12.0 | wait-prev 0.0 | submit 0.4 (qlock 0.0 + codec 0.4) | get_free 0.0 | fence-pre 0.0 | record 0.0 | qsubmit 0.0 | fence-post 9.8 | publish 0.0 ms; withheld 0, stride 1, arrival 22.8 ms
09-07 19:49:34.099 14554 13457 I WiVRn   : [2026-09-07 19:49:34.099] [WiVRn] [info] nxwarp[0] reassembly (network thread): 0.03 ms/frame over 90 frames, buffer 23 kB held for 23 kB of unit (1.0x)
09-07 19:49:34.099 14554 13457 I WiVRn   : [2026-09-07 19:49:34.099] [WiVRn] [info] nxwarp[0] fence-post 9.8 ms = nxvc gpu 8.2 + copy gpu 0.40 + queue 1.2 (over 90 frames with timestamps)
09-07 19:49:34.099 14554 13457 I WiVRn   : [2026-09-07 19:49:34.099] [WiVRn] [info] nxwarp[0] atlas: frames 90, atlas 90, picture 0, avg dispatches 7.0, avg assembled 0.0, avg valid 578.0
09-07 19:49:35.113 14554 13459 I WiVRn   : [2026-09-07 19:49:35.113] [WiVRn] [info] Tracking pattern (11111µs):
09-07 19:49:35.113 14554 13459 I WiVRn   : [2026-09-07 19:49:35.113] [WiVRn] [info] 	t+4564µs HEAD (17658µs)
09-07 19:49:35.113 14554 13459 I WiVRn   : [2026-09-07 19:49:35.113] [WiVRn] [info] 	t+7564µs HEAD (14658µs)
09-07 19:49:35.332 14554 13455 I WiVRn   : [2026-09-07 19:49:35.332] [WiVRn] [info] nxwarp[0] net: 90 frames closed in 2.0 s, 0 with a hole, 0 out-of-order datagrams, 0 frames completed late, 0 queued for the worker, 501 decoded so far, 611 stragglers dropped; last hole 0/0 chunks, first missing -1, short false, chunk 1166 B
09-07 19:49:35.332 14554 13455 I WiVRn   : [2026-09-07 19:49:35.332] [WiVRn] [info] nxwarp[0] net: 0.038 ms per datagram over 6091 datagrams (116.00 ms of every second)
09-07 19:49:35.332 14554 13455 I WiVRn   : [2026-09-07 19:49:35.332] [WiVRn] [info] nxwarp[0] sel: stride 1, arrival 22.3 ms, dropped-late 66, withheld 2, decoded 501
09-07 19:49:35.332 14554 13455 I WiVRn   : [2026-09-07 19:49:35.332] [WiVRn] [info] nxwarp[0] rx: 53536 datagrams, placed 184412 (+26297), late 351 (+0), stale_frame 0, bad_range 0, bad_dir 0, bad_caps 0, bad_ver 0, auth_fail 0, replay 0, frozen 0, dup 0
09-07 19:49:35.891 14554 13229 I WiVRn   : [2026-09-07 19:49:35.891] [WiVRn] [info] Session state changed at timestamp 0: XR_SESSION_STATE_IDLE => XR_SESSION_STATE_READY
09-07 19:49:35.894 14554 13229 I WiVRn   : [2026-09-07 19:49:35.894] [WiVRn] [info] Received event type XR_TYPE_EVENT_DATA_USER_PRESENCE_CHANGED_EXT
09-07 19:49:35.899 14554 13229 I WiVRn   : [2026-09-07 19:49:35.899] [WiVRn] [info] Session state changed at timestamp 0: XR_SESSION_STATE_READY => XR_SESSION_STATE_SYNCHRONIZED
09-07 19:49:35.902 14554 13229 I WiVRn   : [2026-09-07 19:49:35.902] [WiVRn] [info] Session state changed at timestamp 0: XR_SESSION_STATE_SYNCHRONIZED => XR_SESSION_STATE_VISIBLE
09-07 19:49:35.903 14554 13229 I WiVRn   : [2026-09-07 19:49:35.903] [WiVRn] [info] Session state changed at timestamp 0: XR_SESSION_STATE_VISIBLE => XR_SESSION_STATE_FOCUSED
09-07 19:49:35.920 14554 13459 I WiVRn   : [2026-09-07 19:49:35.920] [WiVRn] [info] Tracking pattern (11106µs):
09-07 19:49:35.920 14554 13459 I WiVRn   : [2026-09-07 19:49:35.920] [WiVRn] [info] 	t+4553µs HEAD (17658µs)
09-07 19:49:35.920 14554 13459 I WiVRn   : [2026-09-07 19:49:35.920] [WiVRn] [info] 	t+7553µs HEAD (14658µs)
09-07 19:49:35.920 14554 13459 I WiVRn   : [2026-09-07 19:49:35.920] [WiVRn] [info] 	t+8458µs LEFT_GRIP (2647µs)
09-07 19:49:36.075 14554 13459 I WiVRn   : [2026-09-07 19:49:36.075] [WiVRn] [info] Tracking pattern (11106µs):
09-07 19:49:36.075 14554 13459 I WiVRn   : [2026-09-07 19:49:36.075] [WiVRn] [info] 	t+4105µs LEFT_GRIP (7000µs)
09-07 19:49:36.075 14554 13459 I WiVRn   : [2026-09-07 19:49:36.075] [WiVRn] [info] 	t+4114µs RIGHT_GRIP (6991µs)
09-07 19:49:36.075 14554 13459 I WiVRn   : [2026-09-07 19:49:36.075] [WiVRn] [info] 	t+5106µs HEAD (6000µs)
09-07 19:49:36.075 14554 13459 I WiVRn   : [2026-09-07 19:49:36.075] [WiVRn] [info] 	t+7105µs LEFT_GRIP (4000µs)
09-07 19:49:36.075 14554 13459 I WiVRn   : [2026-09-07 19:49:36.075] [WiVRn] [info] 	t+7114µs RIGHT_GRIP (3991µs)
09-07 19:49:36.075 14554 13459 I WiVRn   : [2026-09-07 19:49:36.075] [WiVRn] [info] 	t+8106µs HEAD (3000µs)
09-07 19:49:36.075 14554 13459 I WiVRn   : [2026-09-07 19:49:36.075] [WiVRn] [info] 	t+11106µs HEAD (0µs)
09-07 19:49:36.122 14554 13457 I WiVRn   : [2026-09-07 19:49:36.122] [WiVRn] [info] nxwarp[0]: 88 frames in 2.0 s: 6474 B/frame, wait-prev 0.0 ms, wall 6.4 ms, nxvc passA 1.2 passB 4.1 gpu 5.3 ms; holes 0, refused 0
09-07 19:49:36.122 14554 13457 I WiVRn   : [2026-09-07 19:49:36.122] [WiVRn] [info] nxwarp[0] gpu duty 231 ms/s (23% of one GPU) for decode alone; the display pass is extra
09-07 19:49:36.122 14554 13457 I WiVRn   : [2026-09-07 19:49:36.122] [WiVRn] [info] nxwarp[0] passB 4.1 ms = warp 0.0 + skip 0.0 + coded 3.2 + dir 0.0 + other 0.9; tiles skip 0 / coded 288 / dir 0 (eye pass 0)
09-07 19:49:36.122 14554 13457 I WiVRn   : [2026-09-07 19:49:36.122] [WiVRn] [info] nxwarp[0]: 69 frames dropped late (queue kept to 1)
09-07 19:49:36.122 14554 13457 I WiVRn   : [2026-09-07 19:49:36.122] [WiVRn] [info] nxwarp[0] stage: gap 16.6 | wait-prev 0.0 | submit 0.8 (qlock 0.0 + codec 0.8) | get_free 0.0 | fence-pre 0.0 | record 0.1 | qsubmit 0.1 | fence-post 5.5 | publish 0.0 ms; withheld 2, stride 1, arrival 19.5 ms
09-07 19:49:36.122 14554 13457 I WiVRn   : [2026-09-07 19:49:36.122] [WiVRn] [info] nxwarp[0] reassembly (network thread): 0.05 ms/frame over 91 frames, buffer 6 kB held for 6 kB of unit (1.0x)
09-07 19:49:36.122 14554 13457 I WiVRn   : [2026-09-07 19:49:36.122] [WiVRn] [info] nxwarp[0] fence-post 5.5 ms = nxvc gpu 5.3 + copy gpu 0.26 + queue -0.1 (over 88 frames with timestamps)
09-07 19:49:36.122 14554 13457 I WiVRn   : [2026-09-07 19:49:36.122] [WiVRn] [info] nxwarp[0] atlas: frames 88, atlas 88, picture 0, avg dispatches 7.0, avg assembled 0.0, avg valid 578.0
09-07 19:49:37.077 14554 13459 I WiVRn   : [2026-09-07 19:49:37.077] [WiVRn] [info] Tracking pattern (11112µs):
09-07 19:49:37.077 14554 13459 I WiVRn   : [2026-09-07 19:49:37.077] [WiVRn] [info] 	t+4529µs HEAD (6583µs)
09-07 19:49:37.077 14554 13459 I WiVRn   : [2026-09-07 19:49:37.077] [WiVRn] [info] 	t+4626µs LEFT_GRIP (6485µs)
09-07 19:49:37.077 14554 13459 I WiVRn   : [2026-09-07 19:49:37.077] [WiVRn] [info] 	t+4637µs RIGHT_GRIP (6474µs)
09-07 19:49:37.077 14554 13459 I WiVRn   : [2026-09-07 19:49:37.077] [WiVRn] [info] 	t+7529µs HEAD (3583µs)
09-07 19:49:37.077 14554 13459 I WiVRn   : [2026-09-07 19:49:37.077] [WiVRn] [info] 	t+7626µs LEFT_GRIP (3485µs)
09-07 19:49:37.077 14554 13459 I WiVRn   : [2026-09-07 19:49:37.077] [WiVRn] [info] 	t+7637µs RIGHT_GRIP (3474µs)
09-07 19:49:37.348 14554 13455 I WiVRn   : [2026-09-07 19:49:37.348] [WiVRn] [info] nxwarp[0] net: 91 frames closed in 2.0 s, 0 with a hole, 0 out-of-order datagrams, 0 frames completed late, 0 queued for the worker, 589 decoded so far, 704 stragglers dropped; last hole 0/0 chunks, first missing -1, short false, chunk 1166 B
09-07 19:49:37.348 14554 13455 I WiVRn   : [2026-09-07 19:49:37.348] [WiVRn] [info] nxwarp[0] net: 0.033 ms per datagram over 6257 datagrams (103.32 ms of every second)
09-07 19:49:37.348 14554 13455 I WiVRn   : [2026-09-07 19:49:37.348] [WiVRn] [info] nxwarp[0] sel: stride 1, arrival 22.3 ms, dropped-late 69, withheld 4, decoded 589
09-07 19:49:37.348 14554 13455 I WiVRn   : [2026-09-07 19:49:37.348] [WiVRn] [info] nxwarp[0] rx: 59793 datagrams, placed 210157 (+25745), late 691 (+340), stale_frame 0, bad_range 0, bad_dir 0, bad_caps 0, bad_ver 0, auth_fail 0, replay 0, frozen 0, dup 2
