Validation Warning: [ VALIDATION-SETTINGS ] | MessageID = 0x7f1922d7
vkCreateInstance(): Application is using deprecated "enables" (VK_LAYER_ENABLES) layer settings.
Deprecated settings and new settings cannot be mixed, and deprecated ones take precedence. Consider only using the new settings:
  Deprecated: VK_VALIDATION_FEATURE_ENABLE_SYNCHRONIZATION_VALIDATION_EXT | New: "validate_sync" (VK_LAYER_VALIDATE_SYNC=1)


Validation Warning: [ VALIDATION-SETTINGS ] | MessageID = 0x7f1922d7
vkCreateInstance(): Application is using deprecated "enables" (VK_LAYER_ENABLES) layer settings.
Deprecated settings and new settings cannot be mixed, and deprecated ones take precedence. Consider only using the new settings:
  Deprecated: VK_VALIDATION_FEATURE_ENABLE_SYNCHRONIZATION_VALIDATION_EXT | New: "validate_sync" (VK_LAYER_VALIDATE_SYNC=1)


Validation Warning: [ VALIDATION-SETTINGS ] | MessageID = 0x7f1922d7
vkCreateInstance(): Application is using deprecated "enables" (VK_LAYER_ENABLES) layer settings.
Deprecated settings and new settings cannot be mixed, and deprecated ones take precedence. Consider only using the new settings:
  Deprecated: VK_VALIDATION_FEATURE_ENABLE_SYNCHRONIZATION_VALIDATION_EXT | New: "validate_sync" (VK_LAYER_VALIDATE_SYNC=1)


Validation Warning: [ VALIDATION-SETTINGS ] | MessageID = 0x7f1922d7
vkCreateInstance(): Application is using deprecated "enables" (VK_LAYER_ENABLES) layer settings.
Deprecated settings and new settings cannot be mixed, and deprecated ones take precedence. Consider only using the new settings:
  Deprecated: VK_VALIDATION_FEATURE_ENABLE_SYNCHRONIZATION_VALIDATION_EXT | New: "validate_sync" (VK_LAYER_VALIDATE_SYNC=1)


Validation Warning: [ VALIDATION-SETTINGS ] | MessageID = 0x7f1922d7
vkCreateInstance(): Application is using deprecated "enables" (VK_LAYER_ENABLES) layer settings.
Deprecated settings and new settings cannot be mixed, and deprecated ones take precedence. Consider only using the new settings:
  Deprecated: VK_VALIDATION_FEATURE_ENABLE_SYNCHRONIZATION_VALIDATION_EXT | New: "validate_sync" (VK_LAYER_VALIDATE_SYNC=1)


-- atlas-view: one-tap 8-bit (R8 2176x1088 + R8G8 1088x544) and three-plane R16 carry the same picture, and both equal the atlas, over 2367488 luma + 591872 chroma samples
