WiVRn nx-atlas-live-920ac878-dirty starting
Service published: x0x0x0x0x0x
Client connected
Server started, PID 2818374
 INFO [ipc_server_main_common] WiVRn 'nx-atlas-live-920ac878-dirty' starting up...
Setting the OpenVR compatibility library to /opt/xrizer
Listening for secondary paths on port 9757
 INFO [vk_bundle] Vulkan instance created:
	GPU: AMD Radeon RX 7900 XTX (RADV NAVI31)
	queue families: 1 3 1 (main, encode, transfer)

 INFO [get_encoder_settings] nxwarp: both eyes on stream 0 as one 2176x1088 stereo frame (578 tiles), stream 1 has no encoder
 INFO [compositor] compositor: lens mask on, margin 1 tile; the foveation pass flattens what it covers (0 of 0 tiles per eye so far)
 INFO [comp_vulkan_formats_log] Supported formats:
	VK_FORMAT_R16G16B16A16_UNORM: true
	VK_FORMAT_R16G16B16A16_SFLOAT: true
	VK_FORMAT_R16G16B16_UNORM: false
	VK_FORMAT_R16G16B16_SFLOAT: false
	VK_FORMAT_R8G8B8A8_SRGB: true
	VK_FORMAT_B8G8R8A8_SRGB: true
	VK_FORMAT_R8G8B8_SRGB: false
	VK_FORMAT_R8G8B8A8_UNORM: true
	VK_FORMAT_B8G8R8A8_UNORM: true
	VK_FORMAT_R8G8B8_UNORM: false
	VK_FORMAT_B8G8R8_UNORM: false
	VK_FORMAT_R5G6B5_UNORM_PACK16: true
	VK_FORMAT_R32_SFLOAT: true
	VK_FORMAT_D32_SFLOAT: true
	VK_FORMAT_D16_UNORM: true
	VK_FORMAT_X8_D24_UNORM_PACK32: false
	VK_FORMAT_D24_UNORM_S8_UINT: false
	VK_FORMAT_D32_SFLOAT_S8_UINT: true
	VK_FORMAT_S8_UINT: true
 INFO [print_encoders] Encoder configuration:
	* nxwarp (nxwarp 8-bit)
	  size: 1088x1088
	  bitrate: 48.7Mbit/s
	* nxwarp (nxwarp 8-bit)
	  size: 1088x544
	  bitrate: 1.2Mbit/s
 INFO [video_encoder_nxwarp] nxwarp: "entropy": "auto" -> lite (the headset advertises ENTROPY_LITE)
 INFO [video_encoder_nxwarp] nxwarp: "snap-identity": 16/16 sample (still tiles become a copy on the headset; error bounded by 0.50 sample)
 INFO [video_encoder_nxwarp] nxwarp: "planar": "rd" -> "off" (the GPU backend has no planar mode)
 INFO [video_encoder_nxwarp] nxwarp: stream 0 tools 0x4c2200c05 (INTRA_DC_PLANE RES_LEVEL INTER WARP CTX_V2 CTX_V3 ENTROPY_LITE bit31 bit34), headset 0xdf77a1fff -- negotiated
 INFO [video_encoder_nxwarp] nxwarp: stream 0 backend: nxvc_vk_encoder GPU compute encoder, nxvc_vk_encoder (E0/E3/E4/E5, intra only) (34x17 tiles, intra only, one QP per frame), reading the compositor image directly
 INFO [video_encoder_nxwarp] nxwarp: stream 0 1088x1088, nxvc_vk_encoder GPU compute encoder, nxvc_vk_encoder (E0/E3/E4/E5, intra only) (34x17 tiles, intra only, one QP per frame), fixed QP 40, paced at a fixed 45.0 fps, 34x17 tiles in 3 band(s), 1166 bytes per transport tile
 INFO [video_encoder_nxwarp] nxwarp: "entropy": "auto" -> lite (the headset advertises ENTROPY_LITE)
 INFO [video_encoder_nxwarp] nxwarp: "snap-identity": 16/16 sample (still tiles become a copy on the headset; error bounded by 0.50 sample)
 INFO [video_encoder_nxwarp] nxwarp: "planar": "rd" -> "off" (the GPU backend has no planar mode)
 INFO [video_encoder_nxwarp] nxwarp: stream 2 tools 0x4c2200c05 (INTRA_DC_PLANE RES_LEVEL INTER WARP CTX_V2 CTX_V3 ENTROPY_LITE bit31 bit34), headset 0xdf77a1fff -- negotiated
 INFO [video_encoder_nxwarp] nxwarp: stream 2 backend: nxvc_vk_encoder GPU compute encoder, nxvc_vk_encoder (E0/E3/E4/E5, intra only) (17x9 tiles, intra only, one QP per frame), reading the compositor image directly
 INFO [video_encoder_nxwarp] nxwarp: stream 2 1088x544, nxvc_vk_encoder GPU compute encoder, nxvc_vk_encoder (E0/E3/E4/E5, intra only) (17x9 tiles, intra only, one QP per frame), fixed QP 40, paced at a fixed 45.0 fps, 17x9 tiles in 2 band(s), 1166 bytes per transport tile
 INFO [wivrn_hmd] edge bleed: rendering 5.0% overscan, 1.35 deg left / 1.35 deg up on eye 0 (same encoded size, so about 4.8% less sharp)
 INFO [pipewire_device] pipewire speaker stream created (quantum: 240 frames, 5.00 ms)
 INFO [configure] Automatic bitrate enabled, AIMD (v1), ceiling 50.0 Mbit/s, floor 10.0 Mbit/s, radio trend on
 INFO [set_pacing] Packet pacing enabled, spreading each frame over 40% of a frame period
 INFO [apply_qos] Wi-Fi QoS marks enabled (video AF41 / AC_VI, control EF / AC_VO)
 INFO [set_fec] Forward error correction enabled, one parity shard per 8 video shards
 INFO [set_fec_adaptive] Adaptive error correction enabled, parity ratio between 16+1 and 4+1 with interleaved groups
 INFO [set_shard_retransmit] Shard retransmission enabled, keeping 1024 kB of recently sent shards per stream
 WARN [check_socket_path] path not found: /run/user/1000/SlimeVRRpc
 WARN [check_socket_path] path not found: /run/user/1000/.flatpak/dev.slimevr.SlimeVR/xdg-run/SlimeVRRpc
 WARN [check_socket_path] path not found: /home/nerdrx/.local/share/dev.slimevr.SlimeVR/SlimeVRRpc
ERROR [solarxr_ipc_socket_find] failed to resolve socket path
 INFO [u_linux_try_to_set_realtime_priority_on_thread] Raised priority of thread 'Multi Client Module' to policy: 'SCHED_FIFO', priority: '99'
 INFO [operator()] Session state changed: XR_SESSION_STATE_FOCUSED
 INFO [reset_stream] nxwarp: stream 0 resumed for a new client: transport sequence restarted, stream header resent, next frame coded without a reference
 INFO [reset_stream] nxwarp: stream 2 resumed for a new client: transport sequence restarted, stream header resent, next frame coded without a reference
 INFO [operator()] Updating interaction profiles: from 
	XRT_DEVICE_TOUCH_CONTROLLER (left)  to XRT_DEVICE_EXT_HAND_INTERACTION
	XRT_DEVICE_TOUCH_CONTROLLER (right) to XRT_DEVICE_EXT_HAND_INTERACTION

 INFO [operator()] Session state changed: XR_SESSION_STATE_VISIBLE
 INFO [operator()] Session state changed: XR_SESSION_STATE_SYNCHRONIZED
 INFO [operator()] Session state changed: XR_SESSION_STATE_STOPPING
 INFO [operator()] Session state changed: XR_SESSION_STATE_IDLE
 INFO [client_connected] Client 1 connected
 INFO [ipc_handle_instance_describe_client] Client info:
	id: 1
	application_name: 'HelloXR'
	pid: 2818659
	extensions:
		ext_hand_tracking_enabled: false
		ext_hand_tracking_data_source_enabled: false
		ext_eye_gaze_interaction_enabled: false
		ext_future_enabled: false
		ext_hand_interaction_enabled: false
		htc_facial_tracking_enabled: false
		fb_body_tracking_enabled: false
		meta_body_tracking_full_body_enabled: false
		meta_body_tracking_calibration_enabled: false
		meta_body_tracking_fidelity_enabled: false
		fb_face_tracking2_enabled: false
		android_face_tracking_enabled: false
 INFO [update_session_state_locked] Started native session, 1 active app session(s).
 INFO [get_view_poses] geometry[eye 0]: panel fov L-51.99 R51.99 U51.99 D-51.99 -> rendered fov L-53.34 R53.34 U53.34 D-53.34 deg (overscan 0.050)
 INFO [get_view_poses] geometry[eye 1]: panel fov L-51.99 R51.99 U51.99 D-51.99 -> rendered fov L-53.34 R53.34 U53.34 D-53.34 deg (overscan 0.050)
 INFO [update_lens_mask] nxwarp: stream 0 lens mask: 0 of 289 tiles per eye masked (margin 1 tile, fov -53.3/53.3/53.3/-53.3 deg); flattened only: this backend has no skip-map input, so the tiles are coded as whatever the mode search makes of a constant grey
 INFO [encode] nxwarp: stream 0 is at fixed QP 40 by configuration; the bitrate controller's 43360433 bit/s is ignored (unset "rc": "fixed" to honour it)
 INFO [report_frame] nxwarp atlas: 1 frames, avg skip 0 intra 578 coded 578, atlas 1 picture 0, avg worst disp 0.0 q4
 INFO [encode] nxwarp: stream 0 stereo compose 0.000 ms/frame (max 0.000), 0.0% of the 4.7 ms encode
 INFO [encode] nxwarp: stream 0 encoded 1 frames in 2.9 s: 4.7 ms/frame (max 4.7), 9118 B/frame at fixed QP 40, paced to 45.0 fps (fixed by configuration), 0 composited frame(s) not sent
 INFO [layer_commit] geometry[eye 0]: layer fov (what the app rendered, and what goes on the wire) L-53.34 R53.34 U53.34 D-53.34 deg
 INFO [layer_commit] geometry[eye 1]: layer fov (what the app rendered, and what goes on the wire) L-53.34 R53.34 U53.34 D-53.34 deg
nxvc atlas admission/eye (first rejection; aged allowed): L invalid 0 unconfirmed 13134 aged 0 refresh 75 admitted 0 missing 85 no-ref 4046 displacement 0; R invalid 0 unconfirmed 13121 aged 0 refresh 72 admitted 0 missing 101 no-ref 4046 displacement 0
 INFO [operator()] Session state changed: XR_SESSION_STATE_READY
 INFO [operator()] user presence changed to false
 INFO [operator()] Session state changed: XR_SESSION_STATE_SYNCHRONIZED
 INFO [operator()] Session state changed: XR_SESSION_STATE_VISIBLE
 INFO [operator()] Session state changed: XR_SESSION_STATE_FOCUSED
 INFO [report_frame] nxwarp atlas: 91 frames, avg skip 0 intra 578 coded 578, atlas 91 picture 0, avg worst disp 0.2 q4
 INFO [encode] nxwarp: stream 0 stereo compose 0.000 ms/frame (max 0.000), 0.0% of the 4.0 ms encode
 INFO [encode] nxwarp: stream 0 encoded 91 frames in 2.0 s: 4.0 ms/frame (max 5.5), 56956 B/frame at fixed QP 40, paced to 45.0 fps (fixed by configuration), 92 composited frame(s) not sent
 INFO [encode] nxwarp: stream 0 tile mapping: 91 frame(s) with per-tile spans, 0 with the fixed-chunk fallback ("tile-map": "auto")
 INFO [encode] nxwarp: stream 0 the headset did not reconstruct 89 frame(s) since the last report; 31 of them cost an all-intra frame and 58 named a frame older than one already coded intra and cost nothing. Last was frame 88, dropped by the worker backlog
nxvc atlas admission/eye (first rejection; aged allowed): L invalid 4 unconfirmed 8340 aged 0 refresh 50 admitted 2012 missing 1154 no-ref 5780 displacement 0; R invalid 6 unconfirmed 8288 aged 0 refresh 66 admitted 2002 missing 1198 no-ref 5780 displacement 0
nxvc atlas admission/eye (first rejection; aged allowed): L invalid 0 unconfirmed 0 aged 0 refresh 47 admitted 8670 missing 8623 no-ref 0 displacement 0; R invalid 0 unconfirmed 0 aged 0 refresh 47 admitted 8670 missing 8623 no-ref 0 displacement 0
 INFO [report_frame] nxwarp atlas: 90 frames, avg skip 243 intra 334 coded 334, atlas 90 picture 0, avg worst disp 0.0 q4
 INFO [encode] nxwarp: stream 0 stereo compose 0.000 ms/frame (max 0.000), 0.0% of the 3.9 ms encode
 INFO [encode] nxwarp: stream 0 encoded 90 frames in 2.0 s: 3.9 ms/frame (max 5.6), 33386 B/frame at fixed QP 40, paced to 45.0 fps (fixed by configuration), 90 composited frame(s) not sent
 INFO [encode] nxwarp: stream 0 tile mapping: 90 frame(s) with per-tile spans, 0 with the fixed-chunk fallback ("tile-map": "auto")
 INFO [encode] nxwarp: stream 0 the headset did not reconstruct 12 frame(s) since the last report; 7 of them cost an all-intra frame and 5 named a frame older than one already coded intra and cost nothing. Last was frame 111, dropped by the worker backlog
nxvc atlas admission/eye (first rejection; aged allowed): L invalid 0 unconfirmed 0 aged 0 refresh 53 admitted 8670 missing 8617 no-ref 0 displacement 0; R invalid 0 unconfirmed 0 aged 0 refresh 45 admitted 8670 missing 8625 no-ref 0 displacement 0
 INFO [report_frame] nxwarp atlas: 91 frames, avg skip 289 intra 288 coded 288, atlas 91 picture 0, avg worst disp 0.0 q4
 INFO [encode] nxwarp: stream 0 stereo compose 0.000 ms/frame (max 0.000), 0.0% of the 3.7 ms encode
 INFO [encode] nxwarp: stream 0 encoded 91 frames in 2.0 s: 3.7 ms/frame (max 4.8), 28712 B/frame at fixed QP 40, paced to 45.0 fps (fixed by configuration), 91 composited frame(s) not sent
 INFO [encode] nxwarp: stream 0 tile mapping: 91 frame(s) with per-tile spans, 0 with the fixed-chunk fallback ("tile-map": "auto")
nxvc atlas admission/eye (first rejection; aged allowed): L invalid 0 unconfirmed 0 aged 0 refresh 39 admitted 8670 missing 8631 no-ref 0 displacement 0; R invalid 0 unconfirmed 0 aged 0 refresh 45 admitted 8670 missing 8625 no-ref 0 displacement 0
nxvc atlas admission/eye (first rejection; aged allowed): L invalid 0 unconfirmed 0 aged 0 refresh 0 admitted 8670 missing 8670 no-ref 0 displacement 0; R invalid 0 unconfirmed 0 aged 0 refresh 0 admitted 8670 missing 8670 no-ref 0 displacement 0
 INFO [report_frame] nxwarp atlas: 90 frames, avg skip 288 intra 289 coded 289, atlas 90 picture 0, avg worst disp 0.0 q4
 INFO [encode] nxwarp: stream 0 stereo compose 0.000 ms/frame (max 0.000), 0.0% of the 3.8 ms encode
 INFO [encode] nxwarp: stream 0 encoded 90 frames in 2.0 s: 3.8 ms/frame (max 5.4), 28618 B/frame at fixed QP 40, paced to 45.0 fps (fixed by configuration), 90 composited frame(s) not sent
 INFO [encode] nxwarp: stream 0 tile mapping: 90 frame(s) with per-tile spans, 0 with the fixed-chunk fallback ("tile-map": "auto")
nxvc atlas admission/eye (first rejection; aged allowed): L invalid 0 unconfirmed 0 aged 0 refresh 0 admitted 8670 missing 8670 no-ref 0 displacement 0; R invalid 0 unconfirmed 0 aged 0 refresh 0 admitted 8670 missing 8670 no-ref 0 displacement 0
 INFO [report_frame] nxwarp atlas: 90 frames, avg skip 289 intra 289 coded 289, atlas 90 picture 0, avg worst disp 0.0 q4
 INFO [encode] nxwarp: stream 0 stereo compose 0.000 ms/frame (max 0.000), 0.0% of the 3.9 ms encode
 INFO [encode] nxwarp: stream 0 encoded 90 frames in 2.0 s: 3.9 ms/frame (max 4.7), 28728 B/frame at fixed QP 40, paced to 45.0 fps (fixed by configuration), 90 composited frame(s) not sent
 INFO [encode] nxwarp: stream 0 tile mapping: 90 frame(s) with per-tile spans, 0 with the fixed-chunk fallback ("tile-map": "auto")
nxvc atlas admission/eye (first rejection; aged allowed): L invalid 0 unconfirmed 0 aged 0 refresh 0 admitted 8670 missing 8670 no-ref 0 displacement 0; R invalid 0 unconfirmed 0 aged 0 refresh 0 admitted 8670 missing 8670 no-ref 0 displacement 0
nxvc atlas admission/eye (first rejection; aged allowed): L invalid 0 unconfirmed 0 aged 0 refresh 0 admitted 8670 missing 8670 no-ref 0 displacement 0; R invalid 0 unconfirmed 0 aged 0 refresh 0 admitted 8670 missing 8670 no-ref 0 displacement 0
 INFO [report_frame] nxwarp atlas: 91 frames, avg skip 288 intra 289 coded 289, atlas 91 picture 0, avg worst disp 0.0 q4
 INFO [encode] nxwarp: stream 0 stereo compose 0.000 ms/frame (max 0.000), 0.0% of the 3.7 ms encode
 INFO [encode] nxwarp: stream 0 encoded 91 frames in 2.0 s: 3.7 ms/frame (max 4.8), 28875 B/frame at fixed QP 40, paced to 45.0 fps (fixed by configuration), 91 composited frame(s) not sent
 INFO [encode] nxwarp: stream 0 tile mapping: 91 frame(s) with per-tile spans, 0 with the fixed-chunk fallback ("tile-map": "auto")
 INFO [operator()] Session state changed: XR_SESSION_STATE_VISIBLE
 INFO [operator()] Session state changed: XR_SESSION_STATE_SYNCHRONIZED
 INFO [operator()] Session state changed: XR_SESSION_STATE_STOPPING
 INFO [operator()] Session state changed: XR_SESSION_STATE_IDLE
nxvc atlas admission/eye (first rejection; aged allowed): L invalid 9 unconfirmed 16 aged 0 refresh 50 admitted 9328 missing 7937 no-ref 0 displacement 0; R invalid 5 unconfirmed 17 aged 0 refresh 45 admitted 9330 missing 7943 no-ref 0 displacement 0
 INFO [report_frame] nxwarp atlas: 90 frames, avg skip 299 intra 278 coded 278, atlas 90 picture 0, avg worst disp 0.0 q4
 INFO [encode] nxwarp: stream 0 stereo compose 0.000 ms/frame (max 0.000), 0.0% of the 3.7 ms encode
 INFO [encode] nxwarp: stream 0 encoded 90 frames in 2.0 s: 3.7 ms/frame (max 5.5), 5221 B/frame at fixed QP 40, paced to 45.0 fps (fixed by configuration), 90 composited frame(s) not sent
 INFO [encode] nxwarp: stream 0 tile mapping: 90 frame(s) with per-tile spans, 0 with the fixed-chunk fallback ("tile-map": "auto")
 INFO [encode] nxwarp: stream 0 the headset did not reconstruct 2 frame(s) since the last report; 2 of them cost an all-intra frame and 0 named a frame older than one already coded intra and cost nothing. Last was frame 550, dropped by the worker backlog
 INFO [operator()] Session state changed: XR_SESSION_STATE_READY
 INFO [operator()] user presence changed to false
 INFO [operator()] Session state changed: XR_SESSION_STATE_SYNCHRONIZED
 INFO [operator()] Session state changed: XR_SESSION_STATE_VISIBLE
 INFO [operator()] Session state changed: XR_SESSION_STATE_FOCUSED
nxvc atlas admission/eye (first rejection; aged allowed): L invalid 0 unconfirmed 0 aged 0 refresh 49 admitted 8507 missing 8784 no-ref 0 displacement 0; R invalid 0 unconfirmed 0 aged 0 refresh 48 admitted 8519 missing 8773 no-ref 0 displacement 0
nxvc atlas admission/eye (first rejection; aged allowed): L invalid 0 unconfirmed 0 aged 0 refresh 47 admitted 8670 missing 8623 no-ref 0 displacement 0; R invalid 0 unconfirmed 0 aged 0 refresh 47 admitted 8670 missing 8623 no-ref 0 displacement 0
 INFO [report_frame] nxwarp atlas: 91 frames, avg skip 285 intra 292 coded 292, atlas 91 picture 0, avg worst disp 0.0 q4
 INFO [encode] nxwarp: stream 0 stereo compose 0.000 ms/frame (max 0.000), 0.0% of the 3.8 ms encode
 INFO [encode] nxwarp: stream 0 encoded 91 frames in 2.0 s: 3.8 ms/frame (max 5.6), 22157 B/frame at fixed QP 40, paced to 45.0 fps (fixed by configuration), 91 composited frame(s) not sent
 INFO [encode] nxwarp: stream 0 tile mapping: 91 frame(s) with per-tile spans, 0 with the fixed-chunk fallback ("tile-map": "auto")
nxvc atlas admission/eye (first rejection; aged allowed): L invalid 0 unconfirmed 0 aged 0 refresh 53 admitted 8670 missing 8617 no-ref 0 displacement 0; R invalid 0 unconfirmed 0 aged 0 refresh 45 admitted 8670 missing 8625 no-ref 0 displacement 0
 INFO [report_frame] nxwarp atlas: 90 frames, avg skip 287 intra 290 coded 290, atlas 90 picture 0, avg worst disp 0.0 q4
 INFO [encode] nxwarp: stream 0 stereo compose 0.000 ms/frame (max 0.000), 0.0% of the 3.8 ms encode
 INFO [encode] nxwarp: stream 0 encoded 90 frames in 2.0 s: 3.8 ms/frame (max 5.9), 29082 B/frame at fixed QP 40, paced to 45.0 fps (fixed by configuration), 90 composited frame(s) not sent
 INFO [encode] nxwarp: stream 0 tile mapping: 90 frame(s) with per-tile spans, 0 with the fixed-chunk fallback ("tile-map": "auto")
nxvc atlas admission/eye (first rejection; aged allowed): L invalid 0 unconfirmed 0 aged 0 refresh 42 admitted 8670 missing 8628 no-ref 0 displacement 0; R invalid 0 unconfirmed 0 aged 0 refresh 53 admitted 8670 missing 8617 no-ref 0 displacement 0
nxvc atlas admission/eye (first rejection; aged allowed): L invalid 0 unconfirmed 0 aged 0 refresh 0 admitted 8670 missing 8670 no-ref 0 displacement 0; R invalid 0 unconfirmed 0 aged 0 refresh 0 admitted 8670 missing 8670 no-ref 0 displacement 0
 INFO [report_frame] nxwarp atlas: 91 frames, avg skip 288 intra 289 coded 289, atlas 91 picture 0, avg worst disp 0.0 q4
 INFO [encode] nxwarp: stream 0 stereo compose 0.000 ms/frame (max 0.000), 0.0% of the 3.8 ms encode
 INFO [encode] nxwarp: stream 0 encoded 91 frames in 2.0 s: 3.8 ms/frame (max 4.7), 28978 B/frame at fixed QP 40, paced to 45.0 fps (fixed by configuration), 91 composited frame(s) not sent
 INFO [encode] nxwarp: stream 0 tile mapping: 91 frame(s) with per-tile spans, 0 with the fixed-chunk fallback ("tile-map": "auto")
nxvc atlas admission/eye (first rejection; aged allowed): L invalid 0 unconfirmed 0 aged 0 refresh 0 admitted 8670 missing 8670 no-ref 0 displacement 0; R invalid 0 unconfirmed 0 aged 0 refresh 0 admitted 8670 missing 8670 no-ref 0 displacement 0
 INFO [report_frame] nxwarp atlas: 91 frames, avg skip 289 intra 288 coded 288, atlas 91 picture 0, avg worst disp 0.0 q4
 INFO [encode] nxwarp: stream 0 stereo compose 0.000 ms/frame (max 0.000), 0.0% of the 3.8 ms encode
 INFO [encode] nxwarp: stream 0 encoded 91 frames in 2.0 s: 3.8 ms/frame (max 5.5), 28818 B/frame at fixed QP 40, paced to 45.0 fps (fixed by configuration), 91 composited frame(s) not sent
 INFO [encode] nxwarp: stream 0 tile mapping: 91 frame(s) with per-tile spans, 0 with the fixed-chunk fallback ("tile-map": "auto")
nxvc atlas admission/eye (first rejection; aged allowed): L invalid 0 unconfirmed 0 aged 0 refresh 0 admitted 8670 missing 8670 no-ref 0 displacement 0; R invalid 0 unconfirmed 0 aged 0 refresh 0 admitted 8670 missing 8670 no-ref 0 displacement 0
nxvc atlas admission/eye (first rejection; aged allowed): L invalid 0 unconfirmed 0 aged 0 refresh 0 admitted 8670 missing 8670 no-ref 0 displacement 0; R invalid 0 unconfirmed 0 aged 0 refresh 0 admitted 8670 missing 8670 no-ref 0 displacement 0
 INFO [report_frame] nxwarp atlas: 90 frames, avg skip 289 intra 289 coded 289, atlas 90 picture 0, avg worst disp 0.0 q4
 INFO [encode] nxwarp: stream 0 stereo compose 0.000 ms/frame (max 0.000), 0.0% of the 3.8 ms encode
 INFO [encode] nxwarp: stream 0 encoded 90 frames in 2.0 s: 3.8 ms/frame (max 6.3), 28807 B/frame at fixed QP 40, paced to 45.0 fps (fixed by configuration), 90 composited frame(s) not sent
 INFO [encode] nxwarp: stream 0 tile mapping: 90 frame(s) with per-tile spans, 0 with the fixed-chunk fallback ("tile-map": "auto")
 INFO [operator()] Session state changed: XR_SESSION_STATE_VISIBLE
 INFO [operator()] Session state changed: XR_SESSION_STATE_SYNCHRONIZED
 INFO [operator()] Session state changed: XR_SESSION_STATE_STOPPING
 INFO [operator()] Session state changed: XR_SESSION_STATE_IDLE
nxvc atlas admission/eye (first rejection; aged allowed): L invalid 0 unconfirmed 262 aged 0 refresh 27 admitted 8659 missing 8392 no-ref 0 displacement 0; R invalid 0 unconfirmed 256 aged 0 refresh 25 admitted 8657 missing 8402 no-ref 0 displacement 0
 INFO [report_frame] nxwarp atlas: 90 frames, avg skip 282 intra 295 coded 295, atlas 90 picture 0, avg worst disp 0.2 q4
 INFO [encode] nxwarp: stream 0 stereo compose 0.000 ms/frame (max 0.000), 0.0% of the 3.8 ms encode
 INFO [encode] nxwarp: stream 0 encoded 90 frames in 2.0 s: 3.8 ms/frame (max 5.8), 10777 B/frame at fixed QP 40, paced to 45.0 fps (fixed by configuration), 90 composited frame(s) not sent
 INFO [encode] nxwarp: stream 0 tile mapping: 90 frame(s) with per-tile spans, 0 with the fixed-chunk fallback ("tile-map": "auto")
nxvc atlas admission/eye (first rejection; aged allowed): L invalid 0 unconfirmed 0 aged 0 refresh 50 admitted 8620 missing 8670 no-ref 0 displacement 0; R invalid 0 unconfirmed 0 aged 0 refresh 47 admitted 8623 missing 8670 no-ref 0 displacement 0
 INFO [operator()] Session state changed: XR_SESSION_STATE_READY
 INFO [operator()] user presence changed to false
 INFO [operator()] Session state changed: XR_SESSION_STATE_SYNCHRONIZED
 INFO [operator()] Session state changed: XR_SESSION_STATE_VISIBLE
 INFO [operator()] Session state changed: XR_SESSION_STATE_FOCUSED
nxvc atlas admission/eye (first rejection; aged allowed): L invalid 11 unconfirmed 240 aged 0 refresh 51 admitted 9029 missing 8009 no-ref 0 displacement 0; R invalid 2 unconfirmed 219 aged 0 refresh 49 admitted 9059 missing 8011 no-ref 0 displacement 0
 INFO [report_frame] nxwarp atlas: 91 frames, avg skip 297 intra 280 coded 280, atlas 91 picture 0, avg worst disp 0.0 q4
 INFO [encode] nxwarp: stream 0 stereo compose 0.000 ms/frame (max 0.000), 0.0% of the 3.6 ms encode
 INFO [encode] nxwarp: stream 0 encoded 91 frames in 2.0 s: 3.6 ms/frame (max 5.6), 15727 B/frame at fixed QP 40, paced to 45.0 fps (fixed by configuration), 91 composited frame(s) not sent
 INFO [encode] nxwarp: stream 0 tile mapping: 91 frame(s) with per-tile spans, 0 with the fixed-chunk fallback ("tile-map": "auto")
 INFO [encode] nxwarp: stream 0 the headset did not reconstruct 2 frame(s) since the last report; 2 of them cost an all-intra frame and 0 named a frame older than one already coded intra and cost nothing. Last was frame 1227, dropped by the worker backlog
nxvc atlas admission/eye (first rejection; aged allowed): L invalid 0 unconfirmed 0 aged 0 refresh 53 admitted 8670 missing 8617 no-ref 0 displacement 0; R invalid 0 unconfirmed 0 aged 0 refresh 45 admitted 8670 missing 8625 no-ref 0 displacement 0
 INFO [report_frame] nxwarp atlas: 90 frames, avg skip 289 intra 289 coded 289, atlas 90 picture 0, avg worst disp 0.0 q4
 INFO [encode] nxwarp: stream 0 stereo compose 0.000 ms/frame (max 0.000), 0.0% of the 3.7 ms encode
 INFO [encode] nxwarp: stream 0 encoded 90 frames in 2.0 s: 3.7 ms/frame (max 4.7), 28858 B/frame at fixed QP 40, paced to 45.0 fps (fixed by configuration), 90 composited frame(s) not sent
 INFO [encode] nxwarp: stream 0 tile mapping: 90 frame(s) with per-tile spans, 0 with the fixed-chunk fallback ("tile-map": "auto")
nxvc atlas admission/eye (first rejection; aged allowed): L invalid 0 unconfirmed 0 aged 0 refresh 42 admitted 8670 missing 8628 no-ref 0 displacement 0; R invalid 0 unconfirmed 0 aged 0 refresh 53 admitted 8670 missing 8617 no-ref 0 displacement 0
nxvc atlas admission/eye (first rejection; aged allowed): L invalid 0 unconfirmed 0 aged 0 refresh 26 admitted 8670 missing 8644 no-ref 0 displacement 0; R invalid 0 unconfirmed 0 aged 0 refresh 20 admitted 8670 missing 8650 no-ref 0 displacement 0
 INFO [report_frame] nxwarp atlas: 91 frames, avg skip 289 intra 288 coded 288, atlas 91 picture 0, avg worst disp 0.0 q4
 INFO [encode] nxwarp: stream 0 stereo compose 0.000 ms/frame (max 0.000), 0.0% of the 3.7 ms encode
 INFO [encode] nxwarp: stream 0 encoded 91 frames in 2.0 s: 3.7 ms/frame (max 4.8), 28893 B/frame at fixed QP 40, paced to 45.0 fps (fixed by configuration), 91 composited frame(s) not sent
 INFO [encode] nxwarp: stream 0 tile mapping: 91 frame(s) with per-tile spans, 0 with the fixed-chunk fallback ("tile-map": "auto")
nxvc atlas admission/eye (first rejection; aged allowed): L invalid 0 unconfirmed 0 aged 0 refresh 0 admitted 8670 missing 8670 no-ref 0 displacement 0; R invalid 0 unconfirmed 0 aged 0 refresh 0 admitted 8670 missing 8670 no-ref 0 displacement 0
 INFO [report_frame] nxwarp atlas: 90 frames, avg skip 289 intra 289 coded 289, atlas 90 picture 0, avg worst disp 0.0 q4
 INFO [encode] nxwarp: stream 0 stereo compose 0.000 ms/frame (max 0.000), 0.0% of the 3.7 ms encode
 INFO [encode] nxwarp: stream 0 encoded 90 frames in 2.0 s: 3.7 ms/frame (max 4.8), 28513 B/frame at fixed QP 40, paced to 45.0 fps (fixed by configuration), 90 composited frame(s) not sent
 INFO [encode] nxwarp: stream 0 tile mapping: 90 frame(s) with per-tile spans, 0 with the fixed-chunk fallback ("tile-map": "auto")
nxvc atlas admission/eye (first rejection; aged allowed): L invalid 0 unconfirmed 0 aged 0 refresh 0 admitted 8670 missing 8670 no-ref 0 displacement 0; R invalid 0 unconfirmed 0 aged 0 refresh 0 admitted 8670 missing 8670 no-ref 0 displacement 0
nxvc atlas admission/eye (first rejection; aged allowed): L invalid 0 unconfirmed 0 aged 0 refresh 0 admitted 8670 missing 8670 no-ref 0 displacement 0; R invalid 0 unconfirmed 0 aged 0 refresh 0 admitted 8670 missing 8670 no-ref 0 displacement 0
 INFO [report_frame] nxwarp atlas: 91 frames, avg skip 288 intra 289 coded 289, atlas 91 picture 0, avg worst disp 0.0 q4
 INFO [encode] nxwarp: stream 0 stereo compose 0.000 ms/frame (max 0.000), 0.0% of the 3.7 ms encode
 INFO [encode] nxwarp: stream 0 encoded 91 frames in 2.0 s: 3.7 ms/frame (max 4.7), 28412 B/frame at fixed QP 40, paced to 45.0 fps (fixed by configuration), 91 composited frame(s) not sent
 INFO [encode] nxwarp: stream 0 tile mapping: 91 frame(s) with per-tile spans, 0 with the fixed-chunk fallback ("tile-map": "auto")
 INFO [operator()] Session state changed: XR_SESSION_STATE_VISIBLE
 INFO [operator()] Session state changed: XR_SESSION_STATE_SYNCHRONIZED
 INFO [operator()] Session state changed: XR_SESSION_STATE_STOPPING
 INFO [operator()] Session state changed: XR_SESSION_STATE_IDLE
nxvc atlas admission/eye (first rejection; aged allowed): L invalid 0 unconfirmed 0 aged 0 refresh 10 admitted 8744 missing 8586 no-ref 0 displacement 0; R invalid 0 unconfirmed 0 aged 0 refresh 4 admitted 8752 missing 8584 no-ref 0 displacement 0
 INFO [report_frame] nxwarp atlas: 90 frames, avg skip 288 intra 289 coded 289, atlas 90 picture 0, avg worst disp 0.0 q4
 INFO [encode] nxwarp: stream 0 stereo compose 0.000 ms/frame (max 0.000), 0.0% of the 3.8 ms encode
 INFO [encode] nxwarp: stream 0 encoded 90 frames in 2.0 s: 3.8 ms/frame (max 5.8), 16104 B/frame at fixed QP 40, paced to 45.0 fps (fixed by configuration), 90 composited frame(s) not sent
 INFO [encode] nxwarp: stream 0 tile mapping: 90 frame(s) with per-tile spans, 0 with the fixed-chunk fallback ("tile-map": "auto")
nxvc atlas admission/eye (first rejection; aged allowed): L invalid 0 unconfirmed 0 aged 0 refresh 50 admitted 8620 missing 8670 no-ref 0 displacement 0; R invalid 0 unconfirmed 0 aged 0 refresh 47 admitted 8623 missing 8670 no-ref 0 displacement 0
 INFO [operator()] Session state changed: XR_SESSION_STATE_READY
 INFO [operator()] user presence changed to false
 INFO [operator()] Session state changed: XR_SESSION_STATE_SYNCHRONIZED
 INFO [operator()] Session state changed: XR_SESSION_STATE_VISIBLE
 INFO [operator()] Session state changed: XR_SESSION_STATE_FOCUSED
nxvc atlas admission/eye (first rejection; aged allowed): L invalid 7 unconfirmed 14 aged 0 refresh 52 admitted 8997 missing 8270 no-ref 0 displacement 0; R invalid 3 unconfirmed 3 aged 0 refresh 43 admitted 9004 missing 8287 no-ref 0 displacement 0
 INFO [report_frame] nxwarp atlas: 91 frames, avg skip 295 intra 282 coded 282, atlas 91 picture 0, avg worst disp 0.0 q4
 INFO [encode] nxwarp: stream 0 stereo compose 0.000 ms/frame (max 0.000), 0.0% of the 3.8 ms encode
 INFO [encode] nxwarp: stream 0 encoded 91 frames in 2.0 s: 3.8 ms/frame (max 5.0), 10071 B/frame at fixed QP 40, paced to 45.0 fps (fixed by configuration), 91 composited frame(s) not sent
 INFO [encode] nxwarp: stream 0 tile mapping: 91 frame(s) with per-tile spans, 0 with the fixed-chunk fallback ("tile-map": "auto")
 INFO [encode] nxwarp: stream 0 the headset did not reconstruct 2 frame(s) since the last report; 2 of them cost an all-intra frame and 0 named a frame older than one already coded intra and cost nothing. Last was frame 1791, dropped by the worker backlog
nxvc atlas admission/eye (first rejection; aged allowed): L invalid 0 unconfirmed 0 aged 0 refresh 53 admitted 8670 missing 8617 no-ref 0 displacement 0; R invalid 0 unconfirmed 0 aged 0 refresh 45 admitted 8670 missing 8625 no-ref 0 displacement 0
 INFO [report_frame] nxwarp atlas: 90 frames, avg skip 287 intra 290 coded 290, atlas 90 picture 0, avg worst disp 0.0 q4
 INFO [encode] nxwarp: stream 0 stereo compose 0.000 ms/frame (max 0.000), 0.0% of the 3.7 ms encode
 INFO [encode] nxwarp: stream 0 encoded 90 frames in 2.0 s: 3.7 ms/frame (max 4.7), 28843 B/frame at fixed QP 40, paced to 45.0 fps (fixed by configuration), 90 composited frame(s) not sent
 INFO [encode] nxwarp: stream 0 tile mapping: 90 frame(s) with per-tile spans, 0 with the fixed-chunk fallback ("tile-map": "auto")
nxvc atlas admission/eye (first rejection; aged allowed): L invalid 0 unconfirmed 0 aged 0 refresh 42 admitted 8670 missing 8628 no-ref 0 displacement 0; R invalid 0 unconfirmed 0 aged 0 refresh 53 admitted 8670 missing 8617 no-ref 0 displacement 0
nxvc atlas admission/eye (first rejection; aged allowed): L invalid 0 unconfirmed 0 aged 0 refresh 42 admitted 8670 missing 8628 no-ref 0 displacement 0; R invalid 0 unconfirmed 0 aged 0 refresh 40 admitted 8670 missing 8630 no-ref 0 displacement 0
 INFO [report_frame] nxwarp atlas: 91 frames, avg skip 287 intra 290 coded 290, atlas 91 picture 0, avg worst disp 0.0 q4
 INFO [encode] nxwarp: stream 0 stereo compose 0.000 ms/frame (max 0.000), 0.0% of the 3.7 ms encode
 INFO [encode] nxwarp: stream 0 encoded 91 frames in 2.0 s: 3.7 ms/frame (max 5.7), 28779 B/frame at fixed QP 40, paced to 45.0 fps (fixed by configuration), 91 composited frame(s) not sent
 INFO [encode] nxwarp: stream 0 tile mapping: 91 frame(s) with per-tile spans, 0 with the fixed-chunk fallback ("tile-map": "auto")
nxvc atlas admission/eye (first rejection; aged allowed): L invalid 0 unconfirmed 0 aged 0 refresh 0 admitted 8670 missing 8670 no-ref 0 displacement 0; R invalid 0 unconfirmed 0 aged 0 refresh 0 admitted 8670 missing 8670 no-ref 0 displacement 0
 INFO [report_frame] nxwarp atlas: 91 frames, avg skip 289 intra 288 coded 288, atlas 91 picture 0, avg worst disp 0.0 q4
 INFO [encode] nxwarp: stream 0 stereo compose 0.000 ms/frame (max 0.000), 0.0% of the 3.7 ms encode
 INFO [encode] nxwarp: stream 0 encoded 91 frames in 2.0 s: 3.7 ms/frame (max 4.7), 28811 B/frame at fixed QP 40, paced to 45.0 fps (fixed by configuration), 91 composited frame(s) not sent
 INFO [encode] nxwarp: stream 0 tile mapping: 91 frame(s) with per-tile spans, 0 with the fixed-chunk fallback ("tile-map": "auto")
nxvc atlas admission/eye (first rejection; aged allowed): L invalid 0 unconfirmed 0 aged 0 refresh 0 admitted 8670 missing 8670 no-ref 0 displacement 0; R invalid 0 unconfirmed 0 aged 0 refresh 0 admitted 8670 missing 8670 no-ref 0 displacement 0
nxvc atlas admission/eye (first rejection; aged allowed): L invalid 0 unconfirmed 0 aged 0 refresh 0 admitted 8670 missing 8670 no-ref 0 displacement 0; R invalid 0 unconfirmed 0 aged 0 refresh 0 admitted 8670 missing 8670 no-ref 0 displacement 0
 INFO [report_frame] nxwarp atlas: 90 frames, avg skip 289 intra 289 coded 289, atlas 90 picture 0, avg worst disp 0.0 q4
 INFO [encode] nxwarp: stream 0 stereo compose 0.000 ms/frame (max 0.000), 0.0% of the 3.7 ms encode
 INFO [encode] nxwarp: stream 0 encoded 90 frames in 2.0 s: 3.7 ms/frame (max 5.0), 28652 B/frame at fixed QP 40, paced to 45.0 fps (fixed by configuration), 90 composited frame(s) not sent
 INFO [encode] nxwarp: stream 0 tile mapping: 90 frame(s) with per-tile spans, 0 with the fixed-chunk fallback ("tile-map": "auto")
nxvc atlas admission/eye (first rejection; aged allowed): L invalid 0 unconfirmed 0 aged 0 refresh 0 admitted 8670 missing 8670 no-ref 0 displacement 0; R invalid 0 unconfirmed 0 aged 0 refresh 0 admitted 8670 missing 8670 no-ref 0 displacement 0
 INFO [operator()] Session state changed: XR_SESSION_STATE_VISIBLE
 INFO [operator()] Session state changed: XR_SESSION_STATE_SYNCHRONIZED
 INFO [operator()] Session state changed: XR_SESSION_STATE_STOPPING
 INFO [operator()] Session state changed: XR_SESSION_STATE_IDLE
 INFO [report_frame] nxwarp atlas: 90 frames, avg skip 288 intra 289 coded 289, atlas 90 picture 0, avg worst disp 0.0 q4
 INFO [encode] nxwarp: stream 0 stereo compose 0.000 ms/frame (max 0.000), 0.0% of the 3.8 ms encode
 INFO [encode] nxwarp: stream 0 encoded 90 frames in 2.0 s: 3.8 ms/frame (max 6.2), 21237 B/frame at fixed QP 40, paced to 45.0 fps (fixed by configuration), 90 composited frame(s) not sent
 INFO [encode] nxwarp: stream 0 tile mapping: 90 frame(s) with per-tile spans, 0 with the fixed-chunk fallback ("tile-map": "auto")
nxvc atlas admission/eye (first rejection; aged allowed): L invalid 0 unconfirmed 0 aged 0 refresh 36 admitted 8670 missing 8634 no-ref 0 displacement 0; R invalid 0 unconfirmed 0 aged 0 refresh 36 admitted 8670 missing 8634 no-ref 0 displacement 0
 INFO [operator()] Session state changed: XR_SESSION_STATE_READY
 INFO [operator()] user presence changed to false
 INFO [operator()] Session state changed: XR_SESSION_STATE_SYNCHRONIZED
 INFO [operator()] Session state changed: XR_SESSION_STATE_VISIBLE
 INFO [operator()] Session state changed: XR_SESSION_STATE_FOCUSED
nxvc atlas admission/eye (first rejection; aged allowed): L invalid 0 unconfirmed 1480 aged 0 refresh 52 admitted 8016 missing 7503 no-ref 289 displacement 0; R invalid 0 unconfirmed 1490 aged 0 refresh 53 admitted 8005 missing 7503 no-ref 289 displacement 0
 INFO [report_frame] nxwarp atlas: 91 frames, avg skip 265 intra 312 coded 312, atlas 91 picture 0, avg worst disp 0.0 q4
 INFO [encode] nxwarp: stream 0 stereo compose 0.000 ms/frame (max 0.000), 0.0% of the 3.8 ms encode
 INFO [encode] nxwarp: stream 0 encoded 91 frames in 2.0 s: 3.8 ms/frame (max 5.0), 13169 B/frame at fixed QP 40, paced to 45.0 fps (fixed by configuration), 91 composited frame(s) not sent
 INFO [encode] nxwarp: stream 0 tile mapping: 91 frame(s) with per-tile spans, 0 with the fixed-chunk fallback ("tile-map": "auto")
 INFO [encode] nxwarp: stream 0 the headset did not reconstruct 3 frame(s) since the last report; 3 of them cost an all-intra frame and 0 named a frame older than one already coded intra and cost nothing. Last was frame 2319, dropped by the worker backlog
nxvc atlas admission/eye (first rejection; aged allowed): L invalid 0 unconfirmed 0 aged 0 refresh 47 admitted 8623 missing 8670 no-ref 0 displacement 0; R invalid 0 unconfirmed 0 aged 0 refresh 52 admitted 8618 missing 8670 no-ref 0 displacement 0
 INFO [report_frame] nxwarp atlas: 91 frames, avg skip 286 intra 291 coded 291, atlas 91 picture 0, avg worst disp 0.0 q4
 INFO [encode] nxwarp: stream 0 stereo compose 0.000 ms/frame (max 0.000), 0.0% of the 3.8 ms encode
 INFO [encode] nxwarp: stream 0 encoded 91 frames in 2.0 s: 3.8 ms/frame (max 5.6), 29011 B/frame at fixed QP 40, paced to 45.0 fps (fixed by configuration), 91 composited frame(s) not sent
 INFO [encode] nxwarp: stream 0 tile mapping: 91 frame(s) with per-tile spans, 0 with the fixed-chunk fallback ("tile-map": "auto")
nxvc atlas admission/eye (first rejection; aged allowed): L invalid 0 unconfirmed 0 aged 0 refresh 50 admitted 8620 missing 8670 no-ref 0 displacement 0; R invalid 0 unconfirmed 0 aged 0 refresh 47 admitted 8623 missing 8670 no-ref 0 displacement 0
nxvc atlas admission/eye (first rejection; aged allowed): L invalid 0 unconfirmed 0 aged 0 refresh 38 admitted 8632 missing 8670 no-ref 0 displacement 0; R invalid 0 unconfirmed 0 aged 0 refresh 31 admitted 8639 missing 8670 no-ref 0 displacement 0
 INFO [report_frame] nxwarp atlas: 91 frames, avg skip 288 intra 289 coded 289, atlas 91 picture 0, avg worst disp 0.0 q4
 INFO [encode] nxwarp: stream 0 stereo compose 0.000 ms/frame (max 0.000), 0.0% of the 3.8 ms encode
 INFO [encode] nxwarp: stream 0 encoded 91 frames in 2.0 s: 3.8 ms/frame (max 5.0), 28406 B/frame at fixed QP 40, paced to 45.0 fps (fixed by configuration), 91 composited frame(s) not sent
 INFO [encode] nxwarp: stream 0 tile mapping: 91 frame(s) with per-tile spans, 0 with the fixed-chunk fallback ("tile-map": "auto")
nxvc atlas admission/eye (first rejection; aged allowed): L invalid 0 unconfirmed 0 aged 0 refresh 0 admitted 8670 missing 8670 no-ref 0 displacement 0; R invalid 0 unconfirmed 0 aged 0 refresh 0 admitted 8670 missing 8670 no-ref 0 displacement 0
 INFO [report_frame] nxwarp atlas: 91 frames, avg skip 289 intra 288 coded 288, atlas 91 picture 0, avg worst disp 0.0 q4
 INFO [encode] nxwarp: stream 0 stereo compose 0.000 ms/frame (max 0.000), 0.0% of the 3.7 ms encode
 INFO [encode] nxwarp: stream 0 encoded 91 frames in 2.0 s: 3.7 ms/frame (max 5.7), 28852 B/frame at fixed QP 40, paced to 45.0 fps (fixed by configuration), 91 composited frame(s) not sent
 INFO [encode] nxwarp: stream 0 tile mapping: 91 frame(s) with per-tile spans, 0 with the fixed-chunk fallback ("tile-map": "auto")
nxvc atlas admission/eye (first rejection; aged allowed): L invalid 0 unconfirmed 0 aged 0 refresh 0 admitted 8670 missing 8670 no-ref 0 displacement 0; R invalid 0 unconfirmed 0 aged 0 refresh 0 admitted 8670 missing 8670 no-ref 0 displacement 0
nxvc atlas admission/eye (first rejection; aged allowed): L invalid 0 unconfirmed 0 aged 0 refresh 0 admitted 8670 missing 8670 no-ref 0 displacement 0; R invalid 0 unconfirmed 0 aged 0 refresh 0 admitted 8670 missing 8670 no-ref 0 displacement 0
 INFO [report_frame] nxwarp atlas: 91 frames, avg skip 288 intra 289 coded 289, atlas 91 picture 0, avg worst disp 0.0 q4
 INFO [encode] nxwarp: stream 0 stereo compose 0.000 ms/frame (max 0.000), 0.0% of the 3.8 ms encode
 INFO [encode] nxwarp: stream 0 encoded 91 frames in 2.0 s: 3.8 ms/frame (max 5.7), 29039 B/frame at fixed QP 40, paced to 45.0 fps (fixed by configuration), 91 composited frame(s) not sent
 INFO [encode] nxwarp: stream 0 tile mapping: 91 frame(s) with per-tile spans, 0 with the fixed-chunk fallback ("tile-map": "auto")
nxvc atlas admission/eye (first rejection; aged allowed): L invalid 0 unconfirmed 0 aged 0 refresh 0 admitted 8670 missing 8670 no-ref 0 displacement 0; R invalid 0 unconfirmed 0 aged 0 refresh 0 admitted 8670 missing 8670 no-ref 0 displacement 0
 INFO [operator()] Session state changed: XR_SESSION_STATE_VISIBLE
 INFO [operator()] Session state changed: XR_SESSION_STATE_SYNCHRONIZED
 INFO [operator()] Session state changed: XR_SESSION_STATE_STOPPING
 INFO [operator()] Session state changed: XR_SESSION_STATE_IDLE
 INFO [report_frame] nxwarp atlas: 90 frames, avg skip 285 intra 292 coded 292, atlas 90 picture 0, avg worst disp 0.0 q4
 INFO [encode] nxwarp: stream 0 stereo compose 0.000 ms/frame (max 0.000), 0.0% of the 3.8 ms encode
 INFO [encode] nxwarp: stream 0 encoded 90 frames in 2.0 s: 3.8 ms/frame (max 5.5), 20123 B/frame at fixed QP 40, paced to 45.0 fps (fixed by configuration), 90 composited frame(s) not sent
 INFO [encode] nxwarp: stream 0 tile mapping: 90 frame(s) with per-tile spans, 0 with the fixed-chunk fallback ("tile-map": "auto")
nxvc atlas admission/eye (first rejection; aged allowed): L invalid 0 unconfirmed 0 aged 0 refresh 36 admitted 8650 missing 8654 no-ref 0 displacement 0; R invalid 0 unconfirmed 0 aged 0 refresh 36 admitted 8649 missing 8655 no-ref 0 displacement 0
nxvc atlas admission/eye (first rejection; aged allowed): L invalid 0 unconfirmed 0 aged 0 refresh 47 admitted 8670 missing 8623 no-ref 0 displacement 0; R invalid 0 unconfirmed 0 aged 0 refresh 47 admitted 8670 missing 8623 no-ref 0 displacement 0
 INFO [report_frame] nxwarp atlas: 91 frames, avg skip 290 intra 288 coded 288, atlas 91 picture 0, avg worst disp 0.0 q4
 INFO [encode] nxwarp: stream 0 stereo compose 0.000 ms/frame (max 0.000), 0.0% of the 3.7 ms encode
 INFO [encode] nxwarp: stream 0 encoded 91 frames in 2.0 s: 3.7 ms/frame (max 4.9), 4840 B/frame at fixed QP 40, paced to 45.0 fps (fixed by configuration), 91 composited frame(s) not sent
 INFO [encode] nxwarp: stream 0 tile mapping: 91 frame(s) with per-tile spans, 0 with the fixed-chunk fallback ("tile-map": "auto")
 INFO [operator()] Session state changed: XR_SESSION_STATE_READY
 INFO [operator()] user presence changed to false
 INFO [operator()] Session state changed: XR_SESSION_STATE_SYNCHRONIZED
 INFO [operator()] Session state changed: XR_SESSION_STATE_VISIBLE
 INFO [operator()] Session state changed: XR_SESSION_STATE_FOCUSED
nxvc atlas admission/eye (first rejection; aged allowed): L invalid 0 unconfirmed 121 aged 0 refresh 56 admitted 8820 missing 8343 no-ref 0 displacement 0; R invalid 0 unconfirmed 117 aged 0 refresh 48 admitted 8828 missing 8347 no-ref 0 displacement 0
 INFO [report_frame] nxwarp atlas: 91 frames, avg skip 284 intra 293 coded 293, atlas 91 picture 0, avg worst disp 0.0 q4
 INFO [encode] nxwarp: stream 0 stereo compose 0.000 ms/frame (max 0.000), 0.0% of the 3.9 ms encode
 INFO [encode] nxwarp: stream 0 encoded 91 frames in 2.0 s: 3.9 ms/frame (max 5.8), 20815 B/frame at fixed QP 40, paced to 45.0 fps (fixed by configuration), 91 composited frame(s) not sent
 INFO [encode] nxwarp: stream 0 tile mapping: 91 frame(s) with per-tile spans, 0 with the fixed-chunk fallback ("tile-map": "auto")
nxvc atlas admission/eye (first rejection; aged allowed): L invalid 0 unconfirmed 0 aged 0 refresh 50 admitted 8620 missing 8670 no-ref 0 displacement 0; R invalid 0 unconfirmed 0 aged 0 refresh 47 admitted 8623 missing 8670 no-ref 0 displacement 0
nxvc atlas admission/eye (first rejection; aged allowed): L invalid 0 unconfirmed 0 aged 0 refresh 50 admitted 8620 missing 8670 no-ref 0 displacement 0; R invalid 0 unconfirmed 0 aged 0 refresh 45 admitted 8625 missing 8670 no-ref 0 displacement 0
 INFO [report_frame] nxwarp atlas: 91 frames, avg skip 286 intra 291 coded 291, atlas 91 picture 0, avg worst disp 0.0 q4
 INFO [encode] nxwarp: stream 0 stereo compose 0.000 ms/frame (max 0.000), 0.0% of the 4.0 ms encode
 INFO [encode] nxwarp: stream 0 encoded 91 frames in 2.0 s: 4.0 ms/frame (max 5.8), 29101 B/frame at fixed QP 40, paced to 45.0 fps (fixed by configuration), 91 composited frame(s) not sent
 INFO [encode] nxwarp: stream 0 tile mapping: 91 frame(s) with per-tile spans, 0 with the fixed-chunk fallback ("tile-map": "auto")
nxvc atlas admission/eye (first rejection; aged allowed): L invalid 0 unconfirmed 0 aged 0 refresh 37 admitted 8633 missing 8670 no-ref 0 displacement 0; R invalid 0 unconfirmed 0 aged 0 refresh 44 admitted 8626 missing 8670 no-ref 0 displacement 0
 INFO [report_frame] nxwarp atlas: 91 frames, avg skip 288 intra 289 coded 289, atlas 91 picture 0, avg worst disp 0.0 q4
 INFO [encode] nxwarp: stream 0 stereo compose 0.000 ms/frame (max 0.000), 0.0% of the 3.9 ms encode
 INFO [encode] nxwarp: stream 0 encoded 91 frames in 2.0 s: 3.9 ms/frame (max 5.9), 28791 B/frame at fixed QP 40, paced to 45.0 fps (fixed by configuration), 91 composited frame(s) not sent
 INFO [encode] nxwarp: stream 0 tile mapping: 91 frame(s) with per-tile spans, 0 with the fixed-chunk fallback ("tile-map": "auto")
nxvc atlas admission/eye (first rejection; aged allowed): L invalid 0 unconfirmed 0 aged 0 refresh 0 admitted 8670 missing 8670 no-ref 0 displacement 0; R invalid 0 unconfirmed 0 aged 0 refresh 0 admitted 8670 missing 8670 no-ref 0 displacement 0
nxvc atlas admission/eye (first rejection; aged allowed): L invalid 0 unconfirmed 0 aged 0 refresh 0 admitted 8670 missing 8670 no-ref 0 displacement 0; R invalid 0 unconfirmed 0 aged 0 refresh 0 admitted 8670 missing 8670 no-ref 0 displacement 0
 INFO [report_frame] nxwarp atlas: 91 frames, avg skip 289 intra 288 coded 288, atlas 91 picture 0, avg worst disp 0.0 q4
 INFO [encode] nxwarp: stream 0 stereo compose 0.000 ms/frame (max 0.000), 0.0% of the 3.8 ms encode
 INFO [encode] nxwarp: stream 0 encoded 91 frames in 2.0 s: 3.8 ms/frame (max 4.9), 28640 B/frame at fixed QP 40, paced to 45.0 fps (fixed by configuration), 91 composited frame(s) not sent
 INFO [encode] nxwarp: stream 0 tile mapping: 91 frame(s) with per-tile spans, 0 with the fixed-chunk fallback ("tile-map": "auto")
nxvc atlas admission/eye (first rejection; aged allowed): L invalid 0 unconfirmed 0 aged 0 refresh 0 admitted 8670 missing 8670 no-ref 0 displacement 0; R invalid 0 unconfirmed 0 aged 0 refresh 0 admitted 8670 missing 8670 no-ref 0 displacement 0
 INFO [report_frame] nxwarp atlas: 90 frames, avg skip 289 intra 289 coded 289, atlas 90 picture 0, avg worst disp 0.0 q4
 INFO [encode] nxwarp: stream 0 stereo compose 0.000 ms/frame (max 0.000), 0.0% of the 3.9 ms encode
 INFO [encode] nxwarp: stream 0 encoded 90 frames in 2.0 s: 3.9 ms/frame (max 5.9), 28625 B/frame at fixed QP 40, paced to 45.0 fps (fixed by configuration), 90 composited frame(s) not sent
 INFO [encode] nxwarp: stream 0 tile mapping: 90 frame(s) with per-tile spans, 0 with the fixed-chunk fallback ("tile-map": "auto")
nxvc atlas admission/eye (first rejection; aged allowed): L invalid 0 unconfirmed 0 aged 0 refresh 0 admitted 8670 missing 8670 no-ref 0 displacement 0; R invalid 0 unconfirmed 0 aged 0 refresh 0 admitted 8670 missing 8670 no-ref 0 displacement 0
 INFO [operator()] Session state changed: XR_SESSION_STATE_VISIBLE
 INFO [operator()] Session state changed: XR_SESSION_STATE_SYNCHRONIZED
 INFO [operator()] Session state changed: XR_SESSION_STATE_STOPPING
 INFO [operator()] Session state changed: XR_SESSION_STATE_IDLE
nxvc atlas admission/eye (first rejection; aged allowed): L invalid 11 unconfirmed 28 aged 0 refresh 32 admitted 9209 missing 8060 no-ref 0 displacement 0; R invalid 2 unconfirmed 2 aged 0 refresh 29 admitted 9244 missing 8063 no-ref 0 displacement 0
 INFO [report_frame] nxwarp atlas: 90 frames, avg skip 300 intra 277 coded 277, atlas 90 picture 0, avg worst disp 0.0 q4
 INFO [encode] nxwarp: stream 0 stereo compose 0.000 ms/frame (max 0.000), 0.0% of the 3.8 ms encode
 INFO [encode] nxwarp: stream 0 encoded 90 frames in 2.0 s: 3.8 ms/frame (max 4.9), 12567 B/frame at fixed QP 40, paced to 45.0 fps (fixed by configuration), 90 composited frame(s) not sent
 INFO [encode] nxwarp: stream 0 tile mapping: 90 frame(s) with per-tile spans, 0 with the fixed-chunk fallback ("tile-map": "auto")
 INFO [encode] nxwarp: stream 0 the headset did not reconstruct 2 frame(s) since the last report; 2 of them cost an all-intra frame and 0 named a frame older than one already coded intra and cost nothing. Last was frame 3387, dropped by the worker backlog
nxvc atlas admission/eye (first rejection; aged allowed): L invalid 0 unconfirmed 0 aged 0 refresh 54 admitted 8667 missing 8619 no-ref 0 displacement 0; R invalid 0 unconfirmed 0 aged 0 refresh 45 admitted 8670 missing 8625 no-ref 0 displacement 0
 INFO [operator()] Session state changed: XR_SESSION_STATE_READY
 INFO [operator()] user presence changed to false
 INFO [operator()] Session state changed: XR_SESSION_STATE_SYNCHRONIZED
 INFO [operator()] Session state changed: XR_SESSION_STATE_VISIBLE
 INFO [operator()] Session state changed: XR_SESSION_STATE_FOCUSED
 INFO [report_frame] nxwarp atlas: 91 frames, avg skip 292 intra 285 coded 285, atlas 91 picture 0, avg worst disp 0.0 q4
 INFO [encode] nxwarp: stream 0 stereo compose 0.000 ms/frame (max 0.000), 0.0% of the 3.9 ms encode
 INFO [encode] nxwarp: stream 0 encoded 91 frames in 2.0 s: 3.9 ms/frame (max 5.8), 13826 B/frame at fixed QP 40, paced to 45.0 fps (fixed by configuration), 91 composited frame(s) not sent
 INFO [encode] nxwarp: stream 0 tile mapping: 91 frame(s) with per-tile spans, 0 with the fixed-chunk fallback ("tile-map": "auto")
 INFO [encode] nxwarp: stream 0 the headset did not reconstruct 2 frame(s) since the last report; 2 of them cost an all-intra frame and 0 named a frame older than one already coded intra and cost nothing. Last was frame 3501, dropped by the worker backlog
nxvc atlas admission/eye (first rejection; aged allowed): L invalid 7 unconfirmed 15 aged 0 refresh 47 admitted 9141 missing 8130 no-ref 0 displacement 0; R invalid 4 unconfirmed 6 aged 0 refresh 55 admitted 9146 missing 8129 no-ref 0 displacement 0
 INFO [ipc_server_mainloop_poll] Got shutdown signal, shutting down.
Terminated
No longer listening for secondary paths
 INFO [client_disconnected] Client 1 disconnected
 INFO [update_session_state_locked] Stopped native session, 0 active app session(s).
 INFO [multi_main_loop] Already stopped, nothing to clean up.
 INFO [ipc_server_main_common] Server exiting: '0'
Server exited, exit status 0
