--------- beginning of system
--------- beginning of main
09-07 20:31:32.713 24853  3563 I WiVRn   : [2026-09-07 20:31:32.713] [WiVRn] [info] Sending query for _wivrn._tcp.local., type PTR
09-07 20:31:34.165 24853 24853 I WiVRn   : [2026-09-07 20:31:34.165] [WiVRn] [info] Received intent wivrn://192.168.1.2
09-07 20:31:34.169 24853  3544 I WiVRn   : [2026-09-07 20:31:34.169] [WiVRn] [info] Session state changed at timestamp 0: XR_SESSION_STATE_FOCUSED => XR_SESSION_STATE_VISIBLE
09-07 20:31:34.180 24853  3544 I WiVRn   : [2026-09-07 20:31:34.180] [WiVRn] [info] Session state changed at timestamp 0: XR_SESSION_STATE_VISIBLE => XR_SESSION_STATE_SYNCHRONIZED
09-07 20:31:34.180 24853  3544 I WiVRn   : [2026-09-07 20:31:34.180] [WiVRn] [info] Session state changed at timestamp 0: XR_SESSION_STATE_SYNCHRONIZED => XR_SESSION_STATE_STOPPING
09-07 20:31:34.181 24853  3544 I WiVRn   : [2026-09-07 20:31:34.181] [WiVRn] [info] Session state changed at timestamp 0: XR_SESSION_STATE_STOPPING => XR_SESSION_STATE_IDLE
09-07 20:31:34.181 24853  3544 I WiVRn   : [2026-09-07 20:31:34.181] [WiVRn] [info] Session state changed at timestamp 0: XR_SESSION_STATE_IDLE => XR_SESSION_STATE_READY
09-07 20:31:34.182 24853  3544 I WiVRn   : [2026-09-07 20:31:34.182] [WiVRn] [info] Received event type XR_TYPE_EVENT_DATA_USER_PRESENCE_CHANGED_EXT
09-07 20:31:34.183 24853  3819 I WiVRn   : [2026-09-07 20:31:34.183] [WiVRn] [info] Using pin "000000"
09-07 20:31:34.189 24853  3544 I WiVRn   : [2026-09-07 20:31:34.189] [WiVRn] [info] Session state changed at timestamp 0: XR_SESSION_STATE_READY => XR_SESSION_STATE_SYNCHRONIZED
09-07 20:31:34.189 24853  3544 I WiVRn   : [2026-09-07 20:31:34.189] [WiVRn] [info] Session state changed at timestamp 0: XR_SESSION_STATE_SYNCHRONIZED => XR_SESSION_STATE_VISIBLE
09-07 20:31:34.189 24853  3544 I WiVRn   : [2026-09-07 20:31:34.189] [WiVRn] [info] Session state changed at timestamp 0: XR_SESSION_STATE_VISIBLE => XR_SESSION_STATE_FOCUSED
09-07 20:31:34.190 24853  3819 I WiVRn   : [2026-09-07 20:31:34.190] [WiVRn] [info] Wi-Fi QoS marks enabled (uplink EF / AC_VO)
09-07 20:31:34.200 24853  3544 I WiVRn   : [2026-09-07 20:31:34.200] [WiVRn] [info] Supported swapchain formats:
09-07 20:31:34.200 24853  3544 I WiVRn   : [2026-09-07 20:31:34.200] [WiVRn] [info]     R8G8B8A8Srgb
09-07 20:31:34.200 24853  3544 I WiVRn   : [2026-09-07 20:31:34.200] [WiVRn] [info]     R8Unorm
09-07 20:31:34.200 24853  3544 I WiVRn   : [2026-09-07 20:31:34.200] [WiVRn] [info]     R8G8Unorm
09-07 20:31:34.200 24853  3544 I WiVRn   : [2026-09-07 20:31:34.200] [WiVRn] [info]     R8G8B8A8Unorm
09-07 20:31:34.200 24853  3544 I WiVRn   : [2026-09-07 20:31:34.200] [WiVRn] [info]     R5G6B5UnormPack16
09-07 20:31:34.200 24853  3544 I WiVRn   : [2026-09-07 20:31:34.200] [WiVRn] [info]     A2B10G10R10UnormPack32
09-07 20:31:34.200 24853  3544 I WiVRn   : [2026-09-07 20:31:34.200] [WiVRn] [info]     R16Unorm
09-07 20:31:34.200 24853  3544 I WiVRn   : [2026-09-07 20:31:34.200] [WiVRn] [info]     R16G16Unorm
09-07 20:31:34.200 24853  3544 I WiVRn   : [2026-09-07 20:31:34.200] [WiVRn] [info]     R16G16B16A16Unorm
09-07 20:31:34.200 24853  3544 I WiVRn   : [2026-09-07 20:31:34.200] [WiVRn] [info]     R16Uint
09-07 20:31:34.200 24853  3544 I WiVRn   : [2026-09-07 20:31:34.200] [WiVRn] [info]     R16G16Uint
09-07 20:31:34.200 24853  3544 I WiVRn   : [2026-09-07 20:31:34.200] [WiVRn] [info]     R16G16B16A16Uint
09-07 20:31:34.200 24853  3544 I WiVRn   : [2026-09-07 20:31:34.200] [WiVRn] [info]     R16Sint
09-07 20:31:34.200 24853  3544 I WiVRn   : [2026-09-07 20:31:34.200] [WiVRn] [info]     R16G16Sint
09-07 20:31:34.200 24853  3544 I WiVRn   : [2026-09-07 20:31:34.200] [WiVRn] [info]     R16G16B16A16Sint
09-07 20:31:34.200 24853  3544 I WiVRn   : [2026-09-07 20:31:34.200] [WiVRn] [info]     R16Sfloat
09-07 20:31:34.200 24853  3544 I WiVRn   : [2026-09-07 20:31:34.200] [WiVRn] [info]     R16G16Sfloat
09-07 20:31:34.200 24853  3544 I WiVRn   : [2026-09-07 20:31:34.200] [WiVRn] [info]     R16G16B16A16Sfloat
09-07 20:31:34.200 24853  3544 I WiVRn   : [2026-09-07 20:31:34.200] [WiVRn] [info]     A1R5G5B5UnormPack16
09-07 20:31:34.200 24853  3544 I WiVRn   : [2026-09-07 20:31:34.200] [WiVRn] [info]     Etc2R8G8B8UnormBlock
09-07 20:31:34.200 24853  3544 I WiVRn   : [2026-09-07 20:31:34.200] [WiVRn] [info]     Etc2R8G8B8A1UnormBlock
09-07 20:31:34.200 24853  3544 I WiVRn   : [2026-09-07 20:31:34.200] [WiVRn] [info]     Etc2R8G8B8A8UnormBlock
09-07 20:31:34.200 24853  3544 I WiVRn   : [2026-09-07 20:31:34.200] [WiVRn] [info]     Etc2R8G8B8SrgbBlock
09-07 20:31:34.200 24853  3544 I WiVRn   : [2026-09-07 20:31:34.200] [WiVRn] [info]     Etc2R8G8B8A1SrgbBlock
09-07 20:31:34.200 24853  3544 I WiVRn   : [2026-09-07 20:31:34.200] [WiVRn] [info]     Etc2R8G8B8A8SrgbBlock
09-07 20:31:34.200 24853  3544 I WiVRn   : [2026-09-07 20:31:34.200] [WiVRn] [info]     EacR11UnormBlock
09-07 20:31:34.200 24853  3544 I WiVRn   : [2026-09-07 20:31:34.200] [WiVRn] [info]     EacR11G11UnormBlock
09-07 20:31:34.200 24853  3544 I WiVRn   : [2026-09-07 20:31:34.200] [WiVRn] [info]     EacR11SnormBlock
09-07 20:31:34.200 24853  3544 I WiVRn   : [2026-09-07 20:31:34.200] [WiVRn] [info]     EacR11G11SnormBlock
09-07 20:31:34.200 24853  3544 I WiVRn   : [2026-09-07 20:31:34.200] [WiVRn] [info]     Astc4x4UnormBlock
09-07 20:31:34.200 24853  3544 I WiVRn   : [2026-09-07 20:31:34.200] [WiVRn] [info]     Astc5x4UnormBlock
09-07 20:31:34.200 24853  3544 I WiVRn   : [2026-09-07 20:31:34.200] [WiVRn] [info]     Astc5x5UnormBlock
09-07 20:31:34.200 24853  3544 I WiVRn   : [2026-09-07 20:31:34.200] [WiVRn] [info]     Astc6x5UnormBlock
09-07 20:31:34.200 24853  3544 I WiVRn   : [2026-09-07 20:31:34.200] [WiVRn] [info]     Astc6x6UnormBlock
09-07 20:31:34.200 24853  3544 I WiVRn   : [2026-09-07 20:31:34.200] [WiVRn] [info]     Astc8x5UnormBlock
09-07 20:31:34.200 24853  3544 I WiVRn   : [2026-09-07 20:31:34.200] [WiVRn] [info]     Astc8x6UnormBlock
09-07 20:31:34.200 24853  3544 I WiVRn   : [2026-09-07 20:31:34.200] [WiVRn] [info]     Astc8x8UnormBlock
09-07 20:31:34.200 24853  3544 I WiVRn   : [2026-09-07 20:31:34.200] [WiVRn] [info]     Astc10x5UnormBlock
09-07 20:31:34.200 24853  3544 I WiVRn   : [2026-09-07 20:31:34.200] [WiVRn] [info]     Astc10x6UnormBlock
09-07 20:31:34.200 24853  3544 I WiVRn   : [2026-09-07 20:31:34.200] [WiVRn] [info]     Astc10x8UnormBlock
09-07 20:31:34.200 24853  3544 I WiVRn   : [2026-09-07 20:31:34.200] [WiVRn] [info]     Astc10x10UnormBlock
09-07 20:31:34.200 24853  3544 I WiVRn   : [2026-09-07 20:31:34.200] [WiVRn] [info]     Astc12x10UnormBlock
09-07 20:31:34.200 24853  3544 I WiVRn   : [2026-09-07 20:31:34.200] [WiVRn] [info]     Astc12x12UnormBlock
09-07 20:31:34.200 24853  3544 I WiVRn   : [2026-09-07 20:31:34.200] [WiVRn] [info]     Astc4x4SrgbBlock
09-07 20:31:34.200 24853  3544 I WiVRn   : [2026-09-07 20:31:34.200] [WiVRn] [info]     Astc5x4SrgbBlock
09-07 20:31:34.200 24853  3544 I WiVRn   : [2026-09-07 20:31:34.200] [WiVRn] [info]     Astc5x5SrgbBlock
09-07 20:31:34.200 24853  3544 I WiVRn   : [2026-09-07 20:31:34.200] [WiVRn] [info]     Astc6x5SrgbBlock
09-07 20:31:34.200 24853  3544 I WiVRn   : [2026-09-07 20:31:34.200] [WiVRn] [info]     Astc6x6SrgbBlock
09-07 20:31:34.200 24853  3544 I WiVRn   : [2026-09-07 20:31:34.200] [WiVRn] [info]     Astc8x5SrgbBlock
09-07 20:31:34.200 24853  3544 I WiVRn   : [2026-09-07 20:31:34.200] [WiVRn] [info]     Astc8x6SrgbBlock
09-07 20:31:34.200 24853  3544 I WiVRn   : [2026-09-07 20:31:34.200] [WiVRn] [info]     Astc8x8SrgbBlock
09-07 20:31:34.200 24853  3544 I WiVRn   : [2026-09-07 20:31:34.200] [WiVRn] [info]     Astc10x5SrgbBlock
09-07 20:31:34.200 24853  3544 I WiVRn   : [2026-09-07 20:31:34.200] [WiVRn] [info]     Astc10x6SrgbBlock
09-07 20:31:34.200 24853  3544 I WiVRn   : [2026-09-07 20:31:34.200] [WiVRn] [info]     Astc10x8SrgbBlock
09-07 20:31:34.200 24853  3544 I WiVRn   : [2026-09-07 20:31:34.200] [WiVRn] [info]     Astc10x10SrgbBlock
09-07 20:31:34.200 24853  3544 I WiVRn   : [2026-09-07 20:31:34.200] [WiVRn] [info]     Astc12x10SrgbBlock
09-07 20:31:34.200 24853  3544 I WiVRn   : [2026-09-07 20:31:34.200] [WiVRn] [info]     Astc12x12SrgbBlock
09-07 20:31:34.200 24853  3544 I WiVRn   : [2026-09-07 20:31:34.200] [WiVRn] [info]     D16Unorm
09-07 20:31:34.200 24853  3544 I WiVRn   : [2026-09-07 20:31:34.200] [WiVRn] [info]     X8D24UnormPack32
09-07 20:31:34.200 24853  3544 I WiVRn   : [2026-09-07 20:31:34.200] [WiVRn] [info]     D32Sfloat
09-07 20:31:34.200 24853  3544 I WiVRn   : [2026-09-07 20:31:34.200] [WiVRn] [info]     D24UnormS8Uint
09-07 20:31:34.200 24853  3544 I WiVRn   : [2026-09-07 20:31:34.200] [WiVRn] [info]     B8G8R8A8Unorm
09-07 20:31:34.200 24853  3544 I WiVRn   : [2026-09-07 20:31:34.200] [WiVRn] [info]     B8G8R8A8Srgb
09-07 20:31:34.201 24853  3544 I WiVRn   : [2026-09-07 20:31:34.201] [WiVRn] [info] Using panel size: 2160x2160
09-07 20:31:34.222 24853  3544 I WiVRn   : [2026-09-07 20:31:34.222] [WiVRn] [info] video codec av1: NOT supported
09-07 20:31:34.256 24853  3544 I WiVRn   : [2026-09-07 20:31:34.256] [WiVRn] [info] video codec h265: supported
09-07 20:31:34.290 24853  3544 I WiVRn   : [2026-09-07 20:31:34.290] [WiVRn] [info] video codec h264: supported
09-07 20:31:34.297 24853  3544 I WiVRn   : [2026-09-07 20:31:34.297] [WiVRn] [info] Using format R8G8B8A8Srgb
09-07 20:31:34.299 24853  3544 I WiVRn   : [2026-09-07 20:31:34.299] [WiVRn] [info] WifiLock low latency acquired
09-07 20:31:34.331 24853  3854 I WiVRn   : [2026-09-07 20:31:34.331] [WiVRn] [info] setup, refresh rate 90
09-07 20:31:34.331 24853  3854 I WiVRn   : [2026-09-07 20:31:34.331] [WiVRn] [info] set refresh rate to 90Hz
09-07 20:31:34.332 24853  3854 I WiVRn   : [2026-09-07 20:31:34.332] [WiVRn] [info] Creating decoders, size 1088x1088
09-07 20:31:34.332 24853  3854 I WiVRn   : [2026-09-07 20:31:34.332] [WiVRn] [info] edge bleed: server overscan 5.0%, client ring 0.0% (fade)
09-07 20:31:34.332 24853  3854 I WiVRn   : [2026-09-07 20:31:34.332] [WiVRn] [info]   stream 0: role 0, 1088x1088
09-07 20:31:34.332 24853  3854 I WiVRn   : [2026-09-07 20:31:34.332] [WiVRn] [info] nxwarp: decoupled display on
09-07 20:31:34.332 24853  3854 I WiVRn   : [2026-09-07 20:31:34.332] [WiVRn] [info] nxwarp: ycbcr chroma filter linear
09-07 20:31:34.332 24853  3854 I WiVRn   : [2026-09-07 20:31:34.332] [WiVRn] [info] nxwarp[0]: decoupled display -- frames are published complete and the reprojection pass waits on nothing
09-07 20:31:34.332 24853  3854 I WiVRn   : [2026-09-07 20:31:34.332] [WiVRn] [info]   stream 2: role 1, 1088x544
09-07 20:31:34.332 24853  3854 I WiVRn   : [2026-09-07 20:31:34.332] [WiVRn] [info] nxwarp: decoupled display on
09-07 20:31:34.332 24853  3854 I WiVRn   : [2026-09-07 20:31:34.332] [WiVRn] [info] nxwarp: ycbcr chroma filter linear
09-07 20:31:34.332 24853  3854 I WiVRn   : [2026-09-07 20:31:34.332] [WiVRn] [info] nxwarp[2]: decoupled display -- frames are published complete and the reprojection pass waits on nothing
09-07 20:31:34.332 24853  3861 I WiVRn   : [2026-09-07 20:31:34.332] [WiVRn] [info] Adding hand_interaction poses to device list
09-07 20:31:34.332 24853  3861 I WiVRn   : [2026-09-07 20:31:34.332] [WiVRn] [info] interaction profile for /user/hand/left: /interaction_profiles/ext/hand_interaction_ext
09-07 20:31:34.332 24853  3861 I WiVRn   : [2026-09-07 20:31:34.332] [WiVRn] [info] interaction profile for /user/hand/right: /interaction_profiles/ext/hand_interaction_ext
09-07 20:31:34.332 24853  3861 I WiVRn   : [2026-09-07 20:31:34.332] [WiVRn] [info] interaction profile for /user/gamepad: XR_NULL_PATH
09-07 20:31:34.332 24853  3861 W WiVRn   : [2026-09-07 20:31:34.332] [WiVRn] [warning] unknown interaction profile XR_NULL_PATH
09-07 20:31:34.336 24853  3861 I WiVRn   : [2026-09-07 20:31:34.336] [WiVRn] [info] Tracking pattern (5000µs):
09-07 20:31:34.336 24853  3861 I WiVRn   : [2026-09-07 20:31:34.336] [WiVRn] [info] 	t+5000µs HEAD (0µs)
09-07 20:31:34.344 24853  3854 I WiVRn   : [2026-09-07 20:31:34.344] [WiVRn] [info] Speaker stream started
09-07 20:31:34.344 24853  3854 I WiVRn   : [2026-09-07 20:31:34.344] [WiVRn] [info] setup, refresh rate 90
09-07 20:31:34.344 24853  3854 I WiVRn   : [2026-09-07 20:31:34.344] [WiVRn] [info] set refresh rate to 90Hz
09-07 20:31:36.336 24853  3544 I WiVRn   : [2026-09-07 20:31:36.336] [WiVRn] [info] Session state changed at timestamp 0: XR_SESSION_STATE_FOCUSED => XR_SESSION_STATE_VISIBLE
09-07 20:31:36.336 24853  3544 I WiVRn   : [2026-09-07 20:31:36.336] [WiVRn] [info] Session state changed at timestamp 0: XR_SESSION_STATE_VISIBLE => XR_SESSION_STATE_SYNCHRONIZED
09-07 20:31:36.336 24853  3544 I WiVRn   : [2026-09-07 20:31:36.336] [WiVRn] [info] Session state changed at timestamp 0: XR_SESSION_STATE_SYNCHRONIZED => XR_SESSION_STATE_STOPPING
09-07 20:31:36.338 24853  3544 I WiVRn   : [2026-09-07 20:31:36.338] [WiVRn] [info] Session state changed at timestamp 0: XR_SESSION_STATE_STOPPING => XR_SESSION_STATE_IDLE
09-07 20:31:37.715 24853  3563 I WiVRn   : [2026-09-07 20:31:37.715] [WiVRn] [info] Sending query for _wivrn._tcp.local., type PTR
09-07 20:31:37.805 24853  3854 I WiVRn   : [2026-09-07 20:31:37.805] [WiVRn] [info] nxwarp[0]: real R8 atlas display with per-frame GPU snapshots
09-07 20:31:37.805 24853  3854 I WiVRn   : [2026-09-07 20:31:37.805] [WiVRn] [info] nxwarp[0]: 1088x1088 per eye, 2 eyes, on Adreno (TM) 650, 34 x 17 tiles, 1166 bytes per tile
09-07 20:31:37.808 24853  3854 I WiVRn   : [2026-09-07 20:31:37.808] [WiVRn] [info] nxwarp[0] net: 1 frames closed in 3.5 s, 0 with a hole, 0 out-of-order datagrams, 0 frames completed late, 0 queued for the worker, 0 decoded so far, 0 stragglers dropped; last hole 0/0 chunks, first missing -1, short false, chunk 1166 B
09-07 20:31:37.808 24853  3854 I WiVRn   : [2026-09-07 20:31:37.808] [WiVRn] [info] nxwarp[0] net: 0.079 ms per datagram over 18 datagrams (0.41 ms of every second)
09-07 20:31:37.808 24853  3854 I WiVRn   : [2026-09-07 20:31:37.808] [WiVRn] [info] nxwarp[0] sel: stride 1, arrival 0.0 ms, dropped-late 0, withheld 0, decoded 0
09-07 20:31:37.808 24853  3854 I WiVRn   : [2026-09-07 20:31:37.808] [WiVRn] [info] nxwarp[0] rx: 19 datagrams, placed 578 (+578), late 0 (+0), stale_frame 0, bad_range 0, bad_dir 0, bad_caps 0, bad_ver 0, auth_fail 0, replay 0, frozen 0, dup 0
09-07 20:31:37.831 24853  3861 I WiVRn   : [2026-09-07 20:31:37.831] [WiVRn] [info] Tracking pattern (5000µs):
09-07 20:31:37.831 24853  3861 I WiVRn   : [2026-09-07 20:31:37.831] [WiVRn] [info] 	t+680µs HEAD (34319µs)
09-07 20:31:37.831 24853  3861 I WiVRn   : [2026-09-07 20:31:37.831] [WiVRn] [info] 	t+1680µs HEAD (28319µs)
09-07 20:31:37.831 24853  3861 I WiVRn   : [2026-09-07 20:31:37.831] [WiVRn] [info] 	t+2680µs HEAD (37319µs)
09-07 20:31:37.831 24853  3861 I WiVRn   : [2026-09-07 20:31:37.831] [WiVRn] [info] 	t+2829µs LEFT_GRIP (37170µs)
09-07 20:31:37.831 24853  3861 I WiVRn   : [2026-09-07 20:31:37.831] [WiVRn] [info] 	t+2872µs RIGHT_GRIP (37127µs)
09-07 20:31:37.831 24853  3861 I WiVRn   : [2026-09-07 20:31:37.831] [WiVRn] [info] 	t+3680µs HEAD (31319µs)
09-07 20:31:37.831 24853  3861 I WiVRn   : [2026-09-07 20:31:37.831] [WiVRn] [info] 	t+4680µs HEAD (25319µs)
09-07 20:31:37.831 24853  3861 I WiVRn   : [2026-09-07 20:31:37.831] [WiVRn] [info] 	t+4680µs HEAD (40319µs)
09-07 20:31:37.831 24853  3861 I WiVRn   : [2026-09-07 20:31:37.831] [WiVRn] [info] 	t+4829µs LEFT_GRIP (40170µs)
09-07 20:31:37.831 24853  3861 I WiVRn   : [2026-09-07 20:31:37.831] [WiVRn] [info] 	t+4872µs RIGHT_GRIP (40127µs)
09-07 20:31:38.344 24853  3861 I WiVRn   : [2026-09-07 20:31:38.344] [WiVRn] [info] Tracking pattern (5000µs):
09-07 20:31:38.344 24853  3861 I WiVRn   : [2026-09-07 20:31:38.344] [WiVRn] [info] 	t+267µs HEAD (19732µs)
09-07 20:31:38.344 24853  3861 I WiVRn   : [2026-09-07 20:31:38.344] [WiVRn] [info] 	t+851µs LEFT_GRIP (19148µs)
09-07 20:31:38.344 24853  3861 I WiVRn   : [2026-09-07 20:31:38.344] [WiVRn] [info] 	t+865µs RIGHT_GRIP (19134µs)
09-07 20:31:38.344 24853  3861 I WiVRn   : [2026-09-07 20:31:38.344] [WiVRn] [info] 	t+2267µs HEAD (22732µs)
09-07 20:31:38.344 24853  3861 I WiVRn   : [2026-09-07 20:31:38.344] [WiVRn] [info] 	t+2851µs LEFT_GRIP (22148µs)
09-07 20:31:38.344 24853  3861 I WiVRn   : [2026-09-07 20:31:38.344] [WiVRn] [info] 	t+2865µs RIGHT_GRIP (22134µs)
09-07 20:31:39.143 24853  3544 I WiVRn   : [2026-09-07 20:31:39.143] [WiVRn] [info] Session state changed at timestamp 0: XR_SESSION_STATE_IDLE => XR_SESSION_STATE_READY
09-07 20:31:39.144 24853  3544 I WiVRn   : [2026-09-07 20:31:39.144] [WiVRn] [info] Received event type Unknown
09-07 20:31:39.144 24853  3544 I WiVRn   : [2026-09-07 20:31:39.144] [WiVRn] [info] Received event type XR_TYPE_EVENT_DATA_USER_PRESENCE_CHANGED_EXT
09-07 20:31:39.150 24853  3544 I WiVRn   : [2026-09-07 20:31:39.150] [WiVRn] [info] Session state changed at timestamp 0: XR_SESSION_STATE_READY => XR_SESSION_STATE_SYNCHRONIZED
09-07 20:31:39.150 24853  3544 I WiVRn   : [2026-09-07 20:31:39.150] [WiVRn] [info] Session state changed at timestamp 0: XR_SESSION_STATE_SYNCHRONIZED => XR_SESSION_STATE_VISIBLE
09-07 20:31:39.150 24853  3544 I WiVRn   : [2026-09-07 20:31:39.150] [WiVRn] [info] Session state changed at timestamp 0: XR_SESSION_STATE_VISIBLE => XR_SESSION_STATE_FOCUSED
09-07 20:31:39.200 24853  3544 I WiVRn   : [2026-09-07 20:31:39.200] [WiVRn] [info] Received event type Unknown
09-07 20:31:39.336 24853  3861 I WiVRn   : [2026-09-07 20:31:39.336] [WiVRn] [info] Tracking pattern (5000µs):
09-07 20:31:39.336 24853  3861 I WiVRn   : [2026-09-07 20:31:39.336] [WiVRn] [info] 	t+984µs HEAD (4015µs)
09-07 20:31:39.336 24853  3861 I WiVRn   : [2026-09-07 20:31:39.336] [WiVRn] [info] 	t+1048µs LEFT_GRIP (3951µs)
09-07 20:31:39.336 24853  3861 I WiVRn   : [2026-09-07 20:31:39.336] [WiVRn] [info] 	t+1805µs RIGHT_GRIP (3194µs)
09-07 20:31:39.336 24853  3861 I WiVRn   : [2026-09-07 20:31:39.336] [WiVRn] [info] 	t+2984µs HEAD (7015µs)
09-07 20:31:39.336 24853  3861 I WiVRn   : [2026-09-07 20:31:39.336] [WiVRn] [info] 	t+3048µs LEFT_GRIP (6951µs)
09-07 20:31:39.336 24853  3861 I WiVRn   : [2026-09-07 20:31:39.336] [WiVRn] [info] 	t+3805µs RIGHT_GRIP (6194µs)
09-07 20:31:39.414 24853  3859 I WiVRn   : [2026-09-07 20:31:39.414] [WiVRn] [info] Stream scene ready at t=75732783607880
09-07 20:31:39.414 24853  3859 I WiVRn   : [2026-09-07 20:31:39.414] [WiVRn] [info] nxwarp[0]: 1 frames in 5.1 s: 9118 B/frame, wait-prev 0.0 ms, wall 1606.5 ms, nxvc passA 1.8 passB 9.6 gpu 11.4 ms; holes 0, refused 0
09-07 20:31:39.414 24853  3859 I WiVRn   : [2026-09-07 20:31:39.414] [WiVRn] [info] nxwarp[0] gpu duty 2 ms/s (0% of one GPU) for decode alone; the display pass is extra
09-07 20:31:39.414 24853  3859 I WiVRn   : [2026-09-07 20:31:39.414] [WiVRn] [info] nxwarp[0] passB 9.6 ms = warp 0.0 + skip 0.0 + coded 0.0 + dir 0.0 + other 9.6; tiles skip 0 / coded 578 / dir 0 (eye pass 0)
09-07 20:31:39.414 24853  3859 I WiVRn   : [2026-09-07 20:31:39.414] [WiVRn] [info] nxwarp[0]: 96 frames dropped late (queue kept to 1)
09-07 20:31:39.414 24853  3859 I WiVRn   : [2026-09-07 20:31:39.414] [WiVRn] [info] nxwarp[0] stage: gap 0.0 | wait-prev 0.0 | submit 1594.2 (qlock 0.0 + codec 1594.2) | get_free 0.0 | fence-pre 0.0 | record 0.1 | qsubmit 0.0 | fence-post 12.0 | publish 0.1 ms; withheld 0, stride 1, arrival 22.0 ms
09-07 20:31:39.414 24853  3859 I WiVRn   : [2026-09-07 20:31:39.414] [WiVRn] [info] nxwarp[0] reassembly (network thread): 0.08 ms/frame over 98 frames, buffer 55 kB held for 55 kB of unit (1.0x)
09-07 20:31:39.414 24853  3859 I WiVRn   : [2026-09-07 20:31:39.414] [WiVRn] [info] nxwarp[0] fence-post 12.0 ms = nxvc gpu 11.4 + copy gpu 0.58 + queue 0.0 (over 1 frames with timestamps)
09-07 20:31:39.414 24853  3859 I WiVRn   : [2026-09-07 20:31:39.414] [WiVRn] [info] nxwarp[0] atlas: frames 1, atlas 1, picture 0, avg dispatches 6.0, avg assembled 0.0, avg valid 578.0
09-07 20:31:39.421 24853  3544 I WiVRn   : [2026-09-07 20:31:39.421] [WiVRn] [info] MulticastLock released
09-07 20:31:39.454 24853  3544 I WiVRn   : [2026-09-07 20:31:39.454] [WiVRn] [info] Loaded input profile pico-4
09-07 20:31:39.454 24853  3544 I WiVRn   : [2026-09-07 20:31:39.454] [WiVRn] [info] Initializing offset of space aim_left to (-5, 0, 20) mm, (0, -0, 0)°
09-07 20:31:39.454 24853  3544 I WiVRn   : [2026-09-07 20:31:39.454] [WiVRn] [info] Initializing offset of space aim_right to (5, 0, 20) mm, (0, -0, 0)°
09-07 20:31:39.454 24853  3544 I WiVRn   : [2026-09-07 20:31:39.454] [WiVRn] [info] Initializing offset of space grip_left to (0, -20, -50) mm, (-30.000002, -0, 0)°
09-07 20:31:39.454 24853  3544 I WiVRn   : [2026-09-07 20:31:39.454] [WiVRn] [info] Initializing offset of space grip_right to (0, -20, -50) mm, (-30.000002, -0, 0)°
09-07 20:31:39.475 24853  3544 I WiVRn   : [2026-09-07 20:31:39.475] [WiVRn] [info] Font for de /system/fonts/PICOSans.ttf
09-07 20:31:39.475 24853  3544 I WiVRn   : [2026-09-07 20:31:39.475] [WiVRn] [info] Font for es /system/fonts/PICOSans.ttf
09-07 20:31:39.475 24853  3544 I WiVRn   : [2026-09-07 20:31:39.475] [WiVRn] [info] Font for fr /system/fonts/PICOSans.ttf
09-07 20:31:39.475 24853  3544 I WiVRn   : [2026-09-07 20:31:39.475] [WiVRn] [info] Font for fr /system/fonts/Roboto-Regular.ttf
09-07 20:31:39.475 24853  3544 I WiVRn   : [2026-09-07 20:31:39.475] [WiVRn] [info] Font for it /system/fonts/PICOSans.ttf
09-07 20:31:39.475 24853  3544 I WiVRn   : [2026-09-07 20:31:39.475] [WiVRn] [info] Font for ja /system/fonts/PICOSans.ttf
09-07 20:31:39.475 24853  3544 I WiVRn   : [2026-09-07 20:31:39.475] [WiVRn] [info] Font for ja /system/fonts/PICOSansVFJP.ttf
09-07 20:31:39.475 24853  3544 I WiVRn   : [2026-09-07 20:31:39.475] [WiVRn] [info] Font for ka /system/fonts/PICOSans.ttf
09-07 20:31:39.475 24853  3544 I WiVRn   : [2026-09-07 20:31:39.475] [WiVRn] [info] Font for ka /system/fonts/NotoSansGeorgian-Regular.otf
09-07 20:31:39.475 24853  3544 I WiVRn   : [2026-09-07 20:31:39.475] [WiVRn] [info] Font for ka /system/fonts/PICOSans.ttf
09-07 20:31:39.475 24853  3544 I WiVRn   : [2026-09-07 20:31:39.475] [WiVRn] [info] Font for pl /system/fonts/PICOSans.ttf
09-07 20:31:39.475 24853  3544 I WiVRn   : [2026-09-07 20:31:39.475] [WiVRn] [info] Font for pl /system/fonts/Roboto-Regular.ttf
09-07 20:31:39.475 24853  3544 I WiVRn   : [2026-09-07 20:31:39.475] [WiVRn] [info] Font for pl /system/fonts/PICOSans.ttf
09-07 20:31:39.475 24853  3544 I WiVRn   : [2026-09-07 20:31:39.475] [WiVRn] [info] Font for pl /system/fonts/PICOSansSC-Regular.ttf
09-07 20:31:39.475 24853  3544 I WiVRn   : [2026-09-07 20:31:39.475] [WiVRn] [info] Font for pl /system/fonts/Roboto-Regular.ttf
09-07 20:31:39.475 24853  3544 I WiVRn   : [2026-09-07 20:31:39.475] [WiVRn] [info] Font for pl /system/fonts/PICOSans.ttf
09-07 20:31:39.475 24853  3544 I WiVRn   : [2026-09-07 20:31:39.475] [WiVRn] [info] Font for pt_BR /system/fonts/PICOSans.ttf
09-07 20:31:39.475 24853  3544 I WiVRn   : [2026-09-07 20:31:39.475] [WiVRn] [info] Font for ru /system/fonts/PICOSans.ttf
09-07 20:31:39.475 24853  3544 I WiVRn   : [2026-09-07 20:31:39.475] [WiVRn] [info] Font for ru /system/fonts/PICOSansSC-Regular.ttf
09-07 20:31:39.475 24853  3544 I WiVRn   : [2026-09-07 20:31:39.475] [WiVRn] [info] Font for ru /system/fonts/PICOSans.ttf
09-07 20:31:39.475 24853  3544 I WiVRn   : [2026-09-07 20:31:39.475] [WiVRn] [info] Font for sk /system/fonts/PICOSans.ttf
09-07 20:31:39.475 24853  3544 I WiVRn   : [2026-09-07 20:31:39.475] [WiVRn] [info] Font for sk /system/fonts/Roboto-Regular.ttf
09-07 20:31:39.475 24853  3544 I WiVRn   : [2026-09-07 20:31:39.475] [WiVRn] [info] Font for sk /system/fonts/PICOSansSC-Regular.ttf
09-07 20:31:39.475 24853  3544 I WiVRn   : [2026-09-07 20:31:39.475] [WiVRn] [info] Font for sk /system/fonts/PICOSans.ttf
09-07 20:31:39.475 24853  3544 I WiVRn   : [2026-09-07 20:31:39.475] [WiVRn] [info] Font for sk /system/fonts/Roboto-Regular.ttf
09-07 20:31:39.475 24853  3544 I WiVRn   : [2026-09-07 20:31:39.475] [WiVRn] [info] Font for sk /system/fonts/PICOSans.ttf
09-07 20:31:39.475 24853  3544 I WiVRn   : [2026-09-07 20:31:39.475] [WiVRn] [info] Font for tr /system/fonts/PICOSans.ttf
09-07 20:31:39.475 24853  3544 I WiVRn   : [2026-09-07 20:31:39.475] [WiVRn] [info] Font for tr /system/fonts/Roboto-Regular.ttf
09-07 20:31:39.475 24853  3544 I WiVRn   : [2026-09-07 20:31:39.475] [WiVRn] [info] Font for tr /system/fonts/PICOSans.ttf
09-07 20:31:39.475 24853  3544 I WiVRn   : [2026-09-07 20:31:39.475] [WiVRn] [info] Font for tr /system/fonts/Roboto-Regular.ttf
09-07 20:31:39.475 24853  3544 I WiVRn   : [2026-09-07 20:31:39.475] [WiVRn] [info] Font for tr /system/fonts/PICOSans.ttf
09-07 20:31:39.476 24853  3544 I WiVRn   : [2026-09-07 20:31:39.476] [WiVRn] [info] Font for zh_CN /system/fonts/PICOSans.ttf
09-07 20:31:39.476 24853  3544 I WiVRn   : [2026-09-07 20:31:39.476] [WiVRn] [info] Font for zh_CN /system/fonts/PICOSansSC-Regular.ttf
09-07 20:31:39.476 24853  3544 I WiVRn   : [2026-09-07 20:31:39.476] [WiVRn] [info] Font for zh_TW /system/fonts/PICOSans.ttf
09-07 20:31:39.476 24853  3544 I WiVRn   : [2026-09-07 20:31:39.476] [WiVRn] [info] Font for zh_TW /system/fonts/PICOSansSC-Regular.ttf
09-07 20:31:39.480 24853  3544 I WiVRn   : [2026-09-07 20:31:39.480] [WiVRn] [info] Using font /system/fonts/PICOSans.ttf
09-07 20:31:39.480 24853  3544 I WiVRn   : [2026-09-07 20:31:39.480] [WiVRn] [info] Using font /system/fonts/Roboto-Regular.ttf
09-07 20:31:39.480 24853  3544 I WiVRn   : [2026-09-07 20:31:39.480] [WiVRn] [info] Using font /system/fonts/PICOSansVFJP.ttf
09-07 20:31:39.494 24853  3544 I WiVRn   : [2026-09-07 20:31:39.494] [WiVRn] [info] Using font /system/fonts/NotoSansGeorgian-Regular.otf
09-07 20:31:39.494 24853  3544 I WiVRn   : [2026-09-07 20:31:39.494] [WiVRn] [info] Using font /system/fonts/PICOSansSC-Regular.ttf
09-07 20:31:39.504 24853  3544 I WiVRn   : [2026-09-07 20:31:39.504] [WiVRn] [info] Performance level: CPU domain asked for sustained_high
09-07 20:31:39.504 24853  3544 I WiVRn   : [2026-09-07 20:31:39.504] [WiVRn] [info] nxwarp: GPU performance level setting 2
09-07 20:31:39.504 24853  3544 I WiVRn   : [2026-09-07 20:31:39.504] [WiVRn] [info] Performance level: GPU domain asked for boost
09-07 20:31:39.520 24853  3544 I WiVRn   : [2026-09-07 20:31:39.520] [WiVRn] [info] swapchain setup, refresh rate 90
09-07 20:31:39.520 24853  3544 I WiVRn   : [2026-09-07 20:31:39.520] [WiVRn] [info] set refresh rate to 90Hz
09-07 20:31:39.541 24853  3544 I WiVRn   : [2026-09-07 20:31:39.541] [WiVRn] [info] Created stream swapchain: 1088x1088
09-07 20:31:39.541 24853  3544 I WiVRn   : [2026-09-07 20:31:39.541] [WiVRn] [info] Initializing reprojector
09-07 20:31:39.564 24853  3544 I WiVRn   : [2026-09-07 20:31:39.564] [WiVRn] [info] geometry[eye 0]: view_info fov L-53.34 R53.34 U53.34 D-53.34 | layer fov L-53.34 R53.34 U53.34 D-53.34 deg | layer rect 1088x1088 | defoveated 1088x1088 | scale 0.50
09-07 20:31:39.564 24853  3544 I WiVRn   : [2026-09-07 20:31:39.564] [WiVRn] [info] geometry[eye 1]: view_info fov L-53.34 R53.34 U53.34 D-53.34 | layer fov L-53.34 R53.34 U53.34 D-53.34 deg | layer rect 1088x1088 | defoveated 1088x1088 | scale 0.50
09-07 20:31:39.587 24853  3544 I WiVRn   : [2026-09-07 20:31:39.587] [WiVRn] [info] render: 1 iterations in 17.4 s (0.1/s), 1 submitted a layer, 1 new-source, 0 skipped by the repeat gate, 0 with nothing to show; display period 11.1 ms
09-07 20:31:39.587 24853  3544 I WiVRn   : [2026-09-07 20:31:39.587] [WiVRn] [info] render: this app's own GPU pass 0.0 ms per iteration
09-07 20:31:39.587 24853  3544 I WiVRn   : [2026-09-07 20:31:39.587] [WiVRn] [info] render: defoveate 1088x1088 per eye x2 = 2.37 Mpx/frame at scale 0.50 atlas-mode 0; 0 re-presented from the cache (reduce_gpu_load on)
09-07 20:31:39.587 24853  3544 I WiVRn   : [2026-09-07 20:31:39.587] [WiVRn] [info] render: shader path sharpness 0.00 fsr false alpha false motion false blend false glow 0.28 vignette 0.00 deband 1.00 lowpoly 0.00 levels 0 full-kernel false
09-07 20:31:39.587 24853  3544 I WiVRn   : [2026-09-07 20:31:39.587] [WiVRn] [info] render: per iteration fence 0.0 (worst 0.0) | queries 0.0 | submit 0.0 | whole render() 83.2 ms
09-07 20:31:39.587 24853  3544 I WiVRn   : [2026-09-07 20:31:39.587] [WiVRn] [info] render: jit on | wake slack 34.1 ms | slept 0.0 ms mean (max 0.0, 0 of 1 iterations) | budget 1.0 = pass 0.0 + margin 1.0 | sleep cap 45.0 ms
09-07 20:31:39.587 24853  3544 I WiVRn   : [2026-09-07 20:31:39.587] [WiVRn] [info] render: displayed pose age 85.0 ms mean (worst 85.0) over 1 frames | submit lead 0.0 ms mean (worst 0.0) | misses: 0 overrun 0 late 0 skipped refresh
09-07 20:31:39.587 24853  3544 I WiVRn   : [2026-09-07 20:31:39.587] [WiVRn] [info] Received event type XR_TYPE_EVENT_DATA_INTERACTION_PROFILE_CHANGED
09-07 20:31:39.587 24853  3544 I WiVRn   : [2026-09-07 20:31:39.587] [WiVRn] [info] interaction profile for /user/hand/left: /interaction_profiles/ext/hand_interaction_ext
09-07 20:31:39.587 24853  3544 I WiVRn   : [2026-09-07 20:31:39.587] [WiVRn] [info] interaction profile for /user/hand/right: /interaction_profiles/ext/hand_interaction_ext
09-07 20:31:39.587 24853  3544 I WiVRn   : [2026-09-07 20:31:39.587] [WiVRn] [info] interaction profile for /user/gamepad: XR_NULL_PATH
09-07 20:31:39.587 24853  3544 W WiVRn   : [2026-09-07 20:31:39.587] [WiVRn] [warning] unknown interaction profile XR_NULL_PATH
09-07 20:31:39.587 24853  3544 I WiVRn   : [2026-09-07 20:31:39.587] [WiVRn] [info] Received event type XR_TYPE_EVENT_DATA_INTERACTION_PROFILE_CHANGED
09-07 20:31:39.587 24853  3544 I WiVRn   : [2026-09-07 20:31:39.587] [WiVRn] [info] interaction profile for /user/hand/left: /interaction_profiles/ext/hand_interaction_ext
09-07 20:31:39.587 24853  3544 I WiVRn   : [2026-09-07 20:31:39.587] [WiVRn] [info] interaction profile for /user/hand/right: /interaction_profiles/ext/hand_interaction_ext
09-07 20:31:39.587 24853  3544 I WiVRn   : [2026-09-07 20:31:39.587] [WiVRn] [info] interaction profile for /user/gamepad: XR_NULL_PATH
09-07 20:31:39.587 24853  3544 W WiVRn   : [2026-09-07 20:31:39.587] [WiVRn] [warning] unknown interaction profile XR_NULL_PATH
09-07 20:31:39.587 24853  3544 I WiVRn   : [2026-09-07 20:31:39.587] [WiVRn] [info] Received event type XR_TYPE_EVENT_DATA_INTERACTION_PROFILE_CHANGED
09-07 20:31:39.587 24853  3544 I WiVRn   : [2026-09-07 20:31:39.587] [WiVRn] [info] interaction profile for /user/hand/left: /interaction_profiles/ext/hand_interaction_ext
09-07 20:31:39.587 24853  3544 I WiVRn   : [2026-09-07 20:31:39.587] [WiVRn] [info] interaction profile for /user/hand/right: /interaction_profiles/ext/hand_interaction_ext
09-07 20:31:39.587 24853  3544 I WiVRn   : [2026-09-07 20:31:39.587] [WiVRn] [info] interaction profile for /user/gamepad: XR_NULL_PATH
09-07 20:31:39.587 24853  3544 W WiVRn   : [2026-09-07 20:31:39.587] [WiVRn] [warning] unknown interaction profile XR_NULL_PATH
09-07 20:31:39.587 24853  3544 I WiVRn   : [2026-09-07 20:31:39.587] [WiVRn] [info] Received event type Unknown
09-07 20:31:39.812 24853  3854 I WiVRn   : [2026-09-07 20:31:39.812] [WiVRn] [info] nxwarp[0] net: 116 frames closed in 2.0 s, 0 with a hole, 0 out-of-order datagrams, 0 frames completed late, 0 queued for the worker, 14 decoded so far, 113 stragglers dropped; last hole 0/0 chunks, first missing -1, short false, chunk 1166 B
09-07 20:31:39.812 24853  3854 I WiVRn   : [2026-09-07 20:31:39.812] [WiVRn] [info] nxwarp[0] net: 0.084 ms per datagram over 7705 datagrams (320.98 ms of every second)
09-07 20:31:39.812 24853  3854 I WiVRn   : [2026-09-07 20:31:39.812] [WiVRn] [info] nxwarp[0] sel: stride 1, arrival 21.4 ms, dropped-late 101, withheld 1, decoded 14
09-07 20:31:39.812 24853  3854 I WiVRn   : [2026-09-07 20:31:39.812] [WiVRn] [info] nxwarp[0] rx: 7724 datagrams, placed 64197 (+63619), late 632 (+632), stale_frame 0, bad_range 0, bad_dir 0, bad_caps 0, bad_ver 0, auth_fail 0, replay 0, frozen 0, dup 8
09-07 20:31:40.338 24853  3861 I WiVRn   : [2026-09-07 20:31:40.338] [WiVRn] [info] Tracking pattern (11110µs):
09-07 20:31:40.338 24853  3861 I WiVRn   : [2026-09-07 20:31:40.338] [WiVRn] [info] 	t+3146µs HEAD (7964µs)
09-07 20:31:40.338 24853  3861 I WiVRn   : [2026-09-07 20:31:40.338] [WiVRn] [info] 	t+3195µs LEFT_GRIP (7915µs)
09-07 20:31:40.338 24853  3861 I WiVRn   : [2026-09-07 20:31:40.338] [WiVRn] [info] 	t+3207µs RIGHT_GRIP (7902µs)
09-07 20:31:40.338 24853  3861 I WiVRn   : [2026-09-07 20:31:40.338] [WiVRn] [info] 	t+6146µs HEAD (4964µs)
09-07 20:31:40.338 24853  3861 I WiVRn   : [2026-09-07 20:31:40.338] [WiVRn] [info] 	t+6195µs LEFT_GRIP (4915µs)
09-07 20:31:40.338 24853  3861 I WiVRn   : [2026-09-07 20:31:40.338] [WiVRn] [info] 	t+6207µs RIGHT_GRIP (4902µs)
09-07 20:31:41.338 24853  3861 I WiVRn   : [2026-09-07 20:31:41.338] [WiVRn] [info] Tracking pattern (11111µs):
09-07 20:31:41.338 24853  3861 I WiVRn   : [2026-09-07 20:31:41.338] [WiVRn] [info] 	t+4719µs HEAD (6392µs)
09-07 20:31:41.338 24853  3861 I WiVRn   : [2026-09-07 20:31:41.338] [WiVRn] [info] 	t+4780µs LEFT_GRIP (6330µs)
09-07 20:31:41.338 24853  3861 I WiVRn   : [2026-09-07 20:31:41.338] [WiVRn] [info] 	t+4795µs RIGHT_GRIP (6316µs)
09-07 20:31:41.338 24853  3861 I WiVRn   : [2026-09-07 20:31:41.338] [WiVRn] [info] 	t+7719µs HEAD (3392µs)
09-07 20:31:41.338 24853  3861 I WiVRn   : [2026-09-07 20:31:41.338] [WiVRn] [info] 	t+7780µs LEFT_GRIP (3330µs)
09-07 20:31:41.338 24853  3861 I WiVRn   : [2026-09-07 20:31:41.338] [WiVRn] [info] 	t+7795µs RIGHT_GRIP (3316µs)
09-07 20:31:41.419 24853  3859 I WiVRn   : [2026-09-07 20:31:41.419] [WiVRn] [info] nxwarp[0]: 87 frames in 2.0 s: 31999 B/frame, wait-prev 0.0 ms, wall 12.3 ms, nxvc passA 3.0 passB 7.3 gpu 10.4 ms; holes 0, refused 0
09-07 20:31:41.419 24853  3859 I WiVRn   : [2026-09-07 20:31:41.419] [WiVRn] [info] nxwarp[0] gpu duty 449 ms/s (45% of one GPU) for decode alone; the display pass is extra
09-07 20:31:41.419 24853  3859 I WiVRn   : [2026-09-07 20:31:41.419] [WiVRn] [info] nxwarp[0] passB 7.3 ms = warp 0.0 + skip 0.0 + coded 4.8 + dir 0.0 + other 2.5; tiles skip 0 / coded 320 / dir 0 (eye pass 0)
09-07 20:31:41.419 24853  3859 I WiVRn   : [2026-09-07 20:31:41.419] [WiVRn] [info] nxwarp[0]: 101 frames dropped late (queue kept to 1)
09-07 20:31:41.419 24853  3859 I WiVRn   : [2026-09-07 20:31:41.419] [WiVRn] [info] nxwarp[0] stage: gap 10.7 | wait-prev 0.0 | submit 1.2 (qlock 0.0 + codec 1.2) | get_free 0.0 | fence-pre 0.0 | record 0.0 | qsubmit 0.0 | fence-post 11.0 | publish 0.0 ms; withheld 1, stride 1, arrival 21.9 ms
09-07 20:31:41.419 24853  3859 I WiVRn   : [2026-09-07 20:31:41.419] [WiVRn] [info] nxwarp[0] reassembly (network thread): 0.03 ms/frame over 91 frames, buffer 31 kB held for 31 kB of unit (1.0x)
09-07 20:31:41.419 24853  3859 I WiVRn   : [2026-09-07 20:31:41.419] [WiVRn] [info] nxwarp[0] fence-post 11.0 ms = nxvc gpu 10.4 + copy gpu 0.40 + queue 0.2 (over 87 frames with timestamps)
09-07 20:31:41.419 24853  3859 I WiVRn   : [2026-09-07 20:31:41.419] [WiVRn] [info] nxwarp[0] atlas: frames 87, atlas 87, picture 0, avg dispatches 6.9, avg assembled 0.0, avg valid 578.0
09-07 20:31:41.505 24853  3544 I WiVRn   : [2026-09-07 20:31:41.505] [WiVRn] [info] render: 160 iterations in 2.0 s (80.0/s), 160 submitted a layer, 75 new-source, 0 skipped by the repeat gate, 0 with nothing to show; display period 12.5 ms
09-07 20:31:41.505 24853  3544 I WiVRn   : [2026-09-07 20:31:41.505] [WiVRn] [info] render: this app's own GPU pass 1.1 ms per iteration
09-07 20:31:41.505 24853  3544 I WiVRn   : [2026-09-07 20:31:41.505] [WiVRn] [info] render: defoveate 1088x1088 per eye x2 = 2.37 Mpx/frame at scale 0.50 atlas-mode 0; 85 re-presented from the cache (reduce_gpu_load on)
09-07 20:31:41.505 24853  3544 I WiVRn   : [2026-09-07 20:31:41.505] [WiVRn] [info] render: shader path sharpness 0.00 fsr false alpha false motion false blend false glow 0.28 vignette 0.00 deband 1.00 lowpoly 0.00 levels 0 full-kernel false
09-07 20:31:41.505 24853  3544 I WiVRn   : [2026-09-07 20:31:41.505] [WiVRn] [info] render: per iteration fence 0.5 (worst 7.4) | queries 0.0 | submit 0.0 | whole render() 1.2 ms
09-07 20:31:41.505 24853  3544 I WiVRn   : [2026-09-07 20:31:41.505] [WiVRn] [info] render: jit on | wake slack 40.6 ms | slept 1.7 ms mean (max 16.7, 70 of 160 iterations) | budget 24.9 = pass 23.9 + margin 1.0 | sleep cap 0.6 ms
09-07 20:31:41.505 24853  3544 I WiVRn   : [2026-09-07 20:31:41.505] [WiVRn] [info] render: displayed pose age 68.0 ms mean (worst 207.2) over 160 frames | submit lead 37.2 ms mean (worst -49.1) | misses: 0 overrun 0 late 4 skipped refresh
09-07 20:31:41.814 24853  3854 I WiVRn   : [2026-09-07 20:31:41.814] [WiVRn] [info] nxwarp[0] net: 90 frames closed in 2.0 s, 0 with a hole, 0 out-of-order datagrams, 0 frames completed late, 0 queued for the worker, 105 decoded so far, 210 stragglers dropped; last hole 0/0 chunks, first missing -1, short false, chunk 1166 B
09-07 20:31:41.814 24853  3854 I WiVRn   : [2026-09-07 20:31:41.814] [WiVRn] [info] nxwarp[0] net: 0.019 ms per datagram over 6864 datagrams (66.23 ms of every second)
09-07 20:31:41.814 24853  3854 I WiVRn   : [2026-09-07 20:31:41.814] [WiVRn] [info] nxwarp[0] sel: stride 1, arrival 22.3 ms, dropped-late 101, withheld 1, decoded 105
09-07 20:31:41.814 24853  3854 I WiVRn   : [2026-09-07 20:31:41.814] [WiVRn] [info] nxwarp[0] rx: 14588 datagrams, placed 90352 (+26155), late 632 (+0), stale_frame 0, bad_range 0, bad_dir 0, bad_caps 0, bad_ver 0, auth_fail 0, replay 0, frozen 0, dup 8
09-07 20:31:42.338 24853  3861 I WiVRn   : [2026-09-07 20:31:42.338] [WiVRn] [info] Tracking pattern (11111µs):
09-07 20:31:42.338 24853  3861 I WiVRn   : [2026-09-07 20:31:42.338] [WiVRn] [info] 	t+4424µs HEAD (6687µs)
09-07 20:31:42.338 24853  3861 I WiVRn   : [2026-09-07 20:31:42.338] [WiVRn] [info] 	t+4484µs LEFT_GRIP (6626µs)
09-07 20:31:42.338 24853  3861 I WiVRn   : [2026-09-07 20:31:42.338] [WiVRn] [info] 	t+4497µs RIGHT_GRIP (6614µs)
09-07 20:31:42.338 24853  3861 I WiVRn   : [2026-09-07 20:31:42.338] [WiVRn] [info] 	t+7424µs HEAD (3687µs)
09-07 20:31:42.338 24853  3861 I WiVRn   : [2026-09-07 20:31:42.338] [WiVRn] [info] 	t+7484µs LEFT_GRIP (3626µs)
09-07 20:31:42.338 24853  3861 I WiVRn   : [2026-09-07 20:31:42.338] [WiVRn] [info] 	t+7497µs RIGHT_GRIP (3614µs)
09-07 20:31:43.338 24853  3861 I WiVRn   : [2026-09-07 20:31:43.338] [WiVRn] [info] Tracking pattern (11112µs):
09-07 20:31:43.338 24853  3861 I WiVRn   : [2026-09-07 20:31:43.338] [WiVRn] [info] 	t+1632µs HEAD (9480µs)
09-07 20:31:43.338 24853  3861 I WiVRn   : [2026-09-07 20:31:43.338] [WiVRn] [info] 	t+1722µs LEFT_GRIP (9389µs)
09-07 20:31:43.338 24853  3861 I WiVRn   : [2026-09-07 20:31:43.338] [WiVRn] [info] 	t+1731µs RIGHT_GRIP (9380µs)
09-07 20:31:43.338 24853  3861 I WiVRn   : [2026-09-07 20:31:43.338] [WiVRn] [info] 	t+4632µs HEAD (6480µs)
09-07 20:31:43.338 24853  3861 I WiVRn   : [2026-09-07 20:31:43.338] [WiVRn] [info] 	t+4722µs LEFT_GRIP (6389µs)
09-07 20:31:43.338 24853  3861 I WiVRn   : [2026-09-07 20:31:43.338] [WiVRn] [info] 	t+4731µs RIGHT_GRIP (6380µs)
09-07 20:31:43.338 24853  3861 I WiVRn   : [2026-09-07 20:31:43.338] [WiVRn] [info] 	t+6744µs HEAD (15480µs)
09-07 20:31:43.338 24853  3861 I WiVRn   : [2026-09-07 20:31:43.338] [WiVRn] [info] 	t+6834µs LEFT_GRIP (15389µs)
09-07 20:31:43.338 24853  3861 I WiVRn   : [2026-09-07 20:31:43.338] [WiVRn] [info] 	t+6843µs RIGHT_GRIP (15380µs)
09-07 20:31:43.338 24853  3861 I WiVRn   : [2026-09-07 20:31:43.338] [WiVRn] [info] 	t+7632µs HEAD (3480µs)
09-07 20:31:43.338 24853  3861 I WiVRn   : [2026-09-07 20:31:43.338] [WiVRn] [info] 	t+7722µs LEFT_GRIP (3389µs)
09-07 20:31:43.338 24853  3861 I WiVRn   : [2026-09-07 20:31:43.338] [WiVRn] [info] 	t+7731µs RIGHT_GRIP (3380µs)
09-07 20:31:43.338 24853  3861 I WiVRn   : [2026-09-07 20:31:43.338] [WiVRn] [info] 	t+9744µs HEAD (12480µs)
09-07 20:31:43.338 24853  3861 I WiVRn   : [2026-09-07 20:31:43.338] [WiVRn] [info] 	t+9834µs LEFT_GRIP (12389µs)
09-07 20:31:43.338 24853  3861 I WiVRn   : [2026-09-07 20:31:43.338] [WiVRn] [info] 	t+9843µs RIGHT_GRIP (12380µs)
09-07 20:31:43.425 24853  3859 I WiVRn   : [2026-09-07 20:31:43.425] [WiVRn] [info] nxwarp[0]: 90 frames in 2.0 s: 28893 B/frame, wait-prev 0.0 ms, wall 10.2 ms, nxvc passA 2.9 passB 6.5 gpu 9.3 ms; holes 0, refused 0
09-07 20:31:43.425 24853  3859 I WiVRn   : [2026-09-07 20:31:43.425] [WiVRn] [info] nxwarp[0] gpu duty 419 ms/s (42% of one GPU) for decode alone; the display pass is extra
09-07 20:31:43.425 24853  3859 I WiVRn   : [2026-09-07 20:31:43.425] [WiVRn] [info] nxwarp[0] passB 6.5 ms = warp 0.0 + skip 0.0 + coded 5.6 + dir 0.0 + other 0.9; tiles skip 0 / coded 291 / dir 0 (eye pass 0)
09-07 20:31:43.425 24853  3859 I WiVRn   : [2026-09-07 20:31:43.425] [WiVRn] [info] nxwarp[0]: 101 frames dropped late (queue kept to 1)
09-07 20:31:43.425 24853  3859 I WiVRn   : [2026-09-07 20:31:43.425] [WiVRn] [info] nxwarp[0] stage: gap 12.1 | wait-prev 0.0 | submit 0.3 (qlock 0.0 + codec 0.3) | get_free 0.0 | fence-pre 0.0 | record 0.0 | qsubmit 0.0 | fence-post 9.8 | publish 0.0 ms; withheld 0, stride 1, arrival 22.3 ms
09-07 20:31:43.425 24853  3859 I WiVRn   : [2026-09-07 20:31:43.425] [WiVRn] [info] nxwarp[0] reassembly (network thread): 0.04 ms/frame over 90 frames, buffer 28 kB held for 28 kB of unit (1.0x)
09-07 20:31:43.425 24853  3859 I WiVRn   : [2026-09-07 20:31:43.425] [WiVRn] [info] nxwarp[0] fence-post 9.8 ms = nxvc gpu 9.3 + copy gpu 0.33 + queue 0.1 (over 90 frames with timestamps)
09-07 20:31:43.425 24853  3859 I WiVRn   : [2026-09-07 20:31:43.425] [WiVRn] [info] nxwarp[0] atlas: frames 90, atlas 90, picture 0, avg dispatches 7.0, avg assembled 0.0, avg valid 578.0
09-07 20:31:43.505 24853  3544 I WiVRn   : [2026-09-07 20:31:43.505] [WiVRn] [info] render: 180 iterations in 2.0 s (90.0/s), 180 submitted a layer, 90 new-source, 0 skipped by the repeat gate, 0 with nothing to show; display period 11.1 ms
09-07 20:31:43.505 24853  3544 I WiVRn   : [2026-09-07 20:31:43.505] [WiVRn] [info] render: this app's own GPU pass 1.3 ms per iteration
09-07 20:31:43.505 24853  3544 I WiVRn   : [2026-09-07 20:31:43.505] [WiVRn] [info] render: defoveate 1088x1088 per eye x2 = 2.37 Mpx/frame at scale 0.50 atlas-mode 0; 90 re-presented from the cache (reduce_gpu_load on)
09-07 20:31:43.505 24853  3544 I WiVRn   : [2026-09-07 20:31:43.505] [WiVRn] [info] render: shader path sharpness 0.00 fsr false alpha false motion false blend false glow 0.28 vignette 0.00 deband 1.00 lowpoly 0.00 levels 0 full-kernel false
09-07 20:31:43.505 24853  3544 I WiVRn   : [2026-09-07 20:31:43.505] [WiVRn] [info] render: per iteration fence 0.1 (worst 2.9) | queries 0.0 | submit 0.0 | whole render() 0.6 ms
09-07 20:31:43.505 24853  3544 I WiVRn   : [2026-09-07 20:31:43.505] [WiVRn] [info] render: jit on | wake slack 33.9 ms | slept 0.6 ms mean (max 0.6, 180 of 180 iterations) | budget 21.5 = pass 20.5 + margin 1.0 | sleep cap 0.6 ms
09-07 20:31:43.505 24853  3544 I WiVRn   : [2026-09-07 20:31:43.505] [WiVRn] [info] render: displayed pose age 59.6 ms mean (worst 74.0) over 180 frames | submit lead 32.7 ms mean (worst 29.2) | misses: 0 overrun 0 late 0 skipped refresh
09-07 20:31:43.815 24853  3854 I WiVRn   : [2026-09-07 20:31:43.815] [WiVRn] [info] nxwarp[0] net: 90 frames closed in 2.0 s, 0 with a hole, 0 out-of-order datagrams, 0 frames completed late, 0 queued for the worker, 195 decoded so far, 315 stragglers dropped; last hole 0/0 chunks, first missing -1, short false, chunk 1166 B
09-07 20:31:43.815 24853  3854 I WiVRn   : [2026-09-07 20:31:43.815] [WiVRn] [info] nxwarp[0] net: 0.015 ms per datagram over 10494 datagrams (79.99 ms of every second)
09-07 20:31:43.815 24853  3854 I WiVRn   : [2026-09-07 20:31:43.815] [WiVRn] [info] nxwarp[0] sel: stride 1, arrival 22.4 ms, dropped-late 101, withheld 1, decoded 195
09-07 20:31:43.815 24853  3854 I WiVRn   : [2026-09-07 20:31:43.815] [WiVRn] [info] nxwarp[0] rx: 25082 datagrams, placed 116497 (+26145), late 632 (+0), stale_frame 0, bad_range 0, bad_dir 0, bad_caps 0, bad_ver 0, auth_fail 0, replay 0, frozen 0, dup 8
09-07 20:31:44.338 24853  3861 I WiVRn   : [2026-09-07 20:31:44.338] [WiVRn] [info] Tracking pattern (11111µs):
09-07 20:31:44.338 24853  3861 I WiVRn   : [2026-09-07 20:31:44.338] [WiVRn] [info] 	t+4601µs HEAD (6510µs)
09-07 20:31:44.338 24853  3861 I WiVRn   : [2026-09-07 20:31:44.338] [WiVRn] [info] 	t+4635µs LEFT_GRIP (6476µs)
09-07 20:31:44.338 24853  3861 I WiVRn   : [2026-09-07 20:31:44.338] [WiVRn] [info] 	t+4643µs RIGHT_GRIP (6468µs)
09-07 20:31:44.338 24853  3861 I WiVRn   : [2026-09-07 20:31:44.338] [WiVRn] [info] 	t+7601µs HEAD (3510µs)
09-07 20:31:44.338 24853  3861 I WiVRn   : [2026-09-07 20:31:44.338] [WiVRn] [info] 	t+7635µs LEFT_GRIP (3476µs)
09-07 20:31:44.338 24853  3861 I WiVRn   : [2026-09-07 20:31:44.338] [WiVRn] [info] 	t+7643µs RIGHT_GRIP (3468µs)
09-07 20:31:45.338 24853  3861 I WiVRn   : [2026-09-07 20:31:45.338] [WiVRn] [info] Tracking pattern (11111µs):
09-07 20:31:45.338 24853  3861 I WiVRn   : [2026-09-07 20:31:45.338] [WiVRn] [info] 	t+4158µs RIGHT_GRIP (6952µs)
09-07 20:31:45.338 24853  3861 I WiVRn   : [2026-09-07 20:31:45.338] [WiVRn] [info] 	t+4241µs HEAD (6869µs)
09-07 20:31:45.338 24853  3861 I WiVRn   : [2026-09-07 20:31:45.338] [WiVRn] [info] 	t+5175µs LEFT_GRIP (5935µs)
09-07 20:31:45.338 24853  3861 I WiVRn   : [2026-09-07 20:31:45.338] [WiVRn] [info] 	t+7158µs RIGHT_GRIP (3952µs)
09-07 20:31:45.338 24853  3861 I WiVRn   : [2026-09-07 20:31:45.338] [WiVRn] [info] 	t+7241µs HEAD (3869µs)
09-07 20:31:45.338 24853  3861 I WiVRn   : [2026-09-07 20:31:45.338] [WiVRn] [info] 	t+8175µs LEFT_GRIP (2935µs)
09-07 20:31:45.338 24853  3861 I WiVRn   : [2026-09-07 20:31:45.338] [WiVRn] [info] 	t+10158µs RIGHT_GRIP (952µs)
09-07 20:31:45.427 24853  3859 I WiVRn   : [2026-09-07 20:31:45.427] [WiVRn] [info] nxwarp[0]: 90 frames in 2.0 s: 28609 B/frame, wait-prev 0.0 ms, wall 10.0 ms, nxvc passA 2.9 passB 6.3 gpu 9.3 ms; holes 0, refused 0
09-07 20:31:45.427 24853  3859 I WiVRn   : [2026-09-07 20:31:45.427] [WiVRn] [info] nxwarp[0] gpu duty 416 ms/s (42% of one GPU) for decode alone; the display pass is extra
09-07 20:31:45.427 24853  3859 I WiVRn   : [2026-09-07 20:31:45.427] [WiVRn] [info] nxwarp[0] passB 6.3 ms = warp 0.0 + skip 0.0 + coded 5.5 + dir 0.0 + other 0.8; tiles skip 0 / coded 289 / dir 0 (eye pass 0)
09-07 20:31:45.427 24853  3859 I WiVRn   : [2026-09-07 20:31:45.427] [WiVRn] [info] nxwarp[0]: 101 frames dropped late (queue kept to 1)
09-07 20:31:45.427 24853  3859 I WiVRn   : [2026-09-07 20:31:45.427] [WiVRn] [info] nxwarp[0] stage: gap 12.2 | wait-prev 0.0 | submit 0.3 (qlock 0.0 + codec 0.3) | get_free 0.0 | fence-pre 0.0 | record 0.0 | qsubmit 0.0 | fence-post 9.7 | publish 0.0 ms; withheld 0, stride 1, arrival 22.4 ms
09-07 20:31:45.427 24853  3859 I WiVRn   : [2026-09-07 20:31:45.427] [WiVRn] [info] nxwarp[0] reassembly (network thread): 0.03 ms/frame over 90 frames, buffer 28 kB held for 28 kB of unit (1.0x)
09-07 20:31:45.427 24853  3859 I WiVRn   : [2026-09-07 20:31:45.427] [WiVRn] [info] nxwarp[0] fence-post 9.7 ms = nxvc gpu 9.3 + copy gpu 0.28 + queue 0.1 (over 90 frames with timestamps)
09-07 20:31:45.427 24853  3859 I WiVRn   : [2026-09-07 20:31:45.427] [WiVRn] [info] nxwarp[0] atlas: frames 90, atlas 90, picture 0, avg dispatches 7.0, avg assembled 0.0, avg valid 578.0
09-07 20:31:45.506 24853  3544 I WiVRn   : [2026-09-07 20:31:45.506] [WiVRn] [info] render: 179 iterations in 2.0 s (89.4/s), 179 submitted a layer, 90 new-source, 0 skipped by the repeat gate, 0 with nothing to show; display period 11.2 ms
09-07 20:31:45.506 24853  3544 I WiVRn   : [2026-09-07 20:31:45.506] [WiVRn] [info] render: this app's own GPU pass 1.2 ms per iteration
09-07 20:31:45.506 24853  3544 I WiVRn   : [2026-09-07 20:31:45.506] [WiVRn] [info] render: defoveate 1088x1088 per eye x2 = 2.37 Mpx/frame at scale 0.50 atlas-mode 0; 89 re-presented from the cache (reduce_gpu_load on)
09-07 20:31:45.506 24853  3544 I WiVRn   : [2026-09-07 20:31:45.506] [WiVRn] [info] render: shader path sharpness 0.00 fsr false alpha false motion false blend false glow 0.28 vignette 0.00 deband 1.00 lowpoly 0.00 levels 0 full-kernel false
09-07 20:31:45.506 24853  3544 I WiVRn   : [2026-09-07 20:31:45.506] [WiVRn] [info] render: per iteration fence 0.0 (worst 0.2) | queries 0.0 | submit 0.0 | whole render() 0.4 ms
09-07 20:31:45.506 24853  3544 I WiVRn   : [2026-09-07 20:31:45.506] [WiVRn] [info] render: jit on | wake slack 33.0 ms | slept 0.8 ms mean (max 11.7, 179 of 179 iterations) | budget 19.7 = pass 18.7 + margin 1.0 | sleep cap 0.6 ms
09-07 20:31:45.506 24853  3544 I WiVRn   : [2026-09-07 20:31:45.506] [WiVRn] [info] render: displayed pose age 57.7 ms mean (worst 74.1) over 179 frames | submit lead 31.8 ms mean (worst 20.7) | misses: 0 overrun 0 late 1 skipped refresh
09-07 20:31:45.818 24853  3854 I WiVRn   : [2026-09-07 20:31:45.818] [WiVRn] [info] nxwarp[0] net: 90 frames closed in 2.0 s, 0 with a hole, 0 out-of-order datagrams, 0 frames completed late, 0 queued for the worker, 285 decoded so far, 405 stragglers dropped; last hole 0/0 chunks, first missing -1, short false, chunk 1166 B
09-07 20:31:45.818 24853  3854 I WiVRn   : [2026-09-07 20:31:45.818] [WiVRn] [info] nxwarp[0] net: 0.015 ms per datagram over 10440 datagrams (76.84 ms of every second)
09-07 20:31:45.818 24853  3854 I WiVRn   : [2026-09-07 20:31:45.818] [WiVRn] [info] nxwarp[0] sel: stride 1, arrival 22.3 ms, dropped-late 101, withheld 1, decoded 285
09-07 20:31:45.818 24853  3854 I WiVRn   : [2026-09-07 20:31:45.818] [WiVRn] [info] nxwarp[0] rx: 35522 datagrams, placed 142507 (+26010), late 632 (+0), stale_frame 0, bad_range 0, bad_dir 0, bad_caps 0, bad_ver 0, auth_fail 0, replay 0, frozen 0, dup 8
09-07 20:31:46.338 24853  3861 I WiVRn   : [2026-09-07 20:31:46.338] [WiVRn] [info] Tracking pattern (11113µs):
09-07 20:31:46.338 24853  3861 I WiVRn   : [2026-09-07 20:31:46.338] [WiVRn] [info] 	t+4386µs HEAD (6727µs)
09-07 20:31:46.339 24853  3861 I WiVRn   : [2026-09-07 20:31:46.339] [WiVRn] [info] 	t+4435µs LEFT_GRIP (6677µs)
09-07 20:31:46.339 24853  3861 I WiVRn   : [2026-09-07 20:31:46.339] [WiVRn] [info] 	t+4448µs RIGHT_GRIP (6665µs)
09-07 20:31:46.339 24853  3861 I WiVRn   : [2026-09-07 20:31:46.339] [WiVRn] [info] 	t+7386µs HEAD (3727µs)
09-07 20:31:46.339 24853  3861 I WiVRn   : [2026-09-07 20:31:46.339] [WiVRn] [info] 	t+7435µs LEFT_GRIP (3677µs)
09-07 20:31:46.339 24853  3861 I WiVRn   : [2026-09-07 20:31:46.339] [WiVRn] [info] 	t+7448µs RIGHT_GRIP (3665µs)
09-07 20:31:47.339 24853  3861 I WiVRn   : [2026-09-07 20:31:47.338] [WiVRn] [info] Tracking pattern (11112µs):
09-07 20:31:47.339 24853  3861 I WiVRn   : [2026-09-07 20:31:47.339] [WiVRn] [info] 	t+4592µs HEAD (6520µs)
09-07 20:31:47.339 24853  3861 I WiVRn   : [2026-09-07 20:31:47.339] [WiVRn] [info] 	t+4632µs LEFT_GRIP (6479µs)
09-07 20:31:47.339 24853  3861 I WiVRn   : [2026-09-07 20:31:47.339] [WiVRn] [info] 	t+4641µs RIGHT_GRIP (6471µs)
09-07 20:31:47.339 24853  3861 I WiVRn   : [2026-09-07 20:31:47.339] [WiVRn] [info] 	t+7592µs HEAD (3520µs)
09-07 20:31:47.339 24853  3861 I WiVRn   : [2026-09-07 20:31:47.339] [WiVRn] [info] 	t+7632µs LEFT_GRIP (3479µs)
09-07 20:31:47.339 24853  3861 I WiVRn   : [2026-09-07 20:31:47.339] [WiVRn] [info] 	t+7641µs RIGHT_GRIP (3471µs)
09-07 20:31:47.447 24853  3859 I WiVRn   : [2026-09-07 20:31:47.447] [WiVRn] [info] nxwarp[0]: 91 frames in 2.0 s: 28759 B/frame, wait-prev 0.0 ms, wall 10.1 ms, nxvc passA 2.7 passB 6.6 gpu 9.3 ms; holes 0, refused 0
09-07 20:31:47.447 24853  3859 I WiVRn   : [2026-09-07 20:31:47.447] [WiVRn] [info] nxwarp[0] gpu duty 420 ms/s (42% of one GPU) for decode alone; the display pass is extra
09-07 20:31:47.447 24853  3859 I WiVRn   : [2026-09-07 20:31:47.447] [WiVRn] [info] nxwarp[0] passB 6.6 ms = warp 0.0 + skip 0.0 + coded 5.8 + dir 0.0 + other 0.8; tiles skip 0 / coded 289 / dir 0 (eye pass 0)
09-07 20:31:47.447 24853  3859 I WiVRn   : [2026-09-07 20:31:47.447] [WiVRn] [info] nxwarp[0]: 101 frames dropped late (queue kept to 1)
09-07 20:31:47.448 24853  3859 I WiVRn   : [2026-09-07 20:31:47.448] [WiVRn] [info] nxwarp[0] stage: gap 12.1 | wait-prev 0.0 | submit 0.3 (qlock 0.0 + codec 0.3) | get_free 0.0 | fence-pre 0.0 | record 0.0 | qsubmit 0.0 | fence-post 9.7 | publish 0.0 ms; withheld 0, stride 1, arrival 22.1 ms
09-07 20:31:47.448 24853  3859 I WiVRn   : [2026-09-07 20:31:47.448] [WiVRn] [info] nxwarp[0] reassembly (network thread): 0.03 ms/frame over 91 frames, buffer 28 kB held for 28 kB of unit (1.0x)
09-07 20:31:47.448 24853  3859 I WiVRn   : [2026-09-07 20:31:47.448] [WiVRn] [info] nxwarp[0] fence-post 9.8 ms = nxvc gpu 9.3 + copy gpu 0.29 + queue 0.1 (over 91 frames with timestamps)
09-07 20:31:47.448 24853  3859 I WiVRn   : [2026-09-07 20:31:47.448] [WiVRn] [info] nxwarp[0] atlas: frames 91, atlas 91, picture 0, avg dispatches 7.0, avg assembled 0.0, avg valid 578.0
09-07 20:31:47.508 24853  3544 I WiVRn   : [2026-09-07 20:31:47.508] [WiVRn] [info] render: 179 iterations in 2.0 s (89.4/s), 179 submitted a layer, 90 new-source, 0 skipped by the repeat gate, 0 with nothing to show; display period 11.2 ms
09-07 20:31:47.508 24853  3544 I WiVRn   : [2026-09-07 20:31:47.508] [WiVRn] [info] render: this app's own GPU pass 1.1 ms per iteration
09-07 20:31:47.508 24853  3544 I WiVRn   : [2026-09-07 20:31:47.508] [WiVRn] [info] render: defoveate 1088x1088 per eye x2 = 2.37 Mpx/frame at scale 0.50 atlas-mode 0; 89 re-presented from the cache (reduce_gpu_load on)
09-07 20:31:47.508 24853  3544 I WiVRn   : [2026-09-07 20:31:47.508] [WiVRn] [info] render: shader path sharpness 0.00 fsr false alpha false motion false blend false glow 0.28 vignette 0.00 deband 1.00 lowpoly 0.00 levels 0 full-kernel false
09-07 20:31:47.508 24853  3544 I WiVRn   : [2026-09-07 20:31:47.508] [WiVRn] [info] render: per iteration fence 0.0 (worst 1.1) | queries 0.0 | submit 0.0 | whole render() 0.4 ms
09-07 20:31:47.508 24853  3544 I WiVRn   : [2026-09-07 20:31:47.508] [WiVRn] [info] render: jit on | wake slack 32.0 ms | slept 0.8 ms mean (max 11.7, 179 of 179 iterations) | budget 18.0 = pass 17.0 + margin 1.0 | sleep cap 0.6 ms
09-07 20:31:47.508 24853  3544 I WiVRn   : [2026-09-07 20:31:47.508] [WiVRn] [info] render: displayed pose age 57.3 ms mean (worst 74.2) over 179 frames | submit lead 30.7 ms mean (worst 18.0) | misses: 0 overrun 0 late 1 skipped refresh
09-07 20:31:47.838 24853  3854 I WiVRn   : [2026-09-07 20:31:47.838] [WiVRn] [info] nxwarp[0] net: 91 frames closed in 2.0 s, 0 with a hole, 0 out-of-order datagrams, 0 frames completed late, 0 queued for the worker, 376 decoded so far, 496 stragglers dropped; last hole 0/0 chunks, first missing -1, short false, chunk 1166 B
09-07 20:31:47.838 24853  3854 I WiVRn   : [2026-09-07 20:31:47.838] [WiVRn] [info] nxwarp[0] net: 0.015 ms per datagram over 10556 datagrams (77.36 ms of every second)
09-07 20:31:47.838 24853  3854 I WiVRn   : [2026-09-07 20:31:47.838] [WiVRn] [info] nxwarp[0] sel: stride 1, arrival 22.2 ms, dropped-late 101, withheld 1, decoded 376
09-07 20:31:47.838 24853  3854 I WiVRn   : [2026-09-07 20:31:47.838] [WiVRn] [info] nxwarp[0] rx: 46078 datagrams, placed 168808 (+26301), late 632 (+0), stale_frame 0, bad_range 0, bad_dir 0, bad_caps 0, bad_ver 0, auth_fail 0, replay 0, frozen 0, dup 8
09-07 20:31:48.339 24853  3861 I WiVRn   : [2026-09-07 20:31:48.339] [WiVRn] [info] Tracking pattern (11111µs):
09-07 20:31:48.339 24853  3861 I WiVRn   : [2026-09-07 20:31:48.339] [WiVRn] [info] 	t+4748µs HEAD (6362µs)
09-07 20:31:48.339 24853  3861 I WiVRn   : [2026-09-07 20:31:48.339] [WiVRn] [info] 	t+4879µs LEFT_GRIP (6231µs)
09-07 20:31:48.339 24853  3861 I WiVRn   : [2026-09-07 20:31:48.339] [WiVRn] [info] 	t+4901µs RIGHT_GRIP (6209µs)
09-07 20:31:48.339 24853  3861 I WiVRn   : [2026-09-07 20:31:48.339] [WiVRn] [info] 	t+7748µs HEAD (3362µs)
09-07 20:31:48.339 24853  3861 I WiVRn   : [2026-09-07 20:31:48.339] [WiVRn] [info] 	t+7879µs LEFT_GRIP (3231µs)
09-07 20:31:48.339 24853  3861 I WiVRn   : [2026-09-07 20:31:48.339] [WiVRn] [info] 	t+7901µs RIGHT_GRIP (3209µs)
09-07 20:31:49.339 24853  3861 I WiVRn   : [2026-09-07 20:31:49.339] [WiVRn] [info] Tracking pattern (11111µs):
09-07 20:31:49.339 24853  3861 I WiVRn   : [2026-09-07 20:31:49.339] [WiVRn] [info] 	t+4441µs HEAD (6669µs)
09-07 20:31:49.339 24853  3861 I WiVRn   : [2026-09-07 20:31:49.339] [WiVRn] [info] 	t+4496µs LEFT_GRIP (6615µs)
09-07 20:31:49.339 24853  3861 I WiVRn   : [2026-09-07 20:31:49.339] [WiVRn] [info] 	t+4638µs RIGHT_GRIP (6473µs)
09-07 20:31:49.339 24853  3861 I WiVRn   : [2026-09-07 20:31:49.339] [WiVRn] [info] 	t+7441µs HEAD (3669µs)
09-07 20:31:49.339 24853  3861 I WiVRn   : [2026-09-07 20:31:49.339] [WiVRn] [info] 	t+7496µs LEFT_GRIP (3615µs)
09-07 20:31:49.339 24853  3861 I WiVRn   : [2026-09-07 20:31:49.339] [WiVRn] [info] 	t+7638µs RIGHT_GRIP (3473µs)
09-07 20:31:49.354 24853  3544 I WiVRn   : [2026-09-07 20:31:49.354] [WiVRn] [info] Session state changed at timestamp 0: XR_SESSION_STATE_FOCUSED => XR_SESSION_STATE_VISIBLE
09-07 20:31:49.354 24853  3544 I WiVRn   : [2026-09-07 20:31:49.354] [WiVRn] [info] Session state changed at timestamp 0: XR_SESSION_STATE_VISIBLE => XR_SESSION_STATE_SYNCHRONIZED
09-07 20:31:49.354 24853  3544 I WiVRn   : [2026-09-07 20:31:49.354] [WiVRn] [info] Session state changed at timestamp 0: XR_SESSION_STATE_SYNCHRONIZED => XR_SESSION_STATE_STOPPING
09-07 20:31:49.356 24853  3544 I WiVRn   : [2026-09-07 20:31:49.356] [WiVRn] [info] Session state changed at timestamp 0: XR_SESSION_STATE_STOPPING => XR_SESSION_STATE_IDLE
09-07 20:31:49.469 24853  3859 I WiVRn   : [2026-09-07 20:31:49.469] [WiVRn] [info] nxwarp[0]: 88 frames in 2.0 s: 28315 B/frame, wait-prev 0.0 ms, wall 10.0 ms, nxvc passA 2.4 passB 6.8 gpu 9.2 ms; holes 0, refused 0
09-07 20:31:49.469 24853  3859 I WiVRn   : [2026-09-07 20:31:49.469] [WiVRn] [info] nxwarp[0] gpu duty 401 ms/s (40% of one GPU) for decode alone; the display pass is extra
09-07 20:31:49.469 24853  3859 I WiVRn   : [2026-09-07 20:31:49.469] [WiVRn] [info] nxwarp[0] passB 6.8 ms = warp 0.0 + skip 0.0 + coded 5.9 + dir 0.0 + other 0.8; tiles skip 0 / coded 289 / dir 0 (eye pass 0)
09-07 20:31:49.469 24853  3859 I WiVRn   : [2026-09-07 20:31:49.469] [WiVRn] [info] nxwarp[0]: 101 frames dropped late (queue kept to 1)
09-07 20:31:49.469 24853  3859 I WiVRn   : [2026-09-07 20:31:49.469] [WiVRn] [info] nxwarp[0] stage: gap 13.0 | wait-prev 0.0 | submit 0.3 (qlock 0.0 + codec 0.3) | get_free 0.0 | fence-pre 0.0 | record 0.0 | qsubmit 0.0 | fence-post 9.6 | publish 0.0 ms; withheld 0, stride 1, arrival 35.7 ms
09-07 20:31:49.469 24853  3859 I WiVRn   : [2026-09-07 20:31:49.469] [WiVRn] [info] nxwarp[0] reassembly (network thread): 0.03 ms/frame over 88 frames, buffer 28 kB held for 28 kB of unit (1.0x)
09-07 20:31:49.469 24853  3859 I WiVRn   : [2026-09-07 20:31:49.469] [WiVRn] [info] nxwarp[0] fence-post 9.7 ms = nxvc gpu 9.2 + copy gpu 0.29 + queue 0.1 (over 88 frames with timestamps)
09-07 20:31:49.469 24853  3859 I WiVRn   : [2026-09-07 20:31:49.469] [WiVRn] [info] nxwarp[0] atlas: frames 88, atlas 88, picture 0, avg dispatches 7.0, avg assembled 0.0, avg valid 578.0
09-07 20:31:49.840 24853  3854 I WiVRn   : [2026-09-07 20:31:49.840] [WiVRn] [info] nxwarp[0] net: 90 frames closed in 2.0 s, 0 with a hole, 0 out-of-order datagrams, 0 frames completed late, 0 queued for the worker, 464 decoded so far, 584 stragglers dropped; last hole 0/0 chunks, first missing -1, short false, chunk 1166 B
09-07 20:31:49.840 24853  3854 I WiVRn   : [2026-09-07 20:31:49.840] [WiVRn] [info] nxwarp[0] net: 0.019 ms per datagram over 8401 datagrams (79.15 ms of every second)
09-07 20:31:49.840 24853  3854 I WiVRn   : [2026-09-07 20:31:49.840] [WiVRn] [info] nxwarp[0] sel: stride 1, arrival 22.0 ms, dropped-late 103, withheld 2, decoded 464
09-07 20:31:49.840 24853  3854 I WiVRn   : [2026-09-07 20:31:49.840] [WiVRn] [info] nxwarp[0] rx: 54479 datagrams, placed 193736 (+24928), late 632 (+0), stale_frame 0, bad_range 0, bad_dir 0, bad_caps 0, bad_ver 0, auth_fail 0, replay 0, frozen 0, dup 8
09-07 20:31:50.361 24853  3861 I WiVRn   : [2026-09-07 20:31:50.361] [WiVRn] [info] Tracking pattern (11112µs):
09-07 20:31:50.361 24853  3861 I WiVRn   : [2026-09-07 20:31:50.361] [WiVRn] [info] 	t+2803µs HEAD (19422µs)
09-07 20:31:50.361 24853  3861 I WiVRn   : [2026-09-07 20:31:50.361] [WiVRn] [info] 	t+5144µs LEFT_GRIP (28194µs)
09-07 20:31:50.361 24853  3861 I WiVRn   : [2026-09-07 20:31:50.361] [WiVRn] [info] 	t+5153µs RIGHT_GRIP (28185µs)
09-07 20:31:50.361 24853  3861 I WiVRn   : [2026-09-07 20:31:50.361] [WiVRn] [info] 	t+7916µs HEAD (25422µs)
09-07 20:31:50.361 24853  3861 I WiVRn   : [2026-09-07 20:31:50.361] [WiVRn] [info] 	t+8144µs LEFT_GRIP (25194µs)
09-07 20:31:50.361 24853  3861 I WiVRn   : [2026-09-07 20:31:50.361] [WiVRn] [info] 	t+8153µs RIGHT_GRIP (25185µs)
09-07 20:31:50.361 24853  3861 I WiVRn   : [2026-09-07 20:31:50.361] [WiVRn] [info] 	t+10916µs HEAD (22422µs)
09-07 20:31:51.341 24853  3861 I WiVRn   : [2026-09-07 20:31:51.341] [WiVRn] [info] Tracking pattern (11112µs):
09-07 20:31:51.341 24853  3861 I WiVRn   : [2026-09-07 20:31:51.341] [WiVRn] [info] 	t+2457µs HEAD (19768µs)
09-07 20:31:51.341 24853  3861 I WiVRn   : [2026-09-07 20:31:51.341] [WiVRn] [info] 	t+5457µs HEAD (16768µs)
09-07 20:31:51.478 24853  3859 I WiVRn   : [2026-09-07 20:31:51.478] [WiVRn] [info] nxwarp[0]: 91 frames in 2.0 s: 4811 B/frame, wait-prev 0.0 ms, wall 6.3 ms, nxvc passA 1.1 passB 4.0 gpu 5.0 ms; holes 0, refused 0
09-07 20:31:51.478 24853  3859 I WiVRn   : [2026-09-07 20:31:51.478] [WiVRn] [info] nxwarp[0] gpu duty 228 ms/s (23% of one GPU) for decode alone; the display pass is extra
09-07 20:31:51.478 24853  3859 I WiVRn   : [2026-09-07 20:31:51.478] [WiVRn] [info] nxwarp[0] passB 4.0 ms = warp 0.0 + skip 0.0 + coded 3.2 + dir 0.0 + other 0.8; tiles skip 0 / coded 286 / dir 0 (eye pass 0)
09-07 20:31:51.478 24853  3859 I WiVRn   : [2026-09-07 20:31:51.478] [WiVRn] [info] nxwarp[0]: 103 frames dropped late (queue kept to 1)
09-07 20:31:51.478 24853  3859 I WiVRn   : [2026-09-07 20:31:51.478] [WiVRn] [info] nxwarp[0] stage: gap 15.8 | wait-prev 0.0 | submit 0.9 (qlock 0.0 + codec 0.9) | get_free 0.0 | fence-pre 0.0 | record 0.1 | qsubmit 0.1 | fence-post 5.2 | publish 0.0 ms; withheld 1, stride 1, arrival 23.0 ms
09-07 20:31:51.478 24853  3859 I WiVRn   : [2026-09-07 20:31:51.478] [WiVRn] [info] nxwarp[0] reassembly (network thread): 0.04 ms/frame over 93 frames, buffer 5 kB held for 5 kB of unit (1.0x)
09-07 20:31:51.478 24853  3859 I WiVRn   : [2026-09-07 20:31:51.478] [WiVRn] [info] nxwarp[0] fence-post 5.2 ms = nxvc gpu 5.0 + copy gpu 0.25 + queue -0.1 (over 91 frames with timestamps)
09-07 20:31:51.478 24853  3859 I WiVRn   : [2026-09-07 20:31:51.478] [WiVRn] [info] nxwarp[0] atlas: frames 91, atlas 91, picture 0, avg dispatches 7.0, avg assembled 0.0, avg valid 578.0
09-07 20:31:51.841 24853  3854 I WiVRn   : [2026-09-07 20:31:51.841] [WiVRn] [info] nxwarp[0] net: 90 frames closed in 2.0 s, 0 with a hole, 0 out-of-order datagrams, 0 frames completed late, 0 queued for the worker, 554 decoded so far, 680 stragglers dropped; last hole 0/0 chunks, first missing -1, short false, chunk 1166 B
09-07 20:31:51.841 24853  3854 I WiVRn   : [2026-09-07 20:31:51.841] [WiVRn] [info] nxwarp[0] net: 0.039 ms per datagram over 6341 datagrams (123.48 ms of every second)
09-07 20:31:51.841 24853  3854 I WiVRn   : [2026-09-07 20:31:51.841] [WiVRn] [info] nxwarp[0] sel: stride 1, arrival 22.3 ms, dropped-late 103, withheld 2, decoded 554
09-07 20:31:51.841 24853  3854 I WiVRn   : [2026-09-07 20:31:51.841] [WiVRn] [info] nxwarp[0] rx: 60820 datagrams, placed 220110 (+26374), late 864 (+232), stale_frame 0, bad_range 0, bad_dir 0, bad_caps 0, bad_ver 0, auth_fail 0, replay 0, frozen 0, dup 9
09-07 20:31:51.842 24853  3544 I WiVRn   : [2026-09-07 20:31:51.842] [WiVRn] [info] Session state changed at timestamp 0: XR_SESSION_STATE_IDLE => XR_SESSION_STATE_READY
09-07 20:31:51.844 24853  3544 I WiVRn   : [2026-09-07 20:31:51.844] [WiVRn] [info] Received event type XR_TYPE_EVENT_DATA_USER_PRESENCE_CHANGED_EXT
09-07 20:31:51.849 24853  3544 I WiVRn   : [2026-09-07 20:31:51.849] [WiVRn] [info] Session state changed at timestamp 0: XR_SESSION_STATE_READY => XR_SESSION_STATE_SYNCHRONIZED
09-07 20:31:51.849 24853  3544 I WiVRn   : [2026-09-07 20:31:51.849] [WiVRn] [info] Session state changed at timestamp 0: XR_SESSION_STATE_SYNCHRONIZED => XR_SESSION_STATE_VISIBLE
09-07 20:31:51.849 24853  3544 I WiVRn   : [2026-09-07 20:31:51.849] [WiVRn] [info] Session state changed at timestamp 0: XR_SESSION_STATE_VISIBLE => XR_SESSION_STATE_FOCUSED
09-07 20:31:51.872 24853  3861 I WiVRn   : [2026-09-07 20:31:51.872] [WiVRn] [info] Tracking pattern (11103µs):
09-07 20:31:51.872 24853  3861 I WiVRn   : [2026-09-07 20:31:51.872] [WiVRn] [info] 	t+2439µs HEAD (19768µs)
09-07 20:31:51.872 24853  3861 I WiVRn   : [2026-09-07 20:31:51.872] [WiVRn] [info] 	t+5439µs HEAD (16768µs)
09-07 20:31:51.872 24853  3861 I WiVRn   : [2026-09-07 20:31:51.872] [WiVRn] [info] 	t+8363µs LEFT_GRIP (2740µs)
