 WARN [on_control_send_error] Primary control socket failed: Socket shutdown
 WARN [run_net] Exception in network thread: Socket shutdown, Session paused.
 INFO [reconnect] Waiting for new connection
No longer listening for secondary paths
 INFO [quit_if_no_client] No OpenXR client connected, exiting
 INFO [multi_main_loop] Already stopped, nothing to clean up.
 INFO [mic_state_changed] Microphone state changed from PW_STREAM_STATE_PAUSED to PW_STREAM_STATE_UNCONNECTED
 WARN [mic_state_changed] failed to update microphone state: Broken pipe
 INFO [ipc_server_main_common] Server exiting: '0'
Server exited, exit status 0
Service published: x0x0x0x0x0x
Client connected
Server started, PID 235040
 INFO [ipc_server_main_common] WiVRn 'nx-atlas-live-920ac878-dirty' starting up...
Setting the OpenVR compatibility library to /opt/xrizer
Listening for secondary paths on port 9757
 INFO [vk_bundle] Vulkan instance created:
	GPU: AMD Radeon RX 7900 XTX (RADV NAVI31)
	queue families: 1 3 1 (main, encode, transfer)

 INFO [get_encoder_settings] nxwarp: both eyes on stream 0 as one 5376x2688 stereo frame (3528 tiles), stream 1 has no encoder
 INFO [compositor] compositor: lens mask on, margin 1 tile; the foveation pass flattens what it covers (0 of 0 tiles per eye so far)
 INFO [comp_vulkan_formats_log] Supported formats:
	VK_FORMAT_R16G16B16A16_UNORM: true
	VK_FORMAT_R16G16B16A16_SFLOAT: true
	VK_FORMAT_R16G16B16_UNORM: false
	VK_FORMAT_R16G16B16_SFLOAT: false
	VK_FORMAT_R8G8B8A8_SRGB: true
	VK_FORMAT_B8G8R8A8_SRGB: true
	VK_FORMAT_R8G8B8_SRGB: false
	VK_FORMAT_R8G8B8A8_UNORM: true
	VK_FORMAT_B8G8R8A8_UNORM: true
	VK_FORMAT_R8G8B8_UNORM: false
	VK_FORMAT_B8G8R8_UNORM: false
	VK_FORMAT_R5G6B5_UNORM_PACK16: true
	VK_FORMAT_R32_SFLOAT: true
	VK_FORMAT_D32_SFLOAT: true
	VK_FORMAT_D16_UNORM: true
	VK_FORMAT_X8_D24_UNORM_PACK32: false
	VK_FORMAT_D24_UNORM_S8_UINT: false
	VK_FORMAT_D32_SFLOAT_S8_UINT: true
	VK_FORMAT_S8_UINT: true
 INFO [print_encoders] Encoder configuration:
	* nxwarp (nxwarp 8-bit)
	  size: 2688x2688
	  bitrate: 47.8Mbit/s
	* nxwarp (nxwarp 8-bit)
	  size: 2688x1344
	  bitrate: 1.1Mbit/s
 INFO [video_encoder_nxwarp] nxwarp: "planar-gpu-centre" enabled (mixed centre/periphery stream)
 INFO [video_encoder_nxwarp] nxwarp: "entropy": "auto" -> lite (the headset advertises ENTROPY_LITE)
 INFO [video_encoder_nxwarp] nxwarp: "snap-identity": 16/16 sample (still tiles become a copy on the headset; error bounded by 0.50 sample)
 INFO [video_encoder_nxwarp] nxwarp: "planar": "prefer" (nxvc tool bit 35)
 INFO [video_encoder_nxwarp] nxwarp: stream 0 tools 0x842200c05 (INTRA_DC_PLANE RES_LEVEL INTER WARP CTX_V2 CTX_V3 ENTROPY_LITE bit35), headset 0xdf77a1fff -- negotiated
 INFO [video_encoder_nxwarp] nxwarp: stream 0 backend: nxvc_vk_encoder GPU compute encoder, nxvc_vk_encoder (E0/E3/E4/E5, intra only) (84x42 tiles, intra only, one QP per frame), reading the compositor image directly
 INFO [video_encoder_nxwarp] nxwarp: stream 0 2688x2688, nxvc_vk_encoder GPU compute encoder, nxvc_vk_encoder (E0/E3/E4/E5, intra only) (84x42 tiles, intra only, one QP per frame), rate control from QP 28 in 22..40 at 90 Hz, send pacing follows the headset's decode cost, 15..90 fps, 84x42 tiles in 7 band(s), 1166 bytes per transport tile
 INFO [video_encoder_nxwarp] nxwarp: "planar-gpu-centre" enabled (mixed centre/periphery stream)
 INFO [video_encoder_nxwarp] nxwarp: "entropy": "auto" -> lite (the headset advertises ENTROPY_LITE)
 INFO [video_encoder_nxwarp] nxwarp: "snap-identity": 16/16 sample (still tiles become a copy on the headset; error bounded by 0.50 sample)
 INFO [video_encoder_nxwarp] nxwarp: "planar": "prefer" (nxvc tool bit 35)
 INFO [video_encoder_nxwarp] nxwarp: stream 2 tools 0x842200c05 (INTRA_DC_PLANE RES_LEVEL INTER WARP CTX_V2 CTX_V3 ENTROPY_LITE bit35), headset 0xdf77a1fff -- negotiated
 INFO [video_encoder_nxwarp] nxwarp: stream 2 backend: nxvc_vk_encoder GPU compute encoder, nxvc_vk_encoder (E0/E3/E4/E5, intra only) (42x21 tiles, intra only, one QP per frame), reading the compositor image directly
 INFO [video_encoder_nxwarp] nxwarp: stream 2 2688x1344, nxvc_vk_encoder GPU compute encoder, nxvc_vk_encoder (E0/E3/E4/E5, intra only) (42x21 tiles, intra only, one QP per frame), rate control from QP 28 in 22..40 at 90 Hz, send pacing follows the headset's decode cost, 15..90 fps, 42x21 tiles in 4 band(s), 1166 bytes per transport tile
 INFO [wivrn_hmd] edge bleed: rendering 5.0% overscan, 1.35 deg left / 1.35 deg up on eye 0 (same encoded size, so about 4.8% less sharp)
 INFO [pipewire_device] pipewire speaker stream created (quantum: 240 frames, 5.00 ms)
 INFO [mic_state_changed] Microphone state changed from PW_STREAM_STATE_UNCONNECTED to PW_STREAM_STATE_CONNECTING
 INFO [pipewire_device] pipewire microphone stream created (quantum: 240 frames, 5.00 ms)
 INFO [configure] Automatic bitrate enabled, AIMD (v1), ceiling 49.0 Mbit/s, floor 10.0 Mbit/s, radio trend on
 INFO [set_pacing] Packet pacing enabled, spreading each frame over 40% of a frame period
 INFO [apply_qos] Wi-Fi QoS marks enabled (video AF41 / AC_VI, control EF / AC_VO)
 INFO [set_fec] Forward error correction enabled, one parity shard per 8 video shards
 INFO [set_fec_adaptive] Adaptive error correction enabled, parity ratio between 16+1 and 4+1 with interleaved groups
 INFO [set_shard_retransmit] Shard retransmission enabled, keeping 1024 kB of recently sent shards per stream
 WARN [check_socket_path] path not found: /run/user/1000/SlimeVRRpc
 WARN [check_socket_path] path not found: /run/user/1000/.flatpak/dev.slimevr.SlimeVR/xdg-run/SlimeVRRpc
 WARN [check_socket_path] path not found: /home/nerdrx/.local/share/dev.slimevr.SlimeVR/SlimeVRRpc
ERROR [solarxr_ipc_socket_find] failed to resolve socket path
 INFO [u_linux_try_to_set_realtime_priority_on_thread] Raised priority of thread 'Multi Client Module' to policy: 'SCHED_FIFO', priority: '99'
 INFO [operator()] Session state changed: XR_SESSION_STATE_VISIBLE
 INFO [reset_stream] nxwarp: stream 0 resumed for a new client: transport sequence restarted, stream header resent, next frame coded without a reference
 INFO [reset_stream] nxwarp: stream 2 resumed for a new client: transport sequence restarted, stream header resent, next frame coded without a reference
 INFO [mic_state_changed] Microphone state changed from PW_STREAM_STATE_CONNECTING to PW_STREAM_STATE_PAUSED
 INFO [operator()] Updating interaction profiles: from 
	XRT_DEVICE_TOUCH_CONTROLLER (left)  to XRT_DEVICE_EXT_HAND_INTERACTION
	XRT_DEVICE_TOUCH_CONTROLLER (right) to XRT_DEVICE_EXT_HAND_INTERACTION

 INFO [client_connected] Client 1 connected
 INFO [ipc_handle_instance_describe_client] Client info:
	id: 1
	application_name: 'HelloXR'
	pid: 235090
	extensions:
		ext_hand_tracking_enabled: false
		ext_hand_tracking_data_source_enabled: false
		ext_eye_gaze_interaction_enabled: false
		ext_future_enabled: false
		ext_hand_interaction_enabled: false
		htc_facial_tracking_enabled: false
		fb_body_tracking_enabled: false
		meta_body_tracking_full_body_enabled: false
		meta_body_tracking_calibration_enabled: false
		meta_body_tracking_fidelity_enabled: false
		fb_face_tracking2_enabled: false
		android_face_tracking_enabled: false
 INFO [update_session_state_locked] Started native session, 1 active app session(s).
 INFO [get_view_poses] geometry[eye 0]: panel fov L-51.99 R51.99 U51.99 D-51.99 -> rendered fov L-53.34 R53.34 U53.34 D-53.34 deg (overscan 0.050)
 INFO [get_view_poses] geometry[eye 1]: panel fov L-51.99 R51.99 U51.99 D-51.99 -> rendered fov L-53.34 R53.34 U53.34 D-53.34 deg (overscan 0.050)
 INFO [update_lens_mask] nxwarp: stream 0 lens mask: 204 of 1764 tiles per eye masked (margin 1 tile, fov -53.3/53.3/53.3/-53.3 deg); flattened only: this backend has no skip-map input, so the tiles are coded as whatever the mode search makes of a constant grey
 INFO [encode] nxwarp: stream 0 rate control on: 42493224 bit/s is 59018 B/frame at 90 Hz, QP band 22..40
 INFO [encode] nxwarp: stream 0 stereo compose 0.000 ms/frame (max 0.000), 0.0% of the 1.5 ms encode
 INFO [encode] nxwarp: stream 0 encoded 1 frames in 2.5 s: 1.5 ms/frame (max 1.5), 133872 B/frame at fixed QP 28, paced to 90.0 fps (client decode not reported yet), 0 composited frame(s) not sent
 INFO [layer_commit] geometry[eye 0]: layer fov (what the app rendered, and what goes on the wire) L-53.34 R53.34 U53.34 D-53.34 deg
 INFO [layer_commit] geometry[eye 1]: layer fov (what the app rendered, and what goes on the wire) L-53.34 R53.34 U53.34 D-53.34 deg
 INFO [encode] nxwarp: stream 0 stereo compose 0.000 ms/frame (max 0.000), 0.0% of the 1.8 ms encode
 INFO [encode] nxwarp: stream 0 encoded 117 frames in 2.0 s: 1.8 ms/frame (max 3.0), 257120 B/frame vs 104756 target (+145%), QP 39.7 [30..40], controller allows 42.5 Mbit/s (at max QP), paced to 51.1 fps (client decode 15.5 ms), 64 composited frame(s) not sent, binding: bytes (decode 15.5 of 15.8 ms budget, floor +0)
 INFO [encode] nxwarp: stream 0 tile mapping: 89 frame(s) with per-tile spans, 28 with the fixed-chunk fallback ("tile-map": "auto")
 INFO [encode] nxwarp: stream 0 the headset did not reconstruct 79 frame(s) since the last report; 79 of them cost an all-intra frame and 0 named a frame older than one already coded intra and cost nothing. Last was frame 82, dropped by the worker backlog
 INFO [run_decode_rate_control] nxwarp: stream 0 decode 15.4 ms is over the 15.4 ms budget but 2 quantiser steps moved it less than 3%: holding the floor at +40 and releasing it. The decode is not paying for bits here (coded tiles 100% of the frame).
 INFO [evaluate_aimd] Automatic bitrate: acute congestion, 49.0 -> 19.6 Mbit/s (p90 utilisation 1.14, 1 lost, 4 late over 32 frames)
 INFO [encode] nxwarp: stream 0 stereo compose 0.000 ms/frame (max 0.000), 0.0% of the 2.6 ms encode
 INFO [encode] nxwarp: stream 0 encoded 106 frames in 2.0 s: 2.6 ms/frame (max 2.8), 277628 B/frame vs 40480 target (+586%), QP 40.0 [40..40], controller allows 17.0 Mbit/s (at max QP), paced to 52.4 fps (client decode 17.0 ms), 75 composited frame(s) not sent, binding: bytes (decode 17.0 of 15.2 ms budget, floor +40)
 INFO [encode] nxwarp: stream 0 tile mapping: 53 frame(s) with per-tile spans, 53 with the fixed-chunk fallback ("tile-map": "auto")
 INFO [evaluate_aimd] Automatic bitrate: congestion, 19.6 -> 13.7 Mbit/s (p90 utilisation 0.95, 0 lost, 0 late over 92 frames)
 WARN [run_rate_control] nxwarp: stream 0 cannot reach its bitrate ceiling: at max QP 40 the frames are 291160 B and the ceiling allows 29115 B (11898102 bit/s at the 51.1 fps this stream is budgeted at, 90 Hz composited). This is the smallest frame this quantiser can make of this picture — raise the ceiling, lower the resolution, or raise "max-qp"
 INFO [encode] nxwarp: stream 0 stereo compose 0.000 ms/frame (max 0.000), 0.0% of the 2.6 ms encode
 INFO [encode] nxwarp: stream 0 encoded 103 frames in 2.0 s: 2.6 ms/frame (max 2.8), 286938 B/frame vs 28630 target (+902%), QP 40.0 [40..40], controller allows 11.9 Mbit/s (CEILING UNREACHABLE, pinned at max QP), paced to 51.7 fps (client decode 17.8 ms), 78 composited frame(s) not sent, binding: bytes (decode 17.8 of 15.4 ms budget, floor +39)
 INFO [encode] nxwarp: stream 0 tile mapping: 33 frame(s) with per-tile spans, 70 with the fixed-chunk fallback ("tile-map": "auto")
 INFO [evaluate_aimd] Automatic bitrate: congestion, 13.7 -> 10.0 Mbit/s (p90 utilisation 0.99, 0 lost, 0 late over 90 frames)
 INFO [encode] nxwarp: stream 0 stereo compose 0.000 ms/frame (max 0.000), 0.0% of the 2.6 ms encode
 INFO [encode] nxwarp: stream 0 encoded 106 frames in 2.0 s: 2.6 ms/frame (max 2.8), 264719 B/frame vs 20531 target (+1189%), QP 40.0 [40..40], controller allows 8.7 Mbit/s (CEILING UNREACHABLE, pinned at max QP), paced to 52.5 fps (client decode 16.9 ms), 76 composited frame(s) not sent, binding: bytes (decode 16.9 of 15.2 ms budget, floor +38)
 INFO [encode] nxwarp: stream 0 tile mapping: 56 frame(s) with per-tile spans, 50 with the fixed-chunk fallback ("tile-map": "auto")
 INFO [encode] nxwarp: stream 0 stereo compose 0.000 ms/frame (max 0.000), 0.0% of the 2.6 ms encode
 INFO [encode] nxwarp: stream 0 encoded 107 frames in 2.0 s: 2.6 ms/frame (max 3.0), 263920 B/frame vs 20836 target (+1167%), QP 40.0 [40..40], controller allows 8.7 Mbit/s (CEILING UNREACHABLE, pinned at max QP), paced to 52.1 fps (client decode 16.4 ms), 75 composited frame(s) not sent, binding: bytes (decode 16.4 of 15.4 ms budget, floor +37)
 INFO [encode] nxwarp: stream 0 tile mapping: 84 frame(s) with per-tile spans, 23 with the fixed-chunk fallback ("tile-map": "auto")
 INFO [encode] nxwarp: stream 0 stereo compose 0.000 ms/frame (max 0.000), 0.0% of the 2.6 ms encode
 INFO [encode] nxwarp: stream 0 encoded 103 frames in 2.0 s: 2.6 ms/frame (max 2.9), 274146 B/frame vs 20705 target (+1224%), QP 40.0 [40..40], controller allows 8.7 Mbit/s (CEILING UNREACHABLE, pinned at max QP), paced to 52.4 fps (client decode 16.2 ms), 77 composited frame(s) not sent, binding: bytes (decode 16.2 of 15.3 ms budget, floor +36)
 INFO [encode] nxwarp: stream 0 tile mapping: 96 frame(s) with per-tile spans, 7 with the fixed-chunk fallback ("tile-map": "auto")
 INFO [encode] nxwarp: stream 0 stereo compose 0.000 ms/frame (max 0.000), 0.0% of the 2.6 ms encode
 INFO [encode] nxwarp: stream 0 encoded 106 frames in 2.0 s: 2.6 ms/frame (max 2.9), 268049 B/frame vs 20331 target (+1218%), QP 40.0 [40..40], controller allows 8.7 Mbit/s (CEILING UNREACHABLE, pinned at max QP), paced to 53.3 fps (client decode 16.3 ms), 76 composited frame(s) not sent, binding: bytes (decode 16.3 of 15.0 ms budget, floor +35)
 INFO [encode] nxwarp: stream 0 tile mapping: 106 frame(s) with per-tile spans, 0 with the fixed-chunk fallback ("tile-map": "auto")
 INFO [encode] nxwarp: stream 0 stereo compose 0.000 ms/frame (max 0.000), 0.0% of the 2.5 ms encode
 INFO [encode] nxwarp: stream 0 encoded 107 frames in 2.0 s: 2.5 ms/frame (max 2.9), 254127 B/frame vs 20399 target (+1146%), QP 40.0 [40..40], controller allows 8.7 Mbit/s (CEILING UNREACHABLE, pinned at max QP), paced to 53.0 fps (client decode 16.4 ms), 73 composited frame(s) not sent, binding: bytes (decode 16.4 of 15.1 ms budget, floor +34)
 INFO [encode] nxwarp: stream 0 tile mapping: 107 frame(s) with per-tile spans, 0 with the fixed-chunk fallback ("tile-map": "auto")
 INFO [encode] nxwarp: stream 0 stereo compose 0.000 ms/frame (max 0.000), 0.0% of the 2.5 ms encode
 INFO [encode] nxwarp: stream 0 encoded 108 frames in 2.0 s: 2.5 ms/frame (max 2.8), 254996 B/frame vs 20082 target (+1170%), QP 40.0 [40..40], controller allows 8.7 Mbit/s (CEILING UNREACHABLE, pinned at max QP), paced to 53.9 fps (client decode 16.4 ms), 73 composited frame(s) not sent, binding: bytes (decode 16.4 of 14.8 ms budget, floor +33)
 INFO [encode] nxwarp: stream 0 tile mapping: 103 frame(s) with per-tile spans, 5 with the fixed-chunk fallback ("tile-map": "auto")
 INFO [encode] nxwarp: stream 0 stereo compose 0.000 ms/frame (max 0.000), 0.0% of the 2.5 ms encode
 INFO [encode] nxwarp: stream 0 encoded 107 frames in 2.0 s: 2.5 ms/frame (max 2.7), 271540 B/frame vs 20312 target (+1237%), QP 40.0 [40..40], controller allows 8.7 Mbit/s (CEILING UNREACHABLE, pinned at max QP), paced to 53.3 fps (client decode 16.1 ms), 75 composited frame(s) not sent, binding: bytes (decode 16.1 of 15.0 ms budget, floor +32)
 INFO [encode] nxwarp: stream 0 tile mapping: 67 frame(s) with per-tile spans, 40 with the fixed-chunk fallback ("tile-map": "auto")
 INFO [encode] nxwarp: stream 0 stereo compose 0.000 ms/frame (max 0.000), 0.0% of the 2.5 ms encode
 INFO [encode] nxwarp: stream 0 encoded 103 frames in 2.0 s: 2.5 ms/frame (max 2.7), 297659 B/frame vs 21107 target (+1310%), QP 40.0 [40..40], controller allows 8.7 Mbit/s (CEILING UNREACHABLE, pinned at max QP), paced to 51.3 fps (client decode 16.7 ms), 77 composited frame(s) not sent, binding: bytes (decode 16.7 of 15.6 ms budget, floor +31)
 INFO [encode] nxwarp: stream 0 tile mapping: 8 frame(s) with per-tile spans, 95 with the fixed-chunk fallback ("tile-map": "auto")
 INFO [encode] nxwarp: stream 0 stereo compose 0.000 ms/frame (max 0.000), 0.0% of the 2.5 ms encode
 INFO [encode] nxwarp: stream 0 encoded 102 frames in 2.0 s: 2.5 ms/frame (max 2.8), 302972 B/frame vs 20863 target (+1352%), QP 40.0 [40..40], controller allows 8.7 Mbit/s (CEILING UNREACHABLE, pinned at max QP), paced to 51.9 fps (client decode 16.7 ms), 78 composited frame(s) not sent, binding: bytes (decode 16.7 of 15.4 ms budget, floor +30)
 INFO [encode] nxwarp: stream 0 tile mapping: 10 frame(s) with per-tile spans, 92 with the fixed-chunk fallback ("tile-map": "auto")
 INFO [encode] nxwarp: stream 0 stereo compose 0.000 ms/frame (max 0.000), 0.0% of the 2.5 ms encode
 INFO [encode] nxwarp: stream 0 encoded 104 frames in 2.0 s: 2.5 ms/frame (max 2.8), 292255 B/frame vs 20789 target (+1306%), QP 40.0 [40..40], controller allows 8.7 Mbit/s (CEILING UNREACHABLE, pinned at max QP), paced to 51.9 fps (client decode 17.1 ms), 78 composited frame(s) not sent, binding: bytes (decode 17.1 of 15.3 ms budget, floor +29)
 INFO [encode] nxwarp: stream 0 tile mapping: 76 frame(s) with per-tile spans, 28 with the fixed-chunk fallback ("tile-map": "auto")
 INFO [encode] nxwarp: stream 0 stereo compose 0.000 ms/frame (max 0.000), 0.0% of the 2.6 ms encode
 INFO [encode] nxwarp: stream 0 encoded 104 frames in 2.0 s: 2.6 ms/frame (max 3.0), 281130 B/frame vs 20339 target (+1282%), QP 40.0 [40..40], controller allows 8.7 Mbit/s (CEILING UNREACHABLE, pinned at max QP), paced to 53.2 fps (client decode 16.6 ms), 77 composited frame(s) not sent, binding: bytes (decode 16.6 of 15.0 ms budget, floor +28)
 INFO [encode] nxwarp: stream 0 tile mapping: 74 frame(s) with per-tile spans, 30 with the fixed-chunk fallback ("tile-map": "auto")
 INFO [encode] nxwarp: stream 0 stereo compose 0.000 ms/frame (max 0.000), 0.0% of the 2.6 ms encode
 INFO [encode] nxwarp: stream 0 encoded 105 frames in 2.0 s: 2.6 ms/frame (max 3.2), 279844 B/frame vs 20599 target (+1259%), QP 40.0 [40..40], controller allows 8.7 Mbit/s (CEILING UNREACHABLE, pinned at max QP), paced to 52.7 fps (client decode 16.2 ms), 76 composited frame(s) not sent, binding: bytes (decode 16.2 of 15.2 ms budget, floor +27)
 INFO [encode] nxwarp: stream 0 tile mapping: 66 frame(s) with per-tile spans, 39 with the fixed-chunk fallback ("tile-map": "auto")
 INFO [encode] nxwarp: stream 0 stereo compose 0.000 ms/frame (max 0.000), 0.0% of the 2.6 ms encode
 INFO [encode] nxwarp: stream 0 encoded 106 frames in 2.0 s: 2.6 ms/frame (max 2.9), 273987 B/frame vs 20216 target (+1255%), QP 40.0 [40..40], controller allows 8.7 Mbit/s (CEILING UNREACHABLE, pinned at max QP), paced to 53.8 fps (client decode 15.3 ms), 75 composited frame(s) not sent, binding: bytes (decode 15.3 of 14.9 ms budget, floor +26)
 INFO [encode] nxwarp: stream 0 tile mapping: 81 frame(s) with per-tile spans, 25 with the fixed-chunk fallback ("tile-map": "auto")
 INFO [encode] nxwarp: stream 0 stereo compose 0.000 ms/frame (max 0.000), 0.0% of the 2.5 ms encode
 INFO [encode] nxwarp: stream 0 encoded 110 frames in 2.0 s: 2.5 ms/frame (max 2.9), 242884 B/frame vs 19614 target (+1138%), QP 40.0 [40..40], controller allows 8.7 Mbit/s (CEILING UNREACHABLE, pinned at max QP), paced to 55.3 fps (client decode 15.9 ms), 70 composited frame(s) not sent, binding: bytes (decode 15.9 of 14.5 ms budget, floor +25)
 INFO [encode] nxwarp: stream 0 tile mapping: 103 frame(s) with per-tile spans, 7 with the fixed-chunk fallback ("tile-map": "auto")
 WARN [run_rate_control] nxwarp: stream 0 cannot reach its bitrate ceiling: at max QP 40 the frames are 245231 B and the ceiling allows 19713 B (8672086 bit/s at the 55.0 fps this stream is budgeted at, 90 Hz composited). This is the smallest frame this quantiser can make of this picture — raise the ceiling, lower the resolution, or raise "max-qp"
 INFO [encode] nxwarp: stream 0 stereo compose 0.000 ms/frame (max 0.000), 0.0% of the 2.5 ms encode
 INFO [encode] nxwarp: stream 0 encoded 110 frames in 2.0 s: 2.5 ms/frame (max 2.7), 247789 B/frame vs 20573 target (+1104%), QP 40.0 [40..40], controller allows 8.7 Mbit/s (CEILING UNREACHABLE, pinned at max QP), paced to 52.5 fps (client decode 16.7 ms), 72 composited frame(s) not sent, binding: bytes (decode 16.7 of 15.2 ms budget, floor +24)
 INFO [encode] nxwarp: stream 0 tile mapping: 110 frame(s) with per-tile spans, 0 with the fixed-chunk fallback ("tile-map": "auto")
 INFO [encode] nxwarp: stream 0 stereo compose 0.000 ms/frame (max 0.000), 0.0% of the 2.5 ms encode
 INFO [encode] nxwarp: stream 0 encoded 105 frames in 2.0 s: 2.5 ms/frame (max 3.1), 267955 B/frame vs 20666 target (+1197%), QP 40.0 [40..40], controller allows 8.7 Mbit/s (CEILING UNREACHABLE, pinned at max QP), paced to 52.3 fps (client decode 16.8 ms), 76 composited frame(s) not sent, binding: bytes (decode 16.8 of 15.3 ms budget, floor +23)
 INFO [encode] nxwarp: stream 0 tile mapping: 98 frame(s) with per-tile spans, 7 with the fixed-chunk fallback ("tile-map": "auto")
 INFO [run_decode_rate_control] nxwarp: stream 0 decode 15.9 ms is over the 15.3 ms budget but 2 quantiser steps moved it less than 3%: holding the floor at +40 and releasing it. The decode is not paying for bits here (coded tiles 100% of the frame).
 INFO [encode] nxwarp: stream 0 stereo compose 0.000 ms/frame (max 0.000), 0.0% of the 2.5 ms encode
 INFO [encode] nxwarp: stream 0 encoded 106 frames in 2.0 s: 2.5 ms/frame (max 2.9), 255367 B/frame vs 19643 target (+1200%), QP 40.0 [40..40], controller allows 8.7 Mbit/s (CEILING UNREACHABLE, pinned at max QP), paced to 55.0 fps (client decode 16.5 ms), 75 composited frame(s) not sent, binding: bytes (decode 16.5 of 14.5 ms budget, floor +40)
 INFO [encode] nxwarp: stream 0 tile mapping: 100 frame(s) with per-tile spans, 6 with the fixed-chunk fallback ("tile-map": "auto")
 INFO [encode] nxwarp: stream 0 stereo compose 0.000 ms/frame (max 0.000), 0.0% of the 2.5 ms encode
 INFO [encode] nxwarp: stream 0 encoded 110 frames in 2.0 s: 2.5 ms/frame (max 2.7), 243675 B/frame vs 20029 target (+1117%), QP 40.0 [40..40], controller allows 8.7 Mbit/s (CEILING UNREACHABLE, pinned at max QP), paced to 53.8 fps (client decode 16.9 ms), 70 composited frame(s) not sent, binding: bytes (decode 16.9 of 14.8 ms budget, floor +39)
 INFO [encode] nxwarp: stream 0 tile mapping: 96 frame(s) with per-tile spans, 14 with the fixed-chunk fallback ("tile-map": "auto")
 INFO [encode] nxwarp: stream 0 stereo compose 0.000 ms/frame (max 0.000), 0.0% of the 2.5 ms encode
 INFO [encode] nxwarp: stream 0 encoded 109 frames in 2.0 s: 2.5 ms/frame (max 2.6), 256917 B/frame vs 20338 target (+1163%), QP 40.0 [40..40], controller allows 8.7 Mbit/s (CEILING UNREACHABLE, pinned at max QP), paced to 53.1 fps (client decode 16.7 ms), 72 composited frame(s) not sent, binding: bytes (decode 16.7 of 15.0 ms budget, floor +38)
 INFO [encode] nxwarp: stream 0 tile mapping: 56 frame(s) with per-tile spans, 53 with the fixed-chunk fallback ("tile-map": "auto")
 INFO [encode] nxwarp: stream 0 stereo compose 0.000 ms/frame (max 0.000), 0.0% of the 2.5 ms encode
 INFO [encode] nxwarp: stream 0 encoded 104 frames in 2.0 s: 2.5 ms/frame (max 2.7), 282125 B/frame vs 21092 target (+1238%), QP 40.0 [40..40], controller allows 8.7 Mbit/s (CEILING UNREACHABLE, pinned at max QP), paced to 51.6 fps (client decode 15.8 ms), 76 composited frame(s) not sent, binding: bytes (decode 15.8 of 15.6 ms budget, floor +37)
 INFO [encode] nxwarp: stream 0 tile mapping: 35 frame(s) with per-tile spans, 69 with the fixed-chunk fallback ("tile-map": "auto")
 INFO [encode] nxwarp: stream 0 stereo compose 0.000 ms/frame (max 0.000), 0.0% of the 2.5 ms encode
 INFO [encode] nxwarp: stream 0 encoded 103 frames in 2.0 s: 2.5 ms/frame (max 2.7), 288597 B/frame vs 20544 target (+1305%), QP 40.0 [40..40], controller allows 8.7 Mbit/s (CEILING UNREACHABLE, pinned at max QP), paced to 52.6 fps (client decode 16.7 ms), 78 composited frame(s) not sent, binding: bytes (decode 16.7 of 15.2 ms budget, floor +36)
 INFO [encode] nxwarp: stream 0 tile mapping: 6 frame(s) with per-tile spans, 97 with the fixed-chunk fallback ("tile-map": "auto")
 INFO [encode] nxwarp: stream 0 stereo compose 0.000 ms/frame (max 0.000), 0.0% of the 2.5 ms encode
 INFO [encode] nxwarp: stream 0 encoded 108 frames in 2.0 s: 2.5 ms/frame (max 2.7), 265311 B/frame vs 20162 target (+1216%), QP 40.0 [40..40], controller allows 8.7 Mbit/s (CEILING UNREACHABLE, pinned at max QP), paced to 53.9 fps (client decode 15.4 ms), 73 composited frame(s) not sent, binding: bytes (decode 15.4 of 14.9 ms budget, floor +35)
 INFO [encode] nxwarp: stream 0 tile mapping: 47 frame(s) with per-tile spans, 61 with the fixed-chunk fallback ("tile-map": "auto")
 INFO [encode] nxwarp: stream 0 stereo compose 0.000 ms/frame (max 0.000), 0.0% of the 2.5 ms encode
 INFO [encode] nxwarp: stream 0 encoded 108 frames in 2.0 s: 2.5 ms/frame (max 2.8), 267367 B/frame vs 20064 target (+1233%), QP 40.0 [40..40], controller allows 8.7 Mbit/s (CEILING UNREACHABLE, pinned at max QP), paced to 54.2 fps (client decode 15.5 ms), 73 composited frame(s) not sent, binding: bytes (decode 15.5 of 14.8 ms budget, floor +34)
 INFO [encode] nxwarp: stream 0 tile mapping: 98 frame(s) with per-tile spans, 10 with the fixed-chunk fallback ("tile-map": "auto")
 INFO [encode] nxwarp: stream 0 stereo compose 0.000 ms/frame (max 0.000), 0.0% of the 2.5 ms encode
 INFO [encode] nxwarp: stream 0 encoded 109 frames in 2.0 s: 2.5 ms/frame (max 2.8), 268033 B/frame vs 19906 target (+1246%), QP 40.0 [40..40], controller allows 8.7 Mbit/s (CEILING UNREACHABLE, pinned at max QP), paced to 54.6 fps (client decode 15.3 ms), 73 composited frame(s) not sent, binding: bytes (decode 15.3 of 14.7 ms budget, floor +33)
 INFO [encode] nxwarp: stream 0 tile mapping: 68 frame(s) with per-tile spans, 41 with the fixed-chunk fallback ("tile-map": "auto")
 INFO [encode] nxwarp: stream 0 stereo compose 0.000 ms/frame (max 0.000), 0.0% of the 2.5 ms encode
 INFO [encode] nxwarp: stream 0 encoded 107 frames in 2.0 s: 2.5 ms/frame (max 2.8), 268814 B/frame vs 20101 target (+1237%), QP 40.0 [40..40], controller allows 8.7 Mbit/s (CEILING UNREACHABLE, pinned at max QP), paced to 54.3 fps (client decode 14.9 ms), 74 composited frame(s) not sent, binding: bytes (decode 14.9 of 14.8 ms budget, floor +32)
 INFO [encode] nxwarp: stream 0 tile mapping: 107 frame(s) with per-tile spans, 0 with the fixed-chunk fallback ("tile-map": "auto")
 INFO [encode] nxwarp: stream 0 stereo compose 0.000 ms/frame (max 0.000), 0.0% of the 2.5 ms encode
 INFO [encode] nxwarp: stream 0 encoded 105 frames in 2.0 s: 2.5 ms/frame (max 2.6), 270454 B/frame vs 20747 target (+1204%), QP 40.0 [40..40], controller allows 8.7 Mbit/s (CEILING UNREACHABLE, pinned at max QP), paced to 52.3 fps (client decode 16.6 ms), 75 composited frame(s) not sent, binding: bytes (decode 16.6 of 15.3 ms budget, floor +31)
 INFO [encode] nxwarp: stream 0 tile mapping: 98 frame(s) with per-tile spans, 7 with the fixed-chunk fallback ("tile-map": "auto")
 INFO [encode] nxwarp: stream 0 stereo compose 0.000 ms/frame (max 0.000), 0.0% of the 2.6 ms encode
 INFO [encode] nxwarp: stream 0 encoded 109 frames in 2.0 s: 2.6 ms/frame (max 2.9), 255804 B/frame vs 19826 target (+1190%), QP 40.0 [40..40], controller allows 8.7 Mbit/s (CEILING UNREACHABLE, pinned at max QP), paced to 54.6 fps (client decode 16.3 ms), 73 composited frame(s) not sent, binding: bytes (decode 16.3 of 14.6 ms budget, floor +30)
 INFO [encode] nxwarp: stream 0 tile mapping: 92 frame(s) with per-tile spans, 17 with the fixed-chunk fallback ("tile-map": "auto")
 INFO [encode] nxwarp: stream 0 stereo compose 0.000 ms/frame (max 0.000), 0.0% of the 2.6 ms encode
 INFO [encode] nxwarp: stream 0 encoded 111 frames in 2.0 s: 2.6 ms/frame (max 3.1), 256908 B/frame vs 19884 target (+1192%), QP 40.0 [40..40], controller allows 8.7 Mbit/s (CEILING UNREACHABLE, pinned at max QP), paced to 54.5 fps (client decode 15.8 ms), 70 composited frame(s) not sent, binding: bytes (decode 15.8 of 14.7 ms budget, floor +29)
 INFO [encode] nxwarp: stream 0 tile mapping: 98 frame(s) with per-tile spans, 13 with the fixed-chunk fallback ("tile-map": "auto")
 INFO [encode] nxwarp: stream 0 stereo compose 0.000 ms/frame (max 0.000), 0.0% of the 2.6 ms encode
 INFO [encode] nxwarp: stream 0 encoded 109 frames in 2.0 s: 2.6 ms/frame (max 3.0), 265440 B/frame vs 20036 target (+1225%), QP 40.0 [40..40], controller allows 8.7 Mbit/s (CEILING UNREACHABLE, pinned at max QP), paced to 53.8 fps (client decode 17.3 ms), 73 composited frame(s) not sent, binding: bytes (decode 17.3 of 14.8 ms budget, floor +28)
 INFO [encode] nxwarp: stream 0 tile mapping: 92 frame(s) with per-tile spans, 17 with the fixed-chunk fallback ("tile-map": "auto")
 WARN [run_rate_control] nxwarp: stream 0 cannot reach its bitrate ceiling: at max QP 40 the frames are 278362 B and the ceiling allows 20491 B (8672086 bit/s at the 52.9 fps this stream is budgeted at, 90 Hz composited). This is the smallest frame this quantiser can make of this picture — raise the ceiling, lower the resolution, or raise "max-qp"
 INFO [encode] nxwarp: stream 0 stereo compose 0.000 ms/frame (max 0.000), 0.0% of the 2.6 ms encode
 INFO [encode] nxwarp: stream 0 encoded 106 frames in 2.0 s: 2.6 ms/frame (max 3.2), 278364 B/frame vs 20445 target (+1262%), QP 40.0 [40..40], controller allows 8.7 Mbit/s (CEILING UNREACHABLE, pinned at max QP), paced to 52.8 fps (client decode 17.4 ms), 74 composited frame(s) not sent, binding: bytes (decode 17.4 of 15.1 ms budget, floor +27)
 INFO [encode] nxwarp: stream 0 tile mapping: 43 frame(s) with per-tile spans, 63 with the fixed-chunk fallback ("tile-map": "auto")
 INFO [encode] nxwarp: stream 0 stereo compose 0.000 ms/frame (max 0.000), 0.0% of the 2.6 ms encode
 INFO [encode] nxwarp: stream 0 encoded 107 frames in 2.0 s: 2.6 ms/frame (max 2.9), 265243 B/frame vs 19939 target (+1230%), QP 40.0 [40..40], controller allows 8.7 Mbit/s (CEILING UNREACHABLE, pinned at max QP), paced to 54.2 fps (client decode 16.2 ms), 74 composited frame(s) not sent, binding: bytes (decode 16.2 of 14.7 ms budget, floor +26)
 INFO [encode] nxwarp: stream 0 tile mapping: 88 frame(s) with per-tile spans, 19 with the fixed-chunk fallback ("tile-map": "auto")
 INFO [encode] nxwarp: stream 0 stereo compose 0.000 ms/frame (max 0.000), 0.0% of the 2.6 ms encode
 INFO [encode] nxwarp: stream 0 encoded 107 frames in 2.0 s: 2.6 ms/frame (max 3.2), 270053 B/frame vs 20825 target (+1197%), QP 40.0 [40..40], controller allows 8.7 Mbit/s (CEILING UNREACHABLE, pinned at max QP), paced to 52.1 fps (client decode 16.7 ms), 73 composited frame(s) not sent, binding: bytes (decode 16.7 of 15.4 ms budget, floor +25)
 INFO [encode] nxwarp: stream 0 tile mapping: 45 frame(s) with per-tile spans, 62 with the fixed-chunk fallback ("tile-map": "auto")
 INFO [encode] nxwarp: stream 0 stereo compose 0.000 ms/frame (max 0.000), 0.0% of the 2.6 ms encode
 INFO [encode] nxwarp: stream 0 encoded 104 frames in 2.0 s: 2.6 ms/frame (max 2.9), 295099 B/frame vs 20671 target (+1328%), QP 40.0 [40..40], controller allows 8.7 Mbit/s (CEILING UNREACHABLE, pinned at max QP), paced to 52.2 fps (client decode 17.5 ms), 77 composited frame(s) not sent, binding: bytes (decode 17.5 of 15.3 ms budget, floor +24)
 INFO [encode] nxwarp: stream 0 tile mapping: 0 frame(s) with per-tile spans, 104 with the fixed-chunk fallback ("tile-map": "auto", every frame too big for a transport slot)
 INFO [encode] nxwarp: stream 0 stereo compose 0.000 ms/frame (max 0.000), 0.0% of the 2.6 ms encode
 INFO [encode] nxwarp: stream 0 encoded 105 frames in 2.0 s: 2.6 ms/frame (max 2.9), 276503 B/frame vs 20016 target (+1281%), QP 40.0 [40..40], controller allows 8.7 Mbit/s (CEILING UNREACHABLE, pinned at max QP), paced to 54.2 fps (client decode 15.8 ms), 75 composited frame(s) not sent, binding: bytes (decode 15.8 of 14.8 ms budget, floor +23)
 INFO [encode] nxwarp: stream 0 tile mapping: 47 frame(s) with per-tile spans, 58 with the fixed-chunk fallback ("tile-map": "auto")
 INFO [run_decode_rate_control] nxwarp: stream 0 decode 15.9 ms is over the 14.8 ms budget but 2 quantiser steps moved it less than 3%: holding the floor at +40 and releasing it. The decode is not paying for bits here (coded tiles 100% of the frame).
 INFO [encode] nxwarp: stream 0 stereo compose 0.000 ms/frame (max 0.000), 0.0% of the 2.5 ms encode
 INFO [encode] nxwarp: stream 0 encoded 110 frames in 2.0 s: 2.5 ms/frame (max 2.8), 238141 B/frame vs 19849 target (+1100%), QP 40.0 [40..40], controller allows 8.7 Mbit/s (CEILING UNREACHABLE, pinned at max QP), paced to 54.7 fps (client decode 15.5 ms), 71 composited frame(s) not sent, binding: bytes (decode 15.5 of 14.6 ms budget, floor +40)
 INFO [encode] nxwarp: stream 0 tile mapping: 110 frame(s) with per-tile spans, 0 with the fixed-chunk fallback ("tile-map": "auto")
 INFO [encode] nxwarp: stream 0 stereo compose 0.000 ms/frame (max 0.000), 0.0% of the 2.5 ms encode
 INFO [encode] nxwarp: stream 0 encoded 109 frames in 2.0 s: 2.5 ms/frame (max 2.8), 241241 B/frame vs 20042 target (+1104%), QP 40.0 [40..40], controller allows 8.7 Mbit/s (CEILING UNREACHABLE, pinned at max QP), paced to 54.2 fps (client decode 15.4 ms), 71 composited frame(s) not sent, binding: bytes (decode 15.4 of 14.8 ms budget, floor +39)
 INFO [encode] nxwarp: stream 0 tile mapping: 89 frame(s) with per-tile spans, 20 with the fixed-chunk fallback ("tile-map": "auto")
 INFO [encode] nxwarp: stream 0 stereo compose 0.000 ms/frame (max 0.000), 0.0% of the 2.5 ms encode
 INFO [encode] nxwarp: stream 0 encoded 107 frames in 2.0 s: 2.5 ms/frame (max 2.7), 258827 B/frame vs 20609 target (+1156%), QP 40.0 [40..40], controller allows 8.7 Mbit/s (CEILING UNREACHABLE, pinned at max QP), paced to 52.5 fps (client decode 16.5 ms), 73 composited frame(s) not sent, binding: bytes (decode 16.5 of 15.2 ms budget, floor +38)
 INFO [encode] nxwarp: stream 0 tile mapping: 102 frame(s) with per-tile spans, 5 with the fixed-chunk fallback ("tile-map": "auto")
 INFO [encode] nxwarp: stream 0 stereo compose 0.000 ms/frame (max 0.000), 0.0% of the 2.5 ms encode
 INFO [encode] nxwarp: stream 0 encoded 106 frames in 2.0 s: 2.5 ms/frame (max 2.8), 261590 B/frame vs 19978 target (+1209%), QP 40.0 [40..40], controller allows 8.7 Mbit/s (CEILING UNREACHABLE, pinned at max QP), paced to 53.9 fps (client decode 16.8 ms), 75 composited frame(s) not sent, binding: bytes (decode 16.8 of 14.7 ms budget, floor +37)
 INFO [encode] nxwarp: stream 0 tile mapping: 72 frame(s) with per-tile spans, 34 with the fixed-chunk fallback ("tile-map": "auto")
 INFO [encode] nxwarp: stream 0 stereo compose 0.000 ms/frame (max 0.000), 0.0% of the 2.5 ms encode
 INFO [encode] nxwarp: stream 0 encoded 110 frames in 2.0 s: 2.5 ms/frame (max 3.2), 250919 B/frame vs 19984 target (+1156%), QP 40.0 [40..40], controller allows 8.7 Mbit/s (CEILING UNREACHABLE, pinned at max QP), paced to 54.4 fps (client decode 15.4 ms), 71 composited frame(s) not sent, binding: bytes (decode 15.4 of 14.7 ms budget, floor +36)
 INFO [encode] nxwarp: stream 0 tile mapping: 48 frame(s) with per-tile spans, 62 with the fixed-chunk fallback ("tile-map": "auto")
 INFO [encode] nxwarp: stream 0 stereo compose 0.000 ms/frame (max 0.000), 0.0% of the 2.6 ms encode
 INFO [encode] nxwarp: stream 0 encoded 106 frames in 2.0 s: 2.6 ms/frame (max 2.9), 270873 B/frame vs 21169 target (+1180%), QP 40.0 [40..40], controller allows 8.7 Mbit/s (CEILING UNREACHABLE, pinned at max QP), paced to 51.2 fps (client decode 16.8 ms), 75 composited frame(s) not sent, binding: bytes (decode 16.8 of 15.6 ms budget, floor +35)
 INFO [encode] nxwarp: stream 0 tile mapping: 71 frame(s) with per-tile spans, 35 with the fixed-chunk fallback ("tile-map": "auto")
 INFO [encode] nxwarp: stream 0 stereo compose 0.000 ms/frame (max 0.000), 0.0% of the 2.6 ms encode
 INFO [encode] nxwarp: stream 0 encoded 104 frames in 2.0 s: 2.6 ms/frame (max 2.8), 295227 B/frame vs 21408 target (+1279%), QP 40.0 [40..40], controller allows 8.7 Mbit/s (CEILING UNREACHABLE, pinned at max QP), paced to 50.7 fps (client decode 16.8 ms), 76 composited frame(s) not sent, binding: bytes (decode 16.8 of 15.8 ms budget, floor +34)
 INFO [encode] nxwarp: stream 0 tile mapping: 38 frame(s) with per-tile spans, 66 with the fixed-chunk fallback ("tile-map": "auto")
 INFO [client_disconnected] Client 1 disconnected
 INFO [update_session_state_locked] Stopped native session, 0 active app session(s).
