case,return,received_at_supplier,packets_seen,elapsed_ns,supplier_calls,callback_count
quiet_wake,0,0,0,3164781,1,0
overdue_case,trial,elapsed_ns,poll_return,post_poll_service_calls
local_candidate_0ms,0,4450,0,1
baseline_1ms,0,1055344,0,1
baseline_1ms,1,1054353,0,1
local_candidate_0ms,1,650,0,1
local_candidate_0ms,2,450,0,1
baseline_1ms,2,1053964,0,1
baseline_1ms,3,1054664,0,1
local_candidate_0ms,3,540,0,1
local_candidate_0ms,4,410,0,1
baseline_1ms,4,1054114,0,1
baseline_1ms,5,1055083,0,1
local_candidate_0ms,5,560,0,1
local_candidate_0ms,6,470,0,1
baseline_1ms,6,1053674,0,1
baseline_1ms,7,1054383,0,1
local_candidate_0ms,7,520,0,1
local_candidate_0ms,8,400,0,1
baseline_1ms,8,1053794,0,1
baseline_1ms,9,1054213,0,1
local_candidate_0ms,9,680,0,1
local_candidate_0ms,10,1510,0,1
baseline_1ms,10,1054173,0,1
baseline_1ms,11,1054254,0,1
local_candidate_0ms,11,3520,0,1
local_candidate_0ms,12,440,0,1
baseline_1ms,12,1054274,0,1
baseline_1ms,13,1053953,0,1
local_candidate_0ms,13,710,0,1
udp_pending_drain,0,8,8,,1,8
tcp_control,1,9,9,,1,0
checks=32 failures=0
