case,return,received_at_supplier,packets_seen,elapsed_ns,supplier_calls,callback_count
quiet_wake,0,0,0,3061241,1,0
overdue_case,trial,elapsed_ns,poll_return,post_poll_service_calls
local_candidate_0ms,0,8210,0,1
baseline_1ms,0,1054793,0,1
baseline_1ms,1,1057714,0,1
local_candidate_0ms,1,6100,0,1
local_candidate_0ms,2,640,0,1
baseline_1ms,2,1054974,0,1
baseline_1ms,3,1058743,0,1
local_candidate_0ms,3,4240,0,1
local_candidate_0ms,4,290,0,1
baseline_1ms,4,1054964,0,1
baseline_1ms,5,1011013,0,1
local_candidate_0ms,5,1800,0,1
local_candidate_0ms,6,290,0,1
baseline_1ms,6,1054974,0,1
baseline_1ms,7,1058903,0,1
local_candidate_0ms,7,2690,0,1
local_candidate_0ms,8,320,0,1
baseline_1ms,8,1054944,0,1
baseline_1ms,9,1058594,0,1
local_candidate_0ms,9,710,0,1
local_candidate_0ms,10,300,0,1
baseline_1ms,10,1055143,0,1
baseline_1ms,11,1055134,0,1
local_candidate_0ms,11,510,0,1
local_candidate_0ms,12,280,0,1
baseline_1ms,12,1057083,0,1
baseline_1ms,13,1056094,0,1
local_candidate_0ms,13,2090,0,1
udp_pending_drain,0,8,8,,1,8
tcp_control,1,9,9,,1,0
checks=32 failures=0
