case,return,received_at_supplier,packets_seen,elapsed_ns,supplier_calls,callback_count
quiet_wake,0,0,0,3206852,1,0
overdue_case,trial,elapsed_ns,poll_return,post_poll_service_calls
local_candidate_0ms,0,11810,0,1
baseline_1ms,0,1052853,0,1
baseline_1ms,1,1013774,0,1
local_candidate_0ms,1,1400,0,1
local_candidate_0ms,2,800,0,1
baseline_1ms,2,1059063,0,1
baseline_1ms,3,1057244,0,1
local_candidate_0ms,3,2630,0,1
local_candidate_0ms,4,810,0,1
baseline_1ms,4,1059893,0,1
baseline_1ms,5,1058644,0,1
local_candidate_0ms,5,3980,0,1
local_candidate_0ms,6,800,0,1
baseline_1ms,6,1054154,0,1
baseline_1ms,7,1056893,0,1
local_candidate_0ms,7,2260,0,1
local_candidate_0ms,8,1180,0,1
baseline_1ms,8,1053134,0,1
baseline_1ms,9,1057524,0,1
local_candidate_0ms,9,2880,0,1
local_candidate_0ms,10,11680,0,1
baseline_1ms,10,1056833,0,1
baseline_1ms,11,1057914,0,1
local_candidate_0ms,11,6910,0,1
local_candidate_0ms,12,1250,0,1
baseline_1ms,12,1056244,0,1
baseline_1ms,13,1055763,0,1
local_candidate_0ms,13,1540,0,1
udp_pending_drain,0,8,8,,1,8
tcp_control,1,9,9,,1,0
checks=32 failures=0
