case,return,received_at_supplier,packets_seen,elapsed_ns,supplier_calls,callback_count
quiet_wake,0,0,0,3207181,1,0
overdue_case,trial,elapsed_ns,poll_return,post_poll_service_calls
local_candidate_0ms,0,10600,0,1
baseline_1ms,0,1052704,0,1
baseline_1ms,1,1015683,0,1
local_candidate_0ms,1,4500,0,1
local_candidate_0ms,2,940,0,1
baseline_1ms,2,1055164,0,1
baseline_1ms,3,1064664,0,1
local_candidate_0ms,3,9720,0,1
local_candidate_0ms,4,910,0,1
baseline_1ms,4,1060543,0,1
baseline_1ms,5,1062024,0,1
local_candidate_0ms,5,5220,0,1
local_candidate_0ms,6,700,0,1
baseline_1ms,6,1053154,0,1
baseline_1ms,7,1057153,0,1
local_candidate_0ms,7,3530,0,1
local_candidate_0ms,8,1320,0,1
baseline_1ms,8,1055794,0,1
baseline_1ms,9,1058343,0,1
local_candidate_0ms,9,3020,0,1
local_candidate_0ms,10,4580,0,1
baseline_1ms,10,1056674,0,1
baseline_1ms,11,1055644,0,1
local_candidate_0ms,11,5800,0,1
local_candidate_0ms,12,1070,0,1
baseline_1ms,12,1054053,0,1
baseline_1ms,13,1056494,0,1
local_candidate_0ms,13,1140,0,1
udp_pending_drain,0,8,8,,1,8
tcp_control,1,9,9,,1,0
checks=32 failures=0
