Source image
============

    Source:                     bench/results/90fps-2026-09-22/direct-blocks/source.png
    Color profile:              LDR
    Dimensions:                 2D, 4096x2048
    Components:                 4

Compressor settings
===================

    Color profile:              LDR linear
    Block size:                 12x12
    Bitrate:                    0.89 bpp
    RGB alpha scale weight:     0
    R component weight:         1
    G component weight:         1
    B component weight:         1
    A component weight:         1
    Partition cutoff:           2 partitions
    2 partition index cutoff:   10 partition ids
    3 partition index cutoff:   6 partition ids
    4 partition index cutoff:   4 partition ids
    PSNR cutoff:                21.9911 dB
    3 partition cutoff:         1
    4 partition cutoff:         1
    2 plane correlation cutoff: 0.8
    Block mode centile cutoff:  40%
    Candidate cutoff:           2 candidates
    Refinement cutoff:          2 iterations
    Compressor thread count:    32

Performance metrics
===================

    Total time:                  0.0770 s
    Coding time:                 0.0433 s
    Coding rate:               193.8800 MT/s
Performance metrics
===================

    Total time:                  0.5901 s
    Decoding time:               0.0040 s
    Decoding rate:             2072.3508 MT/s
