device=AMD Radeon RX 7900 XTX (RADV NAVI31) timestampBits=64 periodNs=10 extent=2176x2176
run pair=0 variant=baseline gpu_us=1545.28
run pair=0 variant=vec3cache gpu_us=1488
run pair=0 variant=packedcache gpu_us=1515.92
run pair=1 variant=baseline gpu_us=1539.92
run pair=1 variant=vec3cache gpu_us=1448.6
run pair=1 variant=packedcache gpu_us=1474.32
run pair=2 variant=baseline gpu_us=1435.72
run pair=2 variant=vec3cache gpu_us=1437.8
run pair=2 variant=packedcache gpu_us=1460.72
run pair=3 variant=baseline gpu_us=1440.64
run pair=3 variant=vec3cache gpu_us=1426.88
run pair=3 variant=packedcache gpu_us=1472.52
run pair=0 variant=baseline gpu_us=1512.56
run pair=0 variant=vec3cache gpu_us=1429.68
run pair=0 variant=packedcache gpu_us=1460.12
run pair=1 variant=packedcache gpu_us=1421.04
run pair=1 variant=vec3cache gpu_us=1416.96
run pair=1 variant=baseline gpu_us=1543.72
run pair=2 variant=vec3cache gpu_us=1424
run pair=2 variant=baseline gpu_us=1519.56
run pair=2 variant=packedcache gpu_us=1456.36
run pair=3 variant=packedcache gpu_us=1429.8
run pair=3 variant=baseline gpu_us=1495.2
run pair=3 variant=vec3cache gpu_us=1423.4
run pair=4 variant=baseline gpu_us=1611.4
run pair=4 variant=packedcache gpu_us=1454.28
run pair=4 variant=vec3cache gpu_us=1419.76
run pair=5 variant=vec3cache gpu_us=1393.72
run pair=5 variant=packedcache gpu_us=1466.92
run pair=5 variant=baseline gpu_us=1530.2
run pair=6 variant=baseline gpu_us=1563.2
run pair=6 variant=vec3cache gpu_us=1422.24
run pair=6 variant=packedcache gpu_us=1461.28
run pair=7 variant=packedcache gpu_us=1418.52
run pair=7 variant=vec3cache gpu_us=1405
run pair=7 variant=baseline gpu_us=1556.84
run pair=8 variant=vec3cache gpu_us=1420.88
run pair=8 variant=baseline gpu_us=1554.2
run pair=8 variant=packedcache gpu_us=1455.92
run pair=9 variant=packedcache gpu_us=1423.32
run pair=9 variant=baseline gpu_us=1567.88
run pair=9 variant=vec3cache gpu_us=1427.68
run pair=10 variant=baseline gpu_us=1541.12
run pair=10 variant=packedcache gpu_us=1445.88
run pair=10 variant=vec3cache gpu_us=1413.16
run pair=11 variant=vec3cache gpu_us=1397.56
run pair=11 variant=packedcache gpu_us=1465.88
run pair=11 variant=baseline gpu_us=1476.44
pairs=12 variants=3 astc_blocks=73984 mismatch_pairwise_blocks=0 output=results.csv
