WiVRn nx-atlas-live-920ac878-dirty starting
Removing stale file "/home/nerdrx/.config/openxr/1/active_runtime.json"
Removing stale socket file "/run/user/1000/wivrn/comp_ipc"
Service published: x0x0x0x0x0x
Client connected
Server started, PID 3262780
 INFO [ipc_server_main_common] WiVRn 'nx-atlas-live-920ac878-dirty' starting up...
Setting the OpenVR compatibility library to /opt/xrizer
Listening for secondary paths on port 9757
 INFO [vk_bundle] Vulkan instance created:
	GPU: AMD Radeon RX 7900 XTX (RADV NAVI31)
	queue families: 1 3 1 (main, encode, transfer)

 INFO [get_encoder_settings] nxwarp: both eyes on stream 0 as one 2176x1088 stereo frame (578 tiles), stream 1 has no encoder
 INFO [compositor] compositor: lens mask on, margin 1 tile; the foveation pass flattens what it covers (0 of 0 tiles per eye so far)
 INFO [comp_vulkan_formats_log] Supported formats:
	VK_FORMAT_R16G16B16A16_UNORM: true
	VK_FORMAT_R16G16B16A16_SFLOAT: true
	VK_FORMAT_R16G16B16_UNORM: false
	VK_FORMAT_R16G16B16_SFLOAT: false
	VK_FORMAT_R8G8B8A8_SRGB: true
	VK_FORMAT_B8G8R8A8_SRGB: true
	VK_FORMAT_R8G8B8_SRGB: false
	VK_FORMAT_R8G8B8A8_UNORM: true
	VK_FORMAT_B8G8R8A8_UNORM: true
	VK_FORMAT_R8G8B8_UNORM: false
	VK_FORMAT_B8G8R8_UNORM: false
	VK_FORMAT_R5G6B5_UNORM_PACK16: true
	VK_FORMAT_R32_SFLOAT: true
	VK_FORMAT_D32_SFLOAT: true
	VK_FORMAT_D16_UNORM: true
	VK_FORMAT_X8_D24_UNORM_PACK32: false
	VK_FORMAT_D24_UNORM_S8_UINT: false
	VK_FORMAT_D32_SFLOAT_S8_UINT: true
	VK_FORMAT_S8_UINT: true
 INFO [print_encoders] Encoder configuration:
	* nxwarp (nxwarp 8-bit)
	  size: 1088x1088
	  bitrate: 48.7Mbit/s
	* nxwarp (nxwarp 8-bit)
	  size: 1088x544
	  bitrate: 1.2Mbit/s
 INFO [video_encoder_nxwarp] nxwarp: "entropy": "auto" -> lite (the headset advertises ENTROPY_LITE)
 INFO [video_encoder_nxwarp] nxwarp: "snap-identity": 16/16 sample (still tiles become a copy on the headset; error bounded by 0.50 sample)
 INFO [video_encoder_nxwarp] nxwarp: "planar": "rd" -> "off" (the GPU backend has no planar mode)
 INFO [video_encoder_nxwarp] nxwarp: stream 0 tools 0x4c2200c05 (INTRA_DC_PLANE RES_LEVEL INTER WARP CTX_V2 CTX_V3 ENTROPY_LITE bit31 bit34), headset 0xdf77a1fff -- negotiated
 INFO [video_encoder_nxwarp] nxwarp: stream 0 backend: nxvc_vk_encoder GPU compute encoder, nxvc_vk_encoder (E0/E3/E4/E5, intra only) (34x17 tiles, intra only, one QP per frame), reading the compositor image directly
 INFO [video_encoder_nxwarp] nxwarp: stream 0 1088x1088, nxvc_vk_encoder GPU compute encoder, nxvc_vk_encoder (E0/E3/E4/E5, intra only) (34x17 tiles, intra only, one QP per frame), fixed QP 40, paced at a fixed 90.0 fps, 34x17 tiles in 3 band(s), 1166 bytes per transport tile
 INFO [video_encoder_nxwarp] nxwarp: "entropy": "auto" -> lite (the headset advertises ENTROPY_LITE)
 INFO [video_encoder_nxwarp] nxwarp: "snap-identity": 16/16 sample (still tiles become a copy on the headset; error bounded by 0.50 sample)
 INFO [video_encoder_nxwarp] nxwarp: "planar": "rd" -> "off" (the GPU backend has no planar mode)
 INFO [video_encoder_nxwarp] nxwarp: stream 2 tools 0x4c2200c05 (INTRA_DC_PLANE RES_LEVEL INTER WARP CTX_V2 CTX_V3 ENTROPY_LITE bit31 bit34), headset 0xdf77a1fff -- negotiated
 INFO [video_encoder_nxwarp] nxwarp: stream 2 backend: nxvc_vk_encoder GPU compute encoder, nxvc_vk_encoder (E0/E3/E4/E5, intra only) (17x9 tiles, intra only, one QP per frame), reading the compositor image directly
 INFO [video_encoder_nxwarp] nxwarp: stream 2 1088x544, nxvc_vk_encoder GPU compute encoder, nxvc_vk_encoder (E0/E3/E4/E5, intra only) (17x9 tiles, intra only, one QP per frame), fixed QP 40, paced at a fixed 90.0 fps, 17x9 tiles in 2 band(s), 1166 bytes per transport tile
 INFO [wivrn_hmd] edge bleed: rendering 5.0% overscan, 1.35 deg left / 1.35 deg up on eye 0 (same encoded size, so about 4.8% less sharp)
 INFO [pipewire_device] pipewire speaker stream created (quantum: 240 frames, 5.00 ms)
 INFO [configure] Automatic bitrate enabled, AIMD (v1), ceiling 50.0 Mbit/s, floor 10.0 Mbit/s, radio trend on
 INFO [set_pacing] Packet pacing enabled, spreading each frame over 40% of a frame period
 INFO [apply_qos] Wi-Fi QoS marks enabled (video AF41 / AC_VI, control EF / AC_VO)
 INFO [set_fec] Forward error correction enabled, one parity shard per 8 video shards
 INFO [set_fec_adaptive] Adaptive error correction enabled, parity ratio between 16+1 and 4+1 with interleaved groups
 INFO [set_shard_retransmit] Shard retransmission enabled, keeping 1024 kB of recently sent shards per stream
 WARN [check_socket_path] path not found: /run/user/1000/SlimeVRRpc
 WARN [check_socket_path] path not found: /run/user/1000/.flatpak/dev.slimevr.SlimeVR/xdg-run/SlimeVRRpc
 WARN [check_socket_path] path not found: /home/nerdrx/.local/share/dev.slimevr.SlimeVR/SlimeVRRpc
ERROR [solarxr_ipc_socket_find] failed to resolve socket path
 INFO [u_linux_try_to_set_realtime_priority_on_thread] Raised priority of thread 'Multi Client Module' to policy: 'SCHED_FIFO', priority: '99'
 INFO [operator()] Session state changed: XR_SESSION_STATE_READY
 INFO [reset_stream] nxwarp: stream 0 resumed for a new client: transport sequence restarted, stream header resent, next frame coded without a reference
 INFO [operator()] Session state changed: XR_SESSION_STATE_SYNCHRONIZED
 INFO [operator()] Session state changed: XR_SESSION_STATE_VISIBLE
 INFO [operator()] Session state changed: XR_SESSION_STATE_FOCUSED
 INFO [reset_stream] nxwarp: stream 2 resumed for a new client: transport sequence restarted, stream header resent, next frame coded without a reference
 INFO [operator()] Updating interaction profiles: from 
	XRT_DEVICE_TOUCH_CONTROLLER (left)  to XRT_DEVICE_EXT_HAND_INTERACTION
	XRT_DEVICE_TOUCH_CONTROLLER (right) to XRT_DEVICE_EXT_HAND_INTERACTION

 INFO [client_connected] Client 1 connected
 INFO [ipc_handle_instance_describe_client] Client info:
	id: 1
	application_name: 'HelloXR'
	pid: 3263066
	extensions:
		ext_hand_tracking_enabled: false
		ext_hand_tracking_data_source_enabled: false
		ext_eye_gaze_interaction_enabled: false
		ext_future_enabled: false
		ext_hand_interaction_enabled: false
		htc_facial_tracking_enabled: false
		fb_body_tracking_enabled: false
		meta_body_tracking_full_body_enabled: false
		meta_body_tracking_calibration_enabled: false
		meta_body_tracking_fidelity_enabled: false
		fb_face_tracking2_enabled: false
		android_face_tracking_enabled: false
 INFO [update_session_state_locked] Started native session, 1 active app session(s).
 INFO [get_view_poses] geometry[eye 0]: panel fov L-51.99 R51.99 U51.99 D-51.99 -> rendered fov L-53.34 R53.34 U53.34 D-53.34 deg (overscan 0.050)
 INFO [get_view_poses] geometry[eye 1]: panel fov L-51.99 R51.99 U51.99 D-51.99 -> rendered fov L-53.34 R53.34 U53.34 D-53.34 deg (overscan 0.050)
 INFO [update_lens_mask] nxwarp: stream 0 lens mask: 0 of 289 tiles per eye masked (margin 1 tile, fov -53.3/53.3/53.3/-53.3 deg); flattened only: this backend has no skip-map input, so the tiles are coded as whatever the mode search makes of a constant grey
 INFO [encode] nxwarp: stream 0 is at fixed QP 40 by configuration; the bitrate controller's 43360433 bit/s is ignored (unset "rc": "fixed" to honour it)
 INFO [report_frame] nxwarp atlas: 1 frames, avg skip 0 intra 578 coded 578, atlas 1 picture 0, avg worst disp 0.0 q4
 INFO [encode] nxwarp: stream 0 stereo compose 0.000 ms/frame (max 0.000), 0.0% of the 4.3 ms encode
 INFO [encode] nxwarp: stream 0 encoded 1 frames in 2.9 s: 4.3 ms/frame (max 4.3), 9118 B/frame at fixed QP 40, paced to 90.0 fps (fixed by configuration), 0 composited frame(s) not sent
 INFO [encode] nxwarp: stream 0 pace diagnostics (mean/min/max; interval 11.111 ms, tolerance 5.556 ms): admitted n0; rejected n0
 INFO [layer_commit] geometry[eye 0]: layer fov (what the app rendered, and what goes on the wire) L-53.34 R53.34 U53.34 D-53.34 deg
 INFO [layer_commit] geometry[eye 1]: layer fov (what the app rendered, and what goes on the wire) L-53.34 R53.34 U53.34 D-53.34 deg
 INFO [report_frame] nxwarp atlas: 166 frames, avg skip 247 intra 330 coded 330, atlas 166 picture 0, avg worst disp 0.1 q4
 INFO [encode] nxwarp: stream 0 stereo compose 0.000 ms/frame (max 0.000), 0.0% of the 2.5 ms encode
 INFO [encode] nxwarp: stream 0 encoded 166 frames in 2.0 s: 2.5 ms/frame (max 4.1), 31958 B/frame at fixed QP 40, paced to 90.0 fps (fixed by configuration), 15 composited frame(s) not sent
 INFO [encode] nxwarp: stream 0 pace diagnostics (mean/min/max; interval 11.111 ms, tolerance 5.556 ms): admitted n166 host 11777.5/5431.8/18363.2 us display 11.111/11.105/11.129 ms; rejected n15 host 3675.1/2437.5/5321.9 us display 11.111/11.111/11.111 ms
 INFO [encode] nxwarp: stream 0 tile mapping: 166 frame(s) with per-tile spans, 0 with the fixed-chunk fallback ("tile-map": "auto")
 INFO [encode] nxwarp: stream 0 the headset did not reconstruct 103 frame(s) since the last report; 58 of them cost an all-intra frame and 45 named a frame older than one already coded intra and cost nothing. Last was frame 105, dropped by the worker backlog
 INFO [report_frame] nxwarp atlas: 168 frames, avg skip 573 intra 4 coded 4, atlas 168 picture 0, avg worst disp 8.5 q4
 INFO [encode] nxwarp: stream 0 stereo compose 0.000 ms/frame (max 0.000), 0.0% of the 2.5 ms encode
 INFO [encode] nxwarp: stream 0 encoded 168 frames in 2.0 s: 2.5 ms/frame (max 4.1), 1063 B/frame at fixed QP 40, paced to 90.0 fps (fixed by configuration), 13 composited frame(s) not sent
 INFO [encode] nxwarp: stream 0 pace diagnostics (mean/min/max; interval 11.111 ms, tolerance 5.556 ms): admitted n168 host 11757.1/6984.7/21203.9 us display 11.111/11.099/11.115 ms; rejected n13 host 2688.3/2420.2/3812.9 us display 11.111/11.111/11.111 ms
 INFO [encode] nxwarp: stream 0 tile mapping: 168 frame(s) with per-tile spans, 0 with the fixed-chunk fallback ("tile-map": "auto")
 INFO [operator()] Session state changed: XR_SESSION_STATE_VISIBLE
 INFO [operator()] Session state changed: XR_SESSION_STATE_SYNCHRONIZED
 INFO [operator()] Session state changed: XR_SESSION_STATE_STOPPING
 INFO [operator()] Session state changed: XR_SESSION_STATE_IDLE
 INFO [report_frame] nxwarp atlas: 176 frames, avg skip 567 intra 10 coded 10, atlas 176 picture 0, avg worst disp 4.8 q4
 INFO [encode] nxwarp: stream 0 stereo compose 0.000 ms/frame (max 0.000), 0.0% of the 2.7 ms encode
 INFO [encode] nxwarp: stream 0 encoded 176 frames in 2.0 s: 2.7 ms/frame (max 4.3), 761 B/frame at fixed QP 40, paced to 90.0 fps (fixed by configuration), 5 composited frame(s) not sent
 INFO [encode] nxwarp: stream 0 pace diagnostics (mean/min/max; interval 11.111 ms, tolerance 5.556 ms): admitted n176 host 11348.4/5456.5/18631.7 us display 11.111/11.104/11.117 ms; rejected n5 host 2980.9/2635.6/3630.8 us display 11.111/11.111/11.111 ms
 INFO [encode] nxwarp: stream 0 tile mapping: 176 frame(s) with per-tile spans, 0 with the fixed-chunk fallback ("tile-map": "auto")
 INFO [operator()] Session state changed: XR_SESSION_STATE_READY
 INFO [operator()] user presence changed to false
 INFO [operator()] Session state changed: XR_SESSION_STATE_SYNCHRONIZED
 INFO [operator()] Session state changed: XR_SESSION_STATE_VISIBLE
 INFO [operator()] Session state changed: XR_SESSION_STATE_FOCUSED
 INFO [report_frame] nxwarp atlas: 181 frames, avg skip 574 intra 3 coded 3, atlas 181 picture 0, avg worst disp 4.8 q4
 INFO [encode] nxwarp: stream 0 stereo compose 0.000 ms/frame (max 0.000), 0.0% of the 2.7 ms encode
 INFO [encode] nxwarp: stream 0 encoded 181 frames in 2.0 s: 2.7 ms/frame (max 5.3), 570 B/frame at fixed QP 40, paced to 90.0 fps (fixed by configuration), 0 composited frame(s) not sent
 INFO [encode] nxwarp: stream 0 pace diagnostics (mean/min/max; interval 11.111 ms, tolerance 5.556 ms): admitted n181 host 11110.3/9966.7/12308.7 us display 11.111/11.104/11.118 ms; rejected n0
 INFO [encode] nxwarp: stream 0 tile mapping: 181 frame(s) with per-tile spans, 0 with the fixed-chunk fallback ("tile-map": "auto")
 INFO [encode] nxwarp: stream 0 the headset did not reconstruct 1 frame(s) since the last report; 1 of them cost an all-intra frame and 0 named a frame older than one already coded intra and cost nothing. Last was frame 589, dropped by the worker backlog
 INFO [report_frame] nxwarp atlas: 180 frames, avg skip 574 intra 3 coded 3, atlas 180 picture 0, avg worst disp 0.0 q4
 INFO [encode] nxwarp: stream 0 stereo compose 0.000 ms/frame (max 0.000), 0.0% of the 2.6 ms encode
 INFO [encode] nxwarp: stream 0 encoded 180 frames in 2.0 s: 2.6 ms/frame (max 4.6), 568 B/frame at fixed QP 40, paced to 90.0 fps (fixed by configuration), 0 composited frame(s) not sent
 INFO [encode] nxwarp: stream 0 pace diagnostics (mean/min/max; interval 11.111 ms, tolerance 5.556 ms): admitted n180 host 11111.5/9635.1/12527.0 us display 11.111/11.103/11.113 ms; rejected n0
 INFO [encode] nxwarp: stream 0 tile mapping: 180 frame(s) with per-tile spans, 0 with the fixed-chunk fallback ("tile-map": "auto")
 INFO [report_frame] nxwarp atlas: 181 frames, avg skip 574 intra 3 coded 3, atlas 181 picture 0, avg worst disp 0.0 q4
 INFO [encode] nxwarp: stream 0 stereo compose 0.000 ms/frame (max 0.000), 0.0% of the 2.6 ms encode
 INFO [encode] nxwarp: stream 0 encoded 181 frames in 2.0 s: 2.6 ms/frame (max 4.3), 568 B/frame at fixed QP 40, paced to 90.0 fps (fixed by configuration), 0 composited frame(s) not sent
 INFO [encode] nxwarp: stream 0 pace diagnostics (mean/min/max; interval 11.111 ms, tolerance 5.556 ms): admitted n181 host 11111.0/9972.4/12288.8 us display 11.111/11.089/11.115 ms; rejected n0
 INFO [encode] nxwarp: stream 0 tile mapping: 181 frame(s) with per-tile spans, 0 with the fixed-chunk fallback ("tile-map": "auto")
 INFO [report_frame] nxwarp atlas: 180 frames, avg skip 574 intra 3 coded 3, atlas 180 picture 0, avg worst disp 0.0 q4
 INFO [encode] nxwarp: stream 0 stereo compose 0.000 ms/frame (max 0.000), 0.0% of the 2.7 ms encode
 INFO [encode] nxwarp: stream 0 encoded 180 frames in 2.0 s: 2.7 ms/frame (max 4.0), 568 B/frame at fixed QP 40, paced to 90.0 fps (fixed by configuration), 0 composited frame(s) not sent
 INFO [encode] nxwarp: stream 0 pace diagnostics (mean/min/max; interval 11.111 ms, tolerance 5.556 ms): admitted n180 host 11111.0/9988.0/12214.2 us display 11.111/11.105/11.114 ms; rejected n0
 INFO [encode] nxwarp: stream 0 tile mapping: 180 frame(s) with per-tile spans, 0 with the fixed-chunk fallback ("tile-map": "auto")
 INFO [report_frame] nxwarp atlas: 180 frames, avg skip 574 intra 3 coded 3, atlas 180 picture 0, avg worst disp 0.0 q4
 INFO [encode] nxwarp: stream 0 stereo compose 0.000 ms/frame (max 0.000), 0.0% of the 2.7 ms encode
 INFO [encode] nxwarp: stream 0 encoded 180 frames in 2.0 s: 2.7 ms/frame (max 4.8), 568 B/frame at fixed QP 40, paced to 90.0 fps (fixed by configuration), 0 composited frame(s) not sent
 INFO [encode] nxwarp: stream 0 pace diagnostics (mean/min/max; interval 11.111 ms, tolerance 5.556 ms): admitted n180 host 11111.3/9949.3/12203.6 us display 11.111/11.101/11.115 ms; rejected n0
 INFO [encode] nxwarp: stream 0 tile mapping: 180 frame(s) with per-tile spans, 0 with the fixed-chunk fallback ("tile-map": "auto")
 INFO [operator()] Session state changed: XR_SESSION_STATE_VISIBLE
 INFO [operator()] Session state changed: XR_SESSION_STATE_SYNCHRONIZED
 INFO [operator()] Session state changed: XR_SESSION_STATE_STOPPING
 INFO [operator()] Session state changed: XR_SESSION_STATE_IDLE
 INFO [report_frame] nxwarp atlas: 181 frames, avg skip 574 intra 3 coded 3, atlas 181 picture 0, avg worst disp 0.0 q4
 INFO [encode] nxwarp: stream 0 stereo compose 0.000 ms/frame (max 0.000), 0.0% of the 2.7 ms encode
 INFO [encode] nxwarp: stream 0 encoded 181 frames in 2.0 s: 2.7 ms/frame (max 4.2), 568 B/frame at fixed QP 40, paced to 90.0 fps (fixed by configuration), 0 composited frame(s) not sent
 INFO [encode] nxwarp: stream 0 pace diagnostics (mean/min/max; interval 11.111 ms, tolerance 5.556 ms): admitted n181 host 11111.0/10035.0/12161.1 us display 11.111/11.101/11.116 ms; rejected n0
 INFO [encode] nxwarp: stream 0 tile mapping: 181 frame(s) with per-tile spans, 0 with the fixed-chunk fallback ("tile-map": "auto")
 INFO [operator()] Session state changed: XR_SESSION_STATE_READY
 INFO [operator()] user presence changed to false
 INFO [operator()] Session state changed: XR_SESSION_STATE_SYNCHRONIZED
 INFO [operator()] Session state changed: XR_SESSION_STATE_VISIBLE
 INFO [operator()] Session state changed: XR_SESSION_STATE_FOCUSED
 INFO [report_frame] nxwarp atlas: 180 frames, avg skip 574 intra 3 coded 3, atlas 180 picture 0, avg worst disp 0.0 q4
 INFO [encode] nxwarp: stream 0 stereo compose 0.000 ms/frame (max 0.000), 0.0% of the 2.7 ms encode
 INFO [encode] nxwarp: stream 0 encoded 180 frames in 2.0 s: 2.7 ms/frame (max 4.4), 568 B/frame at fixed QP 40, paced to 90.0 fps (fixed by configuration), 0 composited frame(s) not sent
 INFO [encode] nxwarp: stream 0 pace diagnostics (mean/min/max; interval 11.111 ms, tolerance 5.556 ms): admitted n180 host 11112.2/9702.8/12351.1 us display 11.111/11.107/11.121 ms; rejected n0
 INFO [encode] nxwarp: stream 0 tile mapping: 180 frame(s) with per-tile spans, 0 with the fixed-chunk fallback ("tile-map": "auto")
 INFO [report_frame] nxwarp atlas: 180 frames, avg skip 574 intra 3 coded 3, atlas 180 picture 0, avg worst disp 0.0 q4
 INFO [encode] nxwarp: stream 0 stereo compose 0.000 ms/frame (max 0.000), 0.0% of the 2.6 ms encode
 INFO [encode] nxwarp: stream 0 encoded 180 frames in 2.0 s: 2.6 ms/frame (max 4.9), 568 B/frame at fixed QP 40, paced to 90.0 fps (fixed by configuration), 0 composited frame(s) not sent
 INFO [encode] nxwarp: stream 0 pace diagnostics (mean/min/max; interval 11.111 ms, tolerance 5.556 ms): admitted n180 host 11110.6/9706.6/12448.6 us display 11.111/11.107/11.118 ms; rejected n0
 INFO [encode] nxwarp: stream 0 tile mapping: 180 frame(s) with per-tile spans, 0 with the fixed-chunk fallback ("tile-map": "auto")
 INFO [report_frame] nxwarp atlas: 181 frames, avg skip 574 intra 3 coded 3, atlas 181 picture 0, avg worst disp 0.0 q4
 INFO [encode] nxwarp: stream 0 stereo compose 0.000 ms/frame (max 0.000), 0.0% of the 2.6 ms encode
 INFO [encode] nxwarp: stream 0 encoded 181 frames in 2.0 s: 2.6 ms/frame (max 4.1), 568 B/frame at fixed QP 40, paced to 90.0 fps (fixed by configuration), 0 composited frame(s) not sent
 INFO [encode] nxwarp: stream 0 pace diagnostics (mean/min/max; interval 11.111 ms, tolerance 5.556 ms): admitted n181 host 11110.6/9805.9/12448.3 us display 11.111/11.104/11.115 ms; rejected n0
 INFO [encode] nxwarp: stream 0 tile mapping: 181 frame(s) with per-tile spans, 0 with the fixed-chunk fallback ("tile-map": "auto")
 INFO [report_frame] nxwarp atlas: 180 frames, avg skip 574 intra 3 coded 3, atlas 180 picture 0, avg worst disp 0.0 q4
 INFO [encode] nxwarp: stream 0 stereo compose 0.000 ms/frame (max 0.000), 0.0% of the 2.6 ms encode
 INFO [encode] nxwarp: stream 0 encoded 180 frames in 2.0 s: 2.6 ms/frame (max 4.3), 568 B/frame at fixed QP 40, paced to 90.0 fps (fixed by configuration), 0 composited frame(s) not sent
 INFO [encode] nxwarp: stream 0 pace diagnostics (mean/min/max; interval 11.111 ms, tolerance 5.556 ms): admitted n180 host 11110.9/9852.3/12368.0 us display 11.111/11.105/11.114 ms; rejected n0
 INFO [encode] nxwarp: stream 0 tile mapping: 180 frame(s) with per-tile spans, 0 with the fixed-chunk fallback ("tile-map": "auto")
 INFO [report_frame] nxwarp atlas: 181 frames, avg skip 574 intra 3 coded 3, atlas 181 picture 0, avg worst disp 0.0 q4
 INFO [encode] nxwarp: stream 0 stereo compose 0.000 ms/frame (max 0.000), 0.0% of the 2.6 ms encode
 INFO [encode] nxwarp: stream 0 encoded 181 frames in 2.0 s: 2.6 ms/frame (max 5.2), 568 B/frame at fixed QP 40, paced to 90.0 fps (fixed by configuration), 0 composited frame(s) not sent
 INFO [encode] nxwarp: stream 0 pace diagnostics (mean/min/max; interval 11.111 ms, tolerance 5.556 ms): admitted n181 host 11111.4/9865.3/12287.6 us display 11.111/11.105/11.113 ms; rejected n0
 INFO [encode] nxwarp: stream 0 tile mapping: 181 frame(s) with per-tile spans, 0 with the fixed-chunk fallback ("tile-map": "auto")
 INFO [operator()] Session state changed: XR_SESSION_STATE_VISIBLE
 INFO [operator()] Session state changed: XR_SESSION_STATE_SYNCHRONIZED
 INFO [operator()] Session state changed: XR_SESSION_STATE_STOPPING
 INFO [operator()] Session state changed: XR_SESSION_STATE_IDLE
 INFO [report_frame] nxwarp atlas: 181 frames, avg skip 574 intra 3 coded 3, atlas 181 picture 0, avg worst disp 0.0 q4
 INFO [encode] nxwarp: stream 0 stereo compose 0.000 ms/frame (max 0.000), 0.0% of the 2.9 ms encode
 INFO [encode] nxwarp: stream 0 encoded 181 frames in 2.0 s: 2.9 ms/frame (max 5.2), 568 B/frame at fixed QP 40, paced to 90.0 fps (fixed by configuration), 0 composited frame(s) not sent
 INFO [encode] nxwarp: stream 0 pace diagnostics (mean/min/max; interval 11.111 ms, tolerance 5.556 ms): admitted n181 host 11111.0/9827.0/12404.2 us display 11.111/11.098/11.114 ms; rejected n0
 INFO [encode] nxwarp: stream 0 tile mapping: 181 frame(s) with per-tile spans, 0 with the fixed-chunk fallback ("tile-map": "auto")
 INFO [report_frame] nxwarp atlas: 180 frames, avg skip 574 intra 3 coded 3, atlas 180 picture 0, avg worst disp 0.0 q4
 INFO [encode] nxwarp: stream 0 stereo compose 0.000 ms/frame (max 0.000), 0.0% of the 2.7 ms encode
 INFO [encode] nxwarp: stream 0 encoded 180 frames in 2.0 s: 2.7 ms/frame (max 5.0), 568 B/frame at fixed QP 40, paced to 90.0 fps (fixed by configuration), 0 composited frame(s) not sent
 INFO [encode] nxwarp: stream 0 pace diagnostics (mean/min/max; interval 11.111 ms, tolerance 5.556 ms): admitted n180 host 11111.9/9929.3/12384.6 us display 11.111/11.101/11.115 ms; rejected n0
 INFO [encode] nxwarp: stream 0 tile mapping: 180 frame(s) with per-tile spans, 0 with the fixed-chunk fallback ("tile-map": "auto")
 INFO [operator()] Session state changed: XR_SESSION_STATE_READY
 INFO [operator()] user presence changed to false
 INFO [operator()] Session state changed: XR_SESSION_STATE_SYNCHRONIZED
 INFO [operator()] Session state changed: XR_SESSION_STATE_VISIBLE
 INFO [operator()] Session state changed: XR_SESSION_STATE_FOCUSED
 INFO [report_frame] nxwarp atlas: 180 frames, avg skip 574 intra 3 coded 3, atlas 180 picture 0, avg worst disp 0.0 q4
 INFO [encode] nxwarp: stream 0 stereo compose 0.000 ms/frame (max 0.000), 0.0% of the 2.7 ms encode
 INFO [encode] nxwarp: stream 0 encoded 180 frames in 2.0 s: 2.7 ms/frame (max 5.3), 570 B/frame at fixed QP 40, paced to 90.0 fps (fixed by configuration), 0 composited frame(s) not sent
 INFO [encode] nxwarp: stream 0 pace diagnostics (mean/min/max; interval 11.111 ms, tolerance 5.556 ms): admitted n180 host 11110.3/9928.6/12259.1 us display 11.111/11.106/11.115 ms; rejected n0
 INFO [encode] nxwarp: stream 0 tile mapping: 180 frame(s) with per-tile spans, 0 with the fixed-chunk fallback ("tile-map": "auto")
 INFO [encode] nxwarp: stream 0 the headset did not reconstruct 2 frame(s) since the last report; 2 of them cost an all-intra frame and 0 named a frame older than one already coded intra and cost nothing. Last was frame 2871, dropped by the worker backlog
 INFO [report_frame] nxwarp atlas: 181 frames, avg skip 574 intra 3 coded 3, atlas 181 picture 0, avg worst disp 0.0 q4
 INFO [encode] nxwarp: stream 0 stereo compose 0.000 ms/frame (max 0.000), 0.0% of the 2.7 ms encode
 INFO [encode] nxwarp: stream 0 encoded 181 frames in 2.0 s: 2.7 ms/frame (max 4.1), 568 B/frame at fixed QP 40, paced to 90.0 fps (fixed by configuration), 0 composited frame(s) not sent
 INFO [encode] nxwarp: stream 0 pace diagnostics (mean/min/max; interval 11.111 ms, tolerance 5.556 ms): admitted n181 host 11112.0/10001.8/12295.2 us display 11.111/11.104/11.114 ms; rejected n0
 INFO [encode] nxwarp: stream 0 tile mapping: 181 frame(s) with per-tile spans, 0 with the fixed-chunk fallback ("tile-map": "auto")
 INFO [report_frame] nxwarp atlas: 180 frames, avg skip 574 intra 3 coded 3, atlas 180 picture 0, avg worst disp 0.0 q4
 INFO [encode] nxwarp: stream 0 stereo compose 0.000 ms/frame (max 0.000), 0.0% of the 2.6 ms encode
 INFO [encode] nxwarp: stream 0 encoded 180 frames in 2.0 s: 2.6 ms/frame (max 4.0), 568 B/frame at fixed QP 40, paced to 90.0 fps (fixed by configuration), 0 composited frame(s) not sent
 INFO [encode] nxwarp: stream 0 pace diagnostics (mean/min/max; interval 11.111 ms, tolerance 5.556 ms): admitted n180 host 11111.9/10063.4/12240.0 us display 11.111/11.104/11.115 ms; rejected n0
 INFO [encode] nxwarp: stream 0 tile mapping: 180 frame(s) with per-tile spans, 0 with the fixed-chunk fallback ("tile-map": "auto")
 INFO [report_frame] nxwarp atlas: 181 frames, avg skip 574 intra 3 coded 3, atlas 181 picture 0, avg worst disp 0.0 q4
 INFO [encode] nxwarp: stream 0 stereo compose 0.000 ms/frame (max 0.000), 0.0% of the 2.7 ms encode
 INFO [encode] nxwarp: stream 0 encoded 181 frames in 2.0 s: 2.7 ms/frame (max 5.4), 568 B/frame at fixed QP 40, paced to 90.0 fps (fixed by configuration), 0 composited frame(s) not sent
 INFO [encode] nxwarp: stream 0 pace diagnostics (mean/min/max; interval 11.111 ms, tolerance 5.556 ms): admitted n181 host 11115.4/9936.0/12356.7 us display 11.111/11.104/11.113 ms; rejected n0
 INFO [encode] nxwarp: stream 0 tile mapping: 181 frame(s) with per-tile spans, 0 with the fixed-chunk fallback ("tile-map": "auto")
 INFO [report_frame] nxwarp atlas: 181 frames, avg skip 574 intra 3 coded 3, atlas 181 picture 0, avg worst disp 0.0 q4
 INFO [encode] nxwarp: stream 0 stereo compose 0.000 ms/frame (max 0.000), 0.0% of the 2.8 ms encode
 INFO [encode] nxwarp: stream 0 encoded 181 frames in 2.0 s: 2.8 ms/frame (max 5.2), 568 B/frame at fixed QP 40, paced to 90.0 fps (fixed by configuration), 0 composited frame(s) not sent
 INFO [encode] nxwarp: stream 0 pace diagnostics (mean/min/max; interval 11.111 ms, tolerance 5.556 ms): admitted n181 host 11105.3/9368.6/12824.0 us display 11.111/11.103/11.118 ms; rejected n0
 INFO [encode] nxwarp: stream 0 tile mapping: 181 frame(s) with per-tile spans, 0 with the fixed-chunk fallback ("tile-map": "auto")
 INFO [operator()] Session state changed: XR_SESSION_STATE_VISIBLE
 INFO [operator()] Session state changed: XR_SESSION_STATE_SYNCHRONIZED
 INFO [operator()] Session state changed: XR_SESSION_STATE_STOPPING
 INFO [operator()] Session state changed: XR_SESSION_STATE_IDLE
 INFO [report_frame] nxwarp atlas: 180 frames, avg skip 574 intra 3 coded 3, atlas 180 picture 0, avg worst disp 0.0 q4
 INFO [encode] nxwarp: stream 0 stereo compose 0.000 ms/frame (max 0.000), 0.0% of the 2.7 ms encode
 INFO [encode] nxwarp: stream 0 encoded 180 frames in 2.0 s: 2.7 ms/frame (max 4.4), 568 B/frame at fixed QP 40, paced to 90.0 fps (fixed by configuration), 0 composited frame(s) not sent
 INFO [encode] nxwarp: stream 0 pace diagnostics (mean/min/max; interval 11.111 ms, tolerance 5.556 ms): admitted n180 host 11110.9/9819.6/12444.1 us display 11.111/11.108/11.115 ms; rejected n0
 INFO [encode] nxwarp: stream 0 tile mapping: 180 frame(s) with per-tile spans, 0 with the fixed-chunk fallback ("tile-map": "auto")
 INFO [operator()] Session state changed: XR_SESSION_STATE_READY
 INFO [operator()] user presence changed to false
 INFO [operator()] Session state changed: XR_SESSION_STATE_SYNCHRONIZED
 INFO [operator()] Session state changed: XR_SESSION_STATE_VISIBLE
 INFO [operator()] Session state changed: XR_SESSION_STATE_FOCUSED
 INFO [report_frame] nxwarp atlas: 180 frames, avg skip 574 intra 3 coded 3, atlas 180 picture 0, avg worst disp 4.4 q4
 INFO [encode] nxwarp: stream 0 stereo compose 0.000 ms/frame (max 0.000), 0.0% of the 3.0 ms encode
 INFO [encode] nxwarp: stream 0 encoded 180 frames in 2.0 s: 3.0 ms/frame (max 5.5), 569 B/frame at fixed QP 40, paced to 90.0 fps (fixed by configuration), 0 composited frame(s) not sent
 INFO [encode] nxwarp: stream 0 pace diagnostics (mean/min/max; interval 11.111 ms, tolerance 5.556 ms): admitted n180 host 11117.0/9830.6/12591.4 us display 11.111/11.102/11.124 ms; rejected n0
 INFO [encode] nxwarp: stream 0 tile mapping: 180 frame(s) with per-tile spans, 0 with the fixed-chunk fallback ("tile-map": "auto")
 INFO [report_frame] nxwarp atlas: 180 frames, avg skip 574 intra 3 coded 3, atlas 180 picture 0, avg worst disp 2.7 q4
 INFO [encode] nxwarp: stream 0 stereo compose 0.000 ms/frame (max 0.000), 0.0% of the 3.2 ms encode
 INFO [encode] nxwarp: stream 0 encoded 180 frames in 2.0 s: 3.2 ms/frame (max 4.9), 568 B/frame at fixed QP 40, paced to 90.0 fps (fixed by configuration), 0 composited frame(s) not sent
 INFO [encode] nxwarp: stream 0 pace diagnostics (mean/min/max; interval 11.111 ms, tolerance 5.556 ms): admitted n180 host 11107.2/9987.5/12207.6 us display 11.111/11.106/11.113 ms; rejected n0
 INFO [encode] nxwarp: stream 0 tile mapping: 180 frame(s) with per-tile spans, 0 with the fixed-chunk fallback ("tile-map": "auto")
 INFO [report_frame] nxwarp atlas: 181 frames, avg skip 574 intra 3 coded 3, atlas 181 picture 0, avg worst disp 0.0 q4
 INFO [encode] nxwarp: stream 0 stereo compose 0.000 ms/frame (max 0.000), 0.0% of the 3.2 ms encode
 INFO [encode] nxwarp: stream 0 encoded 181 frames in 2.0 s: 3.2 ms/frame (max 4.9), 568 B/frame at fixed QP 40, paced to 90.0 fps (fixed by configuration), 0 composited frame(s) not sent
 INFO [encode] nxwarp: stream 0 pace diagnostics (mean/min/max; interval 11.111 ms, tolerance 5.556 ms): admitted n181 host 11111.6/9984.6/12321.9 us display 11.111/11.107/11.111 ms; rejected n0
 INFO [encode] nxwarp: stream 0 tile mapping: 181 frame(s) with per-tile spans, 0 with the fixed-chunk fallback ("tile-map": "auto")
 INFO [report_frame] nxwarp atlas: 180 frames, avg skip 574 intra 3 coded 3, atlas 180 picture 0, avg worst disp 0.0 q4
 INFO [encode] nxwarp: stream 0 stereo compose 0.000 ms/frame (max 0.000), 0.0% of the 2.8 ms encode
 INFO [encode] nxwarp: stream 0 encoded 180 frames in 2.0 s: 2.8 ms/frame (max 5.1), 568 B/frame at fixed QP 40, paced to 90.0 fps (fixed by configuration), 0 composited frame(s) not sent
 INFO [encode] nxwarp: stream 0 pace diagnostics (mean/min/max; interval 11.111 ms, tolerance 5.556 ms): admitted n180 host 11110.0/10178.5/12049.9 us display 11.111/11.103/11.114 ms; rejected n0
 INFO [encode] nxwarp: stream 0 tile mapping: 180 frame(s) with per-tile spans, 0 with the fixed-chunk fallback ("tile-map": "auto")
 INFO [report_frame] nxwarp atlas: 181 frames, avg skip 574 intra 3 coded 3, atlas 181 picture 0, avg worst disp 0.0 q4
 INFO [encode] nxwarp: stream 0 stereo compose 0.000 ms/frame (max 0.000), 0.0% of the 2.8 ms encode
 INFO [encode] nxwarp: stream 0 encoded 181 frames in 2.0 s: 2.8 ms/frame (max 5.0), 568 B/frame at fixed QP 40, paced to 90.0 fps (fixed by configuration), 0 composited frame(s) not sent
 INFO [encode] nxwarp: stream 0 pace diagnostics (mean/min/max; interval 11.111 ms, tolerance 5.556 ms): admitted n181 host 11109.8/10109.5/12096.3 us display 11.111/11.104/11.112 ms; rejected n0
 INFO [encode] nxwarp: stream 0 tile mapping: 181 frame(s) with per-tile spans, 0 with the fixed-chunk fallback ("tile-map": "auto")
 INFO [operator()] Session state changed: XR_SESSION_STATE_VISIBLE
 INFO [operator()] Session state changed: XR_SESSION_STATE_SYNCHRONIZED
 INFO [operator()] Session state changed: XR_SESSION_STATE_STOPPING
 INFO [operator()] Session state changed: XR_SESSION_STATE_IDLE
 INFO [report_frame] nxwarp atlas: 181 frames, avg skip 574 intra 3 coded 3, atlas 181 picture 0, avg worst disp 0.0 q4
 INFO [encode] nxwarp: stream 0 stereo compose 0.000 ms/frame (max 0.000), 0.0% of the 2.6 ms encode
 INFO [encode] nxwarp: stream 0 encoded 181 frames in 2.0 s: 2.6 ms/frame (max 4.0), 568 B/frame at fixed QP 40, paced to 90.0 fps (fixed by configuration), 0 composited frame(s) not sent
 INFO [encode] nxwarp: stream 0 pace diagnostics (mean/min/max; interval 11.111 ms, tolerance 5.556 ms): admitted n181 host 11111.0/10034.4/12183.3 us display 11.111/11.096/11.117 ms; rejected n0
 INFO [encode] nxwarp: stream 0 tile mapping: 181 frame(s) with per-tile spans, 0 with the fixed-chunk fallback ("tile-map": "auto")
 INFO [operator()] Session state changed: XR_SESSION_STATE_READY
 INFO [operator()] user presence changed to false
 INFO [operator()] Session state changed: XR_SESSION_STATE_SYNCHRONIZED
 INFO [operator()] Session state changed: XR_SESSION_STATE_VISIBLE
 INFO [operator()] Session state changed: XR_SESSION_STATE_FOCUSED
 INFO [report_frame] nxwarp atlas: 180 frames, avg skip 574 intra 3 coded 3, atlas 180 picture 0, avg worst disp 9.4 q4
 INFO [encode] nxwarp: stream 0 stereo compose 0.000 ms/frame (max 0.000), 0.0% of the 2.6 ms encode
 INFO [encode] nxwarp: stream 0 encoded 180 frames in 2.0 s: 2.6 ms/frame (max 4.9), 568 B/frame at fixed QP 40, paced to 90.0 fps (fixed by configuration), 0 composited frame(s) not sent
 INFO [encode] nxwarp: stream 0 pace diagnostics (mean/min/max; interval 11.111 ms, tolerance 5.556 ms): admitted n180 host 11112.1/10055.2/12201.2 us display 11.111/11.107/11.113 ms; rejected n0
 INFO [encode] nxwarp: stream 0 tile mapping: 180 frame(s) with per-tile spans, 0 with the fixed-chunk fallback ("tile-map": "auto")
 INFO [report_frame] nxwarp atlas: 180 frames, avg skip 574 intra 3 coded 3, atlas 180 picture 0, avg worst disp 4.5 q4
 INFO [encode] nxwarp: stream 0 stereo compose 0.000 ms/frame (max 0.000), 0.0% of the 2.6 ms encode
 INFO [encode] nxwarp: stream 0 encoded 180 frames in 2.0 s: 2.6 ms/frame (max 5.3), 568 B/frame at fixed QP 40, paced to 90.0 fps (fixed by configuration), 0 composited frame(s) not sent
 INFO [encode] nxwarp: stream 0 pace diagnostics (mean/min/max; interval 11.111 ms, tolerance 5.556 ms): admitted n180 host 11110.4/9980.5/12024.9 us display 11.111/11.097/11.115 ms; rejected n0
 INFO [encode] nxwarp: stream 0 tile mapping: 180 frame(s) with per-tile spans, 0 with the fixed-chunk fallback ("tile-map": "auto")
 INFO [report_frame] nxwarp atlas: 181 frames, avg skip 574 intra 3 coded 3, atlas 181 picture 0, avg worst disp 0.0 q4
 INFO [encode] nxwarp: stream 0 stereo compose 0.000 ms/frame (max 0.000), 0.0% of the 2.6 ms encode
 INFO [encode] nxwarp: stream 0 encoded 181 frames in 2.0 s: 2.6 ms/frame (max 4.8), 568 B/frame at fixed QP 40, paced to 90.0 fps (fixed by configuration), 0 composited frame(s) not sent
 INFO [encode] nxwarp: stream 0 pace diagnostics (mean/min/max; interval 11.111 ms, tolerance 5.556 ms): admitted n181 host 11111.7/9672.3/12575.2 us display 11.111/11.106/11.112 ms; rejected n0
 INFO [encode] nxwarp: stream 0 tile mapping: 181 frame(s) with per-tile spans, 0 with the fixed-chunk fallback ("tile-map": "auto")
 INFO [report_frame] nxwarp atlas: 181 frames, avg skip 574 intra 3 coded 3, atlas 181 picture 0, avg worst disp 0.0 q4
 INFO [encode] nxwarp: stream 0 stereo compose 0.000 ms/frame (max 0.000), 0.0% of the 2.6 ms encode
 INFO [encode] nxwarp: stream 0 encoded 181 frames in 2.0 s: 2.6 ms/frame (max 4.4), 568 B/frame at fixed QP 40, paced to 90.0 fps (fixed by configuration), 0 composited frame(s) not sent
 INFO [encode] nxwarp: stream 0 pace diagnostics (mean/min/max; interval 11.111 ms, tolerance 5.556 ms): admitted n181 host 11110.3/9878.5/12305.0 us display 11.111/11.106/11.114 ms; rejected n0
 INFO [encode] nxwarp: stream 0 tile mapping: 181 frame(s) with per-tile spans, 0 with the fixed-chunk fallback ("tile-map": "auto")
 INFO [report_frame] nxwarp atlas: 180 frames, avg skip 574 intra 3 coded 3, atlas 180 picture 0, avg worst disp 0.0 q4
 INFO [encode] nxwarp: stream 0 stereo compose 0.000 ms/frame (max 0.000), 0.0% of the 2.6 ms encode
 INFO [encode] nxwarp: stream 0 encoded 180 frames in 2.0 s: 2.6 ms/frame (max 4.9), 568 B/frame at fixed QP 40, paced to 90.0 fps (fixed by configuration), 0 composited frame(s) not sent
 INFO [encode] nxwarp: stream 0 pace diagnostics (mean/min/max; interval 11.111 ms, tolerance 5.556 ms): admitted n180 host 11111.9/9058.9/13221.6 us display 11.111/11.107/11.111 ms; rejected n0
 INFO [encode] nxwarp: stream 0 tile mapping: 180 frame(s) with per-tile spans, 0 with the fixed-chunk fallback ("tile-map": "auto")
 INFO [operator()] Session state changed: XR_SESSION_STATE_VISIBLE
 INFO [operator()] Session state changed: XR_SESSION_STATE_SYNCHRONIZED
 INFO [operator()] Session state changed: XR_SESSION_STATE_STOPPING
 INFO [operator()] Session state changed: XR_SESSION_STATE_IDLE
 INFO [report_frame] nxwarp atlas: 180 frames, avg skip 574 intra 3 coded 3, atlas 180 picture 0, avg worst disp 0.0 q4
 INFO [encode] nxwarp: stream 0 stereo compose 0.000 ms/frame (max 0.000), 0.0% of the 2.7 ms encode
 INFO [encode] nxwarp: stream 0 encoded 180 frames in 2.0 s: 2.7 ms/frame (max 4.9), 568 B/frame at fixed QP 40, paced to 90.0 fps (fixed by configuration), 0 composited frame(s) not sent
 INFO [encode] nxwarp: stream 0 pace diagnostics (mean/min/max; interval 11.111 ms, tolerance 5.556 ms): admitted n180 host 11110.2/10157.0/12249.8 us display 11.111/11.106/11.113 ms; rejected n0
 INFO [encode] nxwarp: stream 0 tile mapping: 180 frame(s) with per-tile spans, 0 with the fixed-chunk fallback ("tile-map": "auto")
 INFO [report_frame] nxwarp atlas: 181 frames, avg skip 574 intra 3 coded 3, atlas 181 picture 0, avg worst disp 0.0 q4
 INFO [encode] nxwarp: stream 0 stereo compose 0.000 ms/frame (max 0.000), 0.0% of the 2.6 ms encode
 INFO [encode] nxwarp: stream 0 encoded 181 frames in 2.0 s: 2.6 ms/frame (max 4.9), 569 B/frame at fixed QP 40, paced to 90.0 fps (fixed by configuration), 0 composited frame(s) not sent
 INFO [encode] nxwarp: stream 0 pace diagnostics (mean/min/max; interval 11.111 ms, tolerance 5.556 ms): admitted n181 host 11111.8/9440.7/12796.6 us display 11.111/11.104/11.124 ms; rejected n0
 INFO [encode] nxwarp: stream 0 tile mapping: 181 frame(s) with per-tile spans, 0 with the fixed-chunk fallback ("tile-map": "auto")
 INFO [operator()] Session state changed: XR_SESSION_STATE_READY
 INFO [operator()] user presence changed to false
 INFO [operator()] Session state changed: XR_SESSION_STATE_SYNCHRONIZED
 INFO [operator()] Session state changed: XR_SESSION_STATE_VISIBLE
 INFO [operator()] Session state changed: XR_SESSION_STATE_FOCUSED
 INFO [report_frame] nxwarp atlas: 180 frames, avg skip 574 intra 3 coded 3, atlas 180 picture 0, avg worst disp 0.0 q4
 INFO [encode] nxwarp: stream 0 stereo compose 0.000 ms/frame (max 0.000), 0.0% of the 2.7 ms encode
 INFO [encode] nxwarp: stream 0 encoded 180 frames in 2.0 s: 2.7 ms/frame (max 4.3), 568 B/frame at fixed QP 40, paced to 90.0 fps (fixed by configuration), 0 composited frame(s) not sent
 INFO [encode] nxwarp: stream 0 pace diagnostics (mean/min/max; interval 11.111 ms, tolerance 5.556 ms): admitted n180 host 11112.6/9391.3/12805.7 us display 11.111/11.108/11.112 ms; rejected n0
 INFO [encode] nxwarp: stream 0 tile mapping: 180 frame(s) with per-tile spans, 0 with the fixed-chunk fallback ("tile-map": "auto")
 INFO [report_frame] nxwarp atlas: 181 frames, avg skip 574 intra 3 coded 3, atlas 181 picture 0, avg worst disp 0.0 q4
 INFO [encode] nxwarp: stream 0 stereo compose 0.000 ms/frame (max 0.000), 0.0% of the 2.9 ms encode
 INFO [encode] nxwarp: stream 0 encoded 181 frames in 2.0 s: 2.9 ms/frame (max 5.0), 568 B/frame at fixed QP 40, paced to 90.0 fps (fixed by configuration), 0 composited frame(s) not sent
 INFO [encode] nxwarp: stream 0 pace diagnostics (mean/min/max; interval 11.111 ms, tolerance 5.556 ms): admitted n181 host 11110.0/9783.7/12389.9 us display 11.111/11.108/11.113 ms; rejected n0
 INFO [encode] nxwarp: stream 0 tile mapping: 181 frame(s) with per-tile spans, 0 with the fixed-chunk fallback ("tile-map": "auto")
 INFO [report_frame] nxwarp atlas: 181 frames, avg skip 574 intra 3 coded 3, atlas 181 picture 0, avg worst disp 0.0 q4
 INFO [encode] nxwarp: stream 0 stereo compose 0.000 ms/frame (max 0.000), 0.0% of the 2.7 ms encode
 INFO [encode] nxwarp: stream 0 encoded 181 frames in 2.0 s: 2.7 ms/frame (max 4.0), 568 B/frame at fixed QP 40, paced to 90.0 fps (fixed by configuration), 0 composited frame(s) not sent
 INFO [encode] nxwarp: stream 0 pace diagnostics (mean/min/max; interval 11.111 ms, tolerance 5.556 ms): admitted n181 host 11110.5/10039.5/12246.9 us display 11.111/11.103/11.114 ms; rejected n0
 INFO [encode] nxwarp: stream 0 tile mapping: 181 frame(s) with per-tile spans, 0 with the fixed-chunk fallback ("tile-map": "auto")
 INFO [report_frame] nxwarp atlas: 181 frames, avg skip 574 intra 3 coded 3, atlas 181 picture 0, avg worst disp 0.0 q4
 INFO [encode] nxwarp: stream 0 stereo compose 0.000 ms/frame (max 0.000), 0.0% of the 2.8 ms encode
 INFO [encode] nxwarp: stream 0 encoded 181 frames in 2.0 s: 2.8 ms/frame (max 4.8), 568 B/frame at fixed QP 40, paced to 90.0 fps (fixed by configuration), 0 composited frame(s) not sent
 INFO [encode] nxwarp: stream 0 pace diagnostics (mean/min/max; interval 11.111 ms, tolerance 5.556 ms): admitted n181 host 11110.8/9633.0/12543.5 us display 11.111/11.104/11.115 ms; rejected n0
 INFO [encode] nxwarp: stream 0 tile mapping: 181 frame(s) with per-tile spans, 0 with the fixed-chunk fallback ("tile-map": "auto")
 INFO [report_frame] nxwarp atlas: 181 frames, avg skip 574 intra 3 coded 3, atlas 181 picture 0, avg worst disp 0.0 q4
 INFO [encode] nxwarp: stream 0 stereo compose 0.000 ms/frame (max 0.000), 0.0% of the 2.6 ms encode
 INFO [encode] nxwarp: stream 0 encoded 181 frames in 2.0 s: 2.6 ms/frame (max 5.2), 568 B/frame at fixed QP 40, paced to 90.0 fps (fixed by configuration), 0 composited frame(s) not sent
 INFO [encode] nxwarp: stream 0 pace diagnostics (mean/min/max; interval 11.111 ms, tolerance 5.556 ms): admitted n181 host 11111.3/9797.0/12312.0 us display 11.111/11.100/11.117 ms; rejected n0
 INFO [encode] nxwarp: stream 0 tile mapping: 181 frame(s) with per-tile spans, 0 with the fixed-chunk fallback ("tile-map": "auto")
 INFO [operator()] Session state changed: XR_SESSION_STATE_VISIBLE
 INFO [operator()] Session state changed: XR_SESSION_STATE_SYNCHRONIZED
 INFO [operator()] Session state changed: XR_SESSION_STATE_STOPPING
 INFO [operator()] Session state changed: XR_SESSION_STATE_IDLE
 INFO [operator()] Session state changed: XR_SESSION_STATE_READY
 INFO [operator()] user presence changed to false
 INFO [operator()] Session state changed: XR_SESSION_STATE_SYNCHRONIZED
 INFO [operator()] Session state changed: XR_SESSION_STATE_VISIBLE
 INFO [operator()] Session state changed: XR_SESSION_STATE_FOCUSED
 INFO [report_frame] nxwarp atlas: 181 frames, avg skip 574 intra 3 coded 3, atlas 181 picture 0, avg worst disp 0.0 q4
 INFO [encode] nxwarp: stream 0 stereo compose 0.000 ms/frame (max 0.000), 0.0% of the 2.7 ms encode
 INFO [encode] nxwarp: stream 0 encoded 181 frames in 2.0 s: 2.7 ms/frame (max 5.3), 568 B/frame at fixed QP 40, paced to 90.0 fps (fixed by configuration), 0 composited frame(s) not sent
 INFO [encode] nxwarp: stream 0 pace diagnostics (mean/min/max; interval 11.111 ms, tolerance 5.556 ms): admitted n181 host 11111.6/10020.6/12153.3 us display 11.111/11.099/11.119 ms; rejected n0
 INFO [encode] nxwarp: stream 0 tile mapping: 181 frame(s) with per-tile spans, 0 with the fixed-chunk fallback ("tile-map": "auto")
 INFO [report_frame] nxwarp atlas: 180 frames, avg skip 574 intra 3 coded 3, atlas 180 picture 0, avg worst disp 0.0 q4
 INFO [encode] nxwarp: stream 0 stereo compose 0.000 ms/frame (max 0.000), 0.0% of the 2.5 ms encode
 INFO [encode] nxwarp: stream 0 encoded 180 frames in 2.0 s: 2.5 ms/frame (max 4.0), 568 B/frame at fixed QP 40, paced to 90.0 fps (fixed by configuration), 0 composited frame(s) not sent
 INFO [encode] nxwarp: stream 0 pace diagnostics (mean/min/max; interval 11.111 ms, tolerance 5.556 ms): admitted n180 host 11110.8/9888.2/12324.9 us display 11.111/11.107/11.114 ms; rejected n0
 INFO [encode] nxwarp: stream 0 tile mapping: 180 frame(s) with per-tile spans, 0 with the fixed-chunk fallback ("tile-map": "auto")
 INFO [report_frame] nxwarp atlas: 180 frames, avg skip 574 intra 3 coded 3, atlas 180 picture 0, avg worst disp 0.0 q4
 INFO [encode] nxwarp: stream 0 stereo compose 0.000 ms/frame (max 0.000), 0.0% of the 2.7 ms encode
 INFO [encode] nxwarp: stream 0 encoded 180 frames in 2.0 s: 2.7 ms/frame (max 5.1), 568 B/frame at fixed QP 40, paced to 90.0 fps (fixed by configuration), 0 composited frame(s) not sent
 INFO [encode] nxwarp: stream 0 pace diagnostics (mean/min/max; interval 11.111 ms, tolerance 5.556 ms): admitted n180 host 11110.7/9969.5/12321.3 us display 11.111/11.105/11.116 ms; rejected n0
 INFO [encode] nxwarp: stream 0 tile mapping: 180 frame(s) with per-tile spans, 0 with the fixed-chunk fallback ("tile-map": "auto")
 INFO [report_frame] nxwarp atlas: 181 frames, avg skip 574 intra 3 coded 3, atlas 181 picture 0, avg worst disp 0.0 q4
 INFO [encode] nxwarp: stream 0 stereo compose 0.000 ms/frame (max 0.000), 0.0% of the 2.7 ms encode
 INFO [encode] nxwarp: stream 0 encoded 181 frames in 2.0 s: 2.7 ms/frame (max 5.0), 568 B/frame at fixed QP 40, paced to 90.0 fps (fixed by configuration), 0 composited frame(s) not sent
 INFO [encode] nxwarp: stream 0 pace diagnostics (mean/min/max; interval 11.111 ms, tolerance 5.556 ms): admitted n181 host 11111.5/10071.9/12285.7 us display 11.111/11.104/11.113 ms; rejected n0
 INFO [encode] nxwarp: stream 0 tile mapping: 181 frame(s) with per-tile spans, 0 with the fixed-chunk fallback ("tile-map": "auto")
 INFO [report_frame] nxwarp atlas: 181 frames, avg skip 574 intra 3 coded 3, atlas 181 picture 0, avg worst disp 0.0 q4
 INFO [encode] nxwarp: stream 0 stereo compose 0.000 ms/frame (max 0.000), 0.0% of the 2.7 ms encode
 INFO [encode] nxwarp: stream 0 encoded 181 frames in 2.0 s: 2.7 ms/frame (max 4.2), 568 B/frame at fixed QP 40, paced to 90.0 fps (fixed by configuration), 0 composited frame(s) not sent
 INFO [encode] nxwarp: stream 0 pace diagnostics (mean/min/max; interval 11.111 ms, tolerance 5.556 ms): admitted n181 host 11113.0/9989.3/12281.4 us display 11.111/11.103/11.115 ms; rejected n0
 INFO [encode] nxwarp: stream 0 tile mapping: 181 frame(s) with per-tile spans, 0 with the fixed-chunk fallback ("tile-map": "auto")
 INFO [report_frame] nxwarp atlas: 181 frames, avg skip 574 intra 3 coded 3, atlas 181 picture 0, avg worst disp 0.0 q4
 INFO [encode] nxwarp: stream 0 stereo compose 0.000 ms/frame (max 0.000), 0.0% of the 2.7 ms encode
 INFO [encode] nxwarp: stream 0 encoded 181 frames in 2.0 s: 2.7 ms/frame (max 4.9), 568 B/frame at fixed QP 40, paced to 90.0 fps (fixed by configuration), 0 composited frame(s) not sent
 INFO [encode] nxwarp: stream 0 pace diagnostics (mean/min/max; interval 11.111 ms, tolerance 5.556 ms): admitted n181 host 11109.1/9847.2/12392.7 us display 11.111/11.100/11.121 ms; rejected n0
 INFO [encode] nxwarp: stream 0 tile mapping: 181 frame(s) with per-tile spans, 0 with the fixed-chunk fallback ("tile-map": "auto")
 INFO [operator()] Session state changed: XR_SESSION_STATE_VISIBLE
 INFO [operator()] Session state changed: XR_SESSION_STATE_SYNCHRONIZED
 INFO [operator()] Session state changed: XR_SESSION_STATE_STOPPING
 INFO [operator()] Session state changed: XR_SESSION_STATE_IDLE
 INFO [report_frame] nxwarp atlas: 180 frames, avg skip 574 intra 3 coded 3, atlas 180 picture 0, avg worst disp 0.0 q4
 INFO [encode] nxwarp: stream 0 stereo compose 0.000 ms/frame (max 0.000), 0.0% of the 2.8 ms encode
 INFO [encode] nxwarp: stream 0 encoded 180 frames in 2.0 s: 2.8 ms/frame (max 5.2), 569 B/frame at fixed QP 40, paced to 90.0 fps (fixed by configuration), 0 composited frame(s) not sent
 INFO [encode] nxwarp: stream 0 pace diagnostics (mean/min/max; interval 11.111 ms, tolerance 5.556 ms): admitted n180 host 11111.4/10175.5/11877.2 us display 11.111/11.105/11.115 ms; rejected n0
 INFO [encode] nxwarp: stream 0 tile mapping: 180 frame(s) with per-tile spans, 0 with the fixed-chunk fallback ("tile-map": "auto")
 INFO [operator()] Session state changed: XR_SESSION_STATE_READY
 INFO [operator()] user presence changed to false
 INFO [operator()] Session state changed: XR_SESSION_STATE_SYNCHRONIZED
 INFO [operator()] Session state changed: XR_SESSION_STATE_VISIBLE
 INFO [operator()] Session state changed: XR_SESSION_STATE_FOCUSED
 INFO [report_frame] nxwarp atlas: 181 frames, avg skip 574 intra 3 coded 3, atlas 181 picture 0, avg worst disp 6.6 q4
 INFO [encode] nxwarp: stream 0 stereo compose 0.000 ms/frame (max 0.000), 0.0% of the 2.7 ms encode
 INFO [encode] nxwarp: stream 0 encoded 181 frames in 2.0 s: 2.7 ms/frame (max 4.0), 569 B/frame at fixed QP 40, paced to 90.0 fps (fixed by configuration), 0 composited frame(s) not sent
 INFO [encode] nxwarp: stream 0 pace diagnostics (mean/min/max; interval 11.111 ms, tolerance 5.556 ms): admitted n181 host 11116.3/9872.2/12395.7 us display 11.111/11.108/11.113 ms; rejected n0
 INFO [encode] nxwarp: stream 0 tile mapping: 181 frame(s) with per-tile spans, 0 with the fixed-chunk fallback ("tile-map": "auto")
 INFO [report_frame] nxwarp atlas: 181 frames, avg skip 574 intra 3 coded 3, atlas 181 picture 0, avg worst disp 1.1 q4
 INFO [encode] nxwarp: stream 0 stereo compose 0.000 ms/frame (max 0.000), 0.0% of the 2.7 ms encode
 INFO [encode] nxwarp: stream 0 encoded 181 frames in 2.0 s: 2.7 ms/frame (max 4.3), 568 B/frame at fixed QP 40, paced to 90.0 fps (fixed by configuration), 0 composited frame(s) not sent
 INFO [encode] nxwarp: stream 0 pace diagnostics (mean/min/max; interval 11.111 ms, tolerance 5.556 ms): admitted n181 host 11108.0/10045.4/12293.5 us display 11.111/11.100/11.117 ms; rejected n0
 INFO [encode] nxwarp: stream 0 tile mapping: 181 frame(s) with per-tile spans, 0 with the fixed-chunk fallback ("tile-map": "auto")
 INFO [report_frame] nxwarp atlas: 181 frames, avg skip 574 intra 3 coded 3, atlas 181 picture 0, avg worst disp 0.0 q4
 INFO [encode] nxwarp: stream 0 stereo compose 0.000 ms/frame (max 0.000), 0.0% of the 2.8 ms encode
 INFO [encode] nxwarp: stream 0 encoded 181 frames in 2.0 s: 2.8 ms/frame (max 4.0), 568 B/frame at fixed QP 40, paced to 90.0 fps (fixed by configuration), 0 composited frame(s) not sent
 INFO [encode] nxwarp: stream 0 pace diagnostics (mean/min/max; interval 11.111 ms, tolerance 5.556 ms): admitted n181 host 11108.7/10032.3/12148.5 us display 11.111/11.103/11.113 ms; rejected n0
 INFO [encode] nxwarp: stream 0 tile mapping: 181 frame(s) with per-tile spans, 0 with the fixed-chunk fallback ("tile-map": "auto")
 INFO [report_frame] nxwarp atlas: 180 frames, avg skip 574 intra 3 coded 3, atlas 180 picture 0, avg worst disp 0.0 q4
 INFO [encode] nxwarp: stream 0 stereo compose 0.000 ms/frame (max 0.000), 0.0% of the 2.8 ms encode
 INFO [encode] nxwarp: stream 0 encoded 180 frames in 2.0 s: 2.8 ms/frame (max 4.3), 568 B/frame at fixed QP 40, paced to 90.0 fps (fixed by configuration), 0 composited frame(s) not sent
 INFO [encode] nxwarp: stream 0 pace diagnostics (mean/min/max; interval 11.111 ms, tolerance 5.556 ms): admitted n180 host 11111.5/10052.9/12174.7 us display 11.111/11.106/11.113 ms; rejected n0
 INFO [encode] nxwarp: stream 0 tile mapping: 180 frame(s) with per-tile spans, 0 with the fixed-chunk fallback ("tile-map": "auto")
 INFO [ipc_server_mainloop_poll] Got shutdown signal, shutting down.
Terminated
No longer listening for secondary paths
 INFO [report_frame] nxwarp atlas: 180 frames, avg skip 557 intra 20 coded 20, atlas 180 picture 0, avg worst disp 0.0 q4
 INFO [encode] nxwarp: stream 0 stereo compose 0.000 ms/frame (max 0.000), 0.0% of the 3.0 ms encode
 INFO [encode] nxwarp: stream 0 encoded 180 frames in 2.0 s: 3.0 ms/frame (max 5.4), 833 B/frame at fixed QP 40, paced to 90.0 fps (fixed by configuration), 0 composited frame(s) not sent
 INFO [encode] nxwarp: stream 0 pace diagnostics (mean/min/max; interval 11.111 ms, tolerance 5.556 ms): admitted n180 host 11111.2/9667.5/12359.2 us display 11.111/11.106/11.111 ms; rejected n0
 INFO [encode] nxwarp: stream 0 tile mapping: 180 frame(s) with per-tile spans, 0 with the fixed-chunk fallback ("tile-map": "auto")
 WARN [on_control_send_error] Primary control socket failed: Broken pipe
