09-11 09:51:20.050 19739 25039 I WiVRn   : [2026-09-11 09:51:20.050] [WiVRn] [info] nxwarp[0]: decoupled display -- frames are published complete and the reprojection pass waits on nothing
09-11 09:51:22.583 19739 25039 I WiVRn   : [2026-09-11 09:51:22.583] [WiVRn] [info] nxwarp[0]: PLANAR centre mode requested; using generic mixed-frame decoder
09-11 09:51:22.597 19739 25039 I WiVRn   : [2026-09-11 09:51:22.597] [WiVRn] [info] nxwarp[0]: borrowed NV12 output enabled
09-11 09:51:22.597 19739 25039 I WiVRn   : [2026-09-11 09:51:22.597] [WiVRn] [info] nxwarp[0]: atlas borrowed-target dirty catchup enabled
09-11 09:51:22.597 19739 25039 I WiVRn   : [2026-09-11 09:51:22.597] [WiVRn] [info] nxwarp[0]: direct atlas targets false
09-11 09:51:22.597 19739 25039 I WiVRn   : [2026-09-11 09:51:22.597] [WiVRn] [info] nxwarp[0]: 2688x2688 per eye, 2 eyes, on Adreno (TM) 650, 84 x 42 tiles, 1166 bytes per tile
09-11 09:51:23.773 19739 25044 I WiVRn   : [2026-09-11 09:51:23.773] [WiVRn] [info] nxwarp[0]: 1 frames in 3.7 s: 133872 B/frame, wait-prev 0.0 ms, wall 1169.7 ms, nxvc passA 3.2 passB 5.1 gpu 8.3 ms; holes 1, refused 0
09-11 09:51:23.773 19739 25044 I WiVRn   : [2026-09-11 09:51:23.773] [WiVRn] [info] nxwarp[0]: 77 frames dropped late (queue kept to 1)
09-11 09:51:24.120 19739 24990 I WiVRn   : [2026-09-11 09:51:24.120] [WiVRn] [info] render: 1 iterations in 4.7 s (0.2/s), 1 submitted a layer, 1 new-source, 0 skipped by the repeat gate, 0 with nothing to show; display period 11.1 ms
09-11 09:51:24.120 19739 24990 I WiVRn   : [2026-09-11 09:51:24.120] [WiVRn] [info] render: selected source transitions forward 0 backward 0 repeat 0, greatest forward gap 0
09-11 09:51:24.120 19739 24990 I WiVRn   : [2026-09-11 09:51:24.120] [WiVRn] [info] render: source display-time offset 102.7 ms mean (worst 102.7) over 1 frames | submit lead 0.0 ms mean (worst 0.0) | misses: 0 overrun 0 late 0 skipped refresh
09-11 09:51:24.120 19739 24990 I WiVRn   : [2026-09-11 09:51:24.120] [WiVRn] [info] render: source->first 8.0 ms | wire 10.0 | queue 8.7 | decode 24.4 | decode->selection 18.6 | selection->predicted 33.0 | sum 102.7 over 1 selected frames (0 invalid)
09-11 09:51:25.781 19739 25044 I WiVRn   : [2026-09-11 09:51:25.781] [WiVRn] [info] nxwarp[0]: 92 frames in 2.0 s: 271552 B/frame, wait-prev 0.0 ms, wall 21.8 ms, nxvc passA 6.0 passB 9.9 gpu 15.9 ms; holes 1, refused 0
09-11 09:51:25.781 19739 25044 I WiVRn   : [2026-09-11 09:51:25.781] [WiVRn] [info] nxwarp[0]: 106 frames dropped late (queue kept to 1)
09-11 09:51:25.875 19739 24990 I WiVRn   : [2026-09-11 09:51:25.875] [WiVRn] [info] render: 82 iterations in 2.0 s (40.8/s), 82 submitted a layer, 82 new-source, 0 skipped by the repeat gate, 0 with nothing to show; display period 24.8 ms
09-11 09:51:25.875 19739 24990 I WiVRn   : [2026-09-11 09:51:25.875] [WiVRn] [info] render: selected source transitions forward 82 backward 0 repeat 0, greatest forward gap 17
09-11 09:51:25.875 19739 24990 I WiVRn   : [2026-09-11 09:51:25.875] [WiVRn] [info] render: source display-time offset 101.9 ms mean (worst 113.9) over 82 frames | submit lead 44.5 ms mean (worst -228.2) | misses: 0 overrun 0 late 0 skipped refresh
09-11 09:51:25.875 19739 24990 I WiVRn   : [2026-09-11 09:51:25.875] [WiVRn] [info] render: source->first 7.0 ms | wire 9.6 | queue 8.5 | decode 21.5 | decode->selection 6.2 | selection->predicted 49.1 | sum 101.9 over 82 selected frames (0 invalid)
09-11 09:51:27.792 19739 25044 I WiVRn   : [2026-09-11 09:51:27.792] [WiVRn] [info] nxwarp[0]: 93 frames in 2.0 s: 289343 B/frame, wait-prev 0.0 ms, wall 21.6 ms, nxvc passA 6.0 passB 9.6 gpu 15.6 ms; holes 1, refused 0
09-11 09:51:27.792 19739 25044 I WiVRn   : [2026-09-11 09:51:27.792] [WiVRn] [info] nxwarp[0]: 134 frames dropped late (queue kept to 1)
09-11 09:51:27.887 19739 24990 I WiVRn   : [2026-09-11 09:51:27.887] [WiVRn] [info] render: 93 iterations in 2.0 s (46.1/s), 93 submitted a layer, 93 new-source, 0 skipped by the repeat gate, 0 with nothing to show; display period 21.6 ms
09-11 09:51:27.887 19739 24990 I WiVRn   : [2026-09-11 09:51:27.887] [WiVRn] [info] render: selected source transitions forward 93 backward 0 repeat 0, greatest forward gap 2
09-11 09:51:27.887 19739 24990 I WiVRn   : [2026-09-11 09:51:27.887] [WiVRn] [info] render: source display-time offset 101.5 ms mean (worst 113.9) over 93 frames | submit lead 47.0 ms mean (worst 38.9) | misses: 0 overrun 0 late 0 skipped refresh
09-11 09:51:27.887 19739 24990 I WiVRn   : [2026-09-11 09:51:27.887] [WiVRn] [info] render: source->first 7.0 ms | wire 9.7 | queue 8.8 | decode 21.6 | decode->selection 6.7 | selection->predicted 47.9 | sum 101.5 over 93 selected frames (0 invalid)
09-11 09:51:29.809 19739 25044 I WiVRn   : [2026-09-11 09:51:29.809] [WiVRn] [info] nxwarp[0]: 98 frames in 2.0 s: 269754 B/frame, wait-prev 0.0 ms, wall 20.4 ms, nxvc passA 5.6 passB 9.3 gpu 14.9 ms; holes 1, refused 0
09-11 09:51:29.809 19739 25044 I WiVRn   : [2026-09-11 09:51:29.809] [WiVRn] [info] nxwarp[0]: 157 frames dropped late (queue kept to 1)
09-11 09:51:29.897 19739 24990 I WiVRn   : [2026-09-11 09:51:29.897] [WiVRn] [info] render: 98 iterations in 2.0 s (48.8/s), 98 submitted a layer, 98 new-source, 0 skipped by the repeat gate, 0 with nothing to show; display period 20.4 ms
09-11 09:51:29.897 19739 24990 I WiVRn   : [2026-09-11 09:51:29.897] [WiVRn] [info] render: selected source transitions forward 98 backward 0 repeat 0, greatest forward gap 2
09-11 09:51:29.897 19739 24990 I WiVRn   : [2026-09-11 09:51:29.897] [WiVRn] [info] render: source display-time offset 96.7 ms mean (worst 114.0) over 98 frames | submit lead 44.6 ms mean (worst 33.0) | misses: 0 overrun 0 late 0 skipped refresh
09-11 09:51:29.897 19739 24990 I WiVRn   : [2026-09-11 09:51:29.897] [WiVRn] [info] render: source->first 6.8 ms | wire 9.1 | queue 8.4 | decode 20.3 | decode->selection 6.9 | selection->predicted 45.3 | sum 96.7 over 98 selected frames (0 invalid)
09-11 09:51:31.829 19739 25044 I WiVRn   : [2026-09-11 09:51:31.829] [WiVRn] [info] nxwarp[0]: 98 frames in 2.0 s: 262288 B/frame, wait-prev 0.0 ms, wall 20.5 ms, nxvc passA 5.6 passB 9.3 gpu 14.9 ms; holes 1, refused 0
09-11 09:51:31.829 19739 25044 I WiVRn   : [2026-09-11 09:51:31.829] [WiVRn] [info] nxwarp[0]: 180 frames dropped late (queue kept to 1)
09-11 09:51:31.917 19739 24990 I WiVRn   : [2026-09-11 09:51:31.917] [WiVRn] [info] render: 99 iterations in 2.0 s (49.1/s), 99 submitted a layer, 98 new-source, 0 skipped by the repeat gate, 0 with nothing to show; display period 20.4 ms
09-11 09:51:31.917 19739 24990 I WiVRn   : [2026-09-11 09:51:31.917] [WiVRn] [info] render: selected source transitions forward 98 backward 0 repeat 1, greatest forward gap 2
09-11 09:51:31.917 19739 24990 I WiVRn   : [2026-09-11 09:51:31.917] [WiVRn] [info] render: source display-time offset 97.0 ms mean (worst 114.2) over 99 frames | submit lead 43.7 ms mean (worst 32.2) | misses: 0 overrun 0 late 0 skipped refresh
09-11 09:51:31.917 19739 24990 I WiVRn   : [2026-09-11 09:51:31.917] [WiVRn] [info] render: source->first 7.1 ms | wire 9.2 | queue 8.9 | decode 20.4 | decode->selection 6.9 | selection->predicted 44.6 | sum 97.0 over 99 selected frames (0 invalid)
09-11 09:51:33.844 19739 25044 I WiVRn   : [2026-09-11 09:51:33.844] [WiVRn] [info] nxwarp[0]: 97 frames in 2.0 s: 270594 B/frame, wait-prev 0.0 ms, wall 20.4 ms, nxvc passA 5.7 passB 9.3 gpu 15.0 ms; holes 1, refused 0
09-11 09:51:33.845 19739 25044 I WiVRn   : [2026-09-11 09:51:33.845] [WiVRn] [info] nxwarp[0]: 204 frames dropped late (queue kept to 1)
09-11 09:51:33.911 19739 24990 I WiVRn   : [2026-09-11 09:51:33.911] [WiVRn] [info] render: 96 iterations in 2.0 s (48.0/s), 96 submitted a layer, 94 new-source, 0 skipped by the repeat gate, 0 with nothing to show; display period 20.8 ms
09-11 09:51:33.911 19739 24990 I WiVRn   : [2026-09-11 09:51:33.911] [WiVRn] [info] render: selected source transitions forward 94 backward 0 repeat 2, greatest forward gap 2
09-11 09:51:33.911 19739 24990 I WiVRn   : [2026-09-11 09:51:33.911] [WiVRn] [info] render: source display-time offset 97.4 ms mean (worst 114.2) over 96 frames | submit lead 44.1 ms mean (worst 32.2) | misses: 0 overrun 0 late 0 skipped refresh
09-11 09:51:33.911 19739 24990 I WiVRn   : [2026-09-11 09:51:33.911] [WiVRn] [info] render: source->first 7.1 ms | wire 9.7 | queue 8.2 | decode 20.4 | decode->selection 7.0 | selection->predicted 45.0 | sum 97.4 over 96 selected frames (0 invalid)
09-11 09:51:35.859 19739 25044 I WiVRn   : [2026-09-11 09:51:35.859] [WiVRn] [info] nxwarp[0]: 96 frames in 2.0 s: 273981 B/frame, wait-prev 0.0 ms, wall 20.8 ms, nxvc passA 5.9 passB 9.5 gpu 15.4 ms; holes 1, refused 0
09-11 09:51:35.859 19739 25044 I WiVRn   : [2026-09-11 09:51:35.859] [WiVRn] [info] nxwarp[0]: 229 frames dropped late (queue kept to 1)
09-11 09:51:35.933 19739 24990 I WiVRn   : [2026-09-11 09:51:35.933] [WiVRn] [info] render: 96 iterations in 2.0 s (47.5/s), 96 submitted a layer, 96 new-source, 0 skipped by the repeat gate, 0 with nothing to show; display period 21.1 ms
09-11 09:51:35.933 19739 24990 I WiVRn   : [2026-09-11 09:51:35.933] [WiVRn] [info] render: selected source transitions forward 96 backward 0 repeat 0, greatest forward gap 2
09-11 09:51:35.933 19739 24990 I WiVRn   : [2026-09-11 09:51:35.933] [WiVRn] [info] render: source display-time offset 97.8 ms mean (worst 114.3) over 96 frames | submit lead 43.7 ms mean (worst 32.7) | misses: 0 overrun 0 late 0 skipped refresh
09-11 09:51:35.933 19739 24990 I WiVRn   : [2026-09-11 09:51:35.933] [WiVRn] [info] render: source->first 7.1 ms | wire 9.9 | queue 8.6 | decode 20.9 | decode->selection 6.7 | selection->predicted 44.6 | sum 97.8 over 96 selected frames (0 invalid)
09-11 09:51:37.880 19739 25044 I WiVRn   : [2026-09-11 09:51:37.880] [WiVRn] [info] nxwarp[0]: 100 frames in 2.0 s: 255860 B/frame, wait-prev 0.0 ms, wall 20.1 ms, nxvc passA 5.3 passB 9.3 gpu 14.7 ms; holes 1, refused 0
09-11 09:51:37.880 19739 25044 I WiVRn   : [2026-09-11 09:51:37.880] [WiVRn] [info] nxwarp[0]: 250 frames dropped late (queue kept to 1)
09-11 09:51:37.946 19739 24990 I WiVRn   : [2026-09-11 09:51:37.946] [WiVRn] [info] render: 100 iterations in 2.0 s (50.0/s), 100 submitted a layer, 100 new-source, 0 skipped by the repeat gate, 0 with nothing to show; display period 20.0 ms
09-11 09:51:37.946 19739 24990 I WiVRn   : [2026-09-11 09:51:37.946] [WiVRn] [info] render: selected source transitions forward 100 backward 0 repeat 0, greatest forward gap 2
09-11 09:51:37.946 19739 24990 I WiVRn   : [2026-09-11 09:51:37.946] [WiVRn] [info] render: source display-time offset 95.2 ms mean (worst 114.3) over 100 frames | submit lead 42.8 ms mean (worst 31.9) | misses: 0 overrun 0 late 0 skipped refresh
09-11 09:51:37.946 19739 24990 I WiVRn   : [2026-09-11 09:51:37.946] [WiVRn] [info] render: source->first 6.6 ms | wire 9.2 | queue 9.1 | decode 20.1 | decode->selection 6.9 | selection->predicted 43.4 | sum 95.2 over 100 selected frames (0 invalid)
09-11 09:51:39.880 19739 25044 I WiVRn   : [2026-09-11 09:51:39.880] [WiVRn] [info] nxwarp[0]: 100 frames in 2.0 s: 256024 B/frame, wait-prev 0.0 ms, wall 20.0 ms, nxvc passA 5.2 passB 9.4 gpu 14.6 ms; holes 1, refused 0
09-11 09:51:39.880 19739 25044 I WiVRn   : [2026-09-11 09:51:39.880] [WiVRn] [info] nxwarp[0]: 270 frames dropped late (queue kept to 1)
09-11 09:51:39.951 19739 24990 I WiVRn   : [2026-09-11 09:51:39.951] [WiVRn] [info] render: 100 iterations in 2.0 s (49.6/s), 100 submitted a layer, 100 new-source, 0 skipped by the repeat gate, 0 with nothing to show; display period 20.1 ms
09-11 09:51:39.951 19739 24990 I WiVRn   : [2026-09-11 09:51:39.951] [WiVRn] [info] render: selected source transitions forward 100 backward 0 repeat 0, greatest forward gap 2
09-11 09:51:39.951 19739 24990 I WiVRn   : [2026-09-11 09:51:39.951] [WiVRn] [info] render: source display-time offset 95.1 ms mean (worst 114.4) over 100 frames | submit lead 42.4 ms mean (worst 32.3) | misses: 0 overrun 0 late 0 skipped refresh
09-11 09:51:39.951 19739 24990 I WiVRn   : [2026-09-11 09:51:39.951] [WiVRn] [info] render: source->first 6.8 ms | wire 9.5 | queue 8.8 | decode 20.0 | decode->selection 6.8 | selection->predicted 43.2 | sum 95.1 over 100 selected frames (0 invalid)
09-11 09:51:41.894 19739 25044 I WiVRn   : [2026-09-11 09:51:41.894] [WiVRn] [info] nxwarp[0]: 99 frames in 2.0 s: 262328 B/frame, wait-prev 0.0 ms, wall 20.2 ms, nxvc passA 5.4 passB 9.2 gpu 14.7 ms; holes 1, refused 0
09-11 09:51:41.894 19739 25044 I WiVRn   : [2026-09-11 09:51:41.894] [WiVRn] [info] nxwarp[0]: 292 frames dropped late (queue kept to 1)
09-11 09:51:41.965 19739 24990 I WiVRn   : [2026-09-11 09:51:41.965] [WiVRn] [info] render: 99 iterations in 2.0 s (49.5/s), 99 submitted a layer, 99 new-source, 0 skipped by the repeat gate, 0 with nothing to show; display period 20.4 ms
09-11 09:51:41.965 19739 24990 I WiVRn   : [2026-09-11 09:51:41.965] [WiVRn] [info] render: selected source transitions forward 99 backward 0 repeat 0, greatest forward gap 2
09-11 09:51:41.965 19739 24990 I WiVRn   : [2026-09-11 09:51:41.965] [WiVRn] [info] render: source display-time offset 95.4 ms mean (worst 114.4) over 99 frames | submit lead 42.5 ms mean (worst 30.8) | misses: 0 overrun 0 late 0 skipped refresh
09-11 09:51:41.965 19739 24990 I WiVRn   : [2026-09-11 09:51:41.965] [WiVRn] [info] render: source->first 6.9 ms | wire 9.6 | queue 8.5 | decode 20.2 | decode->selection 6.8 | selection->predicted 43.3 | sum 95.4 over 99 selected frames (0 invalid)
09-11 09:51:43.906 19739 25044 I WiVRn   : [2026-09-11 09:51:43.906] [WiVRn] [info] nxwarp[0]: 96 frames in 2.0 s: 290182 B/frame, wait-prev 0.0 ms, wall 20.8 ms, nxvc passA 5.8 passB 9.4 gpu 15.2 ms; holes 1, refused 0
09-11 09:51:43.906 19739 25044 I WiVRn   : [2026-09-11 09:51:43.906] [WiVRn] [info] nxwarp[0]: 317 frames dropped late (queue kept to 1)
09-11 09:51:43.957 19739 24990 I WiVRn   : [2026-09-11 09:51:43.957] [WiVRn] [info] render: 96 iterations in 2.0 s (47.9/s), 96 submitted a layer, 95 new-source, 0 skipped by the repeat gate, 0 with nothing to show; display period 20.7 ms
09-11 09:51:43.957 19739 24990 I WiVRn   : [2026-09-11 09:51:43.957] [WiVRn] [info] render: selected source transitions forward 95 backward 0 repeat 1, greatest forward gap 2
09-11 09:51:43.957 19739 24990 I WiVRn   : [2026-09-11 09:51:43.957] [WiVRn] [info] render: source display-time offset 98.1 ms mean (worst 125.6) over 96 frames | submit lead 44.0 ms mean (worst 31.5) | misses: 0 overrun 0 late 0 skipped refresh
09-11 09:51:43.957 19739 24990 I WiVRn   : [2026-09-11 09:51:43.957] [WiVRn] [info] render: source->first 7.0 ms | wire 10.0 | queue 8.6 | decode 20.7 | decode->selection 7.1 | selection->predicted 44.8 | sum 98.1 over 96 selected frames (0 invalid)
09-11 09:51:45.906 19739 25044 I WiVRn   : [2026-09-11 09:51:45.906] [WiVRn] [info] nxwarp[0]: 95 frames in 2.0 s: 303093 B/frame, wait-prev 0.0 ms, wall 20.9 ms, nxvc passA 6.2 passB 9.4 gpu 15.6 ms; holes 1, refused 0
09-11 09:51:45.906 19739 25044 I WiVRn   : [2026-09-11 09:51:45.906] [WiVRn] [info] nxwarp[0]: 342 frames dropped late (queue kept to 1)
09-11 09:51:45.977 19739 24990 I WiVRn   : [2026-09-11 09:51:45.977] [WiVRn] [info] render: 96 iterations in 2.0 s (47.7/s), 96 submitted a layer, 96 new-source, 0 skipped by the repeat gate, 0 with nothing to show; display period 20.9 ms
09-11 09:51:45.977 19739 24990 I WiVRn   : [2026-09-11 09:51:45.977] [WiVRn] [info] render: selected source transitions forward 96 backward 0 repeat 0, greatest forward gap 2
09-11 09:51:45.977 19739 24990 I WiVRn   : [2026-09-11 09:51:45.977] [WiVRn] [info] render: source display-time offset 98.0 ms mean (worst 114.5) over 96 frames | submit lead 43.2 ms mean (worst 32.4) | misses: 0 overrun 0 late 0 skipped refresh
09-11 09:51:45.977 19739 24990 I WiVRn   : [2026-09-11 09:51:45.977] [WiVRn] [info] render: source->first 7.3 ms | wire 10.1 | queue 9.0 | decode 20.9 | decode->selection 6.7 | selection->predicted 43.8 | sum 98.0 over 96 selected frames (0 invalid)
09-11 09:51:47.906 19739 25044 I WiVRn   : [2026-09-11 09:51:47.906] [WiVRn] [info] nxwarp[0]: 95 frames in 2.0 s: 296616 B/frame, wait-prev 0.0 ms, wall 20.9 ms, nxvc passA 6.1 passB 9.4 gpu 15.5 ms; holes 1, refused 0
09-11 09:51:47.906 19739 25044 I WiVRn   : [2026-09-11 09:51:47.906] [WiVRn] [info] nxwarp[0]: 367 frames dropped late (queue kept to 1)
09-11 09:51:47.984 19739 24990 I WiVRn   : [2026-09-11 09:51:47.984] [WiVRn] [info] render: 96 iterations in 2.0 s (47.8/s), 96 submitted a layer, 95 new-source, 0 skipped by the repeat gate, 0 with nothing to show; display period 20.8 ms
09-11 09:51:47.985 19739 24990 I WiVRn   : [2026-09-11 09:51:47.985] [WiVRn] [info] render: selected source transitions forward 95 backward 0 repeat 1, greatest forward gap 2
09-11 09:51:47.985 19739 24990 I WiVRn   : [2026-09-11 09:51:47.985] [WiVRn] [info] render: source display-time offset 97.5 ms mean (worst 114.6) over 96 frames | submit lead 42.7 ms mean (worst 31.9) | misses: 0 overrun 0 late 0 skipped refresh
09-11 09:51:47.985 19739 24990 I WiVRn   : [2026-09-11 09:51:47.985] [WiVRn] [info] render: source->first 7.3 ms | wire 10.3 | queue 8.8 | decode 20.8 | decode->selection 6.9 | selection->predicted 43.4 | sum 97.5 over 96 selected frames (0 invalid)
09-11 09:51:49.925 19739 25044 I WiVRn   : [2026-09-11 09:51:49.925] [WiVRn] [info] nxwarp[0]: 95 frames in 2.0 s: 283828 B/frame, wait-prev 0.0 ms, wall 20.5 ms, nxvc passA 5.8 passB 9.5 gpu 15.3 ms; holes 1, refused 0
09-11 09:51:49.925 19739 25044 I WiVRn   : [2026-09-11 09:51:49.925] [WiVRn] [info] nxwarp[0]: 389 frames dropped late (queue kept to 1)
09-11 09:51:49.996 19739 24990 I WiVRn   : [2026-09-11 09:51:49.996] [WiVRn] [info] render: 102 iterations in 2.0 s (50.7/s), 102 submitted a layer, 95 new-source, 0 skipped by the repeat gate, 0 with nothing to show; display period 19.7 ms
09-11 09:51:49.996 19739 24990 I WiVRn   : [2026-09-11 09:51:49.996] [WiVRn] [info] render: selected source transitions forward 95 backward 0 repeat 7, greatest forward gap 2
09-11 09:51:49.996 19739 24990 I WiVRn   : [2026-09-11 09:51:49.996] [WiVRn] [info] render: source display-time offset 95.1 ms mean (worst 125.7) over 102 frames | submit lead 42.6 ms mean (worst 28.2) | misses: 0 overrun 0 late 0 skipped refresh
09-11 09:51:49.996 19739 24990 I WiVRn   : [2026-09-11 09:51:49.996] [WiVRn] [info] render: source->first 7.0 ms | wire 10.3 | queue 7.0 | decode 20.3 | decode->selection 7.1 | selection->predicted 43.4 | sum 95.1 over 102 selected frames (0 invalid)
09-11 09:51:51.948 19739 25044 I WiVRn   : [2026-09-11 09:51:51.948] [WiVRn] [info] nxwarp[0]: 91 frames in 2.0 s: 279633 B/frame, wait-prev 0.0 ms, wall 18.2 ms, nxvc passA 4.7 passB 9.7 gpu 14.4 ms; holes 1, refused 0
09-11 09:51:51.948 19739 25044 I WiVRn   : [2026-09-11 09:51:51.948] [WiVRn] [info] nxwarp[0]: 389 frames dropped late (queue kept to 1)
09-11 09:51:51.991 19739 24990 I WiVRn   : [2026-09-11 09:51:51.991] [WiVRn] [info] render: 178 iterations in 2.0 s (88.9/s), 178 submitted a layer, 90 new-source, 0 skipped by the repeat gate, 0 with nothing to show; display period 11.2 ms
09-11 09:51:51.991 19739 24990 I WiVRn   : [2026-09-11 09:51:51.991] [WiVRn] [info] render: selected source transitions forward 90 backward 0 repeat 88, greatest forward gap 1
09-11 09:51:51.991 19739 24990 I WiVRn   : [2026-09-11 09:51:51.991] [WiVRn] [info] render: source display-time offset 77.4 ms mean (worst 92.4) over 178 frames | submit lead 35.6 ms mean (worst 29.7) | misses: 0 overrun 0 late 0 skipped refresh
09-11 09:51:51.991 19739 24990 I WiVRn   : [2026-09-11 09:51:51.991] [WiVRn] [info] render: source->first 6.8 ms | wire 10.7 | queue 0.4 | decode 18.1 | decode->selection 5.2 | selection->predicted 36.2 | sum 77.4 over 178 selected frames (0 invalid)
