--------- beginning of system
--------- beginning of main
09-07 21:26:28.243  9898  2182 I WiVRn   : [2026-09-07 21:26:28.243] [WiVRn] [info] Sending query for _wivrn._tcp.local., type PTR
09-07 21:26:28.781  9898  2162 I WiVRn   : [2026-09-07 21:26:28.781] [WiVRn] [info] Session state changed at timestamp 0: XR_SESSION_STATE_IDLE => XR_SESSION_STATE_READY
09-07 21:26:28.782  9898  2162 I WiVRn   : [2026-09-07 21:26:28.782] [WiVRn] [info] Received event type Unknown
09-07 21:26:28.782  9898  2162 I WiVRn   : [2026-09-07 21:26:28.782] [WiVRn] [info] Received event type XR_TYPE_EVENT_DATA_USER_PRESENCE_CHANGED_EXT
09-07 21:26:28.783  9898  2162 I WiVRn   : [2026-09-07 21:26:28.783] [WiVRn] [info] Session state changed at timestamp 0: XR_SESSION_STATE_READY => XR_SESSION_STATE_SYNCHRONIZED
09-07 21:26:28.783  9898  2162 I WiVRn   : [2026-09-07 21:26:28.783] [WiVRn] [info] Session state changed at timestamp 0: XR_SESSION_STATE_SYNCHRONIZED => XR_SESSION_STATE_VISIBLE
09-07 21:26:28.783  9898  2162 I WiVRn   : [2026-09-07 21:26:28.783] [WiVRn] [info] Session state changed at timestamp 0: XR_SESSION_STATE_VISIBLE => XR_SESSION_STATE_FOCUSED
09-07 21:26:28.884  9898  2162 I WiVRn   : [2026-09-07 21:26:28.884] [WiVRn] [info] Received event type Unknown
09-07 21:26:29.662  9898  9898 I WiVRn   : [2026-09-07 21:26:29.662] [WiVRn] [info] Received intent wivrn://192.168.1.2
09-07 21:26:29.665  9898  2162 I WiVRn   : [2026-09-07 21:26:29.665] [WiVRn] [info] Session state changed at timestamp 0: XR_SESSION_STATE_FOCUSED => XR_SESSION_STATE_VISIBLE
09-07 21:26:29.674  9898  2427 I WiVRn   : [2026-09-07 21:26:29.674] [WiVRn] [info] Using pin "000000"
09-07 21:26:29.676  9898  2162 I WiVRn   : [2026-09-07 21:26:29.676] [WiVRn] [info] Session state changed at timestamp 0: XR_SESSION_STATE_VISIBLE => XR_SESSION_STATE_SYNCHRONIZED
09-07 21:26:29.676  9898  2162 I WiVRn   : [2026-09-07 21:26:29.676] [WiVRn] [info] Session state changed at timestamp 0: XR_SESSION_STATE_SYNCHRONIZED => XR_SESSION_STATE_STOPPING
09-07 21:26:29.677  9898  2162 I WiVRn   : [2026-09-07 21:26:29.677] [WiVRn] [info] Session state changed at timestamp 0: XR_SESSION_STATE_STOPPING => XR_SESSION_STATE_IDLE
09-07 21:26:29.677  9898  2162 I WiVRn   : [2026-09-07 21:26:29.677] [WiVRn] [info] Session state changed at timestamp 0: XR_SESSION_STATE_IDLE => XR_SESSION_STATE_READY
09-07 21:26:29.680  9898  2162 I WiVRn   : [2026-09-07 21:26:29.680] [WiVRn] [info] Received event type Unknown
09-07 21:26:29.680  9898  2162 I WiVRn   : [2026-09-07 21:26:29.680] [WiVRn] [info] Received event type XR_TYPE_EVENT_DATA_USER_PRESENCE_CHANGED_EXT
09-07 21:26:29.682  9898  2427 I WiVRn   : [2026-09-07 21:26:29.682] [WiVRn] [info] Wi-Fi QoS marks enabled (uplink EF / AC_VO)
09-07 21:26:29.686  9898  2162 I WiVRn   : [2026-09-07 21:26:29.686] [WiVRn] [info] Supported swapchain formats:
09-07 21:26:29.686  9898  2162 I WiVRn   : [2026-09-07 21:26:29.686] [WiVRn] [info]     R8G8B8A8Srgb
09-07 21:26:29.686  9898  2162 I WiVRn   : [2026-09-07 21:26:29.686] [WiVRn] [info]     R8Unorm
09-07 21:26:29.686  9898  2162 I WiVRn   : [2026-09-07 21:26:29.686] [WiVRn] [info]     R8G8Unorm
09-07 21:26:29.686  9898  2162 I WiVRn   : [2026-09-07 21:26:29.686] [WiVRn] [info]     R8G8B8A8Unorm
09-07 21:26:29.686  9898  2162 I WiVRn   : [2026-09-07 21:26:29.686] [WiVRn] [info]     R5G6B5UnormPack16
09-07 21:26:29.686  9898  2162 I WiVRn   : [2026-09-07 21:26:29.686] [WiVRn] [info]     A2B10G10R10UnormPack32
09-07 21:26:29.686  9898  2162 I WiVRn   : [2026-09-07 21:26:29.686] [WiVRn] [info]     R16Unorm
09-07 21:26:29.686  9898  2162 I WiVRn   : [2026-09-07 21:26:29.686] [WiVRn] [info]     R16G16Unorm
09-07 21:26:29.686  9898  2162 I WiVRn   : [2026-09-07 21:26:29.686] [WiVRn] [info]     R16G16B16A16Unorm
09-07 21:26:29.686  9898  2162 I WiVRn   : [2026-09-07 21:26:29.686] [WiVRn] [info]     R16Uint
09-07 21:26:29.686  9898  2162 I WiVRn   : [2026-09-07 21:26:29.686] [WiVRn] [info]     R16G16Uint
09-07 21:26:29.686  9898  2162 I WiVRn   : [2026-09-07 21:26:29.686] [WiVRn] [info]     R16G16B16A16Uint
09-07 21:26:29.686  9898  2162 I WiVRn   : [2026-09-07 21:26:29.686] [WiVRn] [info]     R16Sint
09-07 21:26:29.686  9898  2162 I WiVRn   : [2026-09-07 21:26:29.686] [WiVRn] [info]     R16G16Sint
09-07 21:26:29.686  9898  2162 I WiVRn   : [2026-09-07 21:26:29.686] [WiVRn] [info]     R16G16B16A16Sint
09-07 21:26:29.686  9898  2162 I WiVRn   : [2026-09-07 21:26:29.686] [WiVRn] [info]     R16Sfloat
09-07 21:26:29.686  9898  2162 I WiVRn   : [2026-09-07 21:26:29.686] [WiVRn] [info]     R16G16Sfloat
09-07 21:26:29.686  9898  2162 I WiVRn   : [2026-09-07 21:26:29.686] [WiVRn] [info]     R16G16B16A16Sfloat
09-07 21:26:29.686  9898  2162 I WiVRn   : [2026-09-07 21:26:29.686] [WiVRn] [info]     A1R5G5B5UnormPack16
09-07 21:26:29.686  9898  2162 I WiVRn   : [2026-09-07 21:26:29.686] [WiVRn] [info]     Etc2R8G8B8UnormBlock
09-07 21:26:29.686  9898  2162 I WiVRn   : [2026-09-07 21:26:29.686] [WiVRn] [info]     Etc2R8G8B8A1UnormBlock
09-07 21:26:29.686  9898  2162 I WiVRn   : [2026-09-07 21:26:29.686] [WiVRn] [info]     Etc2R8G8B8A8UnormBlock
09-07 21:26:29.686  9898  2162 I WiVRn   : [2026-09-07 21:26:29.686] [WiVRn] [info]     Etc2R8G8B8SrgbBlock
09-07 21:26:29.686  9898  2162 I WiVRn   : [2026-09-07 21:26:29.686] [WiVRn] [info]     Etc2R8G8B8A1SrgbBlock
09-07 21:26:29.686  9898  2162 I WiVRn   : [2026-09-07 21:26:29.686] [WiVRn] [info]     Etc2R8G8B8A8SrgbBlock
09-07 21:26:29.686  9898  2162 I WiVRn   : [2026-09-07 21:26:29.686] [WiVRn] [info]     EacR11UnormBlock
09-07 21:26:29.686  9898  2162 I WiVRn   : [2026-09-07 21:26:29.686] [WiVRn] [info]     EacR11G11UnormBlock
09-07 21:26:29.686  9898  2162 I WiVRn   : [2026-09-07 21:26:29.686] [WiVRn] [info]     EacR11SnormBlock
09-07 21:26:29.686  9898  2162 I WiVRn   : [2026-09-07 21:26:29.686] [WiVRn] [info]     EacR11G11SnormBlock
09-07 21:26:29.686  9898  2162 I WiVRn   : [2026-09-07 21:26:29.686] [WiVRn] [info]     Astc4x4UnormBlock
09-07 21:26:29.686  9898  2162 I WiVRn   : [2026-09-07 21:26:29.686] [WiVRn] [info]     Astc5x4UnormBlock
09-07 21:26:29.686  9898  2162 I WiVRn   : [2026-09-07 21:26:29.686] [WiVRn] [info]     Astc5x5UnormBlock
09-07 21:26:29.686  9898  2162 I WiVRn   : [2026-09-07 21:26:29.686] [WiVRn] [info]     Astc6x5UnormBlock
09-07 21:26:29.686  9898  2162 I WiVRn   : [2026-09-07 21:26:29.686] [WiVRn] [info]     Astc6x6UnormBlock
09-07 21:26:29.686  9898  2162 I WiVRn   : [2026-09-07 21:26:29.686] [WiVRn] [info]     Astc8x5UnormBlock
09-07 21:26:29.686  9898  2162 I WiVRn   : [2026-09-07 21:26:29.686] [WiVRn] [info]     Astc8x6UnormBlock
09-07 21:26:29.686  9898  2162 I WiVRn   : [2026-09-07 21:26:29.686] [WiVRn] [info]     Astc8x8UnormBlock
09-07 21:26:29.686  9898  2162 I WiVRn   : [2026-09-07 21:26:29.686] [WiVRn] [info]     Astc10x5UnormBlock
09-07 21:26:29.686  9898  2162 I WiVRn   : [2026-09-07 21:26:29.686] [WiVRn] [info]     Astc10x6UnormBlock
09-07 21:26:29.686  9898  2162 I WiVRn   : [2026-09-07 21:26:29.686] [WiVRn] [info]     Astc10x8UnormBlock
09-07 21:26:29.686  9898  2162 I WiVRn   : [2026-09-07 21:26:29.686] [WiVRn] [info]     Astc10x10UnormBlock
09-07 21:26:29.686  9898  2162 I WiVRn   : [2026-09-07 21:26:29.686] [WiVRn] [info]     Astc12x10UnormBlock
09-07 21:26:29.686  9898  2162 I WiVRn   : [2026-09-07 21:26:29.686] [WiVRn] [info]     Astc12x12UnormBlock
09-07 21:26:29.686  9898  2162 I WiVRn   : [2026-09-07 21:26:29.686] [WiVRn] [info]     Astc4x4SrgbBlock
09-07 21:26:29.686  9898  2162 I WiVRn   : [2026-09-07 21:26:29.686] [WiVRn] [info]     Astc5x4SrgbBlock
09-07 21:26:29.686  9898  2162 I WiVRn   : [2026-09-07 21:26:29.686] [WiVRn] [info]     Astc5x5SrgbBlock
09-07 21:26:29.686  9898  2162 I WiVRn   : [2026-09-07 21:26:29.686] [WiVRn] [info]     Astc6x5SrgbBlock
09-07 21:26:29.686  9898  2162 I WiVRn   : [2026-09-07 21:26:29.686] [WiVRn] [info]     Astc6x6SrgbBlock
09-07 21:26:29.686  9898  2162 I WiVRn   : [2026-09-07 21:26:29.686] [WiVRn] [info]     Astc8x5SrgbBlock
09-07 21:26:29.686  9898  2162 I WiVRn   : [2026-09-07 21:26:29.686] [WiVRn] [info]     Astc8x6SrgbBlock
09-07 21:26:29.686  9898  2162 I WiVRn   : [2026-09-07 21:26:29.686] [WiVRn] [info]     Astc8x8SrgbBlock
09-07 21:26:29.686  9898  2162 I WiVRn   : [2026-09-07 21:26:29.686] [WiVRn] [info]     Astc10x5SrgbBlock
09-07 21:26:29.686  9898  2162 I WiVRn   : [2026-09-07 21:26:29.686] [WiVRn] [info]     Astc10x6SrgbBlock
09-07 21:26:29.686  9898  2162 I WiVRn   : [2026-09-07 21:26:29.686] [WiVRn] [info]     Astc10x8SrgbBlock
09-07 21:26:29.686  9898  2162 I WiVRn   : [2026-09-07 21:26:29.686] [WiVRn] [info]     Astc10x10SrgbBlock
09-07 21:26:29.686  9898  2162 I WiVRn   : [2026-09-07 21:26:29.686] [WiVRn] [info]     Astc12x10SrgbBlock
09-07 21:26:29.686  9898  2162 I WiVRn   : [2026-09-07 21:26:29.686] [WiVRn] [info]     Astc12x12SrgbBlock
09-07 21:26:29.686  9898  2162 I WiVRn   : [2026-09-07 21:26:29.686] [WiVRn] [info]     D16Unorm
09-07 21:26:29.686  9898  2162 I WiVRn   : [2026-09-07 21:26:29.686] [WiVRn] [info]     X8D24UnormPack32
09-07 21:26:29.686  9898  2162 I WiVRn   : [2026-09-07 21:26:29.686] [WiVRn] [info]     D32Sfloat
09-07 21:26:29.686  9898  2162 I WiVRn   : [2026-09-07 21:26:29.686] [WiVRn] [info]     D24UnormS8Uint
09-07 21:26:29.686  9898  2162 I WiVRn   : [2026-09-07 21:26:29.686] [WiVRn] [info]     B8G8R8A8Unorm
09-07 21:26:29.686  9898  2162 I WiVRn   : [2026-09-07 21:26:29.686] [WiVRn] [info]     B8G8R8A8Srgb
09-07 21:26:29.687  9898  2162 I WiVRn   : [2026-09-07 21:26:29.687] [WiVRn] [info] Using panel size: 2160x2160
09-07 21:26:29.706  9898  2162 I WiVRn   : [2026-09-07 21:26:29.706] [WiVRn] [info] video codec av1: NOT supported
09-07 21:26:29.736  9898  2162 I WiVRn   : [2026-09-07 21:26:29.736] [WiVRn] [info] video codec h265: supported
09-07 21:26:29.774  9898  2162 I WiVRn   : [2026-09-07 21:26:29.774] [WiVRn] [info] video codec h264: supported
09-07 21:26:29.780  9898  2162 I WiVRn   : [2026-09-07 21:26:29.780] [WiVRn] [info] Using format R8G8B8A8Srgb
09-07 21:26:29.783  9898  2162 I WiVRn   : [2026-09-07 21:26:29.783] [WiVRn] [info] WifiLock low latency acquired
09-07 21:26:29.784  9898  2162 I WiVRn   : [2026-09-07 21:26:29.784] [WiVRn] [info] Session state changed at timestamp 0: XR_SESSION_STATE_READY => XR_SESSION_STATE_SYNCHRONIZED
09-07 21:26:29.784  9898  2162 I WiVRn   : [2026-09-07 21:26:29.784] [WiVRn] [info] Session state changed at timestamp 0: XR_SESSION_STATE_SYNCHRONIZED => XR_SESSION_STATE_VISIBLE
09-07 21:26:29.784  9898  2162 I WiVRn   : [2026-09-07 21:26:29.784] [WiVRn] [info] Session state changed at timestamp 0: XR_SESSION_STATE_VISIBLE => XR_SESSION_STATE_FOCUSED
09-07 21:26:29.784  9898  2162 I WiVRn   : [2026-09-07 21:26:29.784] [WiVRn] [info] Received event type Unknown
09-07 21:26:29.823  9898  2465 I WiVRn   : [2026-09-07 21:26:29.823] [WiVRn] [info] setup, refresh rate 90
09-07 21:26:29.823  9898  2465 I WiVRn   : [2026-09-07 21:26:29.823] [WiVRn] [info] set refresh rate to 90Hz
09-07 21:26:29.824  9898  2465 I WiVRn   : [2026-09-07 21:26:29.824] [WiVRn] [info] Creating decoders, size 1088x1088
09-07 21:26:29.824  9898  2465 I WiVRn   : [2026-09-07 21:26:29.824] [WiVRn] [info] edge bleed: server overscan 5.0%, client ring 0.0% (fade)
09-07 21:26:29.824  9898  2465 I WiVRn   : [2026-09-07 21:26:29.824] [WiVRn] [info]   stream 0: role 0, 1088x1088
09-07 21:26:29.824  9898  2465 I WiVRn   : [2026-09-07 21:26:29.824] [WiVRn] [info] nxwarp: decoupled display on
09-07 21:26:29.824  9898  2465 I WiVRn   : [2026-09-07 21:26:29.824] [WiVRn] [info] nxwarp: ycbcr chroma filter linear
09-07 21:26:29.824  9898  2465 I WiVRn   : [2026-09-07 21:26:29.824] [WiVRn] [info] nxwarp[0]: decoupled display -- frames are published complete and the reprojection pass waits on nothing
09-07 21:26:29.824  9898  2465 I WiVRn   : [2026-09-07 21:26:29.824] [WiVRn] [info]   stream 2: role 1, 1088x544
09-07 21:26:29.824  9898  2465 I WiVRn   : [2026-09-07 21:26:29.824] [WiVRn] [info] nxwarp: decoupled display on
09-07 21:26:29.824  9898  2465 I WiVRn   : [2026-09-07 21:26:29.824] [WiVRn] [info] nxwarp: ycbcr chroma filter linear
09-07 21:26:29.824  9898  2465 I WiVRn   : [2026-09-07 21:26:29.824] [WiVRn] [info] nxwarp[2]: decoupled display -- frames are published complete and the reprojection pass waits on nothing
09-07 21:26:29.824  9898  2473 I WiVRn   : [2026-09-07 21:26:29.824] [WiVRn] [info] Adding hand_interaction poses to device list
09-07 21:26:29.824  9898  2473 I WiVRn   : [2026-09-07 21:26:29.824] [WiVRn] [info] interaction profile for /user/hand/left: /interaction_profiles/ext/hand_interaction_ext
09-07 21:26:29.824  9898  2473 I WiVRn   : [2026-09-07 21:26:29.824] [WiVRn] [info] interaction profile for /user/hand/right: /interaction_profiles/ext/hand_interaction_ext
09-07 21:26:29.824  9898  2473 I WiVRn   : [2026-09-07 21:26:29.824] [WiVRn] [info] interaction profile for /user/gamepad: XR_NULL_PATH
09-07 21:26:29.824  9898  2473 W WiVRn   : [2026-09-07 21:26:29.824] [WiVRn] [warning] unknown interaction profile XR_NULL_PATH
09-07 21:26:29.826  9898  2473 I WiVRn   : [2026-09-07 21:26:29.826] [WiVRn] [info] Tracking pattern (5000µs):
09-07 21:26:29.826  9898  2473 I WiVRn   : [2026-09-07 21:26:29.826] [WiVRn] [info] 	t+5000µs HEAD (0µs)
09-07 21:26:29.834  9898  2465 I WiVRn   : [2026-09-07 21:26:29.834] [WiVRn] [info] Speaker stream started
09-07 21:26:29.834  9898  2465 I WiVRn   : [2026-09-07 21:26:29.834] [WiVRn] [info] setup, refresh rate 90
09-07 21:26:29.834  9898  2465 I WiVRn   : [2026-09-07 21:26:29.834] [WiVRn] [info] set refresh rate to 90Hz
09-07 21:26:32.907  9898  2465 I WiVRn   : [2026-09-07 21:26:32.907] [WiVRn] [info] nxwarp[0]: real R8 atlas display with per-frame GPU snapshots
09-07 21:26:32.907  9898  2465 I WiVRn   : [2026-09-07 21:26:32.907] [WiVRn] [info] nxwarp[0]: 1088x1088 per eye, 2 eyes, on Adreno (TM) 650, 34 x 17 tiles, 1166 bytes per tile
09-07 21:26:32.908  9898  2465 I WiVRn   : [2026-09-07 21:26:32.908] [WiVRn] [info] nxwarp[0] net: 1 frames closed in 3.1 s, 0 with a hole, 0 out-of-order datagrams, 0 frames completed late, 0 queued for the worker, 0 decoded so far, 0 stragglers dropped; last hole 0/0 chunks, first missing -1, short false, chunk 1166 B
09-07 21:26:32.908  9898  2465 I WiVRn   : [2026-09-07 21:26:32.908] [WiVRn] [info] nxwarp[0] net: 0.018 ms per datagram over 18 datagrams (0.11 ms of every second)
09-07 21:26:32.908  9898  2465 I WiVRn   : [2026-09-07 21:26:32.908] [WiVRn] [info] nxwarp[0] sel: stride 1, arrival 0.0 ms, dropped-late 0, withheld 0, decoded 0
09-07 21:26:32.908  9898  2465 I WiVRn   : [2026-09-07 21:26:32.908] [WiVRn] [info] nxwarp[0] rx: 19 datagrams, placed 578 (+578), late 0 (+0), stale_frame 0, bad_range 0, bad_dir 0, bad_caps 0, bad_ver 0, auth_fail 0, replay 0, frozen 0, dup 0
09-07 21:26:32.911  9898  2473 I WiVRn   : [2026-09-07 21:26:32.911] [WiVRn] [info] Tracking pattern (5000µs):
09-07 21:26:32.911  9898  2473 I WiVRn   : [2026-09-07 21:26:32.911] [WiVRn] [info] 	t+1000µs HEAD (9000µs)
09-07 21:26:32.911  9898  2473 I WiVRn   : [2026-09-07 21:26:32.911] [WiVRn] [info] 	t+1223µs LEFT_GRIP (8776µs)
09-07 21:26:32.911  9898  2473 I WiVRn   : [2026-09-07 21:26:32.911] [WiVRn] [info] 	t+1256µs RIGHT_GRIP (8743µs)
09-07 21:26:32.911  9898  2473 I WiVRn   : [2026-09-07 21:26:32.911] [WiVRn] [info] 	t+2000µs HEAD (3000µs)
09-07 21:26:32.911  9898  2473 I WiVRn   : [2026-09-07 21:26:32.911] [WiVRn] [info] 	t+2223µs LEFT_GRIP (2776µs)
09-07 21:26:32.911  9898  2473 I WiVRn   : [2026-09-07 21:26:32.911] [WiVRn] [info] 	t+2256µs RIGHT_GRIP (2743µs)
09-07 21:26:32.911  9898  2473 I WiVRn   : [2026-09-07 21:26:32.911] [WiVRn] [info] 	t+4000µs HEAD (6000µs)
09-07 21:26:32.911  9898  2473 I WiVRn   : [2026-09-07 21:26:32.911] [WiVRn] [info] 	t+4223µs LEFT_GRIP (5776µs)
09-07 21:26:32.911  9898  2473 I WiVRn   : [2026-09-07 21:26:32.911] [WiVRn] [info] 	t+4256µs RIGHT_GRIP (5743µs)
09-07 21:26:32.911  9898  2473 I WiVRn   : [2026-09-07 21:26:32.911] [WiVRn] [info] 	t+5000µs HEAD (0µs)
09-07 21:26:33.245  9898  2182 I WiVRn   : [2026-09-07 21:26:33.245] [WiVRn] [info] Sending query for _wivrn._tcp.local., type PTR
09-07 21:26:33.818  9898  2471 I WiVRn   : [2026-09-07 21:26:33.818] [WiVRn] [info] Stream scene ready at t=79027187770425
09-07 21:26:33.818  9898  2471 I WiVRn   : [2026-09-07 21:26:33.818] [WiVRn] [info] nxwarp[0]: 1 frames in 4.0 s: 9118 B/frame, wait-prev 0.0 ms, wall 910.8 ms, nxvc passA 1.8 passB 13.6 gpu 15.4 ms; holes 0, refused 0
09-07 21:26:33.818  9898  2471 I WiVRn   : [2026-09-07 21:26:33.818] [WiVRn] [info] nxwarp[0] gpu duty 4 ms/s (0% of one GPU) for decode alone; the display pass is extra
09-07 21:26:33.818  9898  2471 I WiVRn   : [2026-09-07 21:26:33.818] [WiVRn] [info] nxwarp[0] passB 13.6 ms = warp 0.0 + skip 0.0 + coded 0.0 + dir 0.0 + other 13.6; tiles skip 0 / coded 578 / dir 0 (eye pass 0)
09-07 21:26:33.818  9898  2471 I WiVRn   : [2026-09-07 21:26:33.818] [WiVRn] [info] nxwarp[0]: 78 frames dropped late (queue kept to 1)
09-07 21:26:33.818  9898  2471 I WiVRn   : [2026-09-07 21:26:33.818] [WiVRn] [info] nxwarp[0] stage: gap 0.0 | wait-prev 0.0 | submit 894.6 (qlock 0.0 + codec 894.6) | get_free 0.0 | fence-pre 0.0 | record 0.2 | qsubmit 0.0 | fence-post 15.9 | publish 0.1 ms; withheld 0, stride 1, arrival 17.0 ms
09-07 21:26:33.818  9898  2471 I WiVRn   : [2026-09-07 21:26:33.818] [WiVRn] [info] nxwarp[0] reassembly (network thread): 0.04 ms/frame over 80 frames, buffer 53 kB held for 53 kB of unit (1.0x)
09-07 21:26:33.818  9898  2471 I WiVRn   : [2026-09-07 21:26:33.818] [WiVRn] [info] nxwarp[0] fence-post 15.9 ms = nxvc gpu 15.4 + copy gpu 0.51 + queue -0.1 (over 1 frames with timestamps)
09-07 21:26:33.818  9898  2471 I WiVRn   : [2026-09-07 21:26:33.818] [WiVRn] [info] nxwarp[0] atlas: frames 1, atlas 1, picture 0, avg dispatches 6.0, avg assembled 0.0, avg valid 578.0
09-07 21:26:33.821  9898  2162 I WiVRn   : [2026-09-07 21:26:33.821] [WiVRn] [info] MulticastLock released
09-07 21:26:33.831  9898  2473 I WiVRn   : [2026-09-07 21:26:33.831] [WiVRn] [info] Tracking pattern (5000µs):
09-07 21:26:33.831  9898  2473 I WiVRn   : [2026-09-07 21:26:33.831] [WiVRn] [info] 	t+49µs HEAD (14950µs)
09-07 21:26:33.831  9898  2473 I WiVRn   : [2026-09-07 21:26:33.831] [WiVRn] [info] 	t+118µs LEFT_GRIP (14881µs)
09-07 21:26:33.831  9898  2473 I WiVRn   : [2026-09-07 21:26:33.831] [WiVRn] [info] 	t+137µs RIGHT_GRIP (14862µs)
09-07 21:26:33.831  9898  2473 I WiVRn   : [2026-09-07 21:26:33.831] [WiVRn] [info] 	t+1049µs HEAD (8950µs)
09-07 21:26:33.831  9898  2473 I WiVRn   : [2026-09-07 21:26:33.831] [WiVRn] [info] 	t+1118µs LEFT_GRIP (8881µs)
09-07 21:26:33.831  9898  2473 I WiVRn   : [2026-09-07 21:26:33.831] [WiVRn] [info] 	t+1137µs RIGHT_GRIP (8862µs)
09-07 21:26:33.831  9898  2473 I WiVRn   : [2026-09-07 21:26:33.831] [WiVRn] [info] 	t+2049µs HEAD (17950µs)
09-07 21:26:33.831  9898  2473 I WiVRn   : [2026-09-07 21:26:33.831] [WiVRn] [info] 	t+2118µs LEFT_GRIP (17881µs)
09-07 21:26:33.831  9898  2473 I WiVRn   : [2026-09-07 21:26:33.831] [WiVRn] [info] 	t+2137µs RIGHT_GRIP (17862µs)
09-07 21:26:33.831  9898  2473 I WiVRn   : [2026-09-07 21:26:33.831] [WiVRn] [info] 	t+3049µs HEAD (11950µs)
09-07 21:26:33.831  9898  2473 I WiVRn   : [2026-09-07 21:26:33.831] [WiVRn] [info] 	t+3118µs LEFT_GRIP (11881µs)
09-07 21:26:33.831  9898  2473 I WiVRn   : [2026-09-07 21:26:33.831] [WiVRn] [info] 	t+3137µs RIGHT_GRIP (11862µs)
09-07 21:26:33.831  9898  2473 I WiVRn   : [2026-09-07 21:26:33.831] [WiVRn] [info] 	t+4049µs HEAD (5950µs)
09-07 21:26:33.831  9898  2473 I WiVRn   : [2026-09-07 21:26:33.831] [WiVRn] [info] 	t+4118µs LEFT_GRIP (5881µs)
09-07 21:26:33.831  9898  2473 I WiVRn   : [2026-09-07 21:26:33.831] [WiVRn] [info] 	t+4137µs RIGHT_GRIP (5862µs)
09-07 21:26:33.873  9898  2162 I WiVRn   : [2026-09-07 21:26:33.873] [WiVRn] [info] Loaded input profile pico-4
09-07 21:26:33.873  9898  2162 I WiVRn   : [2026-09-07 21:26:33.873] [WiVRn] [info] Initializing offset of space aim_left to (-5, 0, 20) mm, (0, -0, 0)°
09-07 21:26:33.873  9898  2162 I WiVRn   : [2026-09-07 21:26:33.873] [WiVRn] [info] Initializing offset of space aim_right to (5, 0, 20) mm, (0, -0, 0)°
09-07 21:26:33.873  9898  2162 I WiVRn   : [2026-09-07 21:26:33.873] [WiVRn] [info] Initializing offset of space grip_left to (0, -20, -50) mm, (-30.000002, -0, 0)°
09-07 21:26:33.873  9898  2162 I WiVRn   : [2026-09-07 21:26:33.873] [WiVRn] [info] Initializing offset of space grip_right to (0, -20, -50) mm, (-30.000002, -0, 0)°
09-07 21:26:33.902  9898  2162 I WiVRn   : [2026-09-07 21:26:33.902] [WiVRn] [info] Font for de /system/fonts/PICOSans.ttf
09-07 21:26:33.902  9898  2162 I WiVRn   : [2026-09-07 21:26:33.902] [WiVRn] [info] Font for es /system/fonts/PICOSans.ttf
09-07 21:26:33.902  9898  2162 I WiVRn   : [2026-09-07 21:26:33.902] [WiVRn] [info] Font for fr /system/fonts/PICOSans.ttf
09-07 21:26:33.902  9898  2162 I WiVRn   : [2026-09-07 21:26:33.902] [WiVRn] [info] Font for fr /system/fonts/Roboto-Regular.ttf
09-07 21:26:33.902  9898  2162 I WiVRn   : [2026-09-07 21:26:33.902] [WiVRn] [info] Font for it /system/fonts/PICOSans.ttf
09-07 21:26:33.903  9898  2162 I WiVRn   : [2026-09-07 21:26:33.903] [WiVRn] [info] Font for ja /system/fonts/PICOSans.ttf
09-07 21:26:33.903  9898  2162 I WiVRn   : [2026-09-07 21:26:33.903] [WiVRn] [info] Font for ja /system/fonts/PICOSansVFJP.ttf
09-07 21:26:33.903  9898  2162 I WiVRn   : [2026-09-07 21:26:33.903] [WiVRn] [info] Font for ka /system/fonts/PICOSans.ttf
09-07 21:26:33.903  9898  2162 I WiVRn   : [2026-09-07 21:26:33.903] [WiVRn] [info] Font for ka /system/fonts/NotoSansGeorgian-Regular.otf
09-07 21:26:33.903  9898  2162 I WiVRn   : [2026-09-07 21:26:33.903] [WiVRn] [info] Font for ka /system/fonts/PICOSans.ttf
09-07 21:26:33.903  9898  2162 I WiVRn   : [2026-09-07 21:26:33.903] [WiVRn] [info] Font for pl /system/fonts/PICOSans.ttf
09-07 21:26:33.903  9898  2162 I WiVRn   : [2026-09-07 21:26:33.903] [WiVRn] [info] Font for pl /system/fonts/Roboto-Regular.ttf
09-07 21:26:33.903  9898  2162 I WiVRn   : [2026-09-07 21:26:33.903] [WiVRn] [info] Font for pl /system/fonts/PICOSans.ttf
09-07 21:26:33.903  9898  2162 I WiVRn   : [2026-09-07 21:26:33.903] [WiVRn] [info] Font for pl /system/fonts/PICOSansSC-Regular.ttf
09-07 21:26:33.903  9898  2162 I WiVRn   : [2026-09-07 21:26:33.903] [WiVRn] [info] Font for pl /system/fonts/Roboto-Regular.ttf
09-07 21:26:33.903  9898  2162 I WiVRn   : [2026-09-07 21:26:33.903] [WiVRn] [info] Font for pl /system/fonts/PICOSans.ttf
09-07 21:26:33.903  9898  2162 I WiVRn   : [2026-09-07 21:26:33.903] [WiVRn] [info] Font for pt_BR /system/fonts/PICOSans.ttf
09-07 21:26:33.903  9898  2162 I WiVRn   : [2026-09-07 21:26:33.903] [WiVRn] [info] Font for ru /system/fonts/PICOSans.ttf
09-07 21:26:33.903  9898  2162 I WiVRn   : [2026-09-07 21:26:33.903] [WiVRn] [info] Font for ru /system/fonts/PICOSansSC-Regular.ttf
09-07 21:26:33.903  9898  2162 I WiVRn   : [2026-09-07 21:26:33.903] [WiVRn] [info] Font for ru /system/fonts/PICOSans.ttf
09-07 21:26:33.903  9898  2162 I WiVRn   : [2026-09-07 21:26:33.903] [WiVRn] [info] Font for sk /system/fonts/PICOSans.ttf
09-07 21:26:33.903  9898  2162 I WiVRn   : [2026-09-07 21:26:33.903] [WiVRn] [info] Font for sk /system/fonts/Roboto-Regular.ttf
09-07 21:26:33.903  9898  2162 I WiVRn   : [2026-09-07 21:26:33.903] [WiVRn] [info] Font for sk /system/fonts/PICOSansSC-Regular.ttf
09-07 21:26:33.903  9898  2162 I WiVRn   : [2026-09-07 21:26:33.903] [WiVRn] [info] Font for sk /system/fonts/PICOSans.ttf
09-07 21:26:33.903  9898  2162 I WiVRn   : [2026-09-07 21:26:33.903] [WiVRn] [info] Font for sk /system/fonts/Roboto-Regular.ttf
09-07 21:26:33.903  9898  2162 I WiVRn   : [2026-09-07 21:26:33.903] [WiVRn] [info] Font for sk /system/fonts/PICOSans.ttf
09-07 21:26:33.903  9898  2162 I WiVRn   : [2026-09-07 21:26:33.903] [WiVRn] [info] Font for tr /system/fonts/PICOSans.ttf
09-07 21:26:33.903  9898  2162 I WiVRn   : [2026-09-07 21:26:33.903] [WiVRn] [info] Font for tr /system/fonts/Roboto-Regular.ttf
09-07 21:26:33.903  9898  2162 I WiVRn   : [2026-09-07 21:26:33.903] [WiVRn] [info] Font for tr /system/fonts/PICOSans.ttf
09-07 21:26:33.903  9898  2162 I WiVRn   : [2026-09-07 21:26:33.903] [WiVRn] [info] Font for tr /system/fonts/Roboto-Regular.ttf
09-07 21:26:33.903  9898  2162 I WiVRn   : [2026-09-07 21:26:33.903] [WiVRn] [info] Font for tr /system/fonts/PICOSans.ttf
09-07 21:26:33.903  9898  2162 I WiVRn   : [2026-09-07 21:26:33.903] [WiVRn] [info] Font for zh_CN /system/fonts/PICOSans.ttf
09-07 21:26:33.903  9898  2162 I WiVRn   : [2026-09-07 21:26:33.903] [WiVRn] [info] Font for zh_CN /system/fonts/PICOSansSC-Regular.ttf
09-07 21:26:33.903  9898  2162 I WiVRn   : [2026-09-07 21:26:33.903] [WiVRn] [info] Font for zh_TW /system/fonts/PICOSans.ttf
09-07 21:26:33.903  9898  2162 I WiVRn   : [2026-09-07 21:26:33.903] [WiVRn] [info] Font for zh_TW /system/fonts/PICOSansSC-Regular.ttf
09-07 21:26:33.907  9898  2162 I WiVRn   : [2026-09-07 21:26:33.907] [WiVRn] [info] Using font /system/fonts/PICOSans.ttf
09-07 21:26:33.908  9898  2162 I WiVRn   : [2026-09-07 21:26:33.908] [WiVRn] [info] Using font /system/fonts/Roboto-Regular.ttf
09-07 21:26:33.908  9898  2162 I WiVRn   : [2026-09-07 21:26:33.908] [WiVRn] [info] Using font /system/fonts/PICOSansVFJP.ttf
09-07 21:26:33.926  9898  2162 I WiVRn   : [2026-09-07 21:26:33.926] [WiVRn] [info] Using font /system/fonts/NotoSansGeorgian-Regular.otf
09-07 21:26:33.926  9898  2162 I WiVRn   : [2026-09-07 21:26:33.926] [WiVRn] [info] Using font /system/fonts/PICOSansSC-Regular.ttf
09-07 21:26:33.937  9898  2162 I WiVRn   : [2026-09-07 21:26:33.937] [WiVRn] [info] Performance level: CPU domain asked for sustained_high
09-07 21:26:33.937  9898  2162 I WiVRn   : [2026-09-07 21:26:33.937] [WiVRn] [info] nxwarp: GPU performance level setting 2
09-07 21:26:33.937  9898  2162 I WiVRn   : [2026-09-07 21:26:33.937] [WiVRn] [info] Performance level: GPU domain asked for boost
09-07 21:26:33.937  9898  2162 I WiVRn   : [2026-09-07 21:26:33.937] [WiVRn] [info] swapchain setup, refresh rate 90
09-07 21:26:33.937  9898  2162 I WiVRn   : [2026-09-07 21:26:33.937] [WiVRn] [info] set refresh rate to 90Hz
09-07 21:26:33.941  9898  2162 I WiVRn   : [2026-09-07 21:26:33.941] [WiVRn] [info] Created stream swapchain: 1088x1088
09-07 21:26:33.941  9898  2162 I WiVRn   : [2026-09-07 21:26:33.941] [WiVRn] [info] Initializing reprojector
09-07 21:26:33.966  9898  2162 I WiVRn   : [2026-09-07 21:26:33.966] [WiVRn] [info] geometry[eye 0]: view_info fov L-53.34 R53.34 U53.34 D-53.34 | layer fov L-53.34 R53.34 U53.34 D-53.34 deg | layer rect 1088x1088 | defoveated 1088x1088 | scale 0.50
09-07 21:26:33.966  9898  2162 I WiVRn   : [2026-09-07 21:26:33.966] [WiVRn] [info] geometry[eye 1]: view_info fov L-53.34 R53.34 U53.34 D-53.34 | layer fov L-53.34 R53.34 U53.34 D-53.34 deg | layer rect 1088x1088 | defoveated 1088x1088 | scale 0.50
09-07 21:26:33.971  9898  2162 I WiVRn   : [2026-09-07 21:26:33.971] [WiVRn] [info] render: 1 iterations in 16.3 s (0.1/s), 1 submitted a layer, 1 new-source, 0 skipped by the repeat gate, 0 with nothing to show; display period 11.1 ms
09-07 21:26:33.971  9898  2162 I WiVRn   : [2026-09-07 21:26:33.971] [WiVRn] [info] render: selected source transitions forward 0 backward 0 repeat 0, greatest forward gap 0
09-07 21:26:33.971  9898  2162 I WiVRn   : [2026-09-07 21:26:33.971] [WiVRn] [info] render: this app's own GPU pass 0.0 ms per iteration
09-07 21:26:33.971  9898  2162 I WiVRn   : [2026-09-07 21:26:33.971] [WiVRn] [info] render: defoveate 1088x1088 per eye x2 = 2.37 Mpx/frame at scale 0.50 atlas-prototype 0; 0 re-presented from the cache (reduce_gpu_load on)
09-07 21:26:33.971  9898  2162 I WiVRn   : [2026-09-07 21:26:33.971] [WiVRn] [info] render: shader path sharpness 0.00 fsr false alpha false motion false blend false glow 0.28 vignette 0.00 deband 1.00 lowpoly 0.00 levels 0 full-kernel false
09-07 21:26:33.971  9898  2162 I WiVRn   : [2026-09-07 21:26:33.971] [WiVRn] [info] render: per iteration fence 0.0 (worst 0.0) | queries 0.0 | submit 0.0 | whole render() 33.8 ms
09-07 21:26:33.971  9898  2162 I WiVRn   : [2026-09-07 21:26:33.971] [WiVRn] [info] render: jit on | wake slack 34.0 ms | slept 0.0 ms mean (max 0.0, 0 of 1 iterations) | budget 1.0 = pass 0.0 + margin 1.0 | sleep cap 45.0 ms
09-07 21:26:33.971  9898  2162 I WiVRn   : [2026-09-07 21:26:33.971] [WiVRn] [info] render: displayed pose age 120.3 ms mean (worst 120.3) over 1 frames | submit lead 0.0 ms mean (worst 0.0) | misses: 0 overrun 0 late 0 skipped refresh
09-07 21:26:33.971  9898  2162 I WiVRn   : [2026-09-07 21:26:33.971] [WiVRn] [info] Received event type XR_TYPE_EVENT_DATA_INTERACTION_PROFILE_CHANGED
09-07 21:26:33.971  9898  2162 I WiVRn   : [2026-09-07 21:26:33.971] [WiVRn] [info] interaction profile for /user/hand/left: /interaction_profiles/ext/hand_interaction_ext
09-07 21:26:33.971  9898  2162 I WiVRn   : [2026-09-07 21:26:33.971] [WiVRn] [info] interaction profile for /user/hand/right: /interaction_profiles/ext/hand_interaction_ext
09-07 21:26:33.971  9898  2162 I WiVRn   : [2026-09-07 21:26:33.971] [WiVRn] [info] interaction profile for /user/gamepad: XR_NULL_PATH
09-07 21:26:33.971  9898  2162 W WiVRn   : [2026-09-07 21:26:33.971] [WiVRn] [warning] unknown interaction profile XR_NULL_PATH
09-07 21:26:33.971  9898  2162 I WiVRn   : [2026-09-07 21:26:33.971] [WiVRn] [info] Received event type XR_TYPE_EVENT_DATA_INTERACTION_PROFILE_CHANGED
09-07 21:26:33.971  9898  2162 I WiVRn   : [2026-09-07 21:26:33.971] [WiVRn] [info] interaction profile for /user/hand/left: /interaction_profiles/ext/hand_interaction_ext
09-07 21:26:33.971  9898  2162 I WiVRn   : [2026-09-07 21:26:33.971] [WiVRn] [info] interaction profile for /user/hand/right: /interaction_profiles/ext/hand_interaction_ext
09-07 21:26:33.971  9898  2162 I WiVRn   : [2026-09-07 21:26:33.971] [WiVRn] [info] interaction profile for /user/gamepad: XR_NULL_PATH
09-07 21:26:33.971  9898  2162 W WiVRn   : [2026-09-07 21:26:33.971] [WiVRn] [warning] unknown interaction profile XR_NULL_PATH
09-07 21:26:33.971  9898  2162 I WiVRn   : [2026-09-07 21:26:33.971] [WiVRn] [info] Received event type XR_TYPE_EVENT_DATA_INTERACTION_PROFILE_CHANGED
09-07 21:26:33.971  9898  2162 I WiVRn   : [2026-09-07 21:26:33.971] [WiVRn] [info] interaction profile for /user/hand/left: /interaction_profiles/ext/hand_interaction_ext
09-07 21:26:33.971  9898  2162 I WiVRn   : [2026-09-07 21:26:33.971] [WiVRn] [info] interaction profile for /user/hand/right: /interaction_profiles/ext/hand_interaction_ext
09-07 21:26:33.971  9898  2162 I WiVRn   : [2026-09-07 21:26:33.971] [WiVRn] [info] interaction profile for /user/gamepad: XR_NULL_PATH
09-07 21:26:33.971  9898  2162 W WiVRn   : [2026-09-07 21:26:33.971] [WiVRn] [warning] unknown interaction profile XR_NULL_PATH
09-07 21:26:33.979  9898  2162 I WiVRn   : [2026-09-07 21:26:33.979] [WiVRn] [info] Received event type Unknown
09-07 21:26:34.827  9898  2473 I WiVRn   : [2026-09-07 21:26:34.827] [WiVRn] [info] Tracking pattern (11110µs):
09-07 21:26:34.827  9898  2473 I WiVRn   : [2026-09-07 21:26:34.827] [WiVRn] [info] 	t+1899µs HEAD (20322µs)
09-07 21:26:34.827  9898  2473 I WiVRn   : [2026-09-07 21:26:34.827] [WiVRn] [info] 	t+1936µs LEFT_GRIP (20285µs)
09-07 21:26:34.827  9898  2473 I WiVRn   : [2026-09-07 21:26:34.827] [WiVRn] [info] 	t+1945µs RIGHT_GRIP (20275µs)
09-07 21:26:34.827  9898  2473 I WiVRn   : [2026-09-07 21:26:34.827] [WiVRn] [info] 	t+2788µs HEAD (8322µs)
09-07 21:26:34.827  9898  2473 I WiVRn   : [2026-09-07 21:26:34.827] [WiVRn] [info] 	t+2825µs LEFT_GRIP (8285µs)
09-07 21:26:34.827  9898  2473 I WiVRn   : [2026-09-07 21:26:34.827] [WiVRn] [info] 	t+2834µs RIGHT_GRIP (8275µs)
09-07 21:26:34.827  9898  2473 I WiVRn   : [2026-09-07 21:26:34.827] [WiVRn] [info] 	t+4899µs HEAD (17322µs)
09-07 21:26:34.827  9898  2473 I WiVRn   : [2026-09-07 21:26:34.827] [WiVRn] [info] 	t+4936µs LEFT_GRIP (17285µs)
09-07 21:26:34.827  9898  2473 I WiVRn   : [2026-09-07 21:26:34.827] [WiVRn] [info] 	t+4945µs RIGHT_GRIP (17275µs)
09-07 21:26:34.827  9898  2473 I WiVRn   : [2026-09-07 21:26:34.827] [WiVRn] [info] 	t+7899µs HEAD (14322µs)
09-07 21:26:34.827  9898  2473 I WiVRn   : [2026-09-07 21:26:34.827] [WiVRn] [info] 	t+7936µs LEFT_GRIP (14285µs)
09-07 21:26:34.827  9898  2473 I WiVRn   : [2026-09-07 21:26:34.827] [WiVRn] [info] 	t+7945µs RIGHT_GRIP (14275µs)
09-07 21:26:34.827  9898  2473 I WiVRn   : [2026-09-07 21:26:34.827] [WiVRn] [info] 	t+10899µs HEAD (11322µs)
09-07 21:26:34.827  9898  2473 I WiVRn   : [2026-09-07 21:26:34.827] [WiVRn] [info] 	t+10936µs LEFT_GRIP (11285µs)
09-07 21:26:34.827  9898  2473 I WiVRn   : [2026-09-07 21:26:34.827] [WiVRn] [info] 	t+10945µs RIGHT_GRIP (11275µs)
09-07 21:26:34.921  9898  2465 I WiVRn   : [2026-09-07 21:26:34.921] [WiVRn] [info] nxwarp[0] net: 157 frames closed in 2.0 s, 0 with a hole, 0 out-of-order datagrams, 0 frames completed late, 0 queued for the worker, 69 decoded so far, 157 stragglers dropped; last hole 0/0 chunks, first missing -1, short false, chunk 1166 B
09-07 21:26:34.921  9898  2465 I WiVRn   : [2026-09-07 21:26:34.921] [WiVRn] [info] nxwarp[0] net: 0.035 ms per datagram over 6241 datagrams (109.13 ms of every second)
09-07 21:26:34.921  9898  2465 I WiVRn   : [2026-09-07 21:26:34.921] [WiVRn] [info] nxwarp[0] sel: stride 1, arrival 14.9 ms, dropped-late 88, withheld 3, decoded 69
09-07 21:26:34.921  9898  2465 I WiVRn   : [2026-09-07 21:26:34.921] [WiVRn] [info] nxwarp[0] rx: 6260 datagrams, placed 49097 (+48519), late 15 (+15), stale_frame 0, bad_range 0, bad_dir 0, bad_caps 0, bad_ver 0, auth_fail 0, replay 0, frozen 0, dup 0
09-07 21:26:35.824  9898  2471 I WiVRn   : [2026-09-07 21:26:35.824] [WiVRn] [info] nxwarp[0]: 135 frames in 2.0 s: 2425 B/frame, wait-prev 0.0 ms, wall 2.8 ms, nxvc passA 0.5 passB 0.6 gpu 1.1 ms; holes 0, refused 0
09-07 21:26:35.824  9898  2471 I WiVRn   : [2026-09-07 21:26:35.824] [WiVRn] [info] nxwarp[0] gpu duty 72 ms/s (7% of one GPU) for decode alone; the display pass is extra
09-07 21:26:35.824  9898  2471 I WiVRn   : [2026-09-07 21:26:35.824] [WiVRn] [info] nxwarp[0] passB 0.6 ms = warp 0.0 + skip 0.0 + coded 0.2 + dir 0.0 + other 0.4; tiles skip 0 / coded 18 / dir 0 (eye pass 0)
09-07 21:26:35.824  9898  2471 I WiVRn   : [2026-09-07 21:26:35.824] [WiVRn] [info] nxwarp[0]: 88 frames dropped late (queue kept to 1)
09-07 21:26:35.824  9898  2471 I WiVRn   : [2026-09-07 21:26:35.824] [WiVRn] [info] nxwarp[0] stage: gap 12.0 | wait-prev 0.0 | submit 1.1 (qlock 0.0 + codec 1.1) | get_free 0.0 | fence-pre 0.0 | record 0.0 | qsubmit 0.0 | fence-post 1.6 | publish 0.0 ms; withheld 3, stride 1, arrival 13.2 ms
09-07 21:26:35.824  9898  2471 I WiVRn   : [2026-09-07 21:26:35.824] [WiVRn] [info] nxwarp[0] reassembly (network thread): 0.01 ms/frame over 144 frames, buffer 3 kB held for 3 kB of unit (1.0x)
09-07 21:26:35.824  9898  2471 I WiVRn   : [2026-09-07 21:26:35.824] [WiVRn] [info] nxwarp[0] fence-post 1.6 ms = nxvc gpu 1.1 + copy gpu 0.33 + queue 0.2 (over 135 frames with timestamps)
09-07 21:26:35.824  9898  2471 I WiVRn   : [2026-09-07 21:26:35.824] [WiVRn] [info] nxwarp[0] atlas: frames 135, atlas 135, picture 0, avg dispatches 7.0, avg assembled 0.0, avg valid 578.0
09-07 21:26:35.827  9898  2473 I WiVRn   : [2026-09-07 21:26:35.827] [WiVRn] [info] Tracking pattern (11111µs):
09-07 21:26:35.827  9898  2473 I WiVRn   : [2026-09-07 21:26:35.827] [WiVRn] [info] 	t+2755µs HEAD (8355µs)
09-07 21:26:35.827  9898  2473 I WiVRn   : [2026-09-07 21:26:35.827] [WiVRn] [info] 	t+2775µs LEFT_GRIP (8335µs)
09-07 21:26:35.827  9898  2473 I WiVRn   : [2026-09-07 21:26:35.827] [WiVRn] [info] 	t+2781µs RIGHT_GRIP (8329µs)
09-07 21:26:35.827  9898  2473 I WiVRn   : [2026-09-07 21:26:35.827] [WiVRn] [info] 	t+4866µs HEAD (17355µs)
09-07 21:26:35.827  9898  2473 I WiVRn   : [2026-09-07 21:26:35.827] [WiVRn] [info] 	t+4886µs LEFT_GRIP (17335µs)
09-07 21:26:35.827  9898  2473 I WiVRn   : [2026-09-07 21:26:35.827] [WiVRn] [info] 	t+4892µs RIGHT_GRIP (17329µs)
09-07 21:26:35.827  9898  2473 I WiVRn   : [2026-09-07 21:26:35.827] [WiVRn] [info] 	t+5755µs HEAD (5355µs)
09-07 21:26:35.827  9898  2473 I WiVRn   : [2026-09-07 21:26:35.827] [WiVRn] [info] 	t+5775µs LEFT_GRIP (5335µs)
09-07 21:26:35.827  9898  2473 I WiVRn   : [2026-09-07 21:26:35.827] [WiVRn] [info] 	t+5781µs RIGHT_GRIP (5329µs)
09-07 21:26:35.827  9898  2473 I WiVRn   : [2026-09-07 21:26:35.827] [WiVRn] [info] 	t+7866µs HEAD (14355µs)
09-07 21:26:35.827  9898  2473 I WiVRn   : [2026-09-07 21:26:35.827] [WiVRn] [info] 	t+7886µs LEFT_GRIP (14335µs)
09-07 21:26:35.827  9898  2473 I WiVRn   : [2026-09-07 21:26:35.827] [WiVRn] [info] 	t+7892µs RIGHT_GRIP (14329µs)
09-07 21:26:35.827  9898  2473 I WiVRn   : [2026-09-07 21:26:35.827] [WiVRn] [info] 	t+10866µs HEAD (11355µs)
09-07 21:26:35.827  9898  2473 I WiVRn   : [2026-09-07 21:26:35.827] [WiVRn] [info] 	t+10886µs LEFT_GRIP (11335µs)
09-07 21:26:35.827  9898  2473 I WiVRn   : [2026-09-07 21:26:35.827] [WiVRn] [info] 	t+10892µs RIGHT_GRIP (11329µs)
09-07 21:26:35.943  9898  2162 I WiVRn   : [2026-09-07 21:26:35.943] [WiVRn] [info] render: 170 iterations in 2.0 s (84.8/s), 170 submitted a layer, 116 new-source, 0 skipped by the repeat gate, 0 with nothing to show; display period 11.8 ms
09-07 21:26:35.943  9898  2162 I WiVRn   : [2026-09-07 21:26:35.943] [WiVRn] [info] render: selected source transitions forward 116 backward 0 repeat 54, greatest forward gap 11
09-07 21:26:35.943  9898  2162 I WiVRn   : [2026-09-07 21:26:35.943] [WiVRn] [info] render: this app's own GPU pass 1.8 ms per iteration
09-07 21:26:35.943  9898  2162 I WiVRn   : [2026-09-07 21:26:35.943] [WiVRn] [info] render: defoveate 1088x1088 per eye x2 = 2.37 Mpx/frame at scale 0.50 atlas-prototype 0; 54 re-presented from the cache (reduce_gpu_load on)
09-07 21:26:35.943  9898  2162 I WiVRn   : [2026-09-07 21:26:35.943] [WiVRn] [info] render: shader path sharpness 0.00 fsr false alpha false motion false blend false glow 0.28 vignette 0.00 deband 1.00 lowpoly 0.00 levels 0 full-kernel false
09-07 21:26:35.943  9898  2162 I WiVRn   : [2026-09-07 21:26:35.943] [WiVRn] [info] render: per iteration fence 0.0 (worst 2.2) | queries 0.0 | submit 0.0 | whole render() 0.6 ms
09-07 21:26:35.943  9898  2162 I WiVRn   : [2026-09-07 21:26:35.943] [WiVRn] [info] render: jit on | wake slack 32.0 ms | slept 2.0 ms mean (max 17.1, 80 of 170 iterations) | budget 22.5 = pass 21.5 + margin 1.0 | sleep cap 0.6 ms
09-07 21:26:35.943  9898  2162 I WiVRn   : [2026-09-07 21:26:35.943] [WiVRn] [info] render: displayed pose age 46.2 ms mean (worst 220.4) over 170 frames | submit lead 29.2 ms mean (worst 0.2) | misses: 0 overrun 0 late 4 skipped refresh
09-07 21:26:36.827  9898  2473 I WiVRn   : [2026-09-07 21:26:36.827] [WiVRn] [info] Tracking pattern (11111µs):
09-07 21:26:36.827  9898  2473 I WiVRn   : [2026-09-07 21:26:36.827] [WiVRn] [info] 	t+198µs HEAD (10912µs)
09-07 21:26:36.827  9898  2473 I WiVRn   : [2026-09-07 21:26:36.827] [WiVRn] [info] 	t+224µs LEFT_GRIP (10887µs)
09-07 21:26:36.827  9898  2473 I WiVRn   : [2026-09-07 21:26:36.827] [WiVRn] [info] 	t+231µs RIGHT_GRIP (10880µs)
09-07 21:26:36.827  9898  2473 I WiVRn   : [2026-09-07 21:26:36.827] [WiVRn] [info] 	t+3198µs HEAD (7912µs)
09-07 21:26:36.827  9898  2473 I WiVRn   : [2026-09-07 21:26:36.827] [WiVRn] [info] 	t+3224µs LEFT_GRIP (7887µs)
09-07 21:26:36.827  9898  2473 I WiVRn   : [2026-09-07 21:26:36.827] [WiVRn] [info] 	t+3231µs RIGHT_GRIP (7880µs)
09-07 21:26:36.827  9898  2473 I WiVRn   : [2026-09-07 21:26:36.827] [WiVRn] [info] 	t+5310µs HEAD (16912µs)
09-07 21:26:36.827  9898  2473 I WiVRn   : [2026-09-07 21:26:36.827] [WiVRn] [info] 	t+5336µs LEFT_GRIP (16887µs)
09-07 21:26:36.827  9898  2473 I WiVRn   : [2026-09-07 21:26:36.827] [WiVRn] [info] 	t+5342µs RIGHT_GRIP (16880µs)
09-07 21:26:36.827  9898  2473 I WiVRn   : [2026-09-07 21:26:36.827] [WiVRn] [info] 	t+6198µs HEAD (4912µs)
09-07 21:26:36.827  9898  2473 I WiVRn   : [2026-09-07 21:26:36.827] [WiVRn] [info] 	t+6224µs LEFT_GRIP (4887µs)
09-07 21:26:36.827  9898  2473 I WiVRn   : [2026-09-07 21:26:36.827] [WiVRn] [info] 	t+6231µs RIGHT_GRIP (4880µs)
09-07 21:26:36.827  9898  2473 I WiVRn   : [2026-09-07 21:26:36.827] [WiVRn] [info] 	t+8310µs HEAD (13912µs)
09-07 21:26:36.827  9898  2473 I WiVRn   : [2026-09-07 21:26:36.827] [WiVRn] [info] 	t+8336µs LEFT_GRIP (13887µs)
09-07 21:26:36.827  9898  2473 I WiVRn   : [2026-09-07 21:26:36.827] [WiVRn] [info] 	t+8342µs RIGHT_GRIP (13880µs)
09-07 21:26:36.925  9898  2465 I WiVRn   : [2026-09-07 21:26:36.925] [WiVRn] [info] nxwarp[0] net: 146 frames closed in 2.0 s, 0 with a hole, 0 out-of-order datagrams, 0 frames completed late, 0 queued for the worker, 215 decoded so far, 303 stragglers dropped; last hole 0/0 chunks, first missing -1, short false, chunk 1166 B
09-07 21:26:36.925  9898  2465 I WiVRn   : [2026-09-07 21:26:36.925] [WiVRn] [info] nxwarp[0] net: 0.045 ms per datagram over 889 datagrams (20.08 ms of every second)
09-07 21:26:36.925  9898  2465 I WiVRn   : [2026-09-07 21:26:36.925] [WiVRn] [info] nxwarp[0] sel: stride 1, arrival 11.8 ms, dropped-late 88, withheld 3, decoded 215
09-07 21:26:36.925  9898  2465 I WiVRn   : [2026-09-07 21:26:36.925] [WiVRn] [info] nxwarp[0] rx: 7149 datagrams, placed 49825 (+728), late 15 (+0), stale_frame 0, bad_range 0, bad_dir 0, bad_caps 0, bad_ver 0, auth_fail 0, replay 0, frozen 0, dup 0
09-07 21:26:37.827  9898  2473 I WiVRn   : [2026-09-07 21:26:37.827] [WiVRn] [info] Tracking pattern (11117µs):
09-07 21:26:37.827  9898  2473 I WiVRn   : [2026-09-07 21:26:37.827] [WiVRn] [info] 	t+1969µs HEAD (9147µs)
09-07 21:26:37.827  9898  2473 I WiVRn   : [2026-09-07 21:26:37.827] [WiVRn] [info] 	t+2251µs LEFT_GRIP (8865µs)
09-07 21:26:37.827  9898  2473 I WiVRn   : [2026-09-07 21:26:37.827] [WiVRn] [info] 	t+2276µs RIGHT_GRIP (8840µs)
09-07 21:26:37.827  9898  2473 I WiVRn   : [2026-09-07 21:26:37.827] [WiVRn] [info] 	t+4087µs HEAD (18147µs)
09-07 21:26:37.827  9898  2473 I WiVRn   : [2026-09-07 21:26:37.827] [WiVRn] [info] 	t+4369µs LEFT_GRIP (17865µs)
09-07 21:26:37.827  9898  2473 I WiVRn   : [2026-09-07 21:26:37.827] [WiVRn] [info] 	t+4394µs RIGHT_GRIP (17840µs)
09-07 21:26:37.827  9898  2473 I WiVRn   : [2026-09-07 21:26:37.827] [WiVRn] [info] 	t+4969µs HEAD (6147µs)
09-07 21:26:37.827  9898  2473 I WiVRn   : [2026-09-07 21:26:37.827] [WiVRn] [info] 	t+5251µs LEFT_GRIP (5865µs)
09-07 21:26:37.827  9898  2473 I WiVRn   : [2026-09-07 21:26:37.827] [WiVRn] [info] 	t+5276µs RIGHT_GRIP (5840µs)
09-07 21:26:37.827  9898  2473 I WiVRn   : [2026-09-07 21:26:37.827] [WiVRn] [info] 	t+7087µs HEAD (15147µs)
09-07 21:26:37.827  9898  2473 I WiVRn   : [2026-09-07 21:26:37.827] [WiVRn] [info] 	t+7369µs LEFT_GRIP (14865µs)
09-07 21:26:37.827  9898  2473 I WiVRn   : [2026-09-07 21:26:37.827] [WiVRn] [info] 	t+7394µs RIGHT_GRIP (14840µs)
09-07 21:26:37.827  9898  2473 I WiVRn   : [2026-09-07 21:26:37.827] [WiVRn] [info] 	t+10087µs HEAD (12147µs)
09-07 21:26:37.827  9898  2473 I WiVRn   : [2026-09-07 21:26:37.827] [WiVRn] [info] 	t+10369µs LEFT_GRIP (11865µs)
09-07 21:26:37.827  9898  2473 I WiVRn   : [2026-09-07 21:26:37.827] [WiVRn] [info] 	t+10394µs RIGHT_GRIP (11840µs)
09-07 21:26:37.830  9898  2471 I WiVRn   : [2026-09-07 21:26:37.830] [WiVRn] [info] nxwarp[0]: 149 frames in 2.0 s: 1085 B/frame, wait-prev 0.0 ms, wall 1.3 ms, nxvc passA 0.3 passB 0.1 gpu 0.4 ms; holes 0, refused 0
09-07 21:26:37.830  9898  2471 I WiVRn   : [2026-09-07 21:26:37.830] [WiVRn] [info] nxwarp[0] gpu duty 29 ms/s (3% of one GPU) for decode alone; the display pass is extra
09-07 21:26:37.830  9898  2471 I WiVRn   : [2026-09-07 21:26:37.830] [WiVRn] [info] nxwarp[0] passB 0.1 ms = warp 0.0 + skip 0.0 + coded 0.1 + dir 0.0 + other 0.0; tiles skip 0 / coded 5 / dir 0 (eye pass 0)
09-07 21:26:37.830  9898  2471 I WiVRn   : [2026-09-07 21:26:37.830] [WiVRn] [info] nxwarp[0]: 88 frames dropped late (queue kept to 1)
09-07 21:26:37.830  9898  2471 I WiVRn   : [2026-09-07 21:26:37.830] [WiVRn] [info] nxwarp[0] stage: gap 12.1 | wait-prev 0.0 | submit 0.3 (qlock 0.0 + codec 0.3) | get_free 0.0 | fence-pre 0.0 | record 0.0 | qsubmit 0.0 | fence-post 1.0 | publish 0.0 ms; withheld 0, stride 1, arrival 14.1 ms
09-07 21:26:37.830  9898  2471 I WiVRn   : [2026-09-07 21:26:37.830] [WiVRn] [info] nxwarp[0] reassembly (network thread): 0.00 ms/frame over 149 frames, buffer 1 kB held for 1 kB of unit (1.0x)
09-07 21:26:37.830  9898  2471 I WiVRn   : [2026-09-07 21:26:37.830] [WiVRn] [info] nxwarp[0] fence-post 1.0 ms = nxvc gpu 0.4 + copy gpu 0.32 + queue 0.3 (over 149 frames with timestamps)
09-07 21:26:37.830  9898  2471 I WiVRn   : [2026-09-07 21:26:37.830] [WiVRn] [info] nxwarp[0] atlas: frames 149, atlas 149, picture 0, avg dispatches 7.0, avg assembled 0.0, avg valid 578.0
09-07 21:26:37.944  9898  2162 I WiVRn   : [2026-09-07 21:26:37.944] [WiVRn] [info] render: 180 iterations in 2.0 s (89.9/s), 180 submitted a layer, 117 new-source, 0 skipped by the repeat gate, 0 with nothing to show; display period 11.1 ms
09-07 21:26:37.944  9898  2162 I WiVRn   : [2026-09-07 21:26:37.944] [WiVRn] [info] render: selected source transitions forward 117 backward 0 repeat 63, greatest forward gap 2
09-07 21:26:37.944  9898  2162 I WiVRn   : [2026-09-07 21:26:37.944] [WiVRn] [info] render: this app's own GPU pass 1.9 ms per iteration
09-07 21:26:37.944  9898  2162 I WiVRn   : [2026-09-07 21:26:37.944] [WiVRn] [info] render: defoveate 1088x1088 per eye x2 = 2.37 Mpx/frame at scale 0.50 atlas-prototype 0; 63 re-presented from the cache (reduce_gpu_load on)
09-07 21:26:37.944  9898  2162 I WiVRn   : [2026-09-07 21:26:37.944] [WiVRn] [info] render: shader path sharpness 0.00 fsr false alpha false motion false blend false glow 0.28 vignette 0.00 deband 1.00 lowpoly 0.00 levels 0 full-kernel false
09-07 21:26:37.944  9898  2162 I WiVRn   : [2026-09-07 21:26:37.944] [WiVRn] [info] render: per iteration fence 0.0 (worst 0.0) | queries 0.0 | submit 0.0 | whole render() 0.5 ms
09-07 21:26:37.944  9898  2162 I WiVRn   : [2026-09-07 21:26:37.944] [WiVRn] [info] render: jit on | wake slack 29.1 ms | slept 0.6 ms mean (max 0.6, 180 of 180 iterations) | budget 20.7 = pass 19.7 + margin 1.0 | sleep cap 0.6 ms
09-07 21:26:37.944  9898  2162 I WiVRn   : [2026-09-07 21:26:37.944] [WiVRn] [info] render: displayed pose age 41.5 ms mean (worst 53.8) over 180 frames | submit lead 28.0 ms mean (worst 26.9) | misses: 0 overrun 0 late 0 skipped refresh
09-07 21:26:38.827  9898  2473 I WiVRn   : [2026-09-07 21:26:38.827] [WiVRn] [info] Tracking pattern (11111µs):
09-07 21:26:38.827  9898  2473 I WiVRn   : [2026-09-07 21:26:38.827] [WiVRn] [info] 	t+2142µs HEAD (8968µs)
09-07 21:26:38.827  9898  2473 I WiVRn   : [2026-09-07 21:26:38.827] [WiVRn] [info] 	t+2190µs LEFT_GRIP (8920µs)
09-07 21:26:38.827  9898  2473 I WiVRn   : [2026-09-07 21:26:38.827] [WiVRn] [info] 	t+2211µs RIGHT_GRIP (8899µs)
09-07 21:26:38.827  9898  2473 I WiVRn   : [2026-09-07 21:26:38.827] [WiVRn] [info] 	t+4253µs HEAD (17968µs)
09-07 21:26:38.827  9898  2473 I WiVRn   : [2026-09-07 21:26:38.827] [WiVRn] [info] 	t+4301µs LEFT_GRIP (17920µs)
09-07 21:26:38.827  9898  2473 I WiVRn   : [2026-09-07 21:26:38.827] [WiVRn] [info] 	t+4322µs RIGHT_GRIP (17899µs)
09-07 21:26:38.827  9898  2473 I WiVRn   : [2026-09-07 21:26:38.827] [WiVRn] [info] 	t+5142µs HEAD (5968µs)
09-07 21:26:38.827  9898  2473 I WiVRn   : [2026-09-07 21:26:38.827] [WiVRn] [info] 	t+5190µs LEFT_GRIP (5920µs)
09-07 21:26:38.827  9898  2473 I WiVRn   : [2026-09-07 21:26:38.827] [WiVRn] [info] 	t+5211µs RIGHT_GRIP (5899µs)
09-07 21:26:38.827  9898  2473 I WiVRn   : [2026-09-07 21:26:38.827] [WiVRn] [info] 	t+7253µs HEAD (14968µs)
09-07 21:26:38.827  9898  2473 I WiVRn   : [2026-09-07 21:26:38.827] [WiVRn] [info] 	t+7301µs LEFT_GRIP (14920µs)
09-07 21:26:38.827  9898  2473 I WiVRn   : [2026-09-07 21:26:38.827] [WiVRn] [info] 	t+7322µs RIGHT_GRIP (14899µs)
09-07 21:26:38.827  9898  2473 I WiVRn   : [2026-09-07 21:26:38.827] [WiVRn] [info] 	t+10253µs HEAD (11968µs)
09-07 21:26:38.827  9898  2473 I WiVRn   : [2026-09-07 21:26:38.827] [WiVRn] [info] 	t+10301µs LEFT_GRIP (11920µs)
09-07 21:26:38.827  9898  2473 I WiVRn   : [2026-09-07 21:26:38.827] [WiVRn] [info] 	t+10322µs RIGHT_GRIP (11899µs)
09-07 21:26:38.930  9898  2465 I WiVRn   : [2026-09-07 21:26:38.930] [WiVRn] [info] nxwarp[0] net: 145 frames closed in 2.0 s, 0 with a hole, 0 out-of-order datagrams, 0 frames completed late, 0 queued for the worker, 360 decoded so far, 448 stragglers dropped; last hole 0/0 chunks, first missing -1, short false, chunk 1166 B
09-07 21:26:38.930  9898  2465 I WiVRn   : [2026-09-07 21:26:38.930] [WiVRn] [info] nxwarp[0] net: 0.046 ms per datagram over 903 datagrams (20.58 ms of every second)
09-07 21:26:38.930  9898  2465 I WiVRn   : [2026-09-07 21:26:38.930] [WiVRn] [info] nxwarp[0] sel: stride 1, arrival 13.2 ms, dropped-late 88, withheld 3, decoded 360
09-07 21:26:38.930  9898  2465 I WiVRn   : [2026-09-07 21:26:38.930] [WiVRn] [info] nxwarp[0] rx: 8052 datagrams, placed 50567 (+742), late 15 (+0), stale_frame 0, bad_range 0, bad_dir 0, bad_caps 0, bad_ver 0, auth_fail 0, replay 0, frozen 0, dup 0
09-07 21:26:39.029  9898  2162 I WiVRn   : [2026-09-07 21:26:39.029] [WiVRn] [info] Session state changed at timestamp 0: XR_SESSION_STATE_FOCUSED => XR_SESSION_STATE_VISIBLE
09-07 21:26:39.029  9898  2162 I WiVRn   : [2026-09-07 21:26:39.029] [WiVRn] [info] Session state changed at timestamp 0: XR_SESSION_STATE_VISIBLE => XR_SESSION_STATE_SYNCHRONIZED
09-07 21:26:39.029  9898  2162 I WiVRn   : [2026-09-07 21:26:39.029] [WiVRn] [info] Session state changed at timestamp 0: XR_SESSION_STATE_SYNCHRONIZED => XR_SESSION_STATE_STOPPING
09-07 21:26:39.031  9898  2162 I WiVRn   : [2026-09-07 21:26:39.031] [WiVRn] [info] Session state changed at timestamp 0: XR_SESSION_STATE_STOPPING => XR_SESSION_STATE_IDLE
09-07 21:26:39.839  9898  2471 I WiVRn   : [2026-09-07 21:26:39.839] [WiVRn] [info] nxwarp[0]: 155 frames in 2.0 s: 900 B/frame, wait-prev 0.0 ms, wall 1.4 ms, nxvc passA 0.2 passB 0.2 gpu 0.4 ms; holes 0, refused 0
09-07 21:26:39.839  9898  2471 I WiVRn   : [2026-09-07 21:26:39.839] [WiVRn] [info] nxwarp[0] gpu duty 32 ms/s (3% of one GPU) for decode alone; the display pass is extra
09-07 21:26:39.839  9898  2471 I WiVRn   : [2026-09-07 21:26:39.839] [WiVRn] [info] nxwarp[0] passB 0.2 ms = warp 0.0 + skip 0.0 + coded 0.1 + dir 0.0 + other 0.1; tiles skip 0 / coded 8 / dir 0 (eye pass 0)
09-07 21:26:39.839  9898  2471 I WiVRn   : [2026-09-07 21:26:39.839] [WiVRn] [info] nxwarp[0]: 88 frames dropped late (queue kept to 1)
09-07 21:26:39.839  9898  2471 I WiVRn   : [2026-09-07 21:26:39.839] [WiVRn] [info] nxwarp[0] stage: gap 11.5 | wait-prev 0.0 | submit 0.6 (qlock 0.0 + codec 0.6) | get_free 0.0 | fence-pre 0.0 | record 0.1 | qsubmit 0.1 | fence-post 0.7 | publish 0.0 ms; withheld 0, stride 1, arrival 11.1 ms
09-07 21:26:39.839  9898  2471 I WiVRn   : [2026-09-07 21:26:39.839] [WiVRn] [info] nxwarp[0] reassembly (network thread): 0.01 ms/frame over 155 frames, buffer 1 kB held for 1 kB of unit (1.0x)
09-07 21:26:39.839  9898  2471 I WiVRn   : [2026-09-07 21:26:39.839] [WiVRn] [info] nxwarp[0] fence-post 0.8 ms = nxvc gpu 0.4 + copy gpu 0.28 + queue 0.0 (over 155 frames with timestamps)
09-07 21:26:39.839  9898  2471 I WiVRn   : [2026-09-07 21:26:39.839] [WiVRn] [info] nxwarp[0]: 1 of 155 frames measured a stall not attributable to decoding (worst wall 10.8 ms); clipped out of the reported decode cost and out of the stride
09-07 21:26:39.839  9898  2471 I WiVRn   : [2026-09-07 21:26:39.839] [WiVRn] [info] nxwarp[0] atlas: frames 155, atlas 155, picture 0, avg dispatches 7.0, avg assembled 0.0, avg valid 578.0
09-07 21:26:39.854  9898  2473 I WiVRn   : [2026-09-07 21:26:39.854] [WiVRn] [info] Tracking pattern (11115µs):
09-07 21:26:39.854  9898  2473 I WiVRn   : [2026-09-07 21:26:39.854] [WiVRn] [info] 	t+2840µs HEAD (30504µs)
09-07 21:26:39.854  9898  2473 I WiVRn   : [2026-09-07 21:26:39.854] [WiVRn] [info] 	t+3354µs LEFT_GRIP (41105µs)
09-07 21:26:39.854  9898  2473 I WiVRn   : [2026-09-07 21:26:39.854] [WiVRn] [info] 	t+3363µs RIGHT_GRIP (41096µs)
09-07 21:26:39.854  9898  2473 I WiVRn   : [2026-09-07 21:26:39.854] [WiVRn] [info] 	t+4955µs HEAD (39504µs)
09-07 21:26:39.854  9898  2473 I WiVRn   : [2026-09-07 21:26:39.854] [WiVRn] [info] 	t+6354µs LEFT_GRIP (38105µs)
09-07 21:26:39.854  9898  2473 I WiVRn   : [2026-09-07 21:26:39.854] [WiVRn] [info] 	t+6363µs RIGHT_GRIP (38096µs)
09-07 21:26:39.854  9898  2473 I WiVRn   : [2026-09-07 21:26:39.854] [WiVRn] [info] 	t+7955µs HEAD (36504µs)
09-07 21:26:39.854  9898  2473 I WiVRn   : [2026-09-07 21:26:39.854] [WiVRn] [info] 	t+10955µs HEAD (33504µs)
09-07 21:26:40.829  9898  2473 I WiVRn   : [2026-09-07 21:26:40.829] [WiVRn] [info] Tracking pattern (11115µs):
09-07 21:26:40.829  9898  2473 I WiVRn   : [2026-09-07 21:26:40.829] [WiVRn] [info] 	t+135µs HEAD (33209µs)
09-07 21:26:40.829  9898  2473 I WiVRn   : [2026-09-07 21:26:40.829] [WiVRn] [info] 	t+3135µs HEAD (30209µs)
09-07 21:26:40.939  9898  2465 I WiVRn   : [2026-09-07 21:26:40.939] [WiVRn] [info] nxwarp[0] net: 178 frames closed in 2.0 s, 0 with a hole, 0 out-of-order datagrams, 0 frames completed late, 0 queued for the worker, 538 decoded so far, 626 stragglers dropped; last hole 0/0 chunks, first missing -1, short false, chunk 1166 B
09-07 21:26:40.939  9898  2465 I WiVRn   : [2026-09-07 21:26:40.939] [WiVRn] [info] nxwarp[0] net: 0.194 ms per datagram over 746 datagrams (72.03 ms of every second)
09-07 21:26:40.939  9898  2465 I WiVRn   : [2026-09-07 21:26:40.939] [WiVRn] [info] nxwarp[0] sel: stride 1, arrival 11.1 ms, dropped-late 88, withheld 3, decoded 538
09-07 21:26:40.939  9898  2465 I WiVRn   : [2026-09-07 21:26:40.939] [WiVRn] [info] nxwarp[0] rx: 8798 datagrams, placed 51729 (+1162), late 15 (+0), stale_frame 0, bad_range 0, bad_dir 0, bad_caps 0, bad_ver 0, auth_fail 0, replay 0, frozen 0, dup 0
09-07 21:26:41.329  9898  2162 I WiVRn   : [2026-09-07 21:26:41.329] [WiVRn] [info] Session state changed at timestamp 0: XR_SESSION_STATE_IDLE => XR_SESSION_STATE_READY
09-07 21:26:41.330  9898  2162 I WiVRn   : [2026-09-07 21:26:41.330] [WiVRn] [info] Received event type XR_TYPE_EVENT_DATA_USER_PRESENCE_CHANGED_EXT
09-07 21:26:41.335  9898  2162 I WiVRn   : [2026-09-07 21:26:41.335] [WiVRn] [info] Session state changed at timestamp 0: XR_SESSION_STATE_READY => XR_SESSION_STATE_SYNCHRONIZED
09-07 21:26:41.335  9898  2162 I WiVRn   : [2026-09-07 21:26:41.335] [WiVRn] [info] Session state changed at timestamp 0: XR_SESSION_STATE_SYNCHRONIZED => XR_SESSION_STATE_VISIBLE
09-07 21:26:41.335  9898  2162 I WiVRn   : [2026-09-07 21:26:41.335] [WiVRn] [info] Session state changed at timestamp 0: XR_SESSION_STATE_VISIBLE => XR_SESSION_STATE_FOCUSED
09-07 21:26:41.360  9898  2473 I WiVRn   : [2026-09-07 21:26:41.360] [WiVRn] [info] Tracking pattern (11089µs):
09-07 21:26:41.360  9898  2473 I WiVRn   : [2026-09-07 21:26:41.360] [WiVRn] [info] 	t+60µs HEAD (33209µs)
09-07 21:26:41.360  9898  2473 I WiVRn   : [2026-09-07 21:26:41.360] [WiVRn] [info] 	t+3060µs HEAD (30209µs)
09-07 21:26:41.360  9898  2473 I WiVRn   : [2026-09-07 21:26:41.360] [WiVRn] [info] 	t+5953µs LEFT_GRIP (5135µs)
09-07 21:26:41.824  9898  2473 I WiVRn   : [2026-09-07 21:26:41.824] [WiVRn] [info] Tracking pattern (11110µs):
09-07 21:26:41.824  9898  2473 I WiVRn   : [2026-09-07 21:26:41.824] [WiVRn] [info] 	t+2110µs HEAD (9000µs)
09-07 21:26:41.824  9898  2473 I WiVRn   : [2026-09-07 21:26:41.824] [WiVRn] [info] 	t+2154µs LEFT_GRIP (8956µs)
09-07 21:26:41.824  9898  2473 I WiVRn   : [2026-09-07 21:26:41.824] [WiVRn] [info] 	t+2167µs RIGHT_GRIP (8943µs)
09-07 21:26:41.824  9898  2473 I WiVRn   : [2026-09-07 21:26:41.824] [WiVRn] [info] 	t+4221µs HEAD (18000µs)
09-07 21:26:41.824  9898  2473 I WiVRn   : [2026-09-07 21:26:41.824] [WiVRn] [info] 	t+4265µs LEFT_GRIP (17956µs)
09-07 21:26:41.824  9898  2473 I WiVRn   : [2026-09-07 21:26:41.824] [WiVRn] [info] 	t+4278µs RIGHT_GRIP (17943µs)
09-07 21:26:41.824  9898  2473 I WiVRn   : [2026-09-07 21:26:41.824] [WiVRn] [info] 	t+5110µs HEAD (6000µs)
09-07 21:26:41.824  9898  2473 I WiVRn   : [2026-09-07 21:26:41.824] [WiVRn] [info] 	t+5154µs LEFT_GRIP (5956µs)
09-07 21:26:41.824  9898  2473 I WiVRn   : [2026-09-07 21:26:41.824] [WiVRn] [info] 	t+5167µs RIGHT_GRIP (5943µs)
09-07 21:26:41.824  9898  2473 I WiVRn   : [2026-09-07 21:26:41.824] [WiVRn] [info] 	t+7221µs HEAD (15000µs)
09-07 21:26:41.824  9898  2473 I WiVRn   : [2026-09-07 21:26:41.824] [WiVRn] [info] 	t+7265µs LEFT_GRIP (14956µs)
09-07 21:26:41.824  9898  2473 I WiVRn   : [2026-09-07 21:26:41.824] [WiVRn] [info] 	t+7278µs RIGHT_GRIP (14943µs)
09-07 21:26:41.824  9898  2473 I WiVRn   : [2026-09-07 21:26:41.824] [WiVRn] [info] 	t+8110µs HEAD (3000µs)
09-07 21:26:41.824  9898  2473 I WiVRn   : [2026-09-07 21:26:41.824] [WiVRn] [info] 	t+10221µs HEAD (12000µs)
09-07 21:26:41.824  9898  2473 I WiVRn   : [2026-09-07 21:26:41.824] [WiVRn] [info] 	t+10265µs LEFT_GRIP (11956µs)
09-07 21:26:41.824  9898  2473 I WiVRn   : [2026-09-07 21:26:41.824] [WiVRn] [info] 	t+10278µs RIGHT_GRIP (11943µs)
09-07 21:26:41.824  9898  2473 I WiVRn   : [2026-09-07 21:26:41.824] [WiVRn] [info] 	t+11110µs HEAD (0µs)
09-07 21:26:41.848  9898  2471 I WiVRn   : [2026-09-07 21:26:41.848] [WiVRn] [info] nxwarp[0]: 167 frames in 2.0 s: 1005 B/frame, wait-prev 0.0 ms, wall 1.6 ms, nxvc passA 0.2 passB 0.2 gpu 0.4 ms; holes 0, refused 0
09-07 21:26:41.848  9898  2471 I WiVRn   : [2026-09-07 21:26:41.848] [WiVRn] [info] nxwarp[0] gpu duty 35 ms/s (4% of one GPU) for decode alone; the display pass is extra
09-07 21:26:41.848  9898  2471 I WiVRn   : [2026-09-07 21:26:41.848] [WiVRn] [info] nxwarp[0] passB 0.2 ms = warp 0.0 + skip 0.0 + coded 0.1 + dir 0.0 + other 0.1; tiles skip 0 / coded 7 / dir 0 (eye pass 0)
09-07 21:26:41.848  9898  2471 I WiVRn   : [2026-09-07 21:26:41.848] [WiVRn] [info] nxwarp[0]: 88 frames dropped late (queue kept to 1)
09-07 21:26:41.848  9898  2471 I WiVRn   : [2026-09-07 21:26:41.848] [WiVRn] [info] nxwarp[0] stage: gap 10.5 | wait-prev 0.0 | submit 0.6 (qlock 0.0 + codec 0.6) | get_free 0.0 | fence-pre 0.0 | record 0.1 | qsubmit 0.1 | fence-post 0.7 | publish 0.0 ms; withheld 0, stride 1, arrival 13.8 ms
09-07 21:26:41.848  9898  2471 I WiVRn   : [2026-09-07 21:26:41.848] [WiVRn] [info] nxwarp[0] reassembly (network thread): 0.01 ms/frame over 167 frames, buffer 1 kB held for 1 kB of unit (1.0x)
09-07 21:26:41.848  9898  2471 I WiVRn   : [2026-09-07 21:26:41.848] [WiVRn] [info] nxwarp[0] fence-post 0.8 ms = nxvc gpu 0.4 + copy gpu 0.28 + queue 0.0 (over 167 frames with timestamps)
09-07 21:26:41.848  9898  2471 I WiVRn   : [2026-09-07 21:26:41.848] [WiVRn] [info] nxwarp[0]: 2 of 167 frames measured a stall not attributable to decoding (worst wall 18.2 ms); clipped out of the reported decode cost and out of the stride
09-07 21:26:41.848  9898  2471 I WiVRn   : [2026-09-07 21:26:41.848] [WiVRn] [info] nxwarp[0] atlas: frames 167, atlas 167, picture 0, avg dispatches 7.0, avg assembled 0.0, avg valid 578.0
09-07 21:26:42.824  9898  2473 I WiVRn   : [2026-09-07 21:26:42.824] [WiVRn] [info] Tracking pattern (11112µs):
09-07 21:26:42.824  9898  2473 I WiVRn   : [2026-09-07 21:26:42.824] [WiVRn] [info] 	t+2534µs HEAD (8577µs)
09-07 21:26:42.824  9898  2473 I WiVRn   : [2026-09-07 21:26:42.824] [WiVRn] [info] 	t+2572µs LEFT_GRIP (8539µs)
09-07 21:26:42.824  9898  2473 I WiVRn   : [2026-09-07 21:26:42.824] [WiVRn] [info] 	t+2582µs RIGHT_GRIP (8529µs)
09-07 21:26:42.824  9898  2473 I WiVRn   : [2026-09-07 21:26:42.824] [WiVRn] [info] 	t+4646µs HEAD (17577µs)
09-07 21:26:42.824  9898  2473 I WiVRn   : [2026-09-07 21:26:42.824] [WiVRn] [info] 	t+4684µs LEFT_GRIP (17539µs)
09-07 21:26:42.824  9898  2473 I WiVRn   : [2026-09-07 21:26:42.824] [WiVRn] [info] 	t+4694µs RIGHT_GRIP (17529µs)
09-07 21:26:42.824  9898  2473 I WiVRn   : [2026-09-07 21:26:42.824] [WiVRn] [info] 	t+5534µs HEAD (5577µs)
09-07 21:26:42.824  9898  2473 I WiVRn   : [2026-09-07 21:26:42.824] [WiVRn] [info] 	t+5572µs LEFT_GRIP (5539µs)
09-07 21:26:42.824  9898  2473 I WiVRn   : [2026-09-07 21:26:42.824] [WiVRn] [info] 	t+5582µs RIGHT_GRIP (5529µs)
09-07 21:26:42.824  9898  2473 I WiVRn   : [2026-09-07 21:26:42.824] [WiVRn] [info] 	t+7646µs HEAD (14577µs)
09-07 21:26:42.824  9898  2473 I WiVRn   : [2026-09-07 21:26:42.824] [WiVRn] [info] 	t+7684µs LEFT_GRIP (14539µs)
09-07 21:26:42.824  9898  2473 I WiVRn   : [2026-09-07 21:26:42.824] [WiVRn] [info] 	t+7694µs RIGHT_GRIP (14529µs)
09-07 21:26:42.824  9898  2473 I WiVRn   : [2026-09-07 21:26:42.824] [WiVRn] [info] 	t+10646µs HEAD (11577µs)
09-07 21:26:42.824  9898  2473 I WiVRn   : [2026-09-07 21:26:42.824] [WiVRn] [info] 	t+10684µs LEFT_GRIP (11539µs)
09-07 21:26:42.824  9898  2473 I WiVRn   : [2026-09-07 21:26:42.824] [WiVRn] [info] 	t+10694µs RIGHT_GRIP (11529µs)
09-07 21:26:42.942  9898  2465 I WiVRn   : [2026-09-07 21:26:42.942] [WiVRn] [info] nxwarp[0] net: 143 frames closed in 2.0 s, 0 with a hole, 0 out-of-order datagrams, 0 frames completed late, 0 queued for the worker, 681 decoded so far, 769 stragglers dropped; last hole 0/0 chunks, first missing -1, short false, chunk 1166 B
09-07 21:26:42.942  9898  2465 I WiVRn   : [2026-09-07 21:26:42.942] [WiVRn] [info] nxwarp[0] net: 0.088 ms per datagram over 879 datagrams (38.64 ms of every second)
09-07 21:26:42.942  9898  2465 I WiVRn   : [2026-09-07 21:26:42.942] [WiVRn] [info] nxwarp[0] sel: stride 1, arrival 15.8 ms, dropped-late 88, withheld 3, decoded 681
09-07 21:26:42.942  9898  2465 I WiVRn   : [2026-09-07 21:26:42.942] [WiVRn] [info] nxwarp[0] rx: 9677 datagrams, placed 52972 (+1243), late 15 (+0), stale_frame 0, bad_range 0, bad_dir 0, bad_caps 0, bad_ver 0, auth_fail 0, replay 0, frozen 0, dup 0
09-07 21:26:43.339  9898  2162 I WiVRn   : [2026-09-07 21:26:43.339] [WiVRn] [info] render: 175 iterations in 2.0 s (87.3/s), 174 submitted a layer, 122 new-source, 0 skipped by the repeat gate, 1 with nothing to show; display period 11.3 ms
09-07 21:26:43.339  9898  2162 I WiVRn   : [2026-09-07 21:26:43.339] [WiVRn] [info] render: selected source transitions forward 122 backward 0 repeat 52, greatest forward gap 214
09-07 21:26:43.339  9898  2162 I WiVRn   : [2026-09-07 21:26:43.339] [WiVRn] [info] render: this app's own GPU pass 1.6 ms per iteration
09-07 21:26:43.339  9898  2162 I WiVRn   : [2026-09-07 21:26:43.339] [WiVRn] [info] render: defoveate 1088x1088 per eye x2 = 2.37 Mpx/frame at scale 0.50 atlas-prototype 0; 52 re-presented from the cache (reduce_gpu_load on)
09-07 21:26:43.339  9898  2162 I WiVRn   : [2026-09-07 21:26:43.339] [WiVRn] [info] render: shader path sharpness 0.00 fsr false alpha false motion false blend false glow 0.28 vignette 0.00 deband 1.00 lowpoly 0.00 levels 0 full-kernel false
09-07 21:26:43.339  9898  2162 I WiVRn   : [2026-09-07 21:26:43.339] [WiVRn] [info] render: per iteration fence 0.0 (worst 0.0) | queries 0.0 | submit 0.0 | whole render() 0.4 ms
09-07 21:26:43.339  9898  2162 I WiVRn   : [2026-09-07 21:26:43.339] [WiVRn] [info] render: jit on | wake slack 30.5 ms | slept 0.2 ms mean (max 0.6, 68 of 175 iterations) | budget 23.5 = pass 22.5 + margin 1.0 | sleep cap 0.6 ms
09-07 21:26:43.339  9898  2162 I WiVRn   : [2026-09-07 21:26:43.339] [WiVRn] [info] render: displayed pose age 46.2 ms mean (worst 109.3) over 174 frames | submit lead 29.9 ms mean (worst 24.0) | misses: 0 overrun 0 late 0 skipped refresh
09-07 21:26:43.824  9898  2473 I WiVRn   : [2026-09-07 21:26:43.824] [WiVRn] [info] Tracking pattern (11111µs):
09-07 21:26:43.824  9898  2473 I WiVRn   : [2026-09-07 21:26:43.824] [WiVRn] [info] 	t+2345µs HEAD (8765µs)
09-07 21:26:43.824  9898  2473 I WiVRn   : [2026-09-07 21:26:43.824] [WiVRn] [info] 	t+2397µs LEFT_GRIP (8714µs)
09-07 21:26:43.824  9898  2473 I WiVRn   : [2026-09-07 21:26:43.824] [WiVRn] [info] 	t+2412µs RIGHT_GRIP (8699µs)
09-07 21:26:43.824  9898  2473 I WiVRn   : [2026-09-07 21:26:43.824] [WiVRn] [info] 	t+4457µs HEAD (17765µs)
09-07 21:26:43.824  9898  2473 I WiVRn   : [2026-09-07 21:26:43.824] [WiVRn] [info] 	t+4508µs LEFT_GRIP (17714µs)
09-07 21:26:43.824  9898  2473 I WiVRn   : [2026-09-07 21:26:43.824] [WiVRn] [info] 	t+4524µs RIGHT_GRIP (17699µs)
09-07 21:26:43.824  9898  2473 I WiVRn   : [2026-09-07 21:26:43.824] [WiVRn] [info] 	t+5345µs HEAD (5765µs)
09-07 21:26:43.824  9898  2473 I WiVRn   : [2026-09-07 21:26:43.824] [WiVRn] [info] 	t+5397µs LEFT_GRIP (5714µs)
09-07 21:26:43.824  9898  2473 I WiVRn   : [2026-09-07 21:26:43.824] [WiVRn] [info] 	t+5412µs RIGHT_GRIP (5699µs)
09-07 21:26:43.824  9898  2473 I WiVRn   : [2026-09-07 21:26:43.824] [WiVRn] [info] 	t+7457µs HEAD (14765µs)
09-07 21:26:43.824  9898  2473 I WiVRn   : [2026-09-07 21:26:43.824] [WiVRn] [info] 	t+7508µs LEFT_GRIP (14714µs)
09-07 21:26:43.824  9898  2473 I WiVRn   : [2026-09-07 21:26:43.824] [WiVRn] [info] 	t+7524µs RIGHT_GRIP (14699µs)
09-07 21:26:43.824  9898  2473 I WiVRn   : [2026-09-07 21:26:43.824] [WiVRn] [info] 	t+10457µs HEAD (11765µs)
09-07 21:26:43.824  9898  2473 I WiVRn   : [2026-09-07 21:26:43.824] [WiVRn] [info] 	t+10508µs LEFT_GRIP (11714µs)
09-07 21:26:43.824  9898  2473 I WiVRn   : [2026-09-07 21:26:43.824] [WiVRn] [info] 	t+10524µs RIGHT_GRIP (11699µs)
09-07 21:26:43.851  9898  2471 I WiVRn   : [2026-09-07 21:26:43.851] [WiVRn] [info] nxwarp[0]: 135 frames in 2.0 s: 1087 B/frame, wait-prev 0.0 ms, wall 1.3 ms, nxvc passA 0.3 passB 0.1 gpu 0.4 ms; holes 0, refused 0
09-07 21:26:43.851  9898  2471 I WiVRn   : [2026-09-07 21:26:43.851] [WiVRn] [info] nxwarp[0] gpu duty 29 ms/s (3% of one GPU) for decode alone; the display pass is extra
09-07 21:26:43.851  9898  2471 I WiVRn   : [2026-09-07 21:26:43.851] [WiVRn] [info] nxwarp[0] passB 0.1 ms = warp 0.0 + skip 0.0 + coded 0.1 + dir 0.0 + other 0.0; tiles skip 0 / coded 5 / dir 0 (eye pass 0)
09-07 21:26:43.851  9898  2471 I WiVRn   : [2026-09-07 21:26:43.851] [WiVRn] [info] nxwarp[0]: 88 frames dropped late (queue kept to 1)
09-07 21:26:43.851  9898  2471 I WiVRn   : [2026-09-07 21:26:43.851] [WiVRn] [info] nxwarp[0] stage: gap 13.5 | wait-prev 0.0 | submit 0.3 (qlock 0.0 + codec 0.3) | get_free 0.0 | fence-pre 0.0 | record 0.0 | qsubmit 0.0 | fence-post 1.0 | publish 0.0 ms; withheld 0, stride 1, arrival 17.3 ms
09-07 21:26:43.851  9898  2471 I WiVRn   : [2026-09-07 21:26:43.851] [WiVRn] [info] nxwarp[0] reassembly (network thread): 0.00 ms/frame over 135 frames, buffer 1 kB held for 1 kB of unit (1.0x)
09-07 21:26:43.851  9898  2471 I WiVRn   : [2026-09-07 21:26:43.851] [WiVRn] [info] nxwarp[0] fence-post 1.0 ms = nxvc gpu 0.4 + copy gpu 0.31 + queue 0.2 (over 135 frames with timestamps)
09-07 21:26:43.851  9898  2471 I WiVRn   : [2026-09-07 21:26:43.851] [WiVRn] [info] nxwarp[0] atlas: frames 135, atlas 135, picture 0, avg dispatches 7.0, avg assembled 0.0, avg valid 578.0
09-07 21:26:44.824  9898  2473 I WiVRn   : [2026-09-07 21:26:44.824] [WiVRn] [info] Tracking pattern (11111µs):
09-07 21:26:44.824  9898  2473 I WiVRn   : [2026-09-07 21:26:44.824] [WiVRn] [info] 	t+1933µs HEAD (9178µs)
09-07 21:26:44.824  9898  2473 I WiVRn   : [2026-09-07 21:26:44.824] [WiVRn] [info] 	t+1971µs LEFT_GRIP (9140µs)
09-07 21:26:44.824  9898  2473 I WiVRn   : [2026-09-07 21:26:44.824] [WiVRn] [info] 	t+1980µs RIGHT_GRIP (9130µs)
09-07 21:26:44.824  9898  2473 I WiVRn   : [2026-09-07 21:26:44.824] [WiVRn] [info] 	t+4044µs HEAD (18178µs)
09-07 21:26:44.824  9898  2473 I WiVRn   : [2026-09-07 21:26:44.824] [WiVRn] [info] 	t+4082µs LEFT_GRIP (18140µs)
09-07 21:26:44.824  9898  2473 I WiVRn   : [2026-09-07 21:26:44.824] [WiVRn] [info] 	t+4092µs RIGHT_GRIP (18130µs)
09-07 21:26:44.824  9898  2473 I WiVRn   : [2026-09-07 21:26:44.824] [WiVRn] [info] 	t+4933µs HEAD (6178µs)
09-07 21:26:44.824  9898  2473 I WiVRn   : [2026-09-07 21:26:44.824] [WiVRn] [info] 	t+4971µs LEFT_GRIP (6140µs)
09-07 21:26:44.824  9898  2473 I WiVRn   : [2026-09-07 21:26:44.824] [WiVRn] [info] 	t+4980µs RIGHT_GRIP (6130µs)
09-07 21:26:44.824  9898  2473 I WiVRn   : [2026-09-07 21:26:44.824] [WiVRn] [info] 	t+7044µs HEAD (15178µs)
09-07 21:26:44.824  9898  2473 I WiVRn   : [2026-09-07 21:26:44.824] [WiVRn] [info] 	t+7082µs LEFT_GRIP (15140µs)
09-07 21:26:44.824  9898  2473 I WiVRn   : [2026-09-07 21:26:44.824] [WiVRn] [info] 	t+7092µs RIGHT_GRIP (15130µs)
09-07 21:26:44.824  9898  2473 I WiVRn   : [2026-09-07 21:26:44.824] [WiVRn] [info] 	t+10044µs HEAD (12178µs)
09-07 21:26:44.824  9898  2473 I WiVRn   : [2026-09-07 21:26:44.824] [WiVRn] [info] 	t+10082µs LEFT_GRIP (12140µs)
09-07 21:26:44.824  9898  2473 I WiVRn   : [2026-09-07 21:26:44.824] [WiVRn] [info] 	t+10092µs RIGHT_GRIP (12130µs)
09-07 21:26:44.954  9898  2465 I WiVRn   : [2026-09-07 21:26:44.954] [WiVRn] [info] nxwarp[0] net: 142 frames closed in 2.0 s, 0 with a hole, 0 out-of-order datagrams, 0 frames completed late, 0 queued for the worker, 823 decoded so far, 911 stragglers dropped; last hole 0/0 chunks, first missing -1, short false, chunk 1166 B
09-07 21:26:44.954  9898  2465 I WiVRn   : [2026-09-07 21:26:44.954] [WiVRn] [info] nxwarp[0] net: 0.046 ms per datagram over 859 datagrams (19.77 ms of every second)
09-07 21:26:44.954  9898  2465 I WiVRn   : [2026-09-07 21:26:44.954] [WiVRn] [info] nxwarp[0] sel: stride 1, arrival 16.0 ms, dropped-late 88, withheld 3, decoded 823
09-07 21:26:44.954  9898  2465 I WiVRn   : [2026-09-07 21:26:44.954] [WiVRn] [info] nxwarp[0] rx: 10536 datagrams, placed 53670 (+698), late 15 (+0), stale_frame 0, bad_range 0, bad_dir 0, bad_caps 0, bad_ver 0, auth_fail 0, replay 0, frozen 0, dup 0
09-07 21:26:45.340  9898  2162 I WiVRn   : [2026-09-07 21:26:45.340] [WiVRn] [info] render: 179 iterations in 2.0 s (89.5/s), 179 submitted a layer, 132 new-source, 0 skipped by the repeat gate, 0 with nothing to show; display period 11.2 ms
09-07 21:26:45.340  9898  2162 I WiVRn   : [2026-09-07 21:26:45.340] [WiVRn] [info] render: selected source transitions forward 132 backward 0 repeat 47, greatest forward gap 2
09-07 21:26:45.340  9898  2162 I WiVRn   : [2026-09-07 21:26:45.340] [WiVRn] [info] render: this app's own GPU pass 1.9 ms per iteration
09-07 21:26:45.340  9898  2162 I WiVRn   : [2026-09-07 21:26:45.340] [WiVRn] [info] render: defoveate 1088x1088 per eye x2 = 2.37 Mpx/frame at scale 0.50 atlas-prototype 0; 47 re-presented from the cache (reduce_gpu_load on)
09-07 21:26:45.340  9898  2162 I WiVRn   : [2026-09-07 21:26:45.340] [WiVRn] [info] render: shader path sharpness 0.00 fsr false alpha false motion false blend false glow 0.28 vignette 0.00 deband 1.00 lowpoly 0.00 levels 0 full-kernel false
09-07 21:26:45.340  9898  2162 I WiVRn   : [2026-09-07 21:26:45.340] [WiVRn] [info] render: per iteration fence 0.0 (worst 1.2) | queries 0.0 | submit 0.0 | whole render() 0.4 ms
09-07 21:26:45.340  9898  2162 I WiVRn   : [2026-09-07 21:26:45.340] [WiVRn] [info] render: jit on | wake slack 30.9 ms | slept 1.4 ms mean (max 11.7, 179 of 179 iterations) | budget 21.4 = pass 20.4 + margin 1.0 | sleep cap 0.6 ms
09-07 21:26:45.340  9898  2162 I WiVRn   : [2026-09-07 21:26:45.340] [WiVRn] [info] render: displayed pose age 44.3 ms mean (worst 61.9) over 179 frames | submit lead 29.1 ms mean (worst 22.0) | misses: 0 overrun 0 late 1 skipped refresh
09-07 21:26:45.824  9898  2473 I WiVRn   : [2026-09-07 21:26:45.824] [WiVRn] [info] Tracking pattern (11111µs):
09-07 21:26:45.824  9898  2473 I WiVRn   : [2026-09-07 21:26:45.824] [WiVRn] [info] 	t+2463µs HEAD (8648µs)
09-07 21:26:45.824  9898  2473 I WiVRn   : [2026-09-07 21:26:45.824] [WiVRn] [info] 	t+2685µs LEFT_GRIP (8426µs)
09-07 21:26:45.824  9898  2473 I WiVRn   : [2026-09-07 21:26:45.824] [WiVRn] [info] 	t+2700µs RIGHT_GRIP (8411µs)
09-07 21:26:45.824  9898  2473 I WiVRn   : [2026-09-07 21:26:45.824] [WiVRn] [info] 	t+4574µs HEAD (17648µs)
09-07 21:26:45.824  9898  2473 I WiVRn   : [2026-09-07 21:26:45.824] [WiVRn] [info] 	t+4796µs LEFT_GRIP (17426µs)
09-07 21:26:45.824  9898  2473 I WiVRn   : [2026-09-07 21:26:45.824] [WiVRn] [info] 	t+4811µs RIGHT_GRIP (17411µs)
09-07 21:26:45.824  9898  2473 I WiVRn   : [2026-09-07 21:26:45.824] [WiVRn] [info] 	t+5463µs HEAD (5648µs)
09-07 21:26:45.824  9898  2473 I WiVRn   : [2026-09-07 21:26:45.824] [WiVRn] [info] 	t+5685µs LEFT_GRIP (5426µs)
09-07 21:26:45.824  9898  2473 I WiVRn   : [2026-09-07 21:26:45.824] [WiVRn] [info] 	t+5700µs RIGHT_GRIP (5411µs)
09-07 21:26:45.824  9898  2473 I WiVRn   : [2026-09-07 21:26:45.824] [WiVRn] [info] 	t+7574µs HEAD (14648µs)
09-07 21:26:45.824  9898  2473 I WiVRn   : [2026-09-07 21:26:45.824] [WiVRn] [info] 	t+7796µs LEFT_GRIP (14426µs)
09-07 21:26:45.824  9898  2473 I WiVRn   : [2026-09-07 21:26:45.824] [WiVRn] [info] 	t+7811µs RIGHT_GRIP (14411µs)
09-07 21:26:45.824  9898  2473 I WiVRn   : [2026-09-07 21:26:45.824] [WiVRn] [info] 	t+10574µs HEAD (11648µs)
09-07 21:26:45.824  9898  2473 I WiVRn   : [2026-09-07 21:26:45.824] [WiVRn] [info] 	t+10796µs LEFT_GRIP (11426µs)
09-07 21:26:45.824  9898  2473 I WiVRn   : [2026-09-07 21:26:45.824] [WiVRn] [info] 	t+10811µs RIGHT_GRIP (11411µs)
09-07 21:26:45.861  9898  2471 I WiVRn   : [2026-09-07 21:26:45.861] [WiVRn] [info] nxwarp[0]: 149 frames in 2.0 s: 1118 B/frame, wait-prev 0.0 ms, wall 1.4 ms, nxvc passA 0.3 passB 0.2 gpu 0.4 ms; holes 0, refused 0
09-07 21:26:45.861  9898  2471 I WiVRn   : [2026-09-07 21:26:45.861] [WiVRn] [info] nxwarp[0] gpu duty 32 ms/s (3% of one GPU) for decode alone; the display pass is extra
09-07 21:26:45.861  9898  2471 I WiVRn   : [2026-09-07 21:26:45.861] [WiVRn] [info] nxwarp[0] passB 0.2 ms = warp 0.0 + skip 0.0 + coded 0.1 + dir 0.0 + other 0.0; tiles skip 0 / coded 5 / dir 0 (eye pass 0)
09-07 21:26:45.861  9898  2471 I WiVRn   : [2026-09-07 21:26:45.861] [WiVRn] [info] nxwarp[0]: 88 frames dropped late (queue kept to 1)
09-07 21:26:45.861  9898  2471 I WiVRn   : [2026-09-07 21:26:45.861] [WiVRn] [info] nxwarp[0] stage: gap 12.1 | wait-prev 0.0 | submit 0.3 (qlock 0.0 + codec 0.3) | get_free 0.0 | fence-pre 0.0 | record 0.0 | qsubmit 0.0 | fence-post 1.0 | publish 0.0 ms; withheld 0, stride 1, arrival 14.9 ms
09-07 21:26:45.861  9898  2471 I WiVRn   : [2026-09-07 21:26:45.861] [WiVRn] [info] nxwarp[0] reassembly (network thread): 0.00 ms/frame over 149 frames, buffer 1 kB held for 1 kB of unit (1.0x)
09-07 21:26:45.861  9898  2471 I WiVRn   : [2026-09-07 21:26:45.861] [WiVRn] [info] nxwarp[0] fence-post 1.1 ms = nxvc gpu 0.4 + copy gpu 0.29 + queue 0.3 (over 149 frames with timestamps)
09-07 21:26:45.861  9898  2471 I WiVRn   : [2026-09-07 21:26:45.861] [WiVRn] [info] nxwarp[0] atlas: frames 149, atlas 149, picture 0, avg dispatches 7.0, avg assembled 0.0, avg valid 578.0
09-07 21:26:46.824  9898  2473 I WiVRn   : [2026-09-07 21:26:46.824] [WiVRn] [info] Tracking pattern (11111µs):
09-07 21:26:46.824  9898  2473 I WiVRn   : [2026-09-07 21:26:46.824] [WiVRn] [info] 	t+82µs HEAD (11028µs)
09-07 21:26:46.824  9898  2473 I WiVRn   : [2026-09-07 21:26:46.824] [WiVRn] [info] 	t+106µs LEFT_GRIP (11004µs)
09-07 21:26:46.824  9898  2473 I WiVRn   : [2026-09-07 21:26:46.824] [WiVRn] [info] 	t+113µs RIGHT_GRIP (10997µs)
09-07 21:26:46.824  9898  2473 I WiVRn   : [2026-09-07 21:26:46.824] [WiVRn] [info] 	t+3082µs HEAD (8028µs)
09-07 21:26:46.824  9898  2473 I WiVRn   : [2026-09-07 21:26:46.824] [WiVRn] [info] 	t+3106µs LEFT_GRIP (8004µs)
09-07 21:26:46.824  9898  2473 I WiVRn   : [2026-09-07 21:26:46.824] [WiVRn] [info] 	t+3113µs RIGHT_GRIP (7997µs)
09-07 21:26:46.824  9898  2473 I WiVRn   : [2026-09-07 21:26:46.824] [WiVRn] [info] 	t+6082µs HEAD (5028µs)
09-07 21:26:46.824  9898  2473 I WiVRn   : [2026-09-07 21:26:46.824] [WiVRn] [info] 	t+6106µs LEFT_GRIP (5004µs)
09-07 21:26:46.824  9898  2473 I WiVRn   : [2026-09-07 21:26:46.824] [WiVRn] [info] 	t+6113µs RIGHT_GRIP (4997µs)
09-07 21:26:46.824  9898  2473 I WiVRn   : [2026-09-07 21:26:46.824] [WiVRn] [info] 	t+8194µs HEAD (14028µs)
09-07 21:26:46.824  9898  2473 I WiVRn   : [2026-09-07 21:26:46.824] [WiVRn] [info] 	t+8218µs LEFT_GRIP (14004µs)
09-07 21:26:46.824  9898  2473 I WiVRn   : [2026-09-07 21:26:46.824] [WiVRn] [info] 	t+8225µs RIGHT_GRIP (13997µs)
09-07 21:26:46.959  9898  2465 I WiVRn   : [2026-09-07 21:26:46.959] [WiVRn] [info] nxwarp[0] net: 150 frames closed in 2.0 s, 0 with a hole, 0 out-of-order datagrams, 0 frames completed late, 0 queued for the worker, 973 decoded so far, 1061 stragglers dropped; last hole 0/0 chunks, first missing -1, short false, chunk 1166 B
09-07 21:26:46.959  9898  2465 I WiVRn   : [2026-09-07 21:26:46.959] [WiVRn] [info] nxwarp[0] net: 0.050 ms per datagram over 850 datagrams (21.04 ms of every second)
09-07 21:26:46.959  9898  2465 I WiVRn   : [2026-09-07 21:26:46.959] [WiVRn] [info] nxwarp[0] sel: stride 1, arrival 11.7 ms, dropped-late 88, withheld 3, decoded 973
09-07 21:26:46.959  9898  2465 I WiVRn   : [2026-09-07 21:26:46.959] [WiVRn] [info] nxwarp[0] rx: 11386 datagrams, placed 54361 (+691), late 15 (+0), stale_frame 0, bad_range 0, bad_dir 0, bad_caps 0, bad_ver 0, auth_fail 0, replay 0, frozen 0, dup 0
09-07 21:26:47.340  9898  2162 I WiVRn   : [2026-09-07 21:26:47.340] [WiVRn] [info] render: 179 iterations in 2.0 s (89.5/s), 179 submitted a layer, 143 new-source, 0 skipped by the repeat gate, 0 with nothing to show; display period 11.2 ms
09-07 21:26:47.340  9898  2162 I WiVRn   : [2026-09-07 21:26:47.340] [WiVRn] [info] render: selected source transitions forward 143 backward 0 repeat 36, greatest forward gap 2
09-07 21:26:47.340  9898  2162 I WiVRn   : [2026-09-07 21:26:47.340] [WiVRn] [info] render: this app's own GPU pass 2.1 ms per iteration
09-07 21:26:47.340  9898  2162 I WiVRn   : [2026-09-07 21:26:47.340] [WiVRn] [info] render: defoveate 1088x1088 per eye x2 = 2.37 Mpx/frame at scale 0.50 atlas-prototype 0; 36 re-presented from the cache (reduce_gpu_load on)
09-07 21:26:47.340  9898  2162 I WiVRn   : [2026-09-07 21:26:47.340] [WiVRn] [info] render: shader path sharpness 0.00 fsr false alpha false motion false blend false glow 0.28 vignette 0.00 deband 1.00 lowpoly 0.00 levels 0 full-kernel false
09-07 21:26:47.340  9898  2162 I WiVRn   : [2026-09-07 21:26:47.340] [WiVRn] [info] render: per iteration fence 0.0 (worst 1.2) | queries 0.0 | submit 0.0 | whole render() 0.4 ms
09-07 21:26:47.340  9898  2162 I WiVRn   : [2026-09-07 21:26:47.340] [WiVRn] [info] render: jit on | wake slack 30.3 ms | slept 1.1 ms mean (max 11.7, 179 of 179 iterations) | budget 19.6 = pass 18.6 + margin 1.0 | sleep cap 0.6 ms
09-07 21:26:47.340  9898  2162 I WiVRn   : [2026-09-07 21:26:47.340] [WiVRn] [info] render: displayed pose age 43.2 ms mean (worst 62.0) over 179 frames | submit lead 28.7 ms mean (worst 19.5) | misses: 0 overrun 0 late 1 skipped refresh
