WiVRn nx-atlas-live-920ac878-dirty starting
Service published: x0x0x0x0x0x
Client connected
Server started, PID 3783167
 INFO [ipc_server_main_common] WiVRn 'nx-atlas-live-920ac878-dirty' starting up...
Setting the OpenVR compatibility library to /opt/xrizer
Listening for secondary paths on port 9757
 INFO [vk_bundle] Vulkan instance created:
	GPU: AMD Radeon RX 7900 XTX (RADV NAVI31)
	queue families: 1 3 1 (main, encode, transfer)

 INFO [get_encoder_settings] nxwarp: both eyes on stream 0 as one 2176x1088 stereo frame (578 tiles), stream 1 has no encoder
 INFO [compositor] compositor: lens mask on, margin 1 tile; the foveation pass flattens what it covers (0 of 0 tiles per eye so far)
 INFO [comp_vulkan_formats_log] Supported formats:
	VK_FORMAT_R16G16B16A16_UNORM: true
	VK_FORMAT_R16G16B16A16_SFLOAT: true
	VK_FORMAT_R16G16B16_UNORM: false
	VK_FORMAT_R16G16B16_SFLOAT: false
	VK_FORMAT_R8G8B8A8_SRGB: true
	VK_FORMAT_B8G8R8A8_SRGB: true
	VK_FORMAT_R8G8B8_SRGB: false
	VK_FORMAT_R8G8B8A8_UNORM: true
	VK_FORMAT_B8G8R8A8_UNORM: true
	VK_FORMAT_R8G8B8_UNORM: false
	VK_FORMAT_B8G8R8_UNORM: false
	VK_FORMAT_R5G6B5_UNORM_PACK16: true
	VK_FORMAT_R32_SFLOAT: true
	VK_FORMAT_D32_SFLOAT: true
	VK_FORMAT_D16_UNORM: true
	VK_FORMAT_X8_D24_UNORM_PACK32: false
	VK_FORMAT_D24_UNORM_S8_UINT: false
	VK_FORMAT_D32_SFLOAT_S8_UINT: true
	VK_FORMAT_S8_UINT: true
 INFO [print_encoders] Encoder configuration:
	* nxwarp (nxwarp 8-bit)
	  size: 1088x1088
	  bitrate: 48.7Mbit/s
	* nxwarp (nxwarp 8-bit)
	  size: 1088x544
	  bitrate: 1.2Mbit/s
 INFO [video_encoder_nxwarp] nxwarp: "entropy": "auto" -> lite (the headset advertises ENTROPY_LITE)
 INFO [video_encoder_nxwarp] nxwarp: "snap-identity": 16/16 sample (still tiles become a copy on the headset; error bounded by 0.50 sample)
 INFO [video_encoder_nxwarp] nxwarp: "planar": "rd" -> "off" (the GPU backend has no planar mode)
 INFO [video_encoder_nxwarp] nxwarp: stream 0 tools 0x4c2200c05 (INTRA_DC_PLANE RES_LEVEL INTER WARP CTX_V2 CTX_V3 ENTROPY_LITE bit31 bit34), headset 0xdf77a1fff -- negotiated
 INFO [video_encoder_nxwarp] nxwarp: stream 0 backend: nxvc_vk_encoder GPU compute encoder, nxvc_vk_encoder (E0/E3/E4/E5, intra only) (34x17 tiles, intra only, one QP per frame), reading the compositor image directly
 INFO [video_encoder_nxwarp] nxwarp: stream 0 1088x1088, nxvc_vk_encoder GPU compute encoder, nxvc_vk_encoder (E0/E3/E4/E5, intra only) (34x17 tiles, intra only, one QP per frame), fixed QP 40, paced at a fixed 90.0 fps, 34x17 tiles in 3 band(s), 1166 bytes per transport tile
 INFO [video_encoder_nxwarp] nxwarp: "entropy": "auto" -> lite (the headset advertises ENTROPY_LITE)
 INFO [video_encoder_nxwarp] nxwarp: "snap-identity": 16/16 sample (still tiles become a copy on the headset; error bounded by 0.50 sample)
 INFO [video_encoder_nxwarp] nxwarp: "planar": "rd" -> "off" (the GPU backend has no planar mode)
 INFO [video_encoder_nxwarp] nxwarp: stream 2 tools 0x4c2200c05 (INTRA_DC_PLANE RES_LEVEL INTER WARP CTX_V2 CTX_V3 ENTROPY_LITE bit31 bit34), headset 0xdf77a1fff -- negotiated
 INFO [video_encoder_nxwarp] nxwarp: stream 2 backend: nxvc_vk_encoder GPU compute encoder, nxvc_vk_encoder (E0/E3/E4/E5, intra only) (17x9 tiles, intra only, one QP per frame), reading the compositor image directly
 INFO [video_encoder_nxwarp] nxwarp: stream 2 1088x544, nxvc_vk_encoder GPU compute encoder, nxvc_vk_encoder (E0/E3/E4/E5, intra only) (17x9 tiles, intra only, one QP per frame), fixed QP 40, paced at a fixed 90.0 fps, 17x9 tiles in 2 band(s), 1166 bytes per transport tile
 INFO [wivrn_hmd] edge bleed: rendering 5.0% overscan, 1.35 deg left / 1.35 deg up on eye 0 (same encoded size, so about 4.8% less sharp)
 INFO [pipewire_device] pipewire speaker stream created (quantum: 240 frames, 5.00 ms)
 INFO [configure] Automatic bitrate enabled, AIMD (v1), ceiling 50.0 Mbit/s, floor 10.0 Mbit/s, radio trend on
 INFO [set_pacing] Packet pacing enabled, spreading each frame over 40% of a frame period
 INFO [apply_qos] Wi-Fi QoS marks enabled (video AF41 / AC_VI, control EF / AC_VO)
 INFO [set_fec] Forward error correction enabled, one parity shard per 8 video shards
 INFO [set_fec_adaptive] Adaptive error correction enabled, parity ratio between 16+1 and 4+1 with interleaved groups
 INFO [set_shard_retransmit] Shard retransmission enabled, keeping 1024 kB of recently sent shards per stream
 WARN [check_socket_path] path not found: /run/user/1000/SlimeVRRpc
 WARN [check_socket_path] path not found: /run/user/1000/.flatpak/dev.slimevr.SlimeVR/xdg-run/SlimeVRRpc
 WARN [check_socket_path] path not found: /home/nerdrx/.local/share/dev.slimevr.SlimeVR/SlimeVRRpc
ERROR [solarxr_ipc_socket_find] failed to resolve socket path
 INFO [u_linux_try_to_set_realtime_priority_on_thread] Raised priority of thread 'Multi Client Module' to policy: 'SCHED_FIFO', priority: '99'
 INFO [operator()] Session state changed: XR_SESSION_STATE_FOCUSED
 INFO [reset_stream] nxwarp: stream 0 resumed for a new client: transport sequence restarted, stream header resent, next frame coded without a reference
 INFO [reset_stream] nxwarp: stream 2 resumed for a new client: transport sequence restarted, stream header resent, next frame coded without a reference
 INFO [operator()] Updating interaction profiles: from 
	XRT_DEVICE_TOUCH_CONTROLLER (left)  to XRT_DEVICE_EXT_HAND_INTERACTION
	XRT_DEVICE_TOUCH_CONTROLLER (right) to XRT_DEVICE_EXT_HAND_INTERACTION

 INFO [operator()] Session state changed: XR_SESSION_STATE_VISIBLE
 INFO [operator()] Session state changed: XR_SESSION_STATE_SYNCHRONIZED
 INFO [operator()] Session state changed: XR_SESSION_STATE_STOPPING
 INFO [operator()] Session state changed: XR_SESSION_STATE_IDLE
 INFO [operator()] Session state changed: XR_SESSION_STATE_READY
 INFO [operator()] user presence changed to false
 INFO [operator()] Session state changed: XR_SESSION_STATE_SYNCHRONIZED
 INFO [operator()] Session state changed: XR_SESSION_STATE_VISIBLE
 INFO [operator()] Session state changed: XR_SESSION_STATE_FOCUSED
 INFO [client_connected] Client 1 connected
 INFO [ipc_handle_instance_describe_client] Client info:
	id: 1
	application_name: 'HelloXR'
	pid: 3783447
	extensions:
		ext_hand_tracking_enabled: false
		ext_hand_tracking_data_source_enabled: false
		ext_eye_gaze_interaction_enabled: false
		ext_future_enabled: false
		ext_hand_interaction_enabled: false
		htc_facial_tracking_enabled: false
		fb_body_tracking_enabled: false
		meta_body_tracking_full_body_enabled: false
		meta_body_tracking_calibration_enabled: false
		meta_body_tracking_fidelity_enabled: false
		fb_face_tracking2_enabled: false
		android_face_tracking_enabled: false
 INFO [update_session_state_locked] Started native session, 1 active app session(s).
 INFO [get_view_poses] geometry[eye 0]: panel fov L-51.99 R51.99 U51.99 D-51.99 -> rendered fov L-53.34 R53.34 U53.34 D-53.34 deg (overscan 0.050)
 INFO [get_view_poses] geometry[eye 1]: panel fov L-51.99 R51.99 U51.99 D-51.99 -> rendered fov L-53.34 R53.34 U53.34 D-53.34 deg (overscan 0.050)
 INFO [update_lens_mask] nxwarp: stream 0 lens mask: 0 of 289 tiles per eye masked (margin 1 tile, fov -53.3/53.3/53.3/-53.3 deg); flattened only: this backend has no skip-map input, so the tiles are coded as whatever the mode search makes of a constant grey
 INFO [encode] nxwarp: stream 0 is at fixed QP 40 by configuration; the bitrate controller's 43360433 bit/s is ignored (unset "rc": "fixed" to honour it)
 INFO [report_frame] nxwarp atlas: 1 frames, avg skip 0 intra 578 coded 578, atlas 1 picture 0, avg worst disp 0.0 q4
 INFO [encode] nxwarp: stream 0 stereo compose 0.000 ms/frame (max 0.000), 0.0% of the 3.8 ms encode
 INFO [encode] nxwarp: stream 0 encoded 1 frames in 2.9 s: 3.8 ms/frame (max 3.8), 9118 B/frame at fixed QP 40, paced to 90.0 fps (fixed by configuration), 0 composited frame(s) not sent
 INFO [encode] nxwarp: stream 0 pace diagnostics (mean/min/max; interval 11.111 ms, tolerance 5.556 ms): admitted n0; rejected n0
 INFO [layer_commit] geometry[eye 0]: layer fov (what the app rendered, and what goes on the wire) L-53.34 R53.34 U53.34 D-53.34 deg
 INFO [layer_commit] geometry[eye 1]: layer fov (what the app rendered, and what goes on the wire) L-53.34 R53.34 U53.34 D-53.34 deg
 INFO [report_frame] nxwarp atlas: 180 frames, avg skip 91 intra 486 coded 486, atlas 180 picture 0, avg worst disp 0.0 q4
 INFO [encode] nxwarp: stream 0 stereo compose 0.000 ms/frame (max 0.000), 0.0% of the 3.9 ms encode
 INFO [encode] nxwarp: stream 0 encoded 180 frames in 2.0 s: 3.9 ms/frame (max 6.4), 47710 B/frame at fixed QP 40, paced to 90.0 fps (fixed by configuration), 1 composited frame(s) not sent
 INFO [encode] nxwarp: stream 0 pace diagnostics (mean/min/max; interval 11.111 ms, tolerance 5.556 ms): admitted n180 host 11118.9/8188.7/14621.0 us display 11.332/11.034/17.445 ms; rejected n1 host 4273.7/4273.7/4273.7 us display 11.111/11.111/11.111 ms
 INFO [encode] nxwarp: stream 0 tile mapping: 180 frame(s) with per-tile spans, 0 with the fixed-chunk fallback ("tile-map": "auto")
 INFO [encode] nxwarp: stream 0 the headset did not reconstruct 114 frame(s) since the last report; 72 of them cost an all-intra frame and 42 named a frame older than one already coded intra and cost nothing. Last was frame 159, dropped by the worker backlog
 INFO [report_frame] nxwarp atlas: 177 frames, avg skip 573 intra 4 coded 4, atlas 177 picture 0, avg worst disp 32.2 q4
 INFO [encode] nxwarp: stream 0 stereo compose 0.000 ms/frame (max 0.000), 0.0% of the 3.8 ms encode
 INFO [encode] nxwarp: stream 0 encoded 177 frames in 2.0 s: 3.8 ms/frame (max 5.8), 1034 B/frame at fixed QP 40, paced to 90.0 fps (fixed by configuration), 2 composited frame(s) not sent
 INFO [encode] nxwarp: stream 0 pace diagnostics (mean/min/max; interval 11.111 ms, tolerance 5.556 ms): admitted n177 host 11285.4/8306.2/20393.4 us display 11.182/11.108/13.335 ms; rejected n2 host 3801.4/3752.1/3850.8 us display 33.341/11.112/55.570 ms
 INFO [encode] nxwarp: stream 0 tile mapping: 177 frame(s) with per-tile spans, 0 with the fixed-chunk fallback ("tile-map": "auto")
 INFO [report_frame] nxwarp atlas: 180 frames, avg skip 573 intra 4 coded 4, atlas 180 picture 0, avg worst disp 55.4 q4
 INFO [encode] nxwarp: stream 0 stereo compose 0.000 ms/frame (max 0.000), 0.0% of the 3.8 ms encode
 INFO [encode] nxwarp: stream 0 encoded 180 frames in 2.0 s: 3.8 ms/frame (max 5.5), 993 B/frame at fixed QP 40, paced to 90.0 fps (fixed by configuration), 1 composited frame(s) not sent
 INFO [encode] nxwarp: stream 0 pace diagnostics (mean/min/max; interval 11.111 ms, tolerance 5.556 ms): admitted n180 host 11111.2/9280.4/12914.2 us display 11.111/11.103/11.116 ms; rejected n1 host 3905.7/3905.7/3905.7 us display 11.111/11.111/11.111 ms
 INFO [encode] nxwarp: stream 0 tile mapping: 180 frame(s) with per-tile spans, 0 with the fixed-chunk fallback ("tile-map": "auto")
 INFO [report_frame] nxwarp atlas: 181 frames, avg skip 573 intra 4 coded 4, atlas 181 picture 0, avg worst disp 61.2 q4
 INFO [encode] nxwarp: stream 0 stereo compose 0.000 ms/frame (max 0.000), 0.0% of the 3.9 ms encode
 INFO [encode] nxwarp: stream 0 encoded 181 frames in 2.0 s: 3.9 ms/frame (max 5.2), 1006 B/frame at fixed QP 40, paced to 90.0 fps (fixed by configuration), 0 composited frame(s) not sent
 INFO [encode] nxwarp: stream 0 pace diagnostics (mean/min/max; interval 11.111 ms, tolerance 5.556 ms): admitted n181 host 11107.3/9224.7/13037.8 us display 11.107/10.001/11.324 ms; rejected n0
 INFO [encode] nxwarp: stream 0 tile mapping: 181 frame(s) with per-tile spans, 0 with the fixed-chunk fallback ("tile-map": "auto")
 INFO [operator()] Session state changed: XR_SESSION_STATE_VISIBLE
 INFO [operator()] Session state changed: XR_SESSION_STATE_SYNCHRONIZED
 INFO [operator()] Session state changed: XR_SESSION_STATE_STOPPING
 INFO [operator()] Session state changed: XR_SESSION_STATE_IDLE
 INFO [report_frame] nxwarp atlas: 180 frames, avg skip 570 intra 7 coded 7, atlas 180 picture 0, avg worst disp 51.2 q4
 INFO [encode] nxwarp: stream 0 stereo compose 0.000 ms/frame (max 0.000), 0.0% of the 3.8 ms encode
 INFO [encode] nxwarp: stream 0 encoded 180 frames in 2.0 s: 3.8 ms/frame (max 6.1), 1106 B/frame at fixed QP 40, paced to 90.0 fps (fixed by configuration), 0 composited frame(s) not sent
 INFO [encode] nxwarp: stream 0 pace diagnostics (mean/min/max; interval 11.111 ms, tolerance 5.556 ms): admitted n180 host 11121.2/9245.1/13127.3 us display 11.106/10.054/11.657 ms; rejected n0
 INFO [encode] nxwarp: stream 0 tile mapping: 180 frame(s) with per-tile spans, 0 with the fixed-chunk fallback ("tile-map": "auto")
 INFO [report_frame] nxwarp atlas: 180 frames, avg skip 574 intra 3 coded 3, atlas 180 picture 0, avg worst disp 16.3 q4
 INFO [encode] nxwarp: stream 0 stereo compose 0.000 ms/frame (max 0.000), 0.0% of the 3.6 ms encode
 INFO [encode] nxwarp: stream 0 encoded 180 frames in 2.0 s: 3.6 ms/frame (max 5.9), 568 B/frame at fixed QP 40, paced to 90.0 fps (fixed by configuration), 0 composited frame(s) not sent
 INFO [encode] nxwarp: stream 0 pace diagnostics (mean/min/max; interval 11.111 ms, tolerance 5.556 ms): admitted n180 host 11111.1/9913.9/12312.5 us display 11.111/11.091/11.115 ms; rejected n0
 INFO [encode] nxwarp: stream 0 tile mapping: 180 frame(s) with per-tile spans, 0 with the fixed-chunk fallback ("tile-map": "auto")
 INFO [operator()] Session state changed: XR_SESSION_STATE_READY
 INFO [operator()] user presence changed to false
 INFO [operator()] Session state changed: XR_SESSION_STATE_SYNCHRONIZED
 INFO [operator()] Session state changed: XR_SESSION_STATE_VISIBLE
 INFO [operator()] Session state changed: XR_SESSION_STATE_FOCUSED
 INFO [report_frame] nxwarp atlas: 181 frames, avg skip 571 intra 6 coded 6, atlas 181 picture 0, avg worst disp 24.9 q4
 INFO [encode] nxwarp: stream 0 stereo compose 0.000 ms/frame (max 0.000), 0.0% of the 3.7 ms encode
 INFO [encode] nxwarp: stream 0 encoded 181 frames in 2.0 s: 3.7 ms/frame (max 5.7), 1151 B/frame at fixed QP 40, paced to 90.0 fps (fixed by configuration), 0 composited frame(s) not sent
 INFO [encode] nxwarp: stream 0 pace diagnostics (mean/min/max; interval 11.111 ms, tolerance 5.556 ms): admitted n181 host 11086.5/9057.0/13009.8 us display 11.119/11.086/11.294 ms; rejected n0
 INFO [encode] nxwarp: stream 0 tile mapping: 181 frame(s) with per-tile spans, 0 with the fixed-chunk fallback ("tile-map": "auto")
 INFO [report_frame] nxwarp atlas: 181 frames, avg skip 574 intra 3 coded 3, atlas 181 picture 0, avg worst disp 33.7 q4
 INFO [encode] nxwarp: stream 0 stereo compose 0.000 ms/frame (max 0.000), 0.0% of the 3.7 ms encode
 INFO [encode] nxwarp: stream 0 encoded 181 frames in 2.0 s: 3.7 ms/frame (max 6.0), 934 B/frame at fixed QP 40, paced to 90.0 fps (fixed by configuration), 0 composited frame(s) not sent
 INFO [encode] nxwarp: stream 0 pace diagnostics (mean/min/max; interval 11.111 ms, tolerance 5.556 ms): admitted n181 host 11104.1/9022.6/12896.9 us display 11.107/10.003/11.227 ms; rejected n0
 INFO [encode] nxwarp: stream 0 tile mapping: 181 frame(s) with per-tile spans, 0 with the fixed-chunk fallback ("tile-map": "auto")
 INFO [report_frame] nxwarp atlas: 180 frames, avg skip 574 intra 3 coded 3, atlas 180 picture 0, avg worst disp 28.3 q4
 INFO [encode] nxwarp: stream 0 stereo compose 0.000 ms/frame (max 0.000), 0.0% of the 3.7 ms encode
 INFO [encode] nxwarp: stream 0 encoded 180 frames in 2.0 s: 3.7 ms/frame (max 6.4), 949 B/frame at fixed QP 40, paced to 90.0 fps (fixed by configuration), 0 composited frame(s) not sent
 INFO [encode] nxwarp: stream 0 pace diagnostics (mean/min/max; interval 11.111 ms, tolerance 5.556 ms): admitted n180 host 11110.9/8722.9/13431.3 us display 11.113/11.106/11.198 ms; rejected n0
 INFO [encode] nxwarp: stream 0 tile mapping: 180 frame(s) with per-tile spans, 0 with the fixed-chunk fallback ("tile-map": "auto")
 INFO [report_frame] nxwarp atlas: 181 frames, avg skip 573 intra 4 coded 4, atlas 181 picture 0, avg worst disp 19.6 q4
 INFO [encode] nxwarp: stream 0 stereo compose 0.000 ms/frame (max 0.000), 0.0% of the 3.8 ms encode
 INFO [encode] nxwarp: stream 0 encoded 181 frames in 2.0 s: 3.8 ms/frame (max 5.8), 1034 B/frame at fixed QP 40, paced to 90.0 fps (fixed by configuration), 0 composited frame(s) not sent
 INFO [encode] nxwarp: stream 0 pace diagnostics (mean/min/max; interval 11.111 ms, tolerance 5.556 ms): admitted n181 host 11107.1/8973.4/13049.0 us display 11.111/11.106/11.114 ms; rejected n0
 INFO [encode] nxwarp: stream 0 tile mapping: 181 frame(s) with per-tile spans, 0 with the fixed-chunk fallback ("tile-map": "auto")
 INFO [report_frame] nxwarp atlas: 181 frames, avg skip 573 intra 4 coded 4, atlas 181 picture 0, avg worst disp 26.4 q4
 INFO [encode] nxwarp: stream 0 stereo compose 0.000 ms/frame (max 0.000), 0.0% of the 3.8 ms encode
 INFO [encode] nxwarp: stream 0 encoded 181 frames in 2.0 s: 3.8 ms/frame (max 6.1), 971 B/frame at fixed QP 40, paced to 90.0 fps (fixed by configuration), 0 composited frame(s) not sent
 INFO [encode] nxwarp: stream 0 pace diagnostics (mean/min/max; interval 11.111 ms, tolerance 5.556 ms): admitted n181 host 11114.7/9281.6/13150.1 us display 11.111/11.107/11.177 ms; rejected n0
 INFO [encode] nxwarp: stream 0 tile mapping: 181 frame(s) with per-tile spans, 0 with the fixed-chunk fallback ("tile-map": "auto")
 INFO [operator()] Session state changed: XR_SESSION_STATE_VISIBLE
 INFO [operator()] Session state changed: XR_SESSION_STATE_SYNCHRONIZED
 INFO [operator()] Session state changed: XR_SESSION_STATE_STOPPING
 INFO [operator()] Session state changed: XR_SESSION_STATE_IDLE
 INFO [operator()] Session state changed: XR_SESSION_STATE_READY
 INFO [operator()] user presence changed to false
 INFO [operator()] Session state changed: XR_SESSION_STATE_SYNCHRONIZED
 INFO [operator()] Session state changed: XR_SESSION_STATE_VISIBLE
 INFO [operator()] Session state changed: XR_SESSION_STATE_FOCUSED
 INFO [report_frame] nxwarp atlas: 181 frames, avg skip 390 intra 187 coded 187, atlas 181 picture 0, avg worst disp 17.1 q4
 INFO [encode] nxwarp: stream 0 stereo compose 0.000 ms/frame (max 0.000), 0.0% of the 3.8 ms encode
 INFO [encode] nxwarp: stream 0 encoded 181 frames in 2.0 s: 3.8 ms/frame (max 6.0), 18528 B/frame at fixed QP 40, paced to 90.0 fps (fixed by configuration), 0 composited frame(s) not sent
 INFO [encode] nxwarp: stream 0 pace diagnostics (mean/min/max; interval 11.111 ms, tolerance 5.556 ms): admitted n181 host 11107.1/9178.8/12818.0 us display 11.111/11.107/11.173 ms; rejected n0
 INFO [encode] nxwarp: stream 0 tile mapping: 181 frame(s) with per-tile spans, 0 with the fixed-chunk fallback ("tile-map": "auto")
 INFO [encode] nxwarp: stream 0 the headset did not reconstruct 21 frame(s) since the last report; 20 of them cost an all-intra frame and 1 named a frame older than one already coded intra and cost nothing. Last was frame 2160, dropped by the worker backlog
 INFO [report_frame] nxwarp atlas: 181 frames, avg skip 0 intra 578 coded 578, atlas 181 picture 0, avg worst disp 5.5 q4
 INFO [encode] nxwarp: stream 0 stereo compose 0.000 ms/frame (max 0.000), 0.0% of the 3.8 ms encode
 INFO [encode] nxwarp: stream 0 encoded 181 frames in 2.0 s: 3.8 ms/frame (max 5.7), 56803 B/frame at fixed QP 40, paced to 90.0 fps (fixed by configuration), 0 composited frame(s) not sent
 INFO [encode] nxwarp: stream 0 pace diagnostics (mean/min/max; interval 11.111 ms, tolerance 5.556 ms): admitted n181 host 11117.1/9017.4/12940.6 us display 11.111/11.103/11.114 ms; rejected n0
 INFO [encode] nxwarp: stream 0 tile mapping: 181 frame(s) with per-tile spans, 0 with the fixed-chunk fallback ("tile-map": "auto")
 INFO [encode] nxwarp: stream 0 the headset did not reconstruct 73 frame(s) since the last report; 73 of them cost an all-intra frame and 0 named a frame older than one already coded intra and cost nothing. Last was frame 2342, dropped by the worker backlog
 INFO [report_frame] nxwarp atlas: 180 frames, avg skip 0 intra 578 coded 578, atlas 180 picture 0, avg worst disp 5.7 q4
 INFO [encode] nxwarp: stream 0 stereo compose 0.000 ms/frame (max 0.000), 0.0% of the 3.9 ms encode
 INFO [encode] nxwarp: stream 0 encoded 180 frames in 2.0 s: 3.9 ms/frame (max 6.1), 56660 B/frame at fixed QP 40, paced to 90.0 fps (fixed by configuration), 0 composited frame(s) not sent
 INFO [encode] nxwarp: stream 0 pace diagnostics (mean/min/max; interval 11.111 ms, tolerance 5.556 ms): admitted n180 host 11112.7/9187.7/12825.4 us display 11.111/11.107/11.112 ms; rejected n0
 INFO [encode] nxwarp: stream 0 tile mapping: 180 frame(s) with per-tile spans, 0 with the fixed-chunk fallback ("tile-map": "auto")
 INFO [encode] nxwarp: stream 0 the headset did not reconstruct 70 frame(s) since the last report; 70 of them cost an all-intra frame and 0 named a frame older than one already coded intra and cost nothing. Last was frame 2522, dropped by the worker backlog
 INFO [report_frame] nxwarp atlas: 160 frames, avg skip 304 intra 273 coded 273, atlas 160 picture 0, avg worst disp 12.0 q4
 INFO [encode] nxwarp: stream 0 stereo compose 0.000 ms/frame (max 0.000), 0.0% of the 5.1 ms encode
 INFO [encode] nxwarp: stream 0 encoded 160 frames in 2.0 s: 5.1 ms/frame (max 223.0), 27285 B/frame at fixed QP 40, paced to 90.0 fps (fixed by configuration), 2 composited frame(s) not sent
 INFO [encode] nxwarp: stream 0 pace diagnostics (mean/min/max; interval 11.111 ms, tolerance 5.556 ms): admitted n160 host 12473.6/9191.4/223213.3 us display 11.114/11.105/11.369 ms; rejected n2 host 1916.0/1841.4/1990.7 us display 111.255/11.113/211.396 ms
 INFO [encode] nxwarp: stream 0 tile mapping: 160 frame(s) with per-tile spans, 0 with the fixed-chunk fallback ("tile-map": "auto")
 INFO [encode] nxwarp: stream 0 the headset did not reconstruct 30 frame(s) since the last report; 30 of them cost an all-intra frame and 0 named a frame older than one already coded intra and cost nothing. Last was frame 2599, dropped by the decode stride
 INFO [report_frame] nxwarp atlas: 181 frames, avg skip 573 intra 4 coded 4, atlas 181 picture 0, avg worst disp 34.7 q4
 INFO [encode] nxwarp: stream 0 stereo compose 0.000 ms/frame (max 0.000), 0.0% of the 3.8 ms encode
 INFO [encode] nxwarp: stream 0 encoded 181 frames in 2.0 s: 3.8 ms/frame (max 5.9), 1030 B/frame at fixed QP 40, paced to 90.0 fps (fixed by configuration), 0 composited frame(s) not sent
 INFO [encode] nxwarp: stream 0 pace diagnostics (mean/min/max; interval 11.111 ms, tolerance 5.556 ms): admitted n181 host 11108.8/8903.7/12959.6 us display 11.111/11.107/11.112 ms; rejected n0
 INFO [encode] nxwarp: stream 0 tile mapping: 181 frame(s) with per-tile spans, 0 with the fixed-chunk fallback ("tile-map": "auto")
 INFO [operator()] Session state changed: XR_SESSION_STATE_VISIBLE
 INFO [operator()] Session state changed: XR_SESSION_STATE_SYNCHRONIZED
 INFO [operator()] Session state changed: XR_SESSION_STATE_STOPPING
 INFO [operator()] Session state changed: XR_SESSION_STATE_IDLE
 INFO [report_frame] nxwarp atlas: 180 frames, avg skip 564 intra 13 coded 13, atlas 180 picture 0, avg worst disp 37.4 q4
 INFO [encode] nxwarp: stream 0 stereo compose 0.000 ms/frame (max 0.000), 0.0% of the 3.9 ms encode
 INFO [encode] nxwarp: stream 0 encoded 180 frames in 2.0 s: 3.9 ms/frame (max 6.1), 1101 B/frame at fixed QP 40, paced to 90.0 fps (fixed by configuration), 0 composited frame(s) not sent
 INFO [encode] nxwarp: stream 0 pace diagnostics (mean/min/max; interval 11.111 ms, tolerance 5.556 ms): admitted n180 host 11122.9/9329.1/12729.2 us display 11.111/11.107/11.114 ms; rejected n0
 INFO [encode] nxwarp: stream 0 tile mapping: 180 frame(s) with per-tile spans, 0 with the fixed-chunk fallback ("tile-map": "auto")
 INFO [operator()] Session state changed: XR_SESSION_STATE_READY
 INFO [operator()] user presence changed to false
 INFO [operator()] Session state changed: XR_SESSION_STATE_SYNCHRONIZED
 INFO [operator()] Session state changed: XR_SESSION_STATE_VISIBLE
 INFO [operator()] Session state changed: XR_SESSION_STATE_FOCUSED
 INFO [report_frame] nxwarp atlas: 181 frames, avg skip 571 intra 6 coded 6, atlas 181 picture 0, avg worst disp 17.9 q4
 INFO [encode] nxwarp: stream 0 stereo compose 0.000 ms/frame (max 0.000), 0.0% of the 3.8 ms encode
 INFO [encode] nxwarp: stream 0 encoded 181 frames in 2.0 s: 3.8 ms/frame (max 6.1), 954 B/frame at fixed QP 40, paced to 90.0 fps (fixed by configuration), 0 composited frame(s) not sent
 INFO [encode] nxwarp: stream 0 pace diagnostics (mean/min/max; interval 11.111 ms, tolerance 5.556 ms): admitted n181 host 11100.9/9531.8/12550.2 us display 11.111/11.107/11.113 ms; rejected n0
 INFO [encode] nxwarp: stream 0 tile mapping: 181 frame(s) with per-tile spans, 0 with the fixed-chunk fallback ("tile-map": "auto")
 INFO [report_frame] nxwarp atlas: 181 frames, avg skip 574 intra 3 coded 3, atlas 181 picture 0, avg worst disp 44.3 q4
 INFO [encode] nxwarp: stream 0 stereo compose 0.000 ms/frame (max 0.000), 0.0% of the 3.8 ms encode
 INFO [encode] nxwarp: stream 0 encoded 181 frames in 2.0 s: 3.8 ms/frame (max 6.4), 950 B/frame at fixed QP 40, paced to 90.0 fps (fixed by configuration), 0 composited frame(s) not sent
 INFO [encode] nxwarp: stream 0 pace diagnostics (mean/min/max; interval 11.111 ms, tolerance 5.556 ms): admitted n181 host 11112.7/9088.8/13057.6 us display 11.111/11.105/11.113 ms; rejected n0
 INFO [encode] nxwarp: stream 0 tile mapping: 181 frame(s) with per-tile spans, 0 with the fixed-chunk fallback ("tile-map": "auto")
 INFO [report_frame] nxwarp atlas: 180 frames, avg skip 573 intra 4 coded 4, atlas 180 picture 0, avg worst disp 41.4 q4
 INFO [encode] nxwarp: stream 0 stereo compose 0.000 ms/frame (max 0.000), 0.0% of the 3.8 ms encode
 INFO [encode] nxwarp: stream 0 encoded 180 frames in 2.0 s: 3.8 ms/frame (max 6.0), 997 B/frame at fixed QP 40, paced to 90.0 fps (fixed by configuration), 0 composited frame(s) not sent
 INFO [encode] nxwarp: stream 0 pace diagnostics (mean/min/max; interval 11.111 ms, tolerance 5.556 ms): admitted n180 host 11106.7/9154.3/13099.4 us display 11.111/11.104/11.111 ms; rejected n0
 INFO [encode] nxwarp: stream 0 tile mapping: 180 frame(s) with per-tile spans, 0 with the fixed-chunk fallback ("tile-map": "auto")
 INFO [report_frame] nxwarp atlas: 180 frames, avg skip 574 intra 4 coded 4, atlas 180 picture 0, avg worst disp 34.4 q4
 INFO [encode] nxwarp: stream 0 stereo compose 0.000 ms/frame (max 0.000), 0.0% of the 3.8 ms encode
 INFO [encode] nxwarp: stream 0 encoded 180 frames in 2.0 s: 3.8 ms/frame (max 6.0), 954 B/frame at fixed QP 40, paced to 90.0 fps (fixed by configuration), 0 composited frame(s) not sent
 INFO [encode] nxwarp: stream 0 pace diagnostics (mean/min/max; interval 11.111 ms, tolerance 5.556 ms): admitted n180 host 11114.5/8882.1/13405.3 us display 11.111/11.106/11.112 ms; rejected n0
 INFO [encode] nxwarp: stream 0 tile mapping: 180 frame(s) with per-tile spans, 0 with the fixed-chunk fallback ("tile-map": "auto")
 INFO [report_frame] nxwarp atlas: 180 frames, avg skip 573 intra 4 coded 4, atlas 180 picture 0, avg worst disp 27.9 q4
 INFO [encode] nxwarp: stream 0 stereo compose 0.000 ms/frame (max 0.000), 0.0% of the 3.8 ms encode
 INFO [encode] nxwarp: stream 0 encoded 180 frames in 2.0 s: 3.8 ms/frame (max 6.6), 1016 B/frame at fixed QP 40, paced to 90.0 fps (fixed by configuration), 0 composited frame(s) not sent
 INFO [encode] nxwarp: stream 0 pace diagnostics (mean/min/max; interval 11.111 ms, tolerance 5.556 ms): admitted n180 host 11111.9/8191.7/14049.4 us display 11.111/11.107/11.114 ms; rejected n0
 INFO [encode] nxwarp: stream 0 tile mapping: 180 frame(s) with per-tile spans, 0 with the fixed-chunk fallback ("tile-map": "auto")
 INFO [operator()] Session state changed: XR_SESSION_STATE_VISIBLE
 INFO [operator()] Session state changed: XR_SESSION_STATE_SYNCHRONIZED
 INFO [operator()] Session state changed: XR_SESSION_STATE_STOPPING
 INFO [operator()] Session state changed: XR_SESSION_STATE_IDLE
 INFO [report_frame] nxwarp atlas: 180 frames, avg skip 571 intra 6 coded 6, atlas 180 picture 0, avg worst disp 25.0 q4
 INFO [encode] nxwarp: stream 0 stereo compose 0.000 ms/frame (max 0.000), 0.0% of the 3.8 ms encode
 INFO [encode] nxwarp: stream 0 encoded 180 frames in 2.0 s: 3.8 ms/frame (max 5.4), 860 B/frame at fixed QP 40, paced to 90.0 fps (fixed by configuration), 0 composited frame(s) not sent
 INFO [encode] nxwarp: stream 0 pace diagnostics (mean/min/max; interval 11.111 ms, tolerance 5.556 ms): admitted n180 host 11119.6/8376.9/13835.9 us display 11.111/11.108/11.116 ms; rejected n0
 INFO [encode] nxwarp: stream 0 tile mapping: 180 frame(s) with per-tile spans, 0 with the fixed-chunk fallback ("tile-map": "auto")
 INFO [operator()] Session state changed: XR_SESSION_STATE_READY
 INFO [operator()] user presence changed to false
 INFO [operator()] Session state changed: XR_SESSION_STATE_SYNCHRONIZED
 INFO [operator()] Session state changed: XR_SESSION_STATE_VISIBLE
 INFO [operator()] Session state changed: XR_SESSION_STATE_FOCUSED
 INFO [report_frame] nxwarp atlas: 181 frames, avg skip 570 intra 7 coded 7, atlas 181 picture 0, avg worst disp 35.1 q4
 INFO [encode] nxwarp: stream 0 stereo compose 0.000 ms/frame (max 0.000), 0.0% of the 3.8 ms encode
 INFO [encode] nxwarp: stream 0 encoded 181 frames in 2.0 s: 3.8 ms/frame (max 6.0), 1287 B/frame at fixed QP 40, paced to 90.0 fps (fixed by configuration), 0 composited frame(s) not sent
 INFO [encode] nxwarp: stream 0 pace diagnostics (mean/min/max; interval 11.111 ms, tolerance 5.556 ms): admitted n181 host 11102.3/9406.0/13059.1 us display 11.111/11.106/11.113 ms; rejected n0
 INFO [encode] nxwarp: stream 0 tile mapping: 181 frame(s) with per-tile spans, 0 with the fixed-chunk fallback ("tile-map": "auto")
 INFO [encode] nxwarp: stream 0 the headset did not reconstruct 1 frame(s) since the last report; 1 of them cost an all-intra frame and 0 named a frame older than one already coded intra and cost nothing. Last was frame 4140, dropped by the worker backlog
 INFO [report_frame] nxwarp atlas: 181 frames, avg skip 573 intra 4 coded 4, atlas 181 picture 0, avg worst disp 68.8 q4
 INFO [encode] nxwarp: stream 0 stereo compose 0.000 ms/frame (max 0.000), 0.0% of the 3.8 ms encode
 INFO [encode] nxwarp: stream 0 encoded 181 frames in 2.0 s: 3.8 ms/frame (max 5.8), 968 B/frame at fixed QP 40, paced to 90.0 fps (fixed by configuration), 0 composited frame(s) not sent
 INFO [encode] nxwarp: stream 0 pace diagnostics (mean/min/max; interval 11.111 ms, tolerance 5.556 ms): admitted n181 host 11113.2/8773.0/12918.9 us display 11.111/11.108/11.114 ms; rejected n0
 INFO [encode] nxwarp: stream 0 tile mapping: 181 frame(s) with per-tile spans, 0 with the fixed-chunk fallback ("tile-map": "auto")
 INFO [report_frame] nxwarp atlas: 181 frames, avg skip 573 intra 4 coded 4, atlas 181 picture 0, avg worst disp 41.4 q4
 INFO [encode] nxwarp: stream 0 stereo compose 0.000 ms/frame (max 0.000), 0.0% of the 3.9 ms encode
 INFO [encode] nxwarp: stream 0 encoded 181 frames in 2.0 s: 3.9 ms/frame (max 5.2), 1058 B/frame at fixed QP 40, paced to 90.0 fps (fixed by configuration), 0 composited frame(s) not sent
 INFO [encode] nxwarp: stream 0 pace diagnostics (mean/min/max; interval 11.111 ms, tolerance 5.556 ms): admitted n181 host 11108.5/9591.5/12490.9 us display 11.111/11.105/11.111 ms; rejected n0
 INFO [encode] nxwarp: stream 0 tile mapping: 181 frame(s) with per-tile spans, 0 with the fixed-chunk fallback ("tile-map": "auto")
 INFO [report_frame] nxwarp atlas: 181 frames, avg skip 574 intra 3 coded 3, atlas 181 picture 0, avg worst disp 44.5 q4
 INFO [encode] nxwarp: stream 0 stereo compose 0.000 ms/frame (max 0.000), 0.0% of the 3.7 ms encode
 INFO [encode] nxwarp: stream 0 encoded 181 frames in 2.0 s: 3.7 ms/frame (max 5.8), 934 B/frame at fixed QP 40, paced to 90.0 fps (fixed by configuration), 0 composited frame(s) not sent
 INFO [encode] nxwarp: stream 0 pace diagnostics (mean/min/max; interval 11.111 ms, tolerance 5.556 ms): admitted n181 host 11112.4/9082.5/12956.3 us display 11.111/11.105/11.114 ms; rejected n0
 INFO [encode] nxwarp: stream 0 tile mapping: 181 frame(s) with per-tile spans, 0 with the fixed-chunk fallback ("tile-map": "auto")
 INFO [report_frame] nxwarp atlas: 181 frames, avg skip 574 intra 3 coded 3, atlas 181 picture 0, avg worst disp 60.7 q4
 INFO [encode] nxwarp: stream 0 stereo compose 0.000 ms/frame (max 0.000), 0.0% of the 3.7 ms encode
 INFO [encode] nxwarp: stream 0 encoded 181 frames in 2.0 s: 3.7 ms/frame (max 6.0), 948 B/frame at fixed QP 40, paced to 90.0 fps (fixed by configuration), 0 composited frame(s) not sent
 INFO [encode] nxwarp: stream 0 pace diagnostics (mean/min/max; interval 11.111 ms, tolerance 5.556 ms): admitted n181 host 11115.1/9084.3/12904.3 us display 11.111/11.105/11.114 ms; rejected n0
 INFO [encode] nxwarp: stream 0 tile mapping: 181 frame(s) with per-tile spans, 0 with the fixed-chunk fallback ("tile-map": "auto")
 INFO [operator()] Session state changed: XR_SESSION_STATE_VISIBLE
 INFO [operator()] Session state changed: XR_SESSION_STATE_SYNCHRONIZED
 INFO [operator()] Session state changed: XR_SESSION_STATE_STOPPING
 INFO [operator()] Session state changed: XR_SESSION_STATE_IDLE
 INFO [report_frame] nxwarp atlas: 180 frames, avg skip 565 intra 12 coded 12, atlas 180 picture 0, avg worst disp 18.4 q4
 INFO [encode] nxwarp: stream 0 stereo compose 0.000 ms/frame (max 0.000), 0.0% of the 3.7 ms encode
 INFO [encode] nxwarp: stream 0 encoded 180 frames in 2.0 s: 3.7 ms/frame (max 5.4), 755 B/frame at fixed QP 40, paced to 90.0 fps (fixed by configuration), 0 composited frame(s) not sent
 INFO [encode] nxwarp: stream 0 pace diagnostics (mean/min/max; interval 11.111 ms, tolerance 5.556 ms): admitted n180 host 11115.0/9324.9/12500.7 us display 11.111/11.107/11.123 ms; rejected n0
 INFO [encode] nxwarp: stream 0 tile mapping: 180 frame(s) with per-tile spans, 0 with the fixed-chunk fallback ("tile-map": "auto")
 INFO [operator()] Session state changed: XR_SESSION_STATE_READY
 INFO [operator()] user presence changed to false
 INFO [operator()] Session state changed: XR_SESSION_STATE_SYNCHRONIZED
 INFO [operator()] Session state changed: XR_SESSION_STATE_VISIBLE
 INFO [operator()] Session state changed: XR_SESSION_STATE_FOCUSED
 INFO [report_frame] nxwarp atlas: 181 frames, avg skip 571 intra 6 coded 6, atlas 181 picture 0, avg worst disp 27.0 q4
 INFO [encode] nxwarp: stream 0 stereo compose 0.000 ms/frame (max 0.000), 0.0% of the 3.8 ms encode
 INFO [encode] nxwarp: stream 0 encoded 181 frames in 2.0 s: 3.8 ms/frame (max 4.8), 1131 B/frame at fixed QP 40, paced to 90.0 fps (fixed by configuration), 0 composited frame(s) not sent
 INFO [encode] nxwarp: stream 0 pace diagnostics (mean/min/max; interval 11.111 ms, tolerance 5.556 ms): admitted n181 host 11101.0/9110.9/13180.2 us display 11.111/11.104/11.111 ms; rejected n0
 INFO [encode] nxwarp: stream 0 tile mapping: 181 frame(s) with per-tile spans, 0 with the fixed-chunk fallback ("tile-map": "auto")
 INFO [encode] nxwarp: stream 0 the headset did not reconstruct 1 frame(s) since the last report; 1 of them cost an all-intra frame and 0 named a frame older than one already coded intra and cost nothing. Last was frame 5280, dropped by the worker backlog
 INFO [report_frame] nxwarp atlas: 181 frames, avg skip 573 intra 4 coded 4, atlas 181 picture 0, avg worst disp 39.6 q4
 INFO [encode] nxwarp: stream 0 stereo compose 0.000 ms/frame (max 0.000), 0.0% of the 3.7 ms encode
 INFO [encode] nxwarp: stream 0 encoded 181 frames in 2.0 s: 3.7 ms/frame (max 5.9), 1013 B/frame at fixed QP 40, paced to 90.0 fps (fixed by configuration), 0 composited frame(s) not sent
 INFO [encode] nxwarp: stream 0 pace diagnostics (mean/min/max; interval 11.111 ms, tolerance 5.556 ms): admitted n181 host 11112.7/8914.3/13236.1 us display 11.111/11.108/11.114 ms; rejected n0
 INFO [encode] nxwarp: stream 0 tile mapping: 181 frame(s) with per-tile spans, 0 with the fixed-chunk fallback ("tile-map": "auto")
 INFO [report_frame] nxwarp atlas: 180 frames, avg skip 573 intra 4 coded 4, atlas 180 picture 0, avg worst disp 45.7 q4
 INFO [encode] nxwarp: stream 0 stereo compose 0.000 ms/frame (max 0.000), 0.0% of the 3.7 ms encode
 INFO [encode] nxwarp: stream 0 encoded 180 frames in 2.0 s: 3.7 ms/frame (max 6.1), 996 B/frame at fixed QP 40, paced to 90.0 fps (fixed by configuration), 0 composited frame(s) not sent
 INFO [encode] nxwarp: stream 0 pace diagnostics (mean/min/max; interval 11.111 ms, tolerance 5.556 ms): admitted n180 host 11112.2/9199.1/12880.6 us display 11.111/11.103/11.112 ms; rejected n0
 INFO [encode] nxwarp: stream 0 tile mapping: 180 frame(s) with per-tile spans, 0 with the fixed-chunk fallback ("tile-map": "auto")
 INFO [report_frame] nxwarp atlas: 181 frames, avg skip 573 intra 4 coded 4, atlas 181 picture 0, avg worst disp 37.1 q4
 INFO [encode] nxwarp: stream 0 stereo compose 0.000 ms/frame (max 0.000), 0.0% of the 3.7 ms encode
 INFO [encode] nxwarp: stream 0 encoded 181 frames in 2.0 s: 3.7 ms/frame (max 5.4), 1012 B/frame at fixed QP 40, paced to 90.0 fps (fixed by configuration), 0 composited frame(s) not sent
 INFO [encode] nxwarp: stream 0 pace diagnostics (mean/min/max; interval 11.111 ms, tolerance 5.556 ms): admitted n181 host 11118.1/9387.3/13004.3 us display 11.111/11.105/11.115 ms; rejected n0
 INFO [encode] nxwarp: stream 0 tile mapping: 181 frame(s) with per-tile spans, 0 with the fixed-chunk fallback ("tile-map": "auto")
 INFO [report_frame] nxwarp atlas: 181 frames, avg skip 573 intra 4 coded 4, atlas 181 picture 0, avg worst disp 43.5 q4
 INFO [encode] nxwarp: stream 0 stereo compose 0.000 ms/frame (max 0.000), 0.0% of the 3.7 ms encode
 INFO [encode] nxwarp: stream 0 encoded 181 frames in 2.0 s: 3.7 ms/frame (max 5.9), 1105 B/frame at fixed QP 40, paced to 90.0 fps (fixed by configuration), 0 composited frame(s) not sent
 INFO [encode] nxwarp: stream 0 pace diagnostics (mean/min/max; interval 11.111 ms, tolerance 5.556 ms): admitted n181 host 11102.9/9069.2/13032.5 us display 11.111/11.095/11.111 ms; rejected n0
 INFO [encode] nxwarp: stream 0 tile mapping: 181 frame(s) with per-tile spans, 0 with the fixed-chunk fallback ("tile-map": "auto")
 INFO [operator()] Session state changed: XR_SESSION_STATE_VISIBLE
 INFO [operator()] Session state changed: XR_SESSION_STATE_SYNCHRONIZED
 INFO [operator()] Session state changed: XR_SESSION_STATE_STOPPING
 INFO [operator()] Session state changed: XR_SESSION_STATE_IDLE
 INFO [report_frame] nxwarp atlas: 180 frames, avg skip 571 intra 6 coded 6, atlas 180 picture 0, avg worst disp 20.7 q4
 INFO [encode] nxwarp: stream 0 stereo compose 0.000 ms/frame (max 0.000), 0.0% of the 3.7 ms encode
 INFO [encode] nxwarp: stream 0 encoded 180 frames in 2.0 s: 3.7 ms/frame (max 6.2), 772 B/frame at fixed QP 40, paced to 90.0 fps (fixed by configuration), 0 composited frame(s) not sent
 INFO [encode] nxwarp: stream 0 pace diagnostics (mean/min/max; interval 11.111 ms, tolerance 5.556 ms): admitted n180 host 11120.5/9718.3/12777.6 us display 11.111/11.106/11.113 ms; rejected n0
 INFO [encode] nxwarp: stream 0 tile mapping: 180 frame(s) with per-tile spans, 0 with the fixed-chunk fallback ("tile-map": "auto")
 INFO [operator()] Session state changed: XR_SESSION_STATE_READY
 INFO [operator()] user presence changed to false
 INFO [operator()] Session state changed: XR_SESSION_STATE_SYNCHRONIZED
 INFO [operator()] Session state changed: XR_SESSION_STATE_VISIBLE
 INFO [operator()] Session state changed: XR_SESSION_STATE_FOCUSED
 INFO [report_frame] nxwarp atlas: 181 frames, avg skip 434 intra 143 coded 143, atlas 181 picture 0, avg worst disp 14.4 q4
 INFO [encode] nxwarp: stream 0 stereo compose 0.000 ms/frame (max 0.000), 0.0% of the 3.7 ms encode
 INFO [encode] nxwarp: stream 0 encoded 181 frames in 2.0 s: 3.7 ms/frame (max 5.6), 14282 B/frame at fixed QP 40, paced to 90.0 fps (fixed by configuration), 0 composited frame(s) not sent
 INFO [encode] nxwarp: stream 0 pace diagnostics (mean/min/max; interval 11.111 ms, tolerance 5.556 ms): admitted n181 host 11099.7/9154.9/12860.8 us display 11.111/11.106/11.123 ms; rejected n0
 INFO [encode] nxwarp: stream 0 tile mapping: 181 frame(s) with per-tile spans, 0 with the fixed-chunk fallback ("tile-map": "auto")
 INFO [encode] nxwarp: stream 0 the headset did not reconstruct 18 frame(s) since the last report; 16 of them cost an all-intra frame and 2 named a frame older than one already coded intra and cost nothing. Last was frame 6452, dropped by the worker backlog
 INFO [report_frame] nxwarp atlas: 180 frames, avg skip 574 intra 3 coded 3, atlas 180 picture 0, avg worst disp 28.4 q4
 INFO [encode] nxwarp: stream 0 stereo compose 0.000 ms/frame (max 0.000), 0.0% of the 3.7 ms encode
 INFO [encode] nxwarp: stream 0 encoded 180 frames in 2.0 s: 3.7 ms/frame (max 6.0), 918 B/frame at fixed QP 40, paced to 90.0 fps (fixed by configuration), 0 composited frame(s) not sent
 INFO [encode] nxwarp: stream 0 pace diagnostics (mean/min/max; interval 11.111 ms, tolerance 5.556 ms): admitted n180 host 11113.8/9506.8/12834.0 us display 11.111/11.097/11.114 ms; rejected n0
 INFO [encode] nxwarp: stream 0 tile mapping: 180 frame(s) with per-tile spans, 0 with the fixed-chunk fallback ("tile-map": "auto")
 INFO [report_frame] nxwarp atlas: 180 frames, avg skip 574 intra 3 coded 3, atlas 180 picture 0, avg worst disp 25.6 q4
 INFO [encode] nxwarp: stream 0 stereo compose 0.000 ms/frame (max 0.000), 0.0% of the 3.7 ms encode
 INFO [encode] nxwarp: stream 0 encoded 180 frames in 2.0 s: 3.7 ms/frame (max 6.0), 948 B/frame at fixed QP 40, paced to 90.0 fps (fixed by configuration), 0 composited frame(s) not sent
 INFO [encode] nxwarp: stream 0 pace diagnostics (mean/min/max; interval 11.111 ms, tolerance 5.556 ms): admitted n180 host 11116.2/9290.2/13174.9 us display 11.111/11.105/11.115 ms; rejected n0
 INFO [encode] nxwarp: stream 0 tile mapping: 180 frame(s) with per-tile spans, 0 with the fixed-chunk fallback ("tile-map": "auto")
 INFO [report_frame] nxwarp atlas: 181 frames, avg skip 573 intra 4 coded 4, atlas 181 picture 0, avg worst disp 34.3 q4
 INFO [encode] nxwarp: stream 0 stereo compose 0.000 ms/frame (max 0.000), 0.0% of the 3.8 ms encode
 INFO [encode] nxwarp: stream 0 encoded 181 frames in 2.0 s: 3.8 ms/frame (max 6.1), 992 B/frame at fixed QP 40, paced to 90.0 fps (fixed by configuration), 0 composited frame(s) not sent
 INFO [encode] nxwarp: stream 0 pace diagnostics (mean/min/max; interval 11.111 ms, tolerance 5.556 ms): admitted n181 host 11102.6/9090.9/13085.5 us display 11.111/11.109/11.114 ms; rejected n0
 INFO [encode] nxwarp: stream 0 tile mapping: 181 frame(s) with per-tile spans, 0 with the fixed-chunk fallback ("tile-map": "auto")
 INFO [report_frame] nxwarp atlas: 180 frames, avg skip 573 intra 4 coded 4, atlas 180 picture 0, avg worst disp 37.2 q4
 INFO [encode] nxwarp: stream 0 stereo compose 0.000 ms/frame (max 0.000), 0.0% of the 3.7 ms encode
 INFO [encode] nxwarp: stream 0 encoded 180 frames in 2.0 s: 3.7 ms/frame (max 5.0), 1032 B/frame at fixed QP 40, paced to 90.0 fps (fixed by configuration), 0 composited frame(s) not sent
 INFO [encode] nxwarp: stream 0 pace diagnostics (mean/min/max; interval 11.111 ms, tolerance 5.556 ms): admitted n180 host 11111.7/9195.4/12911.5 us display 11.111/11.103/11.113 ms; rejected n0
 INFO [encode] nxwarp: stream 0 tile mapping: 180 frame(s) with per-tile spans, 0 with the fixed-chunk fallback ("tile-map": "auto")
 INFO [operator()] Session state changed: XR_SESSION_STATE_VISIBLE
 INFO [operator()] Session state changed: XR_SESSION_STATE_SYNCHRONIZED
 INFO [operator()] Session state changed: XR_SESSION_STATE_STOPPING
 INFO [operator()] Session state changed: XR_SESSION_STATE_IDLE
 INFO [report_frame] nxwarp atlas: 180 frames, avg skip 555 intra 22 coded 22, atlas 180 picture 0, avg worst disp 35.2 q4
 INFO [encode] nxwarp: stream 0 stereo compose 0.000 ms/frame (max 0.000), 0.0% of the 3.8 ms encode
 INFO [encode] nxwarp: stream 0 encoded 180 frames in 2.0 s: 3.8 ms/frame (max 5.1), 1096 B/frame at fixed QP 40, paced to 90.0 fps (fixed by configuration), 0 composited frame(s) not sent
 INFO [encode] nxwarp: stream 0 pace diagnostics (mean/min/max; interval 11.111 ms, tolerance 5.556 ms): admitted n180 host 11122.1/9278.9/13002.2 us display 11.111/11.098/11.122 ms; rejected n0
 INFO [encode] nxwarp: stream 0 tile mapping: 180 frame(s) with per-tile spans, 0 with the fixed-chunk fallback ("tile-map": "auto")
 INFO [encode] nxwarp: stream 0 the headset did not reconstruct 1 frame(s) since the last report; 1 of them cost an all-intra frame and 0 named a frame older than one already coded intra and cost nothing. Last was frame 7307, dropped by the worker backlog
 INFO [operator()] Session state changed: XR_SESSION_STATE_READY
 INFO [operator()] user presence changed to false
 INFO [operator()] Session state changed: XR_SESSION_STATE_SYNCHRONIZED
 INFO [operator()] Session state changed: XR_SESSION_STATE_VISIBLE
 INFO [operator()] Session state changed: XR_SESSION_STATE_FOCUSED
 INFO [report_frame] nxwarp atlas: 181 frames, avg skip 571 intra 6 coded 6, atlas 181 picture 0, avg worst disp 26.0 q4
 INFO [encode] nxwarp: stream 0 stereo compose 0.000 ms/frame (max 0.000), 0.0% of the 3.8 ms encode
 INFO [encode] nxwarp: stream 0 encoded 181 frames in 2.0 s: 3.8 ms/frame (max 5.0), 1019 B/frame at fixed QP 40, paced to 90.0 fps (fixed by configuration), 0 composited frame(s) not sent
 INFO [encode] nxwarp: stream 0 pace diagnostics (mean/min/max; interval 11.111 ms, tolerance 5.556 ms): admitted n181 host 11101.0/9287.1/12805.2 us display 11.111/11.099/11.122 ms; rejected n0
 INFO [encode] nxwarp: stream 0 tile mapping: 181 frame(s) with per-tile spans, 0 with the fixed-chunk fallback ("tile-map": "auto")
 INFO [report_frame] nxwarp atlas: 181 frames, avg skip 573 intra 4 coded 4, atlas 181 picture 0, avg worst disp 53.3 q4
 INFO [encode] nxwarp: stream 0 stereo compose 0.000 ms/frame (max 0.000), 0.0% of the 3.7 ms encode
 INFO [encode] nxwarp: stream 0 encoded 181 frames in 2.0 s: 3.7 ms/frame (max 6.2), 1079 B/frame at fixed QP 40, paced to 90.0 fps (fixed by configuration), 0 composited frame(s) not sent
 INFO [encode] nxwarp: stream 0 pace diagnostics (mean/min/max; interval 11.111 ms, tolerance 5.556 ms): admitted n181 host 11117.4/9255.5/12935.6 us display 11.111/11.104/11.114 ms; rejected n0
 INFO [encode] nxwarp: stream 0 tile mapping: 181 frame(s) with per-tile spans, 0 with the fixed-chunk fallback ("tile-map": "auto")
 INFO [report_frame] nxwarp atlas: 181 frames, avg skip 573 intra 4 coded 4, atlas 181 picture 0, avg worst disp 45.3 q4
 INFO [encode] nxwarp: stream 0 stereo compose 0.000 ms/frame (max 0.000), 0.0% of the 3.8 ms encode
 INFO [encode] nxwarp: stream 0 encoded 181 frames in 2.0 s: 3.8 ms/frame (max 6.3), 1046 B/frame at fixed QP 40, paced to 90.0 fps (fixed by configuration), 0 composited frame(s) not sent
 INFO [encode] nxwarp: stream 0 pace diagnostics (mean/min/max; interval 11.111 ms, tolerance 5.556 ms): admitted n181 host 11103.7/9477.9/12766.8 us display 11.111/11.106/11.111 ms; rejected n0
 INFO [encode] nxwarp: stream 0 tile mapping: 181 frame(s) with per-tile spans, 0 with the fixed-chunk fallback ("tile-map": "auto")
 INFO [report_frame] nxwarp atlas: 180 frames, avg skip 573 intra 4 coded 4, atlas 180 picture 0, avg worst disp 43.0 q4
 INFO [encode] nxwarp: stream 0 stereo compose 0.000 ms/frame (max 0.000), 0.0% of the 3.8 ms encode
 INFO [encode] nxwarp: stream 0 encoded 180 frames in 2.0 s: 3.8 ms/frame (max 5.9), 1039 B/frame at fixed QP 40, paced to 90.0 fps (fixed by configuration), 0 composited frame(s) not sent
 INFO [encode] nxwarp: stream 0 pace diagnostics (mean/min/max; interval 11.111 ms, tolerance 5.556 ms): admitted n180 host 11113.1/9502.0/12809.7 us display 11.111/11.107/11.115 ms; rejected n0
 INFO [encode] nxwarp: stream 0 tile mapping: 180 frame(s) with per-tile spans, 0 with the fixed-chunk fallback ("tile-map": "auto")
 INFO [report_frame] nxwarp atlas: 180 frames, avg skip 573 intra 4 coded 4, atlas 180 picture 0, avg worst disp 29.0 q4
 INFO [encode] nxwarp: stream 0 stereo compose 0.000 ms/frame (max 0.000), 0.0% of the 3.8 ms encode
 INFO [encode] nxwarp: stream 0 encoded 180 frames in 2.0 s: 3.8 ms/frame (max 6.2), 1000 B/frame at fixed QP 40, paced to 90.0 fps (fixed by configuration), 0 composited frame(s) not sent
 INFO [encode] nxwarp: stream 0 pace diagnostics (mean/min/max; interval 11.111 ms, tolerance 5.556 ms): admitted n180 host 11116.7/9240.1/13018.6 us display 11.111/11.097/11.114 ms; rejected n0
 INFO [encode] nxwarp: stream 0 tile mapping: 180 frame(s) with per-tile spans, 0 with the fixed-chunk fallback ("tile-map": "auto")
 INFO [operator()] Session state changed: XR_SESSION_STATE_VISIBLE
 INFO [operator()] Session state changed: XR_SESSION_STATE_SYNCHRONIZED
 INFO [operator()] Session state changed: XR_SESSION_STATE_STOPPING
 INFO [operator()] Session state changed: XR_SESSION_STATE_IDLE
 INFO [report_frame] nxwarp atlas: 180 frames, avg skip 571 intra 6 coded 6, atlas 180 picture 0, avg worst disp 23.5 q4
 INFO [encode] nxwarp: stream 0 stereo compose 0.000 ms/frame (max 0.000), 0.0% of the 3.7 ms encode
 INFO [encode] nxwarp: stream 0 encoded 180 frames in 2.0 s: 3.7 ms/frame (max 6.4), 838 B/frame at fixed QP 40, paced to 90.0 fps (fixed by configuration), 0 composited frame(s) not sent
 INFO [encode] nxwarp: stream 0 pace diagnostics (mean/min/max; interval 11.111 ms, tolerance 5.556 ms): admitted n180 host 11114.9/9256.0/14049.1 us display 11.111/11.096/11.116 ms; rejected n0
 INFO [encode] nxwarp: stream 0 tile mapping: 180 frame(s) with per-tile spans, 0 with the fixed-chunk fallback ("tile-map": "auto")
 INFO [operator()] Session state changed: XR_SESSION_STATE_READY
 INFO [operator()] user presence changed to false
 INFO [operator()] Session state changed: XR_SESSION_STATE_SYNCHRONIZED
 INFO [operator()] Session state changed: XR_SESSION_STATE_VISIBLE
 INFO [operator()] Session state changed: XR_SESSION_STATE_FOCUSED
 INFO [report_frame] nxwarp atlas: 181 frames, avg skip 571 intra 6 coded 6, atlas 181 picture 0, avg worst disp 27.7 q4
 INFO [encode] nxwarp: stream 0 stereo compose 0.000 ms/frame (max 0.000), 0.0% of the 3.7 ms encode
 INFO [encode] nxwarp: stream 0 encoded 181 frames in 2.0 s: 3.7 ms/frame (max 5.9), 1033 B/frame at fixed QP 40, paced to 90.0 fps (fixed by configuration), 0 composited frame(s) not sent
 INFO [encode] nxwarp: stream 0 pace diagnostics (mean/min/max; interval 11.111 ms, tolerance 5.556 ms): admitted n181 host 11098.8/9158.9/12865.2 us display 11.111/11.104/11.144 ms; rejected n0
 INFO [encode] nxwarp: stream 0 tile mapping: 181 frame(s) with per-tile spans, 0 with the fixed-chunk fallback ("tile-map": "auto")
 INFO [report_frame] nxwarp atlas: 181 frames, avg skip 574 intra 3 coded 3, atlas 181 picture 0, avg worst disp 36.0 q4
 INFO [encode] nxwarp: stream 0 stereo compose 0.000 ms/frame (max 0.000), 0.0% of the 3.8 ms encode
 INFO [encode] nxwarp: stream 0 encoded 181 frames in 2.0 s: 3.8 ms/frame (max 6.2), 953 B/frame at fixed QP 40, paced to 90.0 fps (fixed by configuration), 0 composited frame(s) not sent
 INFO [encode] nxwarp: stream 0 pace diagnostics (mean/min/max; interval 11.111 ms, tolerance 5.556 ms): admitted n181 host 11111.4/9371.1/12896.7 us display 11.111/11.105/11.113 ms; rejected n0
 INFO [encode] nxwarp: stream 0 tile mapping: 181 frame(s) with per-tile spans, 0 with the fixed-chunk fallback ("tile-map": "auto")
 INFO [report_frame] nxwarp atlas: 181 frames, avg skip 573 intra 4 coded 4, atlas 181 picture 0, avg worst disp 30.0 q4
 INFO [encode] nxwarp: stream 0 stereo compose 0.000 ms/frame (max 0.000), 0.0% of the 3.7 ms encode
 INFO [encode] nxwarp: stream 0 encoded 181 frames in 2.0 s: 3.7 ms/frame (max 6.1), 1016 B/frame at fixed QP 40, paced to 90.0 fps (fixed by configuration), 0 composited frame(s) not sent
 INFO [encode] nxwarp: stream 0 pace diagnostics (mean/min/max; interval 11.111 ms, tolerance 5.556 ms): admitted n181 host 11111.8/9238.0/13114.5 us display 11.111/11.101/11.114 ms; rejected n0
 INFO [encode] nxwarp: stream 0 tile mapping: 181 frame(s) with per-tile spans, 0 with the fixed-chunk fallback ("tile-map": "auto")
 INFO [report_frame] nxwarp atlas: 180 frames, avg skip 574 intra 4 coded 4, atlas 180 picture 0, avg worst disp 44.7 q4
 INFO [encode] nxwarp: stream 0 stereo compose 0.000 ms/frame (max 0.000), 0.0% of the 3.8 ms encode
 INFO [encode] nxwarp: stream 0 encoded 180 frames in 2.0 s: 3.8 ms/frame (max 6.0), 957 B/frame at fixed QP 40, paced to 90.0 fps (fixed by configuration), 0 composited frame(s) not sent
 INFO [encode] nxwarp: stream 0 pace diagnostics (mean/min/max; interval 11.111 ms, tolerance 5.556 ms): admitted n180 host 11115.7/9662.7/12892.1 us display 11.111/11.106/11.115 ms; rejected n0
 INFO [encode] nxwarp: stream 0 tile mapping: 180 frame(s) with per-tile spans, 0 with the fixed-chunk fallback ("tile-map": "auto")
 INFO [report_frame] nxwarp atlas: 181 frames, avg skip 573 intra 4 coded 4, atlas 181 picture 0, avg worst disp 41.1 q4
 INFO [encode] nxwarp: stream 0 stereo compose 0.000 ms/frame (max 0.000), 0.0% of the 3.8 ms encode
 INFO [encode] nxwarp: stream 0 encoded 181 frames in 2.0 s: 3.8 ms/frame (max 5.7), 976 B/frame at fixed QP 40, paced to 90.0 fps (fixed by configuration), 0 composited frame(s) not sent
 INFO [encode] nxwarp: stream 0 pace diagnostics (mean/min/max; interval 11.111 ms, tolerance 5.556 ms): admitted n181 host 11115.5/8892.1/13161.6 us display 11.111/11.107/11.111 ms; rejected n0
 INFO [encode] nxwarp: stream 0 tile mapping: 181 frame(s) with per-tile spans, 0 with the fixed-chunk fallback ("tile-map": "auto")
 INFO [operator()] Session state changed: XR_SESSION_STATE_VISIBLE
 INFO [operator()] Session state changed: XR_SESSION_STATE_SYNCHRONIZED
 INFO [operator()] Session state changed: XR_SESSION_STATE_STOPPING
 INFO [operator()] Session state changed: XR_SESSION_STATE_IDLE
 INFO [report_frame] nxwarp atlas: 181 frames, avg skip 571 intra 6 coded 6, atlas 181 picture 0, avg worst disp 19.6 q4
 INFO [encode] nxwarp: stream 0 stereo compose 0.000 ms/frame (max 0.000), 0.0% of the 3.7 ms encode
 INFO [encode] nxwarp: stream 0 encoded 181 frames in 2.0 s: 3.7 ms/frame (max 5.0), 831 B/frame at fixed QP 40, paced to 90.0 fps (fixed by configuration), 0 composited frame(s) not sent
 INFO [encode] nxwarp: stream 0 pace diagnostics (mean/min/max; interval 11.111 ms, tolerance 5.556 ms): admitted n181 host 11112.9/8907.1/13278.1 us display 11.111/11.106/11.117 ms; rejected n0
 INFO [encode] nxwarp: stream 0 tile mapping: 181 frame(s) with per-tile spans, 0 with the fixed-chunk fallback ("tile-map": "auto")
 INFO [operator()] Session state changed: XR_SESSION_STATE_READY
 INFO [operator()] user presence changed to false
 INFO [operator()] Session state changed: XR_SESSION_STATE_SYNCHRONIZED
 INFO [operator()] Session state changed: XR_SESSION_STATE_VISIBLE
 INFO [operator()] Session state changed: XR_SESSION_STATE_FOCUSED
 INFO [report_frame] nxwarp atlas: 181 frames, avg skip 320 intra 257 coded 257, atlas 181 picture 0, avg worst disp 13.2 q4
 INFO [encode] nxwarp: stream 0 stereo compose 0.000 ms/frame (max 0.000), 0.0% of the 3.7 ms encode
 INFO [encode] nxwarp: stream 0 encoded 181 frames in 2.0 s: 3.7 ms/frame (max 6.1), 25811 B/frame at fixed QP 40, paced to 90.0 fps (fixed by configuration), 0 composited frame(s) not sent
 INFO [encode] nxwarp: stream 0 pace diagnostics (mean/min/max; interval 11.111 ms, tolerance 5.556 ms): admitted n181 host 11098.9/9275.8/13105.0 us display 11.111/11.104/11.120 ms; rejected n0
 INFO [encode] nxwarp: stream 0 tile mapping: 181 frame(s) with per-tile spans, 0 with the fixed-chunk fallback ("tile-map": "auto")
 INFO [encode] nxwarp: stream 0 the headset did not reconstruct 30 frame(s) since the last report; 29 of them cost an all-intra frame and 1 named a frame older than one already coded intra and cost nothing. Last was frame 9724, dropped by the worker backlog
 INFO [report_frame] nxwarp atlas: 180 frames, avg skip 461 intra 116 coded 116, atlas 180 picture 0, avg worst disp 20.1 q4
 INFO [encode] nxwarp: stream 0 stereo compose 0.000 ms/frame (max 0.000), 0.0% of the 3.8 ms encode
 INFO [encode] nxwarp: stream 0 encoded 180 frames in 2.0 s: 3.8 ms/frame (max 6.1), 12021 B/frame at fixed QP 40, paced to 90.0 fps (fixed by configuration), 0 composited frame(s) not sent
 INFO [encode] nxwarp: stream 0 pace diagnostics (mean/min/max; interval 11.111 ms, tolerance 5.556 ms): admitted n180 host 11111.7/8827.4/13064.0 us display 11.122/11.105/13.127 ms; rejected n0
 INFO [encode] nxwarp: stream 0 tile mapping: 180 frame(s) with per-tile spans, 0 with the fixed-chunk fallback ("tile-map": "auto")
 INFO [encode] nxwarp: stream 0 the headset did not reconstruct 17 frame(s) since the last report; 14 of them cost an all-intra frame and 3 named a frame older than one already coded intra and cost nothing. Last was frame 9763, dropped by the worker backlog
 INFO [report_frame] nxwarp atlas: 180 frames, avg skip 574 intra 3 coded 3, atlas 180 picture 0, avg worst disp 44.8 q4
 INFO [encode] nxwarp: stream 0 stereo compose 0.000 ms/frame (max 0.000), 0.0% of the 3.7 ms encode
 INFO [encode] nxwarp: stream 0 encoded 180 frames in 2.0 s: 3.7 ms/frame (max 6.1), 938 B/frame at fixed QP 40, paced to 90.0 fps (fixed by configuration), 0 composited frame(s) not sent
 INFO [encode] nxwarp: stream 0 pace diagnostics (mean/min/max; interval 11.111 ms, tolerance 5.556 ms): admitted n180 host 11112.3/8997.2/13752.0 us display 11.111/11.104/11.113 ms; rejected n0
 INFO [encode] nxwarp: stream 0 tile mapping: 180 frame(s) with per-tile spans, 0 with the fixed-chunk fallback ("tile-map": "auto")
 INFO [report_frame] nxwarp atlas: 181 frames, avg skip 573 intra 4 coded 4, atlas 181 picture 0, avg worst disp 46.7 q4
 INFO [encode] nxwarp: stream 0 stereo compose 0.000 ms/frame (max 0.000), 0.0% of the 3.7 ms encode
 INFO [encode] nxwarp: stream 0 encoded 181 frames in 2.0 s: 3.7 ms/frame (max 6.0), 960 B/frame at fixed QP 40, paced to 90.0 fps (fixed by configuration), 0 composited frame(s) not sent
 INFO [encode] nxwarp: stream 0 pace diagnostics (mean/min/max; interval 11.111 ms, tolerance 5.556 ms): admitted n181 host 11109.5/9180.6/13095.4 us display 11.111/11.108/11.112 ms; rejected n0
 INFO [encode] nxwarp: stream 0 tile mapping: 181 frame(s) with per-tile spans, 0 with the fixed-chunk fallback ("tile-map": "auto")
 INFO [report_frame] nxwarp atlas: 181 frames, avg skip 573 intra 4 coded 4, atlas 181 picture 0, avg worst disp 42.2 q4
 INFO [encode] nxwarp: stream 0 stereo compose 0.000 ms/frame (max 0.000), 0.0% of the 3.8 ms encode
 INFO [encode] nxwarp: stream 0 encoded 181 frames in 2.0 s: 3.8 ms/frame (max 4.9), 965 B/frame at fixed QP 40, paced to 90.0 fps (fixed by configuration), 0 composited frame(s) not sent
 INFO [encode] nxwarp: stream 0 pace diagnostics (mean/min/max; interval 11.111 ms, tolerance 5.556 ms): admitted n181 host 11116.9/9230.0/13039.3 us display 11.111/11.105/11.112 ms; rejected n0
 INFO [encode] nxwarp: stream 0 tile mapping: 181 frame(s) with per-tile spans, 0 with the fixed-chunk fallback ("tile-map": "auto")
 INFO [operator()] Session state changed: XR_SESSION_STATE_VISIBLE
 INFO [operator()] Session state changed: XR_SESSION_STATE_SYNCHRONIZED
 INFO [operator()] Session state changed: XR_SESSION_STATE_STOPPING
 INFO [operator()] Session state changed: XR_SESSION_STATE_IDLE
 INFO [operator()] Session state changed: XR_SESSION_STATE_READY
 INFO [operator()] user presence changed to false
 INFO [operator()] Session state changed: XR_SESSION_STATE_SYNCHRONIZED
 INFO [operator()] Session state changed: XR_SESSION_STATE_VISIBLE
 INFO [operator()] Session state changed: XR_SESSION_STATE_FOCUSED
 INFO [report_frame] nxwarp atlas: 180 frames, avg skip 567 intra 10 coded 10, atlas 180 picture 0, avg worst disp 37.6 q4
 INFO [encode] nxwarp: stream 0 stereo compose 0.000 ms/frame (max 0.000), 0.0% of the 3.7 ms encode
 INFO [encode] nxwarp: stream 0 encoded 180 frames in 2.0 s: 3.7 ms/frame (max 5.1), 1205 B/frame at fixed QP 40, paced to 90.0 fps (fixed by configuration), 0 composited frame(s) not sent
 INFO [encode] nxwarp: stream 0 pace diagnostics (mean/min/max; interval 11.111 ms, tolerance 5.556 ms): admitted n180 host 11103.7/9336.7/13068.8 us display 11.109/10.741/11.116 ms; rejected n0
 INFO [encode] nxwarp: stream 0 tile mapping: 180 frame(s) with per-tile spans, 0 with the fixed-chunk fallback ("tile-map": "auto")
 INFO [report_frame] nxwarp atlas: 181 frames, avg skip 573 intra 4 coded 4, atlas 181 picture 0, avg worst disp 43.0 q4
 INFO [encode] nxwarp: stream 0 stereo compose 0.000 ms/frame (max 0.000), 0.0% of the 3.9 ms encode
 INFO [encode] nxwarp: stream 0 encoded 181 frames in 2.0 s: 3.9 ms/frame (max 5.6), 1046 B/frame at fixed QP 40, paced to 90.0 fps (fixed by configuration), 0 composited frame(s) not sent
 INFO [encode] nxwarp: stream 0 pace diagnostics (mean/min/max; interval 11.111 ms, tolerance 5.556 ms): admitted n181 host 11113.9/9464.2/12718.6 us display 11.111/11.107/11.111 ms; rejected n0
 INFO [encode] nxwarp: stream 0 tile mapping: 181 frame(s) with per-tile spans, 0 with the fixed-chunk fallback ("tile-map": "auto")
 INFO [report_frame] nxwarp atlas: 181 frames, avg skip 573 intra 4 coded 4, atlas 181 picture 0, avg worst disp 55.6 q4
 INFO [encode] nxwarp: stream 0 stereo compose 0.000 ms/frame (max 0.000), 0.0% of the 3.9 ms encode
 INFO [encode] nxwarp: stream 0 encoded 181 frames in 2.0 s: 3.9 ms/frame (max 6.4), 1013 B/frame at fixed QP 40, paced to 90.0 fps (fixed by configuration), 0 composited frame(s) not sent
 INFO [encode] nxwarp: stream 0 pace diagnostics (mean/min/max; interval 11.111 ms, tolerance 5.556 ms): admitted n181 host 11107.4/8968.0/13547.7 us display 11.111/11.105/11.111 ms; rejected n0
 INFO [encode] nxwarp: stream 0 tile mapping: 181 frame(s) with per-tile spans, 0 with the fixed-chunk fallback ("tile-map": "auto")
 INFO [report_frame] nxwarp atlas: 181 frames, avg skip 573 intra 4 coded 4, atlas 181 picture 0, avg worst disp 47.9 q4
 INFO [encode] nxwarp: stream 0 stereo compose 0.000 ms/frame (max 0.000), 0.0% of the 3.9 ms encode
 INFO [encode] nxwarp: stream 0 encoded 181 frames in 2.0 s: 3.9 ms/frame (max 5.1), 997 B/frame at fixed QP 40, paced to 90.0 fps (fixed by configuration), 0 composited frame(s) not sent
 INFO [encode] nxwarp: stream 0 pace diagnostics (mean/min/max; interval 11.111 ms, tolerance 5.556 ms): admitted n181 host 11115.1/9474.9/12849.1 us display 11.111/11.107/11.114 ms; rejected n0
 INFO [encode] nxwarp: stream 0 tile mapping: 181 frame(s) with per-tile spans, 0 with the fixed-chunk fallback ("tile-map": "auto")
 INFO [report_frame] nxwarp atlas: 181 frames, avg skip 573 intra 4 coded 4, atlas 181 picture 0, avg worst disp 32.7 q4
 INFO [encode] nxwarp: stream 0 stereo compose 0.000 ms/frame (max 0.000), 0.0% of the 3.8 ms encode
 INFO [encode] nxwarp: stream 0 encoded 181 frames in 2.0 s: 3.8 ms/frame (max 6.0), 1038 B/frame at fixed QP 40, paced to 90.0 fps (fixed by configuration), 0 composited frame(s) not sent
 INFO [encode] nxwarp: stream 0 pace diagnostics (mean/min/max; interval 11.111 ms, tolerance 5.556 ms): admitted n181 host 11108.3/9357.0/12810.5 us display 11.111/11.107/11.114 ms; rejected n0
 INFO [encode] nxwarp: stream 0 tile mapping: 181 frame(s) with per-tile spans, 0 with the fixed-chunk fallback ("tile-map": "auto")
 INFO [report_frame] nxwarp atlas: 180 frames, avg skip 573 intra 4 coded 4, atlas 180 picture 0, avg worst disp 50.4 q4
 INFO [encode] nxwarp: stream 0 stereo compose 0.000 ms/frame (max 0.000), 0.0% of the 3.7 ms encode
 INFO [encode] nxwarp: stream 0 encoded 180 frames in 2.0 s: 3.7 ms/frame (max 4.8), 1047 B/frame at fixed QP 40, paced to 90.0 fps (fixed by configuration), 0 composited frame(s) not sent
 INFO [encode] nxwarp: stream 0 pace diagnostics (mean/min/max; interval 11.111 ms, tolerance 5.556 ms): admitted n180 host 11112.8/9046.7/13251.9 us display 11.111/11.102/11.113 ms; rejected n0
 INFO [encode] nxwarp: stream 0 tile mapping: 180 frame(s) with per-tile spans, 0 with the fixed-chunk fallback ("tile-map": "auto")
 INFO [operator()] Session state changed: XR_SESSION_STATE_VISIBLE
 INFO [operator()] Session state changed: XR_SESSION_STATE_SYNCHRONIZED
 INFO [operator()] Session state changed: XR_SESSION_STATE_STOPPING
 INFO [operator()] Session state changed: XR_SESSION_STATE_IDLE
 INFO [report_frame] nxwarp atlas: 180 frames, avg skip 571 intra 6 coded 6, atlas 180 picture 0, avg worst disp 27.2 q4
 INFO [encode] nxwarp: stream 0 stereo compose 0.000 ms/frame (max 0.000), 0.0% of the 3.8 ms encode
 INFO [encode] nxwarp: stream 0 encoded 180 frames in 2.0 s: 3.8 ms/frame (max 5.9), 621 B/frame at fixed QP 40, paced to 90.0 fps (fixed by configuration), 0 composited frame(s) not sent
 INFO [encode] nxwarp: stream 0 pace diagnostics (mean/min/max; interval 11.111 ms, tolerance 5.556 ms): admitted n180 host 11120.9/9680.2/13049.0 us display 11.111/11.107/11.117 ms; rejected n0
 INFO [encode] nxwarp: stream 0 tile mapping: 180 frame(s) with per-tile spans, 0 with the fixed-chunk fallback ("tile-map": "auto")
 INFO [operator()] Session state changed: XR_SESSION_STATE_READY
 INFO [operator()] user presence changed to false
 INFO [operator()] Session state changed: XR_SESSION_STATE_SYNCHRONIZED
 INFO [operator()] Session state changed: XR_SESSION_STATE_VISIBLE
 INFO [operator()] Session state changed: XR_SESSION_STATE_FOCUSED
 INFO [report_frame] nxwarp atlas: 181 frames, avg skip 460 intra 117 coded 117, atlas 179 picture 2, avg worst disp 23.6 q4
 INFO [encode] nxwarp: stream 0 stereo compose 0.000 ms/frame (max 0.000), 0.0% of the 3.8 ms encode
 INFO [encode] nxwarp: stream 0 encoded 181 frames in 2.0 s: 3.8 ms/frame (max 6.1), 11914 B/frame at fixed QP 40, paced to 90.0 fps (fixed by configuration), 0 composited frame(s) not sent
 INFO [encode] nxwarp: stream 0 pace diagnostics (mean/min/max; interval 11.111 ms, tolerance 5.556 ms): admitted n181 host 11102.7/8643.2/12871.1 us display 11.111/11.109/11.114 ms; rejected n0
 INFO [encode] nxwarp: stream 0 tile mapping: 181 frame(s) with per-tile spans, 0 with the fixed-chunk fallback ("tile-map": "auto")
 INFO [encode] nxwarp: stream 0 the headset did not reconstruct 32 frame(s) since the last report; 17 of them cost an all-intra frame and 15 named a frame older than one already coded intra and cost nothing. Last was frame 11892, dropped by the worker backlog
 INFO [report_frame] nxwarp atlas: 181 frames, avg skip 323 intra 254 coded 254, atlas 181 picture 0, avg worst disp 10.1 q4
 INFO [encode] nxwarp: stream 0 stereo compose 0.000 ms/frame (max 0.000), 0.0% of the 3.8 ms encode
 INFO [encode] nxwarp: stream 0 encoded 181 frames in 2.0 s: 3.8 ms/frame (max 5.1), 25204 B/frame at fixed QP 40, paced to 90.0 fps (fixed by configuration), 0 composited frame(s) not sent
 INFO [encode] nxwarp: stream 0 pace diagnostics (mean/min/max; interval 11.111 ms, tolerance 5.556 ms): admitted n181 host 11107.0/8441.5/14174.1 us display 11.115/11.105/11.771 ms; rejected n0
 INFO [encode] nxwarp: stream 0 tile mapping: 181 frame(s) with per-tile spans, 0 with the fixed-chunk fallback ("tile-map": "auto")
 INFO [encode] nxwarp: stream 0 the headset did not reconstruct 34 frame(s) since the last report; 30 of them cost an all-intra frame and 4 named a frame older than one already coded intra and cost nothing. Last was frame 11974, dropped by the worker backlog
 INFO [report_frame] nxwarp atlas: 181 frames, avg skip 574 intra 3 coded 3, atlas 181 picture 0, avg worst disp 30.5 q4
 INFO [encode] nxwarp: stream 0 stereo compose 0.000 ms/frame (max 0.000), 0.0% of the 3.8 ms encode
 INFO [encode] nxwarp: stream 0 encoded 181 frames in 2.0 s: 3.8 ms/frame (max 5.0), 947 B/frame at fixed QP 40, paced to 90.0 fps (fixed by configuration), 0 composited frame(s) not sent
 INFO [encode] nxwarp: stream 0 pace diagnostics (mean/min/max; interval 11.111 ms, tolerance 5.556 ms): admitted n181 host 11111.2/8556.6/13977.8 us display 11.111/11.104/11.113 ms; rejected n0
 INFO [encode] nxwarp: stream 0 tile mapping: 181 frame(s) with per-tile spans, 0 with the fixed-chunk fallback ("tile-map": "auto")
 INFO [report_frame] nxwarp atlas: 181 frames, avg skip 573 intra 4 coded 4, atlas 181 picture 0, avg worst disp 49.5 q4
 INFO [encode] nxwarp: stream 0 stereo compose 0.000 ms/frame (max 0.000), 0.0% of the 3.8 ms encode
 INFO [encode] nxwarp: stream 0 encoded 181 frames in 2.0 s: 3.8 ms/frame (max 6.0), 1046 B/frame at fixed QP 40, paced to 90.0 fps (fixed by configuration), 0 composited frame(s) not sent
 INFO [encode] nxwarp: stream 0 pace diagnostics (mean/min/max; interval 11.111 ms, tolerance 5.556 ms): admitted n181 host 11120.3/9115.9/13445.4 us display 11.111/11.104/11.112 ms; rejected n0
 INFO [encode] nxwarp: stream 0 tile mapping: 181 frame(s) with per-tile spans, 0 with the fixed-chunk fallback ("tile-map": "auto")
 INFO [report_frame] nxwarp atlas: 180 frames, avg skip 574 intra 3 coded 3, atlas 180 picture 0, avg worst disp 33.4 q4
 INFO [encode] nxwarp: stream 0 stereo compose 0.000 ms/frame (max 0.000), 0.0% of the 3.8 ms encode
 INFO [encode] nxwarp: stream 0 encoded 180 frames in 2.0 s: 3.8 ms/frame (max 5.9), 951 B/frame at fixed QP 40, paced to 90.0 fps (fixed by configuration), 0 composited frame(s) not sent
 INFO [encode] nxwarp: stream 0 pace diagnostics (mean/min/max; interval 11.111 ms, tolerance 5.556 ms): admitted n180 host 11111.8/9282.8/13015.3 us display 11.111/11.104/11.112 ms; rejected n0
 INFO [encode] nxwarp: stream 0 tile mapping: 180 frame(s) with per-tile spans, 0 with the fixed-chunk fallback ("tile-map": "auto")
 INFO [operator()] Session state changed: XR_SESSION_STATE_VISIBLE
 INFO [operator()] Session state changed: XR_SESSION_STATE_SYNCHRONIZED
 INFO [operator()] Session state changed: XR_SESSION_STATE_STOPPING
 INFO [operator()] Session state changed: XR_SESSION_STATE_IDLE
 INFO [report_frame] nxwarp atlas: 180 frames, avg skip 571 intra 6 coded 6, atlas 180 picture 0, avg worst disp 29.9 q4
 INFO [encode] nxwarp: stream 0 stereo compose 0.000 ms/frame (max 0.000), 0.0% of the 3.7 ms encode
 INFO [encode] nxwarp: stream 0 encoded 180 frames in 2.0 s: 3.7 ms/frame (max 6.1), 735 B/frame at fixed QP 40, paced to 90.0 fps (fixed by configuration), 0 composited frame(s) not sent
 INFO [encode] nxwarp: stream 0 pace diagnostics (mean/min/max; interval 11.111 ms, tolerance 5.556 ms): admitted n180 host 11111.3/9270.3/13096.8 us display 11.111/11.105/11.117 ms; rejected n0
 INFO [encode] nxwarp: stream 0 tile mapping: 180 frame(s) with per-tile spans, 0 with the fixed-chunk fallback ("tile-map": "auto")
 INFO [operator()] Session state changed: XR_SESSION_STATE_READY
 INFO [operator()] user presence changed to false
 INFO [operator()] Session state changed: XR_SESSION_STATE_SYNCHRONIZED
 INFO [operator()] Session state changed: XR_SESSION_STATE_VISIBLE
 INFO [operator()] Session state changed: XR_SESSION_STATE_FOCUSED
 INFO [report_frame] nxwarp atlas: 180 frames, avg skip 571 intra 6 coded 6, atlas 180 picture 0, avg worst disp 21.7 q4
 INFO [encode] nxwarp: stream 0 stereo compose 0.000 ms/frame (max 0.000), 0.0% of the 3.7 ms encode
 INFO [encode] nxwarp: stream 0 encoded 180 frames in 2.0 s: 3.7 ms/frame (max 6.2), 1078 B/frame at fixed QP 40, paced to 90.0 fps (fixed by configuration), 0 composited frame(s) not sent
 INFO [encode] nxwarp: stream 0 pace diagnostics (mean/min/max; interval 11.111 ms, tolerance 5.556 ms): admitted n180 host 11110.7/9066.4/13220.5 us display 11.111/11.106/11.114 ms; rejected n0
 INFO [encode] nxwarp: stream 0 tile mapping: 180 frame(s) with per-tile spans, 0 with the fixed-chunk fallback ("tile-map": "auto")
 INFO [report_frame] nxwarp atlas: 181 frames, avg skip 573 intra 4 coded 4, atlas 181 picture 0, avg worst disp 33.5 q4
 INFO [encode] nxwarp: stream 0 stereo compose 0.000 ms/frame (max 0.000), 0.0% of the 3.9 ms encode
 INFO [encode] nxwarp: stream 0 encoded 181 frames in 2.0 s: 3.9 ms/frame (max 5.9), 1051 B/frame at fixed QP 40, paced to 90.0 fps (fixed by configuration), 0 composited frame(s) not sent
 INFO [encode] nxwarp: stream 0 pace diagnostics (mean/min/max; interval 11.111 ms, tolerance 5.556 ms): admitted n181 host 11101.9/8820.9/13903.1 us display 11.111/11.106/11.112 ms; rejected n0
 INFO [encode] nxwarp: stream 0 tile mapping: 181 frame(s) with per-tile spans, 0 with the fixed-chunk fallback ("tile-map": "auto")
 INFO [report_frame] nxwarp atlas: 181 frames, avg skip 573 intra 4 coded 4, atlas 181 picture 0, avg worst disp 43.3 q4
 INFO [encode] nxwarp: stream 0 stereo compose 0.000 ms/frame (max 0.000), 0.0% of the 3.8 ms encode
 INFO [encode] nxwarp: stream 0 encoded 181 frames in 2.0 s: 3.8 ms/frame (max 6.5), 1057 B/frame at fixed QP 40, paced to 90.0 fps (fixed by configuration), 0 composited frame(s) not sent
 INFO [encode] nxwarp: stream 0 pace diagnostics (mean/min/max; interval 11.111 ms, tolerance 5.556 ms): admitted n181 host 11111.4/8655.5/13312.9 us display 11.111/11.106/11.113 ms; rejected n0
 INFO [encode] nxwarp: stream 0 tile mapping: 181 frame(s) with per-tile spans, 0 with the fixed-chunk fallback ("tile-map": "auto")
 INFO [report_frame] nxwarp atlas: 181 frames, avg skip 573 intra 4 coded 4, atlas 181 picture 0, avg worst disp 54.3 q4
 INFO [encode] nxwarp: stream 0 stereo compose 0.000 ms/frame (max 0.000), 0.0% of the 3.8 ms encode
 INFO [encode] nxwarp: stream 0 encoded 181 frames in 2.0 s: 3.8 ms/frame (max 6.0), 1021 B/frame at fixed QP 40, paced to 90.0 fps (fixed by configuration), 0 composited frame(s) not sent
 INFO [encode] nxwarp: stream 0 pace diagnostics (mean/min/max; interval 11.111 ms, tolerance 5.556 ms): admitted n181 host 11108.8/9080.5/13025.6 us display 11.111/11.107/11.113 ms; rejected n0
 INFO [encode] nxwarp: stream 0 tile mapping: 181 frame(s) with per-tile spans, 0 with the fixed-chunk fallback ("tile-map": "auto")
 INFO [report_frame] nxwarp atlas: 180 frames, avg skip 573 intra 4 coded 4, atlas 180 picture 0, avg worst disp 35.3 q4
 INFO [encode] nxwarp: stream 0 stereo compose 0.000 ms/frame (max 0.000), 0.0% of the 3.8 ms encode
 INFO [encode] nxwarp: stream 0 encoded 180 frames in 2.0 s: 3.8 ms/frame (max 6.0), 969 B/frame at fixed QP 40, paced to 90.0 fps (fixed by configuration), 0 composited frame(s) not sent
 INFO [encode] nxwarp: stream 0 pace diagnostics (mean/min/max; interval 11.111 ms, tolerance 5.556 ms): admitted n180 host 11113.8/8011.3/13390.1 us display 11.111/11.102/11.114 ms; rejected n0
 INFO [encode] nxwarp: stream 0 tile mapping: 180 frame(s) with per-tile spans, 0 with the fixed-chunk fallback ("tile-map": "auto")
 INFO [client_connected] Client 2 connected
 INFO [ipc_handle_instance_describe_client] Client info:
	id: 2
	application_name: 'steam'
	pid: 3798132
	extensions:
		ext_hand_tracking_enabled: true
		ext_hand_tracking_data_source_enabled: false
		ext_eye_gaze_interaction_enabled: false
		ext_future_enabled: false
		ext_hand_interaction_enabled: false
		htc_facial_tracking_enabled: false
		fb_body_tracking_enabled: false
		meta_body_tracking_full_body_enabled: false
		meta_body_tracking_calibration_enabled: false
		meta_body_tracking_fidelity_enabled: false
		fb_face_tracking2_enabled: false
		android_face_tracking_enabled: false
 INFO [client_disconnected] Client 2 disconnected
 INFO [client_connected] Client 3 connected
 INFO [ipc_handle_instance_describe_client] Client info:
	id: 3
	application_name: 'wineopenxr test instance'
	pid: 3798132
	extensions:
		ext_hand_tracking_enabled: false
		ext_hand_tracking_data_source_enabled: false
		ext_eye_gaze_interaction_enabled: false
		ext_future_enabled: false
		ext_hand_interaction_enabled: false
		htc_facial_tracking_enabled: false
		fb_body_tracking_enabled: false
		meta_body_tracking_full_body_enabled: false
		meta_body_tracking_calibration_enabled: false
		meta_body_tracking_fidelity_enabled: false
		fb_face_tracking2_enabled: false
		android_face_tracking_enabled: false
 INFO [client_disconnected] Client 3 disconnected
 INFO [operator()] Session state changed: XR_SESSION_STATE_VISIBLE
 INFO [operator()] Session state changed: XR_SESSION_STATE_SYNCHRONIZED
 INFO [operator()] Session state changed: XR_SESSION_STATE_STOPPING
 INFO [operator()] Session state changed: XR_SESSION_STATE_IDLE
 INFO [report_frame] nxwarp atlas: 180 frames, avg skip 571 intra 6 coded 6, atlas 180 picture 0, avg worst disp 25.9 q4
 INFO [encode] nxwarp: stream 0 stereo compose 0.000 ms/frame (max 0.000), 0.0% of the 3.9 ms encode
 INFO [encode] nxwarp: stream 0 encoded 180 frames in 2.0 s: 3.9 ms/frame (max 5.9), 792 B/frame at fixed QP 40, paced to 90.0 fps (fixed by configuration), 0 composited frame(s) not sent
 INFO [encode] nxwarp: stream 0 pace diagnostics (mean/min/max; interval 11.111 ms, tolerance 5.556 ms): admitted n180 host 11121.2/8874.0/13646.9 us display 11.111/11.104/11.114 ms; rejected n0
 INFO [encode] nxwarp: stream 0 tile mapping: 180 frame(s) with per-tile spans, 0 with the fixed-chunk fallback ("tile-map": "auto")
 INFO [operator()] Session state changed: XR_SESSION_STATE_READY
 INFO [operator()] user presence changed to false
 INFO [operator()] Session state changed: XR_SESSION_STATE_SYNCHRONIZED
 INFO [operator()] Session state changed: XR_SESSION_STATE_VISIBLE
 INFO [operator()] Session state changed: XR_SESSION_STATE_FOCUSED
 INFO [report_frame] nxwarp atlas: 181 frames, avg skip 555 intra 22 coded 22, atlas 181 picture 0, avg worst disp 22.8 q4
 INFO [encode] nxwarp: stream 0 stereo compose 0.000 ms/frame (max 0.000), 0.0% of the 3.9 ms encode
 INFO [encode] nxwarp: stream 0 encoded 181 frames in 2.0 s: 3.9 ms/frame (max 6.1), 2638 B/frame at fixed QP 40, paced to 90.0 fps (fixed by configuration), 0 composited frame(s) not sent
 INFO [encode] nxwarp: stream 0 pace diagnostics (mean/min/max; interval 11.111 ms, tolerance 5.556 ms): admitted n181 host 11097.7/9269.3/13247.0 us display 11.111/11.108/11.112 ms; rejected n0
 INFO [encode] nxwarp: stream 0 tile mapping: 181 frame(s) with per-tile spans, 0 with the fixed-chunk fallback ("tile-map": "auto")
 INFO [encode] nxwarp: stream 0 the headset did not reconstruct 3 frame(s) since the last report; 2 of them cost an all-intra frame and 1 named a frame older than one already coded intra and cost nothing. Last was frame 13978, dropped by the worker backlog
 INFO [report_frame] nxwarp atlas: 181 frames, avg skip 573 intra 4 coded 4, atlas 181 picture 0, avg worst disp 43.2 q4
 INFO [encode] nxwarp: stream 0 stereo compose 0.000 ms/frame (max 0.000), 0.0% of the 3.8 ms encode
 INFO [encode] nxwarp: stream 0 encoded 181 frames in 2.0 s: 3.8 ms/frame (max 6.4), 1017 B/frame at fixed QP 40, paced to 90.0 fps (fixed by configuration), 0 composited frame(s) not sent
 INFO [encode] nxwarp: stream 0 pace diagnostics (mean/min/max; interval 11.111 ms, tolerance 5.556 ms): admitted n181 host 11111.2/7929.2/13677.1 us display 11.111/11.105/11.113 ms; rejected n0
 INFO [encode] nxwarp: stream 0 tile mapping: 181 frame(s) with per-tile spans, 0 with the fixed-chunk fallback ("tile-map": "auto")
 INFO [report_frame] nxwarp atlas: 180 frames, avg skip 573 intra 4 coded 4, atlas 180 picture 0, avg worst disp 34.5 q4
 INFO [encode] nxwarp: stream 0 stereo compose 0.000 ms/frame (max 0.000), 0.0% of the 3.9 ms encode
 INFO [encode] nxwarp: stream 0 encoded 180 frames in 2.0 s: 3.9 ms/frame (max 6.0), 964 B/frame at fixed QP 40, paced to 90.0 fps (fixed by configuration), 0 composited frame(s) not sent
 INFO [encode] nxwarp: stream 0 pace diagnostics (mean/min/max; interval 11.111 ms, tolerance 5.556 ms): admitted n180 host 11113.3/8531.8/13931.6 us display 11.111/11.106/11.113 ms; rejected n0
 INFO [encode] nxwarp: stream 0 tile mapping: 180 frame(s) with per-tile spans, 0 with the fixed-chunk fallback ("tile-map": "auto")
 INFO [report_frame] nxwarp atlas: 181 frames, avg skip 573 intra 4 coded 4, atlas 181 picture 0, avg worst disp 42.3 q4
 INFO [encode] nxwarp: stream 0 stereo compose 0.000 ms/frame (max 0.000), 0.0% of the 3.9 ms encode
 INFO [encode] nxwarp: stream 0 encoded 181 frames in 2.0 s: 3.9 ms/frame (max 6.2), 1016 B/frame at fixed QP 40, paced to 90.0 fps (fixed by configuration), 0 composited frame(s) not sent
 INFO [encode] nxwarp: stream 0 pace diagnostics (mean/min/max; interval 11.111 ms, tolerance 5.556 ms): admitted n181 host 11116.7/8899.0/13172.1 us display 11.111/11.105/11.113 ms; rejected n0
 INFO [encode] nxwarp: stream 0 tile mapping: 181 frame(s) with per-tile spans, 0 with the fixed-chunk fallback ("tile-map": "auto")
 INFO [report_frame] nxwarp atlas: 181 frames, avg skip 574 intra 3 coded 3, atlas 181 picture 0, avg worst disp 40.8 q4
 INFO [encode] nxwarp: stream 0 stereo compose 0.000 ms/frame (max 0.000), 0.0% of the 3.9 ms encode
 INFO [encode] nxwarp: stream 0 encoded 181 frames in 2.0 s: 3.9 ms/frame (max 6.1), 956 B/frame at fixed QP 40, paced to 90.0 fps (fixed by configuration), 0 composited frame(s) not sent
 INFO [encode] nxwarp: stream 0 pace diagnostics (mean/min/max; interval 11.111 ms, tolerance 5.556 ms): admitted n181 host 11109.7/8514.6/13865.5 us display 11.111/11.105/11.114 ms; rejected n0
 INFO [encode] nxwarp: stream 0 tile mapping: 181 frame(s) with per-tile spans, 0 with the fixed-chunk fallback ("tile-map": "auto")
 INFO [operator()] Session state changed: XR_SESSION_STATE_VISIBLE
 INFO [operator()] Session state changed: XR_SESSION_STATE_SYNCHRONIZED
 INFO [operator()] Session state changed: XR_SESSION_STATE_STOPPING
 INFO [operator()] Session state changed: XR_SESSION_STATE_IDLE
 INFO [report_frame] nxwarp atlas: 180 frames, avg skip 551 intra 26 coded 26, atlas 180 picture 0, avg worst disp 22.4 q4
 INFO [encode] nxwarp: stream 0 stereo compose 0.000 ms/frame (max 0.000), 0.0% of the 3.9 ms encode
 INFO [encode] nxwarp: stream 0 encoded 180 frames in 2.0 s: 3.9 ms/frame (max 5.8), 1118 B/frame at fixed QP 40, paced to 90.0 fps (fixed by configuration), 0 composited frame(s) not sent
 INFO [encode] nxwarp: stream 0 pace diagnostics (mean/min/max; interval 11.111 ms, tolerance 5.556 ms): admitted n180 host 11117.5/6890.0/14016.0 us display 11.111/11.107/11.119 ms; rejected n0
 INFO [encode] nxwarp: stream 0 tile mapping: 180 frame(s) with per-tile spans, 0 with the fixed-chunk fallback ("tile-map": "auto")
 INFO [operator()] Session state changed: XR_SESSION_STATE_READY
 INFO [operator()] user presence changed to false
 INFO [operator()] Session state changed: XR_SESSION_STATE_SYNCHRONIZED
 INFO [operator()] Session state changed: XR_SESSION_STATE_VISIBLE
 INFO [operator()] Session state changed: XR_SESSION_STATE_FOCUSED
 INFO [report_frame] nxwarp atlas: 181 frames, avg skip 260 intra 317 coded 317, atlas 181 picture 0, avg worst disp 9.0 q4
 INFO [encode] nxwarp: stream 0 stereo compose 0.000 ms/frame (max 0.000), 0.0% of the 4.0 ms encode
 INFO [encode] nxwarp: stream 0 encoded 181 frames in 2.0 s: 4.0 ms/frame (max 6.4), 31385 B/frame at fixed QP 40, paced to 90.0 fps (fixed by configuration), 0 composited frame(s) not sent
 INFO [encode] nxwarp: stream 0 pace diagnostics (mean/min/max; interval 11.111 ms, tolerance 5.556 ms): admitted n181 host 11100.4/9030.1/13570.0 us display 11.111/11.105/11.114 ms; rejected n0
 INFO [encode] nxwarp: stream 0 tile mapping: 181 frame(s) with per-tile spans, 0 with the fixed-chunk fallback ("tile-map": "auto")
 INFO [encode] nxwarp: stream 0 the headset did not reconstruct 38 frame(s) since the last report; 36 of them cost an all-intra frame and 2 named a frame older than one already coded intra and cost nothing. Last was frame 15142, dropped by the worker backlog
 INFO [report_frame] nxwarp atlas: 181 frames, avg skip 437 intra 140 coded 140, atlas 181 picture 0, avg worst disp 18.5 q4
 INFO [encode] nxwarp: stream 0 stereo compose 0.000 ms/frame (max 0.000), 0.0% of the 4.0 ms encode
 INFO [encode] nxwarp: stream 0 encoded 181 frames in 2.0 s: 4.0 ms/frame (max 6.1), 14283 B/frame at fixed QP 40, paced to 90.0 fps (fixed by configuration), 0 composited frame(s) not sent
 INFO [encode] nxwarp: stream 0 pace diagnostics (mean/min/max; interval 11.111 ms, tolerance 5.556 ms): admitted n181 host 11109.1/8824.1/14266.8 us display 11.117/11.101/12.206 ms; rejected n0
 INFO [encode] nxwarp: stream 0 tile mapping: 181 frame(s) with per-tile spans, 0 with the fixed-chunk fallback ("tile-map": "auto")
 INFO [encode] nxwarp: stream 0 the headset did not reconstruct 20 frame(s) since the last report; 17 of them cost an all-intra frame and 3 named a frame older than one already coded intra and cost nothing. Last was frame 15189, dropped by the worker backlog
 INFO [report_frame] nxwarp atlas: 181 frames, avg skip 574 intra 3 coded 3, atlas 181 picture 0, avg worst disp 28.8 q4
 INFO [encode] nxwarp: stream 0 stereo compose 0.000 ms/frame (max 0.000), 0.0% of the 4.0 ms encode
 INFO [encode] nxwarp: stream 0 encoded 181 frames in 2.0 s: 4.0 ms/frame (max 5.7), 938 B/frame at fixed QP 40, paced to 90.0 fps (fixed by configuration), 0 composited frame(s) not sent
 INFO [encode] nxwarp: stream 0 pace diagnostics (mean/min/max; interval 11.111 ms, tolerance 5.556 ms): admitted n181 host 11115.7/9187.2/12990.1 us display 11.111/11.107/11.111 ms; rejected n0
 INFO [encode] nxwarp: stream 0 tile mapping: 181 frame(s) with per-tile spans, 0 with the fixed-chunk fallback ("tile-map": "auto")
 INFO [report_frame] nxwarp atlas: 180 frames, avg skip 574 intra 3 coded 3, atlas 180 picture 0, avg worst disp 43.1 q4
 INFO [encode] nxwarp: stream 0 stereo compose 0.000 ms/frame (max 0.000), 0.0% of the 3.9 ms encode
 INFO [encode] nxwarp: stream 0 encoded 180 frames in 2.0 s: 3.9 ms/frame (max 6.3), 939 B/frame at fixed QP 40, paced to 90.0 fps (fixed by configuration), 0 composited frame(s) not sent
 INFO [encode] nxwarp: stream 0 pace diagnostics (mean/min/max; interval 11.111 ms, tolerance 5.556 ms): admitted n180 host 11107.1/8644.6/13713.5 us display 11.111/11.102/11.116 ms; rejected n0
 INFO [encode] nxwarp: stream 0 tile mapping: 180 frame(s) with per-tile spans, 0 with the fixed-chunk fallback ("tile-map": "auto")
 INFO [report_frame] nxwarp atlas: 180 frames, avg skip 573 intra 4 coded 4, atlas 180 picture 0, avg worst disp 39.6 q4
 INFO [encode] nxwarp: stream 0 stereo compose 0.000 ms/frame (max 0.000), 0.0% of the 3.8 ms encode
 INFO [encode] nxwarp: stream 0 encoded 180 frames in 2.0 s: 3.8 ms/frame (max 5.3), 983 B/frame at fixed QP 40, paced to 90.0 fps (fixed by configuration), 0 composited frame(s) not sent
 INFO [encode] nxwarp: stream 0 pace diagnostics (mean/min/max; interval 11.111 ms, tolerance 5.556 ms): admitted n180 host 11122.0/8716.4/13146.6 us display 11.111/11.105/11.112 ms; rejected n0
 INFO [encode] nxwarp: stream 0 tile mapping: 180 frame(s) with per-tile spans, 0 with the fixed-chunk fallback ("tile-map": "auto")
 INFO [operator()] Session state changed: XR_SESSION_STATE_VISIBLE
 INFO [operator()] Session state changed: XR_SESSION_STATE_SYNCHRONIZED
 INFO [operator()] Session state changed: XR_SESSION_STATE_STOPPING
 INFO [operator()] Session state changed: XR_SESSION_STATE_IDLE
 INFO [report_frame] nxwarp atlas: 180 frames, avg skip 571 intra 6 coded 6, atlas 180 picture 0, avg worst disp 27.4 q4
 INFO [encode] nxwarp: stream 0 stereo compose 0.000 ms/frame (max 0.000), 0.0% of the 3.9 ms encode
 INFO [encode] nxwarp: stream 0 encoded 180 frames in 2.0 s: 3.9 ms/frame (max 5.2), 800 B/frame at fixed QP 40, paced to 90.0 fps (fixed by configuration), 0 composited frame(s) not sent
 INFO [encode] nxwarp: stream 0 pace diagnostics (mean/min/max; interval 11.111 ms, tolerance 5.556 ms): admitted n180 host 11111.7/8970.7/14308.1 us display 11.111/11.103/11.114 ms; rejected n0
 INFO [encode] nxwarp: stream 0 tile mapping: 180 frame(s) with per-tile spans, 0 with the fixed-chunk fallback ("tile-map": "auto")
 INFO [operator()] Session state changed: XR_SESSION_STATE_READY
 INFO [operator()] user presence changed to false
 INFO [operator()] Session state changed: XR_SESSION_STATE_SYNCHRONIZED
 INFO [operator()] Session state changed: XR_SESSION_STATE_VISIBLE
 INFO [operator()] Session state changed: XR_SESSION_STATE_FOCUSED
 INFO [report_frame] nxwarp atlas: 181 frames, avg skip 571 intra 6 coded 6, atlas 181 picture 0, avg worst disp 21.3 q4
 INFO [encode] nxwarp: stream 0 stereo compose 0.000 ms/frame (max 0.000), 0.0% of the 4.0 ms encode
 INFO [encode] nxwarp: stream 0 encoded 181 frames in 2.0 s: 4.0 ms/frame (max 6.1), 1085 B/frame at fixed QP 40, paced to 90.0 fps (fixed by configuration), 0 composited frame(s) not sent
 INFO [encode] nxwarp: stream 0 pace diagnostics (mean/min/max; interval 11.111 ms, tolerance 5.556 ms): admitted n181 host 11097.2/8383.4/13694.6 us display 11.111/11.099/11.120 ms; rejected n0
 INFO [encode] nxwarp: stream 0 tile mapping: 181 frame(s) with per-tile spans, 0 with the fixed-chunk fallback ("tile-map": "auto")
 INFO [report_frame] nxwarp atlas: 181 frames, avg skip 573 intra 4 coded 4, atlas 181 picture 0, avg worst disp 31.2 q4
 INFO [encode] nxwarp: stream 0 stereo compose 0.000 ms/frame (max 0.000), 0.0% of the 3.2 ms encode
 INFO [encode] nxwarp: stream 0 encoded 181 frames in 2.0 s: 3.2 ms/frame (max 5.3), 999 B/frame at fixed QP 40, paced to 90.0 fps (fixed by configuration), 0 composited frame(s) not sent
 INFO [encode] nxwarp: stream 0 pace diagnostics (mean/min/max; interval 11.111 ms, tolerance 5.556 ms): admitted n181 host 11120.2/6189.7/15502.0 us display 11.111/11.107/11.112 ms; rejected n0
 INFO [encode] nxwarp: stream 0 tile mapping: 181 frame(s) with per-tile spans, 0 with the fixed-chunk fallback ("tile-map": "auto")
 INFO [report_frame] nxwarp atlas: 180 frames, avg skip 573 intra 4 coded 4, atlas 180 picture 0, avg worst disp 31.6 q4
 INFO [encode] nxwarp: stream 0 stereo compose 0.000 ms/frame (max 0.000), 0.0% of the 3.7 ms encode
 INFO [encode] nxwarp: stream 0 encoded 180 frames in 2.0 s: 3.7 ms/frame (max 5.9), 1050 B/frame at fixed QP 40, paced to 90.0 fps (fixed by configuration), 0 composited frame(s) not sent
 INFO [encode] nxwarp: stream 0 pace diagnostics (mean/min/max; interval 11.111 ms, tolerance 5.556 ms): admitted n180 host 11115.2/6773.0/14657.7 us display 11.111/11.101/11.118 ms; rejected n0
 INFO [encode] nxwarp: stream 0 tile mapping: 180 frame(s) with per-tile spans, 0 with the fixed-chunk fallback ("tile-map": "auto")
 INFO [report_frame] nxwarp atlas: 181 frames, avg skip 573 intra 4 coded 4, atlas 181 picture 0, avg worst disp 28.4 q4
 INFO [encode] nxwarp: stream 0 stereo compose 0.000 ms/frame (max 0.000), 0.0% of the 3.6 ms encode
 INFO [encode] nxwarp: stream 0 encoded 181 frames in 2.0 s: 3.6 ms/frame (max 5.2), 1082 B/frame at fixed QP 40, paced to 90.0 fps (fixed by configuration), 0 composited frame(s) not sent
 INFO [encode] nxwarp: stream 0 pace diagnostics (mean/min/max; interval 11.111 ms, tolerance 5.556 ms): admitted n181 host 11099.7/7147.5/14983.1 us display 11.111/11.100/11.112 ms; rejected n0
 INFO [encode] nxwarp: stream 0 tile mapping: 181 frame(s) with per-tile spans, 0 with the fixed-chunk fallback ("tile-map": "auto")
 INFO [report_frame] nxwarp atlas: 180 frames, avg skip 573 intra 4 coded 4, atlas 180 picture 0, avg worst disp 37.2 q4
 INFO [encode] nxwarp: stream 0 stereo compose 0.000 ms/frame (max 0.000), 0.0% of the 3.7 ms encode
 INFO [encode] nxwarp: stream 0 encoded 180 frames in 2.0 s: 3.7 ms/frame (max 5.9), 982 B/frame at fixed QP 40, paced to 90.0 fps (fixed by configuration), 0 composited frame(s) not sent
 INFO [encode] nxwarp: stream 0 pace diagnostics (mean/min/max; interval 11.111 ms, tolerance 5.556 ms): admitted n180 host 11123.1/6978.5/14951.0 us display 11.111/11.104/11.119 ms; rejected n0
 INFO [encode] nxwarp: stream 0 tile mapping: 180 frame(s) with per-tile spans, 0 with the fixed-chunk fallback ("tile-map": "auto")
 INFO [operator()] Session state changed: XR_SESSION_STATE_VISIBLE
 INFO [operator()] Session state changed: XR_SESSION_STATE_SYNCHRONIZED
 INFO [operator()] Session state changed: XR_SESSION_STATE_STOPPING
 INFO [operator()] Session state changed: XR_SESSION_STATE_IDLE
 INFO [operator()] Session state changed: XR_SESSION_STATE_READY
 INFO [operator()] user presence changed to false
 INFO [operator()] Session state changed: XR_SESSION_STATE_SYNCHRONIZED
 INFO [operator()] Session state changed: XR_SESSION_STATE_VISIBLE
 INFO [operator()] Session state changed: XR_SESSION_STATE_FOCUSED
 INFO [report_frame] nxwarp atlas: 181 frames, avg skip 567 intra 10 coded 10, atlas 181 picture 0, avg worst disp 26.2 q4
 INFO [encode] nxwarp: stream 0 stereo compose 0.000 ms/frame (max 0.000), 0.0% of the 3.6 ms encode
 INFO [encode] nxwarp: stream 0 encoded 181 frames in 2.0 s: 3.6 ms/frame (max 5.9), 1294 B/frame at fixed QP 40, paced to 90.0 fps (fixed by configuration), 0 composited frame(s) not sent
 INFO [encode] nxwarp: stream 0 pace diagnostics (mean/min/max; interval 11.111 ms, tolerance 5.556 ms): admitted n181 host 11110.8/7819.4/15013.1 us display 11.111/11.101/11.122 ms; rejected n0
 INFO [encode] nxwarp: stream 0 tile mapping: 181 frame(s) with per-tile spans, 0 with the fixed-chunk fallback ("tile-map": "auto")
 INFO [encode] nxwarp: stream 0 the headset did not reconstruct 1 frame(s) since the last report; 1 of them cost an all-intra frame and 0 named a frame older than one already coded intra and cost nothing. Last was frame 17055, dropped by the worker backlog
 INFO [report_frame] nxwarp atlas: 181 frames, avg skip 574 intra 3 coded 3, atlas 181 picture 0, avg worst disp 58.3 q4
 INFO [encode] nxwarp: stream 0 stereo compose 0.000 ms/frame (max 0.000), 0.0% of the 3.4 ms encode
 INFO [encode] nxwarp: stream 0 encoded 181 frames in 2.0 s: 3.4 ms/frame (max 4.6), 942 B/frame at fixed QP 40, paced to 90.0 fps (fixed by configuration), 0 composited frame(s) not sent
 INFO [encode] nxwarp: stream 0 pace diagnostics (mean/min/max; interval 11.111 ms, tolerance 5.556 ms): admitted n181 host 11105.0/7403.9/14389.4 us display 11.111/11.107/11.115 ms; rejected n0
 INFO [encode] nxwarp: stream 0 tile mapping: 181 frame(s) with per-tile spans, 0 with the fixed-chunk fallback ("tile-map": "auto")
 INFO [report_frame] nxwarp atlas: 181 frames, avg skip 574 intra 3 coded 3, atlas 181 picture 0, avg worst disp 51.4 q4
 INFO [encode] nxwarp: stream 0 stereo compose 0.000 ms/frame (max 0.000), 0.0% of the 3.5 ms encode
 INFO [encode] nxwarp: stream 0 encoded 181 frames in 2.0 s: 3.5 ms/frame (max 5.1), 936 B/frame at fixed QP 40, paced to 90.0 fps (fixed by configuration), 0 composited frame(s) not sent
 INFO [encode] nxwarp: stream 0 pace diagnostics (mean/min/max; interval 11.111 ms, tolerance 5.556 ms): admitted n181 host 11105.9/7096.2/14687.8 us display 11.111/11.108/11.114 ms; rejected n0
 INFO [encode] nxwarp: stream 0 tile mapping: 181 frame(s) with per-tile spans, 0 with the fixed-chunk fallback ("tile-map": "auto")
 INFO [ipc_server_mainloop_poll] Got shutdown signal, shutting down.
Terminated
No longer listening for secondary paths
 INFO [client_disconnected] Client 1 disconnected
 WARN [on_control_send_error] Primary control socket failed: Connection reset by peer
 INFO [update_session_state_locked] Stopped native session, 0 active app session(s).
 INFO [multi_main_loop] Already stopped, nothing to clean up.
 INFO [ipc_server_main_common] Server exiting: '0'
Server exited, exit status 0
