 INFO [get_encoder_settings] nxwarp: both eyes on stream 0 as one 4352x2176 stereo frame (2312 tiles), stream 1 has no encoder
 INFO [video_encoder_nxwarp] nxwarp: "planar-gpu-centre" enabled (mixed centre/periphery stream)
 INFO [video_encoder_nxwarp] nxwarp: "entropy": "auto" -> lite (the headset advertises ENTROPY_LITE)
 INFO [video_encoder_nxwarp] nxwarp: "snap-identity": 16/16 sample (still tiles become a copy on the headset; error bounded by 0.50 sample)
 INFO [video_encoder_nxwarp] nxwarp: "planar": "prefer" (nxvc tool bit 35)
 INFO [video_encoder_nxwarp] nxwarp: stream 0 tools 0x842200c05 (INTRA_DC_PLANE RES_LEVEL INTER WARP CTX_V2 CTX_V3 ENTROPY_LITE bit35), headset 0xdf77a1fff -- negotiated
 INFO [video_encoder_nxwarp] nxwarp: stream 0 backend: nxvc_vk_encoder GPU compute encoder, nxvc_vk_encoder (E0/E3/E4/E5, intra only) (68x34 tiles, intra only, one QP per frame), reading the compositor image directly
 INFO [video_encoder_nxwarp] nxwarp: stream 0 2176x2176, nxvc_vk_encoder GPU compute encoder, nxvc_vk_encoder (E0/E3/E4/E5, intra only) (68x34 tiles, intra only, one QP per frame), rate control from QP 28 in 22..40 at 90 Hz, send pacing follows the headset's decode cost, 15..90 fps, 68x34 tiles in 6 band(s), 1166 bytes per transport tile
 INFO [video_encoder_nxwarp] nxwarp: "planar-gpu-centre" enabled (mixed centre/periphery stream)
 INFO [video_encoder_nxwarp] nxwarp: "entropy": "auto" -> lite (the headset advertises ENTROPY_LITE)
 INFO [video_encoder_nxwarp] nxwarp: "snap-identity": 16/16 sample (still tiles become a copy on the headset; error bounded by 0.50 sample)
 INFO [video_encoder_nxwarp] nxwarp: "planar": "prefer" (nxvc tool bit 35)
 INFO [video_encoder_nxwarp] nxwarp: stream 2 tools 0x842200c05 (INTRA_DC_PLANE RES_LEVEL INTER WARP CTX_V2 CTX_V3 ENTROPY_LITE bit35), headset 0xdf77a1fff -- negotiated
 INFO [video_encoder_nxwarp] nxwarp: stream 2 backend: nxvc_vk_encoder GPU compute encoder, nxvc_vk_encoder (E0/E3/E4/E5, intra only) (34x17 tiles, intra only, one QP per frame), reading the compositor image directly
 INFO [video_encoder_nxwarp] nxwarp: stream 2 2176x1088, nxvc_vk_encoder GPU compute encoder, nxvc_vk_encoder (E0/E3/E4/E5, intra only) (34x17 tiles, intra only, one QP per frame), rate control from QP 28 in 22..40 at 90 Hz, send pacing follows the headset's decode cost, 15..90 fps, 34x17 tiles in 3 band(s), 1166 bytes per transport tile
 INFO [reset_stream] nxwarp: stream 0 resumed for a new client: transport sequence restarted, stream header resent, next frame coded without a reference
 INFO [reset_stream] nxwarp: stream 2 resumed for a new client: transport sequence restarted, stream header resent, next frame coded without a reference
 INFO [update_lens_mask] nxwarp: stream 0 lens mask: 111 of 1156 tiles per eye masked (margin 1 tile, fov -53.3/53.3/53.3/-53.3 deg); flattened only: this backend has no skip-map input, so the tiles are coded as whatever the mode search makes of a constant grey
 INFO [encode] nxwarp: stream 0 rate control on: 76314363 bit/s is 105992 B/frame at 90 Hz, QP band 22..40
 INFO [encode] nxwarp: stream 0 stereo compose 0.000 ms/frame (max 0.000), 0.0% of the 1.9 ms encode
 INFO [encode] nxwarp: stream 0 encoded 83 frames in 2.0 s: 1.9 ms/frame (max 2.8), 90630 B/frame vs 105992 target (-14%), QP 22.3 [22..28], controller allows 76.3 Mbit/s, paced to 15.3 fps (client decode 54.3 ms), 5 composited frame(s) not sent, binding: decode (decode 54.3 of 8.9 ms budget, floor +24)
 INFO [encode] nxwarp: stream 0 tile mapping: 82 frame(s) with per-tile spans, 0 with the fixed-chunk fallback ("tile-map": "auto")
 INFO [encode] nxwarp: stream 0 the headset did not reconstruct 79 frame(s) since the last report; 79 of them cost an all-intra frame and 0 named a frame older than one already coded intra and cost nothing. Last was frame 164, dropped by the worker backlog
 INFO [run_decode_rate_control] nxwarp: stream 0 decode 13.3 ms is over the 13.1 ms budget but 2 quantiser steps moved it less than 3%: holding the floor at +25 and releasing it. The decode is not paying for bits here (coded tiles 100% of the frame).
 INFO [encode] nxwarp: stream 0 stereo compose 0.000 ms/frame (max 0.000), 0.0% of the 2.6 ms encode
 INFO [encode] nxwarp: stream 0 encoded 112 frames in 2.0 s: 2.6 ms/frame (max 3.3), 90265 B/frame vs 149623 target (-40%), QP 22.5 [22..25], controller allows 76.3 Mbit/s (at min QP), paced to 60.7 fps (client decode 13.4 ms), 69 composited frame(s) not sent, binding: bytes (decode 13.4 of 12.5 ms budget, floor +0)
 INFO [encode] nxwarp: stream 0 tile mapping: 112 frame(s) with per-tile spans, 0 with the fixed-chunk fallback ("tile-map": "auto")
 INFO [encode] nxwarp: stream 0 the headset did not reconstruct 8 frame(s) since the last report; 8 of them cost an all-intra frame and 0 named a frame older than one already coded intra and cost nothing. Last was frame 276, dropped by the worker backlog
 INFO [encode] nxwarp: stream 0 stereo compose 0.000 ms/frame (max 0.000), 0.0% of the 2.6 ms encode
 INFO [encode] nxwarp: stream 0 encoded 139 frames in 2.0 s: 2.6 ms/frame (max 2.9), 90737 B/frame vs 153790 target (-41%), QP 22.0 [22..22], controller allows 76.3 Mbit/s (at min QP), paced to 59.2 fps (client decode 13.9 ms), 43 composited frame(s) not sent, binding: bytes (decode 13.9 of 12.9 ms budget, floor +0)
 INFO [encode] nxwarp: stream 0 tile mapping: 139 frame(s) with per-tile spans, 0 with the fixed-chunk fallback ("tile-map": "auto")
 INFO [encode] nxwarp: stream 0 the headset did not reconstruct 15 frame(s) since the last report; 15 of them cost an all-intra frame and 0 named a frame older than one already coded intra and cost nothing. Last was frame 415, dropped by the worker backlog
 INFO [encode] nxwarp: stream 0 stereo compose 0.000 ms/frame (max 0.000), 0.0% of the 2.6 ms encode
 INFO [encode] nxwarp: stream 0 encoded 136 frames in 2.0 s: 2.6 ms/frame (max 3.0), 90737 B/frame vs 158830 target (-43%), QP 22.0 [22..22], controller allows 76.3 Mbit/s (at min QP), paced to 60.5 fps (client decode 12.1 ms), 45 composited frame(s) not sent, binding: bytes (decode 12.1 of 13.3 ms budget, floor +0)
 INFO [encode] nxwarp: stream 0 tile mapping: 136 frame(s) with per-tile spans, 0 with the fixed-chunk fallback ("tile-map": "auto")
 INFO [encode] nxwarp: stream 0 the headset did not reconstruct 13 frame(s) since the last report; 13 of them cost an all-intra frame and 0 named a frame older than one already coded intra and cost nothing. Last was frame 545, dropped by the worker backlog
 INFO [encode] nxwarp: stream 0 stereo compose 0.000 ms/frame (max 0.000), 0.0% of the 2.6 ms encode
 INFO [encode] nxwarp: stream 0 encoded 141 frames in 2.0 s: 2.6 ms/frame (max 2.9), 90737 B/frame vs 161526 target (-44%), QP 22.0 [22..22], controller allows 76.3 Mbit/s (at min QP), paced to 59.1 fps (client decode 14.4 ms), 39 composited frame(s) not sent, binding: bytes (decode 14.4 of 13.5 ms budget, floor +0)
 INFO [encode] nxwarp: stream 0 tile mapping: 141 frame(s) with per-tile spans, 0 with the fixed-chunk fallback ("tile-map": "auto")
 INFO [encode] nxwarp: stream 0 the headset did not reconstruct 14 frame(s) since the last report; 14 of them cost an all-intra frame and 0 named a frame older than one already coded intra and cost nothing. Last was frame 691, dropped by the worker backlog
 INFO [encode] nxwarp: stream 0 stereo compose 0.000 ms/frame (max 0.000), 0.0% of the 2.6 ms encode
 INFO [encode] nxwarp: stream 0 encoded 144 frames in 2.0 s: 2.6 ms/frame (max 2.9), 90737 B/frame vs 158602 target (-43%), QP 22.0 [22..22], controller allows 76.3 Mbit/s (at min QP), paced to 60.4 fps (client decode 12.9 ms), 37 composited frame(s) not sent, binding: bytes (decode 12.9 of 13.3 ms budget, floor +0)
 INFO [encode] nxwarp: stream 0 tile mapping: 144 frame(s) with per-tile spans, 0 with the fixed-chunk fallback ("tile-map": "auto")
 INFO [encode] nxwarp: stream 0 the headset did not reconstruct 14 frame(s) since the last report; 14 of them cost an all-intra frame and 0 named a frame older than one already coded intra and cost nothing. Last was frame 835, dropped by the worker backlog
 INFO [encode] nxwarp: stream 0 stereo compose 0.000 ms/frame (max 0.000), 0.0% of the 2.6 ms encode
 INFO [encode] nxwarp: stream 0 encoded 143 frames in 2.0 s: 2.6 ms/frame (max 3.0), 90737 B/frame vs 161147 target (-44%), QP 22.0 [22..22], controller allows 76.3 Mbit/s (at min QP), paced to 60.1 fps (client decode 12.0 ms), 37 composited frame(s) not sent, binding: bytes (decode 12.0 of 13.5 ms budget, floor +0)
 INFO [encode] nxwarp: stream 0 tile mapping: 143 frame(s) with per-tile spans, 0 with the fixed-chunk fallback ("tile-map": "auto")
 INFO [encode] nxwarp: stream 0 the headset did not reconstruct 14 frame(s) since the last report; 14 of them cost an all-intra frame and 0 named a frame older than one already coded intra and cost nothing. Last was frame 978, dropped by the worker backlog
 INFO [encode] nxwarp: stream 0 stereo compose 0.000 ms/frame (max 0.000), 0.0% of the 2.6 ms encode
 INFO [encode] nxwarp: stream 0 encoded 143 frames in 2.0 s: 2.6 ms/frame (max 3.1), 90737 B/frame vs 151117 target (-40%), QP 22.0 [22..22], controller allows 76.3 Mbit/s (at min QP), paced to 63.3 fps (client decode 12.7 ms), 38 composited frame(s) not sent, binding: bytes (decode 12.7 of 12.7 ms budget, floor +0)
 INFO [encode] nxwarp: stream 0 tile mapping: 143 frame(s) with per-tile spans, 0 with the fixed-chunk fallback ("tile-map": "auto")
 INFO [encode] nxwarp: stream 0 the headset did not reconstruct 12 frame(s) since the last report; 12 of them cost an all-intra frame and 0 named a frame older than one already coded intra and cost nothing. Last was frame 1110, dropped by the worker backlog
 INFO [encode] nxwarp: stream 0 stereo compose 0.000 ms/frame (max 0.000), 0.0% of the 2.6 ms encode
 INFO [encode] nxwarp: stream 0 encoded 140 frames in 2.0 s: 2.6 ms/frame (max 2.8), 90737 B/frame vs 160616 target (-44%), QP 22.0 [22..22], controller allows 76.3 Mbit/s (at min QP), paced to 59.8 fps (client decode 13.4 ms), 41 composited frame(s) not sent, binding: bytes (decode 13.4 of 13.5 ms budget, floor +0)
 INFO [encode] nxwarp: stream 0 tile mapping: 140 frame(s) with per-tile spans, 0 with the fixed-chunk fallback ("tile-map": "auto")
 INFO [encode] nxwarp: stream 0 the headset did not reconstruct 16 frame(s) since the last report; 16 of them cost an all-intra frame and 0 named a frame older than one already coded intra and cost nothing. Last was frame 1259, dropped by the worker backlog
 INFO [encode] nxwarp: stream 0 stereo compose 0.000 ms/frame (max 0.000), 0.0% of the 2.7 ms encode
 INFO [encode] nxwarp: stream 0 encoded 144 frames in 2.0 s: 2.7 ms/frame (max 3.0), 90737 B/frame vs 148385 target (-39%), QP 22.0 [22..22], controller allows 76.3 Mbit/s (at min QP), paced to 64.4 fps (client decode 12.6 ms), 36 composited frame(s) not sent, binding: bytes (decode 12.6 of 12.4 ms budget, floor +0)
 INFO [encode] nxwarp: stream 0 tile mapping: 144 frame(s) with per-tile spans, 0 with the fixed-chunk fallback ("tile-map": "auto")
 INFO [encode] nxwarp: stream 0 the headset did not reconstruct 15 frame(s) since the last report; 15 of them cost an all-intra frame and 0 named a frame older than one already coded intra and cost nothing. Last was frame 1407, dropped by the worker backlog
 INFO [encode] nxwarp: stream 0 stereo compose 0.000 ms/frame (max 0.000), 0.0% of the 2.8 ms encode
 INFO [encode] nxwarp: stream 0 encoded 145 frames in 2.0 s: 2.8 ms/frame (max 3.2), 90737 B/frame vs 155564 target (-42%), QP 22.0 [22..22], controller allows 76.3 Mbit/s (at min QP), paced to 58.5 fps (client decode 14.4 ms), 36 composited frame(s) not sent, binding: bytes (decode 14.4 of 13.0 ms budget, floor +0)
 INFO [encode] nxwarp: stream 0 tile mapping: 145 frame(s) with per-tile spans, 0 with the fixed-chunk fallback ("tile-map": "auto")
 INFO [encode] nxwarp: stream 0 the headset did not reconstruct 16 frame(s) since the last report; 16 of them cost an all-intra frame and 0 named a frame older than one already coded intra and cost nothing. Last was frame 1551, dropped by the worker backlog
 INFO [encode] nxwarp: stream 0 stereo compose 0.000 ms/frame (max 0.000), 0.0% of the 2.7 ms encode
 INFO [encode] nxwarp: stream 0 encoded 142 frames in 2.0 s: 2.7 ms/frame (max 2.9), 90737 B/frame vs 151351 target (-40%), QP 22.0 [22..22], controller allows 76.3 Mbit/s (at min QP), paced to 63.7 fps (client decode 10.7 ms), 39 composited frame(s) not sent, binding: bytes (decode 10.7 of 12.7 ms budget, floor +0)
 INFO [encode] nxwarp: stream 0 tile mapping: 142 frame(s) with per-tile spans, 0 with the fixed-chunk fallback ("tile-map": "auto")
 INFO [encode] nxwarp: stream 0 the headset did not reconstruct 14 frame(s) since the last report; 14 of them cost an all-intra frame and 0 named a frame older than one already coded intra and cost nothing. Last was frame 1685, dropped by the worker backlog
 INFO [encode] nxwarp: stream 0 stereo compose 0.000 ms/frame (max 0.000), 0.0% of the 2.6 ms encode
 INFO [encode] nxwarp: stream 0 encoded 139 frames in 2.0 s: 2.6 ms/frame (max 2.9), 90737 B/frame vs 160512 target (-43%), QP 22.0 [22..22], controller allows 76.3 Mbit/s (at min QP), paced to 59.8 fps (client decode 13.4 ms), 42 composited frame(s) not sent, binding: bytes (decode 13.4 of 13.5 ms budget, floor +0)
 INFO [encode] nxwarp: stream 0 tile mapping: 139 frame(s) with per-tile spans, 0 with the fixed-chunk fallback ("tile-map": "auto")
 INFO [encode] nxwarp: stream 0 the headset did not reconstruct 16 frame(s) since the last report; 16 of them cost an all-intra frame and 0 named a frame older than one already coded intra and cost nothing. Last was frame 1831, dropped by the worker backlog
 INFO [encode] nxwarp: stream 0 stereo compose 0.000 ms/frame (max 0.000), 0.0% of the 2.6 ms encode
 INFO [encode] nxwarp: stream 0 encoded 138 frames in 2.0 s: 2.6 ms/frame (max 2.8), 90737 B/frame vs 159951 target (-43%), QP 22.0 [22..22], controller allows 76.3 Mbit/s (at min QP), paced to 60.5 fps (client decode 12.2 ms), 43 composited frame(s) not sent, binding: bytes (decode 12.2 of 13.4 ms budget, floor +0)
 INFO [encode] nxwarp: stream 0 tile mapping: 138 frame(s) with per-tile spans, 0 with the fixed-chunk fallback ("tile-map": "auto")
 INFO [encode] nxwarp: stream 0 the headset did not reconstruct 14 frame(s) since the last report; 14 of them cost an all-intra frame and 0 named a frame older than one already coded intra and cost nothing. Last was frame 1967, dropped by the worker backlog
 INFO [encode] nxwarp: stream 0 stereo compose 0.000 ms/frame (max 0.000), 0.0% of the 2.6 ms encode
 INFO [encode] nxwarp: stream 0 encoded 142 frames in 2.0 s: 2.6 ms/frame (max 3.0), 90737 B/frame vs 151725 target (-40%), QP 22.0 [22..22], controller allows 76.3 Mbit/s (at min QP), paced to 63.2 fps (client decode 11.8 ms), 39 composited frame(s) not sent, binding: bytes (decode 11.8 of 12.7 ms budget, floor +0)
 INFO [encode] nxwarp: stream 0 tile mapping: 142 frame(s) with per-tile spans, 0 with the fixed-chunk fallback ("tile-map": "auto")
 INFO [encode] nxwarp: stream 0 the headset did not reconstruct 14 frame(s) since the last report; 14 of them cost an all-intra frame and 0 named a frame older than one already coded intra and cost nothing. Last was frame 2104, dropped by the worker backlog
 INFO [encode] nxwarp: stream 0 stereo compose 0.000 ms/frame (max 0.000), 0.0% of the 2.7 ms encode
 INFO [encode] nxwarp: stream 0 encoded 137 frames in 2.0 s: 2.7 ms/frame (max 3.1), 90737 B/frame vs 153466 target (-41%), QP 22.0 [22..22], controller allows 76.3 Mbit/s (at min QP), paced to 62.1 fps (client decode 13.9 ms), 44 composited frame(s) not sent, binding: bytes (decode 13.9 of 12.9 ms budget, floor +0)
 INFO [encode] nxwarp: stream 0 tile mapping: 137 frame(s) with per-tile spans, 0 with the fixed-chunk fallback ("tile-map": "auto")
 INFO [encode] nxwarp: stream 0 the headset did not reconstruct 12 frame(s) since the last report; 12 of them cost an all-intra frame and 0 named a frame older than one already coded intra and cost nothing. Last was frame 2237, dropped by the worker backlog
 INFO [encode] nxwarp: stream 0 stereo compose 0.000 ms/frame (max 0.000), 0.0% of the 2.8 ms encode
 INFO [encode] nxwarp: stream 0 encoded 138 frames in 2.0 s: 2.8 ms/frame (max 4.2), 90737 B/frame vs 161358 target (-44%), QP 22.0 [22..22], controller allows 76.3 Mbit/s (at min QP), paced to 59.3 fps (client decode 13.5 ms), 43 composited frame(s) not sent, binding: bytes (decode 13.5 of 13.5 ms budget, floor +0)
 INFO [encode] nxwarp: stream 0 tile mapping: 138 frame(s) with per-tile spans, 0 with the fixed-chunk fallback ("tile-map": "auto")
 INFO [encode] nxwarp: stream 0 the headset did not reconstruct 12 frame(s) since the last report; 12 of them cost an all-intra frame and 0 named a frame older than one already coded intra and cost nothing. Last was frame 2384, dropped by the worker backlog
 INFO [encode] nxwarp: stream 0 stereo compose 0.000 ms/frame (max 0.000), 0.0% of the 2.7 ms encode
 INFO [encode] nxwarp: stream 0 encoded 145 frames in 2.0 s: 2.7 ms/frame (max 3.1), 90737 B/frame vs 155673 target (-42%), QP 22.0 [22..22], controller allows 76.3 Mbit/s (at min QP), paced to 61.7 fps (client decode 11.6 ms), 36 composited frame(s) not sent, binding: bytes (decode 11.6 of 13.1 ms budget, floor +0)
 INFO [encode] nxwarp: stream 0 tile mapping: 145 frame(s) with per-tile spans, 0 with the fixed-chunk fallback ("tile-map": "auto")
 INFO [encode] nxwarp: stream 0 the headset did not reconstruct 12 frame(s) since the last report; 12 of them cost an all-intra frame and 0 named a frame older than one already coded intra and cost nothing. Last was frame 2527, dropped by the worker backlog
 INFO [encode] nxwarp: stream 0 stereo compose 0.000 ms/frame (max 0.000), 0.0% of the 2.6 ms encode
 INFO [encode] nxwarp: stream 0 encoded 141 frames in 2.0 s: 2.6 ms/frame (max 2.9), 90737 B/frame vs 159676 target (-43%), QP 22.0 [22..22], controller allows 76.3 Mbit/s (at min QP), paced to 59.9 fps (client decode 13.6 ms), 39 composited frame(s) not sent, binding: bytes (decode 13.6 of 13.4 ms budget, floor +0)
 INFO [encode] nxwarp: stream 0 tile mapping: 141 frame(s) with per-tile spans, 0 with the fixed-chunk fallback ("tile-map": "auto")
 INFO [encode] nxwarp: stream 0 the headset did not reconstruct 15 frame(s) since the last report; 15 of them cost an all-intra frame and 0 named a frame older than one already coded intra and cost nothing. Last was frame 2670, dropped by the worker backlog
 INFO [encode] nxwarp: stream 0 stereo compose 0.000 ms/frame (max 0.000), 0.0% of the 2.6 ms encode
 INFO [encode] nxwarp: stream 0 encoded 146 frames in 2.0 s: 2.6 ms/frame (max 2.9), 90737 B/frame vs 155223 target (-42%), QP 22.0 [22..22], controller allows 76.3 Mbit/s (at min QP), paced to 58.7 fps (client decode 13.7 ms), 36 composited frame(s) not sent, binding: bytes (decode 13.7 of 13.0 ms budget, floor +0)
 INFO [encode] nxwarp: stream 0 tile mapping: 146 frame(s) with per-tile spans, 0 with the fixed-chunk fallback ("tile-map": "auto")
 INFO [encode] nxwarp: stream 0 the headset did not reconstruct 16 frame(s) since the last report; 16 of them cost an all-intra frame and 0 named a frame older than one already coded intra and cost nothing. Last was frame 2819, dropped by the worker backlog
 INFO [encode] nxwarp: stream 0 stereo compose 0.000 ms/frame (max 0.000), 0.0% of the 2.6 ms encode
 INFO [encode] nxwarp: stream 0 encoded 139 frames in 2.0 s: 2.6 ms/frame (max 2.9), 90737 B/frame vs 157275 target (-42%), QP 22.0 [22..22], controller allows 76.3 Mbit/s (at min QP), paced to 60.9 fps (client decode 13.1 ms), 41 composited frame(s) not sent, binding: bytes (decode 13.1 of 13.2 ms budget, floor +0)
 INFO [encode] nxwarp: stream 0 tile mapping: 139 frame(s) with per-tile spans, 0 with the fixed-chunk fallback ("tile-map": "auto")
 INFO [encode] nxwarp: stream 0 the headset did not reconstruct 14 frame(s) since the last report; 14 of them cost an all-intra frame and 0 named a frame older than one already coded intra and cost nothing. Last was frame 2956, dropped by the worker backlog
 INFO [encode] nxwarp: stream 0 stereo compose 0.000 ms/frame (max 0.000), 0.0% of the 2.7 ms encode
 INFO [encode] nxwarp: stream 0 encoded 142 frames in 2.0 s: 2.7 ms/frame (max 3.1), 90737 B/frame vs 158655 target (-43%), QP 22.0 [22..22], controller allows 76.3 Mbit/s (at min QP), paced to 60.4 fps (client decode 12.7 ms), 38 composited frame(s) not sent, binding: bytes (decode 12.7 of 13.3 ms budget, floor +0)
 INFO [encode] nxwarp: stream 0 tile mapping: 142 frame(s) with per-tile spans, 0 with the fixed-chunk fallback ("tile-map": "auto")
 INFO [encode] nxwarp: stream 0 the headset did not reconstruct 11 frame(s) since the last report; 11 of them cost an all-intra frame and 0 named a frame older than one already coded intra and cost nothing. Last was frame 3098, dropped by the worker backlog
 INFO [encode] nxwarp: stream 0 stereo compose 0.000 ms/frame (max 0.000), 0.0% of the 2.6 ms encode
 INFO [encode] nxwarp: stream 0 encoded 144 frames in 2.0 s: 2.6 ms/frame (max 3.1), 90737 B/frame vs 155664 target (-42%), QP 22.0 [22..22], controller allows 76.3 Mbit/s (at min QP), paced to 61.6 fps (client decode 12.2 ms), 37 composited frame(s) not sent, binding: bytes (decode 12.2 of 13.1 ms budget, floor +0)
 INFO [encode] nxwarp: stream 0 tile mapping: 144 frame(s) with per-tile spans, 0 with the fixed-chunk fallback ("tile-map": "auto")
 INFO [encode] nxwarp: stream 0 the headset did not reconstruct 15 frame(s) since the last report; 15 of them cost an all-intra frame and 0 named a frame older than one already coded intra and cost nothing. Last was frame 3240, dropped by the worker backlog
 INFO [encode] nxwarp: stream 0 stereo compose 0.000 ms/frame (max 0.000), 0.0% of the 2.6 ms encode
 INFO [encode] nxwarp: stream 0 encoded 135 frames in 2.0 s: 2.6 ms/frame (max 3.0), 90737 B/frame vs 159807 target (-43%), QP 22.0 [22..22], controller allows 76.3 Mbit/s (at min QP), paced to 59.9 fps (client decode 13.7 ms), 46 composited frame(s) not sent, binding: bytes (decode 13.7 of 13.4 ms budget, floor +0)
 INFO [encode] nxwarp: stream 0 tile mapping: 135 frame(s) with per-tile spans, 0 with the fixed-chunk fallback ("tile-map": "auto")
 INFO [encode] nxwarp: stream 0 the headset did not reconstruct 12 frame(s) since the last report; 12 of them cost an all-intra frame and 0 named a frame older than one already coded intra and cost nothing. Last was frame 3376, dropped by the worker backlog
 INFO [encode] nxwarp: stream 0 stereo compose 0.000 ms/frame (max 0.000), 0.0% of the 2.7 ms encode
 INFO [encode] nxwarp: stream 0 encoded 140 frames in 2.0 s: 2.7 ms/frame (max 3.0), 90737 B/frame vs 160698 target (-44%), QP 22.0 [22..22], controller allows 76.3 Mbit/s (at min QP), paced to 59.8 fps (client decode 13.3 ms), 42 composited frame(s) not sent, binding: bytes (decode 13.3 of 13.5 ms budget, floor +0)
 INFO [encode] nxwarp: stream 0 tile mapping: 140 frame(s) with per-tile spans, 0 with the fixed-chunk fallback ("tile-map": "auto")
 INFO [encode] nxwarp: stream 0 the headset did not reconstruct 14 frame(s) since the last report; 14 of them cost an all-intra frame and 0 named a frame older than one already coded intra and cost nothing. Last was frame 3517, dropped by the worker backlog
 INFO [encode] nxwarp: stream 0 stereo compose 0.000 ms/frame (max 0.000), 0.0% of the 2.8 ms encode
 INFO [encode] nxwarp: stream 0 encoded 143 frames in 2.0 s: 2.8 ms/frame (max 3.2), 90737 B/frame vs 156120 target (-42%), QP 22.0 [22..22], controller allows 76.3 Mbit/s (at min QP), paced to 61.6 fps (client decode 11.6 ms), 38 composited frame(s) not sent, binding: bytes (decode 11.6 of 13.1 ms budget, floor +0)
 INFO [encode] nxwarp: stream 0 tile mapping: 143 frame(s) with per-tile spans, 0 with the fixed-chunk fallback ("tile-map": "auto")
 INFO [encode] nxwarp: stream 0 the headset did not reconstruct 15 frame(s) since the last report; 15 of them cost an all-intra frame and 0 named a frame older than one already coded intra and cost nothing. Last was frame 3657, dropped by the worker backlog
 INFO [encode] nxwarp: stream 0 stereo compose 0.000 ms/frame (max 0.000), 0.0% of the 2.6 ms encode
 INFO [encode] nxwarp: stream 0 encoded 141 frames in 2.0 s: 2.6 ms/frame (max 3.0), 90737 B/frame vs 164602 target (-45%), QP 22.0 [22..22], controller allows 76.3 Mbit/s (at min QP), paced to 58.1 fps (client decode 14.4 ms), 40 composited frame(s) not sent, binding: bytes (decode 14.4 of 13.8 ms budget, floor +0)
 INFO [encode] nxwarp: stream 0 tile mapping: 141 frame(s) with per-tile spans, 0 with the fixed-chunk fallback ("tile-map": "auto")
 INFO [encode] nxwarp: stream 0 the headset did not reconstruct 15 frame(s) since the last report; 15 of them cost an all-intra frame and 0 named a frame older than one already coded intra and cost nothing. Last was frame 3803, dropped by the worker backlog
 INFO [encode] nxwarp: stream 0 stereo compose 0.000 ms/frame (max 0.000), 0.0% of the 2.7 ms encode
 INFO [encode] nxwarp: stream 0 encoded 145 frames in 2.0 s: 2.7 ms/frame (max 3.0), 90737 B/frame vs 157614 target (-42%), QP 22.0 [22..22], controller allows 76.3 Mbit/s (at min QP), paced to 60.7 fps (client decode 13.3 ms), 35 composited frame(s) not sent, binding: bytes (decode 13.3 of 13.2 ms budget, floor +0)
 INFO [encode] nxwarp: stream 0 tile mapping: 145 frame(s) with per-tile spans, 0 with the fixed-chunk fallback ("tile-map": "auto")
 INFO [encode] nxwarp: stream 0 the headset did not reconstruct 15 frame(s) since the last report; 15 of them cost an all-intra frame and 0 named a frame older than one already coded intra and cost nothing. Last was frame 3947, dropped by the worker backlog
 INFO [encode] nxwarp: stream 0 stereo compose 0.000 ms/frame (max 0.000), 0.0% of the 2.6 ms encode
 INFO [encode] nxwarp: stream 0 encoded 142 frames in 2.0 s: 2.6 ms/frame (max 2.9), 90737 B/frame vs 154979 target (-41%), QP 22.0 [22..22], controller allows 76.3 Mbit/s (at min QP), paced to 62.1 fps (client decode 11.3 ms), 38 composited frame(s) not sent, binding: bytes (decode 11.3 of 13.0 ms budget, floor +0)
 INFO [encode] nxwarp: stream 0 tile mapping: 142 frame(s) with per-tile spans, 0 with the fixed-chunk fallback ("tile-map": "auto")
 INFO [encode] nxwarp: stream 0 the headset did not reconstruct 14 frame(s) since the last report; 14 of them cost an all-intra frame and 0 named a frame older than one already coded intra and cost nothing. Last was frame 4084, dropped by the worker backlog
 INFO [encode] nxwarp: stream 0 stereo compose 0.000 ms/frame (max 0.000), 0.0% of the 2.6 ms encode
 INFO [encode] nxwarp: stream 0 encoded 139 frames in 2.0 s: 2.6 ms/frame (max 3.0), 90737 B/frame vs 151841 target (-40%), QP 22.0 [22..22], controller allows 76.3 Mbit/s (at min QP), paced to 62.8 fps (client decode 13.5 ms), 41 composited frame(s) not sent, binding: bytes (decode 13.5 of 12.7 ms budget, floor +0)
 INFO [encode] nxwarp: stream 0 tile mapping: 139 frame(s) with per-tile spans, 0 with the fixed-chunk fallback ("tile-map": "auto")
 INFO [encode] nxwarp: stream 0 the headset did not reconstruct 14 frame(s) since the last report; 14 of them cost an all-intra frame and 0 named a frame older than one already coded intra and cost nothing. Last was frame 4224, dropped by the worker backlog
 INFO [encode] nxwarp: stream 0 stereo compose 0.000 ms/frame (max 0.000), 0.0% of the 2.6 ms encode
 INFO [encode] nxwarp: stream 0 encoded 141 frames in 2.0 s: 2.6 ms/frame (max 3.1), 90737 B/frame vs 160443 target (-43%), QP 22.0 [22..22], controller allows 76.3 Mbit/s (at min QP), paced to 60.1 fps (client decode 12.7 ms), 39 composited frame(s) not sent, binding: bytes (decode 12.7 of 13.5 ms budget, floor +0)
 INFO [encode] nxwarp: stream 0 tile mapping: 141 frame(s) with per-tile spans, 0 with the fixed-chunk fallback ("tile-map": "auto")
 INFO [encode] nxwarp: stream 0 the headset did not reconstruct 15 frame(s) since the last report; 15 of them cost an all-intra frame and 0 named a frame older than one already coded intra and cost nothing. Last was frame 4366, dropped by the worker backlog
 INFO [encode] nxwarp: stream 0 stereo compose 0.000 ms/frame (max 0.000), 0.0% of the 2.7 ms encode
 INFO [encode] nxwarp: stream 0 encoded 143 frames in 2.0 s: 2.7 ms/frame (max 3.1), 90737 B/frame vs 162854 target (-44%), QP 22.0 [22..22], controller allows 76.3 Mbit/s (at min QP), paced to 59.0 fps (client decode 13.5 ms), 38 composited frame(s) not sent, binding: bytes (decode 13.5 of 13.7 ms budget, floor +0)
 INFO [encode] nxwarp: stream 0 tile mapping: 143 frame(s) with per-tile spans, 0 with the fixed-chunk fallback ("tile-map": "auto")
 INFO [encode] nxwarp: stream 0 the headset did not reconstruct 16 frame(s) since the last report; 16 of them cost an all-intra frame and 0 named a frame older than one already coded intra and cost nothing. Last was frame 4513, dropped by the worker backlog
 INFO [encode] nxwarp: stream 0 stereo compose 0.000 ms/frame (max 0.000), 0.0% of the 2.7 ms encode
 INFO [encode] nxwarp: stream 0 encoded 144 frames in 2.0 s: 2.7 ms/frame (max 3.0), 90737 B/frame vs 156630 target (-42%), QP 22.0 [22..22], controller allows 76.3 Mbit/s (at min QP), paced to 61.0 fps (client decode 13.4 ms), 37 composited frame(s) not sent, binding: bytes (decode 13.4 of 13.1 ms budget, floor +0)
 INFO [encode] nxwarp: stream 0 tile mapping: 144 frame(s) with per-tile spans, 0 with the fixed-chunk fallback ("tile-map": "auto")
 INFO [encode] nxwarp: stream 0 the headset did not reconstruct 13 frame(s) since the last report; 13 of them cost an all-intra frame and 0 named a frame older than one already coded intra and cost nothing. Last was frame 4656, dropped by the worker backlog
 INFO [encode] nxwarp: stream 0 stereo compose 0.000 ms/frame (max 0.000), 0.0% of the 2.6 ms encode
 INFO [encode] nxwarp: stream 0 encoded 140 frames in 2.0 s: 2.6 ms/frame (max 3.0), 90737 B/frame vs 154487 target (-41%), QP 22.0 [22..22], controller allows 76.3 Mbit/s (at min QP), paced to 59.0 fps (client decode 13.8 ms), 40 composited frame(s) not sent, binding: bytes (decode 13.8 of 13.0 ms budget, floor +0)
 INFO [encode] nxwarp: stream 0 tile mapping: 140 frame(s) with per-tile spans, 0 with the fixed-chunk fallback ("tile-map": "auto")
 INFO [encode] nxwarp: stream 0 the headset did not reconstruct 15 frame(s) since the last report; 15 of them cost an all-intra frame and 0 named a frame older than one already coded intra and cost nothing. Last was frame 4797, dropped by the worker backlog
 INFO [encode] nxwarp: stream 0 stereo compose 0.000 ms/frame (max 0.000), 0.0% of the 2.6 ms encode
 INFO [encode] nxwarp: stream 0 encoded 140 frames in 2.0 s: 2.6 ms/frame (max 2.9), 90737 B/frame vs 162818 target (-44%), QP 22.0 [22..22], controller allows 76.3 Mbit/s (at min QP), paced to 58.7 fps (client decode 13.9 ms), 40 composited frame(s) not sent, binding: bytes (decode 13.9 of 13.7 ms budget, floor +0)
 INFO [encode] nxwarp: stream 0 tile mapping: 140 frame(s) with per-tile spans, 0 with the fixed-chunk fallback ("tile-map": "auto")
 INFO [encode] nxwarp: stream 0 the headset did not reconstruct 14 frame(s) since the last report; 14 of them cost an all-intra frame and 0 named a frame older than one already coded intra and cost nothing. Last was frame 4936, dropped by the worker backlog
 INFO [encode] nxwarp: stream 0 stereo compose 0.000 ms/frame (max 0.000), 0.0% of the 2.6 ms encode
 INFO [encode] nxwarp: stream 0 encoded 141 frames in 2.0 s: 2.6 ms/frame (max 2.8), 90737 B/frame vs 154142 target (-41%), QP 22.0 [22..22], controller allows 76.3 Mbit/s (at min QP), paced to 62.2 fps (client decode 12.1 ms), 40 composited frame(s) not sent, binding: bytes (decode 12.1 of 12.9 ms budget, floor +0)
 INFO [encode] nxwarp: stream 0 tile mapping: 141 frame(s) with per-tile spans, 0 with the fixed-chunk fallback ("tile-map": "auto")
 INFO [encode] nxwarp: stream 0 the headset did not reconstruct 15 frame(s) since the last report; 15 of them cost an all-intra frame and 0 named a frame older than one already coded intra and cost nothing. Last was frame 5074, dropped by the worker backlog
 INFO [encode] nxwarp: stream 0 stereo compose 0.000 ms/frame (max 0.000), 0.0% of the 2.6 ms encode
 INFO [encode] nxwarp: stream 0 encoded 144 frames in 2.0 s: 2.6 ms/frame (max 2.9), 90737 B/frame vs 152228 target (-40%), QP 22.0 [22..22], controller allows 76.3 Mbit/s (at min QP), paced to 59.9 fps (client decode 13.1 ms), 38 composited frame(s) not sent, binding: bytes (decode 13.1 of 12.8 ms budget, floor +0)
 INFO [encode] nxwarp: stream 0 tile mapping: 144 frame(s) with per-tile spans, 0 with the fixed-chunk fallback ("tile-map": "auto")
 INFO [encode] nxwarp: stream 0 the headset did not reconstruct 16 frame(s) since the last report; 16 of them cost an all-intra frame and 0 named a frame older than one already coded intra and cost nothing. Last was frame 5223, dropped by the worker backlog
