09-29 11:50:08.806 I/WiVRn   ( 5746): [2026-09-29 11:50:08.806] [WiVRn] [info] nxwarp[0] net: 1 frames closed in 37.9 s, 0 with a hole, 0 out-of-order datagrams, 0 frames completed late, 0 queued for the worker, 1 decoded so far, 0 stragglers dropped; last hole 0/0 chunks, first missing -1, short false, chunk 1166 B; worker phase idle
09-29 11:50:08.806 I/WiVRn   ( 5746): [2026-09-29 11:50:08.806] [WiVRn] [info] nxwarp[0] net: 0.028 ms per datagram over 4 datagrams (0.00 ms of every second)
09-29 11:50:08.931 I/WiVRn   ( 5746): [2026-09-29 11:50:08.931] [WiVRn] [info] render: source display-time offset 62.4 ms mean (worst 62.4) over 1 frames | submit lead 0.0 ms mean (worst 0.0) | misses: 0 overrun 0 late 0 skipped refresh
09-29 11:50:10.360 I/WiVRn   ( 5746): [2026-09-29 11:50:10.360] [WiVRn] [info] nxwarp[0]: periphery JPEG rx=180 queued_drop=0 missing=0 decoded=178 invalid=0 decode_us_mean=1777.1 p50=1593
09-29 11:50:10.807 I/WiVRn   ( 5746): [2026-09-29 11:50:10.807] [WiVRn] [info] nxwarp[0] net: 115 frames closed in 2.0 s, 0 with a hole, 0 out-of-order datagrams, 0 frames completed late, 0 queued for the worker, 230 decoded so far, 115 stragglers dropped; last hole 0/0 chunks, first missing -1, short false, chunk 1166 B; worker phase idle
09-29 11:50:10.807 I/WiVRn   ( 5746): [2026-09-29 11:50:10.807] [WiVRn] [info] nxwarp[0] net: 0.010 ms per datagram over 11263 datagrams (55.27 ms of every second)
09-29 11:50:10.871 I/WiVRn   ( 5746): [2026-09-29 11:50:10.871] [WiVRn] [info] render: source display-time offset 75.4 ms mean (worst 129.5) over 162 frames | submit lead 36.4 ms mean (worst -43.1) | misses: 0 overrun 0 late 4 skipped refresh
09-29 11:50:11.059 I/WiVRn   ( 5746): [2026-09-29 11:50:11.059] [WiVRn] [info] NX JPEG periphery: applied 326/360 eye frames, staging upload 0.157 ms avg over 238 uploads
09-29 11:50:11.888 I/WiVRn   ( 5746): [2026-09-29 11:50:11.888] [WiVRn] [info] nxwarp[0]: periphery JPEG rx=180 queued_drop=0 missing=0 decoded=181 invalid=0 decode_us_mean=1741.5 p50=1714
09-29 11:50:12.810 I/WiVRn   ( 5746): [2026-09-29 11:50:12.810] [WiVRn] [info] nxwarp[0] net: 120 frames closed in 2.0 s, 0 with a hole, 0 out-of-order datagrams, 0 frames completed late, 0 queued for the worker, 470 decoded so far, 235 stragglers dropped; last hole 0/0 chunks, first missing -1, short false, chunk 1166 B; worker phase idle
09-29 11:50:12.810 I/WiVRn   ( 5746): [2026-09-29 11:50:12.810] [WiVRn] [info] nxwarp[0] net: 0.009 ms per datagram over 11979 datagrams (56.11 ms of every second)
09-29 11:50:12.877 I/WiVRn   ( 5746): [2026-09-29 11:50:12.877] [WiVRn] [info] render: source display-time offset 68.2 ms mean (worst 82.0) over 180 frames | submit lead 33.0 ms mean (worst 32.2) | misses: 0 overrun 0 late 0 skipped refresh
09-29 11:50:13.066 I/WiVRn   ( 5746): [2026-09-29 11:50:13.066] [WiVRn] [info] NX JPEG periphery: applied 332/360 eye frames, staging upload 0.153 ms avg over 240 uploads
09-29 11:50:13.383 I/WiVRn   ( 5746): [2026-09-29 11:50:13.383] [WiVRn] [info] nxwarp[0]: periphery JPEG rx=180 queued_drop=0 missing=0 decoded=179 invalid=0 decode_us_mean=1710.1 p50=1673
09-29 11:50:14.812 I/WiVRn   ( 5746): [2026-09-29 11:50:14.812] [WiVRn] [info] nxwarp[0] net: 117 frames closed in 2.0 s, 0 with a hole, 0 out-of-order datagrams, 0 frames completed late, 0 queued for the worker, 704 decoded so far, 364 stragglers dropped; last hole 0/0 chunks, first missing -1, short false, chunk 1166 B; worker phase idle
09-29 11:50:14.812 I/WiVRn   ( 5746): [2026-09-29 11:50:14.812] [WiVRn] [info] nxwarp[0] net: 0.009 ms per datagram over 12532 datagrams (57.02 ms of every second)
09-29 11:50:14.882 I/WiVRn   ( 5746): [2026-09-29 11:50:14.882] [WiVRn] [info] render: source display-time offset 69.1 ms mean (worst 87.8) over 179 frames | submit lead 32.7 ms mean (worst 20.4) | misses: 0 overrun 0 late 1 skipped refresh
09-29 11:50:14.931 I/WiVRn   ( 5746): [2026-09-29 11:50:14.931] [WiVRn] [info] nxwarp[0]: periphery JPEG rx=180 queued_drop=0 missing=0 decoded=180 invalid=0 decode_us_mean=1735.3 p50=1695
09-29 11:50:15.082 I/WiVRn   ( 5746): [2026-09-29 11:50:15.082] [WiVRn] [info] NX JPEG periphery: applied 318/360 eye frames, staging upload 0.159 ms avg over 235 uploads
09-29 11:50:16.518 I/WiVRn   ( 5746): [2026-09-29 11:50:16.518] [WiVRn] [info] nxwarp[0]: periphery JPEG rx=180 queued_drop=0 missing=0 decoded=180 invalid=0 decode_us_mean=1780.9 p50=1751
09-29 11:50:16.817 I/WiVRn   ( 5746): [2026-09-29 11:50:16.817] [WiVRn] [info] nxwarp[0] net: 114 frames closed in 2.0 s, 0 with a hole, 0 out-of-order datagrams, 0 frames completed late, 0 queued for the worker, 932 decoded so far, 491 stragglers dropped; last hole 0/0 chunks, first missing -1, short false, chunk 1166 B; worker phase idle
09-29 11:50:16.817 I/WiVRn   ( 5746): [2026-09-29 11:50:16.817] [WiVRn] [info] nxwarp[0] net: 0.009 ms per datagram over 12446 datagrams (56.24 ms of every second)
09-29 11:50:16.887 I/WiVRn   ( 5746): [2026-09-29 11:50:16.887] [WiVRn] [info] render: source display-time offset 70.3 ms mean (worst 89.8) over 179 frames | submit lead 32.5 ms mean (worst 19.6) | misses: 0 overrun 0 late 1 skipped refresh
09-29 11:50:17.098 I/WiVRn   ( 5746): [2026-09-29 11:50:17.098] [WiVRn] [info] NX JPEG periphery: applied 334/360 eye frames, staging upload 0.154 ms avg over 226 uploads
09-29 11:50:18.127 I/WiVRn   ( 5746): [2026-09-29 11:50:18.127] [WiVRn] [info] nxwarp[0]: periphery JPEG rx=180 queued_drop=0 missing=0 decoded=180 invalid=0 decode_us_mean=1841.0 p50=1805
09-29 11:50:18.833 I/WiVRn   ( 5746): [2026-09-29 11:50:18.833] [WiVRn] [info] nxwarp[0] net: 112 frames closed in 2.0 s, 0 with a hole, 0 out-of-order datagrams, 0 frames completed late, 0 queued for the worker, 1156 decoded so far, 605 stragglers dropped; last hole 0/0 chunks, first missing -1, short false, chunk 1166 B; worker phase idle
09-29 11:50:18.833 I/WiVRn   ( 5746): [2026-09-29 11:50:18.833] [WiVRn] [info] nxwarp[0] net: 0.009 ms per datagram over 13675 datagrams (59.48 ms of every second)
09-29 11:50:18.892 I/WiVRn   ( 5746): [2026-09-29 11:50:18.892] [WiVRn] [info] render: source display-time offset 70.3 ms mean (worst 87.0) over 180 frames | submit lead 32.4 ms mean (worst 31.9) | misses: 0 overrun 0 late 0 skipped refresh
09-29 11:50:19.103 I/WiVRn   ( 5746): [2026-09-29 11:50:19.103] [WiVRn] [info] NX JPEG periphery: applied 323/360 eye frames, staging upload 0.152 ms avg over 225 uploads
09-29 11:50:19.708 I/WiVRn   ( 5746): [2026-09-29 11:50:19.708] [WiVRn] [info] nxwarp[0]: periphery JPEG rx=180 queued_drop=0 missing=0 decoded=180 invalid=0 decode_us_mean=1789.8 p50=1764
09-29 11:50:20.840 I/WiVRn   ( 5746): [2026-09-29 11:50:20.840] [WiVRn] [info] nxwarp[0] net: 118 frames closed in 2.0 s, 0 with a hole, 0 out-of-order datagrams, 0 frames completed late, 0 queued for the worker, 1392 decoded so far, 762 stragglers dropped; last hole 0/0 chunks, first missing -1, short false, chunk 1166 B; worker phase idle
09-29 11:50:20.840 I/WiVRn   ( 5746): [2026-09-29 11:50:20.840] [WiVRn] [info] nxwarp[0] net: 0.009 ms per datagram over 12806 datagrams (58.27 ms of every second)
09-29 11:50:20.897 I/WiVRn   ( 5746): [2026-09-29 11:50:20.897] [WiVRn] [info] render: source display-time offset 69.3 ms mean (worst 80.9) over 179 frames | submit lead 32.5 ms mean (worst 18.8) | misses: 0 overrun 0 late 1 skipped refresh
09-29 11:50:21.119 I/WiVRn   ( 5746): [2026-09-29 11:50:21.119] [WiVRn] [info] NX JPEG periphery: applied 329/360 eye frames, staging upload 0.155 ms avg over 234 uploads
09-29 11:50:21.225 I/WiVRn   ( 5746): [2026-09-29 11:50:21.225] [WiVRn] [info] nxwarp[0]: periphery JPEG rx=180 queued_drop=0 missing=0 decoded=180 invalid=0 decode_us_mean=1724.3 p50=1694
09-29 11:50:22.724 I/WiVRn   ( 5746): [2026-09-29 11:50:22.724] [WiVRn] [info] nxwarp[0]: periphery JPEG rx=180 queued_drop=0 missing=0 decoded=180 invalid=0 decode_us_mean=1726.3 p50=1678
09-29 11:50:22.853 I/WiVRn   ( 5746): [2026-09-29 11:50:22.853] [WiVRn] [info] nxwarp[0] net: 121 frames closed in 2.0 s, 0 with a hole, 0 out-of-order datagrams, 0 frames completed late, 0 queued for the worker, 1634 decoded so far, 907 stragglers dropped; last hole 0/0 chunks, first missing -1, short false, chunk 1166 B; worker phase idle
09-29 11:50:22.853 I/WiVRn   ( 5746): [2026-09-29 11:50:22.853] [WiVRn] [info] nxwarp[0] net: 0.009 ms per datagram over 12627 datagrams (57.83 ms of every second)
09-29 11:50:22.902 I/WiVRn   ( 5746): [2026-09-29 11:50:22.902] [WiVRn] [info] render: source display-time offset 67.6 ms mean (worst 84.7) over 179 frames | submit lead 32.5 ms mean (worst 19.6) | misses: 0 overrun 0 late 1 skipped refresh
09-29 11:50:23.136 I/WiVRn   ( 5746): [2026-09-29 11:50:23.136] [WiVRn] [info] NX JPEG periphery: applied 329/360 eye frames, staging upload 0.151 ms avg over 240 uploads
09-29 11:50:24.201 I/WiVRn   ( 5746): [2026-09-29 11:50:24.201] [WiVRn] [info] nxwarp[0]: periphery JPEG rx=180 queued_drop=0 missing=0 decoded=180 invalid=0 decode_us_mean=1742.6 p50=1702
09-29 11:50:24.865 I/WiVRn   ( 5746): [2026-09-29 11:50:24.865] [WiVRn] [info] nxwarp[0] net: 122 frames closed in 2.0 s, 0 with a hole, 0 out-of-order datagrams, 0 frames completed late, 0 queued for the worker, 1878 decoded so far, 1029 stragglers dropped; last hole 0/0 chunks, first missing -1, short false, chunk 1166 B; worker phase idle
09-29 11:50:24.865 I/WiVRn   ( 5746): [2026-09-29 11:50:24.865] [WiVRn] [info] nxwarp[0] net: 0.009 ms per datagram over 12257 datagrams (56.32 ms of every second)
09-29 11:50:24.907 I/WiVRn   ( 5746): [2026-09-29 11:50:24.907] [WiVRn] [info] render: source display-time offset 68.2 ms mean (worst 80.1) over 180 frames | submit lead 32.5 ms mean (worst 31.5) | misses: 0 overrun 0 late 0 skipped refresh
09-29 11:50:25.161 I/WiVRn   ( 5746): [2026-09-29 11:50:25.161] [WiVRn] [info] NX JPEG periphery: applied 331/360 eye frames, staging upload 0.158 ms avg over 241 uploads
09-29 11:50:25.694 I/WiVRn   ( 5746): [2026-09-29 11:50:25.694] [WiVRn] [info] nxwarp[0]: periphery JPEG rx=180 queued_drop=0 missing=0 decoded=180 invalid=0 decode_us_mean=1783.7 p50=1752
09-29 11:50:26.877 I/WiVRn   ( 5746): [2026-09-29 11:50:26.877] [WiVRn] [info] nxwarp[0] net: 121 frames closed in 2.0 s, 0 with a hole, 0 out-of-order datagrams, 0 frames completed late, 0 queued for the worker, 2120 decoded so far, 1156 stragglers dropped; last hole 0/0 chunks, first missing -1, short false, chunk 1166 B; worker phase idle
09-29 11:50:26.877 I/WiVRn   ( 5746): [2026-09-29 11:50:26.877] [WiVRn] [info] nxwarp[0] net: 0.009 ms per datagram over 12520 datagrams (57.08 ms of every second)
09-29 11:50:26.912 I/WiVRn   ( 5746): [2026-09-29 11:50:26.912] [WiVRn] [info] render: source display-time offset 68.6 ms mean (worst 85.2) over 179 frames | submit lead 32.5 ms mean (worst 19.9) | misses: 0 overrun 0 late 1 skipped refresh
09-29 11:50:27.168 I/WiVRn   ( 5746): [2026-09-29 11:50:27.167] [WiVRn] [info] NX JPEG periphery: applied 319/360 eye frames, staging upload 0.153 ms avg over 240 uploads
09-29 11:50:27.209 I/WiVRn   ( 5746): [2026-09-29 11:50:27.209] [WiVRn] [info] nxwarp[0]: periphery JPEG rx=180 queued_drop=0 missing=0 decoded=180 invalid=0 decode_us_mean=1824.5 p50=1798
09-29 11:50:28.789 I/WiVRn   ( 5746): [2026-09-29 11:50:28.789] [WiVRn] [info] nxwarp[0]: periphery JPEG rx=180 queued_drop=0 missing=0 decoded=180 invalid=0 decode_us_mean=1789.9 p50=1762
09-29 11:50:28.889 I/WiVRn   ( 5746): [2026-09-29 11:50:28.889] [WiVRn] [info] nxwarp[0] net: 115 frames closed in 2.0 s, 0 with a hole, 0 out-of-order datagrams, 0 frames completed late, 0 queued for the worker, 2350 decoded so far, 1304 stragglers dropped; last hole 0/0 chunks, first missing -1, short false, chunk 1166 B; worker phase idle
09-29 11:50:28.889 I/WiVRn   ( 5746): [2026-09-29 11:50:28.889] [WiVRn] [info] nxwarp[0] net: 0.009 ms per datagram over 12238 datagrams (55.54 ms of every second)
09-29 11:50:28.917 I/WiVRn   ( 5746): [2026-09-29 11:50:28.917] [WiVRn] [info] render: source display-time offset 70.7 ms mean (worst 86.2) over 179 frames | submit lead 32.6 ms mean (worst 19.7) | misses: 0 overrun 0 late 1 skipped refresh
09-29 11:50:29.184 I/WiVRn   ( 5746): [2026-09-29 11:50:29.184] [WiVRn] [info] NX JPEG periphery: applied 333/360 eye frames, staging upload 0.153 ms avg over 232 uploads
09-29 11:50:30.343 I/WiVRn   ( 5746): [2026-09-29 11:50:30.343] [WiVRn] [info] nxwarp[0]: periphery JPEG rx=180 queued_drop=0 missing=0 decoded=180 invalid=0 decode_us_mean=1739.3 p50=1715
09-29 11:50:30.900 I/WiVRn   ( 5746): [2026-09-29 11:50:30.900] [WiVRn] [info] nxwarp[0] net: 117 frames closed in 2.0 s, 0 with a hole, 0 out-of-order datagrams, 0 frames completed late, 0 queued for the worker, 2584 decoded so far, 1434 stragglers dropped; last hole 0/0 chunks, first missing -1, short false, chunk 1166 B; worker phase idle
09-29 11:50:30.900 I/WiVRn   ( 5746): [2026-09-29 11:50:30.900] [WiVRn] [info] nxwarp[0] net: 0.009 ms per datagram over 12287 datagrams (55.99 ms of every second)
09-29 11:50:30.919 I/WiVRn   ( 5746): [2026-09-29 11:50:30.919] [WiVRn] [info] render: source display-time offset 70.0 ms mean (worst 84.4) over 179 frames | submit lead 32.5 ms mean (worst 19.5) | misses: 0 overrun 0 late 1 skipped refresh
09-29 11:50:31.199 I/WiVRn   ( 5746): [2026-09-29 11:50:31.199] [WiVRn] [info] NX JPEG periphery: applied 326/360 eye frames, staging upload 0.150 ms avg over 234 uploads
09-29 11:50:31.854 I/WiVRn   ( 5746): [2026-09-29 11:50:31.854] [WiVRn] [info] nxwarp[0]: periphery JPEG rx=180 queued_drop=0 missing=0 decoded=180 invalid=0 decode_us_mean=1725.5 p50=1687
09-29 11:50:32.904 I/WiVRn   ( 5746): [2026-09-29 11:50:32.904] [WiVRn] [info] nxwarp[0] net: 120 frames closed in 2.0 s, 0 with a hole, 0 out-of-order datagrams, 0 frames completed late, 0 queued for the worker, 2824 decoded so far, 1562 stragglers dropped; last hole 0/0 chunks, first missing -1, short false, chunk 1166 B; worker phase idle
09-29 11:50:32.904 I/WiVRn   ( 5746): [2026-09-29 11:50:32.904] [WiVRn] [info] nxwarp[0] net: 0.009 ms per datagram over 12438 datagrams (57.75 ms of every second)
09-29 11:50:32.927 I/WiVRn   ( 5746): [2026-09-29 11:50:32.927] [WiVRn] [info] render: source display-time offset 71.5 ms mean (worst 97.1) over 180 frames | submit lead 32.8 ms mean (worst 31.7) | misses: 0 overrun 0 late 0 skipped refresh
09-29 11:50:33.204 I/WiVRn   ( 5746): [2026-09-29 11:50:33.204] [WiVRn] [info] NX JPEG periphery: applied 325/360 eye frames, staging upload 0.154 ms avg over 235 uploads
09-29 11:50:33.362 I/WiVRn   ( 5746): [2026-09-29 11:50:33.362] [WiVRn] [info] nxwarp[0]: periphery JPEG rx=180 queued_drop=0 missing=0 decoded=181 invalid=0 decode_us_mean=1742.3 p50=1712
09-29 11:50:34.854 I/WiVRn   ( 5746): [2026-09-29 11:50:34.854] [WiVRn] [info] nxwarp[0]: periphery JPEG rx=180 queued_drop=0 missing=0 decoded=179 invalid=0 decode_us_mean=1806.3 p50=1767
09-29 11:50:34.920 I/WiVRn   ( 5746): [2026-09-29 11:50:34.920] [WiVRn] [info] nxwarp[0] net: 121 frames closed in 2.0 s, 0 with a hole, 0 out-of-order datagrams, 0 frames completed late, 0 queued for the worker, 3066 decoded so far, 1754 stragglers dropped; last hole 0/0 chunks, first missing -1, short false, chunk 1166 B; worker phase idle
09-29 11:50:34.920 I/WiVRn   ( 5746): [2026-09-29 11:50:34.920] [WiVRn] [info] nxwarp[0] net: 0.009 ms per datagram over 12864 datagrams (58.78 ms of every second)
09-29 11:50:34.932 I/WiVRn   ( 5746): [2026-09-29 11:50:34.932] [WiVRn] [info] render: source display-time offset 69.0 ms mean (worst 82.3) over 179 frames | submit lead 32.5 ms mean (worst 19.7) | misses: 0 overrun 0 late 1 skipped refresh
09-29 11:50:35.221 I/WiVRn   ( 5746): [2026-09-29 11:50:35.221] [WiVRn] [info] NX JPEG periphery: applied 326/360 eye frames, staging upload 0.155 ms avg over 242 uploads
09-29 11:50:36.396 I/WiVRn   ( 5746): [2026-09-29 11:50:36.396] [WiVRn] [info] nxwarp[0]: periphery JPEG rx=180 queued_drop=0 missing=0 decoded=180 invalid=0 decode_us_mean=1809.4 p50=1756
09-29 11:50:36.920 I/WiVRn   ( 5746): [2026-09-29 11:50:36.920] [WiVRn] [info] nxwarp[0] net: 118 frames closed in 2.0 s, 0 with a hole, 0 out-of-order datagrams, 0 frames completed late, 0 queued for the worker, 3302 decoded so far, 1911 stragglers dropped; last hole 0/0 chunks, first missing -1, short false, chunk 1166 B; worker phase idle
09-29 11:50:36.920 I/WiVRn   ( 5746): [2026-09-29 11:50:36.920] [WiVRn] [info] nxwarp[0] net: 0.009 ms per datagram over 12593 datagrams (56.97 ms of every second)
09-29 11:50:36.936 I/WiVRn   ( 5746): [2026-09-29 11:50:36.936] [WiVRn] [info] render: source display-time offset 69.6 ms mean (worst 85.9) over 179 frames | submit lead 32.5 ms mean (worst 20.2) | misses: 0 overrun 0 late 1 skipped refresh
09-29 11:50:37.237 I/WiVRn   ( 5746): [2026-09-29 11:50:37.237] [WiVRn] [info] NX JPEG periphery: applied 335/360 eye frames, staging upload 0.155 ms avg over 237 uploads
09-29 11:50:37.854 I/WiVRn   ( 5746): [2026-09-29 11:50:37.854] [WiVRn] [info] nxwarp[0]: periphery JPEG rx=180 queued_drop=0 missing=0 decoded=180 invalid=0 decode_us_mean=1750.6 p50=1709
09-29 11:50:38.933 I/WiVRn   ( 5746): [2026-09-29 11:50:38.933] [WiVRn] [info] nxwarp[0] net: 125 frames closed in 2.0 s, 0 with a hole, 0 out-of-order datagrams, 0 frames completed late, 0 queued for the worker, 3552 decoded so far, 2036 stragglers dropped; last hole 0/0 chunks, first missing -1, short false, chunk 1166 B; worker phase idle
09-29 11:50:38.933 I/WiVRn   ( 5746): [2026-09-29 11:50:38.933] [WiVRn] [info] nxwarp[0] net: 0.009 ms per datagram over 12463 datagrams (58.28 ms of every second)
09-29 11:50:38.942 I/WiVRn   ( 5746): [2026-09-29 11:50:38.942] [WiVRn] [info] render: source display-time offset 66.9 ms mean (worst 80.6) over 180 frames | submit lead 32.5 ms mean (worst 32.0) | misses: 0 overrun 0 late 0 skipped refresh
09-29 11:50:39.242 I/WiVRn   ( 5746): [2026-09-29 11:50:39.242] [WiVRn] [info] NX JPEG periphery: applied 332/360 eye frames, staging upload 0.150 ms avg over 248 uploads
09-29 11:50:39.313 I/WiVRn   ( 5746): [2026-09-29 11:50:39.313] [WiVRn] [info] nxwarp[0]: periphery JPEG rx=180 queued_drop=0 missing=0 decoded=180 invalid=0 decode_us_mean=1743.2 p50=1699
09-29 11:50:40.813 I/WiVRn   ( 5746): [2026-09-29 11:50:40.813] [WiVRn] [info] nxwarp[0]: periphery JPEG rx=180 queued_drop=0 missing=0 decoded=180 invalid=0 decode_us_mean=1780.8 p50=1742
09-29 11:50:40.939 I/WiVRn   ( 5746): [2026-09-29 11:50:40.939] [WiVRn] [info] nxwarp[0] net: 120 frames closed in 2.0 s, 0 with a hole, 0 out-of-order datagrams, 0 frames completed late, 0 queued for the worker, 3792 decoded so far, 2156 stragglers dropped; last hole 0/0 chunks, first missing -1, short false, chunk 1166 B; worker phase idle
09-29 11:50:40.939 I/WiVRn   ( 5746): [2026-09-29 11:50:40.939] [WiVRn] [info] nxwarp[0] net: 0.009 ms per datagram over 12004 datagrams (55.96 ms of every second)
09-29 11:50:40.946 I/WiVRn   ( 5746): [2026-09-29 11:50:40.946] [WiVRn] [info] render: source display-time offset 69.0 ms mean (worst 86.9) over 179 frames | submit lead 32.6 ms mean (worst 19.0) | misses: 0 overrun 0 late 1 skipped refresh
09-29 11:50:41.269 I/WiVRn   ( 5746): [2026-09-29 11:50:41.269] [WiVRn] [info] NX JPEG periphery: applied 328/360 eye frames, staging upload 0.152 ms avg over 238 uploads
09-29 11:50:42.359 I/WiVRn   ( 5746): [2026-09-29 11:50:42.359] [WiVRn] [info] nxwarp[0]: periphery JPEG rx=180 queued_drop=0 missing=0 decoded=180 invalid=0 decode_us_mean=1812.9 p50=1770
09-29 11:50:42.948 I/WiVRn   ( 5746): [2026-09-29 11:50:42.948] [WiVRn] [info] nxwarp[0] net: 118 frames closed in 2.0 s, 0 with a hole, 0 out-of-order datagrams, 0 frames completed late, 0 queued for the worker, 4028 decoded so far, 2275 stragglers dropped; last hole 0/0 chunks, first missing -1, short false, chunk 1166 B; worker phase idle
09-29 11:50:42.948 I/WiVRn   ( 5746): [2026-09-29 11:50:42.948] [WiVRn] [info] nxwarp[0] net: 0.009 ms per datagram over 11876 datagrams (55.01 ms of every second)
09-29 11:50:42.951 I/WiVRn   ( 5746): [2026-09-29 11:50:42.951] [WiVRn] [info] render: source display-time offset 70.2 ms mean (worst 87.3) over 179 frames | submit lead 32.8 ms mean (worst 20.0) | misses: 0 overrun 0 late 1 skipped refresh
09-29 11:50:43.285 I/WiVRn   ( 5746): [2026-09-29 11:50:43.285] [WiVRn] [info] NX JPEG periphery: applied 331/360 eye frames, staging upload 0.152 ms avg over 239 uploads
09-29 11:50:43.881 I/WiVRn   ( 5746): [2026-09-29 11:50:43.881] [WiVRn] [info] nxwarp[0]: periphery JPEG rx=180 queued_drop=0 missing=0 decoded=180 invalid=0 decode_us_mean=1802.7 p50=1760
09-29 11:50:44.949 I/WiVRn   ( 5746): [2026-09-29 11:50:44.949] [WiVRn] [info] nxwarp[0] net: 119 frames closed in 2.0 s, 0 with a hole, 0 out-of-order datagrams, 0 frames completed late, 0 queued for the worker, 4266 decoded so far, 2432 stragglers dropped; last hole 0/0 chunks, first missing -1, short false, chunk 1166 B; worker phase idle
09-29 11:50:44.949 I/WiVRn   ( 5746): [2026-09-29 11:50:44.949] [WiVRn] [info] nxwarp[0] net: 0.009 ms per datagram over 12514 datagrams (57.24 ms of every second)
09-29 11:50:44.956 I/WiVRn   ( 5746): [2026-09-29 11:50:44.956] [WiVRn] [info] render: source display-time offset 69.1 ms mean (worst 84.8) over 180 frames | submit lead 32.7 ms mean (worst 31.9) | misses: 0 overrun 0 late 0 skipped refresh
09-29 11:50:45.306 I/WiVRn   ( 5746): [2026-09-29 11:50:45.306] [WiVRn] [info] NX JPEG periphery: applied 338/360 eye frames, staging upload 0.150 ms avg over 237 uploads
09-29 11:50:45.396 I/WiVRn   ( 5746): [2026-09-29 11:50:45.396] [WiVRn] [info] nxwarp[0]: periphery JPEG rx=180 queued_drop=0 missing=0 decoded=180 invalid=0 decode_us_mean=1756.7 p50=1713
09-29 11:50:46.887 I/WiVRn   ( 5746): [2026-09-29 11:50:46.887] [WiVRn] [info] nxwarp[0]: periphery JPEG rx=180 queued_drop=0 missing=0 decoded=180 invalid=0 decode_us_mean=1709.0 p50=1676
09-29 11:50:46.952 I/WiVRn   ( 5746): [2026-09-29 11:50:46.952] [WiVRn] [info] nxwarp[0] net: 120 frames closed in 2.0 s, 0 with a hole, 0 out-of-order datagrams, 0 frames completed late, 0 queued for the worker, 4506 decoded so far, 2585 stragglers dropped; last hole 0/0 chunks, first missing -1, short false, chunk 1166 B; worker phase idle
09-29 11:50:46.952 I/WiVRn   ( 5746): [2026-09-29 11:50:46.952] [WiVRn] [info] nxwarp[0] net: 0.009 ms per datagram over 12730 datagrams (58.25 ms of every second)
09-29 11:50:46.962 I/WiVRn   ( 5746): [2026-09-29 11:50:46.962] [WiVRn] [info] render: source display-time offset 69.1 ms mean (worst 87.2) over 179 frames | submit lead 32.7 ms mean (worst 20.1) | misses: 0 overrun 0 late 1 skipped refresh
09-29 11:50:47.307 I/WiVRn   ( 5746): [2026-09-29 11:50:47.307] [WiVRn] [info] NX JPEG periphery: applied 331/360 eye frames, staging upload 0.154 ms avg over 244 uploads
09-29 11:50:48.340 I/WiVRn   ( 5746): [2026-09-29 11:50:48.340] [WiVRn] [info] nxwarp[0]: periphery JPEG rx=180 queued_drop=0 missing=0 decoded=180 invalid=0 decode_us_mean=1747.1 p50=1700
09-29 11:50:48.962 I/WiVRn   ( 5746): [2026-09-29 11:50:48.962] [WiVRn] [info] nxwarp[0] net: 124 frames closed in 2.0 s, 0 with a hole, 0 out-of-order datagrams, 0 frames completed late, 0 queued for the worker, 4754 decoded so far, 2709 stragglers dropped; last hole 0/0 chunks, first missing -1, short false, chunk 1166 B; worker phase idle
09-29 11:50:48.962 I/WiVRn   ( 5746): [2026-09-29 11:50:48.962] [WiVRn] [info] nxwarp[0] net: 0.009 ms per datagram over 12524 datagrams (58.31 ms of every second)
09-29 11:50:48.966 I/WiVRn   ( 5746): [2026-09-29 11:50:48.966] [WiVRn] [info] render: source display-time offset 67.6 ms mean (worst 83.4) over 179 frames | submit lead 32.7 ms mean (worst 18.8) | misses: 0 overrun 0 late 1 skipped refresh
09-29 11:50:49.323 I/WiVRn   ( 5746): [2026-09-29 11:50:49.323] [WiVRn] [info] NX JPEG periphery: applied 327/360 eye frames, staging upload 0.153 ms avg over 243 uploads
09-29 11:50:49.810 I/WiVRn   ( 5746): [2026-09-29 11:50:49.810] [WiVRn] [info] nxwarp[0]: periphery JPEG rx=180 queued_drop=0 missing=0 decoded=180 invalid=0 decode_us_mean=1765.2 p50=1723
09-29 11:50:50.971 I/WiVRn   ( 5746): [2026-09-29 11:50:50.971] [WiVRn] [info] render: source display-time offset 69.2 ms mean (worst 86.0) over 180 frames | submit lead 32.6 ms mean (worst 31.7) | misses: 0 overrun 0 late 0 skipped refresh
09-29 11:50:50.976 I/WiVRn   ( 5746): [2026-09-29 11:50:50.976] [WiVRn] [info] nxwarp[0] net: 120 frames closed in 2.0 s, 0 with a hole, 0 out-of-order datagrams, 0 frames completed late, 0 queued for the worker, 4994 decoded so far, 2843 stragglers dropped; last hole 0/0 chunks, first missing -1, short false, chunk 1166 B; worker phase idle
09-29 11:50:50.976 I/WiVRn   ( 5746): [2026-09-29 11:50:50.976] [WiVRn] [info] nxwarp[0] net: 0.009 ms per datagram over 12683 datagrams (57.70 ms of every second)
09-29 11:50:51.338 I/WiVRn   ( 5746): [2026-09-29 11:50:51.338] [WiVRn] [info] NX JPEG periphery: applied 316/360 eye frames, staging upload 0.156 ms avg over 236 uploads
09-29 11:50:51.350 I/WiVRn   ( 5746): [2026-09-29 11:50:51.350] [WiVRn] [info] nxwarp[0]: periphery JPEG rx=180 queued_drop=0 missing=0 decoded=180 invalid=0 decode_us_mean=1853.8 p50=1810
09-29 11:50:52.872 I/WiVRn   ( 5746): [2026-09-29 11:50:52.872] [WiVRn] [info] nxwarp[0]: periphery JPEG rx=180 queued_drop=0 missing=0 decoded=180 invalid=0 decode_us_mean=1830.7 p50=1791
09-29 11:50:52.976 I/WiVRn   ( 5746): [2026-09-29 11:50:52.976] [WiVRn] [info] render: source display-time offset 69.4 ms mean (worst 82.9) over 179 frames | submit lead 32.6 ms mean (worst 20.0) | misses: 0 overrun 0 late 1 skipped refresh
09-29 11:50:52.988 I/WiVRn   ( 5746): [2026-09-29 11:50:52.988] [WiVRn] [info] nxwarp[0] net: 119 frames closed in 2.0 s, 0 with a hole, 0 out-of-order datagrams, 0 frames completed late, 0 queued for the worker, 5232 decoded so far, 2986 stragglers dropped; last hole 0/0 chunks, first missing -1, short false, chunk 1166 B; worker phase idle
09-29 11:50:52.988 I/WiVRn   ( 5746): [2026-09-29 11:50:52.988] [WiVRn] [info] nxwarp[0] net: 0.009 ms per datagram over 13013 datagrams (58.99 ms of every second)
09-29 11:50:53.344 I/WiVRn   ( 5746): [2026-09-29 11:50:53.344] [WiVRn] [info] NX JPEG periphery: applied 329/360 eye frames, staging upload 0.154 ms avg over 237 uploads
09-29 11:50:54.424 I/WiVRn   ( 5746): [2026-09-29 11:50:54.424] [WiVRn] [info] nxwarp[0]: periphery JPEG rx=180 queued_drop=0 missing=0 decoded=180 invalid=0 decode_us_mean=1714.1 p50=1690
09-29 11:50:54.981 I/WiVRn   ( 5746): [2026-09-29 11:50:54.981] [WiVRn] [info] render: source display-time offset 68.8 ms mean (worst 87.1) over 179 frames | submit lead 32.7 ms mean (worst 20.0) | misses: 0 overrun 0 late 1 skipped refresh
09-29 11:50:55.001 I/WiVRn   ( 5746): [2026-09-29 11:50:55.001] [WiVRn] [info] nxwarp[0] net: 117 frames closed in 2.0 s, 0 with a hole, 0 out-of-order datagrams, 0 frames completed late, 0 queued for the worker, 5466 decoded so far, 3130 stragglers dropped; last hole 0/0 chunks, first missing -1, short false, chunk 1166 B; worker phase idle
09-29 11:50:55.001 I/WiVRn   ( 5746): [2026-09-29 11:50:55.001] [WiVRn] [info] nxwarp[0] net: 0.009 ms per datagram over 11717 datagrams (54.63 ms of every second)
09-29 11:50:55.371 I/WiVRn   ( 5746): [2026-09-29 11:50:55.371] [WiVRn] [info] NX JPEG periphery: applied 331/360 eye frames, staging upload 0.152 ms avg over 235 uploads
09-29 11:50:55.955 I/WiVRn   ( 5746): [2026-09-29 11:50:55.955] [WiVRn] [info] nxwarp[0]: periphery JPEG rx=180 queued_drop=0 missing=0 decoded=180 invalid=0 decode_us_mean=1675.2 p50=1640
09-29 11:50:56.991 I/WiVRn   ( 5746): [2026-09-29 11:50:56.991] [WiVRn] [info] render: source display-time offset 313.8 ms mean (worst 1060.8) over 179 frames | submit lead 30.6 ms mean (worst 13.8) | misses: 0 overrun 0 late 1 skipped refresh
