WARNING: [Loader Message] Code 0 : Layer "VK_LAYER_VALVE_steam_overlay_32" forced disabled because name matches filter of env var 'VK_LOADER_LAYERS_DISABLE'.
WARNING: [Loader Message] Code 0 : Layer "VK_LAYER_VALVE_steam_overlay_64" forced disabled because name matches filter of env var 'VK_LOADER_LAYERS_DISABLE'.
WARNING: [Loader Message] Code 0 : Layer "VK_LAYER_VALVE_steam_fossilize_32" forced disabled because name matches filter of env var 'VK_LOADER_LAYERS_DISABLE'.
WARNING: [Loader Message] Code 0 : Layer "VK_LAYER_VALVE_steam_fossilize_64" forced disabled because name matches filter of env var 'VK_LOADER_LAYERS_DISABLE'.
WARNING: [Loader Message] Code 0 : Layer "VK_LAYER_MANGOHUD_overlay_x86" forced disabled because name matches filter of env var 'VK_LOADER_LAYERS_DISABLE'.
WARNING: [Loader Message] Code 0 : Layer "VK_LAYER_MANGOHUD_overlay_x86_64" forced disabled because name matches filter of env var 'VK_LOADER_LAYERS_DISABLE'.
WARNING: [Loader Message] Code 0 : Layer "VK_LAYER_FROG_gamescope_wsi_x86_64" forced disabled because name matches filter of env var 'VK_LOADER_LAYERS_DISABLE'.
WARNING: [Loader Message] Code 0 : Layer "VK_LAYER_MESA_anti_lag" forced disabled because name matches filter of env var 'VK_LOADER_LAYERS_DISABLE'.
WARNING: [Loader Message] Code 0 : Layer "VK_LAYER_MESA_device_select" forced disabled because name matches filter of env var 'VK_LOADER_LAYERS_DISABLE'.
WARNING: [Loader Message] Code 0 : Layer "VK_LAYER_LSFGVK_frame_generation" forced disabled because name matches filter of env var 'VK_LOADER_LAYERS_DISABLE'.
'DISPLAY' environment variable not set... skipping surface info
==========
VULKANINFO
==========

Vulkan Instance Version: 1.4.357


Instance Extensions: count = 25
-------------------------------
VK_EXT_acquire_drm_display             : extension revision 1
VK_EXT_acquire_xlib_display            : extension revision 1
VK_EXT_debug_report                    : extension revision 10
VK_EXT_debug_utils                     : extension revision 2
VK_EXT_direct_mode_display             : extension revision 1
VK_EXT_display_surface_counter         : extension revision 1
VK_EXT_headless_surface                : extension revision 1
VK_EXT_surface_maintenance1            : extension revision 1
VK_EXT_swapchain_colorspace            : extension revision 5
VK_KHR_device_group_creation           : extension revision 1
VK_KHR_display                         : extension revision 23
VK_KHR_external_fence_capabilities     : extension revision 1
VK_KHR_external_memory_capabilities    : extension revision 1
VK_KHR_external_semaphore_capabilities : extension revision 1
VK_KHR_get_display_properties2         : extension revision 1
VK_KHR_get_physical_device_properties2 : extension revision 2
VK_KHR_get_surface_capabilities2       : extension revision 1
VK_KHR_portability_enumeration         : extension revision 1
VK_KHR_surface                         : extension revision 25
VK_KHR_surface_maintenance1            : extension revision 1
VK_KHR_surface_protected_capabilities  : extension revision 1
VK_KHR_wayland_surface                 : extension revision 6
VK_KHR_xcb_surface                     : extension revision 6
VK_KHR_xlib_surface                    : extension revision 6
VK_LUNARG_direct_driver_loading        : extension revision 1

Instance Layers: count = 1
--------------------------
VK_LAYER_KHRONOS_validation Khronos Validation Layer 1.4.357  version 1

Devices:
========
GPU0:
	apiVersion         = 1.4.354
	driverVersion      = 26.2.4
	vendorID           = 0x1002
	deviceID           = 0x744c
	deviceType         = PHYSICAL_DEVICE_TYPE_DISCRETE_GPU
	deviceName         = AMD Radeon RX 7900 XTX (RADV NAVI31)
	driverID           = DRIVER_ID_MESA_RADV
	driverName         = radv
	driverInfo         = Mesa 26.2.4-arch3.1
	conformanceVersion = 1.4.5.3
	deviceUUID         = 00000000-0300-0000-0000-000000000000
	driverUUID         = 414d442d-4d45-5341-2d44-525600000000
GPU1:
	apiVersion         = 1.4.354
	driverVersion      = 26.2.4
	vendorID           = 0x1002
	deviceID           = 0x13c0
	deviceType         = PHYSICAL_DEVICE_TYPE_INTEGRATED_GPU
	deviceName         = AMD Ryzen 9 9950X3D 16-Core Processor (RADV RAPHAEL_MENDOCINO)
	driverID           = DRIVER_ID_MESA_RADV
	driverName         = radv
	driverInfo         = Mesa 26.2.4-arch3.1
	conformanceVersion = 1.4.5.3
	deviceUUID         = 00000000-7b00-0000-0000-000000000000
	driverUUID         = 414d442d-4d45-5341-2d44-525600000000
