WiVRn nx-atlas-live-920ac878-dirty starting
Service published: x0x0x0x0x0x
Client connected
Server started, PID 3620124
 INFO [ipc_server_main_common] WiVRn 'nx-atlas-live-920ac878-dirty' starting up...
Setting the OpenVR compatibility library to /opt/xrizer
Listening for secondary paths on port 9757
 INFO [vk_bundle] Vulkan instance created:
	GPU: AMD Radeon RX 7900 XTX (RADV NAVI31)
	queue families: 1 3 1 (main, encode, transfer)

 INFO [get_encoder_settings] nxwarp: both eyes on stream 0 as one 2176x1088 stereo frame (578 tiles), stream 1 has no encoder
 INFO [compositor] compositor: lens mask on, margin 1 tile; the foveation pass flattens what it covers (0 of 0 tiles per eye so far)
 INFO [comp_vulkan_formats_log] Supported formats:
	VK_FORMAT_R16G16B16A16_UNORM: true
	VK_FORMAT_R16G16B16A16_SFLOAT: true
	VK_FORMAT_R16G16B16_UNORM: false
	VK_FORMAT_R16G16B16_SFLOAT: false
	VK_FORMAT_R8G8B8A8_SRGB: true
	VK_FORMAT_B8G8R8A8_SRGB: true
	VK_FORMAT_R8G8B8_SRGB: false
	VK_FORMAT_R8G8B8A8_UNORM: true
	VK_FORMAT_B8G8R8A8_UNORM: true
	VK_FORMAT_R8G8B8_UNORM: false
	VK_FORMAT_B8G8R8_UNORM: false
	VK_FORMAT_R5G6B5_UNORM_PACK16: true
	VK_FORMAT_R32_SFLOAT: true
	VK_FORMAT_D32_SFLOAT: true
	VK_FORMAT_D16_UNORM: true
	VK_FORMAT_X8_D24_UNORM_PACK32: false
	VK_FORMAT_D24_UNORM_S8_UINT: false
	VK_FORMAT_D32_SFLOAT_S8_UINT: true
	VK_FORMAT_S8_UINT: true
 INFO [print_encoders] Encoder configuration:
	* nxwarp (nxwarp 8-bit)
	  size: 1088x1088
	  bitrate: 48.7Mbit/s
	* nxwarp (nxwarp 8-bit)
	  size: 1088x544
	  bitrate: 1.2Mbit/s
 INFO [video_encoder_nxwarp] nxwarp: "entropy": "auto" -> lite (the headset advertises ENTROPY_LITE)
 INFO [video_encoder_nxwarp] nxwarp: "snap-identity": 16/16 sample (still tiles become a copy on the headset; error bounded by 0.50 sample)
 INFO [video_encoder_nxwarp] nxwarp: "planar": "rd" -> "off" (the GPU backend has no planar mode)
 INFO [video_encoder_nxwarp] nxwarp: stream 0 tools 0x4c2200c05 (INTRA_DC_PLANE RES_LEVEL INTER WARP CTX_V2 CTX_V3 ENTROPY_LITE bit31 bit34), headset 0xdf77a1fff -- negotiated
 INFO [video_encoder_nxwarp] nxwarp: stream 0 backend: nxvc_vk_encoder GPU compute encoder, nxvc_vk_encoder (E0/E3/E4/E5, intra only) (34x17 tiles, intra only, one QP per frame), reading the compositor image directly
 INFO [video_encoder_nxwarp] nxwarp: stream 0 1088x1088, nxvc_vk_encoder GPU compute encoder, nxvc_vk_encoder (E0/E3/E4/E5, intra only) (34x17 tiles, intra only, one QP per frame), fixed QP 40, paced at a fixed 90.0 fps, 34x17 tiles in 3 band(s), 1166 bytes per transport tile
 INFO [video_encoder_nxwarp] nxwarp: "entropy": "auto" -> lite (the headset advertises ENTROPY_LITE)
 INFO [video_encoder_nxwarp] nxwarp: "snap-identity": 16/16 sample (still tiles become a copy on the headset; error bounded by 0.50 sample)
 INFO [video_encoder_nxwarp] nxwarp: "planar": "rd" -> "off" (the GPU backend has no planar mode)
 INFO [video_encoder_nxwarp] nxwarp: stream 2 tools 0x4c2200c05 (INTRA_DC_PLANE RES_LEVEL INTER WARP CTX_V2 CTX_V3 ENTROPY_LITE bit31 bit34), headset 0xdf77a1fff -- negotiated
 INFO [video_encoder_nxwarp] nxwarp: stream 2 backend: nxvc_vk_encoder GPU compute encoder, nxvc_vk_encoder (E0/E3/E4/E5, intra only) (17x9 tiles, intra only, one QP per frame), reading the compositor image directly
 INFO [video_encoder_nxwarp] nxwarp: stream 2 1088x544, nxvc_vk_encoder GPU compute encoder, nxvc_vk_encoder (E0/E3/E4/E5, intra only) (17x9 tiles, intra only, one QP per frame), fixed QP 40, paced at a fixed 90.0 fps, 17x9 tiles in 2 band(s), 1166 bytes per transport tile
 INFO [wivrn_hmd] edge bleed: rendering 5.0% overscan, 1.35 deg left / 1.35 deg up on eye 0 (same encoded size, so about 4.8% less sharp)
 INFO [pipewire_device] pipewire speaker stream created (quantum: 240 frames, 5.00 ms)
 INFO [configure] Automatic bitrate enabled, AIMD (v1), ceiling 50.0 Mbit/s, floor 10.0 Mbit/s, radio trend on
 INFO [set_pacing] Packet pacing enabled, spreading each frame over 40% of a frame period
 INFO [apply_qos] Wi-Fi QoS marks enabled (video AF41 / AC_VI, control EF / AC_VO)
 INFO [set_fec] Forward error correction enabled, one parity shard per 8 video shards
 INFO [set_fec_adaptive] Adaptive error correction enabled, parity ratio between 16+1 and 4+1 with interleaved groups
 INFO [set_shard_retransmit] Shard retransmission enabled, keeping 1024 kB of recently sent shards per stream
 WARN [check_socket_path] path not found: /run/user/1000/SlimeVRRpc
 WARN [check_socket_path] path not found: /run/user/1000/.flatpak/dev.slimevr.SlimeVR/xdg-run/SlimeVRRpc
 WARN [check_socket_path] path not found: /home/nerdrx/.local/share/dev.slimevr.SlimeVR/SlimeVRRpc
ERROR [solarxr_ipc_socket_find] failed to resolve socket path
 INFO [u_linux_try_to_set_realtime_priority_on_thread] Raised priority of thread 'Multi Client Module' to policy: 'SCHED_FIFO', priority: '99'
 INFO [operator()] Session state changed: XR_SESSION_STATE_FOCUSED
 INFO [reset_stream] nxwarp: stream 0 resumed for a new client: transport sequence restarted, stream header resent, next frame coded without a reference
 INFO [reset_stream] nxwarp: stream 2 resumed for a new client: transport sequence restarted, stream header resent, next frame coded without a reference
 INFO [operator()] Updating interaction profiles: from 
	XRT_DEVICE_TOUCH_CONTROLLER (left)  to XRT_DEVICE_EXT_HAND_INTERACTION
	XRT_DEVICE_TOUCH_CONTROLLER (right) to XRT_DEVICE_EXT_HAND_INTERACTION

 INFO [client_connected] Client 1 connected
 INFO [ipc_handle_instance_describe_client] Client info:
	id: 1
	application_name: 'HelloXR'
	pid: 3620420
	extensions:
		ext_hand_tracking_enabled: false
		ext_hand_tracking_data_source_enabled: false
		ext_eye_gaze_interaction_enabled: false
		ext_future_enabled: false
		ext_hand_interaction_enabled: false
		htc_facial_tracking_enabled: false
		fb_body_tracking_enabled: false
		meta_body_tracking_full_body_enabled: false
		meta_body_tracking_calibration_enabled: false
		meta_body_tracking_fidelity_enabled: false
		fb_face_tracking2_enabled: false
		android_face_tracking_enabled: false
 INFO [update_session_state_locked] Started native session, 1 active app session(s).
 INFO [get_view_poses] geometry[eye 0]: panel fov L-51.99 R51.99 U51.99 D-51.99 -> rendered fov L-53.34 R53.34 U53.34 D-53.34 deg (overscan 0.050)
 INFO [get_view_poses] geometry[eye 1]: panel fov L-51.99 R51.99 U51.99 D-51.99 -> rendered fov L-53.34 R53.34 U53.34 D-53.34 deg (overscan 0.050)
 INFO [update_lens_mask] nxwarp: stream 0 lens mask: 0 of 289 tiles per eye masked (margin 1 tile, fov -53.3/53.3/53.3/-53.3 deg); flattened only: this backend has no skip-map input, so the tiles are coded as whatever the mode search makes of a constant grey
 INFO [encode] nxwarp: stream 0 is at fixed QP 40 by configuration; the bitrate controller's 43360433 bit/s is ignored (unset "rc": "fixed" to honour it)
 INFO [report_frame] nxwarp atlas: 1 frames, avg skip 0 intra 578 coded 578, atlas 1 picture 0, avg worst disp 0.0 q4
 INFO [encode] nxwarp: stream 0 stereo compose 0.000 ms/frame (max 0.000), 0.0% of the 3.9 ms encode
 INFO [encode] nxwarp: stream 0 encoded 1 frames in 2.9 s: 3.9 ms/frame (max 3.9), 9118 B/frame at fixed QP 40, paced to 90.0 fps (fixed by configuration), 0 composited frame(s) not sent
 INFO [encode] nxwarp: stream 0 pace diagnostics (mean/min/max; interval 11.111 ms, tolerance 5.556 ms): admitted n0; rejected n0
 INFO [layer_commit] geometry[eye 0]: layer fov (what the app rendered, and what goes on the wire) L-53.34 R53.34 U53.34 D-53.34 deg
 INFO [layer_commit] geometry[eye 1]: layer fov (what the app rendered, and what goes on the wire) L-53.34 R53.34 U53.34 D-53.34 deg
 INFO [report_frame] nxwarp atlas: 181 frames, avg skip 0 intra 578 coded 578, atlas 181 picture 0, avg worst disp 0.0 q4
 INFO [encode] nxwarp: stream 0 stereo compose 0.000 ms/frame (max 0.000), 0.0% of the 3.6 ms encode
 INFO [encode] nxwarp: stream 0 encoded 181 frames in 2.0 s: 3.6 ms/frame (max 5.7), 56416 B/frame at fixed QP 40, paced to 90.0 fps (fixed by configuration), 0 composited frame(s) not sent
 INFO [encode] nxwarp: stream 0 pace diagnostics (mean/min/max; interval 11.111 ms, tolerance 5.556 ms): admitted n181 host 11080.5/7175.7/14722.2 us display 11.272/11.107/15.642 ms; rejected n0
 INFO [encode] nxwarp: stream 0 tile mapping: 181 frame(s) with per-tile spans, 0 with the fixed-chunk fallback ("tile-map": "auto")
 INFO [encode] nxwarp: stream 0 the headset did not reconstruct 133 frame(s) since the last report; 82 of them cost an all-intra frame and 51 named a frame older than one already coded intra and cost nothing. Last was frame 178, dropped by the worker backlog
 INFO [operator()] Session state changed: XR_SESSION_STATE_VISIBLE
 INFO [operator()] Session state changed: XR_SESSION_STATE_SYNCHRONIZED
 INFO [operator()] Session state changed: XR_SESSION_STATE_STOPPING
 INFO [operator()] Session state changed: XR_SESSION_STATE_IDLE
 INFO [report_frame] nxwarp atlas: 179 frames, avg skip 570 intra 7 coded 7, atlas 179 picture 0, avg worst disp 17.2 q4
 INFO [encode] nxwarp: stream 0 stereo compose 0.000 ms/frame (max 0.000), 0.0% of the 3.8 ms encode
 INFO [encode] nxwarp: stream 0 encoded 179 frames in 2.0 s: 3.8 ms/frame (max 5.8), 963 B/frame at fixed QP 40, paced to 90.0 fps (fixed by configuration), 1 composited frame(s) not sent
 INFO [encode] nxwarp: stream 0 pace diagnostics (mean/min/max; interval 11.111 ms, tolerance 5.556 ms): admitted n179 host 11187.9/6853.3/13252.9 us display 11.159/11.109/12.002 ms; rejected n1 host 3747.9/3747.9/3747.9 us display 44.756/44.756/44.756 ms
 INFO [encode] nxwarp: stream 0 tile mapping: 179 frame(s) with per-tile spans, 0 with the fixed-chunk fallback ("tile-map": "auto")
 INFO [encode] nxwarp: stream 0 the headset did not reconstruct 8 frame(s) since the last report; 7 of them cost an all-intra frame and 1 named a frame older than one already coded intra and cost nothing. Last was frame 189, dropped by the worker backlog
 INFO [operator()] Session state changed: XR_SESSION_STATE_READY
 INFO [operator()] user presence changed to false
 INFO [operator()] Session state changed: XR_SESSION_STATE_SYNCHRONIZED
 INFO [operator()] Session state changed: XR_SESSION_STATE_VISIBLE
 INFO [operator()] Session state changed: XR_SESSION_STATE_FOCUSED
 INFO [report_frame] nxwarp atlas: 181 frames, avg skip 539 intra 38 coded 38, atlas 181 picture 0, avg worst disp 23.3 q4
 INFO [encode] nxwarp: stream 0 stereo compose 0.000 ms/frame (max 0.000), 0.0% of the 3.7 ms encode
 INFO [encode] nxwarp: stream 0 encoded 181 frames in 2.0 s: 3.7 ms/frame (max 5.8), 3972 B/frame at fixed QP 40, paced to 90.0 fps (fixed by configuration), 0 composited frame(s) not sent
 INFO [encode] nxwarp: stream 0 pace diagnostics (mean/min/max; interval 11.111 ms, tolerance 5.556 ms): admitted n181 host 11106.6/9300.2/13320.4 us display 11.111/11.105/11.118 ms; rejected n0
 INFO [encode] nxwarp: stream 0 tile mapping: 181 frame(s) with per-tile spans, 0 with the fixed-chunk fallback ("tile-map": "auto")
 INFO [encode] nxwarp: stream 0 the headset did not reconstruct 3 frame(s) since the last report; 3 of them cost an all-intra frame and 0 named a frame older than one already coded intra and cost nothing. Last was frame 538, dropped by the worker backlog
 INFO [report_frame] nxwarp atlas: 179 frames, avg skip 564 intra 13 coded 13, atlas 179 picture 0, avg worst disp 61.3 q4
 INFO [encode] nxwarp: stream 0 stereo compose 0.000 ms/frame (max 0.000), 0.0% of the 3.7 ms encode
 INFO [encode] nxwarp: stream 0 encoded 179 frames in 2.0 s: 3.7 ms/frame (max 5.9), 1917 B/frame at fixed QP 40, paced to 90.0 fps (fixed by configuration), 1 composited frame(s) not sent
 INFO [encode] nxwarp: stream 0 pace diagnostics (mean/min/max; interval 11.111 ms, tolerance 5.556 ms): admitted n179 host 11204.3/9075.3/20349.5 us display 11.203/10.908/14.358 ms; rejected n1 host 4808.5/4808.5/4808.5 us display 11.109/11.109/11.109 ms
 INFO [encode] nxwarp: stream 0 tile mapping: 179 frame(s) with per-tile spans, 0 with the fixed-chunk fallback ("tile-map": "auto")
 INFO [encode] nxwarp: stream 0 the headset did not reconstruct 3 frame(s) since the last report; 2 of them cost an all-intra frame and 1 named a frame older than one already coded intra and cost nothing. Last was frame 545, dropped by the worker backlog
 INFO [report_frame] nxwarp atlas: 180 frames, avg skip 573 intra 4 coded 4, atlas 180 picture 0, avg worst disp 41.7 q4
 INFO [encode] nxwarp: stream 0 stereo compose 0.000 ms/frame (max 0.000), 0.0% of the 3.7 ms encode
 INFO [encode] nxwarp: stream 0 encoded 180 frames in 2.0 s: 3.7 ms/frame (max 5.7), 1086 B/frame at fixed QP 40, paced to 90.0 fps (fixed by configuration), 1 composited frame(s) not sent
 INFO [encode] nxwarp: stream 0 pace diagnostics (mean/min/max; interval 11.111 ms, tolerance 5.556 ms): admitted n180 host 11118.5/8934.1/13050.4 us display 11.115/10.001/12.904 ms; rejected n1 host 4205.9/4205.9/4205.9 us display 10.383/10.383/10.383 ms
 INFO [encode] nxwarp: stream 0 tile mapping: 180 frame(s) with per-tile spans, 0 with the fixed-chunk fallback ("tile-map": "auto")
 INFO [report_frame] nxwarp atlas: 181 frames, avg skip 573 intra 4 coded 4, atlas 181 picture 0, avg worst disp 32.2 q4
 INFO [encode] nxwarp: stream 0 stereo compose 0.000 ms/frame (max 0.000), 0.0% of the 3.7 ms encode
 INFO [encode] nxwarp: stream 0 encoded 181 frames in 2.0 s: 3.7 ms/frame (max 5.9), 986 B/frame at fixed QP 40, paced to 90.0 fps (fixed by configuration), 0 composited frame(s) not sent
 INFO [encode] nxwarp: stream 0 pace diagnostics (mean/min/max; interval 11.111 ms, tolerance 5.556 ms): admitted n181 host 11099.0/8092.5/15463.5 us display 11.102/10.001/11.570 ms; rejected n0
 INFO [encode] nxwarp: stream 0 tile mapping: 181 frame(s) with per-tile spans, 0 with the fixed-chunk fallback ("tile-map": "auto")
 INFO [report_frame] nxwarp atlas: 180 frames, avg skip 573 intra 4 coded 4, atlas 180 picture 0, avg worst disp 48.4 q4
 INFO [encode] nxwarp: stream 0 stereo compose 0.000 ms/frame (max 0.000), 0.0% of the 3.6 ms encode
 INFO [encode] nxwarp: stream 0 encoded 180 frames in 2.0 s: 3.6 ms/frame (max 5.0), 968 B/frame at fixed QP 40, paced to 90.0 fps (fixed by configuration), 0 composited frame(s) not sent
 INFO [encode] nxwarp: stream 0 pace diagnostics (mean/min/max; interval 11.111 ms, tolerance 5.556 ms): admitted n180 host 11127.0/7694.1/15668.5 us display 11.121/11.108/11.287 ms; rejected n0
 INFO [encode] nxwarp: stream 0 tile mapping: 180 frame(s) with per-tile spans, 0 with the fixed-chunk fallback ("tile-map": "auto")
 INFO [operator()] Session state changed: XR_SESSION_STATE_VISIBLE
 INFO [operator()] Session state changed: XR_SESSION_STATE_SYNCHRONIZED
 INFO [operator()] Session state changed: XR_SESSION_STATE_STOPPING
 INFO [operator()] Session state changed: XR_SESSION_STATE_IDLE
 INFO [report_frame] nxwarp atlas: 180 frames, avg skip 571 intra 6 coded 6, atlas 180 picture 0, avg worst disp 52.2 q4
 INFO [encode] nxwarp: stream 0 stereo compose 0.000 ms/frame (max 0.000), 0.0% of the 3.7 ms encode
 INFO [encode] nxwarp: stream 0 encoded 180 frames in 2.0 s: 3.7 ms/frame (max 4.9), 935 B/frame at fixed QP 40, paced to 90.0 fps (fixed by configuration), 0 composited frame(s) not sent
 INFO [encode] nxwarp: stream 0 pace diagnostics (mean/min/max; interval 11.111 ms, tolerance 5.556 ms): admitted n180 host 11124.5/8435.7/15599.8 us display 11.111/10.000/11.457 ms; rejected n0
 INFO [encode] nxwarp: stream 0 tile mapping: 180 frame(s) with per-tile spans, 0 with the fixed-chunk fallback ("tile-map": "auto")
 INFO [report_frame] nxwarp atlas: 180 frames, avg skip 574 intra 3 coded 3, atlas 180 picture 0, avg worst disp 24.5 q4
 INFO [encode] nxwarp: stream 0 stereo compose 0.000 ms/frame (max 0.000), 0.0% of the 3.5 ms encode
 INFO [encode] nxwarp: stream 0 encoded 180 frames in 2.0 s: 3.5 ms/frame (max 6.1), 569 B/frame at fixed QP 40, paced to 90.0 fps (fixed by configuration), 0 composited frame(s) not sent
 INFO [encode] nxwarp: stream 0 pace diagnostics (mean/min/max; interval 11.111 ms, tolerance 5.556 ms): admitted n180 host 11116.9/9828.1/12315.4 us display 11.111/11.105/11.115 ms; rejected n0
 INFO [encode] nxwarp: stream 0 tile mapping: 180 frame(s) with per-tile spans, 0 with the fixed-chunk fallback ("tile-map": "auto")
 INFO [operator()] Session state changed: XR_SESSION_STATE_READY
 INFO [operator()] user presence changed to false
 INFO [operator()] Session state changed: XR_SESSION_STATE_SYNCHRONIZED
 INFO [operator()] Session state changed: XR_SESSION_STATE_VISIBLE
 INFO [operator()] Session state changed: XR_SESSION_STATE_FOCUSED
 INFO [report_frame] nxwarp atlas: 180 frames, avg skip 92 intra 485 coded 485, atlas 180 picture 0, avg worst disp 11.1 q4
 INFO [encode] nxwarp: stream 0 stereo compose 0.000 ms/frame (max 0.000), 0.0% of the 3.9 ms encode
 INFO [encode] nxwarp: stream 0 encoded 180 frames in 2.0 s: 3.9 ms/frame (max 6.3), 48105 B/frame at fixed QP 40, paced to 90.0 fps (fixed by configuration), 0 composited frame(s) not sent
 INFO [encode] nxwarp: stream 0 pace diagnostics (mean/min/max; interval 11.111 ms, tolerance 5.556 ms): admitted n180 host 11108.2/8483.8/13803.0 us display 11.201/9.598/13.220 ms; rejected n0
 INFO [encode] nxwarp: stream 0 tile mapping: 180 frame(s) with per-tile spans, 0 with the fixed-chunk fallback ("tile-map": "auto")
 INFO [encode] nxwarp: stream 0 the headset did not reconstruct 58 frame(s) since the last report; 57 of them cost an all-intra frame and 1 named a frame older than one already coded intra and cost nothing. Last was frame 1797, dropped by the worker backlog
 INFO [report_frame] nxwarp atlas: 180 frames, avg skip 0 intra 578 coded 578, atlas 180 picture 0, avg worst disp 7.0 q4
 INFO [encode] nxwarp: stream 0 stereo compose 0.000 ms/frame (max 0.000), 0.0% of the 3.9 ms encode
 INFO [encode] nxwarp: stream 0 encoded 180 frames in 2.0 s: 3.9 ms/frame (max 6.2), 57082 B/frame at fixed QP 40, paced to 90.0 fps (fixed by configuration), 0 composited frame(s) not sent
 INFO [encode] nxwarp: stream 0 pace diagnostics (mean/min/max; interval 11.111 ms, tolerance 5.556 ms): admitted n180 host 11125.9/8546.3/13778.4 us display 11.122/10.376/11.774 ms; rejected n0
 INFO [encode] nxwarp: stream 0 tile mapping: 180 frame(s) with per-tile spans, 0 with the fixed-chunk fallback ("tile-map": "auto")
 INFO [encode] nxwarp: stream 0 the headset did not reconstruct 69 frame(s) since the last report; 68 of them cost an all-intra frame and 1 named a frame older than one already coded intra and cost nothing. Last was frame 1978, dropped by the worker backlog
 INFO [report_frame] nxwarp atlas: 180 frames, avg skip 318 intra 259 coded 259, atlas 180 picture 0, avg worst disp 12.0 q4
 INFO [encode] nxwarp: stream 0 stereo compose 0.000 ms/frame (max 0.000), 0.0% of the 3.9 ms encode
 INFO [encode] nxwarp: stream 0 encoded 180 frames in 2.0 s: 3.9 ms/frame (max 6.4), 25993 B/frame at fixed QP 40, paced to 90.0 fps (fixed by configuration), 1 composited frame(s) not sent
 INFO [encode] nxwarp: stream 0 pace diagnostics (mean/min/max; interval 11.111 ms, tolerance 5.556 ms): admitted n180 host 11089.6/5649.9/14309.7 us display 11.156/9.147/22.531 ms; rejected n1 host 4893.8/4893.8/4893.8 us display 11.111/11.111/11.111 ms
 INFO [encode] nxwarp: stream 0 tile mapping: 180 frame(s) with per-tile spans, 0 with the fixed-chunk fallback ("tile-map": "auto")
 INFO [encode] nxwarp: stream 0 the headset did not reconstruct 33 frame(s) since the last report; 30 of them cost an all-intra frame and 3 named a frame older than one already coded intra and cost nothing. Last was frame 2062, dropped by the worker backlog
 INFO [report_frame] nxwarp atlas: 179 frames, avg skip 573 intra 4 coded 4, atlas 179 picture 0, avg worst disp 48.2 q4
 INFO [encode] nxwarp: stream 0 stereo compose 0.000 ms/frame (max 0.000), 0.0% of the 3.8 ms encode
 INFO [encode] nxwarp: stream 0 encoded 179 frames in 2.0 s: 3.8 ms/frame (max 6.2), 970 B/frame at fixed QP 40, paced to 90.0 fps (fixed by configuration), 0 composited frame(s) not sent
 INFO [encode] nxwarp: stream 0 pace diagnostics (mean/min/max; interval 11.111 ms, tolerance 5.556 ms): admitted n179 host 11226.3/8923.1/29277.0 us display 11.091/10.018/11.802 ms; rejected n0
 INFO [encode] nxwarp: stream 0 tile mapping: 179 frame(s) with per-tile spans, 0 with the fixed-chunk fallback ("tile-map": "auto")
 INFO [report_frame] nxwarp atlas: 181 frames, avg skip 573 intra 4 coded 4, atlas 181 picture 0, avg worst disp 42.2 q4
 INFO [encode] nxwarp: stream 0 stereo compose 0.000 ms/frame (max 0.000), 0.0% of the 3.7 ms encode
 INFO [encode] nxwarp: stream 0 encoded 181 frames in 2.0 s: 3.7 ms/frame (max 6.0), 1053 B/frame at fixed QP 40, paced to 90.0 fps (fixed by configuration), 0 composited frame(s) not sent
 INFO [encode] nxwarp: stream 0 pace diagnostics (mean/min/max; interval 11.111 ms, tolerance 5.556 ms): admitted n181 host 11094.7/8465.6/14177.3 us display 11.105/9.965/11.195 ms; rejected n0
 INFO [encode] nxwarp: stream 0 tile mapping: 181 frame(s) with per-tile spans, 0 with the fixed-chunk fallback ("tile-map": "auto")
 INFO [operator()] Session state changed: XR_SESSION_STATE_VISIBLE
 INFO [operator()] Session state changed: XR_SESSION_STATE_SYNCHRONIZED
 INFO [operator()] Session state changed: XR_SESSION_STATE_STOPPING
 INFO [operator()] Session state changed: XR_SESSION_STATE_IDLE
 INFO [report_frame] nxwarp atlas: 180 frames, avg skip 571 intra 6 coded 6, atlas 180 picture 0, avg worst disp 17.8 q4
 INFO [encode] nxwarp: stream 0 stereo compose 0.000 ms/frame (max 0.000), 0.0% of the 3.9 ms encode
 INFO [encode] nxwarp: stream 0 encoded 180 frames in 2.0 s: 3.9 ms/frame (max 6.6), 775 B/frame at fixed QP 40, paced to 90.0 fps (fixed by configuration), 0 composited frame(s) not sent
 INFO [encode] nxwarp: stream 0 pace diagnostics (mean/min/max; interval 11.111 ms, tolerance 5.556 ms): admitted n180 host 11123.6/6998.9/13914.6 us display 11.111/11.098/11.114 ms; rejected n0
 INFO [encode] nxwarp: stream 0 tile mapping: 180 frame(s) with per-tile spans, 0 with the fixed-chunk fallback ("tile-map": "auto")
 INFO [operator()] Session state changed: XR_SESSION_STATE_READY
 INFO [operator()] user presence changed to false
 INFO [operator()] Session state changed: XR_SESSION_STATE_SYNCHRONIZED
 INFO [operator()] Session state changed: XR_SESSION_STATE_VISIBLE
 INFO [operator()] Session state changed: XR_SESSION_STATE_FOCUSED
 INFO [report_frame] nxwarp atlas: 181 frames, avg skip 571 intra 6 coded 6, atlas 181 picture 0, avg worst disp 14.5 q4
 INFO [encode] nxwarp: stream 0 stereo compose 0.000 ms/frame (max 0.000), 0.0% of the 3.8 ms encode
 INFO [encode] nxwarp: stream 0 encoded 181 frames in 2.0 s: 3.8 ms/frame (max 6.0), 1082 B/frame at fixed QP 40, paced to 90.0 fps (fixed by configuration), 0 composited frame(s) not sent
 INFO [encode] nxwarp: stream 0 pace diagnostics (mean/min/max; interval 11.111 ms, tolerance 5.556 ms): admitted n181 host 11096.9/7357.1/13501.1 us display 11.114/11.105/11.183 ms; rejected n0
 INFO [encode] nxwarp: stream 0 tile mapping: 181 frame(s) with per-tile spans, 0 with the fixed-chunk fallback ("tile-map": "auto")
 INFO [report_frame] nxwarp atlas: 181 frames, avg skip 573 intra 4 coded 4, atlas 181 picture 0, avg worst disp 40.3 q4
 INFO [encode] nxwarp: stream 0 stereo compose 0.000 ms/frame (max 0.000), 0.0% of the 3.8 ms encode
 INFO [encode] nxwarp: stream 0 encoded 181 frames in 2.0 s: 3.8 ms/frame (max 6.1), 988 B/frame at fixed QP 40, paced to 90.0 fps (fixed by configuration), 0 composited frame(s) not sent
 INFO [encode] nxwarp: stream 0 pace diagnostics (mean/min/max; interval 11.111 ms, tolerance 5.556 ms): admitted n181 host 11109.8/8396.6/14830.4 us display 11.108/10.016/11.235 ms; rejected n0
 INFO [encode] nxwarp: stream 0 tile mapping: 181 frame(s) with per-tile spans, 0 with the fixed-chunk fallback ("tile-map": "auto")
 INFO [report_frame] nxwarp atlas: 181 frames, avg skip 574 intra 3 coded 3, atlas 181 picture 0, avg worst disp 33.9 q4
 INFO [encode] nxwarp: stream 0 stereo compose 0.000 ms/frame (max 0.000), 0.0% of the 3.9 ms encode
 INFO [encode] nxwarp: stream 0 encoded 181 frames in 2.0 s: 3.9 ms/frame (max 6.2), 929 B/frame at fixed QP 40, paced to 90.0 fps (fixed by configuration), 0 composited frame(s) not sent
 INFO [encode] nxwarp: stream 0 pace diagnostics (mean/min/max; interval 11.111 ms, tolerance 5.556 ms): admitted n181 host 11099.7/8631.8/13825.6 us display 11.112/11.105/11.192 ms; rejected n0
 INFO [encode] nxwarp: stream 0 tile mapping: 181 frame(s) with per-tile spans, 0 with the fixed-chunk fallback ("tile-map": "auto")
 INFO [report_frame] nxwarp atlas: 181 frames, avg skip 574 intra 3 coded 3, atlas 181 picture 0, avg worst disp 51.0 q4
 INFO [encode] nxwarp: stream 0 stereo compose 0.000 ms/frame (max 0.000), 0.0% of the 3.7 ms encode
 INFO [encode] nxwarp: stream 0 encoded 181 frames in 2.0 s: 3.7 ms/frame (max 5.1), 960 B/frame at fixed QP 40, paced to 90.0 fps (fixed by configuration), 0 composited frame(s) not sent
 INFO [encode] nxwarp: stream 0 pace diagnostics (mean/min/max; interval 11.111 ms, tolerance 5.556 ms): admitted n181 host 11112.9/7647.9/13447.0 us display 11.112/11.103/11.176 ms; rejected n0
 INFO [encode] nxwarp: stream 0 tile mapping: 181 frame(s) with per-tile spans, 0 with the fixed-chunk fallback ("tile-map": "auto")
 INFO [report_frame] nxwarp atlas: 181 frames, avg skip 573 intra 4 coded 4, atlas 181 picture 0, avg worst disp 50.2 q4
 INFO [encode] nxwarp: stream 0 stereo compose 0.000 ms/frame (max 0.000), 0.0% of the 3.7 ms encode
 INFO [encode] nxwarp: stream 0 encoded 181 frames in 2.0 s: 3.7 ms/frame (max 5.4), 990 B/frame at fixed QP 40, paced to 90.0 fps (fixed by configuration), 0 composited frame(s) not sent
 INFO [encode] nxwarp: stream 0 pace diagnostics (mean/min/max; interval 11.111 ms, tolerance 5.556 ms): admitted n181 host 11112.1/9619.5/12785.9 us display 11.111/11.105/11.116 ms; rejected n0
 INFO [encode] nxwarp: stream 0 tile mapping: 181 frame(s) with per-tile spans, 0 with the fixed-chunk fallback ("tile-map": "auto")
 INFO [operator()] Session state changed: XR_SESSION_STATE_VISIBLE
 INFO [operator()] Session state changed: XR_SESSION_STATE_SYNCHRONIZED
 INFO [operator()] Session state changed: XR_SESSION_STATE_STOPPING
 INFO [operator()] Session state changed: XR_SESSION_STATE_IDLE
 INFO [report_frame] nxwarp atlas: 180 frames, avg skip 571 intra 6 coded 6, atlas 180 picture 0, avg worst disp 38.7 q4
 INFO [encode] nxwarp: stream 0 stereo compose 0.000 ms/frame (max 0.000), 0.0% of the 3.8 ms encode
 INFO [encode] nxwarp: stream 0 encoded 180 frames in 2.0 s: 3.8 ms/frame (max 4.8), 854 B/frame at fixed QP 40, paced to 90.0 fps (fixed by configuration), 0 composited frame(s) not sent
 INFO [encode] nxwarp: stream 0 pace diagnostics (mean/min/max; interval 11.111 ms, tolerance 5.556 ms): admitted n180 host 11119.1/9262.6/12806.2 us display 11.111/11.109/11.115 ms; rejected n0
 INFO [encode] nxwarp: stream 0 tile mapping: 180 frame(s) with per-tile spans, 0 with the fixed-chunk fallback ("tile-map": "auto")
 INFO [operator()] Session state changed: XR_SESSION_STATE_READY
 INFO [operator()] user presence changed to false
 INFO [operator()] Session state changed: XR_SESSION_STATE_SYNCHRONIZED
 INFO [operator()] Session state changed: XR_SESSION_STATE_VISIBLE
 INFO [operator()] Session state changed: XR_SESSION_STATE_FOCUSED
 INFO [report_frame] nxwarp atlas: 181 frames, avg skip 571 intra 6 coded 6, atlas 181 picture 0, avg worst disp 15.5 q4
 INFO [encode] nxwarp: stream 0 stereo compose 0.000 ms/frame (max 0.000), 0.0% of the 3.7 ms encode
 INFO [encode] nxwarp: stream 0 encoded 181 frames in 2.0 s: 3.7 ms/frame (max 6.0), 996 B/frame at fixed QP 40, paced to 90.0 fps (fixed by configuration), 0 composited frame(s) not sent
 INFO [encode] nxwarp: stream 0 pace diagnostics (mean/min/max; interval 11.111 ms, tolerance 5.556 ms): admitted n181 host 11099.7/9228.4/12963.2 us display 11.105/10.779/11.174 ms; rejected n0
 INFO [encode] nxwarp: stream 0 tile mapping: 181 frame(s) with per-tile spans, 0 with the fixed-chunk fallback ("tile-map": "auto")
 INFO [report_frame] nxwarp atlas: 181 frames, avg skip 574 intra 3 coded 3, atlas 181 picture 0, avg worst disp 30.2 q4
 INFO [encode] nxwarp: stream 0 stereo compose 0.000 ms/frame (max 0.000), 0.0% of the 3.8 ms encode
 INFO [encode] nxwarp: stream 0 encoded 181 frames in 2.0 s: 3.8 ms/frame (max 4.8), 949 B/frame at fixed QP 40, paced to 90.0 fps (fixed by configuration), 0 composited frame(s) not sent
 INFO [encode] nxwarp: stream 0 pace diagnostics (mean/min/max; interval 11.111 ms, tolerance 5.556 ms): admitted n181 host 11100.3/9299.9/12850.5 us display 11.100/9.890/11.124 ms; rejected n0
 INFO [encode] nxwarp: stream 0 tile mapping: 181 frame(s) with per-tile spans, 0 with the fixed-chunk fallback ("tile-map": "auto")
 INFO [report_frame] nxwarp atlas: 180 frames, avg skip 573 intra 4 coded 4, atlas 180 picture 0, avg worst disp 42.4 q4
 INFO [encode] nxwarp: stream 0 stereo compose 0.000 ms/frame (max 0.000), 0.0% of the 3.7 ms encode
 INFO [encode] nxwarp: stream 0 encoded 180 frames in 2.0 s: 3.7 ms/frame (max 6.0), 1018 B/frame at fixed QP 40, paced to 90.0 fps (fixed by configuration), 0 composited frame(s) not sent
 INFO [encode] nxwarp: stream 0 pace diagnostics (mean/min/max; interval 11.111 ms, tolerance 5.556 ms): admitted n180 host 11112.5/9009.4/13483.4 us display 11.111/11.107/11.113 ms; rejected n0
 INFO [encode] nxwarp: stream 0 tile mapping: 180 frame(s) with per-tile spans, 0 with the fixed-chunk fallback ("tile-map": "auto")
 INFO [report_frame] nxwarp atlas: 181 frames, avg skip 573 intra 4 coded 4, atlas 181 picture 0, avg worst disp 41.7 q4
 INFO [encode] nxwarp: stream 0 stereo compose 0.000 ms/frame (max 0.000), 0.0% of the 3.7 ms encode
 INFO [encode] nxwarp: stream 0 encoded 181 frames in 2.0 s: 3.7 ms/frame (max 5.7), 969 B/frame at fixed QP 40, paced to 90.0 fps (fixed by configuration), 0 composited frame(s) not sent
 INFO [encode] nxwarp: stream 0 pace diagnostics (mean/min/max; interval 11.111 ms, tolerance 5.556 ms): admitted n181 host 11104.2/8338.1/13955.8 us display 11.111/11.104/11.128 ms; rejected n0
 INFO [encode] nxwarp: stream 0 tile mapping: 181 frame(s) with per-tile spans, 0 with the fixed-chunk fallback ("tile-map": "auto")
 INFO [report_frame] nxwarp atlas: 180 frames, avg skip 573 intra 4 coded 4, atlas 180 picture 0, avg worst disp 28.4 q4
 INFO [encode] nxwarp: stream 0 stereo compose 0.000 ms/frame (max 0.000), 0.0% of the 3.7 ms encode
 INFO [encode] nxwarp: stream 0 encoded 180 frames in 2.0 s: 3.7 ms/frame (max 5.8), 1057 B/frame at fixed QP 40, paced to 90.0 fps (fixed by configuration), 0 composited frame(s) not sent
 INFO [encode] nxwarp: stream 0 pace diagnostics (mean/min/max; interval 11.111 ms, tolerance 5.556 ms): admitted n180 host 11112.0/9349.6/13228.0 us display 11.111/11.104/11.144 ms; rejected n0
 INFO [encode] nxwarp: stream 0 tile mapping: 180 frame(s) with per-tile spans, 0 with the fixed-chunk fallback ("tile-map": "auto")
 INFO [operator()] Session state changed: XR_SESSION_STATE_VISIBLE
 INFO [operator()] Session state changed: XR_SESSION_STATE_SYNCHRONIZED
 INFO [operator()] Session state changed: XR_SESSION_STATE_STOPPING
 INFO [operator()] Session state changed: XR_SESSION_STATE_IDLE
 INFO [report_frame] nxwarp atlas: 180 frames, avg skip 571 intra 6 coded 6, atlas 180 picture 0, avg worst disp 26.8 q4
 INFO [encode] nxwarp: stream 0 stereo compose 0.000 ms/frame (max 0.000), 0.0% of the 3.8 ms encode
 INFO [encode] nxwarp: stream 0 encoded 180 frames in 2.0 s: 3.8 ms/frame (max 5.9), 920 B/frame at fixed QP 40, paced to 90.0 fps (fixed by configuration), 0 composited frame(s) not sent
 INFO [encode] nxwarp: stream 0 pace diagnostics (mean/min/max; interval 11.111 ms, tolerance 5.556 ms): admitted n180 host 11121.0/8808.7/13930.1 us display 11.111/11.093/11.114 ms; rejected n0
 INFO [encode] nxwarp: stream 0 tile mapping: 180 frame(s) with per-tile spans, 0 with the fixed-chunk fallback ("tile-map": "auto")
 INFO [operator()] Session state changed: XR_SESSION_STATE_READY
 INFO [operator()] user presence changed to false
 INFO [operator()] Session state changed: XR_SESSION_STATE_SYNCHRONIZED
 INFO [operator()] Session state changed: XR_SESSION_STATE_VISIBLE
 INFO [operator()] Session state changed: XR_SESSION_STATE_FOCUSED
 INFO [report_frame] nxwarp atlas: 181 frames, avg skip 555 intra 22 coded 22, atlas 181 picture 0, avg worst disp 19.5 q4
 INFO [encode] nxwarp: stream 0 stereo compose 0.000 ms/frame (max 0.000), 0.0% of the 3.8 ms encode
 INFO [encode] nxwarp: stream 0 encoded 181 frames in 2.0 s: 3.8 ms/frame (max 6.0), 2508 B/frame at fixed QP 40, paced to 90.0 fps (fixed by configuration), 0 composited frame(s) not sent
 INFO [encode] nxwarp: stream 0 pace diagnostics (mean/min/max; interval 11.111 ms, tolerance 5.556 ms): admitted n181 host 11092.3/8536.8/13871.6 us display 11.110/10.794/12.249 ms; rejected n0
 INFO [encode] nxwarp: stream 0 tile mapping: 181 frame(s) with per-tile spans, 0 with the fixed-chunk fallback ("tile-map": "auto")
 INFO [encode] nxwarp: stream 0 the headset did not reconstruct 3 frame(s) since the last report; 2 of them cost an all-intra frame and 1 named a frame older than one already coded intra and cost nothing. Last was frame 5003, dropped by the worker backlog
 INFO [report_frame] nxwarp atlas: 181 frames, avg skip 573 intra 4 coded 4, atlas 181 picture 0, avg worst disp 34.4 q4
 INFO [encode] nxwarp: stream 0 stereo compose 0.000 ms/frame (max 0.000), 0.0% of the 3.8 ms encode
 INFO [encode] nxwarp: stream 0 encoded 181 frames in 2.0 s: 3.8 ms/frame (max 6.0), 975 B/frame at fixed QP 40, paced to 90.0 fps (fixed by configuration), 0 composited frame(s) not sent
 INFO [encode] nxwarp: stream 0 pace diagnostics (mean/min/max; interval 11.111 ms, tolerance 5.556 ms): admitted n181 host 11102.8/9144.6/13829.2 us display 11.107/10.928/11.114 ms; rejected n0
 INFO [encode] nxwarp: stream 0 tile mapping: 181 frame(s) with per-tile spans, 0 with the fixed-chunk fallback ("tile-map": "auto")
 INFO [report_frame] nxwarp atlas: 180 frames, avg skip 573 intra 4 coded 4, atlas 180 picture 0, avg worst disp 46.9 q4
 INFO [encode] nxwarp: stream 0 stereo compose 0.000 ms/frame (max 0.000), 0.0% of the 3.9 ms encode
 INFO [encode] nxwarp: stream 0 encoded 180 frames in 2.0 s: 3.9 ms/frame (max 5.9), 990 B/frame at fixed QP 40, paced to 90.0 fps (fixed by configuration), 0 composited frame(s) not sent
 INFO [encode] nxwarp: stream 0 pace diagnostics (mean/min/max; interval 11.111 ms, tolerance 5.556 ms): admitted n180 host 11112.5/9469.8/13177.9 us display 11.111/11.107/11.113 ms; rejected n0
 INFO [encode] nxwarp: stream 0 tile mapping: 180 frame(s) with per-tile spans, 0 with the fixed-chunk fallback ("tile-map": "auto")
 INFO [report_frame] nxwarp atlas: 181 frames, avg skip 573 intra 4 coded 4, atlas 181 picture 0, avg worst disp 37.3 q4
 INFO [encode] nxwarp: stream 0 stereo compose 0.000 ms/frame (max 0.000), 0.0% of the 3.8 ms encode
 INFO [encode] nxwarp: stream 0 encoded 181 frames in 2.0 s: 3.8 ms/frame (max 6.2), 1007 B/frame at fixed QP 40, paced to 90.0 fps (fixed by configuration), 0 composited frame(s) not sent
 INFO [encode] nxwarp: stream 0 pace diagnostics (mean/min/max; interval 11.111 ms, tolerance 5.556 ms): admitted n181 host 11110.7/8856.2/13870.2 us display 11.111/11.105/11.113 ms; rejected n0
 INFO [encode] nxwarp: stream 0 tile mapping: 181 frame(s) with per-tile spans, 0 with the fixed-chunk fallback ("tile-map": "auto")
 INFO [report_frame] nxwarp atlas: 180 frames, avg skip 573 intra 4 coded 4, atlas 180 picture 0, avg worst disp 37.8 q4
 INFO [encode] nxwarp: stream 0 stereo compose 0.000 ms/frame (max 0.000), 0.0% of the 3.7 ms encode
 INFO [encode] nxwarp: stream 0 encoded 180 frames in 2.0 s: 3.7 ms/frame (max 6.1), 999 B/frame at fixed QP 40, paced to 90.0 fps (fixed by configuration), 0 composited frame(s) not sent
 INFO [encode] nxwarp: stream 0 pace diagnostics (mean/min/max; interval 11.111 ms, tolerance 5.556 ms): admitted n180 host 11113.3/9025.0/13527.1 us display 11.111/11.106/11.114 ms; rejected n0
 INFO [encode] nxwarp: stream 0 tile mapping: 180 frame(s) with per-tile spans, 0 with the fixed-chunk fallback ("tile-map": "auto")
 INFO [operator()] Session state changed: XR_SESSION_STATE_VISIBLE
 INFO [operator()] Session state changed: XR_SESSION_STATE_SYNCHRONIZED
 INFO [operator()] Session state changed: XR_SESSION_STATE_STOPPING
 INFO [operator()] Session state changed: XR_SESSION_STATE_IDLE
 INFO [report_frame] nxwarp atlas: 180 frames, avg skip 570 intra 7 coded 7, atlas 180 picture 0, avg worst disp 27.0 q4
 INFO [encode] nxwarp: stream 0 stereo compose 0.000 ms/frame (max 0.000), 0.0% of the 3.7 ms encode
 INFO [encode] nxwarp: stream 0 encoded 180 frames in 2.0 s: 3.7 ms/frame (max 5.9), 978 B/frame at fixed QP 40, paced to 90.0 fps (fixed by configuration), 0 composited frame(s) not sent
 INFO [encode] nxwarp: stream 0 pace diagnostics (mean/min/max; interval 11.111 ms, tolerance 5.556 ms): admitted n180 host 11118.0/9375.6/13124.0 us display 11.099/8.805/11.260 ms; rejected n0
 INFO [encode] nxwarp: stream 0 tile mapping: 180 frame(s) with per-tile spans, 0 with the fixed-chunk fallback ("tile-map": "auto")
 INFO [operator()] Session state changed: XR_SESSION_STATE_READY
 INFO [operator()] user presence changed to false
 INFO [operator()] Session state changed: XR_SESSION_STATE_SYNCHRONIZED
 INFO [operator()] Session state changed: XR_SESSION_STATE_VISIBLE
 INFO [operator()] Session state changed: XR_SESSION_STATE_FOCUSED
 INFO [report_frame] nxwarp atlas: 181 frames, avg skip 571 intra 6 coded 6, atlas 181 picture 0, avg worst disp 22.1 q4
 INFO [encode] nxwarp: stream 0 stereo compose 0.000 ms/frame (max 0.000), 0.0% of the 3.7 ms encode
 INFO [encode] nxwarp: stream 0 encoded 181 frames in 2.0 s: 3.7 ms/frame (max 6.0), 1040 B/frame at fixed QP 40, paced to 90.0 fps (fixed by configuration), 0 composited frame(s) not sent
 INFO [encode] nxwarp: stream 0 pace diagnostics (mean/min/max; interval 11.111 ms, tolerance 5.556 ms): admitted n181 host 11102.2/8884.6/12451.0 us display 11.112/11.105/11.247 ms; rejected n0
 INFO [encode] nxwarp: stream 0 tile mapping: 181 frame(s) with per-tile spans, 0 with the fixed-chunk fallback ("tile-map": "auto")
 INFO [encode] nxwarp: stream 0 the headset did not reconstruct 1 frame(s) since the last report; 1 of them cost an all-intra frame and 0 named a frame older than one already coded intra and cost nothing. Last was frame 6048, dropped by the worker backlog
 INFO [ipc_server_mainloop_poll] Got shutdown signal, shutting down.
Terminated
No longer listening for secondary paths
 INFO [client_disconnected] Client 1 disconnected
 INFO [update_session_state_locked] Stopped native session, 0 active app session(s).
 INFO [multi_main_loop] Already stopped, nothing to clean up.
 INFO [ipc_server_main_common] Server exiting: '0'
Server exited, exit status 0
