--------- beginning of main
09-07 22:36:12.648  9662  9595 I WiVRn   : [2026-09-07 22:36:12.648] [WiVRn] [info] Sending query for _wivrn._tcp.local., type PTR
--------- beginning of system
09-07 22:36:14.088  9662  9662 I WiVRn   : [2026-09-07 22:36:14.088] [WiVRn] [info] Received intent wivrn://192.168.1.2
09-07 22:36:14.090  9662  9591 I WiVRn   : [2026-09-07 22:36:14.090] [WiVRn] [info] Session state changed at timestamp 0: XR_SESSION_STATE_FOCUSED => XR_SESSION_STATE_VISIBLE
09-07 22:36:14.101  9662  9591 I WiVRn   : [2026-09-07 22:36:14.101] [WiVRn] [info] Session state changed at timestamp 0: XR_SESSION_STATE_VISIBLE => XR_SESSION_STATE_SYNCHRONIZED
09-07 22:36:14.101  9662  9591 I WiVRn   : [2026-09-07 22:36:14.101] [WiVRn] [info] Session state changed at timestamp 0: XR_SESSION_STATE_SYNCHRONIZED => XR_SESSION_STATE_STOPPING
09-07 22:36:14.103  9662  9591 I WiVRn   : [2026-09-07 22:36:14.103] [WiVRn] [info] Session state changed at timestamp 0: XR_SESSION_STATE_STOPPING => XR_SESSION_STATE_IDLE
09-07 22:36:14.103  9662  9591 I WiVRn   : [2026-09-07 22:36:14.103] [WiVRn] [info] Session state changed at timestamp 0: XR_SESSION_STATE_IDLE => XR_SESSION_STATE_READY
09-07 22:36:14.106  9662  9591 I WiVRn   : [2026-09-07 22:36:14.106] [WiVRn] [info] Received event type XR_TYPE_EVENT_DATA_USER_PRESENCE_CHANGED_EXT
09-07 22:36:14.110  9662  9591 I WiVRn   : [2026-09-07 22:36:14.110] [WiVRn] [info] Session state changed at timestamp 0: XR_SESSION_STATE_READY => XR_SESSION_STATE_SYNCHRONIZED
09-07 22:36:14.110  9662  9591 I WiVRn   : [2026-09-07 22:36:14.110] [WiVRn] [info] Session state changed at timestamp 0: XR_SESSION_STATE_SYNCHRONIZED => XR_SESSION_STATE_VISIBLE
09-07 22:36:14.110  9662  9591 I WiVRn   : [2026-09-07 22:36:14.110] [WiVRn] [info] Session state changed at timestamp 0: XR_SESSION_STATE_VISIBLE => XR_SESSION_STATE_FOCUSED
09-07 22:36:14.117  9662  9743 I WiVRn   : [2026-09-07 22:36:14.117] [WiVRn] [info] Using pin "000000"
09-07 22:36:14.122  9662  9591 I WiVRn   : [2026-09-07 22:36:14.122] [WiVRn] [info] Received event type Unknown
09-07 22:36:14.125  9662  9743 I WiVRn   : [2026-09-07 22:36:14.125] [WiVRn] [info] Wi-Fi QoS marks enabled (uplink EF / AC_VO)
09-07 22:36:14.132  9662  9591 I WiVRn   : [2026-09-07 22:36:14.132] [WiVRn] [info] Supported swapchain formats:
09-07 22:36:14.132  9662  9591 I WiVRn   : [2026-09-07 22:36:14.132] [WiVRn] [info]     R8G8B8A8Srgb
09-07 22:36:14.132  9662  9591 I WiVRn   : [2026-09-07 22:36:14.132] [WiVRn] [info]     R8Unorm
09-07 22:36:14.132  9662  9591 I WiVRn   : [2026-09-07 22:36:14.132] [WiVRn] [info]     R8G8Unorm
09-07 22:36:14.132  9662  9591 I WiVRn   : [2026-09-07 22:36:14.132] [WiVRn] [info]     R8G8B8A8Unorm
09-07 22:36:14.132  9662  9591 I WiVRn   : [2026-09-07 22:36:14.132] [WiVRn] [info]     R5G6B5UnormPack16
09-07 22:36:14.132  9662  9591 I WiVRn   : [2026-09-07 22:36:14.132] [WiVRn] [info]     A2B10G10R10UnormPack32
09-07 22:36:14.132  9662  9591 I WiVRn   : [2026-09-07 22:36:14.132] [WiVRn] [info]     R16Unorm
09-07 22:36:14.132  9662  9591 I WiVRn   : [2026-09-07 22:36:14.132] [WiVRn] [info]     R16G16Unorm
09-07 22:36:14.132  9662  9591 I WiVRn   : [2026-09-07 22:36:14.132] [WiVRn] [info]     R16G16B16A16Unorm
09-07 22:36:14.132  9662  9591 I WiVRn   : [2026-09-07 22:36:14.132] [WiVRn] [info]     R16Uint
09-07 22:36:14.132  9662  9591 I WiVRn   : [2026-09-07 22:36:14.132] [WiVRn] [info]     R16G16Uint
09-07 22:36:14.132  9662  9591 I WiVRn   : [2026-09-07 22:36:14.132] [WiVRn] [info]     R16G16B16A16Uint
09-07 22:36:14.132  9662  9591 I WiVRn   : [2026-09-07 22:36:14.132] [WiVRn] [info]     R16Sint
09-07 22:36:14.132  9662  9591 I WiVRn   : [2026-09-07 22:36:14.132] [WiVRn] [info]     R16G16Sint
09-07 22:36:14.132  9662  9591 I WiVRn   : [2026-09-07 22:36:14.132] [WiVRn] [info]     R16G16B16A16Sint
09-07 22:36:14.132  9662  9591 I WiVRn   : [2026-09-07 22:36:14.132] [WiVRn] [info]     R16Sfloat
09-07 22:36:14.132  9662  9591 I WiVRn   : [2026-09-07 22:36:14.132] [WiVRn] [info]     R16G16Sfloat
09-07 22:36:14.132  9662  9591 I WiVRn   : [2026-09-07 22:36:14.132] [WiVRn] [info]     R16G16B16A16Sfloat
09-07 22:36:14.132  9662  9591 I WiVRn   : [2026-09-07 22:36:14.132] [WiVRn] [info]     A1R5G5B5UnormPack16
09-07 22:36:14.132  9662  9591 I WiVRn   : [2026-09-07 22:36:14.132] [WiVRn] [info]     Etc2R8G8B8UnormBlock
09-07 22:36:14.132  9662  9591 I WiVRn   : [2026-09-07 22:36:14.132] [WiVRn] [info]     Etc2R8G8B8A1UnormBlock
09-07 22:36:14.132  9662  9591 I WiVRn   : [2026-09-07 22:36:14.132] [WiVRn] [info]     Etc2R8G8B8A8UnormBlock
09-07 22:36:14.132  9662  9591 I WiVRn   : [2026-09-07 22:36:14.132] [WiVRn] [info]     Etc2R8G8B8SrgbBlock
09-07 22:36:14.132  9662  9591 I WiVRn   : [2026-09-07 22:36:14.132] [WiVRn] [info]     Etc2R8G8B8A1SrgbBlock
09-07 22:36:14.132  9662  9591 I WiVRn   : [2026-09-07 22:36:14.132] [WiVRn] [info]     Etc2R8G8B8A8SrgbBlock
09-07 22:36:14.132  9662  9591 I WiVRn   : [2026-09-07 22:36:14.132] [WiVRn] [info]     EacR11UnormBlock
09-07 22:36:14.132  9662  9591 I WiVRn   : [2026-09-07 22:36:14.132] [WiVRn] [info]     EacR11G11UnormBlock
09-07 22:36:14.132  9662  9591 I WiVRn   : [2026-09-07 22:36:14.132] [WiVRn] [info]     EacR11SnormBlock
09-07 22:36:14.132  9662  9591 I WiVRn   : [2026-09-07 22:36:14.132] [WiVRn] [info]     EacR11G11SnormBlock
09-07 22:36:14.132  9662  9591 I WiVRn   : [2026-09-07 22:36:14.132] [WiVRn] [info]     Astc4x4UnormBlock
09-07 22:36:14.132  9662  9591 I WiVRn   : [2026-09-07 22:36:14.132] [WiVRn] [info]     Astc5x4UnormBlock
09-07 22:36:14.132  9662  9591 I WiVRn   : [2026-09-07 22:36:14.132] [WiVRn] [info]     Astc5x5UnormBlock
09-07 22:36:14.132  9662  9591 I WiVRn   : [2026-09-07 22:36:14.132] [WiVRn] [info]     Astc6x5UnormBlock
09-07 22:36:14.132  9662  9591 I WiVRn   : [2026-09-07 22:36:14.132] [WiVRn] [info]     Astc6x6UnormBlock
09-07 22:36:14.132  9662  9591 I WiVRn   : [2026-09-07 22:36:14.132] [WiVRn] [info]     Astc8x5UnormBlock
09-07 22:36:14.132  9662  9591 I WiVRn   : [2026-09-07 22:36:14.132] [WiVRn] [info]     Astc8x6UnormBlock
09-07 22:36:14.132  9662  9591 I WiVRn   : [2026-09-07 22:36:14.132] [WiVRn] [info]     Astc8x8UnormBlock
09-07 22:36:14.132  9662  9591 I WiVRn   : [2026-09-07 22:36:14.132] [WiVRn] [info]     Astc10x5UnormBlock
09-07 22:36:14.132  9662  9591 I WiVRn   : [2026-09-07 22:36:14.132] [WiVRn] [info]     Astc10x6UnormBlock
09-07 22:36:14.132  9662  9591 I WiVRn   : [2026-09-07 22:36:14.132] [WiVRn] [info]     Astc10x8UnormBlock
09-07 22:36:14.132  9662  9591 I WiVRn   : [2026-09-07 22:36:14.132] [WiVRn] [info]     Astc10x10UnormBlock
09-07 22:36:14.132  9662  9591 I WiVRn   : [2026-09-07 22:36:14.132] [WiVRn] [info]     Astc12x10UnormBlock
09-07 22:36:14.132  9662  9591 I WiVRn   : [2026-09-07 22:36:14.132] [WiVRn] [info]     Astc12x12UnormBlock
09-07 22:36:14.132  9662  9591 I WiVRn   : [2026-09-07 22:36:14.132] [WiVRn] [info]     Astc4x4SrgbBlock
09-07 22:36:14.132  9662  9591 I WiVRn   : [2026-09-07 22:36:14.132] [WiVRn] [info]     Astc5x4SrgbBlock
09-07 22:36:14.132  9662  9591 I WiVRn   : [2026-09-07 22:36:14.132] [WiVRn] [info]     Astc5x5SrgbBlock
09-07 22:36:14.132  9662  9591 I WiVRn   : [2026-09-07 22:36:14.132] [WiVRn] [info]     Astc6x5SrgbBlock
09-07 22:36:14.132  9662  9591 I WiVRn   : [2026-09-07 22:36:14.132] [WiVRn] [info]     Astc6x6SrgbBlock
09-07 22:36:14.132  9662  9591 I WiVRn   : [2026-09-07 22:36:14.132] [WiVRn] [info]     Astc8x5SrgbBlock
09-07 22:36:14.132  9662  9591 I WiVRn   : [2026-09-07 22:36:14.132] [WiVRn] [info]     Astc8x6SrgbBlock
09-07 22:36:14.132  9662  9591 I WiVRn   : [2026-09-07 22:36:14.132] [WiVRn] [info]     Astc8x8SrgbBlock
09-07 22:36:14.132  9662  9591 I WiVRn   : [2026-09-07 22:36:14.132] [WiVRn] [info]     Astc10x5SrgbBlock
09-07 22:36:14.132  9662  9591 I WiVRn   : [2026-09-07 22:36:14.132] [WiVRn] [info]     Astc10x6SrgbBlock
09-07 22:36:14.132  9662  9591 I WiVRn   : [2026-09-07 22:36:14.132] [WiVRn] [info]     Astc10x8SrgbBlock
09-07 22:36:14.132  9662  9591 I WiVRn   : [2026-09-07 22:36:14.132] [WiVRn] [info]     Astc10x10SrgbBlock
09-07 22:36:14.132  9662  9591 I WiVRn   : [2026-09-07 22:36:14.132] [WiVRn] [info]     Astc12x10SrgbBlock
09-07 22:36:14.140  9662  9591 I WiVRn   : [2026-09-07 22:36:14.140] [WiVRn] [info]     Astc12x12SrgbBlock
09-07 22:36:14.140  9662  9591 I WiVRn   : [2026-09-07 22:36:14.140] [WiVRn] [info]     D16Unorm
09-07 22:36:14.140  9662  9591 I WiVRn   : [2026-09-07 22:36:14.140] [WiVRn] [info]     X8D24UnormPack32
09-07 22:36:14.140  9662  9591 I WiVRn   : [2026-09-07 22:36:14.140] [WiVRn] [info]     D32Sfloat
09-07 22:36:14.140  9662  9591 I WiVRn   : [2026-09-07 22:36:14.140] [WiVRn] [info]     D24UnormS8Uint
09-07 22:36:14.140  9662  9591 I WiVRn   : [2026-09-07 22:36:14.140] [WiVRn] [info]     B8G8R8A8Unorm
09-07 22:36:14.140  9662  9591 I WiVRn   : [2026-09-07 22:36:14.140] [WiVRn] [info]     B8G8R8A8Srgb
09-07 22:36:14.141  9662  9591 I WiVRn   : [2026-09-07 22:36:14.141] [WiVRn] [info] Using panel size: 2160x2160
09-07 22:36:14.162  9662  9591 I WiVRn   : [2026-09-07 22:36:14.162] [WiVRn] [info] video codec av1: NOT supported
09-07 22:36:14.225  9662  9591 I WiVRn   : [2026-09-07 22:36:14.225] [WiVRn] [info] video codec h265: supported
09-07 22:36:14.255  9662  9591 I WiVRn   : [2026-09-07 22:36:14.255] [WiVRn] [info] video codec h264: supported
09-07 22:36:14.261  9662  9591 I WiVRn   : [2026-09-07 22:36:14.261] [WiVRn] [info] Using format R8G8B8A8Srgb
09-07 22:36:14.263  9662  9591 I WiVRn   : [2026-09-07 22:36:14.263] [WiVRn] [info] WifiLock low latency acquired
09-07 22:36:14.264  9662  9591 I WiVRn   : [2026-09-07 22:36:14.264] [WiVRn] [info] Received event type Unknown
09-07 22:36:14.313  9662  9778 I WiVRn   : [2026-09-07 22:36:14.313] [WiVRn] [info] setup, refresh rate 90
09-07 22:36:14.313  9662  9778 I WiVRn   : [2026-09-07 22:36:14.313] [WiVRn] [info] set refresh rate to 90Hz
09-07 22:36:14.313  9662  9778 I WiVRn   : [2026-09-07 22:36:14.313] [WiVRn] [info] Creating decoders, size 1088x1088
09-07 22:36:14.313  9662  9778 I WiVRn   : [2026-09-07 22:36:14.313] [WiVRn] [info] edge bleed: server overscan 5.0%, client ring 0.0% (fade)
09-07 22:36:14.313  9662  9778 I WiVRn   : [2026-09-07 22:36:14.313] [WiVRn] [info]   stream 0: role 0, 1088x1088
09-07 22:36:14.313  9662  9778 I WiVRn   : [2026-09-07 22:36:14.313] [WiVRn] [info] nxwarp: decoupled display on
09-07 22:36:14.313  9662  9778 I WiVRn   : [2026-09-07 22:36:14.313] [WiVRn] [info] nxwarp: ycbcr chroma filter linear
09-07 22:36:14.313  9662  9778 I WiVRn   : [2026-09-07 22:36:14.313] [WiVRn] [info] nxwarp[0]: decoupled display -- frames are published complete and the reprojection pass waits on nothing
09-07 22:36:14.314  9662  9778 I WiVRn   : [2026-09-07 22:36:14.314] [WiVRn] [info]   stream 2: role 1, 1088x544
09-07 22:36:14.314  9662  9778 I WiVRn   : [2026-09-07 22:36:14.314] [WiVRn] [info] nxwarp: decoupled display on
09-07 22:36:14.314  9662  9778 I WiVRn   : [2026-09-07 22:36:14.314] [WiVRn] [info] nxwarp: ycbcr chroma filter linear
09-07 22:36:14.314  9662  9778 I WiVRn   : [2026-09-07 22:36:14.314] [WiVRn] [info] nxwarp[2]: decoupled display -- frames are published complete and the reprojection pass waits on nothing
09-07 22:36:14.314  9662  9783 I WiVRn   : [2026-09-07 22:36:14.314] [WiVRn] [info] Adding hand_interaction poses to device list
09-07 22:36:14.314  9662  9783 I WiVRn   : [2026-09-07 22:36:14.314] [WiVRn] [info] interaction profile for /user/hand/left: /interaction_profiles/ext/hand_interaction_ext
09-07 22:36:14.314  9662  9783 I WiVRn   : [2026-09-07 22:36:14.314] [WiVRn] [info] interaction profile for /user/hand/right: /interaction_profiles/ext/hand_interaction_ext
09-07 22:36:14.314  9662  9783 I WiVRn   : [2026-09-07 22:36:14.314] [WiVRn] [info] interaction profile for /user/gamepad: XR_NULL_PATH
09-07 22:36:14.314  9662  9783 W WiVRn   : [2026-09-07 22:36:14.314] [WiVRn] [warning] unknown interaction profile XR_NULL_PATH
09-07 22:36:14.316  9662  9783 I WiVRn   : [2026-09-07 22:36:14.316] [WiVRn] [info] Tracking pattern (5000µs):
09-07 22:36:14.316  9662  9783 I WiVRn   : [2026-09-07 22:36:14.316] [WiVRn] [info] 	t+5000µs HEAD (0µs)
09-07 22:36:14.324  9662  9778 I WiVRn   : [2026-09-07 22:36:14.324] [WiVRn] [info] Speaker stream started
09-07 22:36:14.324  9662  9778 I WiVRn   : [2026-09-07 22:36:14.324] [WiVRn] [info] setup, refresh rate 90
09-07 22:36:14.324  9662  9778 I WiVRn   : [2026-09-07 22:36:14.324] [WiVRn] [info] set refresh rate to 90Hz
09-07 22:36:17.333  9662  9778 I WiVRn   : [2026-09-07 22:36:17.333] [WiVRn] [info] nxwarp[0]: direct atlas targets true
09-07 22:36:17.333  9662  9778 I WiVRn   : [2026-09-07 22:36:17.333] [WiVRn] [info] nxwarp[0]: real R8 atlas display with per-frame GPU snapshots
09-07 22:36:17.333  9662  9778 I WiVRn   : [2026-09-07 22:36:17.333] [WiVRn] [info] nxwarp[0]: 1088x1088 per eye, 2 eyes, on Adreno (TM) 650, 34 x 17 tiles, 1166 bytes per tile
09-07 22:36:17.335  9662  9778 I WiVRn   : [2026-09-07 22:36:17.335] [WiVRn] [info] nxwarp[0] net: 1 frames closed in 3.0 s, 0 with a hole, 0 out-of-order datagrams, 0 frames completed late, 0 queued for the worker, 0 decoded so far, 0 stragglers dropped; last hole 0/0 chunks, first missing -1, short false, chunk 1166 B
09-07 22:36:17.335  9662  9778 I WiVRn   : [2026-09-07 22:36:17.335] [WiVRn] [info] nxwarp[0] net: 0.046 ms per datagram over 18 datagrams (0.28 ms of every second)
09-07 22:36:17.335  9662  9778 I WiVRn   : [2026-09-07 22:36:17.335] [WiVRn] [info] nxwarp[0] sel: stride 1, arrival 0.0 ms, dropped-late 0, withheld 0, decoded 0
09-07 22:36:17.335  9662  9778 I WiVRn   : [2026-09-07 22:36:17.335] [WiVRn] [info] nxwarp[0] rx: 19 datagrams, placed 578 (+578), late 0 (+0), stale_frame 0, bad_range 0, bad_dir 0, bad_caps 0, bad_ver 0, auth_fail 0, replay 0, frozen 0, dup 0
09-07 22:36:17.338  9662  9783 I WiVRn   : [2026-09-07 22:36:17.338] [WiVRn] [info] Tracking pattern (5000µs):
09-07 22:36:17.338  9662  9783 I WiVRn   : [2026-09-07 22:36:17.338] [WiVRn] [info] 	t+2000µs HEAD (3000µs)
09-07 22:36:17.338  9662  9783 I WiVRn   : [2026-09-07 22:36:17.338] [WiVRn] [info] 	t+2088µs LEFT_GRIP (2911µs)
09-07 22:36:17.338  9662  9783 I WiVRn   : [2026-09-07 22:36:17.338] [WiVRn] [info] 	t+2117µs RIGHT_GRIP (2882µs)
09-07 22:36:17.338  9662  9783 I WiVRn   : [2026-09-07 22:36:17.338] [WiVRn] [info] 	t+4000µs HEAD (6000µs)
09-07 22:36:17.338  9662  9783 I WiVRn   : [2026-09-07 22:36:17.338] [WiVRn] [info] 	t+4088µs LEFT_GRIP (5911µs)
09-07 22:36:17.338  9662  9783 I WiVRn   : [2026-09-07 22:36:17.338] [WiVRn] [info] 	t+4117µs RIGHT_GRIP (5882µs)
09-07 22:36:17.338  9662  9783 I WiVRn   : [2026-09-07 22:36:17.338] [WiVRn] [info] 	t+5000µs HEAD (0µs)
09-07 22:36:17.651  9662  9595 I WiVRn   : [2026-09-07 22:36:17.651] [WiVRn] [info] Sending query for _wivrn._tcp.local., type PTR
09-07 22:36:18.263  9662  9781 I WiVRn   : [2026-09-07 22:36:18.263] [WiVRn] [info] Stream scene ready at t=83211632024662
09-07 22:36:18.263  9662  9781 I WiVRn   : [2026-09-07 22:36:18.263] [WiVRn] [info] nxwarp[0]: 1 frames in 3.9 s: 9118 B/frame, wait-prev 0.0 ms, wall 927.9 ms, nxvc passA 3.8 passB 12.3 gpu 16.1 ms; holes 0, refused 0
09-07 22:36:18.263  9662  9781 I WiVRn   : [2026-09-07 22:36:18.263] [WiVRn] [info] nxwarp[0] gpu duty 4 ms/s (0% of one GPU) for decode alone; the display pass is extra
09-07 22:36:18.263  9662  9781 I WiVRn   : [2026-09-07 22:36:18.263] [WiVRn] [info] nxwarp[0] passB 12.3 ms = warp 0.0 + skip 0.0 + coded 0.0 + dir 0.0 + other 12.3; tiles skip 0 / coded 578 / dir 0 (eye pass 0)
09-07 22:36:18.263  9662  9781 I WiVRn   : [2026-09-07 22:36:18.263] [WiVRn] [info] nxwarp[0]: 97 frames dropped late (queue kept to 1)
09-07 22:36:18.263  9662  9781 I WiVRn   : [2026-09-07 22:36:18.263] [WiVRn] [info] nxwarp[0] stage: gap 0.0 | wait-prev 0.0 | submit 910.7 (qlock 0.1 + codec 910.6) | get_free 0.0 | fence-pre 0.0 | record 0.3 | qsubmit 0.1 | fence-post 16.8 | publish 0.1 ms; withheld 0, stride 1, arrival 11.2 ms
09-07 22:36:18.263  9662  9781 I WiVRn   : [2026-09-07 22:36:18.263] [WiVRn] [info] nxwarp[0] reassembly (network thread): 0.09 ms/frame over 99 frames, buffer 54 kB held for 54 kB of unit (1.0x)
09-07 22:36:18.263  9662  9781 I WiVRn   : [2026-09-07 22:36:18.263] [WiVRn] [info] nxwarp[0] fence-post 16.9 ms = nxvc gpu 16.1 + copy gpu 0.32 + queue 0.4 (over 1 frames with timestamps)
09-07 22:36:18.263  9662  9781 I WiVRn   : [2026-09-07 22:36:18.263] [WiVRn] [info] nxwarp[0] atlas: frames 1, atlas 1, picture 0, avg dispatches 6.0, avg assembled 0.0, avg valid 578.0, direct targets 1
09-07 22:36:18.268  9662  9591 I WiVRn   : [2026-09-07 22:36:18.268] [WiVRn] [info] MulticastLock released
09-07 22:36:18.316  9662  9783 I WiVRn   : [2026-09-07 22:36:18.316] [WiVRn] [info] Tracking pattern (5000µs):
09-07 22:36:18.316  9662  9783 I WiVRn   : [2026-09-07 22:36:18.316] [WiVRn] [info] 	t+972µs HEAD (4027µs)
09-07 22:36:18.316  9662  9783 I WiVRn   : [2026-09-07 22:36:18.316] [WiVRn] [info] 	t+1048µs LEFT_GRIP (3951µs)
09-07 22:36:18.316  9662  9783 I WiVRn   : [2026-09-07 22:36:18.316] [WiVRn] [info] 	t+1071µs RIGHT_GRIP (3928µs)
09-07 22:36:18.316  9662  9783 I WiVRn   : [2026-09-07 22:36:18.316] [WiVRn] [info] 	t+2972µs HEAD (7027µs)
09-07 22:36:18.316  9662  9783 I WiVRn   : [2026-09-07 22:36:18.316] [WiVRn] [info] 	t+3048µs LEFT_GRIP (6951µs)
09-07 22:36:18.316  9662  9783 I WiVRn   : [2026-09-07 22:36:18.316] [WiVRn] [info] 	t+3071µs RIGHT_GRIP (6928µs)
09-07 22:36:18.317  9662  9591 I WiVRn   : [2026-09-07 22:36:18.317] [WiVRn] [info] Loaded input profile pico-4
09-07 22:36:18.317  9662  9591 I WiVRn   : [2026-09-07 22:36:18.317] [WiVRn] [info] Initializing offset of space aim_left to (-5, 0, 20) mm, (0, -0, 0)°
09-07 22:36:18.317  9662  9591 I WiVRn   : [2026-09-07 22:36:18.317] [WiVRn] [info] Initializing offset of space aim_right to (5, 0, 20) mm, (0, -0, 0)°
09-07 22:36:18.317  9662  9591 I WiVRn   : [2026-09-07 22:36:18.317] [WiVRn] [info] Initializing offset of space grip_left to (0, -20, -50) mm, (-30.000002, -0, 0)°
09-07 22:36:18.317  9662  9591 I WiVRn   : [2026-09-07 22:36:18.317] [WiVRn] [info] Initializing offset of space grip_right to (0, -20, -50) mm, (-30.000002, -0, 0)°
09-07 22:36:18.342  9662  9591 I WiVRn   : [2026-09-07 22:36:18.342] [WiVRn] [info] Font for de /system/fonts/PICOSans.ttf
09-07 22:36:18.342  9662  9591 I WiVRn   : [2026-09-07 22:36:18.342] [WiVRn] [info] Font for es /system/fonts/PICOSans.ttf
09-07 22:36:18.342  9662  9591 I WiVRn   : [2026-09-07 22:36:18.342] [WiVRn] [info] Font for fr /system/fonts/PICOSans.ttf
09-07 22:36:18.342  9662  9591 I WiVRn   : [2026-09-07 22:36:18.342] [WiVRn] [info] Font for fr /system/fonts/Roboto-Regular.ttf
09-07 22:36:18.342  9662  9591 I WiVRn   : [2026-09-07 22:36:18.342] [WiVRn] [info] Font for it /system/fonts/PICOSans.ttf
09-07 22:36:18.342  9662  9591 I WiVRn   : [2026-09-07 22:36:18.342] [WiVRn] [info] Font for ja /system/fonts/PICOSans.ttf
09-07 22:36:18.342  9662  9591 I WiVRn   : [2026-09-07 22:36:18.342] [WiVRn] [info] Font for ja /system/fonts/PICOSansVFJP.ttf
09-07 22:36:18.342  9662  9591 I WiVRn   : [2026-09-07 22:36:18.342] [WiVRn] [info] Font for ka /system/fonts/PICOSans.ttf
09-07 22:36:18.342  9662  9591 I WiVRn   : [2026-09-07 22:36:18.342] [WiVRn] [info] Font for ka /system/fonts/NotoSansGeorgian-Regular.otf
09-07 22:36:18.342  9662  9591 I WiVRn   : [2026-09-07 22:36:18.342] [WiVRn] [info] Font for ka /system/fonts/PICOSans.ttf
09-07 22:36:18.343  9662  9591 I WiVRn   : [2026-09-07 22:36:18.343] [WiVRn] [info] Font for pl /system/fonts/PICOSans.ttf
09-07 22:36:18.343  9662  9591 I WiVRn   : [2026-09-07 22:36:18.343] [WiVRn] [info] Font for pl /system/fonts/Roboto-Regular.ttf
09-07 22:36:18.343  9662  9591 I WiVRn   : [2026-09-07 22:36:18.343] [WiVRn] [info] Font for pl /system/fonts/PICOSans.ttf
09-07 22:36:18.343  9662  9591 I WiVRn   : [2026-09-07 22:36:18.343] [WiVRn] [info] Font for pl /system/fonts/PICOSansSC-Regular.ttf
09-07 22:36:18.343  9662  9591 I WiVRn   : [2026-09-07 22:36:18.343] [WiVRn] [info] Font for pl /system/fonts/Roboto-Regular.ttf
09-07 22:36:18.343  9662  9591 I WiVRn   : [2026-09-07 22:36:18.343] [WiVRn] [info] Font for pl /system/fonts/PICOSans.ttf
09-07 22:36:18.343  9662  9591 I WiVRn   : [2026-09-07 22:36:18.343] [WiVRn] [info] Font for pt_BR /system/fonts/PICOSans.ttf
09-07 22:36:18.343  9662  9591 I WiVRn   : [2026-09-07 22:36:18.343] [WiVRn] [info] Font for ru /system/fonts/PICOSans.ttf
09-07 22:36:18.343  9662  9591 I WiVRn   : [2026-09-07 22:36:18.343] [WiVRn] [info] Font for ru /system/fonts/PICOSansSC-Regular.ttf
09-07 22:36:18.343  9662  9591 I WiVRn   : [2026-09-07 22:36:18.343] [WiVRn] [info] Font for ru /system/fonts/PICOSans.ttf
09-07 22:36:18.343  9662  9591 I WiVRn   : [2026-09-07 22:36:18.343] [WiVRn] [info] Font for sk /system/fonts/PICOSans.ttf
09-07 22:36:18.343  9662  9591 I WiVRn   : [2026-09-07 22:36:18.343] [WiVRn] [info] Font for sk /system/fonts/Roboto-Regular.ttf
09-07 22:36:18.343  9662  9591 I WiVRn   : [2026-09-07 22:36:18.343] [WiVRn] [info] Font for sk /system/fonts/PICOSansSC-Regular.ttf
09-07 22:36:18.343  9662  9591 I WiVRn   : [2026-09-07 22:36:18.343] [WiVRn] [info] Font for sk /system/fonts/PICOSans.ttf
09-07 22:36:18.343  9662  9591 I WiVRn   : [2026-09-07 22:36:18.343] [WiVRn] [info] Font for sk /system/fonts/Roboto-Regular.ttf
09-07 22:36:18.343  9662  9591 I WiVRn   : [2026-09-07 22:36:18.343] [WiVRn] [info] Font for sk /system/fonts/PICOSans.ttf
09-07 22:36:18.343  9662  9591 I WiVRn   : [2026-09-07 22:36:18.343] [WiVRn] [info] Font for tr /system/fonts/PICOSans.ttf
09-07 22:36:18.343  9662  9591 I WiVRn   : [2026-09-07 22:36:18.343] [WiVRn] [info] Font for tr /system/fonts/Roboto-Regular.ttf
09-07 22:36:18.343  9662  9591 I WiVRn   : [2026-09-07 22:36:18.343] [WiVRn] [info] Font for tr /system/fonts/PICOSans.ttf
09-07 22:36:18.343  9662  9591 I WiVRn   : [2026-09-07 22:36:18.343] [WiVRn] [info] Font for tr /system/fonts/Roboto-Regular.ttf
09-07 22:36:18.343  9662  9591 I WiVRn   : [2026-09-07 22:36:18.343] [WiVRn] [info] Font for tr /system/fonts/PICOSans.ttf
09-07 22:36:18.343  9662  9591 I WiVRn   : [2026-09-07 22:36:18.343] [WiVRn] [info] Font for zh_CN /system/fonts/PICOSans.ttf
09-07 22:36:18.343  9662  9591 I WiVRn   : [2026-09-07 22:36:18.343] [WiVRn] [info] Font for zh_CN /system/fonts/PICOSansSC-Regular.ttf
09-07 22:36:18.343  9662  9591 I WiVRn   : [2026-09-07 22:36:18.343] [WiVRn] [info] Font for zh_TW /system/fonts/PICOSans.ttf
09-07 22:36:18.343  9662  9591 I WiVRn   : [2026-09-07 22:36:18.343] [WiVRn] [info] Font for zh_TW /system/fonts/PICOSansSC-Regular.ttf
09-07 22:36:18.347  9662  9591 I WiVRn   : [2026-09-07 22:36:18.347] [WiVRn] [info] Using font /system/fonts/PICOSans.ttf
09-07 22:36:18.348  9662  9591 I WiVRn   : [2026-09-07 22:36:18.348] [WiVRn] [info] Using font /system/fonts/Roboto-Regular.ttf
09-07 22:36:18.348  9662  9591 I WiVRn   : [2026-09-07 22:36:18.348] [WiVRn] [info] Using font /system/fonts/PICOSansVFJP.ttf
09-07 22:36:18.361  9662  9591 I WiVRn   : [2026-09-07 22:36:18.361] [WiVRn] [info] Using font /system/fonts/NotoSansGeorgian-Regular.otf
09-07 22:36:18.362  9662  9591 I WiVRn   : [2026-09-07 22:36:18.362] [WiVRn] [info] Using font /system/fonts/PICOSansSC-Regular.ttf
09-07 22:36:18.373  9662  9591 I WiVRn   : [2026-09-07 22:36:18.373] [WiVRn] [info] Performance level: CPU domain asked for sustained_high
09-07 22:36:18.373  9662  9591 I WiVRn   : [2026-09-07 22:36:18.373] [WiVRn] [info] nxwarp: GPU performance level setting 2
09-07 22:36:18.373  9662  9591 I WiVRn   : [2026-09-07 22:36:18.373] [WiVRn] [info] Performance level: GPU domain asked for boost
09-07 22:36:18.396  9662  9591 I WiVRn   : [2026-09-07 22:36:18.396] [WiVRn] [info] swapchain setup, refresh rate 90
09-07 22:36:18.396  9662  9591 I WiVRn   : [2026-09-07 22:36:18.396] [WiVRn] [info] set refresh rate to 90Hz
09-07 22:36:18.427  9662  9591 I WiVRn   : [2026-09-07 22:36:18.427] [WiVRn] [info] Created stream swapchain: 1088x1088
09-07 22:36:18.427  9662  9591 I WiVRn   : [2026-09-07 22:36:18.427] [WiVRn] [info] Initializing reprojector
09-07 22:36:18.453  9662  9591 I WiVRn   : [2026-09-07 22:36:18.453] [WiVRn] [info] geometry[eye 0]: view_info fov L-53.34 R53.34 U53.34 D-53.34 | layer fov L-53.34 R53.34 U53.34 D-53.34 deg | layer rect 1088x1088 | defoveated 1088x1088 | scale 0.50
09-07 22:36:18.453  9662  9591 I WiVRn   : [2026-09-07 22:36:18.453] [WiVRn] [info] geometry[eye 1]: view_info fov L-53.34 R53.34 U53.34 D-53.34 | layer fov L-53.34 R53.34 U53.34 D-53.34 deg | layer rect 1088x1088 | defoveated 1088x1088 | scale 0.50
09-07 22:36:18.475  9662  9591 I WiVRn   : [2026-09-07 22:36:18.475] [WiVRn] [info] render: 1 iterations in 16.3 s (0.1/s), 1 submitted a layer, 1 new-source, 0 skipped by the repeat gate, 0 with nothing to show; display period 11.1 ms
09-07 22:36:18.475  9662  9591 I WiVRn   : [2026-09-07 22:36:18.475] [WiVRn] [info] render: selected source transitions forward 0 backward 0 repeat 0, greatest forward gap 0
09-07 22:36:18.475  9662  9591 I WiVRn   : [2026-09-07 22:36:18.475] [WiVRn] [info] render: this app's own GPU pass 0.0 ms per iteration
09-07 22:36:18.475  9662  9591 I WiVRn   : [2026-09-07 22:36:18.475] [WiVRn] [info] render: defoveate 1088x1088 per eye x2 = 2.37 Mpx/frame at scale 0.50 atlas-prototype 0; 0 re-presented from the cache (reduce_gpu_load on)
09-07 22:36:18.475  9662  9591 I WiVRn   : [2026-09-07 22:36:18.475] [WiVRn] [info] render: shader path sharpness 0.00 fsr false alpha false motion false blend false glow 0.28 vignette 0.00 deband 1.00 lowpoly 0.00 levels 0 full-kernel false
09-07 22:36:18.475  9662  9591 I WiVRn   : [2026-09-07 22:36:18.475] [WiVRn] [info] render: per iteration fence 0.0 (worst 0.0) | queries 0.0 | submit 0.0 | whole render() 101.5 ms
09-07 22:36:18.475  9662  9591 I WiVRn   : [2026-09-07 22:36:18.475] [WiVRn] [info] render: jit on | wake slack 34.3 ms | slept 0.0 ms mean (max 0.0, 0 of 1 iterations) | budget 1.0 = pass 0.0 + margin 1.0 | sleep cap 45.0 ms
09-07 22:36:18.475  9662  9591 I WiVRn   : [2026-09-07 22:36:18.475] [WiVRn] [info] render: source display-time offset 104.7 ms mean (worst 104.7) over 1 frames | submit lead 0.0 ms mean (worst 0.0) | misses: 0 overrun 0 late 0 skipped refresh
09-07 22:36:18.475  9662  9591 I WiVRn   : [2026-09-07 22:36:18.475] [WiVRn] [info] Received event type XR_TYPE_EVENT_DATA_INTERACTION_PROFILE_CHANGED
09-07 22:36:18.475  9662  9591 I WiVRn   : [2026-09-07 22:36:18.475] [WiVRn] [info] interaction profile for /user/hand/left: /interaction_profiles/ext/hand_interaction_ext
09-07 22:36:18.475  9662  9591 I WiVRn   : [2026-09-07 22:36:18.475] [WiVRn] [info] interaction profile for /user/hand/right: /interaction_profiles/ext/hand_interaction_ext
09-07 22:36:18.475  9662  9591 I WiVRn   : [2026-09-07 22:36:18.475] [WiVRn] [info] interaction profile for /user/gamepad: XR_NULL_PATH
09-07 22:36:18.475  9662  9591 W WiVRn   : [2026-09-07 22:36:18.475] [WiVRn] [warning] unknown interaction profile XR_NULL_PATH
09-07 22:36:18.475  9662  9591 I WiVRn   : [2026-09-07 22:36:18.475] [WiVRn] [info] Received event type XR_TYPE_EVENT_DATA_INTERACTION_PROFILE_CHANGED
09-07 22:36:18.475  9662  9591 I WiVRn   : [2026-09-07 22:36:18.475] [WiVRn] [info] interaction profile for /user/hand/left: /interaction_profiles/ext/hand_interaction_ext
09-07 22:36:18.475  9662  9591 I WiVRn   : [2026-09-07 22:36:18.475] [WiVRn] [info] interaction profile for /user/hand/right: /interaction_profiles/ext/hand_interaction_ext
09-07 22:36:18.475  9662  9591 I WiVRn   : [2026-09-07 22:36:18.475] [WiVRn] [info] interaction profile for /user/gamepad: XR_NULL_PATH
09-07 22:36:18.475  9662  9591 W WiVRn   : [2026-09-07 22:36:18.475] [WiVRn] [warning] unknown interaction profile XR_NULL_PATH
09-07 22:36:18.475  9662  9591 I WiVRn   : [2026-09-07 22:36:18.475] [WiVRn] [info] Received event type XR_TYPE_EVENT_DATA_INTERACTION_PROFILE_CHANGED
09-07 22:36:18.475  9662  9591 I WiVRn   : [2026-09-07 22:36:18.475] [WiVRn] [info] interaction profile for /user/hand/left: /interaction_profiles/ext/hand_interaction_ext
09-07 22:36:18.475  9662  9591 I WiVRn   : [2026-09-07 22:36:18.475] [WiVRn] [info] interaction profile for /user/hand/right: /interaction_profiles/ext/hand_interaction_ext
09-07 22:36:18.475  9662  9591 I WiVRn   : [2026-09-07 22:36:18.475] [WiVRn] [info] interaction profile for /user/gamepad: XR_NULL_PATH
09-07 22:36:18.475  9662  9591 W WiVRn   : [2026-09-07 22:36:18.475] [WiVRn] [warning] unknown interaction profile XR_NULL_PATH
09-07 22:36:18.475  9662  9591 I WiVRn   : [2026-09-07 22:36:18.475] [WiVRn] [info] Received event type Unknown
09-07 22:36:19.319  9662  9783 I WiVRn   : [2026-09-07 22:36:19.319] [WiVRn] [info] Tracking pattern (11110µs):
09-07 22:36:19.319  9662  9783 I WiVRn   : [2026-09-07 22:36:19.319] [WiVRn] [info] 	t+274µs HEAD (10836µs)
09-07 22:36:19.319  9662  9783 I WiVRn   : [2026-09-07 22:36:19.319] [WiVRn] [info] 	t+314µs LEFT_GRIP (10796µs)
09-07 22:36:19.319  9662  9783 I WiVRn   : [2026-09-07 22:36:19.319] [WiVRn] [info] 	t+326µs RIGHT_GRIP (10784µs)
09-07 22:36:19.319  9662  9783 I WiVRn   : [2026-09-07 22:36:19.319] [WiVRn] [info] 	t+1496µs HEAD (31836µs)
09-07 22:36:19.319  9662  9783 I WiVRn   : [2026-09-07 22:36:19.319] [WiVRn] [info] 	t+1535µs LEFT_GRIP (31796µs)
09-07 22:36:19.319  9662  9783 I WiVRn   : [2026-09-07 22:36:19.319] [WiVRn] [info] 	t+1547µs RIGHT_GRIP (31784µs)
09-07 22:36:19.319  9662  9783 I WiVRn   : [2026-09-07 22:36:19.319] [WiVRn] [info] 	t+2385µs HEAD (19836µs)
09-07 22:36:19.319  9662  9783 I WiVRn   : [2026-09-07 22:36:19.319] [WiVRn] [info] 	t+2425µs LEFT_GRIP (19796µs)
09-07 22:36:19.319  9662  9783 I WiVRn   : [2026-09-07 22:36:19.319] [WiVRn] [info] 	t+2436µs RIGHT_GRIP (19784µs)
09-07 22:36:19.319  9662  9783 I WiVRn   : [2026-09-07 22:36:19.319] [WiVRn] [info] 	t+3274µs HEAD (7836µs)
09-07 22:36:19.319  9662  9783 I WiVRn   : [2026-09-07 22:36:19.319] [WiVRn] [info] 	t+3314µs LEFT_GRIP (7796µs)
09-07 22:36:19.319  9662  9783 I WiVRn   : [2026-09-07 22:36:19.319] [WiVRn] [info] 	t+3326µs RIGHT_GRIP (7784µs)
09-07 22:36:19.319  9662  9783 I WiVRn   : [2026-09-07 22:36:19.319] [WiVRn] [info] 	t+4496µs HEAD (28836µs)
09-07 22:36:19.319  9662  9783 I WiVRn   : [2026-09-07 22:36:19.319] [WiVRn] [info] 	t+4535µs LEFT_GRIP (28796µs)
09-07 22:36:19.319  9662  9783 I WiVRn   : [2026-09-07 22:36:19.319] [WiVRn] [info] 	t+4547µs RIGHT_GRIP (28784µs)
09-07 22:36:19.319  9662  9783 I WiVRn   : [2026-09-07 22:36:19.319] [WiVRn] [info] 	t+5385µs HEAD (16836µs)
09-07 22:36:19.319  9662  9783 I WiVRn   : [2026-09-07 22:36:19.319] [WiVRn] [info] 	t+5425µs LEFT_GRIP (16796µs)
09-07 22:36:19.319  9662  9783 I WiVRn   : [2026-09-07 22:36:19.319] [WiVRn] [info] 	t+5436µs RIGHT_GRIP (16784µs)
09-07 22:36:19.319  9662  9783 I WiVRn   : [2026-09-07 22:36:19.319] [WiVRn] [info] 	t+6274µs HEAD (4836µs)
09-07 22:36:19.319  9662  9783 I WiVRn   : [2026-09-07 22:36:19.319] [WiVRn] [info] 	t+6314µs LEFT_GRIP (4796µs)
09-07 22:36:19.319  9662  9783 I WiVRn   : [2026-09-07 22:36:19.319] [WiVRn] [info] 	t+6326µs RIGHT_GRIP (4784µs)
09-07 22:36:19.319  9662  9783 I WiVRn   : [2026-09-07 22:36:19.319] [WiVRn] [info] 	t+7496µs HEAD (25836µs)
09-07 22:36:19.319  9662  9783 I WiVRn   : [2026-09-07 22:36:19.319] [WiVRn] [info] 	t+7535µs LEFT_GRIP (25796µs)
09-07 22:36:19.319  9662  9783 I WiVRn   : [2026-09-07 22:36:19.319] [WiVRn] [info] 	t+7547µs RIGHT_GRIP (25784µs)
09-07 22:36:19.319  9662  9783 I WiVRn   : [2026-09-07 22:36:19.319] [WiVRn] [info] 	t+8385µs HEAD (13836µs)
09-07 22:36:19.319  9662  9783 I WiVRn   : [2026-09-07 22:36:19.319] [WiVRn] [info] 	t+8425µs LEFT_GRIP (13796µs)
09-07 22:36:19.319  9662  9783 I WiVRn   : [2026-09-07 22:36:19.319] [WiVRn] [info] 	t+8436µs RIGHT_GRIP (13784µs)
09-07 22:36:19.319  9662  9783 I WiVRn   : [2026-09-07 22:36:19.319] [WiVRn] [info] 	t+9607µs HEAD (34836µs)
09-07 22:36:19.319  9662  9783 I WiVRn   : [2026-09-07 22:36:19.319] [WiVRn] [info] 	t+9646µs LEFT_GRIP (34796µs)
09-07 22:36:19.319  9662  9783 I WiVRn   : [2026-09-07 22:36:19.319] [WiVRn] [info] 	t+9658µs RIGHT_GRIP (34784µs)
09-07 22:36:19.319  9662  9783 I WiVRn   : [2026-09-07 22:36:19.319] [WiVRn] [info] 	t+10496µs HEAD (22836µs)
09-07 22:36:19.319  9662  9783 I WiVRn   : [2026-09-07 22:36:19.319] [WiVRn] [info] 	t+10535µs LEFT_GRIP (22796µs)
09-07 22:36:19.319  9662  9783 I WiVRn   : [2026-09-07 22:36:19.319] [WiVRn] [info] 	t+10547µs RIGHT_GRIP (22784µs)
09-07 22:36:19.344  9662  9778 I WiVRn   : [2026-09-07 22:36:19.344] [WiVRn] [info] nxwarp[0] net: 196 frames closed in 2.0 s, 0 with a hole, 0 out-of-order datagrams, 0 frames completed late, 0 queued for the worker, 55 decoded so far, 197 stragglers dropped; last hole 0/0 chunks, first missing -1, short false, chunk 1166 B
09-07 22:36:19.344  9662  9778 I WiVRn   : [2026-09-07 22:36:19.344] [WiVRn] [info] nxwarp[0] net: 0.033 ms per datagram over 12667 datagrams (208.08 ms of every second)
09-07 22:36:19.344  9662  9778 I WiVRn   : [2026-09-07 22:36:19.344] [WiVRn] [info] nxwarp[0] sel: stride 1, arrival 11.2 ms, dropped-late 141, withheld 33, decoded 55
09-07 22:36:19.344  9662  9778 I WiVRn   : [2026-09-07 22:36:19.344] [WiVRn] [info] nxwarp[0] rx: 12686 datagrams, placed 105367 (+104789), late 405 (+405), stale_frame 0, bad_range 0, bad_dir 0, bad_caps 0, bad_ver 0, auth_fail 0, replay 0, frozen 0, dup 0
09-07 22:36:20.267  9662  9781 I WiVRn   : [2026-09-07 22:36:20.267] [WiVRn] [info] nxwarp[0]: 137 frames in 2.0 s: 20260 B/frame, wait-prev 0.0 ms, wall 8.7 ms, nxvc passA 2.1 passB 5.2 gpu 7.3 ms; holes 0, refused 0
09-07 22:36:20.267  9662  9781 I WiVRn   : [2026-09-07 22:36:20.267] [WiVRn] [info] nxwarp[0] gpu duty 499 ms/s (50% of one GPU) for decode alone; the display pass is extra
09-07 22:36:20.267  9662  9781 I WiVRn   : [2026-09-07 22:36:20.267] [WiVRn] [info] nxwarp[0] passB 5.2 ms = warp 0.0 + skip 0.0 + coded 0.1 + dir 0.0 + other 5.1; tiles skip 0 / coded 202 / dir 0 (eye pass 0)
09-07 22:36:20.267  9662  9781 I WiVRn   : [2026-09-07 22:36:20.267] [WiVRn] [info] nxwarp[0]: 141 frames dropped late (queue kept to 1)
09-07 22:36:20.267  9662  9781 I WiVRn   : [2026-09-07 22:36:20.267] [WiVRn] [info] nxwarp[0] stage: gap 6.0 | wait-prev 0.0 | submit 0.9 (qlock 0.0 + codec 0.9) | get_free 0.0 | fence-pre 0.0 | record 0.0 | qsubmit 0.0 | fence-post 7.7 | publish 0.0 ms; withheld 33, stride 1, arrival 11.1 ms
09-07 22:36:20.267  9662  9781 I WiVRn   : [2026-09-07 22:36:20.267] [WiVRn] [info] nxwarp[0] reassembly (network thread): 0.02 ms/frame over 180 frames, buffer 26 kB held for 26 kB of unit (1.0x)
09-07 22:36:20.267  9662  9781 I WiVRn   : [2026-09-07 22:36:20.267] [WiVRn] [info] nxwarp[0] fence-post 7.7 ms = nxvc gpu 7.3 + copy gpu 0.01 + queue 0.4 (over 137 frames with timestamps)
09-07 22:36:20.267  9662  9781 I WiVRn   : [2026-09-07 22:36:20.267] [WiVRn] [info] nxwarp[0]: 1 of 137 frames measured a stall not attributable to decoding (worst wall 82.9 ms); clipped out of the reported decode cost and out of the stride
09-07 22:36:20.267  9662  9781 I WiVRn   : [2026-09-07 22:36:20.267] [WiVRn] [info] nxwarp[0] atlas: frames 137, atlas 137, picture 0, avg dispatches 6.7, avg assembled 0.0, avg valid 578.0, direct targets 137
09-07 22:36:20.319  9662  9783 I WiVRn   : [2026-09-07 22:36:20.319] [WiVRn] [info] Tracking pattern (11111µs):
09-07 22:36:20.319  9662  9783 I WiVRn   : [2026-09-07 22:36:20.319] [WiVRn] [info] 	t+311µs HEAD (44135µs)
09-07 22:36:20.319  9662  9783 I WiVRn   : [2026-09-07 22:36:20.319] [WiVRn] [info] 	t+347µs LEFT_GRIP (44098µs)
09-07 22:36:20.319  9662  9783 I WiVRn   : [2026-09-07 22:36:20.319] [WiVRn] [info] 	t+356µs RIGHT_GRIP (44089µs)
09-07 22:36:20.319  9662  9783 I WiVRn   : [2026-09-07 22:36:20.319] [WiVRn] [info] 	t+646µs HEAD (77135µs)
09-07 22:36:20.319  9662  9783 I WiVRn   : [2026-09-07 22:36:20.319] [WiVRn] [info] 	t+682µs LEFT_GRIP (77098µs)
09-07 22:36:20.319  9662  9783 I WiVRn   : [2026-09-07 22:36:20.319] [WiVRn] [info] 	t+691µs RIGHT_GRIP (77089µs)
09-07 22:36:20.319  9662  9783 I WiVRn   : [2026-09-07 22:36:20.319] [WiVRn] [info] 	t+1199µs HEAD (32135µs)
09-07 22:36:20.319  9662  9783 I WiVRn   : [2026-09-07 22:36:20.319] [WiVRn] [info] 	t+1236µs LEFT_GRIP (32098µs)
09-07 22:36:20.319  9662  9783 I WiVRn   : [2026-09-07 22:36:20.319] [WiVRn] [info] 	t+1245µs RIGHT_GRIP (32089µs)
09-07 22:36:20.319  9662  9783 I WiVRn   : [2026-09-07 22:36:20.319] [WiVRn] [info] 	t+1534µs HEAD (65135µs)
09-07 22:36:20.319  9662  9783 I WiVRn   : [2026-09-07 22:36:20.319] [WiVRn] [info] 	t+1571µs LEFT_GRIP (65098µs)
09-07 22:36:20.319  9662  9783 I WiVRn   : [2026-09-07 22:36:20.319] [WiVRn] [info] 	t+1579µs RIGHT_GRIP (65089µs)
09-07 22:36:20.319  9662  9783 I WiVRn   : [2026-09-07 22:36:20.319] [WiVRn] [info] 	t+2422µs HEAD (53135µs)
09-07 22:36:20.319  9662  9783 I WiVRn   : [2026-09-07 22:36:20.319] [WiVRn] [info] 	t+2459µs LEFT_GRIP (53098µs)
09-07 22:36:20.319  9662  9783 I WiVRn   : [2026-09-07 22:36:20.319] [WiVRn] [info] 	t+2468µs RIGHT_GRIP (53089µs)
09-07 22:36:20.319  9662  9783 I WiVRn   : [2026-09-07 22:36:20.319] [WiVRn] [info] 	t+3311µs HEAD (41135µs)
09-07 22:36:20.319  9662  9783 I WiVRn   : [2026-09-07 22:36:20.319] [WiVRn] [info] 	t+3347µs LEFT_GRIP (41098µs)
09-07 22:36:20.319  9662  9783 I WiVRn   : [2026-09-07 22:36:20.319] [WiVRn] [info] 	t+3356µs RIGHT_GRIP (41089µs)
09-07 22:36:20.319  9662  9783 I WiVRn   : [2026-09-07 22:36:20.319] [WiVRn] [info] 	t+3646µs HEAD (74135µs)
09-07 22:36:20.319  9662  9783 I WiVRn   : [2026-09-07 22:36:20.319] [WiVRn] [info] 	t+3682µs LEFT_GRIP (74098µs)
09-07 22:36:20.319  9662  9783 I WiVRn   : [2026-09-07 22:36:20.319] [WiVRn] [info] 	t+3691µs RIGHT_GRIP (74089µs)
09-07 22:36:20.319  9662  9783 I WiVRn   : [2026-09-07 22:36:20.319] [WiVRn] [info] 	t+4534µs HEAD (62135µs)
09-07 22:36:20.319  9662  9783 I WiVRn   : [2026-09-07 22:36:20.319] [WiVRn] [info] 	t+4571µs LEFT_GRIP (62098µs)
09-07 22:36:20.319  9662  9783 I WiVRn   : [2026-09-07 22:36:20.319] [WiVRn] [info] 	t+4579µs RIGHT_GRIP (62089µs)
09-07 22:36:20.319  9662  9783 I WiVRn   : [2026-09-07 22:36:20.319] [WiVRn] [info] 	t+5422µs HEAD (50135µs)
09-07 22:36:20.319  9662  9783 I WiVRn   : [2026-09-07 22:36:20.319] [WiVRn] [info] 	t+5459µs LEFT_GRIP (50098µs)
09-07 22:36:20.319  9662  9783 I WiVRn   : [2026-09-07 22:36:20.319] [WiVRn] [info] 	t+5468µs RIGHT_GRIP (50089µs)
09-07 22:36:20.319  9662  9783 I WiVRn   : [2026-09-07 22:36:20.319] [WiVRn] [info] 	t+6311µs HEAD (38135µs)
09-07 22:36:20.319  9662  9783 I WiVRn   : [2026-09-07 22:36:20.319] [WiVRn] [info] 	t+6347µs LEFT_GRIP (38098µs)
09-07 22:36:20.319  9662  9783 I WiVRn   : [2026-09-07 22:36:20.319] [WiVRn] [info] 	t+6356µs RIGHT_GRIP (38089µs)
09-07 22:36:20.319  9662  9783 I WiVRn   : [2026-09-07 22:36:20.319] [WiVRn] [info] 	t+6646µs HEAD (71135µs)
09-07 22:36:20.319  9662  9783 I WiVRn   : [2026-09-07 22:36:20.319] [WiVRn] [info] 	t+6682µs LEFT_GRIP (71098µs)
09-07 22:36:20.319  9662  9783 I WiVRn   : [2026-09-07 22:36:20.319] [WiVRn] [info] 	t+6691µs RIGHT_GRIP (71089µs)
09-07 22:36:20.319  9662  9783 I WiVRn   : [2026-09-07 22:36:20.319] [WiVRn] [info] 	t+7534µs HEAD (59135µs)
09-07 22:36:20.319  9662  9783 I WiVRn   : [2026-09-07 22:36:20.319] [WiVRn] [info] 	t+7571µs LEFT_GRIP (59098µs)
09-07 22:36:20.319  9662  9783 I WiVRn   : [2026-09-07 22:36:20.319] [WiVRn] [info] 	t+7579µs RIGHT_GRIP (59089µs)
09-07 22:36:20.319  9662  9783 I WiVRn   : [2026-09-07 22:36:20.319] [WiVRn] [info] 	t+8422µs HEAD (47135µs)
09-07 22:36:20.319  9662  9783 I WiVRn   : [2026-09-07 22:36:20.319] [WiVRn] [info] 	t+8459µs LEFT_GRIP (47098µs)
09-07 22:36:20.319  9662  9783 I WiVRn   : [2026-09-07 22:36:20.319] [WiVRn] [info] 	t+8468µs RIGHT_GRIP (47089µs)
09-07 22:36:20.319  9662  9783 I WiVRn   : [2026-09-07 22:36:20.319] [WiVRn] [info] 	t+8757µs HEAD (80135µs)
09-07 22:36:20.319  9662  9783 I WiVRn   : [2026-09-07 22:36:20.319] [WiVRn] [info] 	t+8794µs LEFT_GRIP (80098µs)
09-07 22:36:20.319  9662  9783 I WiVRn   : [2026-09-07 22:36:20.319] [WiVRn] [info] 	t+8803µs RIGHT_GRIP (80089µs)
09-07 22:36:20.319  9662  9783 I WiVRn   : [2026-09-07 22:36:20.319] [WiVRn] [info] 	t+9311µs HEAD (35135µs)
09-07 22:36:20.319  9662  9783 I WiVRn   : [2026-09-07 22:36:20.319] [WiVRn] [info] 	t+9347µs LEFT_GRIP (35098µs)
09-07 22:36:20.319  9662  9783 I WiVRn   : [2026-09-07 22:36:20.319] [WiVRn] [info] 	t+9356µs RIGHT_GRIP (35089µs)
09-07 22:36:20.319  9662  9783 I WiVRn   : [2026-09-07 22:36:20.319] [WiVRn] [info] 	t+9646µs HEAD (68135µs)
09-07 22:36:20.319  9662  9783 I WiVRn   : [2026-09-07 22:36:20.319] [WiVRn] [info] 	t+9682µs LEFT_GRIP (68098µs)
09-07 22:36:20.319  9662  9783 I WiVRn   : [2026-09-07 22:36:20.319] [WiVRn] [info] 	t+9691µs RIGHT_GRIP (68089µs)
09-07 22:36:20.319  9662  9783 I WiVRn   : [2026-09-07 22:36:20.319] [WiVRn] [info] 	t+10534µs HEAD (56135µs)
09-07 22:36:20.319  9662  9783 I WiVRn   : [2026-09-07 22:36:20.319] [WiVRn] [info] 	t+10571µs LEFT_GRIP (56098µs)
09-07 22:36:20.319  9662  9783 I WiVRn   : [2026-09-07 22:36:20.319] [WiVRn] [info] 	t+10579µs RIGHT_GRIP (56089µs)
09-07 22:36:20.383  9662  9591 I WiVRn   : [2026-09-07 22:36:20.383] [WiVRn] [info] render: 157 iterations in 2.0 s (78.1/s), 157 submitted a layer, 107 new-source, 0 skipped by the repeat gate, 0 with nothing to show; display period 12.7 ms
09-07 22:36:20.383  9662  9591 I WiVRn   : [2026-09-07 22:36:20.383] [WiVRn] [info] render: selected source transitions forward 107 backward 0 repeat 50, greatest forward gap 11
09-07 22:36:20.383  9662  9591 I WiVRn   : [2026-09-07 22:36:20.383] [WiVRn] [info] render: this app's own GPU pass 1.7 ms per iteration
09-07 22:36:20.383  9662  9591 I WiVRn   : [2026-09-07 22:36:20.383] [WiVRn] [info] render: defoveate 1088x1088 per eye x2 = 2.37 Mpx/frame at scale 0.50 atlas-prototype 0; 45 re-presented from the cache (reduce_gpu_load on)
09-07 22:36:20.383  9662  9591 I WiVRn   : [2026-09-07 22:36:20.383] [WiVRn] [info] render: shader path sharpness 0.00 fsr false alpha false motion false blend false glow 0.28 vignette 0.00 deband 1.00 lowpoly 0.00 levels 0 full-kernel false
09-07 22:36:20.383  9662  9591 I WiVRn   : [2026-09-07 22:36:20.383] [WiVRn] [info] render: per iteration fence 0.4 (worst 9.9) | queries 0.0 | submit 0.0 | whole render() 1.1 ms
09-07 22:36:20.383  9662  9591 I WiVRn   : [2026-09-07 22:36:20.383] [WiVRn] [info] render: jit on | wake slack 39.3 ms | slept 3.9 ms mean (max 10.7, 67 of 157 iterations) | budget 25.1 = pass 24.1 + margin 1.0 | sleep cap 45.0 ms
09-07 22:36:20.383  9662  9591 I WiVRn   : [2026-09-07 22:36:20.383] [WiVRn] [info] render: source display-time offset 32.7 ms mean (worst 171.4) over 157 frames | submit lead 33.6 ms mean (worst -67.3) | misses: 0 overrun 0 late 0 skipped refresh
09-07 22:36:20.462  9662  9591 I WiVRn   : [2026-09-07 22:36:20.462] [WiVRn] [info] Session state changed at timestamp 0: XR_SESSION_STATE_FOCUSED => XR_SESSION_STATE_VISIBLE
09-07 22:36:20.462  9662  9591 I WiVRn   : [2026-09-07 22:36:20.462] [WiVRn] [info] Session state changed at timestamp 0: XR_SESSION_STATE_VISIBLE => XR_SESSION_STATE_SYNCHRONIZED
09-07 22:36:20.462  9662  9591 I WiVRn   : [2026-09-07 22:36:20.462] [WiVRn] [info] Session state changed at timestamp 0: XR_SESSION_STATE_SYNCHRONIZED => XR_SESSION_STATE_STOPPING
09-07 22:36:20.463  9662  9591 I WiVRn   : [2026-09-07 22:36:20.463] [WiVRn] [info] Session state changed at timestamp 0: XR_SESSION_STATE_STOPPING => XR_SESSION_STATE_IDLE
09-07 22:36:21.348  9662  9778 I WiVRn   : [2026-09-07 22:36:21.347] [WiVRn] [info] nxwarp[0] net: 179 frames closed in 2.0 s, 0 with a hole, 0 out-of-order datagrams, 0 frames completed late, 0 queued for the worker, 234 decoded so far, 376 stragglers dropped; last hole 0/0 chunks, first missing -1, short false, chunk 1166 B
09-07 22:36:21.348  9662  9778 I WiVRn   : [2026-09-07 22:36:21.348] [WiVRn] [info] nxwarp[0] net: 0.097 ms per datagram over 899 datagrams (43.55 ms of every second)
09-07 22:36:21.348  9662  9778 I WiVRn   : [2026-09-07 22:36:21.348] [WiVRn] [info] nxwarp[0] sel: stride 1, arrival 11.1 ms, dropped-late 141, withheld 33, decoded 234
09-07 22:36:21.348  9662  9778 I WiVRn   : [2026-09-07 22:36:21.348] [WiVRn] [info] nxwarp[0] rx: 13585 datagrams, placed 106654 (+1287), late 405 (+0), stale_frame 0, bad_range 0, bad_dir 0, bad_caps 0, bad_ver 0, auth_fail 0, replay 0, frozen 0, dup 0
09-07 22:36:21.353  9662  9783 I WiVRn   : [2026-09-07 22:36:21.353] [WiVRn] [info] Tracking pattern (11109µs):
09-07 22:36:21.353  9662  9783 I WiVRn   : [2026-09-07 22:36:21.353] [WiVRn] [info] 	t+8875µs HEAD (80000µs)
09-07 22:36:21.353  9662  9783 I WiVRn   : [2026-09-07 22:36:21.353] [WiVRn] [info] 	t+8875µs LEFT_GRIP (80000µs)
09-07 22:36:21.353  9662  9783 I WiVRn   : [2026-09-07 22:36:21.353] [WiVRn] [info] 	t+8875µs RIGHT_GRIP (80000µs)
09-07 22:36:22.271  9662  9781 I WiVRn   : [2026-09-07 22:36:22.271] [WiVRn] [info] nxwarp[0]: 180 frames in 2.0 s: 661 B/frame, wait-prev 0.0 ms, wall 2.1 ms, nxvc passA 0.2 passB 1.0 gpu 1.2 ms; holes 0, refused 0
09-07 22:36:22.271  9662  9781 I WiVRn   : [2026-09-07 22:36:22.271] [WiVRn] [info] nxwarp[0] gpu duty 109 ms/s (11% of one GPU) for decode alone; the display pass is extra
09-07 22:36:22.271  9662  9781 I WiVRn   : [2026-09-07 22:36:22.271] [WiVRn] [info] nxwarp[0] passB 1.0 ms = warp 0.0 + skip 0.0 + coded 0.1 + dir 0.0 + other 0.9; tiles skip 0 / coded 7 / dir 0 (eye pass 0)
09-07 22:36:22.271  9662  9781 I WiVRn   : [2026-09-07 22:36:22.271] [WiVRn] [info] nxwarp[0]: 141 frames dropped late (queue kept to 1)
09-07 22:36:22.271  9662  9781 I WiVRn   : [2026-09-07 22:36:22.271] [WiVRn] [info] nxwarp[0] stage: gap 9.0 | wait-prev 0.0 | submit 0.7 (qlock 0.0 + codec 0.7) | get_free 0.0 | fence-pre 0.0 | record 0.1 | qsubmit 0.1 | fence-post 1.2 | publish 0.0 ms; withheld 0, stride 1, arrival 10.9 ms
09-07 22:36:22.271  9662  9781 I WiVRn   : [2026-09-07 22:36:22.271] [WiVRn] [info] nxwarp[0] reassembly (network thread): 0.01 ms/frame over 180 frames, buffer 1 kB held for 1 kB of unit (1.0x)
09-07 22:36:22.271  9662  9781 I WiVRn   : [2026-09-07 22:36:22.271] [WiVRn] [info] nxwarp[0] fence-post 1.2 ms = nxvc gpu 1.2 + copy gpu 0.01 + queue -0.1 (over 180 frames with timestamps)
09-07 22:36:22.271  9662  9781 I WiVRn   : [2026-09-07 22:36:22.271] [WiVRn] [info] nxwarp[0]: 1 of 180 frames measured a stall not attributable to decoding (worst wall 10.1 ms); clipped out of the reported decode cost and out of the stride
09-07 22:36:22.271  9662  9781 I WiVRn   : [2026-09-07 22:36:22.271] [WiVRn] [info] nxwarp[0] atlas: frames 180, atlas 180, picture 0, avg dispatches 7.0, avg assembled 0.0, avg valid 578.0, direct targets 180
09-07 22:36:22.358  9662  9783 I WiVRn   : [2026-09-07 22:36:22.358] [WiVRn] [info] Tracking pattern (11109µs):
09-07 22:36:22.358  9662  9783 I WiVRn   : [2026-09-07 22:36:22.358] [WiVRn] [info] 	t+8875µs HEAD (80000µs)
09-07 22:36:23.031  9662  9591 I WiVRn   : [2026-09-07 22:36:23.031] [WiVRn] [info] Session state changed at timestamp 0: XR_SESSION_STATE_IDLE => XR_SESSION_STATE_READY
09-07 22:36:23.033  9662  9591 I WiVRn   : [2026-09-07 22:36:23.033] [WiVRn] [info] Received event type XR_TYPE_EVENT_DATA_USER_PRESENCE_CHANGED_EXT
09-07 22:36:23.050  9662  9591 I WiVRn   : [2026-09-07 22:36:23.050] [WiVRn] [info] Session state changed at timestamp 0: XR_SESSION_STATE_READY => XR_SESSION_STATE_SYNCHRONIZED
09-07 22:36:23.050  9662  9591 I WiVRn   : [2026-09-07 22:36:23.050] [WiVRn] [info] Session state changed at timestamp 0: XR_SESSION_STATE_SYNCHRONIZED => XR_SESSION_STATE_VISIBLE
09-07 22:36:23.050  9662  9591 I WiVRn   : [2026-09-07 22:36:23.050] [WiVRn] [info] Session state changed at timestamp 0: XR_SESSION_STATE_VISIBLE => XR_SESSION_STATE_FOCUSED
09-07 22:36:23.074  9662  9783 I WiVRn   : [2026-09-07 22:36:23.074] [WiVRn] [info] Tracking pattern (11128µs):
09-07 22:36:23.074  9662  9783 I WiVRn   : [2026-09-07 22:36:23.074] [WiVRn] [info] 	t+9029µs HEAD (80000µs)
09-07 22:36:23.074  9662  9783 I WiVRn   : [2026-09-07 22:36:23.074] [WiVRn] [info] 	t+10343µs LEFT_GRIP (67557µs)
09-07 22:36:23.313  9662  9783 I WiVRn   : [2026-09-07 22:36:23.313] [WiVRn] [info] Tracking pattern (11111µs):
09-07 22:36:23.313  9662  9783 I WiVRn   : [2026-09-07 22:36:23.313] [WiVRn] [info] 	t+597µs HEAD (66071µs)
09-07 22:36:23.313  9662  9783 I WiVRn   : [2026-09-07 22:36:23.313] [WiVRn] [info] 	t+1094µs LEFT_GRIP (76685µs)
09-07 22:36:23.313  9662  9783 I WiVRn   : [2026-09-07 22:36:23.313] [WiVRn] [info] 	t+1104µs RIGHT_GRIP (76675µs)
09-07 22:36:23.313  9662  9783 I WiVRn   : [2026-09-07 22:36:23.313] [WiVRn] [info] 	t+2708µs HEAD (75071µs)
09-07 22:36:23.313  9662  9783 I WiVRn   : [2026-09-07 22:36:23.313] [WiVRn] [info] 	t+4094µs LEFT_GRIP (73685µs)
09-07 22:36:23.313  9662  9783 I WiVRn   : [2026-09-07 22:36:23.313] [WiVRn] [info] 	t+4104µs RIGHT_GRIP (73675µs)
09-07 22:36:23.313  9662  9783 I WiVRn   : [2026-09-07 22:36:23.313] [WiVRn] [info] 	t+5708µs HEAD (72071µs)
09-07 22:36:23.313  9662  9783 I WiVRn   : [2026-09-07 22:36:23.313] [WiVRn] [info] 	t+7094µs LEFT_GRIP (70685µs)
09-07 22:36:23.313  9662  9783 I WiVRn   : [2026-09-07 22:36:23.313] [WiVRn] [info] 	t+7104µs RIGHT_GRIP (70675µs)
09-07 22:36:23.313  9662  9783 I WiVRn   : [2026-09-07 22:36:23.313] [WiVRn] [info] 	t+8708µs HEAD (69071µs)
09-07 22:36:23.313  9662  9783 I WiVRn   : [2026-09-07 22:36:23.313] [WiVRn] [info] 	t+10094µs LEFT_GRIP (67685µs)
09-07 22:36:23.313  9662  9783 I WiVRn   : [2026-09-07 22:36:23.313] [WiVRn] [info] 	t+10104µs RIGHT_GRIP (67675µs)
09-07 22:36:23.351  9662  9778 I WiVRn   : [2026-09-07 22:36:23.351] [WiVRn] [info] nxwarp[0] net: 180 frames closed in 2.0 s, 0 with a hole, 0 out-of-order datagrams, 0 frames completed late, 0 queued for the worker, 408 decoded so far, 556 stragglers dropped; last hole 0/0 chunks, first missing -1, short false, chunk 1166 B
09-07 22:36:23.351  9662  9778 I WiVRn   : [2026-09-07 22:36:23.351] [WiVRn] [info] nxwarp[0] net: 0.076 ms per datagram over 1632 datagrams (62.02 ms of every second)
09-07 22:36:23.351  9662  9778 I WiVRn   : [2026-09-07 22:36:23.351] [WiVRn] [info] nxwarp[0] sel: stride 1, arrival 11.5 ms, dropped-late 147, withheld 38, decoded 408
09-07 22:36:23.351  9662  9778 I WiVRn   : [2026-09-07 22:36:23.351] [WiVRn] [info] nxwarp[0] rx: 15217 datagrams, placed 115289 (+8635), late 405 (+0), stale_frame 0, bad_range 0, bad_dir 0, bad_caps 0, bad_ver 0, auth_fail 0, replay 0, frozen 0, dup 0
09-07 22:36:24.281  9662  9781 I WiVRn   : [2026-09-07 22:36:24.281] [WiVRn] [info] nxwarp[0]: 174 frames in 2.0 s: 3664 B/frame, wait-prev 0.0 ms, wall 3.0 ms, nxvc passA 0.5 passB 1.7 gpu 2.2 ms; holes 0, refused 0
09-07 22:36:24.281  9662  9781 I WiVRn   : [2026-09-07 22:36:24.281] [WiVRn] [info] nxwarp[0] gpu duty 187 ms/s (19% of one GPU) for decode alone; the display pass is extra
09-07 22:36:24.281  9662  9781 I WiVRn   : [2026-09-07 22:36:24.281] [WiVRn] [info] nxwarp[0] passB 1.7 ms = warp 0.0 + skip 0.0 + coded 0.1 + dir 0.0 + other 1.6; tiles skip 0 / coded 33 / dir 0 (eye pass 0)
09-07 22:36:24.281  9662  9781 I WiVRn   : [2026-09-07 22:36:24.281] [WiVRn] [info] nxwarp[0]: 147 frames dropped late (queue kept to 1)
09-07 22:36:24.281  9662  9781 I WiVRn   : [2026-09-07 22:36:24.281] [WiVRn] [info] nxwarp[0] stage: gap 8.5 | wait-prev 0.0 | submit 0.4 (qlock 0.0 + codec 0.4) | get_free 0.0 | fence-pre 0.0 | record 0.0 | qsubmit 0.0 | fence-post 2.5 | publish 0.0 ms; withheld 5, stride 1, arrival 11.0 ms
09-07 22:36:24.281  9662  9781 I WiVRn   : [2026-09-07 22:36:24.281] [WiVRn] [info] nxwarp[0] reassembly (network thread): 0.01 ms/frame over 180 frames, buffer 5 kB held for 5 kB of unit (1.0x)
09-07 22:36:24.281  9662  9781 I WiVRn   : [2026-09-07 22:36:24.281] [WiVRn] [info] nxwarp[0] fence-post 2.6 ms = nxvc gpu 2.2 + copy gpu 0.01 + queue 0.3 (over 174 frames with timestamps)
09-07 22:36:24.281  9662  9781 I WiVRn   : [2026-09-07 22:36:24.281] [WiVRn] [info] nxwarp[0]: 3 of 174 frames measured a stall not attributable to decoding (worst wall 19.4 ms); clipped out of the reported decode cost and out of the stride
09-07 22:36:24.281  9662  9781 I WiVRn   : [2026-09-07 22:36:24.281] [WiVRn] [info] nxwarp[0] atlas: frames 174, atlas 174, picture 0, avg dispatches 6.9, avg assembled 0.0, avg valid 578.0, direct targets 174
09-07 22:36:24.324  9662  9783 I WiVRn   : [2026-09-07 22:36:24.324] [WiVRn] [info] Tracking pattern (11110µs):
09-07 22:36:24.324  9662  9783 I WiVRn   : [2026-09-07 22:36:24.324] [WiVRn] [info] 	t+114µs HEAD (77658µs)
09-07 22:36:24.324  9662  9783 I WiVRn   : [2026-09-07 22:36:24.324] [WiVRn] [info] 	t+143µs LEFT_GRIP (77630µs)
09-07 22:36:24.324  9662  9783 I WiVRn   : [2026-09-07 22:36:24.324] [WiVRn] [info] 	t+150µs RIGHT_GRIP (77622µs)
09-07 22:36:24.324  9662  9783 I WiVRn   : [2026-09-07 22:36:24.324] [WiVRn] [info] 	t+3114µs HEAD (74658µs)
09-07 22:36:24.324  9662  9783 I WiVRn   : [2026-09-07 22:36:24.324] [WiVRn] [info] 	t+3143µs LEFT_GRIP (74630µs)
09-07 22:36:24.324  9662  9783 I WiVRn   : [2026-09-07 22:36:24.324] [WiVRn] [info] 	t+3150µs RIGHT_GRIP (74622µs)
09-07 22:36:24.324  9662  9783 I WiVRn   : [2026-09-07 22:36:24.324] [WiVRn] [info] 	t+8225µs HEAD (80658µs)
09-07 22:36:24.324  9662  9783 I WiVRn   : [2026-09-07 22:36:24.324] [WiVRn] [info] 	t+8254µs LEFT_GRIP (80630µs)
09-07 22:36:24.324  9662  9783 I WiVRn   : [2026-09-07 22:36:24.324] [WiVRn] [info] 	t+8261µs RIGHT_GRIP (80622µs)
09-07 22:36:25.061  9662  9591 I WiVRn   : [2026-09-07 22:36:25.061] [WiVRn] [info] render: 177 iterations in 2.0 s (88.0/s), 176 submitted a layer, 164 new-source, 0 skipped by the repeat gate, 1 with nothing to show; display period 11.4 ms
09-07 22:36:25.061  9662  9591 I WiVRn   : [2026-09-07 22:36:25.061] [WiVRn] [info] render: selected source transitions forward 164 backward 0 repeat 12, greatest forward gap 236
09-07 22:36:25.061  9662  9591 I WiVRn   : [2026-09-07 22:36:25.061] [WiVRn] [info] render: this app's own GPU pass 2.0 ms per iteration
09-07 22:36:25.061  9662  9591 I WiVRn   : [2026-09-07 22:36:25.061] [WiVRn] [info] render: defoveate 1088x1088 per eye x2 = 2.37 Mpx/frame at scale 0.50 atlas-prototype 0; 12 re-presented from the cache (reduce_gpu_load on)
09-07 22:36:25.061  9662  9591 I WiVRn   : [2026-09-07 22:36:25.061] [WiVRn] [info] render: shader path sharpness 0.00 fsr false alpha false motion false blend false glow 0.28 vignette 0.00 deband 1.00 lowpoly 0.00 levels 0 full-kernel false
09-07 22:36:25.061  9662  9591 I WiVRn   : [2026-09-07 22:36:25.061] [WiVRn] [info] render: per iteration fence 0.2 (worst 14.3) | queries 0.0 | submit 0.0 | whole render() 0.7 ms
09-07 22:36:25.061  9662  9591 I WiVRn   : [2026-09-07 22:36:25.061] [WiVRn] [info] render: jit on | wake slack 37.3 ms | slept 1.3 ms mean (max 21.8, 176 of 177 iterations) | budget 21.5 = pass 20.5 + margin 1.0 | sleep cap 0.5 ms
09-07 22:36:25.061  9662  9591 I WiVRn   : [2026-09-07 22:36:25.061] [WiVRn] [info] render: source display-time offset -9.2 ms mean (worst 66.8) over 176 frames | submit lead 35.4 ms mean (worst 19.5) | misses: 0 overrun 0 late 4 skipped refresh
09-07 22:36:25.313  9662  9783 I WiVRn   : [2026-09-07 22:36:25.313] [WiVRn] [info] Tracking pattern (11111µs):
09-07 22:36:25.313  9662  9783 I WiVRn   : [2026-09-07 22:36:25.313] [WiVRn] [info] 	t+842µs HEAD (76938µs)
09-07 22:36:25.313  9662  9783 I WiVRn   : [2026-09-07 22:36:25.313] [WiVRn] [info] 	t+916µs LEFT_GRIP (76864µs)
09-07 22:36:25.313  9662  9783 I WiVRn   : [2026-09-07 22:36:25.313] [WiVRn] [info] 	t+932µs RIGHT_GRIP (76848µs)
09-07 22:36:25.313  9662  9783 I WiVRn   : [2026-09-07 22:36:25.313] [WiVRn] [info] 	t+3842µs HEAD (73938µs)
09-07 22:36:25.313  9662  9783 I WiVRn   : [2026-09-07 22:36:25.313] [WiVRn] [info] 	t+3916µs LEFT_GRIP (73864µs)
09-07 22:36:25.313  9662  9783 I WiVRn   : [2026-09-07 22:36:25.313] [WiVRn] [info] 	t+3932µs RIGHT_GRIP (73848µs)
09-07 22:36:25.313  9662  9783 I WiVRn   : [2026-09-07 22:36:25.313] [WiVRn] [info] 	t+5954µs HEAD (82938µs)
09-07 22:36:25.313  9662  9783 I WiVRn   : [2026-09-07 22:36:25.313] [WiVRn] [info] 	t+6028µs LEFT_GRIP (82864µs)
09-07 22:36:25.313  9662  9783 I WiVRn   : [2026-09-07 22:36:25.313] [WiVRn] [info] 	t+6044µs RIGHT_GRIP (82848µs)
09-07 22:36:25.313  9662  9783 I WiVRn   : [2026-09-07 22:36:25.313] [WiVRn] [info] 	t+8954µs HEAD (79938µs)
09-07 22:36:25.313  9662  9783 I WiVRn   : [2026-09-07 22:36:25.313] [WiVRn] [info] 	t+9028µs LEFT_GRIP (79864µs)
09-07 22:36:25.313  9662  9783 I WiVRn   : [2026-09-07 22:36:25.313] [WiVRn] [info] 	t+9044µs RIGHT_GRIP (79848µs)
09-07 22:36:25.358  9662  9778 I WiVRn   : [2026-09-07 22:36:25.358] [WiVRn] [info] nxwarp[0] net: 179 frames closed in 2.0 s, 0 with a hole, 0 out-of-order datagrams, 0 frames completed late, 0 queued for the worker, 587 decoded so far, 735 stragglers dropped; last hole 0/0 chunks, first missing -1, short false, chunk 1166 B
09-07 22:36:25.358  9662  9778 I WiVRn   : [2026-09-07 22:36:25.358] [WiVRn] [info] nxwarp[0] net: 0.052 ms per datagram over 947 datagrams (24.63 ms of every second)
09-07 22:36:25.358  9662  9778 I WiVRn   : [2026-09-07 22:36:25.358] [WiVRn] [info] nxwarp[0] sel: stride 1, arrival 11.1 ms, dropped-late 147, withheld 38, decoded 587
09-07 22:36:25.358  9662  9778 I WiVRn   : [2026-09-07 22:36:25.358] [WiVRn] [info] nxwarp[0] rx: 16164 datagrams, placed 116049 (+760), late 405 (+0), stale_frame 0, bad_range 0, bad_dir 0, bad_caps 0, bad_ver 0, auth_fail 0, replay 0, frozen 0, dup 0
09-07 22:36:26.287  9662  9781 I WiVRn   : [2026-09-07 22:36:26.287] [WiVRn] [info] nxwarp[0]: 179 frames in 2.0 s: 1090 B/frame, wait-prev 0.0 ms, wall 2.2 ms, nxvc passA 0.3 passB 1.2 gpu 1.5 ms; holes 0, refused 0
09-07 22:36:26.287  9662  9781 I WiVRn   : [2026-09-07 22:36:26.287] [WiVRn] [info] nxwarp[0] gpu duty 132 ms/s (13% of one GPU) for decode alone; the display pass is extra
09-07 22:36:26.287  9662  9781 I WiVRn   : [2026-09-07 22:36:26.287] [WiVRn] [info] nxwarp[0] passB 1.2 ms = warp 0.0 + skip 0.0 + coded 0.1 + dir 0.0 + other 1.0; tiles skip 0 / coded 5 / dir 0 (eye pass 0)
09-07 22:36:26.287  9662  9781 I WiVRn   : [2026-09-07 22:36:26.287] [WiVRn] [info] nxwarp[0]: 147 frames dropped late (queue kept to 1)
09-07 22:36:26.287  9662  9781 I WiVRn   : [2026-09-07 22:36:26.287] [WiVRn] [info] nxwarp[0] stage: gap 9.0 | wait-prev 0.0 | submit 0.3 (qlock 0.0 + codec 0.3) | get_free 0.0 | fence-pre 0.0 | record 0.0 | qsubmit 0.0 | fence-post 1.9 | publish 0.0 ms; withheld 0, stride 1, arrival 11.1 ms
09-07 22:36:26.287  9662  9781 I WiVRn   : [2026-09-07 22:36:26.287] [WiVRn] [info] nxwarp[0] reassembly (network thread): 0.00 ms/frame over 179 frames, buffer 1 kB held for 1 kB of unit (1.0x)
09-07 22:36:26.287  9662  9781 I WiVRn   : [2026-09-07 22:36:26.287] [WiVRn] [info] nxwarp[0] fence-post 1.9 ms = nxvc gpu 1.5 + copy gpu 0.01 + queue 0.4 (over 179 frames with timestamps)
09-07 22:36:26.287  9662  9781 I WiVRn   : [2026-09-07 22:36:26.287] [WiVRn] [info] nxwarp[0] atlas: frames 179, atlas 179, picture 0, avg dispatches 7.0, avg assembled 0.0, avg valid 578.0, direct targets 179
09-07 22:36:26.313  9662  9783 I WiVRn   : [2026-09-07 22:36:26.313] [WiVRn] [info] Tracking pattern (11112µs):
09-07 22:36:26.313  9662  9783 I WiVRn   : [2026-09-07 22:36:26.313] [WiVRn] [info] 	t+827µs HEAD (76957µs)
09-07 22:36:26.313  9662  9783 I WiVRn   : [2026-09-07 22:36:26.313] [WiVRn] [info] 	t+888µs LEFT_GRIP (76896µs)
09-07 22:36:26.313  9662  9783 I WiVRn   : [2026-09-07 22:36:26.313] [WiVRn] [info] 	t+899µs RIGHT_GRIP (76886µs)
09-07 22:36:26.313  9662  9783 I WiVRn   : [2026-09-07 22:36:26.313] [WiVRn] [info] 	t+3827µs HEAD (73957µs)
09-07 22:36:26.313  9662  9783 I WiVRn   : [2026-09-07 22:36:26.313] [WiVRn] [info] 	t+3888µs LEFT_GRIP (73896µs)
09-07 22:36:26.313  9662  9783 I WiVRn   : [2026-09-07 22:36:26.313] [WiVRn] [info] 	t+3899µs RIGHT_GRIP (73886µs)
09-07 22:36:26.313  9662  9783 I WiVRn   : [2026-09-07 22:36:26.313] [WiVRn] [info] 	t+5940µs HEAD (82957µs)
09-07 22:36:26.313  9662  9783 I WiVRn   : [2026-09-07 22:36:26.313] [WiVRn] [info] 	t+6000µs LEFT_GRIP (82896µs)
09-07 22:36:26.313  9662  9783 I WiVRn   : [2026-09-07 22:36:26.313] [WiVRn] [info] 	t+6011µs RIGHT_GRIP (82886µs)
09-07 22:36:26.313  9662  9783 I WiVRn   : [2026-09-07 22:36:26.313] [WiVRn] [info] 	t+6827µs HEAD (70957µs)
09-07 22:36:26.313  9662  9783 I WiVRn   : [2026-09-07 22:36:26.313] [WiVRn] [info] 	t+6888µs LEFT_GRIP (70896µs)
09-07 22:36:26.313  9662  9783 I WiVRn   : [2026-09-07 22:36:26.313] [WiVRn] [info] 	t+6899µs RIGHT_GRIP (70886µs)
09-07 22:36:26.313  9662  9783 I WiVRn   : [2026-09-07 22:36:26.313] [WiVRn] [info] 	t+8940µs HEAD (79957µs)
09-07 22:36:26.313  9662  9783 I WiVRn   : [2026-09-07 22:36:26.313] [WiVRn] [info] 	t+9000µs LEFT_GRIP (79896µs)
09-07 22:36:26.313  9662  9783 I WiVRn   : [2026-09-07 22:36:26.313] [WiVRn] [info] 	t+9011µs RIGHT_GRIP (79886µs)
09-07 22:36:27.061  9662  9591 I WiVRn   : [2026-09-07 22:36:27.061] [WiVRn] [info] render: 179 iterations in 2.0 s (89.5/s), 179 submitted a layer, 172 new-source, 0 skipped by the repeat gate, 0 with nothing to show; display period 11.2 ms
09-07 22:36:27.061  9662  9591 I WiVRn   : [2026-09-07 22:36:27.061] [WiVRn] [info] render: selected source transitions forward 172 backward 0 repeat 7, greatest forward gap 2
09-07 22:36:27.061  9662  9591 I WiVRn   : [2026-09-07 22:36:27.061] [WiVRn] [info] render: this app's own GPU pass 2.4 ms per iteration
09-07 22:36:27.061  9662  9591 I WiVRn   : [2026-09-07 22:36:27.061] [WiVRn] [info] render: defoveate 1088x1088 per eye x2 = 2.37 Mpx/frame at scale 0.50 atlas-prototype 0; 7 re-presented from the cache (reduce_gpu_load on)
09-07 22:36:27.061  9662  9591 I WiVRn   : [2026-09-07 22:36:27.061] [WiVRn] [info] render: shader path sharpness 0.00 fsr false alpha false motion false blend false glow 0.28 vignette 0.00 deband 1.00 lowpoly 0.00 levels 0 full-kernel false
09-07 22:36:27.061  9662  9591 I WiVRn   : [2026-09-07 22:36:27.061] [WiVRn] [info] render: per iteration fence 0.0 (worst 1.3) | queries 0.0 | submit 0.0 | whole render() 0.4 ms
09-07 22:36:27.062  9662  9591 I WiVRn   : [2026-09-07 22:36:27.062] [WiVRn] [info] render: jit on | wake slack 30.8 ms | slept 1.0 ms mean (max 11.6, 179 of 179 iterations) | budget 19.7 = pass 18.7 + margin 1.0 | sleep cap 0.5 ms
09-07 22:36:27.062  9662  9591 I WiVRn   : [2026-09-07 22:36:27.062] [WiVRn] [info] render: source display-time offset -10.4 ms mean (worst 0.0) over 179 frames | submit lead 29.3 ms mean (worst 20.1) | misses: 0 overrun 0 late 1 skipped refresh
09-07 22:36:27.313  9662  9783 I WiVRn   : [2026-09-07 22:36:27.313] [WiVRn] [info] Tracking pattern (11111µs):
09-07 22:36:27.313  9662  9783 I WiVRn   : [2026-09-07 22:36:27.313] [WiVRn] [info] 	t+1964µs HEAD (75815µs)
09-07 22:36:27.313  9662  9783 I WiVRn   : [2026-09-07 22:36:27.313] [WiVRn] [info] 	t+2006µs LEFT_GRIP (75772µs)
09-07 22:36:27.313  9662  9783 I WiVRn   : [2026-09-07 22:36:27.313] [WiVRn] [info] 	t+2016µs RIGHT_GRIP (75763µs)
09-07 22:36:27.313  9662  9783 I WiVRn   : [2026-09-07 22:36:27.313] [WiVRn] [info] 	t+7075µs HEAD (81815µs)
09-07 22:36:27.313  9662  9783 I WiVRn   : [2026-09-07 22:36:27.313] [WiVRn] [info] 	t+7118µs LEFT_GRIP (81772µs)
09-07 22:36:27.313  9662  9783 I WiVRn   : [2026-09-07 22:36:27.313] [WiVRn] [info] 	t+7127µs RIGHT_GRIP (81763µs)
09-07 22:36:27.313  9662  9783 I WiVRn   : [2026-09-07 22:36:27.313] [WiVRn] [info] 	t+10075µs HEAD (78815µs)
09-07 22:36:27.313  9662  9783 I WiVRn   : [2026-09-07 22:36:27.313] [WiVRn] [info] 	t+10118µs LEFT_GRIP (78772µs)
09-07 22:36:27.313  9662  9783 I WiVRn   : [2026-09-07 22:36:27.313] [WiVRn] [info] 	t+10127µs RIGHT_GRIP (78763µs)
09-07 22:36:27.366  9662  9778 I WiVRn   : [2026-09-07 22:36:27.366] [WiVRn] [info] nxwarp[0] net: 180 frames closed in 2.0 s, 0 with a hole, 0 out-of-order datagrams, 0 frames completed late, 0 queued for the worker, 767 decoded so far, 915 stragglers dropped; last hole 0/0 chunks, first missing -1, short false, chunk 1166 B
09-07 22:36:27.366  9662  9778 I WiVRn   : [2026-09-07 22:36:27.366] [WiVRn] [info] nxwarp[0] net: 0.048 ms per datagram over 1057 datagrams (25.47 ms of every second)
09-07 22:36:27.366  9662  9778 I WiVRn   : [2026-09-07 22:36:27.366] [WiVRn] [info] nxwarp[0] sel: stride 1, arrival 11.0 ms, dropped-late 147, withheld 38, decoded 767
09-07 22:36:27.366  9662  9778 I WiVRn   : [2026-09-07 22:36:27.366] [WiVRn] [info] nxwarp[0] rx: 17221 datagrams, placed 116902 (+853), late 405 (+0), stale_frame 0, bad_range 0, bad_dir 0, bad_caps 0, bad_ver 0, auth_fail 0, replay 0, frozen 0, dup 0
09-07 22:36:28.293  9662  9781 I WiVRn   : [2026-09-07 22:36:28.293] [WiVRn] [info] nxwarp[0]: 180 frames in 2.0 s: 993 B/frame, wait-prev 0.0 ms, wall 2.4 ms, nxvc passA 0.3 passB 1.1 gpu 1.4 ms; holes 0, refused 0
09-07 22:36:28.293  9662  9781 I WiVRn   : [2026-09-07 22:36:28.293] [WiVRn] [info] nxwarp[0] gpu duty 122 ms/s (12% of one GPU) for decode alone; the display pass is extra
09-07 22:36:28.293  9662  9781 I WiVRn   : [2026-09-07 22:36:28.293] [WiVRn] [info] nxwarp[0] passB 1.1 ms = warp 0.0 + skip 0.0 + coded 0.1 + dir 0.0 + other 1.0; tiles skip 0 / coded 4 / dir 0 (eye pass 0)
09-07 22:36:28.293  9662  9781 I WiVRn   : [2026-09-07 22:36:28.293] [WiVRn] [info] nxwarp[0]: 147 frames dropped late (queue kept to 1)
09-07 22:36:28.293  9662  9781 I WiVRn   : [2026-09-07 22:36:28.293] [WiVRn] [info] nxwarp[0] stage: gap 8.8 | wait-prev 0.0 | submit 0.3 (qlock 0.0 + codec 0.3) | get_free 0.0 | fence-pre 0.0 | record 0.0 | qsubmit 0.0 | fence-post 2.0 | publish 0.0 ms; withheld 0, stride 1, arrival 11.2 ms
09-07 22:36:28.293  9662  9781 I WiVRn   : [2026-09-07 22:36:28.293] [WiVRn] [info] nxwarp[0] reassembly (network thread): 0.00 ms/frame over 180 frames, buffer 1 kB held for 1 kB of unit (1.0x)
09-07 22:36:28.293  9662  9781 I WiVRn   : [2026-09-07 22:36:28.293] [WiVRn] [info] nxwarp[0] fence-post 2.0 ms = nxvc gpu 1.4 + copy gpu 0.01 + queue 0.6 (over 180 frames with timestamps)
09-07 22:36:28.293  9662  9781 I WiVRn   : [2026-09-07 22:36:28.293] [WiVRn] [info] nxwarp[0] atlas: frames 180, atlas 180, picture 0, avg dispatches 7.0, avg assembled 0.0, avg valid 578.0, direct targets 180
09-07 22:36:28.313  9662  9783 I WiVRn   : [2026-09-07 22:36:28.313] [WiVRn] [info] Tracking pattern (11111µs):
09-07 22:36:28.313  9662  9783 I WiVRn   : [2026-09-07 22:36:28.313] [WiVRn] [info] 	t+2702µs HEAD (75078µs)
09-07 22:36:28.313  9662  9783 I WiVRn   : [2026-09-07 22:36:28.313] [WiVRn] [info] 	t+2844µs LEFT_GRIP (74936µs)
09-07 22:36:28.313  9662  9783 I WiVRn   : [2026-09-07 22:36:28.313] [WiVRn] [info] 	t+2853µs RIGHT_GRIP (74928µs)
09-07 22:36:28.313  9662  9783 I WiVRn   : [2026-09-07 22:36:28.313] [WiVRn] [info] 	t+10814µs HEAD (78078µs)
09-07 22:36:28.313  9662  9783 I WiVRn   : [2026-09-07 22:36:28.313] [WiVRn] [info] 	t+10956µs LEFT_GRIP (77936µs)
09-07 22:36:28.313  9662  9783 I WiVRn   : [2026-09-07 22:36:28.313] [WiVRn] [info] 	t+10964µs RIGHT_GRIP (77928µs)
09-07 22:36:29.062  9662  9591 I WiVRn   : [2026-09-07 22:36:29.062] [WiVRn] [info] render: 179 iterations in 2.0 s (89.5/s), 179 submitted a layer, 179 new-source, 0 skipped by the repeat gate, 0 with nothing to show; display period 11.1 ms
09-07 22:36:29.062  9662  9591 I WiVRn   : [2026-09-07 22:36:29.062] [WiVRn] [info] render: selected source transitions forward 179 backward 0 repeat 0, greatest forward gap 2
09-07 22:36:29.062  9662  9591 I WiVRn   : [2026-09-07 22:36:29.062] [WiVRn] [info] render: this app's own GPU pass 2.8 ms per iteration
09-07 22:36:29.062  9662  9591 I WiVRn   : [2026-09-07 22:36:29.062] [WiVRn] [info] render: defoveate 1088x1088 per eye x2 = 2.37 Mpx/frame at scale 0.50 atlas-prototype 0; 0 re-presented from the cache (reduce_gpu_load on)
09-07 22:36:29.062  9662  9591 I WiVRn   : [2026-09-07 22:36:29.062] [WiVRn] [info] render: shader path sharpness 0.00 fsr false alpha false motion false blend false glow 0.28 vignette 0.00 deband 1.00 lowpoly 0.00 levels 0 full-kernel false
09-07 22:36:29.062  9662  9591 I WiVRn   : [2026-09-07 22:36:29.062] [WiVRn] [info] render: per iteration fence 0.0 (worst 0.1) | queries 0.0 | submit 0.0 | whole render() 0.4 ms
09-07 22:36:29.062  9662  9591 I WiVRn   : [2026-09-07 22:36:29.062] [WiVRn] [info] render: jit on | wake slack 30.0 ms | slept 0.6 ms mean (max 11.6, 179 of 179 iterations) | budget 17.9 = pass 16.9 + margin 1.0 | sleep cap 11.6 ms
09-07 22:36:29.062  9662  9591 I WiVRn   : [2026-09-07 22:36:29.062] [WiVRn] [info] render: source display-time offset -11.3 ms mean (worst 0.0) over 179 frames | submit lead 28.9 ms mean (worst 17.4) | misses: 0 overrun 0 late 0 skipped refresh
09-07 22:36:29.313  9662  9783 I WiVRn   : [2026-09-07 22:36:29.313] [WiVRn] [info] Tracking pattern (11111µs):
09-07 22:36:29.313  9662  9783 I WiVRn   : [2026-09-07 22:36:29.313] [WiVRn] [info] 	t+2853µs HEAD (74929µs)
09-07 22:36:29.313  9662  9783 I WiVRn   : [2026-09-07 22:36:29.313] [WiVRn] [info] 	t+2913µs LEFT_GRIP (74868µs)
09-07 22:36:29.313  9662  9783 I WiVRn   : [2026-09-07 22:36:29.313] [WiVRn] [info] 	t+2923µs RIGHT_GRIP (74859µs)
09-07 22:36:29.313  9662  9783 I WiVRn   : [2026-09-07 22:36:29.313] [WiVRn] [info] 	t+7965µs HEAD (80929µs)
09-07 22:36:29.313  9662  9783 I WiVRn   : [2026-09-07 22:36:29.313] [WiVRn] [info] 	t+8025µs LEFT_GRIP (80868µs)
09-07 22:36:29.313  9662  9783 I WiVRn   : [2026-09-07 22:36:29.313] [WiVRn] [info] 	t+8035µs RIGHT_GRIP (80859µs)
09-07 22:36:29.313  9662  9783 I WiVRn   : [2026-09-07 22:36:29.313] [WiVRn] [info] 	t+10965µs HEAD (77929µs)
09-07 22:36:29.313  9662  9783 I WiVRn   : [2026-09-07 22:36:29.313] [WiVRn] [info] 	t+11025µs LEFT_GRIP (77868µs)
09-07 22:36:29.313  9662  9783 I WiVRn   : [2026-09-07 22:36:29.313] [WiVRn] [info] 	t+11035µs RIGHT_GRIP (77859µs)
09-07 22:36:29.372  9662  9778 I WiVRn   : [2026-09-07 22:36:29.372] [WiVRn] [info] nxwarp[0] net: 181 frames closed in 2.0 s, 0 with a hole, 0 out-of-order datagrams, 0 frames completed late, 0 queued for the worker, 948 decoded so far, 1096 stragglers dropped; last hole 0/0 chunks, first missing -1, short false, chunk 1166 B
09-07 22:36:29.373  9662  9778 I WiVRn   : [2026-09-07 22:36:29.373] [WiVRn] [info] nxwarp[0] net: 0.051 ms per datagram over 953 datagrams (24.07 ms of every second)
09-07 22:36:29.373  9662  9778 I WiVRn   : [2026-09-07 22:36:29.373] [WiVRn] [info] nxwarp[0] sel: stride 1, arrival 11.3 ms, dropped-late 147, withheld 38, decoded 948
09-07 22:36:29.373  9662  9778 I WiVRn   : [2026-09-07 22:36:29.373] [WiVRn] [info] nxwarp[0] rx: 18174 datagrams, placed 117666 (+764), late 405 (+0), stale_frame 0, bad_range 0, bad_dir 0, bad_caps 0, bad_ver 0, auth_fail 0, replay 0, frozen 0, dup 0
09-07 22:36:30.302  9662  9781 I WiVRn   : [2026-09-07 22:36:30.302] [WiVRn] [info] nxwarp[0]: 181 frames in 2.0 s: 1008 B/frame, wait-prev 0.0 ms, wall 2.3 ms, nxvc passA 0.3 passB 1.0 gpu 1.3 ms; holes 0, refused 0
09-07 22:36:30.302  9662  9781 I WiVRn   : [2026-09-07 22:36:30.302] [WiVRn] [info] nxwarp[0] gpu duty 118 ms/s (12% of one GPU) for decode alone; the display pass is extra
09-07 22:36:30.302  9662  9781 I WiVRn   : [2026-09-07 22:36:30.302] [WiVRn] [info] nxwarp[0] passB 1.0 ms = warp 0.0 + skip 0.0 + coded 0.1 + dir 0.0 + other 0.9; tiles skip 0 / coded 4 / dir 0 (eye pass 0)
09-07 22:36:30.302  9662  9781 I WiVRn   : [2026-09-07 22:36:30.302] [WiVRn] [info] nxwarp[0]: 147 frames dropped late (queue kept to 1)
09-07 22:36:30.302  9662  9781 I WiVRn   : [2026-09-07 22:36:30.302] [WiVRn] [info] nxwarp[0] stage: gap 8.8 | wait-prev 0.0 | submit 0.3 (qlock 0.0 + codec 0.3) | get_free 0.0 | fence-pre 0.0 | record 0.0 | qsubmit 0.0 | fence-post 2.0 | publish 0.0 ms; withheld 0, stride 1, arrival 11.0 ms
09-07 22:36:30.302  9662  9781 I WiVRn   : [2026-09-07 22:36:30.302] [WiVRn] [info] nxwarp[0] reassembly (network thread): 0.00 ms/frame over 181 frames, buffer 1 kB held for 1 kB of unit (1.0x)
09-07 22:36:30.302  9662  9781 I WiVRn   : [2026-09-07 22:36:30.302] [WiVRn] [info] nxwarp[0] fence-post 2.0 ms = nxvc gpu 1.3 + copy gpu 0.01 + queue 0.6 (over 181 frames with timestamps)
09-07 22:36:30.302  9662  9781 I WiVRn   : [2026-09-07 22:36:30.302] [WiVRn] [info] nxwarp[0] atlas: frames 181, atlas 181, picture 0, avg dispatches 7.0, avg assembled 0.0, avg valid 578.0, direct targets 181
09-07 22:36:30.313  9662  9783 I WiVRn   : [2026-09-07 22:36:30.313] [WiVRn] [info] Tracking pattern (11111µs):
09-07 22:36:30.313  9662  9783 I WiVRn   : [2026-09-07 22:36:30.313] [WiVRn] [info] 	t+2737µs HEAD (75043µs)
09-07 22:36:30.313  9662  9783 I WiVRn   : [2026-09-07 22:36:30.313] [WiVRn] [info] 	t+2783µs LEFT_GRIP (74997µs)
09-07 22:36:30.313  9662  9783 I WiVRn   : [2026-09-07 22:36:30.313] [WiVRn] [info] 	t+2795µs RIGHT_GRIP (74985µs)
09-07 22:36:30.313  9662  9783 I WiVRn   : [2026-09-07 22:36:30.313] [WiVRn] [info] 	t+7849µs HEAD (81043µs)
09-07 22:36:30.313  9662  9783 I WiVRn   : [2026-09-07 22:36:30.313] [WiVRn] [info] 	t+7895µs LEFT_GRIP (80997µs)
09-07 22:36:30.313  9662  9783 I WiVRn   : [2026-09-07 22:36:30.313] [WiVRn] [info] 	t+7907µs RIGHT_GRIP (80985µs)
09-07 22:36:30.313  9662  9783 I WiVRn   : [2026-09-07 22:36:30.313] [WiVRn] [info] 	t+10849µs HEAD (78043µs)
09-07 22:36:30.313  9662  9783 I WiVRn   : [2026-09-07 22:36:30.313] [WiVRn] [info] 	t+10895µs LEFT_GRIP (77997µs)
09-07 22:36:30.313  9662  9783 I WiVRn   : [2026-09-07 22:36:30.313] [WiVRn] [info] 	t+10907µs RIGHT_GRIP (77985µs)
09-07 22:36:31.062  9662  9591 I WiVRn   : [2026-09-07 22:36:31.062] [WiVRn] [info] render: 180 iterations in 2.0 s (90.0/s), 180 submitted a layer, 179 new-source, 0 skipped by the repeat gate, 0 with nothing to show; display period 11.2 ms
09-07 22:36:31.062  9662  9591 I WiVRn   : [2026-09-07 22:36:31.062] [WiVRn] [info] render: selected source transitions forward 179 backward 0 repeat 1, greatest forward gap 2
09-07 22:36:31.062  9662  9591 I WiVRn   : [2026-09-07 22:36:31.062] [WiVRn] [info] render: this app's own GPU pass 2.7 ms per iteration
09-07 22:36:31.062  9662  9591 I WiVRn   : [2026-09-07 22:36:31.062] [WiVRn] [info] render: defoveate 1088x1088 per eye x2 = 2.37 Mpx/frame at scale 0.50 atlas-prototype 0; 1 re-presented from the cache (reduce_gpu_load on)
09-07 22:36:31.062  9662  9591 I WiVRn   : [2026-09-07 22:36:31.062] [WiVRn] [info] render: shader path sharpness 0.00 fsr false alpha false motion false blend false glow 0.28 vignette 0.00 deband 1.00 lowpoly 0.00 levels 0 full-kernel false
09-07 22:36:31.062  9662  9591 I WiVRn   : [2026-09-07 22:36:31.062] [WiVRn] [info] render: per iteration fence 0.0 (worst 1.9) | queries 0.0 | submit 0.0 | whole render() 0.4 ms
09-07 22:36:31.062  9662  9591 I WiVRn   : [2026-09-07 22:36:31.062] [WiVRn] [info] render: jit on | wake slack 30.0 ms | slept 0.7 ms mean (max 11.6, 180 of 180 iterations) | budget 16.1 = pass 15.1 + margin 1.0 | sleep cap 0.5 ms
09-07 22:36:31.062  9662  9591 I WiVRn   : [2026-09-07 22:36:31.062] [WiVRn] [info] render: source display-time offset -10.9 ms mean (worst 0.0) over 180 frames | submit lead 28.9 ms mean (worst 17.4) | misses: 0 overrun 0 late 1 skipped refresh
09-07 22:36:31.313  9662  9783 I WiVRn   : [2026-09-07 22:36:31.313] [WiVRn] [info] Tracking pattern (11111µs):
09-07 22:36:31.313  9662  9783 I WiVRn   : [2026-09-07 22:36:31.313] [WiVRn] [info] 	t+2650µs HEAD (75133µs)
09-07 22:36:31.313  9662  9783 I WiVRn   : [2026-09-07 22:36:31.313] [WiVRn] [info] 	t+2684µs LEFT_GRIP (75098µs)
09-07 22:36:31.313  9662  9783 I WiVRn   : [2026-09-07 22:36:31.313] [WiVRn] [info] 	t+2696µs RIGHT_GRIP (75087µs)
09-07 22:36:31.313  9662  9783 I WiVRn   : [2026-09-07 22:36:31.313] [WiVRn] [info] 	t+7762µs HEAD (81133µs)
09-07 22:36:31.313  9662  9783 I WiVRn   : [2026-09-07 22:36:31.313] [WiVRn] [info] 	t+7796µs LEFT_GRIP (81098µs)
09-07 22:36:31.313  9662  9783 I WiVRn   : [2026-09-07 22:36:31.313] [WiVRn] [info] 	t+7808µs RIGHT_GRIP (81087µs)
09-07 22:36:31.313  9662  9783 I WiVRn   : [2026-09-07 22:36:31.313] [WiVRn] [info] 	t+10762µs HEAD (78133µs)
09-07 22:36:31.313  9662  9783 I WiVRn   : [2026-09-07 22:36:31.313] [WiVRn] [info] 	t+10796µs LEFT_GRIP (78098µs)
09-07 22:36:31.313  9662  9783 I WiVRn   : [2026-09-07 22:36:31.313] [WiVRn] [info] 	t+10808µs RIGHT_GRIP (78087µs)
09-07 22:36:31.376  9662  9778 I WiVRn   : [2026-09-07 22:36:31.376] [WiVRn] [info] nxwarp[0] net: 180 frames closed in 2.0 s, 0 with a hole, 0 out-of-order datagrams, 0 frames completed late, 0 queued for the worker, 1128 decoded so far, 1276 stragglers dropped; last hole 0/0 chunks, first missing -1, short false, chunk 1166 B
09-07 22:36:31.376  9662  9778 I WiVRn   : [2026-09-07 22:36:31.376] [WiVRn] [info] nxwarp[0] net: 0.052 ms per datagram over 901 datagrams (23.52 ms of every second)
09-07 22:36:31.376  9662  9778 I WiVRn   : [2026-09-07 22:36:31.376] [WiVRn] [info] nxwarp[0] sel: stride 1, arrival 11.3 ms, dropped-late 147, withheld 38, decoded 1128
09-07 22:36:31.376  9662  9778 I WiVRn   : [2026-09-07 22:36:31.376] [WiVRn] [info] nxwarp[0] rx: 19075 datagrams, placed 118383 (+717), late 405 (+0), stale_frame 0, bad_range 0, bad_dir 0, bad_caps 0, bad_ver 0, auth_fail 0, replay 0, frozen 0, dup 0
