LOG in xrCreateInstance: Instance created
	createInfo->applicationInfo.applicationName: HelloXR
	createInfo->applicationInfo.applicationVersion: 0
	createInfo->applicationInfo.engineName: 
	createInfo->applicationInfo.engineVersion: 0
	createInfo->applicationInfo.apiVersion: 1.0.63
	appinfo.detected.engine.name: (null)
	appinfo.detected.engine.version: 0.0.0
	quirks.disable_vulkan_format_depth: false
	quirks.disable_vulkan_format_depth_stencil: false
	quirks.disable_quad_views: false
	quirks.no_validation_error_in_create_ref_space: true
	quirks.skip_end_session: false
	quirks.parallel_views: false
	quirks.no_texture_source_alpha: false
	quirks.ignore_invalid_swapchain_usage_bits: false

LOG in xrGetSystem: Selected devices
	Head: 'WiVRn HMD'
	Eyes: '<none>'
	Left: 'WiVRn left hand interaction'
	Right: 'WiVRn right hand interaction'
	Gamepad: 'WiVRn Gamepad'
	Hand-Tracking Left (unobstructed): 'WiVRn left controller'
	Hand-Tracking Right (unobstructed): 'WiVRn right controller'
	Hand-Tracking Left (conforming): '<none>'
	Hand-Tracking Right (conforming): '<none>'
[21:59:11.825][Info   ] Press any key to shutdown...
[21:59:11.826][Info   ] Available Layers: (3)
[21:59:11.826][Info   ] Depth submission supported (XR_KHR_composition_layer_depth)
[21:59:11.850][Info   ] Instance RuntimeName=WiVRn 'nx-atlas-live-920ac878-dirty' RuntimeVersion=0.0.0
[21:59:11.850][Info   ] Available View Configuration Types: (1)
[21:59:11.850][Info   ]   Available Environment Blend Mode count : (2)
[21:59:11.850][Info   ]     Environment Blend Mode (XR_ENVIRONMENT_BLEND_MODE_OPAQUE) : (Selected)
[21:59:11.850][Info   ]     Environment Blend Mode (XR_ENVIRONMENT_BLEND_MODE_ALPHA_BLEND) : 
[21:59:11.858][Info   ] INFO: (INSTANCE 0x55fed1016990) vkCreateInstance: applicationName: "hello_xr", applicationVersion: 1, engineName: "hello_xr", engineVersion: 1, apiVersion: 1.0.0
[21:59:11.858][Info   ] INFO: (INSTANCE 0x55fed1016990) vkCreateInstance: Requested 1 instance layer(s):
[21:59:11.858][Info   ] INFO: (INSTANCE 0x55fed1016990)    VK_LAYER_KHRONOS_validation
[21:59:11.858][Info   ] INFO: (INSTANCE 0x55fed1016990) vkCreateInstance: Requested 5 instance extension(s):
[21:59:11.858][Info   ] INFO: (INSTANCE 0x55fed1016990)    VK_KHR_external_fence_capabilities
[21:59:11.858][Info   ] INFO: (INSTANCE 0x55fed1016990)    VK_KHR_external_memory_capabilities
[21:59:11.858][Info   ] INFO: (INSTANCE 0x55fed1016990)    VK_KHR_external_semaphore_capabilities
[21:59:11.858][Info   ] INFO: (INSTANCE 0x55fed1016990)    VK_KHR_get_physical_device_properties2
[21:59:11.858][Info   ] INFO: (INSTANCE 0x55fed1016990)    VK_EXT_debug_utils
[21:59:11.858][Info   ] INFO: (INSTANCE 0x55fed1016990) No valid vk_loader_settings.json file found, no loader settings will be active
[21:59:11.858][Info   ] INFO: (INSTANCE 0x55fed1016990) Searching for implicit layer manifest files
[21:59:11.858][Info   ] INFO: (INSTANCE 0x55fed1016990)    In following locations:
[21:59:11.858][Info   ] INFO: (INSTANCE 0x55fed1016990)       /home/nerdrx/.config/vulkan/implicit_layer.d
[21:59:11.858][Info   ] INFO: (INSTANCE 0x55fed1016990)       /home/nerdrx/.config/kdedefaults/vulkan/implicit_layer.d
[21:59:11.858][Info   ] INFO: (INSTANCE 0x55fed1016990)       /etc/xdg/vulkan/implicit_layer.d
[21:59:11.858][Info   ] INFO: (INSTANCE 0x55fed1016990)       /etc/vulkan/implicit_layer.d
[21:59:11.858][Info   ] INFO: (INSTANCE 0x55fed1016990)       /home/nerdrx/.local/share/vulkan/implicit_layer.d
[21:59:11.858][Info   ] INFO: (INSTANCE 0x55fed1016990)       /usr/local/share/vulkan/implicit_layer.d
[21:59:11.858][Info   ] INFO: (INSTANCE 0x55fed1016990)       /usr/share/vulkan/implicit_layer.d
[21:59:11.858][Info   ] INFO: (INSTANCE 0x55fed1016990)    Found the following files:
[21:59:11.858][Info   ] INFO: (INSTANCE 0x55fed1016990)       /home/nerdrx/.local/share/vulkan/implicit_layer.d/steamoverlay_i386.json
[21:59:11.858][Info   ] INFO: (INSTANCE 0x55fed1016990)       /home/nerdrx/.local/share/vulkan/implicit_layer.d/steamoverlay_x86_64.json
[21:59:11.858][Info   ] INFO: (INSTANCE 0x55fed1016990)       /home/nerdrx/.local/share/vulkan/implicit_layer.d/steamfossilize_i386.json
[21:59:11.858][Info   ] INFO: (INSTANCE 0x55fed1016990)       /home/nerdrx/.local/share/vulkan/implicit_layer.d/steamfossilize_x86_64.json
[21:59:11.858][Info   ] INFO: (INSTANCE 0x55fed1016990)       /usr/share/vulkan/implicit_layer.d/MangoHud.x86.json
[21:59:11.858][Info   ] INFO: (INSTANCE 0x55fed1016990)       /usr/share/vulkan/implicit_layer.d/MangoHud.x86_64.json
[21:59:11.858][Info   ] INFO: (INSTANCE 0x55fed1016990)       /usr/share/vulkan/implicit_layer.d/VkLayer_FROG_gamescope_wsi.x86_64.json
[21:59:11.858][Info   ] INFO: (INSTANCE 0x55fed1016990)       /usr/share/vulkan/implicit_layer.d/VkLayer_MESA_anti_lag.json
[21:59:11.858][Info   ] INFO: (INSTANCE 0x55fed1016990)       /usr/share/vulkan/implicit_layer.d/VkLayer_MESA_device_select.json
[21:59:11.858][Info   ] INFO: (INSTANCE 0x55fed1016990) Found manifest file /home/nerdrx/.local/share/vulkan/implicit_layer.d/steamoverlay_i386.json (file version 1.0.0)
[21:59:11.858][Info   ] INFO: (INSTANCE 0x55fed1016990) Found manifest file /home/nerdrx/.local/share/vulkan/implicit_layer.d/steamoverlay_x86_64.json (file version 1.0.0)
[21:59:11.858][Info   ] INFO: (INSTANCE 0x55fed1016990) Found manifest file /home/nerdrx/.local/share/vulkan/implicit_layer.d/steamfossilize_i386.json (file version 1.0.0)
[21:59:11.858][Info   ] INFO: (INSTANCE 0x55fed1016990) Found manifest file /home/nerdrx/.local/share/vulkan/implicit_layer.d/steamfossilize_x86_64.json (file version 1.0.0)
[21:59:11.858][Info   ] INFO: (INSTANCE 0x55fed1016990) Found manifest file /usr/share/vulkan/implicit_layer.d/MangoHud.x86.json (file version 1.0.0)
[21:59:11.858][Info   ] INFO: (INSTANCE 0x55fed1016990) Found manifest file /usr/share/vulkan/implicit_layer.d/MangoHud.x86_64.json (file version 1.0.0)
[21:59:11.858][Info   ] INFO: (INSTANCE 0x55fed1016990) Found manifest file /usr/share/vulkan/implicit_layer.d/VkLayer_FROG_gamescope_wsi.x86_64.json (file version 1.0.0)
[21:59:11.858][Info   ] INFO: (INSTANCE 0x55fed1016990) Found manifest file /usr/share/vulkan/implicit_layer.d/VkLayer_MESA_anti_lag.json (file version 1.2.1)
[21:59:11.858][Info   ] INFO: (INSTANCE 0x55fed1016990) Found manifest file /usr/share/vulkan/implicit_layer.d/VkLayer_MESA_device_select.json (file version 1.0.0)
[21:59:11.858][Info   ] INFO: (INSTANCE 0x55fed1016990) Searching for explicit layer manifest files
[21:59:11.858][Info   ] INFO: (INSTANCE 0x55fed1016990)    In following locations:
[21:59:11.858][Info   ] INFO: (INSTANCE 0x55fed1016990)       /home/nerdrx/.config/vulkan/explicit_layer.d
[21:59:11.858][Info   ] INFO: (INSTANCE 0x55fed1016990)       /home/nerdrx/.config/kdedefaults/vulkan/explicit_layer.d
[21:59:11.858][Info   ] INFO: (INSTANCE 0x55fed1016990)       /etc/xdg/vulkan/explicit_layer.d
[21:59:11.858][Info   ] INFO: (INSTANCE 0x55fed1016990)       /etc/vulkan/explicit_layer.d
[21:59:11.858][Info   ] INFO: (INSTANCE 0x55fed1016990)       /home/nerdrx/.local/share/vulkan/explicit_layer.d
[21:59:11.858][Info   ] INFO: (INSTANCE 0x55fed1016990)       /usr/local/share/vulkan/explicit_layer.d
[21:59:11.858][Info   ] INFO: (INSTANCE 0x55fed1016990)       /usr/share/vulkan/explicit_layer.d
[21:59:11.858][Info   ] INFO: (INSTANCE 0x55fed1016990)    Found the following files:
[21:59:11.858][Info   ] INFO: (INSTANCE 0x55fed1016990)       /usr/share/vulkan/explicit_layer.d/VkLayer_khronos_validation.json
[21:59:11.858][Info   ] INFO: (INSTANCE 0x55fed1016990) Found manifest file /usr/share/vulkan/explicit_layer.d/VkLayer_khronos_validation.json (file version 1.2.0)
[21:59:11.859][Info   ] INFO: (INSTANCE 0x55fed1016990) Searching for driver manifest files
[21:59:11.859][Info   ] INFO: (INSTANCE 0x55fed1016990)    In following locations:
[21:59:11.859][Info   ] INFO: (INSTANCE 0x55fed1016990)       /home/nerdrx/.config/vulkan/icd.d
[21:59:11.859][Info   ] INFO: (INSTANCE 0x55fed1016990)       /home/nerdrx/.config/kdedefaults/vulkan/icd.d
[21:59:11.859][Info   ] INFO: (INSTANCE 0x55fed1016990)       /etc/xdg/vulkan/icd.d
[21:59:11.859][Info   ] INFO: (INSTANCE 0x55fed1016990)       /etc/vulkan/icd.d
[21:59:11.859][Info   ] INFO: (INSTANCE 0x55fed1016990)       /home/nerdrx/.local/share/vulkan/icd.d
[21:59:11.859][Info   ] INFO: (INSTANCE 0x55fed1016990)       /usr/local/share/vulkan/icd.d
[21:59:11.859][Info   ] INFO: (INSTANCE 0x55fed1016990)       /usr/share/vulkan/icd.d
[21:59:11.859][Info   ] INFO: (INSTANCE 0x55fed1016990)    Found the following files:
[21:59:11.859][Info   ] INFO: (INSTANCE 0x55fed1016990)       /usr/share/vulkan/icd.d/radeon_icd.json
[21:59:11.859][Info   ] INFO: (INSTANCE 0x55fed1016990) Found ICD manifest file /usr/share/vulkan/icd.d/radeon_icd.json, version 1.0.1
[21:59:11.859][Info   ] INFO: (INSTANCE 0x55fed1016990) Insert instance layer "VK_LAYER_KHRONOS_validation" (/usr/lib/libVkLayer_khronos_validation.so)
[21:59:11.860][Info   ] INFO: (INSTANCE 0x55fed1016990) Insert instance layer "VK_LAYER_MESA_device_select" (/usr/lib/libVkLayer_MESA_device_select.so)
[21:59:11.860][Info   ] INFO: (INSTANCE 0x55fed1016990) vkCreateInstance layer callstack setup to:
[21:59:11.860][Info   ] INFO: (INSTANCE 0x55fed1016990)    <Application>
[21:59:11.860][Info   ] INFO: (INSTANCE 0x55fed1016990)      ||
[21:59:11.860][Info   ] INFO: (INSTANCE 0x55fed1016990)    <Loader>
[21:59:11.860][Info   ] INFO: (INSTANCE 0x55fed1016990)      ||
[21:59:11.860][Info   ] INFO: (INSTANCE 0x55fed1016990)    VK_LAYER_MESA_device_select
[21:59:11.860][Info   ] INFO: (INSTANCE 0x55fed1016990)            Type: Implicit
[21:59:11.860][Info   ] INFO: (INSTANCE 0x55fed1016990)            Enabled By: Implicit Layer
[21:59:11.860][Info   ] INFO: (INSTANCE 0x55fed1016990)                Disable Env Var:  NODEVICE_SELECT
[21:59:11.860][Info   ] INFO: (INSTANCE 0x55fed1016990)            Manifest: /usr/share/vulkan/implicit_layer.d/VkLayer_MESA_device_select.json
[21:59:11.860][Info   ] INFO: (INSTANCE 0x55fed1016990)            Library:  /usr/lib/libVkLayer_MESA_device_select.so
[21:59:11.860][Info   ] INFO: (INSTANCE 0x55fed1016990)      ||
[21:59:11.860][Info   ] INFO: (INSTANCE 0x55fed1016990)    VK_LAYER_KHRONOS_validation
[21:59:11.860][Info   ] INFO: (INSTANCE 0x55fed1016990)            Type: Explicit
[21:59:11.860][Info   ] INFO: (INSTANCE 0x55fed1016990)            Enabled By: By the Application
[21:59:11.860][Info   ] INFO: (INSTANCE 0x55fed1016990)            Manifest: /usr/share/vulkan/explicit_layer.d/VkLayer_khronos_validation.json
[21:59:11.860][Info   ] INFO: (INSTANCE 0x55fed1016990)            Library:  /usr/lib/libVkLayer_khronos_validation.so
[21:59:11.860][Info   ] INFO: (INSTANCE 0x55fed1016990)      ||
[21:59:11.860][Info   ] INFO: (INSTANCE 0x55fed1016990)    <Drivers>
[21:59:11.861][Info   ] INFO: (INSTANCE 0x55fed1016990) vkCreateInstance(): Current Validaiton Enabled:
  - Core Checks
  - Stateless Parameter
  - Object lifetime
  - Thread Safety
  - Handle Wrapping

[21:59:11.865][Info   ] INFO: (INSTANCE 0x55fed1016990) linux_read_sorted_physical_devices:
[21:59:11.865][Info   ] INFO: (INSTANCE 0x55fed1016990)      Original order:
[21:59:11.865][Info   ] INFO: (INSTANCE 0x55fed1016990)            [0] AMD Ryzen 9 9950X3D 16-Core Processor (RADV RAPHAEL_MENDOCINO)
[21:59:11.865][Info   ] INFO: (INSTANCE 0x55fed1016990)            [1] AMD Radeon RX 7900 XTX (RADV NAVI31)
[21:59:11.865][Info   ] INFO: (INSTANCE 0x55fed1016990)      Sorted order:
[21:59:11.865][Info   ] INFO: (INSTANCE 0x55fed1016990)            [0] AMD Radeon RX 7900 XTX (RADV NAVI31)  
[21:59:11.865][Info   ] INFO: (INSTANCE 0x55fed1016990)            [1] AMD Ryzen 9 9950X3D 16-Core Processor (RADV RAPHAEL_MENDOCINO)  
[21:59:11.865][Info   ] INFO: (INSTANCE 0x55fed1016990) linux_read_sorted_physical_devices:
[21:59:11.865][Info   ] INFO: (INSTANCE 0x55fed1016990)      Original order:
[21:59:11.865][Info   ] INFO: (INSTANCE 0x55fed1016990)            [0] AMD Ryzen 9 9950X3D 16-Core Processor (RADV RAPHAEL_MENDOCINO)
[21:59:11.865][Info   ] INFO: (INSTANCE 0x55fed1016990)            [1] AMD Radeon RX 7900 XTX (RADV NAVI31)
[21:59:11.865][Info   ] INFO: (INSTANCE 0x55fed1016990)      Sorted order:
[21:59:11.865][Info   ] INFO: (INSTANCE 0x55fed1016990)            [0] AMD Radeon RX 7900 XTX (RADV NAVI31)  
[21:59:11.865][Info   ] INFO: (INSTANCE 0x55fed1016990)            [1] AMD Ryzen 9 9950X3D 16-Core Processor (RADV RAPHAEL_MENDOCINO)  
[21:59:11.865][Info   ] INFO: (INSTANCE 0x55fed1016990) linux_read_sorted_physical_devices:
[21:59:11.865][Info   ] INFO: (INSTANCE 0x55fed1016990)      Original order:
[21:59:11.865][Info   ] INFO: (INSTANCE 0x55fed1016990)            [0] AMD Ryzen 9 9950X3D 16-Core Processor (RADV RAPHAEL_MENDOCINO)
[21:59:11.865][Info   ] INFO: (INSTANCE 0x55fed1016990)            [1] AMD Radeon RX 7900 XTX (RADV NAVI31)
[21:59:11.865][Info   ] INFO: (INSTANCE 0x55fed1016990)      Sorted order:
[21:59:11.865][Info   ] INFO: (INSTANCE 0x55fed1016990)            [0] AMD Radeon RX 7900 XTX (RADV NAVI31)  
[21:59:11.865][Info   ] INFO: (INSTANCE 0x55fed1016990)            [1] AMD Ryzen 9 9950X3D 16-Core Processor (RADV RAPHAEL_MENDOCINO)  
[21:59:11.865][Info   ] INFO: (INSTANCE 0x55fed1016990) linux_read_sorted_physicaLOG in xrCreateVulkanInstanceKHR: Creation of VkInstance:
	result: VK_SUCCESS
	vulkanInstance: 0x55fed1016990
	extensions:
		VK_KHR_external_fence_capabilities
		VK_KHR_external_memory_capabilities
		VK_KHR_external_semaphore_capabilities
		VK_KHR_get_physical_device_properties2
		VK_EXT_debug_utils
l_devices:
[21:59:11.865][Info   ] INFO: (INSTANCE 0x55fed1016990)      Original order:
[21:59:11.865][Info   ] INFO: (INSTANCE 0x55fed1016990)            [0] AMD Ryzen 9 9950X3D 16-Core Processor (RADV RAPHAEL_MENDOCINO)
[21:59:11.865][Info   ] INFO: (INSTANCE 0x55fed1016990)            [1] AMD Radeon RX 7900 XTX (RADV NAVI31)
[21:59:11.865][Info   ] INFO: (INSTANCE 0x55fed1016990)      Sorted order:
[21:59:11.865][Info   ] INFO: (INSTANCE 0x55fed1016990)            [0] AMD Radeon RX 7900 XTX (RADV NAVI31)  
[21:59:11.865][Info   ] INFO: (INSTANCE 0x55fed1016990)            [1] AMD Ryzen 9 9950X3D 16-Core Processor (RADV RAPHAEL_MENDOCINO)  
[21:59:11.865][Info   ] INFO: (INSTANCE 0x55fed1016990) linux_read_sorted_physical_devices:
[21:59:11.865][Info   ] INFO: (INSTANCE 0x55fed1016990)      Original order:
[21:59:11.865][Info   ] INFO: (INSTANCE 0x55fed1016990)            [0] AMD Ryzen 9 9950X3D 16-Core Processor (RADV RAPHAEL_MENDOCINO)
[21:59:11.865][Info   ] INFO: (INSTANCE 0x55fed1016990)            [1] AMD Radeon RX 7900 XTX (RADV NAVI31)
[21:59:11.865][Info   ] INFO: (INSTANCE 0x55fed1016990)      Sorted order:
[21:59:11.865][Info   ] INFO: (INSTANCE 0x55fed1016990)            [0] AMD Radeon RX 7900 XTX (RADV NAVI31)  
[21:59:11.865][Info   ] INFO: (INSTANCE 0x55fed1016990)            [1] AMD Ryzen 9 9950X3D 16-Core Processor (RADV RAPHAEL_MENDOCINO)  
[21:59:11.865][Info   ] INFO: (INSTANCE 0x55fed1016990) linux_read_sorted_physical_devices:
[21:59:11.865][Info   ] INFO: (INSTANCE 0x55fed1016990)      Original order:
[21:59:11.865][Info   ] INFO: (INSTANCE 0x55fed1016990)            [0] AMD Ryzen 9 9950X3D 16-Core Processor (RADV RAPHAEL_MENDOCINO)
[21:59:11.865][Info   ] INFO: (INSTANCE 0x55fed1016990)            [1] AMD Radeon RX 7900 XTX (RADV NAVI31)
[21:59:11.865][Info   ] INFO: (INSTANCE 0x55fed1016990)      Sorted order:
[21:59:11.865][Info   ] INFO: (INSTANCE 0x55fed1016990)            [0] AMD Radeon RX 7900 XTX (RADV NAVI31)  
[21:59:11.865][Info   ] INFO: (INSTANCE 0x55fed1016990)            [1] AMD Ryzen 9 9950X3D 16-Core Processor (RADV RAPHAEL_MENDOCINO)  
[21:59:11.865][Info   ] INFO: (INSTANCE 0x55fed1016990) linux_read_sorted_physical_devices:
[21:59:11.865][Info   ] INFO: (INSTANCE 0x55fed1016990)      Original order:
[21:59:11.865][Info   ] INFO: (INSTANCE 0x55fed1016990)            [0] AMD Ryzen 9 9950X3D 16-Core Processor (RADV RAPHAEL_MENDOCINO)
[21:59:11.865][Info   ] INFO: (INSTANCE 0x55fed1016990)            [1] AMD Radeon RX 7900 XTX (RADV NAVI31)
[21:59:11.865][Info   ] INFO: (INSTANCE 0x55fed1016990)      Sorted order:
[21:59:11.865][Info   ] INFO: (INSTANCE 0x55fed1016990)            [0] AMD Radeon RX 7900 XTX (RADV NAVI31)  
[21:59:11.865][Info   ] INFO: (INSTANCE 0x55fed1016990)            [1] AMD Ryzen 9 9950X3D 16-Core Processor (RADV RAPHAEL_MENDOCINO)  
[21:59:11.865][Info   ] INFO: (INSTANCE 0x55fed1016990) linux_read_sorted_physical_devices:
[21:59:11.865][Info   ] INFO: (INSTANCE 0x55fed1016990)      Original order:
[21:59:11.865][Info   ] INFO: (INSTANCE 0x55fed1016990)            [0] AMD Ryzen 9 9950X3D 16-Core Processor (RADV RAPHAEL_MENDOCINO)
[21:59:11.865][Info   ] INFO: (INSTANCE 0x55fed1016990)            [1] AMD Radeon RX 7900 XTX (RADV NAVI31)
[21:59:11.865][Info   ] INFO: (INSTANCE 0x55fed1016990)      Sorted order:
[21:59:11.865][Info   ] INFO: (INSTANCE 0x55fed1016990)            [0] AMD Radeon RX 7900 XTX (RADV NAVI31)  
[21:59:11.865][Info   ] INFO: (INSTANCE 0x55fed1016990)            [1] AMD Ryzen 9 9950X3D 16-Core Processor (RADV RAPHAEL_MENDOCINO)  
[21:59:11.866][Info   ] INFO: (INSTANCE 0x55fed1016990) Inserted device layer "VK_LAYER_KHRONOS_validation" (/usr/lib/libVkLayer_khronos_validation.so)
[21:59:11.866][Info   ] INFO: (INSTANCE 0x55fed1016990) Failed to find vkGetDeviceProcAddr in layer "/usr/lib/libVkLayer_MESA_device_select.so"
[21:59:11.866][Info   ] INFO: (INSTANCE 0x55fed1016990) vkCreateDevice layer callstack setup to:
[21:59:11.866][Info   ] INFO: (INSTANCE 0x55fed1016990)    <Application>
[21:59:11.866][Info   ] INFO: (INSTANCE 0x55fed1016LOG in xrGetVulkanGraphicsDeviceKHR: Creation of VkDevice:
	result: VK_SUCCESS
	vulkanDevice: 0x55fed10da360
	vulkanInstance: 0x55fed1016990
	external_fence_fd: true
	external_semaphore_fd: true
	timelineSemaphore: true
	extensions:
		VK_KHR_dedicated_allocation
		VK_KHR_external_fence
		VK_KHR_external_memory
		VK_KHR_external_semaphore
		VK_KHR_get_memory_requirements2
		VK_KHR_external_memory_fd
		VK_KHR_external_semaphore_fd
		VK_KHR_external_fence_fd
		VK_KHR_image_format_list
		VK_KHR_timeline_semaphore
990)      ||
[21:59:11.866][Info   ] INFO: (INSTANCE 0x55fed1016990)    <Loader>
[21:59:11.866][Info   ] INFO: (INSTANCE 0x55fed1016990)      ||
[21:59:11.866][Info   ] INFO: (INSTANCE 0x55fed1016990)    VK_LAYER_KHRONOS_validation
[21:59:11.866][Info   ] INFO: (INSTANCE 0x55fed1016990)            Type: Explicit
[21:59:11.866][Info   ] INFO: (INSTANCE 0x55fed1016990)            Enabled By: By the Application
[21:59:11.866][Info   ] INFO: (INSTANCE 0x55fed1016990)            Manifest: /usr/share/vulkan/explicit_layer.d/VkLayer_khronos_validation.json
[21:59:11.866][Info   ] INFO: (INSTANCE 0x55fed1016990)            Library:  /usr/lib/libVkLayer_khronos_validation.so
[21:59:11.866][Info   ] INFO: (INSTANCE 0x55fed1016990)      ||
[21:59:11.866][Info   ] INFO: (INSTANCE 0x55fed1016990)    <Device>
[21:59:11.867][Info   ] INFO: (INSTANCE 0x55fed1016990)        Using "AMD Radeon RX 7900 XTX (RADV NAVI31)" with driver: "/usr/lib/libvulkan_radeon.so"
[21:59:11.869][Info   ] Available reference spaces: 3
[21:59:11.870][Info   ] System Properties: Name=PICO 4 HMD on WiVRn VendorId=0
[21:59:11.870][Info   ] System Graphics Properties: MaxWidth=16384 MaxHeight=16384 MaxLayers=128
[21:59:11.870][Info   ] System Tracking Properties: OrientationTracking=True PositionTracking=True
[21:59:11.870][Info   ] Creating color and depth swapchain for view 0 with dimensions Width=2160 Height=2160 SampleCount=1
[21:59:11.872][Info   ] Creating color and depth swapchain for view 1 with dimensions Width=2160 Height=2160 SampleCount=1
[21:59:11.874][Info   ] XrEventDataSessionStateChanged: state XR_SESSION_STATE_UNKNOWN->XR_SESSION_STATE_IDLE session=94552916378032 time=2822502868860
[21:59:11.874][Info   ] XrEventDataSessionStateChanged: state XR_SESSION_STATE_IDLE->XR_SESSION_STATE_READY session=94552916378032 time=2822502868860
[21:59:11.886][Info   ] XrEventDataSessionStateChanged: state XR_SESSION_STATE_READY->XR_SESSION_STATE_SYNCHRONIZED session=94552916378032 time=2822519345269
[21:59:11.886][Info   ] XrEventDataSessionStateChanged: state XR_SESSION_STATE_SYNCHRONIZED->XR_SESSION_STATE_VISIBLE session=94552916378032 time=2822519381729
[21:59:11.886][Info   ] XrEventDataSessionStateChanged: state XR_SESSION_STATE_VISIBLE->XR_SESSION_STATE_FOCUSED session=94552916378032 time=2822519381729
[21:59:11.897][Info   ] Grab action is bound to 'Left Khronos Simple Controller Select' and 'Right Khronos Simple Controller Select'
[21:59:11.897][Info   ] Quit action is bound to nothing
[21:59:11.897][Info   ] Pose action is bound to 'Left Khronos Simple Controller Grip' and 'Right Khronos Simple Controller Grip'
[21:59:11.897][Info   ] Vibrate action is bound to nothing
[21:59:22.947][Info   ] XrEventDataSessionStateChanged: state XR_SESSION_STATE_FOCUSED->XR_SESSION_STATE_VISIBLE session=94552916378032 time=2833580414270
[21:59:22.947][Info   ] XrEventDataSessionStateChanged: state XR_SESSION_STATE_VISIBLE->XR_SESSION_STATE_SYNCHRONIZED session=94552916378032 time=2833580414270
[21:59:25.789][Info   ] XrEventDataSessionStateChanged: state XR_SESSION_STATE_SYNCHRONIZED->XR_SESSION_STATE_VISIBLE session=94552916378032 time=2836422339028
[21:59:25.789][Info   ] XrEventDataSessionStateChanged: state XR_SESSION_STATE_VISIBLE->XR_SESSION_STATE_FOCUSED session=94552916378032 time=2836422339028
[21:59:35.936][Info   ] XrEventDataSessionStateChanged: state XR_SESSION_STATE_FOCUSED->XR_SESSION_STATE_VISIBLE session=94552916378032 time=2846569235451
[21:59:35.959][Info   ] XrEventDataSessionStateChanged: state XR_SESSION_STATE_VISIBLE->XR_SESSION_STATE_SYNCHRONIZED session=94552916378032 time=2846592857200
[21:59:38.445][Info   ] XrEventDataSessionStateChanged: state XR_SESSION_STATE_SYNCHRONIZED->XR_SESSION_STATE_VISIBLE session=94552916378032 time=2849078601638
[21:59:38.445][Info   ] XrEventDataSessionStateChanged: state XR_SESSION_STATE_VISIBLE->XR_SESSION_STATE_FOCUSED session=94552916378032 time=2849078601638
[21:59:48.460][Info   ] XrEventDataSessionStateChanged: state XR_SESSION_STATE_FOCUSED->XR_SESSION_STATE_VISIBLE session=94552916378032 time=285909383