WiVRn nx-atlas-live-920ac878-dirty starting
Removing stale file "/home/nerdrx/.config/openxr/1/active_runtime.json"
Removing stale socket file "/run/user/1000/wivrn/comp_ipc"
Service published: x0x0x0x0x0x
Client connected
Server started, PID 3393017
 INFO [ipc_server_main_common] WiVRn 'nx-atlas-live-920ac878-dirty' starting up...
Setting the OpenVR compatibility library to /opt/xrizer
Listening for secondary paths on port 9757
 INFO [vk_bundle] Vulkan instance created:
	GPU: AMD Radeon RX 7900 XTX (RADV NAVI31)
	queue families: 1 3 1 (main, encode, transfer)

 INFO [get_encoder_settings] nxwarp: both eyes on stream 0 as one 2176x1088 stereo frame (578 tiles), stream 1 has no encoder
 INFO [compositor] compositor: lens mask on, margin 1 tile; the foveation pass flattens what it covers (0 of 0 tiles per eye so far)
 INFO [comp_vulkan_formats_log] Supported formats:
	VK_FORMAT_R16G16B16A16_UNORM: true
	VK_FORMAT_R16G16B16A16_SFLOAT: true
	VK_FORMAT_R16G16B16_UNORM: false
	VK_FORMAT_R16G16B16_SFLOAT: false
	VK_FORMAT_R8G8B8A8_SRGB: true
	VK_FORMAT_B8G8R8A8_SRGB: true
	VK_FORMAT_R8G8B8_SRGB: false
	VK_FORMAT_R8G8B8A8_UNORM: true
	VK_FORMAT_B8G8R8A8_UNORM: true
	VK_FORMAT_R8G8B8_UNORM: false
	VK_FORMAT_B8G8R8_UNORM: false
	VK_FORMAT_R5G6B5_UNORM_PACK16: true
	VK_FORMAT_R32_SFLOAT: true
	VK_FORMAT_D32_SFLOAT: true
	VK_FORMAT_D16_UNORM: true
	VK_FORMAT_X8_D24_UNORM_PACK32: false
	VK_FORMAT_D24_UNORM_S8_UINT: false
	VK_FORMAT_D32_SFLOAT_S8_UINT: true
	VK_FORMAT_S8_UINT: true
 INFO [print_encoders] Encoder configuration:
	* nxwarp (nxwarp 8-bit)
	  size: 1088x1088
	  bitrate: 48.7Mbit/s
	* nxwarp (nxwarp 8-bit)
	  size: 1088x544
	  bitrate: 1.2Mbit/s
 INFO [video_encoder_nxwarp] nxwarp: "entropy": "auto" -> lite (the headset advertises ENTROPY_LITE)
 INFO [video_encoder_nxwarp] nxwarp: "snap-identity": 16/16 sample (still tiles become a copy on the headset; error bounded by 0.50 sample)
 INFO [video_encoder_nxwarp] nxwarp: "planar": "rd" -> "off" (the GPU backend has no planar mode)
 INFO [video_encoder_nxwarp] nxwarp: stream 0 tools 0x4c2200c05 (INTRA_DC_PLANE RES_LEVEL INTER WARP CTX_V2 CTX_V3 ENTROPY_LITE bit31 bit34), headset 0xdf77a1fff -- negotiated
 INFO [video_encoder_nxwarp] nxwarp: stream 0 backend: nxvc_vk_encoder GPU compute encoder, nxvc_vk_encoder (E0/E3/E4/E5, intra only) (34x17 tiles, intra only, one QP per frame), reading the compositor image directly
 INFO [video_encoder_nxwarp] nxwarp: stream 0 1088x1088, nxvc_vk_encoder GPU compute encoder, nxvc_vk_encoder (E0/E3/E4/E5, intra only) (34x17 tiles, intra only, one QP per frame), fixed QP 40, paced at a fixed 90.0 fps, 34x17 tiles in 3 band(s), 1166 bytes per transport tile
 INFO [video_encoder_nxwarp] nxwarp: "entropy": "auto" -> lite (the headset advertises ENTROPY_LITE)
 INFO [video_encoder_nxwarp] nxwarp: "snap-identity": 16/16 sample (still tiles become a copy on the headset; error bounded by 0.50 sample)
 INFO [video_encoder_nxwarp] nxwarp: "planar": "rd" -> "off" (the GPU backend has no planar mode)
 INFO [video_encoder_nxwarp] nxwarp: stream 2 tools 0x4c2200c05 (INTRA_DC_PLANE RES_LEVEL INTER WARP CTX_V2 CTX_V3 ENTROPY_LITE bit31 bit34), headset 0xdf77a1fff -- negotiated
 INFO [video_encoder_nxwarp] nxwarp: stream 2 backend: nxvc_vk_encoder GPU compute encoder, nxvc_vk_encoder (E0/E3/E4/E5, intra only) (17x9 tiles, intra only, one QP per frame), reading the compositor image directly
 INFO [video_encoder_nxwarp] nxwarp: stream 2 1088x544, nxvc_vk_encoder GPU compute encoder, nxvc_vk_encoder (E0/E3/E4/E5, intra only) (17x9 tiles, intra only, one QP per frame), fixed QP 40, paced at a fixed 90.0 fps, 17x9 tiles in 2 band(s), 1166 bytes per transport tile
 INFO [wivrn_hmd] edge bleed: rendering 5.0% overscan, 1.35 deg left / 1.35 deg up on eye 0 (same encoded size, so about 4.8% less sharp)
 INFO [pipewire_device] pipewire speaker stream created (quantum: 240 frames, 5.00 ms)
 INFO [configure] Automatic bitrate enabled, AIMD (v1), ceiling 50.0 Mbit/s, floor 10.0 Mbit/s, radio trend on
 INFO [set_pacing] Packet pacing enabled, spreading each frame over 40% of a frame period
 INFO [apply_qos] Wi-Fi QoS marks enabled (video AF41 / AC_VI, control EF / AC_VO)
 INFO [set_fec] Forward error correction enabled, one parity shard per 8 video shards
 INFO [set_fec_adaptive] Adaptive error correction enabled, parity ratio between 16+1 and 4+1 with interleaved groups
 INFO [set_shard_retransmit] Shard retransmission enabled, keeping 1024 kB of recently sent shards per stream
 WARN [check_socket_path] path not found: /run/user/1000/SlimeVRRpc
 WARN [check_socket_path] path not found: /run/user/1000/.flatpak/dev.slimevr.SlimeVR/xdg-run/SlimeVRRpc
 WARN [check_socket_path] path not found: /home/nerdrx/.local/share/dev.slimevr.SlimeVR/SlimeVRRpc
ERROR [solarxr_ipc_socket_find] failed to resolve socket path
 INFO [u_linux_try_to_set_realtime_priority_on_thread] Raised priority of thread 'Multi Client Module' to policy: 'SCHED_FIFO', priority: '99'
 INFO [operator()] Session state changed: XR_SESSION_STATE_FOCUSED
 INFO [reset_stream] nxwarp: stream 0 resumed for a new client: transport sequence restarted, stream header resent, next frame coded without a reference
 INFO [reset_stream] nxwarp: stream 2 resumed for a new client: transport sequence restarted, stream header resent, next frame coded without a reference
 INFO [operator()] Updating interaction profiles: from 
	XRT_DEVICE_TOUCH_CONTROLLER (left)  to XRT_DEVICE_EXT_HAND_INTERACTION
	XRT_DEVICE_TOUCH_CONTROLLER (right) to XRT_DEVICE_EXT_HAND_INTERACTION

 INFO [operator()] Session state changed: XR_SESSION_STATE_VISIBLE
 INFO [operator()] Session state changed: XR_SESSION_STATE_SYNCHRONIZED
 INFO [operator()] Session state changed: XR_SESSION_STATE_STOPPING
 INFO [operator()] Session state changed: XR_SESSION_STATE_IDLE
 INFO [client_connected] Client 1 connected
 INFO [ipc_handle_instance_describe_client] Client info:
	id: 1
	application_name: 'HelloXR'
	pid: 3393345
	extensions:
		ext_hand_tracking_enabled: false
		ext_hand_tracking_data_source_enabled: false
		ext_eye_gaze_interaction_enabled: false
		ext_future_enabled: false
		ext_hand_interaction_enabled: false
		htc_facial_tracking_enabled: false
		fb_body_tracking_enabled: false
		meta_body_tracking_full_body_enabled: false
		meta_body_tracking_calibration_enabled: false
		meta_body_tracking_fidelity_enabled: false
		fb_face_tracking2_enabled: false
		android_face_tracking_enabled: false
 INFO [update_session_state_locked] Started native session, 1 active app session(s).
 INFO [get_view_poses] geometry[eye 0]: panel fov L-51.99 R51.99 U51.99 D-51.99 -> rendered fov L-53.34 R53.34 U53.34 D-53.34 deg (overscan 0.050)
 INFO [get_view_poses] geometry[eye 1]: panel fov L-51.99 R51.99 U51.99 D-51.99 -> rendered fov L-53.34 R53.34 U53.34 D-53.34 deg (overscan 0.050)
 INFO [update_lens_mask] nxwarp: stream 0 lens mask: 0 of 289 tiles per eye masked (margin 1 tile, fov -53.3/53.3/53.3/-53.3 deg); flattened only: this backend has no skip-map input, so the tiles are coded as whatever the mode search makes of a constant grey
 INFO [encode] nxwarp: stream 0 is at fixed QP 40 by configuration; the bitrate controller's 43360433 bit/s is ignored (unset "rc": "fixed" to honour it)
 INFO [report_frame] nxwarp atlas: 1 frames, avg skip 0 intra 578 coded 578, atlas 1 picture 0, avg worst disp 0.0 q4
 INFO [encode] nxwarp: stream 0 stereo compose 0.000 ms/frame (max 0.000), 0.0% of the 5.5 ms encode
 INFO [encode] nxwarp: stream 0 encoded 1 frames in 2.9 s: 5.5 ms/frame (max 5.5), 9118 B/frame at fixed QP 40, paced to 90.0 fps (fixed by configuration), 0 composited frame(s) not sent
 INFO [encode] nxwarp: stream 0 pace diagnostics (mean/min/max; interval 11.111 ms, tolerance 5.556 ms): admitted n0; rejected n0
 INFO [layer_commit] geometry[eye 0]: layer fov (what the app rendered, and what goes on the wire) L-53.34 R53.34 U53.34 D-53.34 deg
 INFO [layer_commit] geometry[eye 1]: layer fov (what the app rendered, and what goes on the wire) L-53.34 R53.34 U53.34 D-53.34 deg
 INFO [operator()] Session state changed: XR_SESSION_STATE_READY
 INFO [operator()] user presence changed to false
 INFO [operator()] Session state changed: XR_SESSION_STATE_SYNCHRONIZED
 INFO [operator()] Session state changed: XR_SESSION_STATE_VISIBLE
 INFO [operator()] Session state changed: XR_SESSION_STATE_FOCUSED
 INFO [report_frame] nxwarp atlas: 156 frames, avg skip 61 intra 516 coded 516, atlas 156 picture 0, avg worst disp 0.1 q4
 INFO [encode] nxwarp: stream 0 stereo compose 0.000 ms/frame (max 0.000), 0.0% of the 3.8 ms encode
 INFO [encode] nxwarp: stream 0 encoded 156 frames in 2.0 s: 3.8 ms/frame (max 6.2), 50620 B/frame at fixed QP 40, paced to 90.0 fps (fixed by configuration), 26 composited frame(s) not sent
 INFO [encode] nxwarp: stream 0 pace diagnostics (mean/min/max; interval 11.111 ms, tolerance 5.556 ms): admitted n156 host 12214.0/5558.1/19651.4 us display 11.111/11.107/11.116 ms; rejected n26 host 4542.6/3576.5/5487.8 us display 11.111/11.111/11.118 ms
 INFO [encode] nxwarp: stream 0 tile mapping: 156 frame(s) with per-tile spans, 0 with the fixed-chunk fallback ("tile-map": "auto")
 INFO [encode] nxwarp: stream 0 the headset did not reconstruct 139 frame(s) since the last report; 53 of them cost an all-intra frame and 86 named a frame older than one already coded intra and cost nothing. Last was frame 147, dropped by the worker backlog
 INFO [evaluate_aimd] Automatic bitrate: congestion, 50.0 -> 35.0 Mbit/s (p90 utilisation 1.00, 1 lost, 4 late over 35 frames)
 INFO [report_frame] nxwarp atlas: 139 frames, avg skip 572 intra 5 coded 5, atlas 139 picture 0, avg worst disp 0.0 q4
 INFO [encode] nxwarp: stream 0 stereo compose 0.000 ms/frame (max 0.000), 0.0% of the 3.9 ms encode
 INFO [encode] nxwarp: stream 0 encoded 139 frames in 2.0 s: 3.9 ms/frame (max 6.1), 1140 B/frame at fixed QP 40, paced to 90.0 fps (fixed by configuration), 43 composited frame(s) not sent
 INFO [encode] nxwarp: stream 0 pace diagnostics (mean/min/max; interval 11.111 ms, tolerance 5.556 ms): admitted n139 host 13205.8/5651.5/19524.3 us display 11.111/11.106/11.112 ms; rejected n43 host 4326.3/3490.4/5535.2 us display 11.111/11.109/11.111 ms
 INFO [encode] nxwarp: stream 0 tile mapping: 139 frame(s) with per-tile spans, 0 with the fixed-chunk fallback ("tile-map": "auto")
 INFO [report_frame] nxwarp atlas: 141 frames, avg skip 573 intra 4 coded 4, atlas 141 picture 0, avg worst disp 0.0 q4
 INFO [encode] nxwarp: stream 0 stereo compose 0.000 ms/frame (max 0.000), 0.0% of the 3.8 ms encode
 INFO [encode] nxwarp: stream 0 encoded 141 frames in 2.0 s: 3.8 ms/frame (max 6.1), 1078 B/frame at fixed QP 40, paced to 90.0 fps (fixed by configuration), 40 composited frame(s) not sent
 INFO [encode] nxwarp: stream 0 pace diagnostics (mean/min/max; interval 11.111 ms, tolerance 5.556 ms): admitted n141 host 13023.8/5590.2/19930.9 us display 11.111/11.103/11.112 ms; rejected n40 host 4353.5/3595.1/5496.6 us display 11.111/11.105/11.111 ms
 INFO [encode] nxwarp: stream 0 tile mapping: 141 frame(s) with per-tile spans, 0 with the fixed-chunk fallback ("tile-map": "auto")
 INFO [report_frame] nxwarp atlas: 145 frames, avg skip 573 intra 4 coded 4, atlas 145 picture 0, avg worst disp 0.0 q4
 INFO [encode] nxwarp: stream 0 stereo compose 0.000 ms/frame (max 0.000), 0.0% of the 3.8 ms encode
 INFO [encode] nxwarp: stream 0 encoded 145 frames in 2.0 s: 3.8 ms/frame (max 6.3), 1086 B/frame at fixed QP 40, paced to 90.0 fps (fixed by configuration), 37 composited frame(s) not sent
 INFO [encode] nxwarp: stream 0 pace diagnostics (mean/min/max; interval 11.111 ms, tolerance 5.556 ms): admitted n145 host 12853.1/5586.3/19132.9 us display 11.111/11.106/11.111 ms; rejected n37 host 4301.3/3200.9/5489.5 us display 11.111/11.107/11.111 ms
 INFO [encode] nxwarp: stream 0 tile mapping: 145 frame(s) with per-tile spans, 0 with the fixed-chunk fallback ("tile-map": "auto")
 INFO [report_frame] nxwarp atlas: 140 frames, avg skip 572 intra 5 coded 5, atlas 140 picture 0, avg worst disp 0.0 q4
 INFO [encode] nxwarp: stream 0 stereo compose 0.000 ms/frame (max 0.000), 0.0% of the 3.7 ms encode
 INFO [encode] nxwarp: stream 0 encoded 140 frames in 2.0 s: 3.7 ms/frame (max 6.0), 1215 B/frame at fixed QP 40, paced to 90.0 fps (fixed by configuration), 42 composited frame(s) not sent
 INFO [encode] nxwarp: stream 0 pace diagnostics (mean/min/max; interval 11.111 ms, tolerance 5.556 ms): admitted n140 host 13126.4/5918.1/19747.5 us display 11.111/11.104/11.113 ms; rejected n42 host 4404.6/3479.2/5544.0 us display 11.111/11.111/11.111 ms
 INFO [encode] nxwarp: stream 0 tile mapping: 140 frame(s) with per-tile spans, 0 with the fixed-chunk fallback ("tile-map": "auto")
 INFO [operator()] Session state changed: XR_SESSION_STATE_VISIBLE
 INFO [operator()] Session state changed: XR_SESSION_STATE_SYNCHRONIZED
 INFO [operator()] Session state changed: XR_SESSION_STATE_STOPPING
 INFO [operator()] Session state changed: XR_SESSION_STATE_IDLE
 INFO [report_frame] nxwarp atlas: 165 frames, avg skip 553 intra 24 coded 24, atlas 165 picture 0, avg worst disp 0.0 q4
 INFO [encode] nxwarp: stream 0 stereo compose 0.000 ms/frame (max 0.000), 0.0% of the 3.9 ms encode
 INFO [encode] nxwarp: stream 0 encoded 165 frames in 2.0 s: 3.9 ms/frame (max 6.2), 1075 B/frame at fixed QP 40, paced to 90.0 fps (fixed by configuration), 16 composited frame(s) not sent
 INFO [encode] nxwarp: stream 0 pace diagnostics (mean/min/max; interval 11.111 ms, tolerance 5.556 ms): admitted n165 host 11745.7/5834.2/19525.9 us display 11.111/11.100/11.113 ms; rejected n16 host 4554.0/3571.7/5515.1 us display 11.111/11.107/11.111 ms
 INFO [encode] nxwarp: stream 0 tile mapping: 165 frame(s) with per-tile spans, 0 with the fixed-chunk fallback ("tile-map": "auto")
 INFO [operator()] Session state changed: XR_SESSION_STATE_READY
 INFO [operator()] user presence changed to false
 INFO [operator()] Session state changed: XR_SESSION_STATE_SYNCHRONIZED
 INFO [operator()] Session state changed: XR_SESSION_STATE_VISIBLE
 INFO [operator()] Session state changed: XR_SESSION_STATE_FOCUSED
 INFO [report_frame] nxwarp atlas: 177 frames, avg skip 538 intra 39 coded 39, atlas 177 picture 0, avg worst disp 0.0 q4
 INFO [encode] nxwarp: stream 0 stereo compose 0.000 ms/frame (max 0.000), 0.0% of the 4.0 ms encode
 INFO [encode] nxwarp: stream 0 encoded 177 frames in 2.0 s: 4.0 ms/frame (max 6.2), 4053 B/frame at fixed QP 40, paced to 90.0 fps (fixed by configuration), 3 composited frame(s) not sent
 INFO [encode] nxwarp: stream 0 pace diagnostics (mean/min/max; interval 11.111 ms, tolerance 5.556 ms): admitted n177 host 11226.9/5603.1/19166.7 us display 11.111/11.107/11.112 ms; rejected n3 host 4194.3/3696.3/4444.8 us display 11.111/11.111/11.111 ms
 INFO [encode] nxwarp: stream 0 tile mapping: 177 frame(s) with per-tile spans, 0 with the fixed-chunk fallback ("tile-map": "auto")
 INFO [encode] nxwarp: stream 0 the headset did not reconstruct 4 frame(s) since the last report; 4 of them cost an all-intra frame and 0 named a frame older than one already coded intra and cost nothing. Last was frame 1061, dropped by the worker backlog
 INFO [report_frame] nxwarp atlas: 141 frames, avg skip 573 intra 4 coded 4, atlas 141 picture 0, avg worst disp 0.0 q4
 INFO [encode] nxwarp: stream 0 stereo compose 0.000 ms/frame (max 0.000), 0.0% of the 3.8 ms encode
 INFO [encode] nxwarp: stream 0 encoded 141 frames in 2.0 s: 3.8 ms/frame (max 6.2), 996 B/frame at fixed QP 40, paced to 90.0 fps (fixed by configuration), 41 composited frame(s) not sent
 INFO [encode] nxwarp: stream 0 pace diagnostics (mean/min/max; interval 11.111 ms, tolerance 5.556 ms): admitted n141 host 13038.6/5913.7/20016.4 us display 11.111/11.101/11.117 ms; rejected n41 host 4494.7/3488.7/5490.0 us display 11.111/11.111/11.111 ms
 INFO [encode] nxwarp: stream 0 tile mapping: 141 frame(s) with per-tile spans, 0 with the fixed-chunk fallback ("tile-map": "auto")
 INFO [report_frame] nxwarp atlas: 139 frames, avg skip 573 intra 4 coded 4, atlas 139 picture 0, avg worst disp 0.0 q4
 INFO [encode] nxwarp: stream 0 stereo compose 0.000 ms/frame (max 0.000), 0.0% of the 3.9 ms encode
 INFO [encode] nxwarp: stream 0 encoded 139 frames in 2.0 s: 3.9 ms/frame (max 6.1), 1013 B/frame at fixed QP 40, paced to 90.0 fps (fixed by configuration), 42 composited frame(s) not sent
 INFO [encode] nxwarp: stream 0 pace diagnostics (mean/min/max; interval 11.111 ms, tolerance 5.556 ms): admitted n139 host 13073.1/5572.4/19510.1 us display 11.111/11.097/11.111 ms; rejected n42 host 4579.9/3551.9/5524.7 us display 11.111/11.111/11.111 ms
 INFO [encode] nxwarp: stream 0 tile mapping: 139 frame(s) with per-tile spans, 0 with the fixed-chunk fallback ("tile-map": "auto")
 INFO [report_frame] nxwarp atlas: 143 frames, avg skip 572 intra 5 coded 5, atlas 143 picture 0, avg worst disp 0.0 q4
 INFO [encode] nxwarp: stream 0 stereo compose 0.000 ms/frame (max 0.000), 0.0% of the 3.7 ms encode
 INFO [encode] nxwarp: stream 0 encoded 143 frames in 2.0 s: 3.7 ms/frame (max 6.4), 1145 B/frame at fixed QP 40, paced to 90.0 fps (fixed by configuration), 37 composited frame(s) not sent
 INFO [encode] nxwarp: stream 0 pace diagnostics (mean/min/max; interval 11.111 ms, tolerance 5.556 ms): admitted n143 host 12837.6/5556.9/20308.8 us display 11.111/11.105/11.115 ms; rejected n37 host 4461.9/3268.0/5476.8 us display 11.111/11.110/11.111 ms
 INFO [encode] nxwarp: stream 0 tile mapping: 143 frame(s) with per-tile spans, 0 with the fixed-chunk fallback ("tile-map": "auto")
 INFO [report_frame] nxwarp atlas: 138 frames, avg skip 573 intra 4 coded 4, atlas 138 picture 0, avg worst disp 0.0 q4
 INFO [encode] nxwarp: stream 0 stereo compose 0.000 ms/frame (max 0.000), 0.0% of the 3.8 ms encode
 INFO [encode] nxwarp: stream 0 encoded 138 frames in 2.0 s: 3.8 ms/frame (max 6.1), 1049 B/frame at fixed QP 40, paced to 90.0 fps (fixed by configuration), 42 composited frame(s) not sent
 INFO [encode] nxwarp: stream 0 pace diagnostics (mean/min/max; interval 11.111 ms, tolerance 5.556 ms): admitted n138 host 13138.1/5561.5/19784.1 us display 11.111/11.106/11.115 ms; rejected n42 host 4450.7/3218.8/5513.2 us display 11.111/11.110/11.111 ms
 INFO [encode] nxwarp: stream 0 tile mapping: 138 frame(s) with per-tile spans, 0 with the fixed-chunk fallback ("tile-map": "auto")
 INFO [operator()] Session state changed: XR_SESSION_STATE_VISIBLE
 INFO [operator()] Session state changed: XR_SESSION_STATE_SYNCHRONIZED
 INFO [operator()] Session state changed: XR_SESSION_STATE_STOPPING
 INFO [operator()] Session state changed: XR_SESSION_STATE_IDLE
 INFO [report_frame] nxwarp atlas: 135 frames, avg skip 564 intra 13 coded 13, atlas 135 picture 0, avg worst disp 0.0 q4
 INFO [encode] nxwarp: stream 0 stereo compose 0.000 ms/frame (max 0.000), 0.0% of the 3.8 ms encode
 INFO [encode] nxwarp: stream 0 encoded 135 frames in 2.0 s: 3.8 ms/frame (max 5.8), 1280 B/frame at fixed QP 40, paced to 90.0 fps (fixed by configuration), 45 composited frame(s) not sent
 INFO [encode] nxwarp: stream 0 pace diagnostics (mean/min/max; interval 11.111 ms, tolerance 5.556 ms): admitted n135 host 13356.9/5556.0/20337.5 us display 11.111/11.107/11.114 ms; rejected n45 host 4376.0/3257.5/5552.8 us display 11.111/11.111/11.111 ms
 INFO [encode] nxwarp: stream 0 tile mapping: 135 frame(s) with per-tile spans, 0 with the fixed-chunk fallback ("tile-map": "auto")
 INFO [report_frame] nxwarp atlas: 181 frames, avg skip 574 intra 3 coded 3, atlas 181 picture 0, avg worst disp 0.0 q4
 INFO [encode] nxwarp: stream 0 stereo compose 0.000 ms/frame (max 0.000), 0.0% of the 4.0 ms encode
 INFO [encode] nxwarp: stream 0 encoded 181 frames in 2.0 s: 4.0 ms/frame (max 5.9), 569 B/frame at fixed QP 40, paced to 90.0 fps (fixed by configuration), 0 composited frame(s) not sent
 INFO [encode] nxwarp: stream 0 pace diagnostics (mean/min/max; interval 11.111 ms, tolerance 5.556 ms): admitted n181 host 11117.0/9983.4/12214.4 us display 11.111/11.106/11.114 ms; rejected n0
 INFO [encode] nxwarp: stream 0 tile mapping: 181 frame(s) with per-tile spans, 0 with the fixed-chunk fallback ("tile-map": "auto")
 INFO [operator()] Session state changed: XR_SESSION_STATE_READY
 INFO [operator()] user presence changed to false
 INFO [operator()] Session state changed: XR_SESSION_STATE_SYNCHRONIZED
 INFO [operator()] Session state changed: XR_SESSION_STATE_VISIBLE
 INFO [operator()] Session state changed: XR_SESSION_STATE_FOCUSED
 INFO [report_frame] nxwarp atlas: 159 frames, avg skip 544 intra 33 coded 33, atlas 159 picture 0, avg worst disp 0.0 q4
 INFO [encode] nxwarp: stream 0 stereo compose 0.000 ms/frame (max 0.000), 0.0% of the 3.4 ms encode
 INFO [encode] nxwarp: stream 0 encoded 159 frames in 2.0 s: 3.4 ms/frame (max 5.7), 3733 B/frame at fixed QP 40, paced to 90.0 fps (fixed by configuration), 22 composited frame(s) not sent
 INFO [encode] nxwarp: stream 0 pace diagnostics (mean/min/max; interval 11.111 ms, tolerance 5.556 ms): admitted n159 host 12049.8/5958.2/20022.4 us display 11.111/11.106/11.118 ms; rejected n22 host 4293.6/2161.2/5553.0 us display 11.111/11.110/11.111 ms
 INFO [encode] nxwarp: stream 0 tile mapping: 159 frame(s) with per-tile spans, 0 with the fixed-chunk fallback ("tile-map": "auto")
 INFO [encode] nxwarp: stream 0 the headset did not reconstruct 3 frame(s) since the last report; 2 of them cost an all-intra frame and 1 named a frame older than one already coded intra and cost nothing. Last was frame 1983, dropped by the worker backlog
 INFO [report_frame] nxwarp atlas: 144 frames, avg skip 572 intra 5 coded 5, atlas 144 picture 0, avg worst disp 14.3 q4
 INFO [encode] nxwarp: stream 0 stereo compose 0.000 ms/frame (max 0.000), 0.0% of the 3.1 ms encode
 INFO [encode] nxwarp: stream 0 encoded 144 frames in 2.0 s: 3.1 ms/frame (max 5.2), 1118 B/frame at fixed QP 40, paced to 90.0 fps (fixed by configuration), 36 composited frame(s) not sent
 INFO [encode] nxwarp: stream 0 pace diagnostics (mean/min/max; interval 11.111 ms, tolerance 5.556 ms): admitted n144 host 12892.6/5574.2/20382.3 us display 11.111/11.105/11.113 ms; rejected n36 host 3970.5/2653.1/5476.6 us display 11.111/11.111/11.113 ms
 INFO [encode] nxwarp: stream 0 tile mapping: 144 frame(s) with per-tile spans, 0 with the fixed-chunk fallback ("tile-map": "auto")
 INFO [report_frame] nxwarp atlas: 144 frames, avg skip 572 intra 5 coded 5, atlas 144 picture 0, avg worst disp 13.5 q4
 INFO [encode] nxwarp: stream 0 stereo compose 0.000 ms/frame (max 0.000), 0.0% of the 3.5 ms encode
 INFO [encode] nxwarp: stream 0 encoded 144 frames in 2.0 s: 3.5 ms/frame (max 5.5), 1116 B/frame at fixed QP 40, paced to 90.0 fps (fixed by configuration), 36 composited frame(s) not sent
 INFO [encode] nxwarp: stream 0 pace diagnostics (mean/min/max; interval 11.111 ms, tolerance 5.556 ms): admitted n144 host 12850.8/2730.1/21476.5 us display 11.111/11.102/11.112 ms; rejected n36 host 4157.7/2384.9/5500.5 us display 11.111/11.111/11.111 ms
 INFO [encode] nxwarp: stream 0 tile mapping: 144 frame(s) with per-tile spans, 0 with the fixed-chunk fallback ("tile-map": "auto")
 INFO [report_frame] nxwarp atlas: 147 frames, avg skip 573 intra 4 coded 4, atlas 147 picture 0, avg worst disp 1.1 q4
 INFO [encode] nxwarp: stream 0 stereo compose 0.000 ms/frame (max 0.000), 0.0% of the 3.7 ms encode
 INFO [encode] nxwarp: stream 0 encoded 147 frames in 2.0 s: 3.7 ms/frame (max 6.1), 1060 B/frame at fixed QP 40, paced to 90.0 fps (fixed by configuration), 33 composited frame(s) not sent
 INFO [encode] nxwarp: stream 0 pace diagnostics (mean/min/max; interval 11.111 ms, tolerance 5.556 ms): admitted n147 host 12660.2/5621.6/20075.4 us display 11.111/11.096/11.112 ms; rejected n33 host 4210.3/3018.2/5427.5 us display 11.111/11.111/11.111 ms
 INFO [encode] nxwarp: stream 0 tile mapping: 147 frame(s) with per-tile spans, 0 with the fixed-chunk fallback ("tile-map": "auto")
 INFO [report_frame] nxwarp atlas: 139 frames, avg skip 573 intra 4 coded 4, atlas 139 picture 0, avg worst disp 0.0 q4
 INFO [encode] nxwarp: stream 0 stereo compose 0.000 ms/frame (max 0.000), 0.0% of the 3.7 ms encode
 INFO [encode] nxwarp: stream 0 encoded 139 frames in 2.0 s: 3.7 ms/frame (max 6.3), 987 B/frame at fixed QP 40, paced to 90.0 fps (fixed by configuration), 42 composited frame(s) not sent
 INFO [encode] nxwarp: stream 0 pace diagnostics (mean/min/max; interval 11.111 ms, tolerance 5.556 ms): admitted n139 host 13195.8/5710.1/21036.6 us display 11.111/11.103/11.111 ms; rejected n42 host 3998.4/3101.7/5446.9 us display 11.111/11.111/11.111 ms
 INFO [encode] nxwarp: stream 0 tile mapping: 139 frame(s) with per-tile spans, 0 with the fixed-chunk fallback ("tile-map": "auto")
 INFO [operator()] Session state changed: XR_SESSION_STATE_VISIBLE
 INFO [operator()] Session state changed: XR_SESSION_STATE_SYNCHRONIZED
 INFO [operator()] Session state changed: XR_SESSION_STATE_STOPPING
 INFO [operator()] Session state changed: XR_SESSION_STATE_IDLE
 INFO [report_frame] nxwarp atlas: 173 frames, avg skip 567 intra 10 coded 10, atlas 173 picture 0, avg worst disp 0.0 q4
 INFO [encode] nxwarp: stream 0 stereo compose 0.000 ms/frame (max 0.000), 0.0% of the 3.8 ms encode
 INFO [encode] nxwarp: stream 0 encoded 173 frames in 2.0 s: 3.8 ms/frame (max 5.8), 742 B/frame at fixed QP 40, paced to 90.0 fps (fixed by configuration), 7 composited frame(s) not sent
 INFO [encode] nxwarp: stream 0 pace diagnostics (mean/min/max; interval 11.111 ms, tolerance 5.556 ms): admitted n173 host 11434.0/5767.7/19334.0 us display 11.111/11.104/11.119 ms; rejected n7 host 4422.5/3161.5/5421.8 us display 11.111/11.111/11.111 ms
 INFO [encode] nxwarp: stream 0 tile mapping: 173 frame(s) with per-tile spans, 0 with the fixed-chunk fallback ("tile-map": "auto")
 INFO [operator()] Session state changed: XR_SESSION_STATE_READY
 INFO [operator()] user presence changed to false
 INFO [operator()] Session state changed: XR_SESSION_STATE_SYNCHRONIZED
 INFO [operator()] Session state changed: XR_SESSION_STATE_VISIBLE
 INFO [operator()] Session state changed: XR_SESSION_STATE_FOCUSED
 INFO [report_frame] nxwarp atlas: 160 frames, avg skip 555 intra 22 coded 22, atlas 160 picture 0, avg worst disp 0.0 q4
 INFO [encode] nxwarp: stream 0 stereo compose 0.000 ms/frame (max 0.000), 0.0% of the 3.8 ms encode
 INFO [encode] nxwarp: stream 0 encoded 160 frames in 2.0 s: 3.8 ms/frame (max 6.1), 2549 B/frame at fixed QP 40, paced to 90.0 fps (fixed by configuration), 21 composited frame(s) not sent
 INFO [encode] nxwarp: stream 0 pace diagnostics (mean/min/max; interval 11.111 ms, tolerance 5.556 ms): admitted n160 host 12019.3/5805.8/20036.4 us display 11.111/11.105/11.126 ms; rejected n21 host 4186.3/3224.7/5293.2 us display 11.111/11.111/11.111 ms
 INFO [encode] nxwarp: stream 0 tile mapping: 160 frame(s) with per-tile spans, 0 with the fixed-chunk fallback ("tile-map": "auto")
 INFO [encode] nxwarp: stream 0 the headset did not reconstruct 2 frame(s) since the last report; 2 of them cost an all-intra frame and 0 named a frame older than one already coded intra and cost nothing. Last was frame 2938, dropped by the worker backlog
 INFO [report_frame] nxwarp atlas: 143 frames, avg skip 573 intra 4 coded 4, atlas 143 picture 0, avg worst disp 0.0 q4
 INFO [encode] nxwarp: stream 0 stereo compose 0.000 ms/frame (max 0.000), 0.0% of the 3.7 ms encode
 INFO [encode] nxwarp: stream 0 encoded 143 frames in 2.0 s: 3.7 ms/frame (max 5.9), 1035 B/frame at fixed QP 40, paced to 90.0 fps (fixed by configuration), 38 composited frame(s) not sent
 INFO [encode] nxwarp: stream 0 pace diagnostics (mean/min/max; interval 11.111 ms, tolerance 5.556 ms): admitted n143 host 12946.5/5608.2/21341.7 us display 11.111/11.105/11.117 ms; rejected n38 host 4203.2/3114.8/5513.9 us display 11.111/11.107/11.111 ms
 INFO [encode] nxwarp: stream 0 tile mapping: 143 frame(s) with per-tile spans, 0 with the fixed-chunk fallback ("tile-map": "auto")
 INFO [report_frame] nxwarp atlas: 142 frames, avg skip 573 intra 4 coded 4, atlas 142 picture 0, avg worst disp 0.0 q4
 INFO [encode] nxwarp: stream 0 stereo compose 0.000 ms/frame (max 0.000), 0.0% of the 3.8 ms encode
 INFO [encode] nxwarp: stream 0 encoded 142 frames in 2.0 s: 3.8 ms/frame (max 6.0), 1082 B/frame at fixed QP 40, paced to 90.0 fps (fixed by configuration), 39 composited frame(s) not sent
 INFO [encode] nxwarp: stream 0 pace diagnostics (mean/min/max; interval 11.111 ms, tolerance 5.556 ms): admitted n142 host 12893.5/5648.0/20437.9 us display 11.111/11.104/11.119 ms; rejected n39 host 4397.6/3262.5/5548.0 us display 11.111/11.105/11.111 ms
 INFO [encode] nxwarp: stream 0 tile mapping: 142 frame(s) with per-tile spans, 0 with the fixed-chunk fallback ("tile-map": "auto")
 INFO [report_frame] nxwarp atlas: 145 frames, avg skip 573 intra 4 coded 4, atlas 145 picture 0, avg worst disp 0.0 q4
 INFO [encode] nxwarp: stream 0 stereo compose 0.000 ms/frame (max 0.000), 0.0% of the 3.7 ms encode
 INFO [encode] nxwarp: stream 0 encoded 145 frames in 2.0 s: 3.7 ms/frame (max 5.3), 1002 B/frame at fixed QP 40, paced to 90.0 fps (fixed by configuration), 35 composited frame(s) not sent
 INFO [encode] nxwarp: stream 0 pace diagnostics (mean/min/max; interval 11.111 ms, tolerance 5.556 ms): admitted n145 host 12801.4/5560.9/20440.0 us display 11.111/11.106/11.119 ms; rejected n35 host 4366.0/3219.3/5357.3 us display 11.111/11.110/11.112 ms
 INFO [encode] nxwarp: stream 0 tile mapping: 145 frame(s) with per-tile spans, 0 with the fixed-chunk fallback ("tile-map": "auto")
 INFO [report_frame] nxwarp atlas: 143 frames, avg skip 573 intra 4 coded 4, atlas 143 picture 0, avg worst disp 0.0 q4
 INFO [encode] nxwarp: stream 0 stereo compose 0.000 ms/frame (max 0.000), 0.0% of the 3.6 ms encode
 INFO [encode] nxwarp: stream 0 encoded 143 frames in 2.0 s: 3.6 ms/frame (max 5.6), 1086 B/frame at fixed QP 40, paced to 90.0 fps (fixed by configuration), 39 composited frame(s) not sent
 INFO [encode] nxwarp: stream 0 pace diagnostics (mean/min/max; interval 11.111 ms, tolerance 5.556 ms): admitted n143 host 13013.1/5604.8/20964.7 us display 11.111/11.099/11.115 ms; rejected n39 host 4129.0/3042.6/5340.3 us display 11.111/11.107/11.111 ms
 INFO [encode] nxwarp: stream 0 tile mapping: 143 frame(s) with per-tile spans, 0 with the fixed-chunk fallback ("tile-map": "auto")
 INFO [operator()] Session state changed: XR_SESSION_STATE_VISIBLE
 INFO [operator()] Session state changed: XR_SESSION_STATE_SYNCHRONIZED
 INFO [operator()] Session state changed: XR_SESSION_STATE_STOPPING
 INFO [operator()] Session state changed: XR_SESSION_STATE_IDLE
 INFO [operator()] Session state changed: XR_SESSION_STATE_READY
 INFO [operator()] user presence changed to false
 INFO [operator()] Session state changed: XR_SESSION_STATE_SYNCHRONIZED
 INFO [operator()] Session state changed: XR_SESSION_STATE_VISIBLE
 INFO [operator()] Session state changed: XR_SESSION_STATE_FOCUSED
 INFO [report_frame] nxwarp atlas: 155 frames, avg skip 544 intra 33 coded 33, atlas 155 picture 0, avg worst disp 0.0 q4
 INFO [encode] nxwarp: stream 0 stereo compose 0.000 ms/frame (max 0.000), 0.0% of the 3.7 ms encode
 INFO [encode] nxwarp: stream 0 encoded 155 frames in 2.0 s: 3.7 ms/frame (max 6.1), 2847 B/frame at fixed QP 40, paced to 90.0 fps (fixed by configuration), 26 composited frame(s) not sent
 INFO [encode] nxwarp: stream 0 pace diagnostics (mean/min/max; interval 11.111 ms, tolerance 5.556 ms): admitted n155 host 12270.6/5569.4/20135.7 us display 11.111/11.093/11.112 ms; rejected n26 host 4202.5/3157.2/5495.9 us display 11.111/11.109/11.111 ms
 INFO [encode] nxwarp: stream 0 tile mapping: 155 frame(s) with per-tile spans, 0 with the fixed-chunk fallback ("tile-map": "auto")
 INFO [encode] nxwarp: stream 0 the headset did not reconstruct 1 frame(s) since the last report; 1 of them cost an all-intra frame and 0 named a frame older than one already coded intra and cost nothing. Last was frame 3731, dropped by the worker backlog
 INFO [report_frame] nxwarp atlas: 137 frames, avg skip 572 intra 5 coded 5, atlas 137 picture 0, avg worst disp 0.0 q4
 INFO [encode] nxwarp: stream 0 stereo compose 0.000 ms/frame (max 0.000), 0.0% of the 3.7 ms encode
 INFO [encode] nxwarp: stream 0 encoded 137 frames in 2.0 s: 3.7 ms/frame (max 5.9), 1166 B/frame at fixed QP 40, paced to 90.0 fps (fixed by configuration), 45 composited frame(s) not sent
 INFO [encode] nxwarp: stream 0 pace diagnostics (mean/min/max; interval 11.111 ms, tolerance 5.556 ms): admitted n137 host 13363.3/5720.2/20711.2 us display 11.111/11.107/11.115 ms; rejected n45 host 4253.2/3063.5/5518.8 us display 11.111/11.111/11.111 ms
 INFO [encode] nxwarp: stream 0 tile mapping: 137 frame(s) with per-tile spans, 0 with the fixed-chunk fallback ("tile-map": "auto")
 INFO [report_frame] nxwarp atlas: 141 frames, avg skip 573 intra 4 coded 4, atlas 141 picture 0, avg worst disp 0.0 q4
 INFO [encode] nxwarp: stream 0 stereo compose 0.000 ms/frame (max 0.000), 0.0% of the 3.7 ms encode
 INFO [encode] nxwarp: stream 0 encoded 141 frames in 2.0 s: 3.7 ms/frame (max 6.1), 1000 B/frame at fixed QP 40, paced to 90.0 fps (fixed by configuration), 40 composited frame(s) not sent
 INFO [encode] nxwarp: stream 0 pace diagnostics (mean/min/max; interval 11.111 ms, tolerance 5.556 ms): admitted n141 host 13074.2/5628.2/20989.2 us display 11.111/11.101/11.113 ms; rejected n40 host 4214.4/3130.1/5350.9 us display 11.111/11.111/11.111 ms
 INFO [encode] nxwarp: stream 0 tile mapping: 141 frame(s) with per-tile spans, 0 with the fixed-chunk fallback ("tile-map": "auto")
 INFO [report_frame] nxwarp atlas: 144 frames, avg skip 573 intra 4 coded 4, atlas 144 picture 0, avg worst disp 0.0 q4
 INFO [encode] nxwarp: stream 0 stereo compose 0.000 ms/frame (max 0.000), 0.0% of the 3.7 ms encode
 INFO [encode] nxwarp: stream 0 encoded 144 frames in 2.0 s: 3.7 ms/frame (max 6.0), 1040 B/frame at fixed QP 40, paced to 90.0 fps (fixed by configuration), 37 composited frame(s) not sent
 INFO [encode] nxwarp: stream 0 pace diagnostics (mean/min/max; interval 11.111 ms, tolerance 5.556 ms): admitted n144 host 12905.4/5686.3/20817.1 us display 11.111/11.104/11.114 ms; rejected n37 host 4103.5/3065.7/5332.0 us display 11.111/11.111/11.111 ms
 INFO [encode] nxwarp: stream 0 tile mapping: 144 frame(s) with per-tile spans, 0 with the fixed-chunk fallback ("tile-map": "auto")
 INFO [report_frame] nxwarp atlas: 139 frames, avg skip 573 intra 4 coded 4, atlas 139 picture 0, avg worst disp 0.0 q4
 INFO [encode] nxwarp: stream 0 stereo compose 0.000 ms/frame (max 0.000), 0.0% of the 3.7 ms encode
 INFO [encode] nxwarp: stream 0 encoded 139 frames in 2.0 s: 3.7 ms/frame (max 6.2), 1052 B/frame at fixed QP 40, paced to 90.0 fps (fixed by configuration), 42 composited frame(s) not sent
 INFO [encode] nxwarp: stream 0 pace diagnostics (mean/min/max; interval 11.111 ms, tolerance 5.556 ms): admitted n139 host 13178.4/5584.9/20441.1 us display 11.111/11.105/11.115 ms; rejected n42 host 4269.1/3156.1/5506.8 us display 11.111/11.111/11.111 ms
 INFO [encode] nxwarp: stream 0 tile mapping: 139 frame(s) with per-tile spans, 0 with the fixed-chunk fallback ("tile-map": "auto")
 INFO [report_frame] nxwarp atlas: 157 frames, avg skip 573 intra 4 coded 4, atlas 157 picture 0, avg worst disp 2.6 q4
 INFO [encode] nxwarp: stream 0 stereo compose 0.000 ms/frame (max 0.000), 0.0% of the 3.2 ms encode
 INFO [encode] nxwarp: stream 0 encoded 157 frames in 2.0 s: 3.2 ms/frame (max 6.1), 1041 B/frame at fixed QP 40, paced to 90.0 fps (fixed by configuration), 24 composited frame(s) not sent
 INFO [encode] nxwarp: stream 0 pace diagnostics (mean/min/max; interval 11.111 ms, tolerance 5.556 ms): admitted n157 host 12155.0/5580.5/20361.5 us display 11.111/11.104/11.113 ms; rejected n24 host 4283.3/3294.6/5458.0 us display 11.111/11.111/11.111 ms
 INFO [encode] nxwarp: stream 0 tile mapping: 157 frame(s) with per-tile spans, 0 with the fixed-chunk fallback ("tile-map": "auto")
 INFO [operator()] Session state changed: XR_SESSION_STATE_VISIBLE
 INFO [operator()] Session state changed: XR_SESSION_STATE_SYNCHRONIZED
 INFO [operator()] Session state changed: XR_SESSION_STATE_STOPPING
 INFO [operator()] Session state changed: XR_SESSION_STATE_IDLE
 INFO [operator()] Session state changed: XR_SESSION_STATE_READY
 INFO [operator()] user presence changed to false
 INFO [operator()] Session state changed: XR_SESSION_STATE_SYNCHRONIZED
 INFO [operator()] Session state changed: XR_SESSION_STATE_VISIBLE
 INFO [operator()] Session state changed: XR_SESSION_STATE_FOCUSED
 INFO [report_frame] nxwarp atlas: 181 frames, avg skip 561 intra 16 coded 16, atlas 181 picture 0, avg worst disp 0.9 q4
 INFO [encode] nxwarp: stream 0 stereo compose 0.000 ms/frame (max 0.000), 0.0% of the 2.9 ms encode
 INFO [encode] nxwarp: stream 0 encoded 181 frames in 2.0 s: 2.9 ms/frame (max 4.7), 813 B/frame at fixed QP 40, paced to 90.0 fps (fixed by configuration), 0 composited frame(s) not sent
 INFO [encode] nxwarp: stream 0 pace diagnostics (mean/min/max; interval 11.111 ms, tolerance 5.556 ms): admitted n181 host 11110.5/6156.2/16005.1 us display 11.111/11.107/11.114 ms; rejected n0
 INFO [encode] nxwarp: stream 0 tile mapping: 181 frame(s) with per-tile spans, 0 with the fixed-chunk fallback ("tile-map": "auto")
 INFO [encode] nxwarp: stream 0 the headset did not reconstruct 1 frame(s) since the last report; 1 of them cost an all-intra frame and 0 named a frame older than one already coded intra and cost nothing. Last was frame 4477, dropped by the worker backlog
 INFO [report_frame] nxwarp atlas: 181 frames, avg skip 574 intra 3 coded 3, atlas 181 picture 0, avg worst disp 0.0 q4
 INFO [encode] nxwarp: stream 0 stereo compose 0.000 ms/frame (max 0.000), 0.0% of the 2.8 ms encode
 INFO [encode] nxwarp: stream 0 encoded 181 frames in 2.0 s: 2.8 ms/frame (max 3.9), 568 B/frame at fixed QP 40, paced to 90.0 fps (fixed by configuration), 0 composited frame(s) not sent
 INFO [encode] nxwarp: stream 0 pace diagnostics (mean/min/max; interval 11.111 ms, tolerance 5.556 ms): admitted n181 host 11111.4/9634.9/12393.9 us display 11.111/11.106/11.119 ms; rejected n0
 INFO [encode] nxwarp: stream 0 tile mapping: 181 frame(s) with per-tile spans, 0 with the fixed-chunk fallback ("tile-map": "auto")
 INFO [report_frame] nxwarp atlas: 180 frames, avg skip 574 intra 3 coded 3, atlas 180 picture 0, avg worst disp 0.0 q4
 INFO [encode] nxwarp: stream 0 stereo compose 0.000 ms/frame (max 0.000), 0.0% of the 2.8 ms encode
 INFO [encode] nxwarp: stream 0 encoded 180 frames in 2.0 s: 2.8 ms/frame (max 4.0), 568 B/frame at fixed QP 40, paced to 90.0 fps (fixed by configuration), 0 composited frame(s) not sent
 INFO [encode] nxwarp: stream 0 pace diagnostics (mean/min/max; interval 11.111 ms, tolerance 5.556 ms): admitted n180 host 11113.7/9910.5/12302.1 us display 11.111/11.104/11.116 ms; rejected n0
 INFO [encode] nxwarp: stream 0 tile mapping: 180 frame(s) with per-tile spans, 0 with the fixed-chunk fallback ("tile-map": "auto")
 INFO [report_frame] nxwarp atlas: 181 frames, avg skip 574 intra 3 coded 3, atlas 181 picture 0, avg worst disp 0.0 q4
 INFO [encode] nxwarp: stream 0 stereo compose 0.000 ms/frame (max 0.000), 0.0% of the 2.9 ms encode
 INFO [encode] nxwarp: stream 0 encoded 181 frames in 2.0 s: 2.9 ms/frame (max 4.6), 568 B/frame at fixed QP 40, paced to 90.0 fps (fixed by configuration), 0 composited frame(s) not sent
 INFO [encode] nxwarp: stream 0 pace diagnostics (mean/min/max; interval 11.111 ms, tolerance 5.556 ms): admitted n181 host 11115.6/9691.3/12426.4 us display 11.111/11.103/11.114 ms; rejected n0
 INFO [encode] nxwarp: stream 0 tile mapping: 181 frame(s) with per-tile spans, 0 with the fixed-chunk fallback ("tile-map": "auto")
 INFO [report_frame] nxwarp atlas: 181 frames, avg skip 574 intra 3 coded 3, atlas 181 picture 0, avg worst disp 0.0 q4
 INFO [encode] nxwarp: stream 0 stereo compose 0.000 ms/frame (max 0.000), 0.0% of the 2.9 ms encode
 INFO [encode] nxwarp: stream 0 encoded 181 frames in 2.0 s: 2.9 ms/frame (max 5.2), 568 B/frame at fixed QP 40, paced to 90.0 fps (fixed by configuration), 0 composited frame(s) not sent
 INFO [encode] nxwarp: stream 0 pace diagnostics (mean/min/max; interval 11.111 ms, tolerance 5.556 ms): admitted n181 host 11104.4/9664.4/12579.9 us display 11.111/11.106/11.115 ms; rejected n0
 INFO [encode] nxwarp: stream 0 tile mapping: 181 frame(s) with per-tile spans, 0 with the fixed-chunk fallback ("tile-map": "auto")
 INFO [operator()] Session state changed: XR_SESSION_STATE_VISIBLE
 INFO [operator()] Session state changed: XR_SESSION_STATE_SYNCHRONIZED
 INFO [operator()] Session state changed: XR_SESSION_STATE_STOPPING
 INFO [operator()] Session state changed: XR_SESSION_STATE_IDLE
 INFO [report_frame] nxwarp atlas: 180 frames, avg skip 574 intra 3 coded 3, atlas 180 picture 0, avg worst disp 0.0 q4
 INFO [encode] nxwarp: stream 0 stereo compose 0.000 ms/frame (max 0.000), 0.0% of the 2.8 ms encode
 INFO [encode] nxwarp: stream 0 encoded 180 frames in 2.0 s: 2.8 ms/frame (max 4.9), 568 B/frame at fixed QP 40, paced to 90.0 fps (fixed by configuration), 0 composited frame(s) not sent
 INFO [encode] nxwarp: stream 0 pace diagnostics (mean/min/max; interval 11.111 ms, tolerance 5.556 ms): admitted n180 host 11112.8/9814.7/12315.7 us display 11.111/11.106/11.113 ms; rejected n0
 INFO [encode] nxwarp: stream 0 tile mapping: 180 frame(s) with per-tile spans, 0 with the fixed-chunk fallback ("tile-map": "auto")
 INFO [operator()] Session state changed: XR_SESSION_STATE_READY
 INFO [operator()] user presence changed to false
 INFO [operator()] Session state changed: XR_SESSION_STATE_SYNCHRONIZED
 INFO [operator()] Session state changed: XR_SESSION_STATE_VISIBLE
 INFO [operator()] Session state changed: XR_SESSION_STATE_FOCUSED
 INFO [report_frame] nxwarp atlas: 180 frames, avg skip 574 intra 3 coded 3, atlas 180 picture 0, avg worst disp 0.0 q4
 INFO [encode] nxwarp: stream 0 stereo compose 0.000 ms/frame (max 0.000), 0.0% of the 3.8 ms encode
 INFO [encode] nxwarp: stream 0 encoded 180 frames in 2.0 s: 3.8 ms/frame (max 6.1), 569 B/frame at fixed QP 40, paced to 90.0 fps (fixed by configuration), 0 composited frame(s) not sent
 INFO [encode] nxwarp: stream 0 pace diagnostics (mean/min/max; interval 11.111 ms, tolerance 5.556 ms): admitted n180 host 11109.8/9095.8/13101.2 us display 11.111/11.103/11.119 ms; rejected n0
 INFO [encode] nxwarp: stream 0 tile mapping: 180 frame(s) with per-tile spans, 0 with the fixed-chunk fallback ("tile-map": "auto")
 INFO [report_frame] nxwarp atlas: 180 frames, avg skip 574 intra 3 coded 3, atlas 180 picture 0, avg worst disp 0.0 q4
 INFO [encode] nxwarp: stream 0 stereo compose 0.000 ms/frame (max 0.000), 0.0% of the 4.0 ms encode
 INFO [encode] nxwarp: stream 0 encoded 180 frames in 2.0 s: 4.0 ms/frame (max 5.9), 568 B/frame at fixed QP 40, paced to 90.0 fps (fixed by configuration), 0 composited frame(s) not sent
 INFO [encode] nxwarp: stream 0 pace diagnostics (mean/min/max; interval 11.111 ms, tolerance 5.556 ms): admitted n180 host 11110.7/9521.4/12750.4 us display 11.111/11.103/11.116 ms; rejected n0
 INFO [encode] nxwarp: stream 0 tile mapping: 180 frame(s) with per-tile spans, 0 with the fixed-chunk fallback ("tile-map": "auto")
 INFO [report_frame] nxwarp atlas: 181 frames, avg skip 574 intra 3 coded 3, atlas 181 picture 0, avg worst disp 0.0 q4
 INFO [encode] nxwarp: stream 0 stereo compose 0.000 ms/frame (max 0.000), 0.0% of the 3.9 ms encode
 INFO [encode] nxwarp: stream 0 encoded 181 frames in 2.0 s: 3.9 ms/frame (max 6.0), 568 B/frame at fixed QP 40, paced to 90.0 fps (fixed by configuration), 0 composited frame(s) not sent
 INFO [encode] nxwarp: stream 0 pace diagnostics (mean/min/max; interval 11.111 ms, tolerance 5.556 ms): admitted n181 host 11111.1/9887.9/12394.3 us display 11.111/11.103/11.117 ms; rejected n0
 INFO [encode] nxwarp: stream 0 tile mapping: 181 frame(s) with per-tile spans, 0 with the fixed-chunk fallback ("tile-map": "auto")
 INFO [report_frame] nxwarp atlas: 180 frames, avg skip 574 intra 3 coded 3, atlas 180 picture 0, avg worst disp 0.0 q4
 INFO [encode] nxwarp: stream 0 stereo compose 0.000 ms/frame (max 0.000), 0.0% of the 3.9 ms encode
 INFO [encode] nxwarp: stream 0 encoded 180 frames in 2.0 s: 3.9 ms/frame (max 6.1), 568 B/frame at fixed QP 40, paced to 90.0 fps (fixed by configuration), 0 composited frame(s) not sent
 INFO [encode] nxwarp: stream 0 pace diagnostics (mean/min/max; interval 11.111 ms, tolerance 5.556 ms): admitted n180 host 11111.4/9869.8/12232.7 us display 11.111/11.104/11.113 ms; rejected n0
 INFO [encode] nxwarp: stream 0 tile mapping: 180 frame(s) with per-tile spans, 0 with the fixed-chunk fallback ("tile-map": "auto")
 INFO [report_frame] nxwarp atlas: 181 frames, avg skip 574 intra 3 coded 3, atlas 181 picture 0, avg worst disp 0.0 q4
 INFO [encode] nxwarp: stream 0 stereo compose 0.000 ms/frame (max 0.000), 0.0% of the 4.1 ms encode
 INFO [encode] nxwarp: stream 0 encoded 181 frames in 2.0 s: 4.1 ms/frame (max 6.5), 568 B/frame at fixed QP 40, paced to 90.0 fps (fixed by configuration), 0 composited frame(s) not sent
 INFO [encode] nxwarp: stream 0 pace diagnostics (mean/min/max; interval 11.111 ms, tolerance 5.556 ms): admitted n181 host 11112.2/9971.2/12492.0 us display 11.111/11.100/11.112 ms; rejected n0
 INFO [encode] nxwarp: stream 0 tile mapping: 181 frame(s) with per-tile spans, 0 with the fixed-chunk fallback ("tile-map": "auto")
 INFO [operator()] Session state changed: XR_SESSION_STATE_VISIBLE
 INFO [operator()] Session state changed: XR_SESSION_STATE_SYNCHRONIZED
 INFO [operator()] Session state changed: XR_SESSION_STATE_STOPPING
 INFO [operator()] Session state changed: XR_SESSION_STATE_IDLE
 INFO [report_frame] nxwarp atlas: 181 frames, avg skip 574 intra 3 coded 3, atlas 181 picture 0, avg worst disp 0.0 q4
 INFO [encode] nxwarp: stream 0 stereo compose 0.000 ms/frame (max 0.000), 0.0% of the 4.0 ms encode
 INFO [encode] nxwarp: stream 0 encoded 181 frames in 2.0 s: 4.0 ms/frame (max 6.1), 569 B/frame at fixed QP 40, paced to 90.0 fps (fixed by configuration), 0 composited frame(s) not sent
 INFO [encode] nxwarp: stream 0 pace diagnostics (mean/min/max; interval 11.111 ms, tolerance 5.556 ms): admitted n181 host 11110.8/10025.0/12244.9 us display 11.111/11.095/11.114 ms; rejected n0
 INFO [encode] nxwarp: stream 0 tile mapping: 181 frame(s) with per-tile spans, 0 with the fixed-chunk fallback ("tile-map": "auto")
 INFO [operator()] Session state changed: XR_SESSION_STATE_READY
 INFO [operator()] user presence changed to false
 INFO [operator()] Session state changed: XR_SESSION_STATE_SYNCHRONIZED
 INFO [operator()] Session state changed: XR_SESSION_STATE_VISIBLE
 INFO [operator()] Session state changed: XR_SESSION_STATE_FOCUSED
 INFO [report_frame] nxwarp atlas: 181 frames, avg skip 574 intra 3 coded 3, atlas 181 picture 0, avg worst disp 0.0 q4
 INFO [encode] nxwarp: stream 0 stereo compose 0.000 ms/frame (max 0.000), 0.0% of the 3.9 ms encode
 INFO [encode] nxwarp: stream 0 encoded 181 frames in 2.0 s: 3.9 ms/frame (max 6.0), 570 B/frame at fixed QP 40, paced to 90.0 fps (fixed by configuration), 0 composited frame(s) not sent
 INFO [encode] nxwarp: stream 0 pace diagnostics (mean/min/max; interval 11.111 ms, tolerance 5.556 ms): admitted n181 host 11111.7/9159.7/13080.3 us display 11.111/11.104/11.113 ms; rejected n0
 INFO [encode] nxwarp: stream 0 tile mapping: 181 frame(s) with per-tile spans, 0 with the fixed-chunk fallback ("tile-map": "auto")
 INFO [report_frame] nxwarp atlas: 181 frames, avg skip 574 intra 3 coded 3, atlas 181 picture 0, avg worst disp 0.0 q4
 INFO [encode] nxwarp: stream 0 stereo compose 0.000 ms/frame (max 0.000), 0.0% of the 4.0 ms encode
 INFO [encode] nxwarp: stream 0 encoded 181 frames in 2.0 s: 4.0 ms/frame (max 5.8), 568 B/frame at fixed QP 40, paced to 90.0 fps (fixed by configuration), 0 composited frame(s) not sent
 INFO [encode] nxwarp: stream 0 pace diagnostics (mean/min/max; interval 11.111 ms, tolerance 5.556 ms): admitted n181 host 11109.5/10009.3/12265.6 us display 11.111/11.107/11.114 ms; rejected n0
 INFO [encode] nxwarp: stream 0 tile mapping: 181 frame(s) with per-tile spans, 0 with the fixed-chunk fallback ("tile-map": "auto")
 INFO [report_frame] nxwarp atlas: 181 frames, avg skip 574 intra 3 coded 3, atlas 181 picture 0, avg worst disp 0.0 q4
 INFO [encode] nxwarp: stream 0 stereo compose 0.000 ms/frame (max 0.000), 0.0% of the 3.9 ms encode
 INFO [encode] nxwarp: stream 0 encoded 181 frames in 2.0 s: 3.9 ms/frame (max 6.1), 568 B/frame at fixed QP 40, paced to 90.0 fps (fixed by configuration), 0 composited frame(s) not sent
 INFO [encode] nxwarp: stream 0 pace diagnostics (mean/min/max; interval 11.111 ms, tolerance 5.556 ms): admitted n181 host 11111.7/9846.8/12486.6 us display 11.111/11.104/11.113 ms; rejected n0
 INFO [encode] nxwarp: stream 0 tile mapping: 181 frame(s) with per-tile spans, 0 with the fixed-chunk fallback ("tile-map": "auto")
 INFO [report_frame] nxwarp atlas: 180 frames, avg skip 574 intra 3 coded 3, atlas 180 picture 0, avg worst disp 0.0 q4
 INFO [encode] nxwarp: stream 0 stereo compose 0.000 ms/frame (max 0.000), 0.0% of the 3.8 ms encode
 INFO [encode] nxwarp: stream 0 encoded 180 frames in 2.0 s: 3.8 ms/frame (max 5.6), 568 B/frame at fixed QP 40, paced to 90.0 fps (fixed by configuration), 0 composited frame(s) not sent
 INFO [encode] nxwarp: stream 0 pace diagnostics (mean/min/max; interval 11.111 ms, tolerance 5.556 ms): admitted n180 host 11110.4/9927.6/12120.4 us display 11.111/11.107/11.119 ms; rejected n0
 INFO [encode] nxwarp: stream 0 tile mapping: 180 frame(s) with per-tile spans, 0 with the fixed-chunk fallback ("tile-map": "auto")
 INFO [report_frame] nxwarp atlas: 180 frames, avg skip 574 intra 3 coded 3, atlas 180 picture 0, avg worst disp 0.0 q4
 INFO [encode] nxwarp: stream 0 stereo compose 0.000 ms/frame (max 0.000), 0.0% of the 3.7 ms encode
 INFO [encode] nxwarp: stream 0 encoded 180 frames in 2.0 s: 3.7 ms/frame (max 6.3), 568 B/frame at fixed QP 40, paced to 90.0 fps (fixed by configuration), 0 composited frame(s) not sent
 INFO [encode] nxwarp: stream 0 pace diagnostics (mean/min/max; interval 11.111 ms, tolerance 5.556 ms): admitted n180 host 11111.3/9095.8/12618.7 us display 11.111/11.108/11.114 ms; rejected n0
 INFO [encode] nxwarp: stream 0 tile mapping: 180 frame(s) with per-tile spans, 0 with the fixed-chunk fallback ("tile-map": "auto")
 INFO [operator()] Session state changed: XR_SESSION_STATE_VISIBLE
 INFO [operator()] Session state changed: XR_SESSION_STATE_SYNCHRONIZED
 INFO [operator()] Session state changed: XR_SESSION_STATE_STOPPING
 INFO [operator()] Session state changed: XR_SESSION_STATE_IDLE
 INFO [report_frame] nxwarp atlas: 181 frames, avg skip 574 intra 3 coded 3, atlas 181 picture 0, avg worst disp 0.6 q4
 INFO [encode] nxwarp: stream 0 stereo compose 0.000 ms/frame (max 0.000), 0.0% of the 3.8 ms encode
 INFO [encode] nxwarp: stream 0 encoded 181 frames in 2.0 s: 3.8 ms/frame (max 6.9), 569 B/frame at fixed QP 40, paced to 90.0 fps (fixed by configuration), 0 composited frame(s) not sent
 INFO [encode] nxwarp: stream 0 pace diagnostics (mean/min/max; interval 11.111 ms, tolerance 5.556 ms): admitted n181 host 11111.5/8682.2/12789.9 us display 11.111/11.104/11.126 ms; rejected n0
 INFO [encode] nxwarp: stream 0 tile mapping: 181 frame(s) with per-tile spans, 0 with the fixed-chunk fallback ("tile-map": "auto")
 INFO [operator()] Session state changed: XR_SESSION_STATE_READY
 INFO [operator()] user presence changed to false
 INFO [operator()] Session state changed: XR_SESSION_STATE_SYNCHRONIZED
 INFO [operator()] Session state changed: XR_SESSION_STATE_VISIBLE
 INFO [operator()] Session state changed: XR_SESSION_STATE_FOCUSED
 INFO [report_frame] nxwarp atlas: 180 frames, avg skip 574 intra 3 coded 3, atlas 180 picture 0, avg worst disp 7.4 q4
 INFO [encode] nxwarp: stream 0 stereo compose 0.000 ms/frame (max 0.000), 0.0% of the 3.7 ms encode
 INFO [encode] nxwarp: stream 0 encoded 180 frames in 2.0 s: 3.7 ms/frame (max 7.7), 569 B/frame at fixed QP 40, paced to 90.0 fps (fixed by configuration), 0 composited frame(s) not sent
 INFO [encode] nxwarp: stream 0 pace diagnostics (mean/min/max; interval 11.111 ms, tolerance 5.556 ms): admitted n180 host 11111.3/9314.2/12999.7 us display 11.111/11.103/11.122 ms; rejected n0
 INFO [encode] nxwarp: stream 0 tile mapping: 180 frame(s) with per-tile spans, 0 with the fixed-chunk fallback ("tile-map": "auto")
 INFO [report_frame] nxwarp atlas: 180 frames, avg skip 574 intra 3 coded 3, atlas 180 picture 0, avg worst disp 2.3 q4
 INFO [encode] nxwarp: stream 0 stereo compose 0.000 ms/frame (max 0.000), 0.0% of the 3.7 ms encode
 INFO [encode] nxwarp: stream 0 encoded 180 frames in 2.0 s: 3.7 ms/frame (max 6.2), 568 B/frame at fixed QP 40, paced to 90.0 fps (fixed by configuration), 0 composited frame(s) not sent
 INFO [encode] nxwarp: stream 0 pace diagnostics (mean/min/max; interval 11.111 ms, tolerance 5.556 ms): admitted n180 host 11113.3/9883.6/12307.7 us display 11.111/11.105/11.113 ms; rejected n0
 INFO [encode] nxwarp: stream 0 tile mapping: 180 frame(s) with per-tile spans, 0 with the fixed-chunk fallback ("tile-map": "auto")
 INFO [report_frame] nxwarp atlas: 180 frames, avg skip 574 intra 3 coded 3, atlas 180 picture 0, avg worst disp 0.0 q4
 INFO [encode] nxwarp: stream 0 stereo compose 0.000 ms/frame (max 0.000), 0.0% of the 3.7 ms encode
 INFO [encode] nxwarp: stream 0 encoded 180 frames in 2.0 s: 3.7 ms/frame (max 6.0), 568 B/frame at fixed QP 40, paced to 90.0 fps (fixed by configuration), 0 composited frame(s) not sent
 INFO [encode] nxwarp: stream 0 pace diagnostics (mean/min/max; interval 11.111 ms, tolerance 5.556 ms): admitted n180 host 11110.0/9975.0/12362.1 us display 11.111/11.105/11.112 ms; rejected n0
 INFO [encode] nxwarp: stream 0 tile mapping: 180 frame(s) with per-tile spans, 0 with the fixed-chunk fallback ("tile-map": "auto")
 INFO [report_frame] nxwarp atlas: 181 frames, avg skip 574 intra 3 coded 3, atlas 181 picture 0, avg worst disp 0.0 q4
 INFO [encode] nxwarp: stream 0 stereo compose 0.000 ms/frame (max 0.000), 0.0% of the 3.7 ms encode
 INFO [encode] nxwarp: stream 0 encoded 181 frames in 2.0 s: 3.7 ms/frame (max 6.2), 568 B/frame at fixed QP 40, paced to 90.0 fps (fixed by configuration), 0 composited frame(s) not sent
 INFO [encode] nxwarp: stream 0 pace diagnostics (mean/min/max; interval 11.111 ms, tolerance 5.556 ms): admitted n181 host 11115.2/10013.8/12126.5 us display 11.111/11.106/11.112 ms; rejected n0
 INFO [encode] nxwarp: stream 0 tile mapping: 181 frame(s) with per-tile spans, 0 with the fixed-chunk fallback ("tile-map": "auto")
 INFO [report_frame] nxwarp atlas: 181 frames, avg skip 574 intra 3 coded 3, atlas 181 picture 0, avg worst disp 0.0 q4
 INFO [encode] nxwarp: stream 0 stereo compose 0.000 ms/frame (max 0.000), 0.0% of the 3.6 ms encode
 INFO [encode] nxwarp: stream 0 encoded 181 frames in 2.0 s: 3.6 ms/frame (max 6.0), 568 B/frame at fixed QP 40, paced to 90.0 fps (fixed by configuration), 0 composited frame(s) not sent
 INFO [encode] nxwarp: stream 0 pace diagnostics (mean/min/max; interval 11.111 ms, tolerance 5.556 ms): admitted n181 host 11105.5/9967.5/12206.4 us display 11.111/11.097/11.113 ms; rejected n0
 INFO [encode] nxwarp: stream 0 tile mapping: 181 frame(s) with per-tile spans, 0 with the fixed-chunk fallback ("tile-map": "auto")
 INFO [report_frame] nxwarp atlas: 181 frames, avg skip 574 intra 3 coded 3, atlas 181 picture 0, avg worst disp 0.0 q4
 INFO [encode] nxwarp: stream 0 stereo compose 0.000 ms/frame (max 0.000), 0.0% of the 2.7 ms encode
 INFO [encode] nxwarp: stream 0 encoded 181 frames in 2.0 s: 2.7 ms/frame (max 4.5), 568 B/frame at fixed QP 40, paced to 90.0 fps (fixed by configuration), 0 composited frame(s) not sent
 INFO [encode] nxwarp: stream 0 pace diagnostics (mean/min/max; interval 11.111 ms, tolerance 5.556 ms): admitted n181 host 11113.2/9871.1/12484.8 us display 11.111/11.098/11.114 ms; rejected n0
 INFO [encode] nxwarp: stream 0 tile mapping: 181 frame(s) with per-tile spans, 0 with the fixed-chunk fallback ("tile-map": "auto")
 INFO [operator()] Session state changed: XR_SESSION_STATE_VISIBLE
 INFO [operator()] Session state changed: XR_SESSION_STATE_SYNCHRONIZED
 INFO [operator()] Session state changed: XR_SESSION_STATE_STOPPING
 INFO [operator()] Session state changed: XR_SESSION_STATE_IDLE
 INFO [report_frame] nxwarp atlas: 181 frames, avg skip 574 intra 3 coded 3, atlas 181 picture 0, avg worst disp 0.6 q4
 INFO [encode] nxwarp: stream 0 stereo compose 0.000 ms/frame (max 0.000), 0.0% of the 2.7 ms encode
 INFO [encode] nxwarp: stream 0 encoded 181 frames in 2.0 s: 2.7 ms/frame (max 5.4), 569 B/frame at fixed QP 40, paced to 90.0 fps (fixed by configuration), 0 composited frame(s) not sent
 INFO [encode] nxwarp: stream 0 pace diagnostics (mean/min/max; interval 11.111 ms, tolerance 5.556 ms): admitted n181 host 11108.4/9879.1/12467.7 us display 11.111/11.107/11.118 ms; rejected n0
 INFO [encode] nxwarp: stream 0 tile mapping: 181 frame(s) with per-tile spans, 0 with the fixed-chunk fallback ("tile-map": "auto")
 INFO [operator()] Session state changed: XR_SESSION_STATE_READY
 INFO [operator()] user presence changed to false
 INFO [operator()] Session state changed: XR_SESSION_STATE_SYNCHRONIZED
 INFO [operator()] Session state changed: XR_SESSION_STATE_VISIBLE
 INFO [operator()] Session state changed: XR_SESSION_STATE_FOCUSED
 INFO [report_frame] nxwarp atlas: 181 frames, avg skip 574 intra 3 coded 3, atlas 181 picture 0, avg worst disp 8.5 q4
 INFO [encode] nxwarp: stream 0 stereo compose 0.000 ms/frame (max 0.000), 0.0% of the 2.6 ms encode
 INFO [encode] nxwarp: stream 0 encoded 181 frames in 2.0 s: 2.6 ms/frame (max 4.1), 570 B/frame at fixed QP 40, paced to 90.0 fps (fixed by configuration), 0 composited frame(s) not sent
 INFO [encode] nxwarp: stream 0 pace diagnostics (mean/min/max; interval 11.111 ms, tolerance 5.556 ms): admitted n181 host 11111.3/9866.4/12262.9 us display 11.111/11.104/11.115 ms; rejected n0
 INFO [encode] nxwarp: stream 0 tile mapping: 181 frame(s) with per-tile spans, 0 with the fixed-chunk fallback ("tile-map": "auto")
 INFO [ipc_server_mainloop_poll] Got shutdown signal, shutting down.
Terminated
No longer listening for secondary paths
 WARN [on_control_send_error] Primary control socket failed: Broken pipe
